Archive member included because of file (symbol)

lib/STM32F10x_StdPeriph_Driver/libstm32fw.a(misc.o)
                              interrupts.o (NVIC_PriorityGroupConfig)
lib/STM32F10x_StdPeriph_Driver/libstm32fw.a(stm32f10x_bkp.o)
                              Util/Fatfs/rtc.o (BKP_WriteBackupRegister)
lib/STM32F10x_StdPeriph_Driver/libstm32fw.a(stm32f10x_dma.o)
                              dma.o (DMA_DeInit)
lib/STM32F10x_StdPeriph_Driver/libstm32fw.a(stm32f10x_exti.o)
                              interrupts.o (EXTI_Init)
lib/STM32F10x_StdPeriph_Driver/libstm32fw.a(stm32f10x_gpio.o)
                              Util/Fatfs/sd_spi_stm32.o (GPIO_Init)
lib/STM32F10x_StdPeriph_Driver/libstm32fw.a(stm32f10x_i2c.o)
                              i2c.o (I2C_Cmd)
lib/STM32F10x_StdPeriph_Driver/libstm32fw.a(stm32f10x_pwr.o)
                              Util/Fatfs/rtc.o (PWR_BackupAccessCmd)
lib/STM32F10x_StdPeriph_Driver/libstm32fw.a(stm32f10x_rcc.o)
                              Util/Fatfs/rtc.o (RCC_LSEConfig)
lib/STM32F10x_StdPeriph_Driver/libstm32fw.a(stm32f10x_rtc.o)
                              Util/Fatfs/rtc.o (RTC_GetCounter)
lib/STM32F10x_StdPeriph_Driver/libstm32fw.a(stm32f10x_spi.o)
                              Util/Fatfs/sd_spi_stm32.o (SPI_Init)
lib/STM32F10x_StdPeriph_Driver/libstm32fw.a(stm32f10x_tim.o)
                              pwm.o (TIM_TimeBaseInit)
lib/STM32F10x_StdPeriph_Driver/libstm32fw.a(stm32f10x_usart.o)
                              usart.o (USART_Cmd)
/home/laurence/CodeSourcery/Sourcery_G++_Lite/bin/../lib/gcc/arm-none-eabi/4.4.1/../../../../arm-none-eabi/lib/thumb2/libm.a(lib_a-s_cos.o)
                              Sensors/earth_field.o (cos)
/home/laurence/CodeSourcery/Sourcery_G++_Lite/bin/../lib/gcc/arm-none-eabi/4.4.1/../../../../arm-none-eabi/lib/thumb2/libm.a(lib_a-s_sin.o)
                              Sensors/earth_field.o (sin)
/home/laurence/CodeSourcery/Sourcery_G++_Lite/bin/../lib/gcc/arm-none-eabi/4.4.1/../../../../arm-none-eabi/lib/thumb2/libm.a(lib_a-w_asin.o)
                              Sensors/earth_field.o (asin)
/home/laurence/CodeSourcery/Sourcery_G++_Lite/bin/../lib/gcc/arm-none-eabi/4.4.1/../../../../arm-none-eabi/lib/thumb2/libm.a(lib_a-w_atan2.o)
                              Sensors/earth_field.o (atan2)
/home/laurence/CodeSourcery/Sourcery_G++_Lite/bin/../lib/gcc/arm-none-eabi/4.4.1/../../../../arm-none-eabi/lib/thumb2/libm.a(lib_a-w_pow.o)
                              Sensors/bmp085.o (pow)
/home/laurence/CodeSourcery/Sourcery_G++_Lite/bin/../lib/gcc/arm-none-eabi/4.4.1/../../../../arm-none-eabi/lib/thumb2/libm.a(lib_a-w_sqrt.o)
                              Sensors/earth_field.o (sqrt)
/home/laurence/CodeSourcery/Sourcery_G++_Lite/bin/../lib/gcc/arm-none-eabi/4.4.1/../../../../arm-none-eabi/lib/thumb2/libm.a(lib_a-e_asin.o)
                              /home/laurence/CodeSourcery/Sourcery_G++_Lite/bin/../lib/gcc/arm-none-eabi/4.4.1/../../../../arm-none-eabi/lib/thumb2/libm.a(lib_a-w_asin.o) (__ieee754_asin)
/home/laurence/CodeSourcery/Sourcery_G++_Lite/bin/../lib/gcc/arm-none-eabi/4.4.1/../../../../arm-none-eabi/lib/thumb2/libm.a(lib_a-e_atan2.o)
                              /home/laurence/CodeSourcery/Sourcery_G++_Lite/bin/../lib/gcc/arm-none-eabi/4.4.1/../../../../arm-none-eabi/lib/thumb2/libm.a(lib_a-w_atan2.o) (__ieee754_atan2)
/home/laurence/CodeSourcery/Sourcery_G++_Lite/bin/../lib/gcc/arm-none-eabi/4.4.1/../../../../arm-none-eabi/lib/thumb2/libm.a(lib_a-e_pow.o)
                              /home/laurence/CodeSourcery/Sourcery_G++_Lite/bin/../lib/gcc/arm-none-eabi/4.4.1/../../../../arm-none-eabi/lib/thumb2/libm.a(lib_a-w_pow.o) (__ieee754_pow)
/home/laurence/CodeSourcery/Sourcery_G++_Lite/bin/../lib/gcc/arm-none-eabi/4.4.1/../../../../arm-none-eabi/lib/thumb2/libm.a(lib_a-e_rem_pio2.o)
                              /home/laurence/CodeSourcery/Sourcery_G++_Lite/bin/../lib/gcc/arm-none-eabi/4.4.1/../../../../arm-none-eabi/lib/thumb2/libm.a(lib_a-s_cos.o) (__ieee754_rem_pio2)
/home/laurence/CodeSourcery/Sourcery_G++_Lite/bin/../lib/gcc/arm-none-eabi/4.4.1/../../../../arm-none-eabi/lib/thumb2/libm.a(lib_a-e_sqrt.o)
                              /home/laurence/CodeSourcery/Sourcery_G++_Lite/bin/../lib/gcc/arm-none-eabi/4.4.1/../../../../arm-none-eabi/lib/thumb2/libm.a(lib_a-w_sqrt.o) (__ieee754_sqrt)
/home/laurence/CodeSourcery/Sourcery_G++_Lite/bin/../lib/gcc/arm-none-eabi/4.4.1/../../../../arm-none-eabi/lib/thumb2/libm.a(lib_a-k_cos.o)
                              /home/laurence/CodeSourcery/Sourcery_G++_Lite/bin/../lib/gcc/arm-none-eabi/4.4.1/../../../../arm-none-eabi/lib/thumb2/libm.a(lib_a-s_cos.o) (__kernel_cos)
/home/laurence/CodeSourcery/Sourcery_G++_Lite/bin/../lib/gcc/arm-none-eabi/4.4.1/../../../../arm-none-eabi/lib/thumb2/libm.a(lib_a-k_rem_pio2.o)
[...]
Memory Configuration

Name             Origin             Length             Attributes
ram              0x20000000         0x00005000         xrw
rom              0x08000000         0x00020000         xr
*default*        0x00000000         0xffffffff

Linker script and memory map

LOAD /home/laurence/CodeSourcery/Sourcery_G++_Lite/bin/../lib/gcc/arm-none-eabi/4.4.1/thumb2/crti.o
LOAD /home/laurence/CodeSourcery/Sourcery_G++_Lite/bin/../lib/gcc/arm-none-eabi/4.4.1/thumb2/crtbegin.o
LOAD Sensors/bmp085.o
LOAD Sensors/earth_field.o
LOAD Sensors/pitot.o
LOAD Sensors/ubx.o
LOAD Util/Fatfs/fattime.o
LOAD Util/Fatfs/ff.o
LOAD Util/Fatfs/rtc.o
LOAD Util/Fatfs/sd_spi_stm32.o
LOAD Util/atmospherics.o
LOAD Util/coords.o
LOAD Util/delay.o
LOAD Util/rprintf.o
LOAD Util/time.o
LOAD dma.o
LOAD gpio.o
LOAD i2c.o
LOAD interrupts.o
LOAD lib/CMSIS_CM3/core_cm3.o
LOAD lib/CMSIS_CM3/startup/gcc/startup_stm32f10x_md.o
LOAD lib/CMSIS_CM3/system_stm32f10x.o
LOAD main.o
LOAD pwm.o
LOAD usart.o
LOAD Control/ekf.o
LOAD Control/imu.o
LOAD Control/loops.o
LOAD Control/sensorcal.o
LOAD Control/servos.o
LOAD lib/STM32F10x_StdPeriph_Driver/libstm32fw.a
LOAD lib/STM32_USB-FS-Device_Driver/libstm32usb.a
LOAD /home/laurence/CodeSourcery/Sourcery_G++_Lite/bin/../lib/gcc/arm-none-eabi/4.4.1/../../../../arm-none-eabi/lib/thumb2/libm.a
START GROUP
LOAD /home/laurence/CodeSourcery/Sourcery_G++_Lite/bin/../lib/gcc/arm-none-eabi/4.4.1/thumb2/libgcc.a
LOAD /home/laurence/CodeSourcery/Sourcery_G++_Lite/bin/../lib/gcc/arm-none-eabi/4.4.1/../../../../arm-none-eabi/lib/thumb2/libc.a
END GROUP
LOAD /home/laurence/CodeSourcery/Sourcery_G++_Lite/bin/../lib/gcc/arm-none-eabi/4.4.1/thumb2/crtend.o
LOAD /home/laurence/CodeSourcery/Sourcery_G++_Lite/bin/../lib/gcc/arm-none-eabi/4.4.1/thumb2/crtn.o
START GROUP
LOAD /home/laurence/CodeSourcery/Sourcery_G++_Lite/bin/../lib/gcc/arm-none-eabi/4.4.1/thumb2/libgcc.a
LOAD /home/laurence/CodeSourcery/Sourcery_G++_Lite/bin/../lib/gcc/arm-none-eabi/4.4.1/../../../../arm-none-eabi/lib/thumb2/libc.a
LOAD /home/laurence/CodeSourcery/Sourcery_G++_Lite/bin/../lib/gcc/arm-none-eabi/4.4.1/../../../../arm-none-eabi/lib/thumb2/libcs3.a
LOAD /home/laurence/CodeSourcery/Sourcery_G++_Lite/bin/../lib/gcc/arm-none-eabi/4.4.1/../../../../arm-none-eabi/lib/thumb2/libcs3unhosted.a
LOAD lib/libcs3-lanchon-stm32.a
END GROUP
                0x20005000                PROVIDE (__cs3_stack, (__cs3_region_start_ram + __cs3_region_size_ram))
                0x20001728                PROVIDE (__cs3_heap_start, _end)
                0x20005000                PROVIDE (__cs3_heap_end, (__cs3_region_start_ram + __cs3_region_size_ram))

.text           0x08000000    0x178b8
 CREATE_OBJECT_SYMBOLS
                0x08000000                __cs3_region_start_rom = .
 *(.cs3.region-head.rom)
                0x08000000                __cs3_interrupt_vector = __cs3_interrupt_vector_lanchon_stm32
 *(.cs3.interrupt_vector)
 .cs3.interrupt_vector
                0x08000000       0xec lib/libcs3-lanchon-stm32.a(lanchon-stm32-vector.o)
                0x08000000                __cs3_interrupt_vector_lanchon_stm32
                0x08000001                ASSERT ((. != __cs3_interrupt_vector_lanchon_stm32), No interrupt vector)
 *(.rom)
 *(.rom.b)
                0x08016718                PROVIDE (__cs3_reset_lanchon_stm32, _start)
                0x08016718                __cs3_reset = __cs3_reset_lanchon_stm32
 *(.cs3.reset)
 *(.text .text.* .gnu.linkonce.t.*)
 .text          0x080000ec       0x30 /home/laurence/CodeSourcery/Sourcery_G++_Lite/bin/../lib/gcc/arm-none-eabi/4.4.1/thumb2/crtbegin.o
 *fill*         0x0800011c        0x4 00
 .text          0x08000120      0x230 Sensors/bmp085.o
                0x08000120                Bmp085_Convert
                0x080001d8                Baro_Convert_Pressure
                0x08000228                Baro_Setup_Temperature
                0x08000248                Baro_Setup_Pressure
                0x08000268                Baro_Read_Full_ADC
                0x08000292                bmp085ReadShort
                0x080002ae                Baro_Read_ADC
                0x080002b4                Bmp085_ReadConfig
 .text          0x08000350     0x1920 Sensors/earth_field.o
                0x08000350                WMM_CalculateSecularVariation
                0x08000458                WMM_get_secular_var_coeff_g
                0x08000470                WMM_get_main_field_coeff_g
                0x0800050c                WMM_get_secular_var_coeff_h
                0x08000524                WMM_get_main_field_coeff_h
                0x080005b8                WMM_DateToYear
                0x080005f4                WMM_RotateMagneticVector
                0x080006b0                WMM_ComputeSphericalHarmonicVariables
                0x08000784                WMM_GeodeticToSpherical
                0x080008e8                WMM_SecVarSummationSpecial
                0x08000a84                WMM_SecVarSummation
                0x08000c84                WMM_SummationSpecial
                0x08000e24                WMM_Summation
                0x08001024                WMM_PcupLow
                0x08001370                WMM_PcupHigh
                0x08001816                WMM_AssociatedLegendreFunction
                0x080018a4                WMM_CalculateGeoMagneticElements
                0x08001968                WMM_Geomag
                0x08001a60                WMM_Initialize
                0x08001ad8                WMM_GetMagVector
 .text          0x08001c70       0xc0 Sensors/pitot.o
                0x08001c70                Pitot_Conv
                0x08001c86                Pitot_convert_Airspeed
                0x08001cd8                Pitot_Read_Conv
                0x08001d00                Pitot_Set_Temp_Conv
                0x08001d18                Pitot_Set_Press_Conv
 .text          0x08001d30      0x31c Sensors/ubx.o
                0x08001d30                Gps_Process_Byte
                0x08001e9c                Get_UBX_Ack
                0x08001f48                Config_Gps
 .text          0x0800204c       0x42 Util/Fatfs/fattime.o
                0x0800204c                get_fattime
 *fill*         0x0800208e        0x2 00
 .text          0x08002090     0x1a54 Util/Fatfs/ff.o
                0x080020b6                clust2sect
                0x08002166                f_mount
                0x080025a4                put_fat
                0x080026a2                get_fat
                0x080028f2                f_truncate
                0x08002b58                f_readdir
                0x08002ba6                f_getfree
                0x08002c86                f_lseek
                0x08002dd8                f_write
                0x08002f8a                f_read
                0x080031b4                f_sync
                0x0800326a                f_close
                0x08003478                f_stat
                0x080034ba                f_opendir
                0x08003528                f_rename
                0x0800364e                f_utime
                0x080036b0                f_chmod
                0x0800370c                f_unlink
                0x080037d4                f_mkdir
                0x08003986                f_open
 .text          0x08003ae4      0x2e4 Util/Fatfs/rtc.o
                0x08003bc0                my_RTC_SetCounter
                0x08003be2                rtc_settime
                0x08003cb4                rtc_init
                0x08003d4e                rtc_gettime
 .text          0x08003dc8      0x7cc Util/Fatfs/sd_spi_stm32.o
                0x08003df0                disk_status
                0x08003e00                disk_timerproc
                0x08004080                disk_initialize
                0x08004204                disk_ioctl
                0x08004408                disk_read
                0x080044e8                disk_write
 *fill*         0x08004594        0x4 00
 .text          0x08004598       0xd8 Util/atmospherics.o
                0x08004598                US_1976_Temperature
                0x0800462c                Air_Density
 .text          0x08004670      0x630 Util/coords.o
                0x08004670                CrossProduct
                0x080046ce                quat_inverse
                0x080046ea                quat_copy
                0x08004700                quat_mult
                0x0800480a                rot_mult
                0x080048aa                VectorMagnitude
                0x080048ec                RotFrom2Vectors
                0x08004ab8                R2Quaternion
 .text          0x08004ca0       0x16 Util/delay.o
                0x08004ca0                Delay
 *fill*         0x08004cb6        0x2 00
 .text          0x08004cb8      0x57c Util/rprintf.o
                0x08004cb8                rprintfInit
                0x08004cc4                rprintfChar
                0x08004ce4                rprintfStr
                0x08004cfc                rprintfStrLen
                0x08004d32                rprintfCRLF
                0x08004d36                rprintfu04
                0x08004d40                rprintfu08
                0x08004d52                rprintfu16
                0x08004d64                rprintfu32
                0x08004d76                rprintfNum
                0x08004e2c                rprintfFloat
                0x08004ee4                Isdigit
                0x08004ef2                atoiRamRom
                0x08004f18                rStrLen
                0x08004f28                rprintf2RamRom
 .text          0x08005234       0x20 Util/time.o
                0x08005234                Set_RTC_From_GPS
 .text          0x08005254       0xd8 dma.o
                0x08005254                Pop_From_Buffer
                0x08005270                Bytes_In_Buffer
                0x0800529c                Get_From_Buffer
                0x080052d0                Flush_Buffer
                0x080052e2                DMA_Configuration
 .text          0x0800532c      0x1e0 gpio.o
                0x0800532c                Get_MEMS_DRDY
                0x08005354                MEMS_Status_Configuration
                0x08005390                Aux_Devices_Configuration
                0x080053ec                SPI_Control_Configuration
                0x08005454                GPS_IO_Configuration
                0x080054a0                GPIO_Config_AF_Periferals
                0x080054f4                All_IO_Configuration
 .text          0x0800550c      0x464 i2c.o
                0x0800550c                Flipbytes
                0x08005516                I2C_Conf
                0x080055e4                Gyr_Init
                0x0800561c                Acc_Init
                0x08005638                Mag_Init
                0x08005654                I2C_Read
                0x080058bc                Gyr_Stat
                0x080058d6                Gyr_Read
                0x080058fc                Mag_Read
                0x08005922                I2C_Config
 .text          0x08005970       0x84 interrupts.o
                0x08005970                NMI_Handler
                0x08005972                HardFault_Handler
                0x08005974                MemManage_Handler
                0x08005976                BusFault_Handler
                0x08005978                UsageFault_Handler
                0x0800597a                SVC_Handler
                0x0800597c                DebugMon_Handler
                0x0800597e                PendSV_Handler
                0x08005980                SysTick_Handler
                0x08005982                EXTI9_5_IRQHandler
                0x0800599c                EXTI6_Config
 .text.Default_Handler
                0x080059f4        0x2 lib/CMSIS_CM3/startup/gcc/startup_stm32f10x_md.o
                0x080059f4                EXTI2_IRQHandler
                0x080059f4                TIM1_CC_IRQHandler
                0x080059f4                PVD_IRQHandler
                0x080059f4                EXTI3_IRQHandler
                0x080059f4                EXTI0_IRQHandler
                0x080059f4                I2C2_EV_IRQHandler
                0x080059f4                ADC1_2_IRQHandler
                0x080059f4                SPI1_IRQHandler
                0x080059f4                TAMPER_IRQHandler
                0x080059f4                DMA1_Channel4_IRQHandler
                0x080059f4                USART3_IRQHandler
                0x080059f4                RTC_IRQHandler
                0x080059f4                DMA1_Channel7_IRQHandler
                0x080059f4                CAN1_RX1_IRQHandler
                0x080059f4                TIM4_IRQHandler
                0x080059f4                I2C1_EV_IRQHandler
                0x080059f4                DMA1_Channel6_IRQHandler
                0x080059f4                TIM3_IRQHandler
                0x080059f4                RCC_IRQHandler
                0x080059f4                TIM1_TRG_COM_IRQHandler
                0x080059f4                DMA1_Channel1_IRQHandler
                0x080059f4                Default_Handler
                0x080059f4                EXTI15_10_IRQHandler
                0x080059f4                SPI2_IRQHandler
                0x080059f4                DMA1_Channel5_IRQHandler
                0x080059f4                EXTI4_IRQHandler
                0x080059f4                USB_LP_CAN1_RX0_IRQHandler
                0x080059f4                USB_HP_CAN1_TX_IRQHandler
                0x080059f4                DMA1_Channel3_IRQHandler
                0x080059f4                TIM1_UP_IRQHandler
                0x080059f4                WWDG_IRQHandler
                0x080059f4                TIM2_IRQHandler
                0x080059f4                TIM1_BRK_IRQHandler
                0x080059f4                EXTI1_IRQHandler
                0x080059f4                RTCAlarm_IRQHandler
                0x080059f4                USART2_IRQHandler
                0x080059f4                I2C2_ER_IRQHandler
                0x080059f4                DMA1_Channel2_IRQHandler
                0x080059f4                CAN1_SCE_IRQHandler
                0x080059f4                FLASH_IRQHandler
                0x080059f4                USART1_IRQHandler
                0x080059f4                I2C1_ER_IRQHandler
                0x080059f4                USBWakeUp_IRQHandler
 *fill*         0x080059f6        0x2 00
 .text          0x080059f8       0xf8 lib/CMSIS_CM3/system_stm32f10x.o
                0x080059f8                SystemInit
 .text          0x08005af0      0x7a0 main.o
                0x08005af0                Initialisation
                0x0800615c                main
 .text          0x08006290      0x1e0 pwm.o
                0x08006290                PWM_Set
                0x08006310                Timer_GPIO_Disable
                0x0800634c                Timer_GPIO_Enable
                0x08006388                Timer_RCC_Configuration
                0x080063a0                Init_Timers
 .text          0x08006470      0x17c usart.o
                0x08006470                Default_Usart_Config
                0x08006482                __gps_send_char
                0x080064a0                Gps_Send_Str
                0x080064b8                Gps_Send_Utf8
                0x080064d2                __usart_send_char
                0x080064f0                Usart_Send_Str
                0x08006508                USART2_reconf
                0x0800654c                Usarts_Init
 *fill*         0x080065ec        0x4 00
 .text          0x080065f0     0x8878 Control/ekf.o
                0x080065f0                ins_get_num_states
                0x080065f4                INSGPSInit
                0x08006720                INSResetP
                0x08006760                INSSetState
                0x080067c4                INSPosVelReset
                0x0800684c                INSSetPosVelVar
                0x08006868                INSSetGyroBias
                0x08006884                INSSetAccelVar
                0x080068a0                INSSetGyroVar
                0x080068bc                INSSetMagVar
                0x080068d8                INSSetMagNorth
                0x080068f0                CovariancePrediction
                0x0800dc3a                INSCovariancePrediction
                0x0800dc60                SerialUpdate
                0x0800ddb8                StateEq
                0x0800e0b0                RungeKutta
                0x0800e1d8                LinearizeFG
                0x0800e64c                MeasurementEq
                0x0800e80a                LinearizeH
                0x0800ead4                INSCorrection
                0x0800ec84                VelBaroCorrection
                0x0800eca0                GpsMagCorrection
                0x0800ecb8                FullCorrection
                0x0800ecc6                GpsBaroCorrection
                0x0800ece4                MagVelBaroCorrection
                0x0800ed00                MagCorrection
                0x0800ed20                INSStatePrediction
 .text          0x0800ee68      0x838 Control/imu.o
                0x0800ee68                run_imu
 .text          0x0800f6a0       0x64 Control/loops.o
                0x0800f6a0                Run_PID
                0x0800f6fc                Reset_PID
 .text          0x0800f704       0xc8 Control/sensorcal.o
                0x0800f704                Calibrate_3
 .text          0x0800f7cc       0x64 Control/servos.o
                0x0800f7cc                Disable_Servos
                0x0800f7d0                Enable_Servos
                0x0800f7d4                Apply_Servos
 .text          0x0800f830       0xc0 lib/STM32F10x_StdPeriph_Driver/libstm32fw.a(misc.o)
                0x0800f830                NVIC_PriorityGroupConfig
                0x0800f844                NVIC_Init
                0x0800f8a8                NVIC_SetVectorTable
                0x0800f8bc                NVIC_SystemLPConfig
                0x0800f8d8                SysTick_CLKSourceConfig
 .text          0x0800f8f0       0xe4 lib/STM32F10x_StdPeriph_Driver/libstm32fw.a(stm32f10x_bkp.o)
                0x0800f8f0                BKP_TamperPinLevelConfig
                0x0800f8fc                BKP_TamperPinCmd
                0x0800f908                BKP_ITConfig
                0x0800f914                BKP_RTCOutputConfig
                0x0800f92c                BKP_SetRTCCalibrationValue
                0x0800f944                BKP_WriteBackupRegister
                0x0800f960                BKP_ReadBackupRegister
                0x0800f980                BKP_GetFlagStatus
                0x0800f98c                BKP_ClearFlag
                0x0800f9a0                BKP_GetITStatus
                0x0800f9ac                BKP_ClearITPendingBit
                0x0800f9c0                BKP_DeInit
 .text          0x0800f9d4      0x1d4 lib/STM32F10x_StdPeriph_Driver/libstm32fw.a(stm32f10x_dma.o)
                0x0800f9d4                DMA_DeInit
                0x0800fab4                DMA_Init
                0x0800faf4                DMA_StructInit
                0x0800fb0e                DMA_Cmd
                0x0800fb22                DMA_ITConfig
                0x0800fb34                DMA_GetCurrDataCounter
                0x0800fb3a                DMA_GetFlagStatus
                0x0800fb58                DMA_ClearFlag
                0x0800fb70                DMA_GetITStatus
                0x0800fb90                DMA_ClearITPendingBit
 .text          0x0800fba8      0x104 lib/STM32F10x_StdPeriph_Driver/libstm32fw.a(stm32f10x_exti.o)
                0x0800fba8                EXTI_DeInit
                0x0800fbc4                EXTI_Init
                0x0800fc44                EXTI_StructInit
                0x0800fc52                EXTI_GenerateSWInterrupt
                0x0800fc64                EXTI_GetFlagStatus
                0x0800fc78                EXTI_ClearFlag
                0x0800fc84                EXTI_GetITStatus
                0x0800fca0                EXTI_ClearITPendingBit
 .text          0x0800fcac      0x29c lib/STM32F10x_StdPeriph_Driver/libstm32fw.a(stm32f10x_gpio.o)
                0x0800fcac                GPIO_Init
                0x0800fd64                GPIO_StructInit
                0x0800fd74                GPIO_ReadInputDataBit
                0x0800fd80                GPIO_ReadInputData
                0x0800fd86                GPIO_ReadOutputDataBit
                0x0800fd92                GPIO_ReadOutputData
                0x0800fd98                GPIO_SetBits
                0x0800fd9c                GPIO_ResetBits
                0x0800fda0                GPIO_WriteBit
                0x0800fdaa                GPIO_Write
                0x0800fdae                GPIO_PinLockConfig
                0x0800fdbe                GPIO_EventOutputConfig
                0x0800fddc                GPIO_EventOutputCmd
                0x0800fde8                GPIO_PinRemapConfig
                0x0800fe48                GPIO_EXTILineConfig
                0x0800fe7c                GPIO_ETH_MediaInterfaceConfig
                0x0800fe88                GPIO_AFIODeInit
                0x0800fe9e                GPIO_DeInit
 .text          0x0800ff48      0x3cc lib/STM32F10x_StdPeriph_Driver/libstm32fw.a(stm32f10x_i2c.o)
                0x0800ff48                I2C_StructInit
                0x0800ff64                I2C_Cmd
                0x0800ff7e                I2C_DMACmd
                0x0800ff98                I2C_DMALastTransferCmd
                0x0800ffb2                I2C_GenerateSTART
                0x0800ffcc                I2C_GenerateSTOP
                0x0800ffe6                I2C_AcknowledgeConfig
                0x08010000                I2C_OwnAddress2Config
                0x08010016                I2C_DualAddressCmd
                0x08010030                I2C_GeneralCallCmd
                0x0801004a                I2C_ITConfig
                0x08010060                I2C_SendData
                0x08010064                I2C_ReceiveData
                0x0801006a                I2C_Send7bitAddress
                0x0801007a                I2C_ReadRegister
                0x08010092                I2C_SoftwareResetCmd
                0x080100ac                I2C_SMBusAlertConfig
                0x080100c8                I2C_TransmitPEC
                0x080100e2                I2C_PECPositionConfig
                0x080100fe                I2C_CalculatePEC
                0x08010118                I2C_GetPEC
                0x08010120                I2C_ARPCmd
                0x0801013a                I2C_StretchClockCmd
                0x08010154                I2C_FastModeDutyCycleConfig
                0x08010170                I2C_GetLastEvent
                0x08010180                I2C_CheckEvent
                0x08010198                I2C_GetFlagStatus
                0x080101cc                I2C_ClearFlag
                0x080101d4                I2C_GetITStatus
                0x080101f0                I2C_ClearITPendingBit
                0x080101f8                I2C_Init
                0x080102e0                I2C_DeInit
 .text          0x08010314       0xd0 lib/STM32F10x_StdPeriph_Driver/libstm32fw.a(stm32f10x_pwr.o)
                0x08010318                PWR_BackupAccessCmd
                0x08010324                PWR_PVDCmd
                0x08010330                PWR_PVDLevelConfig
                0x08010344                PWR_WakeUpPinCmd
                0x08010350                PWR_EnterSTOPMode
                0x0801037c                PWR_EnterSTANDBYMode
                0x080103a4                PWR_GetFlagStatus
                0x080103b8                PWR_ClearFlag
                0x080103c8                PWR_DeInit
 .text          0x080103e4      0x384 lib/STM32F10x_StdPeriph_Driver/libstm32fw.a(stm32f10x_rcc.o)
                0x080103e4                RCC_DeInit
                0x08010424                RCC_HSEConfig
                0x0801045c                RCC_AdjustHSICalibrationValue
                0x08010470                RCC_HSICmd
                0x0801047c                RCC_PLLConfig
                0x08010494                RCC_PLLCmd
                0x080104a0                RCC_SYSCLKConfig
                0x080104b4                RCC_GetSYSCLKSource
                0x080104c4                RCC_HCLKConfig
                0x080104d8                RCC_PCLK1Config
                0x080104ec                RCC_PCLK2Config
                0x08010500                RCC_ITConfig
                0x0801051c                RCC_USBCLKConfig
                0x08010528                RCC_ADCCLKConfig
                0x0801053c                RCC_LSEConfig
                0x0801055c                RCC_LSICmd
                0x08010568                RCC_RTCCLKConfig
                0x08010578                RCC_RTCCLKCmd
                0x08010584                RCC_GetClocksFreq
                0x08010634                RCC_AHBPeriphClockCmd
                0x08010650                RCC_APB2PeriphClockCmd
                0x0801066c                RCC_APB1PeriphClockCmd
                0x08010688                RCC_APB2PeriphResetCmd
                0x080106a4                RCC_APB1PeriphResetCmd
                0x080106c0                RCC_BackupResetCmd
                0x080106cc                RCC_ClockSecuritySystemCmd
                0x080106d8                RCC_MCOConfig
                0x080106e4                RCC_GetFlagStatus
                0x0801070c                RCC_WaitForHSEStartUp
                0x08010738                RCC_ClearFlag
                0x08010748                RCC_GetITStatus
                0x0801075c                RCC_ClearITPendingBit
 .text          0x08010768      0x15c lib/STM32F10x_StdPeriph_Driver/libstm32fw.a(stm32f10x_rtc.o)
                0x08010768                RTC_ITConfig
                0x08010788                RTC_EnterConfigMode
                0x0801079c                RTC_ExitConfigMode
                0x080107b0                RTC_GetCounter
                0x080107c4                RTC_SetCounter
                0x080107e0                RTC_SetPrescaler
                0x08010800                RTC_SetAlarm
                0x0801081c                RTC_GetDivider
                0x08010834                RTC_WaitForLastTask
                0x08010844                RTC_WaitForSynchro
                0x08010864                RTC_GetFlagStatus
                0x08010878                RTC_ClearFlag
                0x0801088c                RTC_GetITStatus
                0x080108b0                RTC_ClearITPendingBit
 .text          0x080108c4      0x2f8 lib/STM32F10x_StdPeriph_Driver/libstm32fw.a(stm32f10x_spi.o)
                0x080108c4                SPI_Init
                0x0801091e                SPI_StructInit
                0x08010938                I2S_StructInit
                0x0801094c                SPI_Cmd
                0x08010966                I2S_Cmd
                0x08010980                SPI_I2S_ITConfig
                0x0801099e                SPI_I2S_DMACmd
                0x080109b4                SPI_I2S_SendData
                0x080109b8                SPI_I2S_ReceiveData
                0x080109be                SPI_NSSInternalSoftwareConfig
                0x080109d8                SPI_SSOutputCmd
                0x080109f2                SPI_DataSizeConfig
                0x08010a0a                SPI_TransmitCRC
                0x08010a16                SPI_CalculateCRC
                0x08010a30                SPI_GetCRC
                0x08010a40                SPI_GetCRCPolynomial
                0x08010a46                SPI_BiDirectionalLineConfig
                0x08010a62                SPI_I2S_GetFlagStatus
                0x08010a6e                SPI_I2S_ClearFlag
                0x08010a76                SPI_I2S_GetITStatus
                0x08010aa0                SPI_I2S_ClearITPendingBit
                0x08010ab0                I2S_Init
                0x08010b5a                SPI_I2S_DeInit
 .text          0x08010bbc      0xb54 lib/STM32F10x_StdPeriph_Driver/libstm32fw.a(stm32f10x_tim.o)
                0x08010bbc                TIM_TimeBaseInit
                0x08010bfc                TIM_OC1Init
                0x08010c90                TIM_OC2Init
                0x08010d2c                TIM_OC3Init
                0x08010dc4                TIM_OC4Init
                0x08010e40                TIM_BDTRConfig
                0x08010e64                TIM_TimeBaseStructInit
                0x08010e76                TIM_OCStructInit
                0x08010e8a                TIM_ICStructInit
                0x08010e9c                TIM_BDTRStructInit
                0x08010eae                TIM_Cmd
                0x08010ec8                TIM_CtrlPWMOutputs
                0x08010ee8                TIM_ITConfig
                0x08010efe                TIM_GenerateEvent
                0x08010f02                TIM_DMAConfig
                0x08010f0a                TIM_DMACmd
                0x08010f20                TIM_InternalClockConfig
                0x08010f2e                TIM_ETRConfig
                0x08010f4c                TIM_ETRClockMode2Config
                0x08010f60                TIM_ETRClockMode1Config
                0x08010f7a                TIM_PrescalerConfig
                0x08010f80                TIM_CounterModeConfig
                0x08010f92                TIM_SelectInputTrigger
                0x08010fa4                TIM_ITRxExternalClockConfig
                0x08010fb8                TIM_EncoderInterfaceConfig
                0x08011000                TIM_ForcedOC1Config
                0x08011012                TIM_ForcedOC2Config
                0x08011026                TIM_ForcedOC3Config
                0x08011038                TIM_ForcedOC4Config
                0x0801104c                TIM_ARRPreloadConfig
                0x08011066                TIM_SelectCOM
                0x08011080                TIM_SelectCCDMA
                0x0801109a                TIM_CCPreloadControl
                0x080110b4                TIM_OC1PreloadConfig
                0x080110c6                TIM_OC2PreloadConfig
                0x080110da                TIM_OC3PreloadConfig
                0x080110ec                TIM_OC4PreloadConfig
                0x08011100                TIM_OC1FastConfig
                0x08011112                TIM_OC2FastConfig
                0x08011126                TIM_OC3FastConfig
                0x08011138                TIM_OC4FastConfig
                0x0801114c                TIM_ClearOC1Ref
                0x0801115e                TIM_ClearOC2Ref
                0x0801116e                TIM_ClearOC3Ref
                0x08011180                TIM_ClearOC4Ref
                0x08011190                TIM_OC1PolarityConfig
                0x080111a2                TIM_OC1NPolarityConfig
                0x080111b4                TIM_OC2PolarityConfig
                0x080111c8                TIM_OC2NPolarityConfig
                0x080111dc                TIM_OC3PolarityConfig
                0x080111f0                TIM_OC3NPolarityConfig
                0x08011204                TIM_OC4PolarityConfig
                0x08011218                TIM_CCxCmd
                0x0801123a                TIM_CCxNCmd
                0x0801125c                TIM_SelectOCxM
                0x080112ae                TIM_UpdateDisableConfig
                0x080112c8                TIM_UpdateRequestConfig
                0x080112e2                TIM_SelectHallSensor
                0x080112fc                TIM_SelectOnePulseMode
                0x08011314                TIM_SelectOutputTrigger
                0x0801132c                TIM_SelectSlaveMode
                0x08011344                TIM_SelectMasterSlaveMode
                0x0801135c                TIM_SetCounter
                0x08011360                TIM_SetAutoreload
                0x08011364                TIM_SetCompare1
                0x08011368                TIM_SetCompare2
                0x0801136c                TIM_SetCompare3
                0x08011370                TIM_SetCompare4
                0x08011376                TIM_SetIC1Prescaler
                0x0801138e                TIM_SetIC2Prescaler
                0x080113a8                TIM_SetIC3Prescaler
                0x080113c0                TIM_SetIC4Prescaler
                0x080113da                TIM_SetClockDivision
                0x080113ec                TIM_GetCapture1
                0x080113f2                TIM_GetCapture2
                0x080113f8                TIM_GetCapture3
                0x080113fe                TIM_GetCapture4
                0x08011406                TIM_GetCounter
                0x0801140c                TIM_GetPrescaler
                0x08011412                TIM_GetFlagStatus
                0x0801141e                TIM_ClearFlag
                0x08011426                TIM_GetITStatus
                0x0801143c                TIM_ClearITPendingBit
                0x080114dc                TIM_TIxExternalClockConfig
                0x0801150a                TIM_PWMIConfig
                0x08011576                TIM_ICInit
                0x08011646                TIM_DeInit
 .text          0x08011710      0x384 lib/STM32F10x_StdPeriph_Driver/libstm32fw.a(stm32f10x_usart.o)
                0x08011710                USART_StructInit
                0x08011728                USART_ClockInit
                0x08011752                USART_ClockStructInit
                0x0801175e                USART_Cmd
                0x08011778                USART_ITConfig
                0x080117ae                USART_DMACmd
                0x080117c4                USART_SetAddress
                0x080117dc                USART_WakeUpConfig
                0x080117f4                USART_ReceiverWakeUpCmd
                0x0801180e                USART_LINBreakDetectLengthConfig
                0x08011826                USART_LINCmd
                0x08011840                USART_SendData
                0x08011848                USART_ReceiveData
                0x08011850                USART_SendBreak
                0x0801185c                USART_SetGuardTime
                0x0801186e                USART_SetPrescaler
                0x08011882                USART_SmartCardCmd
                0x0801189c                USART_SmartCardNACKCmd
                0x080118b6                USART_HalfDuplexCmd
                0x080118d0                USART_IrDAConfig
                0x080118e8                USART_IrDACmd
                0x08011902                USART_GetFlagStatus
                0x0801190e                USART_ClearFlag
                0x08011916                USART_GetITStatus
                0x0801195c                USART_ClearITPendingBit
                0x0801196a                USART_Init
                0x080119fc                USART_DeInit
 .text          0x08011a94       0x98 /home/laurence/CodeSourcery/Sourcery_G++_Lite/bin/../lib/gcc/arm-none-eabi/4.4.1/../../../../arm-none-eabi/lib/thumb2/libm.a(lib_a-s_cos.o)
                0x08011a94                cos
 .text          0x08011b2c       0xa0 /home/laurence/CodeSourcery/Sourcery_G++_Lite/bin/../lib/gcc/arm-none-eabi/4.4.1/../../../../arm-none-eabi/lib/thumb2/libm.a(lib_a-s_sin.o)
                0x08011b2c                sin
 .text          0x08011bcc       0xac /home/laurence/CodeSourcery/Sourcery_G++_Lite/bin/../lib/gcc/arm-none-eabi/4.4.1/../../../../arm-none-eabi/lib/thumb2/libm.a(lib_a-w_asin.o)
                0x08011bcc                asin
 .text          0x08011c78        0x4 /home/laurence/CodeSourcery/Sourcery_G++_Lite/bin/../lib/gcc/arm-none-eabi/4.4.1/../../../../arm-none-eabi/lib/thumb2/libm.a(lib_a-w_atan2.o)
                0x08011c78                atan2
 .text          0x08011c7c      0x358 /home/laurence/CodeSourcery/Sourcery_G++_Lite/bin/../lib/gcc/arm-none-eabi/4.4.1/../../../../arm-none-eabi/lib/thumb2/libm.a(lib_a-w_pow.o)
                0x08011c7c                pow
 .text          0x08011fd4       0xac /home/laurence/CodeSourcery/Sourcery_G++_Lite/bin/../lib/gcc/arm-none-eabi/4.4.1/../../../../arm-none-eabi/lib/thumb2/libm.a(lib_a-w_sqrt.o)
                0x08011fd4                sqrt
 .text          0x08012080      0x420 /home/laurence/CodeSourcery/Sourcery_G++_Lite/bin/../lib/gcc/arm-none-eabi/4.4.1/../../../../arm-none-eabi/lib/thumb2/libm.a(lib_a-e_asin.o)
                0x08012080                __ieee754_asin
 .text          0x080124a0      0x220 /home/laurence/CodeSourcery/Sourcery_G++_Lite/bin/../lib/gcc/arm-none-eabi/4.4.1/../../../../arm-none-eabi/lib/thumb2/libm.a(lib_a-e_atan2.o)
                0x080124a0                __ieee754_atan2
 .text          0x080126c0      0xb60 /home/laurence/CodeSourcery/Sourcery_G++_Lite/bin/../lib/gcc/arm-none-eabi/4.4.1/../../../../arm-none-eabi/lib/thumb2/libm.a(lib_a-e_pow.o)
                0x080126c0                __ieee754_pow
 .text          0x08013220      0x418 /home/laurence/CodeSourcery/Sourcery_G++_Lite/bin/../lib/gcc/arm-none-eabi/4.4.1/../../../../arm-none-eabi/lib/thumb2/libm.a(lib_a-e_rem_pio2.o)
                0x08013220                __ieee754_rem_pio2
 .text          0x08013638      0x1dc /home/laurence/CodeSourcery/Sourcery_G++_Lite/bin/../lib/gcc/arm-none-eabi/4.4.1/../../../../arm-none-eabi/lib/thumb2/libm.a(lib_a-e_sqrt.o)
                0x08013638                __ieee754_sqrt
 *fill*         0x08013814        0x4 00
 .text          0x08013818      0x250 /home/laurence/CodeSourcery/Sourcery_G++_Lite/bin/../lib/gcc/arm-none-eabi/4.4.1/../../../../arm-none-eabi/lib/thumb2/libm.a(lib_a-k_cos.o)
                0x08013818                __kernel_cos
 .text          0x08013a68      0x7b4 /home/laurence/CodeSourcery/Sourcery_G++_Lite/bin/../lib/gcc/arm-none-eabi/4.4.1/../../../../arm-none-eabi/lib/thumb2/libm.a(lib_a-k_rem_pio2.o)
                0x08013a68                __kernel_rem_pio2
 *fill*         0x0801421c        0x4 00
 .text          0x08014220      0x170 /home/laurence/CodeSourcery/Sourcery_G++_Lite/bin/../lib/gcc/arm-none-eabi/4.4.1/../../../../arm-none-eabi/lib/thumb2/libm.a(lib_a-k_sin.o)
                0x08014220                __kernel_sin
 .text          0x08014390      0x348 /home/laurence/CodeSourcery/Sourcery_G++_Lite/bin/../lib/gcc/arm-none-eabi/4.4.1/../../../../arm-none-eabi/lib/thumb2/libm.a(lib_a-s_atan.o)
                0x08014390                atan
 .text          0x080146d8        0x8 /home/laurence/CodeSourcery/Sourcery_G++_Lite/bin/../lib/gcc/arm-none-eabi/4.4.1/../../../../arm-none-eabi/lib/thumb2/libm.a(lib_a-s_fabs.o)
                0x080146d8                fabs
 .text          0x080146e0       0x10 /home/laurence/CodeSourcery/Sourcery_G++_Lite/bin/../lib/gcc/arm-none-eabi/4.4.1/../../../../arm-none-eabi/lib/thumb2/libm.a(lib_a-s_finite.o)
                0x080146e0                finite
 .text          0x080146f0      0x128 /home/laurence/CodeSourcery/Sourcery_G++_Lite/bin/../lib/gcc/arm-none-eabi/4.4.1/../../../../arm-none-eabi/lib/thumb2/libm.a(lib_a-s_floor.o)
                0x080146f0                floor
 .text          0x08014818       0x1c /home/laurence/CodeSourcery/Sourcery_G++_Lite/bin/../lib/gcc/arm-none-eabi/4.4.1/../../../../arm-none-eabi/lib/thumb2/libm.a(lib_a-s_isnand.o)
                0x08014818                __isnand
 .text          0x08014834        0x4 /home/laurence/CodeSourcery/Sourcery_G++_Lite/bin/../lib/gcc/arm-none-eabi/4.4.1/../../../../arm-none-eabi/lib/thumb2/libm.a(lib_a-s_matherr.o)
                0x08014834                matherr
 .text          0x08014838        0xc /home/laurence/CodeSourcery/Sourcery_G++_Lite/bin/../lib/gcc/arm-none-eabi/4.4.1/../../../../arm-none-eabi/lib/thumb2/libm.a(lib_a-s_nan.o)
                0x08014838                nan
 .text          0x08014844      0x134 /home/laurence/CodeSourcery/Sourcery_G++_Lite/bin/../lib/gcc/arm-none-eabi/4.4.1/../../../../arm-none-eabi/lib/thumb2/libm.a(lib_a-s_rint.o)
                0x08014844                rint
 .text          0x08014978      0x118 /home/laurence/CodeSourcery/Sourcery_G++_Lite/bin/../lib/gcc/arm-none-eabi/4.4.1/../../../../arm-none-eabi/lib/thumb2/libm.a(lib_a-s_scalbn.o)
                0x08014978                scalbn
 .text          0x08014a90       0x18 /home/laurence/CodeSourcery/Sourcery_G++_Lite/bin/../lib/gcc/arm-none-eabi/4.4.1/../../../../arm-none-eabi/lib/thumb2/libm.a(lib_a-s_copysign.o)
                0x08014a90                copysign
 .text          0x08014aa8      0x2b0 /home/laurence/CodeSourcery/Sourcery_G++_Lite/bin/../lib/gcc/arm-none-eabi/4.4.1/thumb2/libgcc.a(_divsi3.o)
                0x08014aa8                __aeabi_idiv
                0x08014aa8                __divsi3
                0x08014d3c                __aeabi_idivmod
 .text          0x08014d58        0x4 /home/laurence/CodeSourcery/Sourcery_G++_Lite/bin/../lib/gcc/arm-none-eabi/4.4.1/thumb2/libgcc.a(_dvmd_tls.o)
                0x08014d58                __aeabi_ldiv0
                0x08014d58                __aeabi_idiv0
 .text          0x08014d5c      0x370 /home/laurence/CodeSourcery/Sourcery_G++_Lite/bin/../lib/gcc/arm-none-eabi/4.4.1/thumb2/libgcc.a(_arm_addsubdf3.o)
                0x08014d5c                __aeabi_drsub
                0x08014d64                __aeabi_dsub
                0x08014d64                __subdf3
                0x08014d68                __adddf3
                0x08014d68                __aeabi_dadd
                0x08014fe0                __aeabi_ui2d
                0x08014fe0                __floatunsidf
                0x08015000                __floatsidf
                0x08015000                __aeabi_i2d
                0x08015024                __extendsfdf2
                0x08015024                __aeabi_f2d
                0x08015060                __aeabi_ul2d
                0x08015060                __floatundidf
                0x08015070                __floatdidf
                0x08015070                __aeabi_l2d
 .text          0x080150cc      0x424 /home/laurence/CodeSourcery/Sourcery_G++_Lite/bin/../lib/gcc/arm-none-eabi/4.4.1/thumb2/libgcc.a(_arm_muldivdf3.o)
                0x080150cc                __aeabi_dmul
                0x080150cc                __muldf3
                0x08015320                __aeabi_ddiv
                0x08015320                __divdf3
 .text          0x080154f0      0x110 /home/laurence/CodeSourcery/Sourcery_G++_Lite/bin/../lib/gcc/arm-none-eabi/4.4.1/thumb2/libgcc.a(_arm_cmpdf2.o)
                0x080154f0                __gtdf2
                0x080154f0                __gedf2
                0x080154f8                __ltdf2
                0x080154f8                __ledf2
                0x08015500                __cmpdf2
                0x08015500                __eqdf2
                0x08015500                __nedf2
                0x0801557c                __aeabi_cdrcmple
                0x0801558c                __aeabi_cdcmple
                0x0801558c                __aeabi_cdcmpeq
                0x0801559c                __aeabi_dcmpeq
                0x080155b0                __aeabi_dcmplt
                0x080155c4                __aeabi_dcmple
                0x080155d8                __aeabi_dcmpge
                0x080155ec                __aeabi_dcmpgt
 .text          0x08015600       0x50 /home/laurence/CodeSourcery/Sourcery_G++_Lite/bin/../lib/gcc/arm-none-eabi/4.4.1/thumb2/libgcc.a(_arm_fixdfsi.o)
                0x08015600                __fixdfsi
                0x08015600                __aeabi_d2iz
 .text          0x08015650       0xa0 /home/laurence/CodeSourcery/Sourcery_G++_Lite/bin/../lib/gcc/arm-none-eabi/4.4.1/thumb2/libgcc.a(_arm_truncdfsf2.o)
                0x08015650                __aeabi_d2f
                0x08015650                __truncdfsf2
 .text          0x080156f0      0x21c /home/laurence/CodeSourcery/Sourcery_G++_Lite/bin/../lib/gcc/arm-none-eabi/4.4.1/thumb2/libgcc.a(_arm_addsubsf3.o)
                0x080156f0                __aeabi_frsub
                0x080156f8                __subsf3
                0x080156f8                __aeabi_fsub
                0x080156fc                __aeabi_fadd
                0x080156fc                __addsf3
                0x0801585c                __aeabi_ui2f
                0x0801585c                __floatunsisf
                0x08015864                __aeabi_i2f
                0x08015864                __floatsisf
                0x08015880                __floatundisf
                0x08015880                __aeabi_ul2f
                0x08015890                __floatdisf
                0x08015890                __aeabi_l2f
 .text          0x0801590c      0x2a0 /home/laurence/CodeSourcery/Sourcery_G++_Lite/bin/../lib/gcc/arm-none-eabi/4.4.1/thumb2/libgcc.a(_arm_muldivsf3.o)
                0x0801590c                __mulsf3
                0x0801590c                __aeabi_fmul
                0x08015a74                __divsf3
                0x08015a74                __aeabi_fdiv
 .text          0x08015bac       0xec /home/laurence/CodeSourcery/Sourcery_G++_Lite/bin/../lib/gcc/arm-none-eabi/4.4.1/thumb2/libgcc.a(_arm_cmpsf2.o)
                0x08015bac                __gtsf2
                0x08015bac                __gesf2
                0x08015bb4                __lesf2
                0x08015bb4                __ltsf2
                0x08015bbc                __nesf2
                0x08015bbc                __eqsf2
                0x08015bbc                __cmpsf2
                0x08015c1c                __aeabi_cfrcmple
                0x08015c24                __aeabi_cfcmple
                0x08015c24                __aeabi_cfcmpeq
                0x08015c34                __aeabi_fcmpeq
                0x08015c48                __aeabi_fcmplt
                0x08015c5c                __aeabi_fcmple
                0x08015c70                __aeabi_fcmpge
                0x08015c84                __aeabi_fcmpgt
 .text          0x08015c98       0x4c /home/laurence/CodeSourcery/Sourcery_G++_Lite/bin/../lib/gcc/arm-none-eabi/4.4.1/thumb2/libgcc.a(_arm_fixsfsi.o)
                0x08015c98                __fixsfsi
                0x08015c98                __aeabi_f2iz
 .text          0x08015ce4       0x40 /home/laurence/CodeSourcery/Sourcery_G++_Lite/bin/../lib/gcc/arm-none-eabi/4.4.1/thumb2/libgcc.a(_arm_fixunssfsi.o)
                0x08015ce4                __aeabi_f2uiz
                0x08015ce4                __fixunssfsi
 .text          0x08015d24        0xc /home/laurence/CodeSourcery/Sourcery_G++_Lite/bin/../lib/gcc/arm-none-eabi/4.4.1/../../../../arm-none-eabi/lib/thumb2/libc.a(lib_a-errno.o)
                0x08015d24                __errno
 .text          0x08015d30       0x20 /home/laurence/CodeSourcery/Sourcery_G++_Lite/bin/../lib/gcc/arm-none-eabi/4.4.1/../../../../arm-none-eabi/lib/thumb2/libc.a(lib_a-malloc.o)
                0x08015d30                free
                0x08015d40                malloc
 .text          0x08015d50      0x5a4 /home/laurence/CodeSourcery/Sourcery_G++_Lite/bin/../lib/gcc/arm-none-eabi/4.4.1/../../../../arm-none-eabi/lib/thumb2/libc.a(lib_a-mallocr.o)
                0x08015d50                _malloc_r
 .text          0x080162f4        0x8 /home/laurence/CodeSourcery/Sourcery_G++_Lite/bin/../lib/gcc/arm-none-eabi/4.4.1/../../../../arm-none-eabi/lib/thumb2/libc.a(lib_a-mlock.o)
                0x080162f4                __malloc_lock
                0x080162f8                __malloc_unlock
 .text          0x080162fc       0x28 /home/laurence/CodeSourcery/Sourcery_G++_Lite/bin/../lib/gcc/arm-none-eabi/4.4.1/../../../../arm-none-eabi/lib/thumb2/libc.a(lib_a-sbrkr.o)
                0x080162fc                _sbrk_r
 .text          0x08016324       0xbc /home/laurence/CodeSourcery/Sourcery_G++_Lite/bin/../lib/gcc/arm-none-eabi/4.4.1/../../../../arm-none-eabi/lib/thumb2/libc.a(lib_a-strcpy.o)
                0x08016324                strcpy
 .text          0x080163e0      0x268 /home/laurence/CodeSourcery/Sourcery_G++_Lite/bin/../lib/gcc/arm-none-eabi/4.4.1/../../../../arm-none-eabi/lib/thumb2/libc.a(lib_a-freer.o)
                0x080163e0                _malloc_trim_r
                0x08016488                _free_r
 .text          0x08016648       0x30 /home/laurence/CodeSourcery/Sourcery_G++_Lite/bin/../lib/gcc/arm-none-eabi/4.4.1/../../../../arm-none-eabi/lib/thumb2/libcs3.a(start_c.o)
                0x08016648                __cs3_premain
 .text.cs3.init
                0x08016678       0x5c /home/laurence/CodeSourcery/Sourcery_G++_Lite/bin/../lib/gcc/arm-none-eabi/4.4.1/../../../../arm-none-eabi/lib/thumb2/libcs3.a(start_c.o)
                0x08016678                __cs3_start_c
 .text          0x080166d4       0x44 /home/laurence/CodeSourcery/Sourcery_G++_Lite/bin/../lib/gcc/arm-none-eabi/4.4.1/../../../../arm-none-eabi/lib/thumb2/libcs3unhosted.a(unhosted-sbrk.o)
                0x080166d4                _sbrk
 .text.cs3.init
                0x08016718       0x10 /home/laurence/CodeSourcery/Sourcery_G++_Lite/bin/../lib/gcc/arm-none-eabi/4.4.1/../../../../arm-none-eabi/lib/thumb2/libcs3unhosted.a(unhosted-start.o)
                0x08016718                _start
 .text          0x08016728        0x2 lib/libcs3-lanchon-stm32.a(lanchon_stm32_isr_interrupt.o)
                0x08016728                MemManageException
                0x08016728                BusFaultException
                0x08016728                DMAChannel7_IRQHandler
                0x08016728                DebugMonitor
                0x08016728                SVCHandler
                0x08016728                HardFaultException
                0x08016728                __STM32ReservedException8
                0x08016728                USB_HP_CAN_TX_IRQHandler
                0x08016728                __STM32DefaultExceptionHandler
                0x08016728                DMAChannel1_IRQHandler
                0x08016728                CAN_SCE_IRQHandler
                0x08016728                __STM32ReservedException10
                0x08016728                __STM32ReservedException13
                0x08016728                NMIException
                0x08016728                DMAChannel4_IRQHandler
                0x08016728                SysTickHandler
                0x08016728                PendSVC
                0x08016728                CAN_RX1_IRQHandler
                0x08016728                ADC_IRQHandler
                0x08016728                DMAChannel5_IRQHandler
                0x08016728                DMAChannel2_IRQHandler
                0x08016728                USB_LP_CAN_RX0_IRQHandler
                0x08016728                __STM32ReservedException7
                0x08016728                UsageFaultException
                0x08016728                DMAChannel6_IRQHandler
                0x08016728                DMAChannel3_IRQHandler
                0x08016728                __STM32ReservedException9
 *fill*         0x0801672a        0x2 00
 .text          0x0801672c       0x50 /home/laurence/CodeSourcery/Sourcery_G++_Lite/bin/../lib/gcc/arm-none-eabi/4.4.1/../../../../arm-none-eabi/lib/thumb2/libc.a(lib_a-init.o)
                0x0801672c                __libc_init_array
 *(.plt)
 *(.gnu.warning)
 *(.glue_7t)
 .glue_7t       0x00000000        0x0 linker stubs
 *(.glue_7)
 .glue_7        0x00000000        0x0 linker stubs
 *(.vfp11_veneer)
 .vfp11_veneer  0x00000000        0x0 linker stubs
 *(.rodata .rodata.* .gnu.linkonce.r.*)
 .rodata        0x0801677c        0x8 Sensors/bmp085.o
 .rodata        0x08016784      0x888 Sensors/earth_field.o
 .rodata.str1.1
                0x0801700c        0x9 Sensors/earth_field.o
 *fill*         0x08017015        0x3 00
 .rodata        0x08017018        0x8 Sensors/pitot.o
 .rodata        0x08017020       0xc4 Sensors/ubx.o
 .rodata.str1.1
                0x080170e4      0x13b Sensors/ubx.o
 .rodata.str1.1
                0x0801721f        0xf Util/Fatfs/ff.o
 *fill*         0x0801722e        0x2 00
 .rodata        0x08017230        0xc Util/Fatfs/rtc.o
 .rodata        0x0801723c       0x14 Util/rprintf.o
 .rodata.str1.1
                0x08017250        0x6 Util/rprintf.o
 *fill*         0x08017256        0x2 00
 .rodata        0x08017258       0x1c i2c.o
 .rodata        0x08017274       0x14 lib/CMSIS_CM3/system_stm32f10x.o
                0x08017274                SystemFrequency
                0x08017278                SystemFrequency_SysClk
                0x0801727c                SystemFrequency_AHBClk
                0x08017280                SystemFrequency_APB1Clk
                0x08017284                SystemFrequency_APB2Clk
 .rodata        0x08017288       0x60 main.o
 .rodata.str1.1
                0x080172e8      0x299 main.o
                                0x2a7 (size before relaxing)
 *fill*         0x08017581        0x3 00
 .rodata        0x08017584       0x90 Control/imu.o
 .rodata.str1.4
                0x08017614        0x5 /home/laurence/CodeSourcery/Sourcery_G++_Lite/bin/../lib/gcc/arm-none-eabi/4.4.1/../../../../arm-none-eabi/lib/thumb2/libm.a(lib_a-w_asin.o)
                                  0xc (size before relaxing)
 *fill*         0x08017619        0x3 00
 .rodata.str1.4
                0x0801761c        0x4 /home/laurence/CodeSourcery/Sourcery_G++_Lite/bin/../lib/gcc/arm-none-eabi/4.4.1/../../../../arm-none-eabi/lib/thumb2/libm.a(lib_a-w_pow.o)
 .rodata.str1.4
                0x08017620        0x5 /home/laurence/CodeSourcery/Sourcery_G++_Lite/bin/../lib/gcc/arm-none-eabi/4.4.1/../../../../arm-none-eabi/lib/thumb2/libm.a(lib_a-w_sqrt.o)
                                  0x8 (size before relaxing)
 *fill*         0x08017625        0x3 00
 .rodata        0x08017628       0x30 /home/laurence/CodeSourcery/Sourcery_G++_Lite/bin/../lib/gcc/arm-none-eabi/4.4.1/../../../../arm-none-eabi/lib/thumb2/libm.a(lib_a-e_pow.o)
 .rodata.str1.4
                0x00000000        0x4 /home/laurence/CodeSourcery/Sourcery_G++_Lite/bin/../lib/gcc/arm-none-eabi/4.4.1/../../../../arm-none-eabi/lib/thumb2/libm.a(lib_a-e_pow.o)
 .rodata        0x08017658      0x188 /home/laurence/CodeSourcery/Sourcery_G++_Lite/bin/../lib/gcc/arm-none-eabi/4.4.1/../../../../arm-none-eabi/lib/thumb2/libm.a(lib_a-e_rem_pio2.o)
 .rodata        0x080177e0       0x50 /home/laurence/CodeSourcery/Sourcery_G++_Lite/bin/../lib/gcc/arm-none-eabi/4.4.1/../../../../arm-none-eabi/lib/thumb2/libm.a(lib_a-k_rem_pio2.o)
 .rodata        0x08017830       0x40 /home/laurence/CodeSourcery/Sourcery_G++_Lite/bin/../lib/gcc/arm-none-eabi/4.4.1/../../../../arm-none-eabi/lib/thumb2/libm.a(lib_a-s_atan.o)
 .rodata        0x08017870       0x10 /home/laurence/CodeSourcery/Sourcery_G++_Lite/bin/../lib/gcc/arm-none-eabi/4.4.1/../../../../arm-none-eabi/lib/thumb2/libm.a(lib_a-s_rint.o)
 .rodata.str1.4
                0x08017880        0x4 /home/laurence/CodeSourcery/Sourcery_G++_Lite/bin/../lib/gcc/arm-none-eabi/4.4.1/../../../../arm-none-eabi/lib/thumb2/libc.a(lib_a-impure.o)
 *(.ARM.extab* .gnu.linkonce.armextab.*)
 *(.gcc_except_table)
 *(.eh_frame_hdr)
 *(.eh_frame)
                0x08017884                . = ALIGN (0x4)
 *(.init)
 .init          0x08017884        0x4 /home/laurence/CodeSourcery/Sourcery_G++_Lite/bin/../lib/gcc/arm-none-eabi/4.4.1/thumb2/crti.o
                0x08017884                _init
 .init          0x08017888        0x8 /home/laurence/CodeSourcery/Sourcery_G++_Lite/bin/../lib/gcc/arm-none-eabi/4.4.1/thumb2/crtn.o
                0x08017890                . = ALIGN (0x4)
                0x08017890                __preinit_array_start = .
 *(.preinit_array)
                0x08017890                __preinit_array_end = .
                0x08017890                . = ALIGN (0x4)
                0x08017890                __init_array_start = .
 *(SORT(.init_array.*))
 *(.init_array)
 .init_array    0x08017890        0x4 /home/laurence/CodeSourcery/Sourcery_G++_Lite/bin/../lib/gcc/arm-none-eabi/4.4.1/thumb2/crtbegin.o
                0x08017894                __init_array_end = .
                0x08017894                . = ALIGN (0x4)
 *crtbegin.o(.ctors)
 *(EXCLUDE_FILE(*crtend.o) .ctors)
 *(SORT(.ctors.*))
 *crtend.o(.ctors)
                0x08017894                . = ALIGN (0x4)
 *(.fini)
 .fini          0x08017894        0x4 /home/laurence/CodeSourcery/Sourcery_G++_Lite/bin/../lib/gcc/arm-none-eabi/4.4.1/thumb2/crti.o
                0x08017894                _fini
 .fini          0x08017898        0x8 /home/laurence/CodeSourcery/Sourcery_G++_Lite/bin/../lib/gcc/arm-none-eabi/4.4.1/thumb2/crtn.o
                0x080178a0                . = ALIGN (0x4)
                0x080178a0                __fini_array_start = .
 *(.fini_array)
 .fini_array    0x080178a0        0x4 /home/laurence/CodeSourcery/Sourcery_G++_Lite/bin/../lib/gcc/arm-none-eabi/4.4.1/thumb2/crtbegin.o
 *(SORT(.fini_array.*))
                0x080178a4                __fini_array_end = .
 *crtbegin.o(.dtors)
 *(EXCLUDE_FILE(*crtend.o) .dtors)
 *(SORT(.dtors.*))
 *crtend.o(.dtors)
                0x080178a4                . = ALIGN (0x4)
                0x080178a4                __cs3_regions = .
                0x080178a4        0x4 LONG 0x0
                0x080178a8        0x4 LONG 0x80178b8 __cs3_region_init_ram
                0x080178ac        0x4 LONG 0x20000000 __cs3_region_start_ram
                0x080178b0        0x4 LONG 0x5e0 __cs3_region_init_size_ram
                0x080178b4        0x4 LONG 0x1148 __cs3_region_zero_size_ram
                0x080178b8                __exidx_start = .

.v4_bx          0x080178b8        0x0
 .v4_bx         0x00000000        0x0 linker stubs

.ARM.exidx
 *(.ARM.exidx* .gnu.linkonce.armexidx.*)
                0x080178b8                __exidx_end = .

.text.align     0x080178b8        0x0
                0x080178b8                . = ALIGN (0x8)
                0x080178b8                _etext = .
                0x08020000                __cs3_region_end_rom = (__cs3_region_start_rom + 0x20000)
                0x00020000                __cs3_region_size_rom = 0x20000
                0x00000001                __cs3_region_num = 0x1

.data           0x20000000      0x5e0 load address 0x080178b8
                0x20000000                __cs3_region_start_ram = .
 *(.cs3.region-head.ram)
 *(.jcr)
 .jcr           0x20000000        0x0 /home/laurence/CodeSourcery/Sourcery_G++_Lite/bin/../lib/gcc/arm-none-eabi/4.4.1/thumb2/crtbegin.o
 .jcr           0x20000000        0x4 /home/laurence/CodeSourcery/Sourcery_G++_Lite/bin/../lib/gcc/arm-none-eabi/4.4.1/thumb2/crtend.o
 *(.got.plt)
 *(.got)
 *(.shdata)
 *(.data .data.* .gnu.linkonce.d.*)
 .data          0x20000004        0x1 Util/Fatfs/sd_spi_stm32.o
 *fill*         0x20000005        0x3 00
 .data          0x20000008       0xb4 Control/imu.o
 .data          0x200000bc       0x14 lib/STM32F10x_StdPeriph_Driver/libstm32fw.a(stm32f10x_rcc.o)
 .data          0x200000d0        0x1 /home/laurence/CodeSourcery/Sourcery_G++_Lite/bin/../lib/gcc/arm-none-eabi/4.4.1/../../../../arm-none-eabi/lib/thumb2/libm.a(lib_a-s_lib_ver.o)
                0x200000d0                __fdlib_version
 *fill*         0x200000d1        0x3 00
 .data          0x200000d4       0xf4 /home/laurence/CodeSourcery/Sourcery_G++_Lite/bin/../lib/gcc/arm-none-eabi/4.4.1/../../../../arm-none-eabi/lib/thumb2/libc.a(lib_a-impure.o)
                0x200000d4                _impure_ptr
 .data          0x200001c8      0x410 /home/laurence/CodeSourcery/Sourcery_G++_Lite/bin/../lib/gcc/arm-none-eabi/4.4.1/../../../../arm-none-eabi/lib/thumb2/libc.a(lib_a-mallocr.o)
                0x200001c8                __malloc_av_
                0x200005d0                __malloc_sbrk_base
                0x200005d4                __malloc_trim_threshold
 .data          0x200005d8        0x4 /home/laurence/CodeSourcery/Sourcery_G++_Lite/bin/../lib/gcc/arm-none-eabi/4.4.1/../../../../arm-none-eabi/lib/thumb2/libcs3unhosted.a(unhosted-sbrk.o)
 .data          0x200005dc        0x4 /home/laurence/CodeSourcery/Sourcery_G++_Lite/bin/../lib/gcc/arm-none-eabi/4.4.1/../../../../arm-none-eabi/lib/thumb2/libcs3.a(heap.o)
                0x200005dc                __cs3_heap_limit
 *(.ram)
                0x200005e0                . = ALIGN (0x8)
                0x200005e0                _edata = .

.bss            0x200005e0     0x1148 load address 0x08017e98
 *(.shbss)
 *(.bss .bss.* .gnu.linkonce.b.*)
 .bss           0x200005e0        0x1 /home/laurence/CodeSourcery/Sourcery_G++_Lite/bin/../lib/gcc/arm-none-eabi/4.4.1/thumb2/crtbegin.o
 *fill*         0x200005e1        0x3 00
 .bss           0x200005e4       0x20 Sensors/bmp085.o
                0x200005e4                Sea_Level_Pressure
                0x200005e8                Our_Sensorcal
                0x20000600                Bmp_temp
 .bss           0x20000604        0xc Sensors/earth_field.o
 .bss           0x20000610        0xa Sensors/ubx.o
 *fill*         0x2000061a        0x2 00
 .bss           0x2000061c        0x8 Util/Fatfs/ff.o
 .bss           0x20000624       0x10 Util/Fatfs/sd_spi_stm32.o
 .bss           0x20000634       0x84 Util/rprintf.o
 .bss           0x200006b8      0x3bc main.o
                0x200006b8                Gps_Buffer
                0x200007bc                Gps
                0x200007e0                Home_Position
                0x200007ec                Long_To_Meters_Home
                0x20000a20                f_err_code
                0x20000a24                Nav_Flag
                0x20000a28                Nav_Global
                0x20000a5c                Balt
                0x20000a60                Waypoint_Global
                0x20000a6c                New_Waypoint_Flagged
                0x20000a70                Ground_Flag
 .bss           0x20000a74       0x1c pwm.o
                0x20000a74                TIM_TimeBaseStructure
                0x20000a80                TIM_OCInitStructure
 .bss           0x20000a90      0xbf8 Control/ekf.o
                0x20000a90                Be
                0x20000a9c                P
                0x20000d40                X
                0x20000d74                Q
                0x20000d98                R
                0x20000dc0                F
                0x20001064                G
                0x20001238                K
                0x20001440                H
                0x20001648                Nav
                0x2000167c                zeros
 .bss           0x20001688       0x68 Control/imu.o
 .bss           0x200016f0       0x34 /home/laurence/CodeSourcery/Sourcery_G++_Lite/bin/../lib/gcc/arm-none-eabi/4.4.1/../../../../arm-none-eabi/lib/thumb2/libc.a(lib_a-mallocr.o)
                0x200016f0                __malloc_top_pad
                0x200016f4                __malloc_current_mallinfo
                0x2000171c                __malloc_max_sbrked_mem
                0x20001720                __malloc_max_total_mem
 *(COMMON)
 COMMON         0x20001724        0x4 /home/laurence/CodeSourcery/Sourcery_G++_Lite/bin/../lib/gcc/arm-none-eabi/4.4.1/../../../../arm-none-eabi/lib/thumb2/libc.a(lib_a-reent.o)
                0x20001724                errno
 *(.ram.b)
                0x20001728                . = ALIGN (0x8)
                0x20001728                _end = .
                0x20001728                __end = .
                0x20005000                __cs3_region_end_ram = (__cs3_region_start_ram + 0x5000)
                0x00005000                __cs3_region_size_ram = 0x5000
                0x080178b8                __cs3_region_init_ram = LOADADDR (.data)
                0x000005e0                __cs3_region_init_size_ram = (_edata - ADDR (.data))
                0x00001148                __cs3_region_zero_size_ram = (_end - _edata)
                0x00000001                __cs3_region_num = 0x1

.stab
 *(.stab)

.stabstr
 *(.stabstr)

.debug
 *(.debug)

.line
 *(.line)

.debug_srcinfo
 *(.debug_srcinfo)

.debug_sfnames
 *(.debug_sfnames)

.debug_aranges
 *(.debug_aranges)

.debug_pubnames
 *(.debug_pubnames)

.debug_info
 *(.debug_info .gnu.linkonce.wi.*)

.debug_abbrev
 *(.debug_abbrev)

.debug_line
 *(.debug_line)

.comment        0x00000000      0x68d
 .comment       0x00000000       0x2b Sensors/bmp085.o
 .comment       0x0000002b       0x2b Sensors/earth_field.o
 .comment       0x00000056       0x2b Sensors/pitot.o
 .comment       0x00000081       0x2b Sensors/ubx.o
 .comment       0x000000ac       0x2b Util/Fatfs/fattime.o
 .comment       0x000000d7       0x2b Util/Fatfs/ff.o
 .comment       0x00000102       0x2b Util/Fatfs/rtc.o
 .comment       0x0000012d       0x2b Util/Fatfs/sd_spi_stm32.o
 .comment       0x00000158       0x2b Util/atmospherics.o
 .comment       0x00000183       0x2b Util/coords.o
 .comment       0x000001ae       0x2b Util/delay.o
 .comment       0x000001d9       0x2b Util/rprintf.o
 .comment       0x00000204       0x2b Util/time.o
 .comment       0x0000022f       0x2b dma.o
 .comment       0x0000025a       0x2b gpio.o
 .comment       0x00000285       0x2b i2c.o
 .comment       0x000002b0       0x2b interrupts.o
 .comment       0x000002db       0x2b lib/CMSIS_CM3/core_cm3.o
 .comment       0x00000306       0x2b lib/CMSIS_CM3/system_stm32f10x.o
 .comment       0x00000331       0x2b main.o
 .comment       0x0000035c       0x2b pwm.o
 .comment       0x00000387       0x2b usart.o
 .comment       0x000003b2       0x2b Control/ekf.o
 .comment       0x000003dd       0x2b Control/imu.o
 .comment       0x00000408       0x2b Control/loops.o
 .comment       0x00000433       0x2b Control/sensorcal.o
 .comment       0x0000045e       0x2b Control/servos.o
 .comment       0x00000489       0x2b lib/STM32F10x_StdPeriph_Driver/libstm32fw.a(misc.o)
 .comment       0x000004b4       0x2b lib/STM32F10x_StdPeriph_Driver/libstm32fw.a(stm32f10x_bkp.o)
 .comment       0x000004df       0x2b lib/STM32F10x_StdPeriph_Driver/libstm32fw.a(stm32f10x_dma.o)
 .comment       0x0000050a       0x2b lib/STM32F10x_StdPeriph_Driver/libstm32fw.a(stm32f10x_exti.o)
 .comment       0x00000535       0x2b lib/STM32F10x_StdPeriph_Driver/libstm32fw.a(stm32f10x_gpio.o)
 .comment       0x00000560       0x2b lib/STM32F10x_StdPeriph_Driver/libstm32fw.a(stm32f10x_i2c.o)
 .comment       0x0000058b       0x2b lib/STM32F10x_StdPeriph_Driver/libstm32fw.a(stm32f10x_pwr.o)
 .comment       0x000005b6       0x2b lib/STM32F10x_StdPeriph_Driver/libstm32fw.a(stm32f10x_rcc.o)
 .comment       0x000005e1       0x2b lib/STM32F10x_StdPeriph_Driver/libstm32fw.a(stm32f10x_rtc.o)
 .comment       0x0000060c       0x2b lib/STM32F10x_StdPeriph_Driver/libstm32fw.a(stm32f10x_spi.o)
 .comment       0x00000637       0x2b lib/STM32F10x_StdPeriph_Driver/libstm32fw.a(stm32f10x_tim.o)
 .comment       0x00000662       0x2b lib/STM32F10x_StdPeriph_Driver/libstm32fw.a(stm32f10x_usart.o)

.debug_frame    0x00000000      0x71c
 *(.debug_frame)
 .debug_frame   0x00000000       0x34 /home/laurence/CodeSourcery/Sourcery_G++_Lite/bin/../lib/gcc/arm-none-eabi/4.4.1/../../../../arm-none-eabi/lib/thumb2/libm.a(lib_a-s_cos.o)
 .debug_frame   0x00000034       0x34 /home/laurence/CodeSourcery/Sourcery_G++_Lite/bin/../lib/gcc/arm-none-eabi/4.4.1/../../../../arm-none-eabi/lib/thumb2/libm.a(lib_a-s_sin.o)
 .debug_frame   0x00000068       0x38 /home/laurence/CodeSourcery/Sourcery_G++_Lite/bin/../lib/gcc/arm-none-eabi/4.4.1/../../../../arm-none-eabi/lib/thumb2/libm.a(lib_a-w_asin.o)
 .debug_frame   0x000000a0       0x20 /home/laurence/CodeSourcery/Sourcery_G++_Lite/bin/../lib/gcc/arm-none-eabi/4.4.1/../../../../arm-none-eabi/lib/thumb2/libm.a(lib_a-w_atan2.o)
 .debug_frame   0x000000c0       0x3c /home/laurence/CodeSourcery/Sourcery_G++_Lite/bin/../lib/gcc/arm-none-eabi/4.4.1/../../../../arm-none-eabi/lib/thumb2/libm.a(lib_a-w_pow.o)
 .debug_frame   0x000000fc       0x3c /home/laurence/CodeSourcery/Sourcery_G++_Lite/bin/../lib/gcc/arm-none-eabi/4.4.1/../../../../arm-none-eabi/lib/thumb2/libm.a(lib_a-w_sqrt.o)
 .debug_frame   0x00000138       0x3c /home/laurence/CodeSourcery/Sourcery_G++_Lite/bin/../lib/gcc/arm-none-eabi/4.4.1/../../../../arm-none-eabi/lib/thumb2/libm.a(lib_a-e_asin.o)
 .debug_frame   0x00000174       0x3c /home/laurence/CodeSourcery/Sourcery_G++_Lite/bin/../lib/gcc/arm-none-eabi/4.4.1/../../../../arm-none-eabi/lib/thumb2/libm.a(lib_a-e_atan2.o)
 .debug_frame   0x000001b0       0x3c /home/laurence/CodeSourcery/Sourcery_G++_Lite/bin/../lib/gcc/arm-none-eabi/4.4.1/../../../../arm-none-eabi/lib/thumb2/libm.a(lib_a-e_pow.o)
 .debug_frame   0x000001ec       0x3c /home/laurence/CodeSourcery/Sourcery_G++_Lite/bin/../lib/gcc/arm-none-eabi/4.4.1/../../../../arm-none-eabi/lib/thumb2/libm.a(lib_a-e_rem_pio2.o)
 .debug_frame   0x00000228       0x34 /home/laurence/CodeSourcery/Sourcery_G++_Lite/bin/../lib/gcc/arm-none-eabi/4.4.1/../../../../arm-none-eabi/lib/thumb2/libm.a(lib_a-e_sqrt.o)
 .debug_frame   0x0000025c       0x3c /home/laurence/CodeSourcery/Sourcery_G++_Lite/bin/../lib/gcc/arm-none-eabi/4.4.1/../../../../arm-none-eabi/lib/thumb2/libm.a(lib_a-k_cos.o)
 .debug_frame   0x00000298       0x3c /home/laurence/CodeSourcery/Sourcery_G++_Lite/bin/../lib/gcc/arm-none-eabi/4.4.1/../../../../arm-none-eabi/lib/thumb2/libm.a(lib_a-k_rem_pio2.o)
 .debug_frame   0x000002d4       0x3c /home/laurence/CodeSourcery/Sourcery_G++_Lite/bin/../lib/gcc/arm-none-eabi/4.4.1/../../../../arm-none-eabi/lib/thumb2/libm.a(lib_a-k_sin.o)
 .debug_frame   0x00000310       0x38 /home/laurence/CodeSourcery/Sourcery_G++_Lite/bin/../lib/gcc/arm-none-eabi/4.4.1/../../../../arm-none-eabi/lib/thumb2/libm.a(lib_a-s_atan.o)
 .debug_frame   0x00000348       0x20 /home/laurence/CodeSourcery/Sourcery_G++_Lite/bin/../lib/gcc/arm-none-eabi/4.4.1/../../../../arm-none-eabi/lib/thumb2/libm.a(lib_a-s_fabs.o)
 .debug_frame   0x00000368       0x20 /home/laurence/CodeSourcery/Sourcery_G++_Lite/bin/../lib/gcc/arm-none-eabi/4.4.1/../../../../arm-none-eabi/lib/thumb2/libm.a(lib_a-s_finite.o)
 .debug_frame   0x00000388       0x34 /home/laurence/CodeSourcery/Sourcery_G++_Lite/bin/../lib/gcc/arm-none-eabi/4.4.1/../../../../arm-none-eabi/lib/thumb2/libm.a(lib_a-s_floor.o)
 .debug_frame   0x000003bc       0x20 /home/laurence/CodeSourcery/Sourcery_G++_Lite/bin/../lib/gcc/arm-none-eabi/4.4.1/../../../../arm-none-eabi/lib/thumb2/libm.a(lib_a-s_isnand.o)
 .debug_frame   0x000003dc       0x20 /home/laurence/CodeSourcery/Sourcery_G++_Lite/bin/../lib/gcc/arm-none-eabi/4.4.1/../../../../arm-none-eabi/lib/thumb2/libm.a(lib_a-s_matherr.o)
 .debug_frame   0x000003fc       0x20 /home/laurence/CodeSourcery/Sourcery_G++_Lite/bin/../lib/gcc/arm-none-eabi/4.4.1/../../../../arm-none-eabi/lib/thumb2/libm.a(lib_a-s_nan.o)
 .debug_frame   0x0000041c       0x38 /home/laurence/CodeSourcery/Sourcery_G++_Lite/bin/../lib/gcc/arm-none-eabi/4.4.1/../../../../arm-none-eabi/lib/thumb2/libm.a(lib_a-s_rint.o)
 .debug_frame   0x00000454       0x30 /home/laurence/CodeSourcery/Sourcery_G++_Lite/bin/../lib/gcc/arm-none-eabi/4.4.1/../../../../arm-none-eabi/lib/thumb2/libm.a(lib_a-s_scalbn.o)
 .debug_frame   0x00000484       0x28 /home/laurence/CodeSourcery/Sourcery_G++_Lite/bin/../lib/gcc/arm-none-eabi/4.4.1/../../../../arm-none-eabi/lib/thumb2/libm.a(lib_a-s_copysign.o)
 .debug_frame   0x000004ac       0x20 /home/laurence/CodeSourcery/Sourcery_G++_Lite/bin/../lib/gcc/arm-none-eabi/4.4.1/thumb2/libgcc.a(_divsi3.o)
 .debug_frame   0x000004cc       0x20 /home/laurence/CodeSourcery/Sourcery_G++_Lite/bin/../lib/gcc/arm-none-eabi/4.4.1/../../../../arm-none-eabi/lib/thumb2/libc.a(lib_a-errno.o)
 .debug_frame   0x000004ec       0x30 /home/laurence/CodeSourcery/Sourcery_G++_Lite/bin/../lib/gcc/arm-none-eabi/4.4.1/../../../../arm-none-eabi/lib/thumb2/libc.a(lib_a-malloc.o)
 .debug_frame   0x0000051c       0x3c /home/laurence/CodeSourcery/Sourcery_G++_Lite/bin/../lib/gcc/arm-none-eabi/4.4.1/../../../../arm-none-eabi/lib/thumb2/libc.a(lib_a-mallocr.o)
 .debug_frame   0x00000558       0x30 /home/laurence/CodeSourcery/Sourcery_G++_Lite/bin/../lib/gcc/arm-none-eabi/4.4.1/../../../../arm-none-eabi/lib/thumb2/libc.a(lib_a-mlock.o)
 .debug_frame   0x00000588       0x2c /home/laurence/CodeSourcery/Sourcery_G++_Lite/bin/../lib/gcc/arm-none-eabi/4.4.1/../../../../arm-none-eabi/lib/thumb2/libc.a(lib_a-sbrkr.o)
 .debug_frame   0x000005b4       0x20 /home/laurence/CodeSourcery/Sourcery_G++_Lite/bin/../lib/gcc/arm-none-eabi/4.4.1/../../../../arm-none-eabi/lib/thumb2/libc.a(lib_a-strcpy.o)
 .debug_frame   0x000005d4       0x50 /home/laurence/CodeSourcery/Sourcery_G++_Lite/bin/../lib/gcc/arm-none-eabi/4.4.1/../../../../arm-none-eabi/lib/thumb2/libc.a(lib_a-freer.o)
 .debug_frame   0x00000624       0x64 /home/laurence/CodeSourcery/Sourcery_G++_Lite/bin/../lib/gcc/arm-none-eabi/4.4.1/../../../../arm-none-eabi/lib/thumb2/libc.a(lib_a-reent.o)
 .debug_frame   0x00000688       0x40 /home/laurence/CodeSourcery/Sourcery_G++_Lite/bin/../lib/gcc/arm-none-eabi/4.4.1/../../../../arm-none-eabi/lib/thumb2/libcs3.a(start_c.o)
 .debug_frame   0x000006c8       0x28 /home/laurence/CodeSourcery/Sourcery_G++_Lite/bin/../lib/gcc/arm-none-eabi/4.4.1/../../../../arm-none-eabi/lib/thumb2/libcs3unhosted.a(unhosted-sbrk.o)
 .debug_frame   0x000006f0       0x2c /home/laurence/CodeSourcery/Sourcery_G++_Lite/bin/../lib/gcc/arm-none-eabi/4.4.1/../../../../arm-none-eabi/lib/thumb2/libc.a(lib_a-init.o)

.debug_str
 *(.debug_str)

.debug_loc
 *(.debug_loc)

.debug_macinfo
 *(.debug_macinfo)

.debug_weaknames
 *(.debug_weaknames)

.debug_funcnames
 *(.debug_funcnames)

.debug_typenames
 *(.debug_typenames)

.debug_varnames
 *(.debug_varnames)

.note.gnu.arm.ident
 *(.note.gnu.arm.ident)

.ARM.attributes
                0x00000000       0x25
 *(.ARM.attributes)
 .ARM.attributes
                0x00000000       0x19 /home/laurence/CodeSourcery/Sourcery_G++_Lite/bin/../lib/gcc/arm-none-eabi/4.4.1/thumb2/crti.o
 .ARM.attributes
                0x00000019       0x29 /home/laurence/CodeSourcery/Sourcery_G++_Lite/bin/../lib/gcc/arm-none-eabi/4.4.1/thumb2/crtbegin.o
 .ARM.attributes
                0x00000042       0x31 Sensors/bmp085.o
 .ARM.attributes
                0x00000073       0x31 Sensors/earth_field.o
 .ARM.attributes
                0x000000a4       0x31 Sensors/pitot.o
 .ARM.attributes
                0x000000d5       0x31 Sensors/ubx.o
 .ARM.attributes
                0x00000106       0x31 Util/Fatfs/fattime.o
 .ARM.attributes
                0x00000137       0x31 Util/Fatfs/ff.o
 .ARM.attributes
                0x00000168       0x31 Util/Fatfs/rtc.o
 .ARM.attributes
                0x00000199       0x31 Util/Fatfs/sd_spi_stm32.o
 .ARM.attributes
                0x000001ca       0x31 Util/atmospherics.o
 .ARM.attributes
                0x000001fb       0x31 Util/coords.o
 .ARM.attributes
                0x0000022c       0x31 Util/delay.o
 .ARM.attributes
                0x0000025d       0x31 Util/rprintf.o
 .ARM.attributes
                0x0000028e       0x31 Util/time.o
 .ARM.attributes
                0x000002bf       0x31 dma.o
 .ARM.attributes
                0x000002f0       0x31 gpio.o
 .ARM.attributes
                0x00000321       0x31 i2c.o
 .ARM.attributes
                0x00000352       0x31 interrupts.o
 .ARM.attributes
                0x00000383       0x31 lib/CMSIS_CM3/core_cm3.o
 .ARM.attributes
                0x000003b4       0x21 lib/CMSIS_CM3/startup/gcc/startup_stm32f10x_md.o
 .ARM.attributes
                0x000003d5       0x31 lib/CMSIS_CM3/system_stm32f10x.o
 .ARM.attributes
                0x00000406       0x31 main.o
 .ARM.attributes
                0x00000437       0x31 pwm.o
 .ARM.attributes
                0x00000468       0x31 usart.o
 .ARM.attributes
                0x00000499       0x31 Control/ekf.o
 .ARM.attributes
                0x000004ca       0x31 Control/imu.o
 .ARM.attributes
                0x000004fb       0x31 Control/loops.o
 .ARM.attributes
                0x0000052c       0x31 Control/sensorcal.o
 .ARM.attributes
                0x0000055d       0x31 Control/servos.o
 .ARM.attributes
                0x0000058e       0x31 lib/STM32F10x_StdPeriph_Driver/libstm32fw.a(misc.o)
 .ARM.attributes
                0x000005bf       0x31 lib/STM32F10x_StdPeriph_Driver/libstm32fw.a(stm32f10x_bkp.o)
 .ARM.attributes
                0x000005f0       0x31 lib/STM32F10x_StdPeriph_Driver/libstm32fw.a(stm32f10x_dma.o)
 .ARM.attributes
                0x00000621       0x31 lib/STM32F10x_StdPeriph_Driver/libstm32fw.a(stm32f10x_exti.o)
 .ARM.attributes
                0x00000652       0x31 lib/STM32F10x_StdPeriph_Driver/libstm32fw.a(stm32f10x_gpio.o)
 .ARM.attributes
                0x00000683       0x31 lib/STM32F10x_StdPeriph_Driver/libstm32fw.a(stm32f10x_i2c.o)
 .ARM.attributes
                0x000006b4       0x31 lib/STM32F10x_StdPeriph_Driver/libstm32fw.a(stm32f10x_pwr.o)
 .ARM.attributes
                0x000006e5       0x31 lib/STM32F10x_StdPeriph_Driver/libstm32fw.a(stm32f10x_rcc.o)
 .ARM.attributes
                0x00000716       0x31 lib/STM32F10x_StdPeriph_Driver/libstm32fw.a(stm32f10x_rtc.o)
 .ARM.attributes
                0x00000747       0x31 lib/STM32F10x_StdPeriph_Driver/libstm32fw.a(stm32f10x_spi.o)
 .ARM.attributes
                0x00000778       0x31 lib/STM32F10x_StdPeriph_Driver/libstm32fw.a(stm32f10x_tim.o)
 .ARM.attributes
                0x000007a9       0x31 lib/STM32F10x_StdPeriph_Driver/libstm32fw.a(stm32f10x_usart.o)
 .ARM.attributes
                0x000007da       0x29 /home/laurence/CodeSourcery/Sourcery_G++_Lite/bin/../lib/gcc/arm-none-eabi/4.4.1/../../../../arm-none-eabi/lib/thumb2/libm.a(lib_a-s_cos.o)
 .ARM.attributes
                0x00000803       0x29 /home/laurence/CodeSourcery/Sourcery_G++_Lite/bin/../lib/gcc/arm-none-eabi/4.4.1/../../../../arm-none-eabi/lib/thumb2/libm.a(lib_a-s_sin.o)
 .ARM.attributes
                0x0000082c       0x29 /home/laurence/CodeSourcery/Sourcery_G++_Lite/bin/../lib/gcc/arm-none-eabi/4.4.1/../../../../arm-none-eabi/lib/thumb2/libm.a(lib_a-w_asin.o)
 .ARM.attributes
                0x00000855       0x29 /home/laurence/CodeSourcery/Sourcery_G++_Lite/bin/../lib/gcc/arm-none-eabi/4.4.1/../../../../arm-none-eabi/lib/thumb2/libm.a(lib_a-w_atan2.o)
 .ARM.attributes
                0x0000087e       0x29 /home/laurence/CodeSourcery/Sourcery_G++_Lite/bin/../lib/gcc/arm-none-eabi/4.4.1/../../../../arm-none-eabi/lib/thumb2/libm.a(lib_a-w_pow.o)
 .ARM.attributes
                0x000008a7       0x29 /home/laurence/CodeSourcery/Sourcery_G++_Lite/bin/../lib/gcc/arm-none-eabi/4.4.1/../../../../arm-none-eabi/lib/thumb2/libm.a(lib_a-w_sqrt.o)
 .ARM.attributes
                0x000008d0       0x29 /home/laurence/CodeSourcery/Sourcery_G++_Lite/bin/../lib/gcc/arm-none-eabi/4.4.1/../../../../arm-none-eabi/lib/thumb2/libm.a(lib_a-e_asin.o)
 .ARM.attributes
                0x000008f9       0x29 /home/laurence/CodeSourcery/Sourcery_G++_Lite/bin/../lib/gcc/arm-none-eabi/4.4.1/../../../../arm-none-eabi/lib/thumb2/libm.a(lib_a-e_atan2.o)
 .ARM.attributes
                0x00000922       0x29 /home/laurence/CodeSourcery/Sourcery_G++_Lite/bin/../lib/gcc/arm-none-eabi/4.4.1/../../../../arm-none-eabi/lib/thumb2/libm.a(lib_a-e_pow.o)
 .ARM.attributes
                0x0000094b       0x29 /home/laurence/CodeSourcery/Sourcery_G++_Lite/bin/../lib/gcc/arm-none-eabi/4.4.1/../../../../arm-none-eabi/lib/thumb2/libm.a(lib_a-e_rem_pio2.o)
 .ARM.attributes
                0x00000974       0x29 /home/laurence/CodeSourcery/Sourcery_G++_Lite/bin/../lib/gcc/arm-none-eabi/4.4.1/../../../../arm-none-eabi/lib/thumb2/libm.a(lib_a-e_sqrt.o)
 .ARM.attributes
                0x0000099d       0x29 /home/laurence/CodeSourcery/Sourcery_G++_Lite/bin/../lib/gcc/arm-none-eabi/4.4.1/../../../../arm-none-eabi/lib/thumb2/libm.a(lib_a-k_cos.o)
 .ARM.attributes
                0x000009c6       0x29 /home/laurence/CodeSourcery/Sourcery_G++_Lite/bin/../lib/gcc/arm-none-eabi/4.4.1/../../../../arm-none-eabi/lib/thumb2/libm.a(lib_a-k_rem_pio2.o)
 .ARM.attributes
                0x000009ef       0x29 /home/laurence/CodeSourcery/Sourcery_G++_Lite/bin/../lib/gcc/arm-none-eabi/4.4.1/../../../../arm-none-eabi/lib/thumb2/libm.a(lib_a-k_sin.o)
 .ARM.attributes
                0x00000a18       0x29 /home/laurence/CodeSourcery/Sourcery_G++_Lite/bin/../lib/gcc/arm-none-eabi/4.4.1/../../../../arm-none-eabi/lib/thumb2/libm.a(lib_a-s_atan.o)
 .ARM.attributes
                0x00000a41       0x29 /home/laurence/CodeSourcery/Sourcery_G++_Lite/bin/../lib/gcc/arm-none-eabi/4.4.1/../../../../arm-none-eabi/lib/thumb2/libm.a(lib_a-s_fabs.o)
 .ARM.attributes
                0x00000a6a       0x29 /home/laurence/CodeSourcery/Sourcery_G++_Lite/bin/../lib/gcc/arm-none-eabi/4.4.1/../../../../arm-none-eabi/lib/thumb2/libm.a(lib_a-s_finite.o)
 .ARM.attributes
                0x00000a93       0x29 /home/laurence/CodeSourcery/Sourcery_G++_Lite/bin/../lib/gcc/arm-none-eabi/4.4.1/../../../../arm-none-eabi/lib/thumb2/libm.a(lib_a-s_floor.o)
 .ARM.attributes
                0x00000abc       0x29 /home/laurence/CodeSourcery/Sourcery_G++_Lite/bin/../lib/gcc/arm-none-eabi/4.4.1/../../../../arm-none-eabi/lib/thumb2/libm.a(lib_a-s_isnand.o)
 .ARM.attributes
                0x00000ae5       0x29 /home/laurence/CodeSourcery/Sourcery_G++_Lite/bin/../lib/gcc/arm-none-eabi/4.4.1/../../../../arm-none-eabi/lib/thumb2/libm.a(lib_a-s_lib_ver.o)
 .ARM.attributes
                0x00000b0e       0x29 /home/laurence/CodeSourcery/Sourcery_G++_Lite/bin/../lib/gcc/arm-none-eabi/4.4.1/../../../../arm-none-eabi/lib/thumb2/libm.a(lib_a-s_matherr.o)
 .ARM.attributes
                0x00000b37       0x29 /home/laurence/CodeSourcery/Sourcery_G++_Lite/bin/../lib/gcc/arm-none-eabi/4.4.1/../../../../arm-none-eabi/lib/thumb2/libm.a(lib_a-s_nan.o)
 .ARM.attributes
                0x00000b60       0x29 /home/laurence/CodeSourcery/Sourcery_G++_Lite/bin/../lib/gcc/arm-none-eabi/4.4.1/../../../../arm-none-eabi/lib/thumb2/libm.a(lib_a-s_rint.o)
 .ARM.attributes
                0x00000b89       0x29 /home/laurence/CodeSourcery/Sourcery_G++_Lite/bin/../lib/gcc/arm-none-eabi/4.4.1/../../../../arm-none-eabi/lib/thumb2/libm.a(lib_a-s_scalbn.o)
 .ARM.attributes
                0x00000bb2       0x29 /home/laurence/CodeSourcery/Sourcery_G++_Lite/bin/../lib/gcc/arm-none-eabi/4.4.1/../../../../arm-none-eabi/lib/thumb2/libm.a(lib_a-s_copysign.o)
 .ARM.attributes
                0x00000bdb       0x1b /home/laurence/CodeSourcery/Sourcery_G++_Lite/bin/../lib/gcc/arm-none-eabi/4.4.1/thumb2/libgcc.a(_divsi3.o)
 .ARM.attributes
                0x00000bf6       0x1b /home/laurence/CodeSourcery/Sourcery_G++_Lite/bin/../lib/gcc/arm-none-eabi/4.4.1/thumb2/libgcc.a(_dvmd_tls.o)
 .ARM.attributes
                0x00000c11       0x1b /home/laurence/CodeSourcery/Sourcery_G++_Lite/bin/../lib/gcc/arm-none-eabi/4.4.1/thumb2/libgcc.a(_arm_addsubdf3.o)
 .ARM.attributes
                0x00000c2c       0x1b /home/laurence/CodeSourcery/Sourcery_G++_Lite/bin/../lib/gcc/arm-none-eabi/4.4.1/thumb2/libgcc.a(_arm_muldivdf3.o)
 .ARM.attributes
                0x00000c47       0x1b /home/laurence/CodeSourcery/Sourcery_G++_Lite/bin/../lib/gcc/arm-none-eabi/4.4.1/thumb2/libgcc.a(_arm_cmpdf2.o)
 .ARM.attributes
                0x00000c62       0x1b /home/laurence/CodeSourcery/Sourcery_G++_Lite/bin/../lib/gcc/arm-none-eabi/4.4.1/thumb2/libgcc.a(_arm_fixdfsi.o)
 .ARM.attributes
                0x00000c7d       0x1b /home/laurence/CodeSourcery/Sourcery_G++_Lite/bin/../lib/gcc/arm-none-eabi/4.4.1/thumb2/libgcc.a(_arm_truncdfsf2.o)
 .ARM.attributes
                0x00000c98       0x1b /home/laurence/CodeSourcery/Sourcery_G++_Lite/bin/../lib/gcc/arm-none-eabi/4.4.1/thumb2/libgcc.a(_arm_addsubsf3.o)
 .ARM.attributes
                0x00000cb3       0x1b /home/laurence/CodeSourcery/Sourcery_G++_Lite/bin/../lib/gcc/arm-none-eabi/4.4.1/thumb2/libgcc.a(_arm_muldivsf3.o)
 .ARM.attributes
                0x00000cce       0x1b /home/laurence/CodeSourcery/Sourcery_G++_Lite/bin/../lib/gcc/arm-none-eabi/4.4.1/thumb2/libgcc.a(_arm_cmpsf2.o)
 .ARM.attributes
                0x00000ce9       0x1b /home/laurence/CodeSourcery/Sourcery_G++_Lite/bin/../lib/gcc/arm-none-eabi/4.4.1/thumb2/libgcc.a(_arm_fixsfsi.o)
 .ARM.attributes
                0x00000d04       0x1b /home/laurence/CodeSourcery/Sourcery_G++_Lite/bin/../lib/gcc/arm-none-eabi/4.4.1/thumb2/libgcc.a(_arm_fixunssfsi.o)
 .ARM.attributes
                0x00000d1f       0x29 /home/laurence/CodeSourcery/Sourcery_G++_Lite/bin/../lib/gcc/arm-none-eabi/4.4.1/../../../../arm-none-eabi/lib/thumb2/libc.a(lib_a-errno.o)
 .ARM.attributes
                0x00000d48       0x29 /home/laurence/CodeSourcery/Sourcery_G++_Lite/bin/../lib/gcc/arm-none-eabi/4.4.1/../../../../arm-none-eabi/lib/thumb2/libc.a(lib_a-impure.o)
 .ARM.attributes
                0x00000d71       0x29 /home/laurence/CodeSourcery/Sourcery_G++_Lite/bin/../lib/gcc/arm-none-eabi/4.4.1/../../../../arm-none-eabi/lib/thumb2/libc.a(lib_a-malloc.o)
 .ARM.attributes
                0x00000d9a       0x29 /home/laurence/CodeSourcery/Sourcery_G++_Lite/bin/../lib/gcc/arm-none-eabi/4.4.1/../../../../arm-none-eabi/lib/thumb2/libc.a(lib_a-mallocr.o)
 .ARM.attributes
                0x00000dc3       0x29 /home/laurence/CodeSourcery/Sourcery_G++_Lite/bin/../lib/gcc/arm-none-eabi/4.4.1/../../../../arm-none-eabi/lib/thumb2/libc.a(lib_a-mlock.o)
 .ARM.attributes
                0x00000dec       0x29 /home/laurence/CodeSourcery/Sourcery_G++_Lite/bin/../lib/gcc/arm-none-eabi/4.4.1/../../../../arm-none-eabi/lib/thumb2/libc.a(lib_a-sbrkr.o)
 .ARM.attributes
                0x00000e15       0x29 /home/laurence/CodeSourcery/Sourcery_G++_Lite/bin/../lib/gcc/arm-none-eabi/4.4.1/../../../../arm-none-eabi/lib/thumb2/libc.a(lib_a-strcpy.o)
 .ARM.attributes
                0x00000e3e       0x29 /home/laurence/CodeSourcery/Sourcery_G++_Lite/bin/../lib/gcc/arm-none-eabi/4.4.1/../../../../arm-none-eabi/lib/thumb2/libc.a(lib_a-freer.o)
 .ARM.attributes
                0x00000e67       0x29 /home/laurence/CodeSourcery/Sourcery_G++_Lite/bin/../lib/gcc/arm-none-eabi/4.4.1/../../../../arm-none-eabi/lib/thumb2/libc.a(lib_a-reent.o)
 .ARM.attributes
                0x00000e90       0x29 /home/laurence/CodeSourcery/Sourcery_G++_Lite/bin/../lib/gcc/arm-none-eabi/4.4.1/thumb2/crtend.o
 .ARM.attributes
                0x00000eb9       0x19 /home/laurence/CodeSourcery/Sourcery_G++_Lite/bin/../lib/gcc/arm-none-eabi/4.4.1/thumb2/crtn.o
 .ARM.attributes
                0x00000ed2       0x29 /home/laurence/CodeSourcery/Sourcery_G++_Lite/bin/../lib/gcc/arm-none-eabi/4.4.1/../../../../arm-none-eabi/lib/thumb2/libcs3.a(start_c.o)
 .ARM.attributes
                0x00000efb       0x29 /home/laurence/CodeSourcery/Sourcery_G++_Lite/bin/../lib/gcc/arm-none-eabi/4.4.1/../../../../arm-none-eabi/lib/thumb2/libcs3unhosted.a(unhosted-sbrk.o)
 .ARM.attributes
                0x00000f24       0x19 /home/laurence/CodeSourcery/Sourcery_G++_Lite/bin/../lib/gcc/arm-none-eabi/4.4.1/../../../../arm-none-eabi/lib/thumb2/libcs3unhosted.a(unhosted-start.o)
 .ARM.attributes
                0x00000f3d       0x1f lib/libcs3-lanchon-stm32.a(lanchon-stm32-vector.o)
 .ARM.attributes
                0x00000f5c       0x21 lib/libcs3-lanchon-stm32.a(lanchon_stm32_isr_interrupt.o)
 .ARM.attributes
                0x00000f7d       0x29 /home/laurence/CodeSourcery/Sourcery_G++_Lite/bin/../lib/gcc/arm-none-eabi/4.4.1/../../../../arm-none-eabi/lib/thumb2/libc.a(lib_a-init.o)
 .ARM.attributes
                0x00000fa6       0x29 /home/laurence/CodeSourcery/Sourcery_G++_Lite/bin/../lib/gcc/arm-none-eabi/4.4.1/../../../../arm-none-eabi/lib/thumb2/libcs3.a(heap.o)

/DISCARD/
 *(.note.GNU-stack)
OUTPUT(main.elf elf32-littlearm)

Cross Reference Table

Symbol                                            File
ADC1_2_IRQHandler                                 lib/CMSIS_CM3/startup/gcc/startup_stm32f10x_md.o
ADC_IRQHandler                                    lib/libcs3-lanchon-stm32.a(lanchon_stm32_isr_interrupt.o)
                                                  lib/libcs3-lanchon-stm32.a(lanchon-stm32-vector.o)
Acc_Init                                          i2c.o
                                                  main.o
Air_Density                                       Util/atmospherics.o
                                                  Sensors/pitot.o
All_IO_Configuration                              gpio.o
                                                  main.o
Apply_Servos                                      Control/servos.o
                                                  Control/imu.o
Aux_Devices_Configuration                         gpio.o
BKP_ClearFlag                                     lib/STM32F10x_StdPeriph_Driver/libstm32fw.a(stm32f10x_bkp.o)
BKP_ClearITPendingBit                             lib/STM32F10x_StdPeriph_Driver/libstm32fw.a(stm32f10x_bkp.o)
BKP_DeInit                                        lib/STM32F10x_StdPeriph_Driver/libstm32fw.a(stm32f10x_bkp.o)
                                                  Util/Fatfs/rtc.o
BKP_GetFlagStatus                                 lib/STM32F10x_StdPeriph_Driver/libstm32fw.a(stm32f10x_bkp.o)
BKP_GetITStatus                                   lib/STM32F10x_StdPeriph_Driver/libstm32fw.a(stm32f10x_bkp.o)
BKP_ITConfig                                      lib/STM32F10x_StdPeriph_Driver/libstm32fw.a(stm32f10x_bkp.o)
BKP_RTCOutputConfig                               lib/STM32F10x_StdPeriph_Driver/libstm32fw.a(stm32f10x_bkp.o)
BKP_ReadBackupRegister                            lib/STM32F10x_StdPeriph_Driver/libstm32fw.a(stm32f10x_bkp.o)
                                                  Util/Fatfs/rtc.o
BKP_SetRTCCalibrationValue                        lib/STM32F10x_StdPeriph_Driver/libstm32fw.a(stm32f10x_bkp.o)
BKP_TamperPinCmd                                  lib/STM32F10x_StdPeriph_Driver/libstm32fw.a(stm32f10x_bkp.o)
BKP_TamperPinLevelConfig                          lib/STM32F10x_StdPeriph_Driver/libstm32fw.a(stm32f10x_bkp.o)
BKP_WriteBackupRegister                           lib/STM32F10x_StdPeriph_Driver/libstm32fw.a(stm32f10x_bkp.o)
                                                  Util/Fatfs/rtc.o
Balt                                              main.o
                                                  Control/imu.o
Baro_Convert_Pressure                             Sensors/bmp085.o
                                                  Control/imu.o
Baro_Read_ADC                                     Sensors/bmp085.o
                                                  Control/imu.o
                                                  main.o
Baro_Read_Full_ADC                                Sensors/bmp085.o
                                                  Control/imu.o
                                                  main.o
Baro_Setup_Pressure                               Sensors/bmp085.o
                                                  Control/imu.o
                                                  main.o
Baro_Setup_Temperature                            Sensors/bmp085.o
                                                  Control/imu.o
                                                  main.o
Be                                                Control/ekf.o
Bmp085_Convert                                    Sensors/bmp085.o
                                                  Control/imu.o
                                                  main.o
Bmp085_ReadConfig                                 Sensors/bmp085.o
                                                  main.o
Bmp_temp                                          Sensors/bmp085.o
                                                  Control/imu.o
                                                  main.o
BusFaultException                                 lib/libcs3-lanchon-stm32.a(lanchon_stm32_isr_interrupt.o)
                                                  lib/libcs3-lanchon-stm32.a(lanchon-stm32-vector.o)
BusFault_Handler                                  interrupts.o
Bytes_In_Buffer                                   dma.o
                                                  Control/imu.o
                                                  main.o
                                                  Sensors/ubx.o
CAN1_RX1_IRQHandler                               lib/CMSIS_CM3/startup/gcc/startup_stm32f10x_md.o
CAN1_SCE_IRQHandler                               lib/CMSIS_CM3/startup/gcc/startup_stm32f10x_md.o
CAN_RX1_IRQHandler                                lib/libcs3-lanchon-stm32.a(lanchon_stm32_isr_interrupt.o)
                                                  lib/libcs3-lanchon-stm32.a(lanchon-stm32-vector.o)
CAN_SCE_IRQHandler                                lib/libcs3-lanchon-stm32.a(lanchon_stm32_isr_interrupt.o)
                                                  lib/libcs3-lanchon-stm32.a(lanchon-stm32-vector.o)
Calibrate_3                                       Control/sensorcal.o
                                                  Control/imu.o
                                                  main.o
Config_Gps                                        Sensors/ubx.o
                                                  main.o
CovariancePrediction                              Control/ekf.o
CrossProduct                                      Util/coords.o
DMA1_Channel1_IRQHandler                          lib/CMSIS_CM3/startup/gcc/startup_stm32f10x_md.o
DMA1_Channel2_IRQHandler                          lib/CMSIS_CM3/startup/gcc/startup_stm32f10x_md.o
DMA1_Channel3_IRQHandler                          lib/CMSIS_CM3/startup/gcc/startup_stm32f10x_md.o
DMA1_Channel4_IRQHandler                          lib/CMSIS_CM3/startup/gcc/startup_stm32f10x_md.o
DMA1_Channel5_IRQHandler                          lib/CMSIS_CM3/startup/gcc/startup_stm32f10x_md.o
DMA1_Channel6_IRQHandler                          lib/CMSIS_CM3/startup/gcc/startup_stm32f10x_md.o