Archive member included because of file (symbol)

lib/STM32F10x_StdPeriph_Driver/libstm32fw.a(misc.o)
                              interrupts.o (NVIC_PriorityGroupConfig)
lib/STM32F10x_StdPeriph_Driver/libstm32fw.a(stm32f10x_bkp.o)
                              Util/Fatfs/rtc.o (BKP_WriteBackupRegister)
lib/STM32F10x_StdPeriph_Driver/libstm32fw.a(stm32f10x_dma.o)
                              dma.o (DMA_DeInit)
lib/STM32F10x_StdPeriph_Driver/libstm32fw.a(stm32f10x_exti.o)
                              interrupts.o (EXTI_Init)
lib/STM32F10x_StdPeriph_Driver/libstm32fw.a(stm32f10x_gpio.o)
                              Util/Fatfs/sd_spi_stm32.o (GPIO_Init)
lib/STM32F10x_StdPeriph_Driver/libstm32fw.a(stm32f10x_i2c.o)
                              i2c.o (I2C_Cmd)
lib/STM32F10x_StdPeriph_Driver/libstm32fw.a(stm32f10x_pwr.o)
                              Util/Fatfs/rtc.o (PWR_BackupAccessCmd)
lib/STM32F10x_StdPeriph_Driver/libstm32fw.a(stm32f10x_rcc.o)
                              Util/Fatfs/rtc.o (RCC_LSEConfig)
lib/STM32F10x_StdPeriph_Driver/libstm32fw.a(stm32f10x_rtc.o)
                              Util/Fatfs/rtc.o (RTC_GetCounter)
lib/STM32F10x_StdPeriph_Driver/libstm32fw.a(stm32f10x_spi.o)
                              Util/Fatfs/sd_spi_stm32.o (SPI_Init)
lib/STM32F10x_StdPeriph_Driver/libstm32fw.a(stm32f10x_usart.o)
                              usart.o (USART_Cmd)
/home/laurence/CodeSourcery/Sourcery_G++_Lite/bin/../lib/gcc/arm-none-eabi/4.4.1/../../../../arm-none-eabi/lib/thumb2/libm.a(lib_a-s_cos.o)
                              Sensors/earth_field.o (cos)
/home/laurence/CodeSourcery/Sourcery_G++_Lite/bin/../lib/gcc/arm-none-eabi/4.4.1/../../../../arm-none-eabi/lib/thumb2/libm.a(lib_a-s_sin.o)
                              Sensors/earth_field.o (sin)
/home/laurence/CodeSourcery/Sourcery_G++_Lite/bin/../lib/gcc/arm-none-eabi/4.4.1/../../../../arm-none-eabi/lib/thumb2/libm.a(lib_a-w_asin.o)
                              Sensors/earth_field.o (asin)
/home/laurence/CodeSourcery/Sourcery_G++_Lite/bin/../lib/gcc/arm-none-eabi/4.4.1/../../../../arm-none-eabi/lib/thumb2/libm.a(lib_a-w_atan2.o)
                              Sensors/earth_field.o (atan2)
/home/laurence/CodeSourcery/Sourcery_G++_Lite/bin/../lib/gcc/arm-none-eabi/4.4.1/../../../../arm-none-eabi/lib/thumb2/libm.a(lib_a-w_pow.o)
                              Sensors/bmp085.o (pow)
/home/laurence/CodeSourcery/Sourcery_G++_Lite/bin/../lib/gcc/arm-none-eabi/4.4.1/../../../../arm-none-eabi/lib/thumb2/libm.a(lib_a-w_sqrt.o)
                              Sensors/earth_field.o (sqrt)
/home/laurence/CodeSourcery/Sourcery_G++_Lite/bin/../lib/gcc/arm-none-eabi/4.4.1/../../../../arm-none-eabi/lib/thumb2/libm.a(lib_a-e_asin.o)
                              /home/laurence/CodeSourcery/Sourcery_G++_Lite/bin/../lib/gcc/arm-none-eabi/4.4.1/../../../../arm-none-eabi/lib/thumb2/libm.a(lib_a-w_asin.o) (__ieee754_asin)
/home/laurence/CodeSourcery/Sourcery_G++_Lite/bin/../lib/gcc/arm-none-eabi/4.4.1/../../../../arm-none-eabi/lib/thumb2/libm.a(lib_a-e_atan2.o)
                              /home/laurence/CodeSourcery/Sourcery_G++_Lite/bin/../lib/gcc/arm-none-eabi/4.4.1/../../../../arm-none-eabi/lib/thumb2/libm.a(lib_a-w_atan2.o) (__ieee754_atan2)
/home/laurence/CodeSourcery/Sourcery_G++_Lite/bin/../lib/gcc/arm-none-eabi/4.4.1/../../../../arm-none-eabi/lib/thumb2/libm.a(lib_a-e_pow.o)
                              /home/laurence/CodeSourcery/Sourcery_G++_Lite/bin/../lib/gcc/arm-none-eabi/4.4.1/../../../../arm-none-eabi/lib/thumb2/libm.a(lib_a-w_pow.o) (__ieee754_pow)
/home/laurence/CodeSourcery/Sourcery_G++_Lite/bin/../lib/gcc/arm-none-eabi/4.4.1/../../../../arm-none-eabi/lib/thumb2/libm.a(lib_a-e_rem_pio2.o)
                              /home/laurence/CodeSourcery/Sourcery_G++_Lite/bin/../lib/gcc/arm-none-eabi/4.4.1/../../../../arm-none-eabi/lib/thumb2/libm.a(lib_a-s_cos.o) (__ieee754_rem_pio2)
/home/laurence/CodeSourcery/Sourcery_G++_Lite/bin/../lib/gcc/arm-none-eabi/4.4.1/../../../../arm-none-eabi/lib/thumb2/libm.a(lib_a-e_sqrt.o)
                              /home/laurence/CodeSourcery/Sourcery_G++_Lite/bin/../lib/gcc/arm-none-eabi/4.4.1/../../../../arm-none-eabi/lib/thumb2/libm.a(lib_a-w_sqrt.o) (__ieee754_sqrt)
/home/laurence/CodeSourcery/Sourcery_G++_Lite/bin/../lib/gcc/arm-none-eabi/4.4.1/../../../../arm-none-eabi/lib/thumb2/libm.a(lib_a-k_cos.o)
                              /home/laurence/CodeSourcery/Sourcery_G++_Lite/bin/../lib/gcc/arm-none-eabi/4.4.1/../../../../arm-none-eabi/lib/thumb2/libm.a(lib_a-s_cos.o) (__kernel_cos)
/home/laurence/CodeSourcery/Sourcery_G++_Lite/bin/../lib/gcc/arm-none-eabi/4.4.1/../../../../arm-none-eabi/lib/thumb2/libm.a(lib_a-k_rem_pio2.o)
                              /home/laurence/CodeSourcery/Sourcery_G++_Lite/bin/../lib/gcc/arm-none-eabi/4.4.1/../../../../arm-none-eabi/lib/thumb2/libm.a(lib_a-e_rem_pio2.o) (__kernel_rem_pio2)
[...]
Memory Configuration

Name             Origin             Length             Attributes
ram              0x20000000         0x00005000         xrw
rom              0x08000000         0x00020000         xr
*default*        0x00000000         0xffffffff

Linker script and memory map

LOAD /home/laurence/CodeSourcery/Sourcery_G++_Lite/bin/../lib/gcc/arm-none-eabi/4.4.1/thumb2/crti.o
LOAD /home/laurence/CodeSourcery/Sourcery_G++_Lite/bin/../lib/gcc/arm-none-eabi/4.4.1/thumb2/crtbegin.o
LOAD Sensors/bmp085.o
LOAD Sensors/earth_field.o
LOAD Sensors/pitot.o
LOAD Sensors/ubx.o
LOAD Util/Fatfs/fattime.o
LOAD Util/Fatfs/ff.o
LOAD Util/Fatfs/rtc.o
LOAD Util/Fatfs/sd_spi_stm32.o
LOAD Util/coords.o
LOAD Util/delay.o
LOAD Util/rprintf.o
LOAD Util/time.o
LOAD dma.o
LOAD gpio.o
LOAD i2c.o
LOAD interrupts.o
LOAD lib/CMSIS_CM3/core_cm3.o
LOAD lib/CMSIS_CM3/startup/gcc/startup_stm32f10x_md.o
LOAD lib/CMSIS_CM3/system_stm32f10x.o
LOAD main.o
LOAD usart.o
LOAD Control/ekf.o
LOAD Control/imu.o
LOAD Control/loops.o
LOAD Control/sensorcal.o
LOAD lib/STM32F10x_StdPeriph_Driver/libstm32fw.a
LOAD lib/STM32_USB-FS-Device_Driver/libstm32usb.a
LOAD /home/laurence/CodeSourcery/Sourcery_G++_Lite/bin/../lib/gcc/arm-none-eabi/4.4.1/../../../../arm-none-eabi/lib/thumb2/libm.a
START GROUP
LOAD /home/laurence/CodeSourcery/Sourcery_G++_Lite/bin/../lib/gcc/arm-none-eabi/4.4.1/thumb2/libgcc.a
LOAD /home/laurence/CodeSourcery/Sourcery_G++_Lite/bin/../lib/gcc/arm-none-eabi/4.4.1/../../../../arm-none-eabi/lib/thumb2/libc.a
END GROUP
LOAD /home/laurence/CodeSourcery/Sourcery_G++_Lite/bin/../lib/gcc/arm-none-eabi/4.4.1/thumb2/crtend.o
LOAD /home/laurence/CodeSourcery/Sourcery_G++_Lite/bin/../lib/gcc/arm-none-eabi/4.4.1/thumb2/crtn.o
START GROUP
LOAD /home/laurence/CodeSourcery/Sourcery_G++_Lite/bin/../lib/gcc/arm-none-eabi/4.4.1/thumb2/libgcc.a
LOAD /home/laurence/CodeSourcery/Sourcery_G++_Lite/bin/../lib/gcc/arm-none-eabi/4.4.1/../../../../arm-none-eabi/lib/thumb2/libc.a
LOAD /home/laurence/CodeSourcery/Sourcery_G++_Lite/bin/../lib/gcc/arm-none-eabi/4.4.1/../../../../arm-none-eabi/lib/thumb2/libcs3.a
LOAD /home/laurence/CodeSourcery/Sourcery_G++_Lite/bin/../lib/gcc/arm-none-eabi/4.4.1/../../../../arm-none-eabi/lib/thumb2/libcs3unhosted.a
LOAD lib/libcs3-lanchon-stm32.a
END GROUP
                0x20005000                PROVIDE (__cs3_stack, (__cs3_region_start_ram + __cs3_region_size_ram))
                0x200016e8                PROVIDE (__cs3_heap_start, _end)
                0x20005000                PROVIDE (__cs3_heap_end, (__cs3_region_start_ram + __cs3_region_size_ram))

.text           0x08000000    0x166b8
 CREATE_OBJECT_SYMBOLS
                0x08000000                __cs3_region_start_rom = .
 *(.cs3.region-head.rom)
                0x08000000                __cs3_interrupt_vector = __cs3_interrupt_vector_lanchon_stm32
 *(.cs3.interrupt_vector)
 .cs3.interrupt_vector
                0x08000000       0xec lib/libcs3-lanchon-stm32.a(lanchon-stm32-vector.o)
                0x08000000                __cs3_interrupt_vector_lanchon_stm32
                0x08000001                ASSERT ((. != __cs3_interrupt_vector_lanchon_stm32), No interrupt vector)
 *(.rom)
 *(.rom.b)
                0x0801552c                PROVIDE (__cs3_reset_lanchon_stm32, _start)
                0x0801552c                __cs3_reset = __cs3_reset_lanchon_stm32
 *(.cs3.reset)
 *(.text .text.* .gnu.linkonce.t.*)
 .text          0x080000ec       0x30 /home/laurence/CodeSourcery/Sourcery_G++_Lite/bin/../lib/gcc/arm-none-eabi/4.4.1/thumb2/crtbegin.o
 *fill*         0x0800011c        0x4 00
 .text          0x08000120      0x230 Sensors/bmp085.o
                0x08000120                Bmp085_Convert
                0x080001d8                Baro_Convert_Pressure
                0x08000228                Baro_Setup_Temperature
                0x08000248                Baro_Setup_Pressure
                0x08000268                Baro_Read_Full_ADC
                0x08000292                bmp085ReadShort
                0x080002ae                Baro_Read_ADC
                0x080002b4                Bmp085_ReadConfig
 .text          0x08000350     0x1920 Sensors/earth_field.o
                0x08000350                WMM_CalculateSecularVariation
                0x08000458                WMM_get_secular_var_coeff_g
                0x08000470                WMM_get_main_field_coeff_g
                0x0800050c                WMM_get_secular_var_coeff_h
                0x08000524                WMM_get_main_field_coeff_h
                0x080005b8                WMM_DateToYear
                0x080005f4                WMM_RotateMagneticVector
                0x080006b0                WMM_ComputeSphericalHarmonicVariables
                0x08000784                WMM_GeodeticToSpherical
                0x080008e8                WMM_SecVarSummationSpecial
                0x08000a84                WMM_SecVarSummation
                0x08000c84                WMM_SummationSpecial
                0x08000e24                WMM_Summation
                0x08001024                WMM_PcupLow
                0x08001370                WMM_PcupHigh
                0x08001816                WMM_AssociatedLegendreFunction
                0x080018a4                WMM_CalculateGeoMagneticElements
                0x08001968                WMM_Geomag
                0x08001a60                WMM_Initialize
                0x08001ad8                WMM_GetMagVector
 .text          0x08001c70       0x98 Sensors/pitot.o
                0x08001c70                Pitot_Conv
                0x08001c86                Pitot_convert_Airspeed
                0x08001cb0                Pitot_Read_Conv
                0x08001cd8                Pitot_Set_Temp_Conv
                0x08001cf0                Pitot_Set_Press_Conv
 .text          0x08001d08      0x31c Sensors/ubx.o
                0x08001d08                Gps_Process_Byte
                0x08001e74                Get_UBX_Ack
                0x08001f20                Config_Gps
 .text          0x08002024       0x42 Util/Fatfs/fattime.o
                0x08002024                get_fattime
 *fill*         0x08002066        0x2 00
 .text          0x08002068     0x1a54 Util/Fatfs/ff.o
                0x0800208e                clust2sect
                0x0800213e                f_mount
                0x0800257c                put_fat
                0x0800267a                get_fat
                0x080028ca                f_truncate
                0x08002b30                f_readdir
                0x08002b7e                f_getfree
                0x08002c5e                f_lseek
                0x08002db0                f_write
                0x08002f62                f_read
                0x0800318c                f_sync
                0x08003242                f_close
                0x08003450                f_stat
                0x08003492                f_opendir
                0x08003500                f_rename
                0x08003626                f_utime
                0x08003688                f_chmod
                0x080036e4                f_unlink
                0x080037ac                f_mkdir
                0x0800395e                f_open
 .text          0x08003abc      0x2e4 Util/Fatfs/rtc.o
                0x08003b98                my_RTC_SetCounter
                0x08003bba                rtc_settime
                0x08003c8c                rtc_init
                0x08003d26                rtc_gettime
 .text          0x08003da0      0x7cc Util/Fatfs/sd_spi_stm32.o
                0x08003dc8                disk_status
                0x08003dd8                disk_timerproc
                0x08004058                disk_initialize
                0x080041dc                disk_ioctl
                0x080043e0                disk_read
                0x080044c0                disk_write
 *fill*         0x0800456c        0x4 00
 .text          0x08004570      0x630 Util/coords.o
                0x08004570                CrossProduct
                0x080045ce                quat_inverse
                0x080045ea                quat_copy
                0x08004600                quat_mult
                0x0800470a                rot_mult
                0x080047aa                VectorMagnitude
                0x080047ec                RotFrom2Vectors
                0x080049b8                R2Quaternion
 .text          0x08004ba0       0x16 Util/delay.o
                0x08004ba0                Delay
 *fill*         0x08004bb6        0x2 00
 .text          0x08004bb8      0x57c Util/rprintf.o
                0x08004bb8                rprintfInit
                0x08004bc4                rprintfChar
                0x08004be4                rprintfStr
                0x08004bfc                rprintfStrLen
                0x08004c32                rprintfCRLF
                0x08004c36                rprintfu04
                0x08004c40                rprintfu08
                0x08004c52                rprintfu16
                0x08004c64                rprintfu32
                0x08004c76                rprintfNum
                0x08004d2c                rprintfFloat
                0x08004de4                Isdigit
                0x08004df2                atoiRamRom
                0x08004e18                rStrLen
                0x08004e28                rprintf2RamRom
 .text          0x08005134       0x20 Util/time.o
                0x08005134                Set_RTC_From_GPS
 .text          0x08005154       0xd8 dma.o
                0x08005154                Pop_From_Buffer
                0x08005170                Bytes_In_Buffer
                0x0800519c                Get_From_Buffer
                0x080051d0                Flush_Buffer
                0x080051e2                DMA_Configuration
 .text          0x0800522c      0x1e0 gpio.o
                0x0800522c                Get_MEMS_DRDY
                0x08005254                MEMS_Status_Configuration
                0x08005290                Aux_Devices_Configuration
                0x080052ec                SPI_Control_Configuration
                0x08005354                GPS_IO_Configuration
                0x080053a0                GPIO_Config_AF_Periferals
                0x080053f4                All_IO_Configuration
 .text          0x0800540c      0x440 i2c.o
                0x0800540c                Flipbytes
                0x08005416                I2C_Read
                0x08005664                Gyr_Stat
                0x0800567e                Gyr_Read
                0x080056a4                Mag_Read
                0x080056ca                I2C_Conf
                0x0800578c                Gyr_Init
                0x080057c4                Acc_Init
                0x080057e0                Mag_Init
                0x080057fc                I2C_Config
 .text          0x0800584c       0x84 interrupts.o
                0x0800584c                NMI_Handler
                0x0800584e                HardFault_Handler
                0x08005850                MemManage_Handler
                0x08005852                BusFault_Handler
                0x08005854                UsageFault_Handler
                0x08005856                SVC_Handler
                0x08005858                DebugMon_Handler
                0x0800585a                PendSV_Handler
                0x0800585c                SysTick_Handler
                0x0800585e                EXTI9_5_IRQHandler
                0x08005878                EXTI6_Config
 .text.Default_Handler
                0x080058d0        0x2 lib/CMSIS_CM3/startup/gcc/startup_stm32f10x_md.o
                0x080058d0                EXTI2_IRQHandler
                0x080058d0                TIM1_CC_IRQHandler
                0x080058d0                PVD_IRQHandler
                0x080058d0                EXTI3_IRQHandler
                0x080058d0                EXTI0_IRQHandler
                0x080058d0                I2C2_EV_IRQHandler
                0x080058d0                ADC1_2_IRQHandler
                0x080058d0                SPI1_IRQHandler
                0x080058d0                TAMPER_IRQHandler
                0x080058d0                DMA1_Channel4_IRQHandler
                0x080058d0                USART3_IRQHandler
                0x080058d0                RTC_IRQHandler
                0x080058d0                DMA1_Channel7_IRQHandler
                0x080058d0                CAN1_RX1_IRQHandler
                0x080058d0                TIM4_IRQHandler
                0x080058d0                I2C1_EV_IRQHandler
                0x080058d0                DMA1_Channel6_IRQHandler
                0x080058d0                TIM3_IRQHandler
                0x080058d0                RCC_IRQHandler
                0x080058d0                TIM1_TRG_COM_IRQHandler
                0x080058d0                DMA1_Channel1_IRQHandler
                0x080058d0                Default_Handler
                0x080058d0                EXTI15_10_IRQHandler
                0x080058d0                SPI2_IRQHandler
                0x080058d0                DMA1_Channel5_IRQHandler
                0x080058d0                EXTI4_IRQHandler
                0x080058d0                USB_LP_CAN1_RX0_IRQHandler
                0x080058d0                USB_HP_CAN1_TX_IRQHandler
                0x080058d0                DMA1_Channel3_IRQHandler
                0x080058d0                TIM1_UP_IRQHandler
                0x080058d0                WWDG_IRQHandler
                0x080058d0                TIM2_IRQHandler
                0x080058d0                TIM1_BRK_IRQHandler
                0x080058d0                EXTI1_IRQHandler
                0x080058d0                RTCAlarm_IRQHandler
                0x080058d0                USART2_IRQHandler
                0x080058d0                I2C2_ER_IRQHandler
                0x080058d0                DMA1_Channel2_IRQHandler
                0x080058d0                CAN1_SCE_IRQHandler
                0x080058d0                FLASH_IRQHandler
                0x080058d0                USART1_IRQHandler
                0x080058d0                I2C1_ER_IRQHandler
                0x080058d0                USBWakeUp_IRQHandler
 *fill*         0x080058d2        0x2 00
 .text          0x080058d4       0xf8 lib/CMSIS_CM3/system_stm32f10x.o
                0x080058d4                SystemInit
 *fill*         0x080059cc        0x4 00
 .text          0x080059d0      0x770 main.o
                0x080059d0                Initialisation
                0x08006024                main
 .text          0x08006140      0x17c usart.o
                0x08006140                Default_Usart_Config
                0x08006152                __gps_send_char
                0x08006170                Gps_Send_Str
                0x08006188                Gps_Send_Utf8
                0x080061a2                __usart_send_char
                0x080061c0                Usart_Send_Str
                0x080061d8                USART2_reconf
                0x0800621c                Usarts_Init
 *fill*         0x080062bc        0x4 00
 .text          0x080062c0     0x8878 Control/ekf.o
                0x080062c0                ins_get_num_states
                0x080062c4                INSGPSInit
                0x080063f0                INSResetP
                0x08006430                INSSetState
                0x08006494                INSPosVelReset
                0x0800651c                INSSetPosVelVar
                0x08006538                INSSetGyroBias
                0x08006554                INSSetAccelVar
                0x08006570                INSSetGyroVar
                0x0800658c                INSSetMagVar
                0x080065a8                INSSetMagNorth
                0x080065c0                CovariancePrediction
                0x0800d90a                INSCovariancePrediction
                0x0800d930                SerialUpdate
                0x0800da88                StateEq
                0x0800dd80                RungeKutta
                0x0800dea8                LinearizeFG
                0x0800e31c                MeasurementEq
                0x0800e4da                LinearizeH
                0x0800e7a4                INSCorrection
                0x0800e954                VelBaroCorrection
                0x0800e970                GpsMagCorrection
                0x0800e988                FullCorrection
                0x0800e996                GpsBaroCorrection
                0x0800e9b4                MagVelBaroCorrection
                0x0800e9d0                MagCorrection
                0x0800e9f0                INSStatePrediction
 .text          0x0800eb38      0x578 Control/imu.o
                0x0800eb38                run_imu
 .text          0x0800f0b0       0x6a Control/loops.o
                0x0800f0b0                Run_PID
                0x0800f112                Reset_PID
 .text          0x0800f11a       0xc8 Control/sensorcal.o
                0x0800f11a                Calibrate_3
 *fill*         0x0800f1e2        0x2 00
 .text          0x0800f1e4       0xc0 lib/STM32F10x_StdPeriph_Driver/libstm32fw.a(misc.o)
                0x0800f1e4                NVIC_PriorityGroupConfig
                0x0800f1f8                NVIC_Init
                0x0800f25c                NVIC_SetVectorTable
                0x0800f270                NVIC_SystemLPConfig
                0x0800f28c                SysTick_CLKSourceConfig
 .text          0x0800f2a4       0xe4 lib/STM32F10x_StdPeriph_Driver/libstm32fw.a(stm32f10x_bkp.o)
                0x0800f2a4                BKP_TamperPinLevelConfig
                0x0800f2b0                BKP_TamperPinCmd
                0x0800f2bc                BKP_ITConfig
                0x0800f2c8                BKP_RTCOutputConfig
                0x0800f2e0                BKP_SetRTCCalibrationValue
                0x0800f2f8                BKP_WriteBackupRegister
                0x0800f314                BKP_ReadBackupRegister
                0x0800f334                BKP_GetFlagStatus
                0x0800f340                BKP_ClearFlag
                0x0800f354                BKP_GetITStatus
                0x0800f360                BKP_ClearITPendingBit
                0x0800f374                BKP_DeInit
 .text          0x0800f388      0x1d4 lib/STM32F10x_StdPeriph_Driver/libstm32fw.a(stm32f10x_dma.o)
                0x0800f388                DMA_DeInit
                0x0800f468                DMA_Init
                0x0800f4a8                DMA_StructInit
                0x0800f4c2                DMA_Cmd
                0x0800f4d6                DMA_ITConfig
                0x0800f4e8                DMA_GetCurrDataCounter
                0x0800f4ee                DMA_GetFlagStatus
                0x0800f50c                DMA_ClearFlag
                0x0800f524                DMA_GetITStatus
                0x0800f544                DMA_ClearITPendingBit
 .text          0x0800f55c      0x104 lib/STM32F10x_StdPeriph_Driver/libstm32fw.a(stm32f10x_exti.o)
                0x0800f55c                EXTI_DeInit
                0x0800f578                EXTI_Init
                0x0800f5f8                EXTI_StructInit
                0x0800f606                EXTI_GenerateSWInterrupt
                0x0800f618                EXTI_GetFlagStatus
                0x0800f62c                EXTI_ClearFlag
                0x0800f638                EXTI_GetITStatus
                0x0800f654                EXTI_ClearITPendingBit
 .text          0x0800f660      0x29c lib/STM32F10x_StdPeriph_Driver/libstm32fw.a(stm32f10x_gpio.o)
                0x0800f660                GPIO_Init
                0x0800f718                GPIO_StructInit
                0x0800f728                GPIO_ReadInputDataBit
                0x0800f734                GPIO_ReadInputData
                0x0800f73a                GPIO_ReadOutputDataBit
                0x0800f746                GPIO_ReadOutputData
                0x0800f74c                GPIO_SetBits
                0x0800f750                GPIO_ResetBits
                0x0800f754                GPIO_WriteBit
                0x0800f75e                GPIO_Write
                0x0800f762                GPIO_PinLockConfig
                0x0800f772                GPIO_EventOutputConfig
                0x0800f790                GPIO_EventOutputCmd
                0x0800f79c                GPIO_PinRemapConfig
                0x0800f7fc                GPIO_EXTILineConfig
                0x0800f830                GPIO_ETH_MediaInterfaceConfig
                0x0800f83c                GPIO_AFIODeInit
                0x0800f852                GPIO_DeInit
 .text          0x0800f8fc      0x3cc lib/STM32F10x_StdPeriph_Driver/libstm32fw.a(stm32f10x_i2c.o)
                0x0800f8fc                I2C_StructInit
                0x0800f918                I2C_Cmd
                0x0800f932                I2C_DMACmd
                0x0800f94c                I2C_DMALastTransferCmd
                0x0800f966                I2C_GenerateSTART
                0x0800f980                I2C_GenerateSTOP
                0x0800f99a                I2C_AcknowledgeConfig
                0x0800f9b4                I2C_OwnAddress2Config
                0x0800f9ca                I2C_DualAddressCmd
                0x0800f9e4                I2C_GeneralCallCmd
                0x0800f9fe                I2C_ITConfig
                0x0800fa14                I2C_SendData
                0x0800fa18                I2C_ReceiveData
                0x0800fa1e                I2C_Send7bitAddress
                0x0800fa2e                I2C_ReadRegister
                0x0800fa46                I2C_SoftwareResetCmd
                0x0800fa60                I2C_SMBusAlertConfig
                0x0800fa7c                I2C_TransmitPEC
                0x0800fa96                I2C_PECPositionConfig
                0x0800fab2                I2C_CalculatePEC
                0x0800facc                I2C_GetPEC
                0x0800fad4                I2C_ARPCmd
                0x0800faee                I2C_StretchClockCmd
                0x0800fb08                I2C_FastModeDutyCycleConfig
                0x0800fb24                I2C_GetLastEvent
                0x0800fb34                I2C_CheckEvent
                0x0800fb4c                I2C_GetFlagStatus
                0x0800fb80                I2C_ClearFlag
                0x0800fb88                I2C_GetITStatus
                0x0800fba4                I2C_ClearITPendingBit
                0x0800fbac                I2C_Init
                0x0800fc94                I2C_DeInit
 .text          0x0800fcc8       0xd0 lib/STM32F10x_StdPeriph_Driver/libstm32fw.a(stm32f10x_pwr.o)
                0x0800fccc                PWR_BackupAccessCmd
                0x0800fcd8                PWR_PVDCmd
                0x0800fce4                PWR_PVDLevelConfig
                0x0800fcf8                PWR_WakeUpPinCmd
                0x0800fd04                PWR_EnterSTOPMode
                0x0800fd30                PWR_EnterSTANDBYMode
                0x0800fd58                PWR_GetFlagStatus
                0x0800fd6c                PWR_ClearFlag
                0x0800fd7c                PWR_DeInit
 .text          0x0800fd98      0x384 lib/STM32F10x_StdPeriph_Driver/libstm32fw.a(stm32f10x_rcc.o)
                0x0800fd98                RCC_DeInit
                0x0800fdd8                RCC_HSEConfig
                0x0800fe10                RCC_AdjustHSICalibrationValue
                0x0800fe24                RCC_HSICmd
                0x0800fe30                RCC_PLLConfig
                0x0800fe48                RCC_PLLCmd
                0x0800fe54                RCC_SYSCLKConfig
                0x0800fe68                RCC_GetSYSCLKSource
                0x0800fe78                RCC_HCLKConfig
                0x0800fe8c                RCC_PCLK1Config
                0x0800fea0                RCC_PCLK2Config
                0x0800feb4                RCC_ITConfig
                0x0800fed0                RCC_USBCLKConfig
                0x0800fedc                RCC_ADCCLKConfig
                0x0800fef0                RCC_LSEConfig
                0x0800ff10                RCC_LSICmd
                0x0800ff1c                RCC_RTCCLKConfig
                0x0800ff2c                RCC_RTCCLKCmd
                0x0800ff38                RCC_GetClocksFreq
                0x0800ffe8                RCC_AHBPeriphClockCmd
                0x08010004                RCC_APB2PeriphClockCmd
                0x08010020                RCC_APB1PeriphClockCmd
                0x0801003c                RCC_APB2PeriphResetCmd
                0x08010058                RCC_APB1PeriphResetCmd
                0x08010074                RCC_BackupResetCmd
                0x08010080                RCC_ClockSecuritySystemCmd
                0x0801008c                RCC_MCOConfig
                0x08010098                RCC_GetFlagStatus
                0x080100c0                RCC_WaitForHSEStartUp
                0x080100ec                RCC_ClearFlag
                0x080100fc                RCC_GetITStatus
                0x08010110                RCC_ClearITPendingBit
 .text          0x0801011c      0x15c lib/STM32F10x_StdPeriph_Driver/libstm32fw.a(stm32f10x_rtc.o)
                0x0801011c                RTC_ITConfig
                0x0801013c                RTC_EnterConfigMode
                0x08010150                RTC_ExitConfigMode
                0x08010164                RTC_GetCounter
                0x08010178                RTC_SetCounter
                0x08010194                RTC_SetPrescaler
                0x080101b4                RTC_SetAlarm
                0x080101d0                RTC_GetDivider
                0x080101e8                RTC_WaitForLastTask
                0x080101f8                RTC_WaitForSynchro
                0x08010218                RTC_GetFlagStatus
                0x0801022c                RTC_ClearFlag
                0x08010240                RTC_GetITStatus
                0x08010264                RTC_ClearITPendingBit
 .text          0x08010278      0x2f8 lib/STM32F10x_StdPeriph_Driver/libstm32fw.a(stm32f10x_spi.o)
                0x08010278                SPI_Init
                0x080102d2                SPI_StructInit
                0x080102ec                I2S_StructInit
                0x08010300                SPI_Cmd
                0x0801031a                I2S_Cmd
                0x08010334                SPI_I2S_ITConfig
                0x08010352                SPI_I2S_DMACmd
                0x08010368                SPI_I2S_SendData
                0x0801036c                SPI_I2S_ReceiveData
                0x08010372                SPI_NSSInternalSoftwareConfig
                0x0801038c                SPI_SSOutputCmd
                0x080103a6                SPI_DataSizeConfig
                0x080103be                SPI_TransmitCRC
                0x080103ca                SPI_CalculateCRC
                0x080103e4                SPI_GetCRC
                0x080103f4                SPI_GetCRCPolynomial
                0x080103fa                SPI_BiDirectionalLineConfig
                0x08010416                SPI_I2S_GetFlagStatus
                0x08010422                SPI_I2S_ClearFlag
                0x0801042a                SPI_I2S_GetITStatus
                0x08010454                SPI_I2S_ClearITPendingBit
                0x08010464                I2S_Init
                0x0801050e                SPI_I2S_DeInit
 .text          0x08010570      0x384 lib/STM32F10x_StdPeriph_Driver/libstm32fw.a(stm32f10x_usart.o)
                0x08010570                USART_StructInit
                0x08010588                USART_ClockInit
                0x080105b2                USART_ClockStructInit
                0x080105be                USART_Cmd
                0x080105d8                USART_ITConfig
                0x0801060e                USART_DMACmd
                0x08010624                USART_SetAddress
                0x0801063c                USART_WakeUpConfig
                0x08010654                USART_ReceiverWakeUpCmd
                0x0801066e                USART_LINBreakDetectLengthConfig
                0x08010686                USART_LINCmd
                0x080106a0                USART_SendData
                0x080106a8                USART_ReceiveData
                0x080106b0                USART_SendBreak
                0x080106bc                USART_SetGuardTime
                0x080106ce                USART_SetPrescaler
                0x080106e2                USART_SmartCardCmd
                0x080106fc                USART_SmartCardNACKCmd
                0x08010716                USART_HalfDuplexCmd
                0x08010730                USART_IrDAConfig
                0x08010748                USART_IrDACmd
                0x08010762                USART_GetFlagStatus
                0x0801076e                USART_ClearFlag
                0x08010776                USART_GetITStatus
                0x080107bc                USART_ClearITPendingBit
                0x080107ca                USART_Init
                0x0801085c                USART_DeInit
 .text          0x080108f4       0x98 /home/laurence/CodeSourcery/Sourcery_G++_Lite/bin/../lib/gcc/arm-none-eabi/4.4.1/../../../../arm-none-eabi/lib/thumb2/libm.a(lib_a-s_cos.o)
                0x080108f4                cos
 .text          0x0801098c       0xa0 /home/laurence/CodeSourcery/Sourcery_G++_Lite/bin/../lib/gcc/arm-none-eabi/4.4.1/../../../../arm-none-eabi/lib/thumb2/libm.a(lib_a-s_sin.o)
                0x0801098c                sin
 .text          0x08010a2c       0xac /home/laurence/CodeSourcery/Sourcery_G++_Lite/bin/../lib/gcc/arm-none-eabi/4.4.1/../../../../arm-none-eabi/lib/thumb2/libm.a(lib_a-w_asin.o)
                0x08010a2c                asin
 .text          0x08010ad8        0x4 /home/laurence/CodeSourcery/Sourcery_G++_Lite/bin/../lib/gcc/arm-none-eabi/4.4.1/../../../../arm-none-eabi/lib/thumb2/libm.a(lib_a-w_atan2.o)
                0x08010ad8                atan2
 .text          0x08010adc      0x358 /home/laurence/CodeSourcery/Sourcery_G++_Lite/bin/../lib/gcc/arm-none-eabi/4.4.1/../../../../arm-none-eabi/lib/thumb2/libm.a(lib_a-w_pow.o)
                0x08010adc                pow
 .text          0x08010e34       0xac /home/laurence/CodeSourcery/Sourcery_G++_Lite/bin/../lib/gcc/arm-none-eabi/4.4.1/../../../../arm-none-eabi/lib/thumb2/libm.a(lib_a-w_sqrt.o)
                0x08010e34                sqrt
 .text          0x08010ee0      0x420 /home/laurence/CodeSourcery/Sourcery_G++_Lite/bin/../lib/gcc/arm-none-eabi/4.4.1/../../../../arm-none-eabi/lib/thumb2/libm.a(lib_a-e_asin.o)
                0x08010ee0                __ieee754_asin
 .text          0x08011300      0x220 /home/laurence/CodeSourcery/Sourcery_G++_Lite/bin/../lib/gcc/arm-none-eabi/4.4.1/../../../../arm-none-eabi/lib/thumb2/libm.a(lib_a-e_atan2.o)
                0x08011300                __ieee754_atan2
 .text          0x08011520      0xb60 /home/laurence/CodeSourcery/Sourcery_G++_Lite/bin/../lib/gcc/arm-none-eabi/4.4.1/../../../../arm-none-eabi/lib/thumb2/libm.a(lib_a-e_pow.o)
                0x08011520                __ieee754_pow
 .text          0x08012080      0x418 /home/laurence/CodeSourcery/Sourcery_G++_Lite/bin/../lib/gcc/arm-none-eabi/4.4.1/../../../../arm-none-eabi/lib/thumb2/libm.a(lib_a-e_rem_pio2.o)
                0x08012080                __ieee754_rem_pio2
 .text          0x08012498      0x1dc /home/laurence/CodeSourcery/Sourcery_G++_Lite/bin/../lib/gcc/arm-none-eabi/4.4.1/../../../../arm-none-eabi/lib/thumb2/libm.a(lib_a-e_sqrt.o)
                0x08012498                __ieee754_sqrt
 *fill*         0x08012674        0x4 00
 .text          0x08012678      0x250 /home/laurence/CodeSourcery/Sourcery_G++_Lite/bin/../lib/gcc/arm-none-eabi/4.4.1/../../../../arm-none-eabi/lib/thumb2/libm.a(lib_a-k_cos.o)
                0x08012678                __kernel_cos
 .text          0x080128c8      0x7b4 /home/laurence/CodeSourcery/Sourcery_G++_Lite/bin/../lib/gcc/arm-none-eabi/4.4.1/../../../../arm-none-eabi/lib/thumb2/libm.a(lib_a-k_rem_pio2.o)
                0x080128c8                __kernel_rem_pio2
 *fill*         0x0801307c        0x4 00
 .text          0x08013080      0x170 /home/laurence/CodeSourcery/Sourcery_G++_Lite/bin/../lib/gcc/arm-none-eabi/4.4.1/../../../../arm-none-eabi/lib/thumb2/libm.a(lib_a-k_sin.o)
                0x08013080                __kernel_sin
 .text          0x080131f0      0x348 /home/laurence/CodeSourcery/Sourcery_G++_Lite/bin/../lib/gcc/arm-none-eabi/4.4.1/../../../../arm-none-eabi/lib/thumb2/libm.a(lib_a-s_atan.o)
                0x080131f0                atan
 .text          0x08013538        0x8 /home/laurence/CodeSourcery/Sourcery_G++_Lite/bin/../lib/gcc/arm-none-eabi/4.4.1/../../../../arm-none-eabi/lib/thumb2/libm.a(lib_a-s_fabs.o)
                0x08013538                fabs
 .text          0x08013540       0x10 /home/laurence/CodeSourcery/Sourcery_G++_Lite/bin/../lib/gcc/arm-none-eabi/4.4.1/../../../../arm-none-eabi/lib/thumb2/libm.a(lib_a-s_finite.o)
                0x08013540                finite
 .text          0x08013550      0x128 /home/laurence/CodeSourcery/Sourcery_G++_Lite/bin/../lib/gcc/arm-none-eabi/4.4.1/../../../../arm-none-eabi/lib/thumb2/libm.a(lib_a-s_floor.o)
                0x08013550                floor
 .text          0x08013678       0x1c /home/laurence/CodeSourcery/Sourcery_G++_Lite/bin/../lib/gcc/arm-none-eabi/4.4.1/../../../../arm-none-eabi/lib/thumb2/libm.a(lib_a-s_isnand.o)
                0x08013678                __isnand
 .text          0x08013694        0x4 /home/laurence/CodeSourcery/Sourcery_G++_Lite/bin/../lib/gcc/arm-none-eabi/4.4.1/../../../../arm-none-eabi/lib/thumb2/libm.a(lib_a-s_matherr.o)
                0x08013694                matherr
 .text          0x08013698        0xc /home/laurence/CodeSourcery/Sourcery_G++_Lite/bin/../lib/gcc/arm-none-eabi/4.4.1/../../../../arm-none-eabi/lib/thumb2/libm.a(lib_a-s_nan.o)
                0x08013698                nan
 .text          0x080136a4      0x134 /home/laurence/CodeSourcery/Sourcery_G++_Lite/bin/../lib/gcc/arm-none-eabi/4.4.1/../../../../arm-none-eabi/lib/thumb2/libm.a(lib_a-s_rint.o)
                0x080136a4                rint
 .text          0x080137d8      0x118 /home/laurence/CodeSourcery/Sourcery_G++_Lite/bin/../lib/gcc/arm-none-eabi/4.4.1/../../../../arm-none-eabi/lib/thumb2/libm.a(lib_a-s_scalbn.o)
                0x080137d8                scalbn
 .text          0x080138f0       0x18 /home/laurence/CodeSourcery/Sourcery_G++_Lite/bin/../lib/gcc/arm-none-eabi/4.4.1/../../../../arm-none-eabi/lib/thumb2/libm.a(lib_a-s_copysign.o)
                0x080138f0                copysign
 .text          0x08013908      0x2b0 /home/laurence/CodeSourcery/Sourcery_G++_Lite/bin/../lib/gcc/arm-none-eabi/4.4.1/thumb2/libgcc.a(_divsi3.o)
                0x08013908                __aeabi_idiv
                0x08013908                __divsi3
                0x08013b9c                __aeabi_idivmod
 .text          0x08013bb8        0x4 /home/laurence/CodeSourcery/Sourcery_G++_Lite/bin/../lib/gcc/arm-none-eabi/4.4.1/thumb2/libgcc.a(_dvmd_tls.o)
                0x08013bb8                __aeabi_ldiv0
                0x08013bb8                __aeabi_idiv0
 .text          0x08013bbc      0x370 /home/laurence/CodeSourcery/Sourcery_G++_Lite/bin/../lib/gcc/arm-none-eabi/4.4.1/thumb2/libgcc.a(_arm_addsubdf3.o)
                0x08013bbc                __aeabi_drsub
                0x08013bc4                __aeabi_dsub
                0x08013bc4                __subdf3
                0x08013bc8                __adddf3
                0x08013bc8                __aeabi_dadd
                0x08013e40                __aeabi_ui2d
                0x08013e40                __floatunsidf
                0x08013e60                __floatsidf
                0x08013e60                __aeabi_i2d
                0x08013e84                __extendsfdf2
                0x08013e84                __aeabi_f2d
                0x08013ec0                __aeabi_ul2d
                0x08013ec0                __floatundidf
                0x08013ed0                __floatdidf
                0x08013ed0                __aeabi_l2d
 .text          0x08013f2c      0x424 /home/laurence/CodeSourcery/Sourcery_G++_Lite/bin/../lib/gcc/arm-none-eabi/4.4.1/thumb2/libgcc.a(_arm_muldivdf3.o)
                0x08013f2c                __aeabi_dmul
                0x08013f2c                __muldf3
                0x08014180                __aeabi_ddiv
                0x08014180                __divdf3
 .text          0x08014350      0x110 /home/laurence/CodeSourcery/Sourcery_G++_Lite/bin/../lib/gcc/arm-none-eabi/4.4.1/thumb2/libgcc.a(_arm_cmpdf2.o)
                0x08014350                __gtdf2
                0x08014350                __gedf2
                0x08014358                __ltdf2
                0x08014358                __ledf2
                0x08014360                __cmpdf2
                0x08014360                __eqdf2
                0x08014360                __nedf2
                0x080143dc                __aeabi_cdrcmple
                0x080143ec                __aeabi_cdcmple
                0x080143ec                __aeabi_cdcmpeq
                0x080143fc                __aeabi_dcmpeq
                0x08014410                __aeabi_dcmplt
                0x08014424                __aeabi_dcmple
                0x08014438                __aeabi_dcmpge
                0x0801444c                __aeabi_dcmpgt
 .text          0x08014460       0x50 /home/laurence/CodeSourcery/Sourcery_G++_Lite/bin/../lib/gcc/arm-none-eabi/4.4.1/thumb2/libgcc.a(_arm_fixdfsi.o)
                0x08014460                __fixdfsi
                0x08014460                __aeabi_d2iz
 .text          0x080144b0       0xa0 /home/laurence/CodeSourcery/Sourcery_G++_Lite/bin/../lib/gcc/arm-none-eabi/4.4.1/thumb2/libgcc.a(_arm_truncdfsf2.o)
                0x080144b0                __aeabi_d2f
                0x080144b0                __truncdfsf2
 .text          0x08014550      0x21c /home/laurence/CodeSourcery/Sourcery_G++_Lite/bin/../lib/gcc/arm-none-eabi/4.4.1/thumb2/libgcc.a(_arm_addsubsf3.o)
                0x08014550                __aeabi_frsub
                0x08014558                __subsf3
                0x08014558                __aeabi_fsub
                0x0801455c                __aeabi_fadd
                0x0801455c                __addsf3
                0x080146bc                __aeabi_ui2f
                0x080146bc                __floatunsisf
                0x080146c4                __aeabi_i2f
                0x080146c4                __floatsisf
                0x080146e0                __floatundisf
                0x080146e0                __aeabi_ul2f
                0x080146f0                __floatdisf
                0x080146f0                __aeabi_l2f
 .text          0x0801476c      0x2a0 /home/laurence/CodeSourcery/Sourcery_G++_Lite/bin/../lib/gcc/arm-none-eabi/4.4.1/thumb2/libgcc.a(_arm_muldivsf3.o)
                0x0801476c                __mulsf3
                0x0801476c                __aeabi_fmul
                0x080148d4                __divsf3
                0x080148d4                __aeabi_fdiv
 .text          0x08014a0c       0xec /home/laurence/CodeSourcery/Sourcery_G++_Lite/bin/../lib/gcc/arm-none-eabi/4.4.1/thumb2/libgcc.a(_arm_cmpsf2.o)
                0x08014a0c                __gtsf2
                0x08014a0c                __gesf2
                0x08014a14                __lesf2
                0x08014a14                __ltsf2
                0x08014a1c                __nesf2
                0x08014a1c                __eqsf2
                0x08014a1c                __cmpsf2
                0x08014a7c                __aeabi_cfrcmple
                0x08014a84                __aeabi_cfcmple
                0x08014a84                __aeabi_cfcmpeq
                0x08014a94                __aeabi_fcmpeq
                0x08014aa8                __aeabi_fcmplt
                0x08014abc                __aeabi_fcmple
                0x08014ad0                __aeabi_fcmpge
                0x08014ae4                __aeabi_fcmpgt
 .text          0x08014af8       0x40 /home/laurence/CodeSourcery/Sourcery_G++_Lite/bin/../lib/gcc/arm-none-eabi/4.4.1/thumb2/libgcc.a(_arm_fixunssfsi.o)
                0x08014af8                __aeabi_f2uiz
                0x08014af8                __fixunssfsi
 .text          0x08014b38        0xc /home/laurence/CodeSourcery/Sourcery_G++_Lite/bin/../lib/gcc/arm-none-eabi/4.4.1/../../../../arm-none-eabi/lib/thumb2/libc.a(lib_a-errno.o)
                0x08014b38                __errno
 .text          0x08014b44       0x20 /home/laurence/CodeSourcery/Sourcery_G++_Lite/bin/../lib/gcc/arm-none-eabi/4.4.1/../../../../arm-none-eabi/lib/thumb2/libc.a(lib_a-malloc.o)
                0x08014b44                free
                0x08014b54                malloc
 .text          0x08014b64      0x5a4 /home/laurence/CodeSourcery/Sourcery_G++_Lite/bin/../lib/gcc/arm-none-eabi/4.4.1/../../../../arm-none-eabi/lib/thumb2/libc.a(lib_a-mallocr.o)
                0x08014b64                _malloc_r
 .text          0x08015108        0x8 /home/laurence/CodeSourcery/Sourcery_G++_Lite/bin/../lib/gcc/arm-none-eabi/4.4.1/../../../../arm-none-eabi/lib/thumb2/libc.a(lib_a-mlock.o)
                0x08015108                __malloc_lock
                0x0801510c                __malloc_unlock
 .text          0x08015110       0x28 /home/laurence/CodeSourcery/Sourcery_G++_Lite/bin/../lib/gcc/arm-none-eabi/4.4.1/../../../../arm-none-eabi/lib/thumb2/libc.a(lib_a-sbrkr.o)
                0x08015110                _sbrk_r
 .text          0x08015138       0xbc /home/laurence/CodeSourcery/Sourcery_G++_Lite/bin/../lib/gcc/arm-none-eabi/4.4.1/../../../../arm-none-eabi/lib/thumb2/libc.a(lib_a-strcpy.o)
                0x08015138                strcpy
 .text          0x080151f4      0x268 /home/laurence/CodeSourcery/Sourcery_G++_Lite/bin/../lib/gcc/arm-none-eabi/4.4.1/../../../../arm-none-eabi/lib/thumb2/libc.a(lib_a-freer.o)
                0x080151f4                _malloc_trim_r
                0x0801529c                _free_r
 .text          0x0801545c       0x30 /home/laurence/CodeSourcery/Sourcery_G++_Lite/bin/../lib/gcc/arm-none-eabi/4.4.1/../../../../arm-none-eabi/lib/thumb2/libcs3.a(start_c.o)
                0x0801545c                __cs3_premain
 .text.cs3.init
                0x0801548c       0x5c /home/laurence/CodeSourcery/Sourcery_G++_Lite/bin/../lib/gcc/arm-none-eabi/4.4.1/../../../../arm-none-eabi/lib/thumb2/libcs3.a(start_c.o)
                0x0801548c                __cs3_start_c
 .text          0x080154e8       0x44 /home/laurence/CodeSourcery/Sourcery_G++_Lite/bin/../lib/gcc/arm-none-eabi/4.4.1/../../../../arm-none-eabi/lib/thumb2/libcs3unhosted.a(unhosted-sbrk.o)
                0x080154e8                _sbrk
 .text.cs3.init
                0x0801552c       0x10 /home/laurence/CodeSourcery/Sourcery_G++_Lite/bin/../lib/gcc/arm-none-eabi/4.4.1/../../../../arm-none-eabi/lib/thumb2/libcs3unhosted.a(unhosted-start.o)
                0x0801552c                _start
 .text          0x0801553c        0x2 lib/libcs3-lanchon-stm32.a(lanchon_stm32_isr_interrupt.o)
                0x0801553c                MemManageException
                0x0801553c                BusFaultException
                0x0801553c                DMAChannel7_IRQHandler
                0x0801553c                DebugMonitor
                0x0801553c                SVCHandler
                0x0801553c                HardFaultException
                0x0801553c                __STM32ReservedException8
                0x0801553c                USB_HP_CAN_TX_IRQHandler
                0x0801553c                __STM32DefaultExceptionHandler
                0x0801553c                DMAChannel1_IRQHandler
                0x0801553c                CAN_SCE_IRQHandler
                0x0801553c                __STM32ReservedException10
                0x0801553c                __STM32ReservedException13
                0x0801553c                NMIException
                0x0801553c                DMAChannel4_IRQHandler
                0x0801553c                SysTickHandler
                0x0801553c                PendSVC
                0x0801553c                CAN_RX1_IRQHandler
                0x0801553c                ADC_IRQHandler
                0x0801553c                DMAChannel5_IRQHandler
                0x0801553c                DMAChannel2_IRQHandler
                0x0801553c                USB_LP_CAN_RX0_IRQHandler
                0x0801553c                __STM32ReservedException7
                0x0801553c                UsageFaultException
                0x0801553c                DMAChannel6_IRQHandler
                0x0801553c                DMAChannel3_IRQHandler
                0x0801553c                __STM32ReservedException9
 *fill*         0x0801553e        0x2 00
 .text          0x08015540       0x50 /home/laurence/CodeSourcery/Sourcery_G++_Lite/bin/../lib/gcc/arm-none-eabi/4.4.1/../../../../arm-none-eabi/lib/thumb2/libc.a(lib_a-init.o)
                0x08015540                __libc_init_array
 *(.plt)
 *(.gnu.warning)
 *(.glue_7t)
 .glue_7t       0x00000000        0x0 linker stubs
 *(.glue_7)
 .glue_7        0x00000000        0x0 linker stubs
 *(.vfp11_veneer)
 .vfp11_veneer  0x00000000        0x0 linker stubs
 *(.rodata .rodata.* .gnu.linkonce.r.*)
 .rodata        0x08015590        0x8 Sensors/bmp085.o
 .rodata        0x08015598      0x888 Sensors/earth_field.o
 .rodata.str1.1
                0x08015e20        0x9 Sensors/earth_field.o
 *fill*         0x08015e29        0x3 00
 .rodata        0x08015e2c        0x8 Sensors/pitot.o
 .rodata        0x08015e34       0xc4 Sensors/ubx.o
 .rodata.str1.1
                0x08015ef8      0x13b Sensors/ubx.o
 .rodata.str1.1
                0x08016033        0xf Util/Fatfs/ff.o
 *fill*         0x08016042        0x2 00
 .rodata        0x08016044        0xc Util/Fatfs/rtc.o
 .rodata        0x08016050       0x14 Util/rprintf.o
 .rodata.str1.1
                0x08016064        0x6 Util/rprintf.o
 *fill*         0x0801606a        0x2 00
 .rodata        0x0801606c       0x1c i2c.o
 .rodata        0x08016088       0x60 main.o
 .rodata.str1.1
                0x080160e8      0x299 main.o
                                0x2a7 (size before relaxing)
 *fill*         0x08016381        0x3 00
 .rodata        0x08016384       0x90 Control/imu.o
 .rodata.str1.4
                0x08016414        0x5 /home/laurence/CodeSourcery/Sourcery_G++_Lite/bin/../lib/gcc/arm-none-eabi/4.4.1/../../../../arm-none-eabi/lib/thumb2/libm.a(lib_a-w_asin.o)
                                  0xc (size before relaxing)
 *fill*         0x08016419        0x3 00
 .rodata.str1.4
                0x0801641c        0x4 /home/laurence/CodeSourcery/Sourcery_G++_Lite/bin/../lib/gcc/arm-none-eabi/4.4.1/../../../../arm-none-eabi/lib/thumb2/libm.a(lib_a-w_pow.o)
 .rodata.str1.4
                0x08016420        0x5 /home/laurence/CodeSourcery/Sourcery_G++_Lite/bin/../lib/gcc/arm-none-eabi/4.4.1/../../../../arm-none-eabi/lib/thumb2/libm.a(lib_a-w_sqrt.o)
                                  0x8 (size before relaxing)
 *fill*         0x08016425        0x3 00
 .rodata        0x08016428       0x30 /home/laurence/CodeSourcery/Sourcery_G++_Lite/bin/../lib/gcc/arm-none-eabi/4.4.1/../../../../arm-none-eabi/lib/thumb2/libm.a(lib_a-e_pow.o)
 .rodata.str1.4
                0x00000000        0x4 /home/laurence/CodeSourcery/Sourcery_G++_Lite/bin/../lib/gcc/arm-none-eabi/4.4.1/../../../../arm-none-eabi/lib/thumb2/libm.a(lib_a-e_pow.o)
 .rodata        0x08016458      0x188 /home/laurence/CodeSourcery/Sourcery_G++_Lite/bin/../lib/gcc/arm-none-eabi/4.4.1/../../../../arm-none-eabi/lib/thumb2/libm.a(lib_a-e_rem_pio2.o)
 .rodata        0x080165e0       0x50 /home/laurence/CodeSourcery/Sourcery_G++_Lite/bin/../lib/gcc/arm-none-eabi/4.4.1/../../../../arm-none-eabi/lib/thumb2/libm.a(lib_a-k_rem_pio2.o)
 .rodata        0x08016630       0x40 /home/laurence/CodeSourcery/Sourcery_G++_Lite/bin/../lib/gcc/arm-none-eabi/4.4.1/../../../../arm-none-eabi/lib/thumb2/libm.a(lib_a-s_atan.o)
 .rodata        0x08016670       0x10 /home/laurence/CodeSourcery/Sourcery_G++_Lite/bin/../lib/gcc/arm-none-eabi/4.4.1/../../../../arm-none-eabi/lib/thumb2/libm.a(lib_a-s_rint.o)
 .rodata.str1.4
                0x08016680        0x4 /home/laurence/CodeSourcery/Sourcery_G++_Lite/bin/../lib/gcc/arm-none-eabi/4.4.1/../../../../arm-none-eabi/lib/thumb2/libc.a(lib_a-impure.o)
 *(.ARM.extab* .gnu.linkonce.armextab.*)
 *(.gcc_except_table)
 *(.eh_frame_hdr)
 *(.eh_frame)
                0x08016684                . = ALIGN (0x4)
 *(.init)
 .init          0x08016684        0x4 /home/laurence/CodeSourcery/Sourcery_G++_Lite/bin/../lib/gcc/arm-none-eabi/4.4.1/thumb2/crti.o
                0x08016684                _init
 .init          0x08016688        0x8 /home/laurence/CodeSourcery/Sourcery_G++_Lite/bin/../lib/gcc/arm-none-eabi/4.4.1/thumb2/crtn.o
                0x08016690                . = ALIGN (0x4)
                0x08016690                __preinit_array_start = .
 *(.preinit_array)
                0x08016690                __preinit_array_end = .
                0x08016690                . = ALIGN (0x4)
                0x08016690                __init_array_start = .
 *(SORT(.init_array.*))
 *(.init_array)
 .init_array    0x08016690        0x4 /home/laurence/CodeSourcery/Sourcery_G++_Lite/bin/../lib/gcc/arm-none-eabi/4.4.1/thumb2/crtbegin.o
                0x08016694                __init_array_end = .
                0x08016694                . = ALIGN (0x4)
 *crtbegin.o(.ctors)
 *(EXCLUDE_FILE(*crtend.o) .ctors)
 *(SORT(.ctors.*))
 *crtend.o(.ctors)
                0x08016694                . = ALIGN (0x4)
 *(.fini)
 .fini          0x08016694        0x4 /home/laurence/CodeSourcery/Sourcery_G++_Lite/bin/../lib/gcc/arm-none-eabi/4.4.1/thumb2/crti.o
                0x08016694                _fini
 .fini          0x08016698        0x8 /home/laurence/CodeSourcery/Sourcery_G++_Lite/bin/../lib/gcc/arm-none-eabi/4.4.1/thumb2/crtn.o
                0x080166a0                . = ALIGN (0x4)
                0x080166a0                __fini_array_start = .
 *(.fini_array)
 .fini_array    0x080166a0        0x4 /home/laurence/CodeSourcery/Sourcery_G++_Lite/bin/../lib/gcc/arm-none-eabi/4.4.1/thumb2/crtbegin.o
 *(SORT(.fini_array.*))
                0x080166a4                __fini_array_end = .
 *crtbegin.o(.dtors)
 *(EXCLUDE_FILE(*crtend.o) .dtors)
 *(SORT(.dtors.*))
 *crtend.o(.dtors)
                0x080166a4                . = ALIGN (0x4)
                0x080166a4                __cs3_regions = .
                0x080166a4        0x4 LONG 0x0
                0x080166a8        0x4 LONG 0x80166b8 __cs3_region_init_ram
                0x080166ac        0x4 LONG 0x20000000 __cs3_region_start_ram
                0x080166b0        0x4 LONG 0x530 __cs3_region_init_size_ram
                0x080166b4        0x4 LONG 0x11b8 __cs3_region_zero_size_ram
                0x080166b8                __exidx_start = .

.v4_bx          0x080166b8        0x0
 .v4_bx         0x00000000        0x0 linker stubs

.ARM.exidx
 *(.ARM.exidx* .gnu.linkonce.armexidx.*)
                0x080166b8                __exidx_end = .

.text.align     0x080166b8        0x0
                0x080166b8                . = ALIGN (0x8)
                0x080166b8                _etext = .
                0x08020000                __cs3_region_end_rom = (__cs3_region_start_rom + 0x20000)
                0x00020000                __cs3_region_size_rom = 0x20000
                0x00000001                __cs3_region_num = 0x1

.data           0x20000000      0x530 load address 0x080166b8
                0x20000000                __cs3_region_start_ram = .
 *(.cs3.region-head.ram)
 *(.jcr)
 .jcr           0x20000000        0x0 /home/laurence/CodeSourcery/Sourcery_G++_Lite/bin/../lib/gcc/arm-none-eabi/4.4.1/thumb2/crtbegin.o
 .jcr           0x20000000        0x4 /home/laurence/CodeSourcery/Sourcery_G++_Lite/bin/../lib/gcc/arm-none-eabi/4.4.1/thumb2/crtend.o
 *(.got.plt)
 *(.got)
 *(.shdata)
 *(.data .data.* .gnu.linkonce.d.*)
 .data          0x20000004        0x1 Util/Fatfs/sd_spi_stm32.o
 *fill*         0x20000005        0x3 00
 .data          0x20000008       0x14 lib/STM32F10x_StdPeriph_Driver/libstm32fw.a(stm32f10x_rcc.o)
 .data          0x2000001c        0x1 /home/laurence/CodeSourcery/Sourcery_G++_Lite/bin/../lib/gcc/arm-none-eabi/4.4.1/../../../../arm-none-eabi/lib/thumb2/libm.a(lib_a-s_lib_ver.o)
                0x2000001c                __fdlib_version
 *fill*         0x2000001d        0x3 00
 .data          0x20000020       0xf4 /home/laurence/CodeSourcery/Sourcery_G++_Lite/bin/../lib/gcc/arm-none-eabi/4.4.1/../../../../arm-none-eabi/lib/thumb2/libc.a(lib_a-impure.o)
                0x20000020                _impure_ptr
 .data          0x20000114      0x410 /home/laurence/CodeSourcery/Sourcery_G++_Lite/bin/../lib/gcc/arm-none-eabi/4.4.1/../../../../arm-none-eabi/lib/thumb2/libc.a(lib_a-mallocr.o)
                0x20000114                __malloc_av_
                0x2000051c                __malloc_sbrk_base
                0x20000520                __malloc_trim_threshold
 .data          0x20000524        0x4 /home/laurence/CodeSourcery/Sourcery_G++_Lite/bin/../lib/gcc/arm-none-eabi/4.4.1/../../../../arm-none-eabi/lib/thumb2/libcs3unhosted.a(unhosted-sbrk.o)
 .data          0x20000528        0x4 /home/laurence/CodeSourcery/Sourcery_G++_Lite/bin/../lib/gcc/arm-none-eabi/4.4.1/../../../../arm-none-eabi/lib/thumb2/libcs3.a(heap.o)
                0x20000528                __cs3_heap_limit
 *(.ram)
                0x20000530                . = ALIGN (0x8)
 *fill*         0x2000052c        0x4 00
                0x20000530                _edata = .

.bss            0x20000530     0x11b8 load address 0x08016be8
 *(.shbss)
 *(.bss .bss.* .gnu.linkonce.b.*)
 .bss           0x20000530        0x1 /home/laurence/CodeSourcery/Sourcery_G++_Lite/bin/../lib/gcc/arm-none-eabi/4.4.1/thumb2/crtbegin.o
 *fill*         0x20000531        0x3 00
 .bss           0x20000534       0x20 Sensors/bmp085.o
                0x20000534                Sea_Level_Pressure
                0x20000538                Our_Sensorcal
                0x20000550                Bmp_temp
 .bss           0x20000554        0xc Sensors/earth_field.o
 .bss           0x20000560        0xa Sensors/ubx.o
 *fill*         0x2000056a        0x2 00
 .bss           0x2000056c        0x8 Util/Fatfs/ff.o
 .bss           0x20000574       0x10 Util/Fatfs/sd_spi_stm32.o
 .bss           0x20000584       0x84 Util/rprintf.o
 .bss           0x20000608      0x3bc main.o
                0x20000608                Gps_Buffer
                0x2000070c                Gps
                0x20000730                Home_Position
                0x2000073c                Long_To_Meters_Home
                0x20000970                f_err_code
                0x20000974                Nav_Flag
                0x20000978                Nav_Global
                0x200009ac                Balt
                0x200009b0                Waypoint_Global
                0x200009bc                New_Waypoint_Flagged
                0x200009c0                Ground_Flag
 .bss           0x200009c4      0xbf8 Control/ekf.o
                0x200009c4                Be
                0x200009d0                P
                0x20000c74                X
                0x20000ca8                Q
                0x20000ccc                R
                0x20000cf4                F
                0x20000f98                G
                0x2000116c                K
                0x20001374                H
                0x2000157c                Nav
                0x200015b0                zeros
 .bss           0x200015bc       0xf4 Control/imu.o
 .bss           0x200016b0       0x34 /home/laurence/CodeSourcery/Sourcery_G++_Lite/bin/../lib/gcc/arm-none-eabi/4.4.1/../../../../arm-none-eabi/lib/thumb2/libc.a(lib_a-mallocr.o)
                0x200016b0                __malloc_top_pad
                0x200016b4                __malloc_current_mallinfo
                0x200016dc                __malloc_max_sbrked_mem
                0x200016e0                __malloc_max_total_mem
 *(COMMON)
 COMMON         0x200016e4        0x4 /home/laurence/CodeSourcery/Sourcery_G++_Lite/bin/../lib/gcc/arm-none-eabi/4.4.1/../../../../arm-none-eabi/lib/thumb2/libc.a(lib_a-reent.o)
                0x200016e4                errno
 *(.ram.b)
                0x200016e8                . = ALIGN (0x8)
                0x200016e8                _end = .
                0x200016e8                __end = .
                0x20005000                __cs3_region_end_ram = (__cs3_region_start_ram + 0x5000)
                0x00005000                __cs3_region_size_ram = 0x5000
                0x080166b8                __cs3_region_init_ram = LOADADDR (.data)
                0x00000530                __cs3_region_init_size_ram = (_edata - ADDR (.data))
                0x000011b8                __cs3_region_zero_size_ram = (_end - _edata)
                0x00000001                __cs3_region_num = 0x1

.stab
 *(.stab)

.stabstr
 *(.stabstr)

.debug
 *(.debug)

.line
 *(.line)

.debug_srcinfo
 *(.debug_srcinfo)

.debug_sfnames
 *(.debug_sfnames)

.debug_aranges
 *(.debug_aranges)

.debug_pubnames
 *(.debug_pubnames)

.debug_info
 *(.debug_info .gnu.linkonce.wi.*)

.debug_abbrev
 *(.debug_abbrev)

.debug_line
 *(.debug_line)

.comment        0x00000000      0x5e1
 .comment       0x00000000       0x2b Sensors/bmp085.o
 .comment       0x0000002b       0x2b Sensors/earth_field.o
 .comment       0x00000056       0x2b Sensors/pitot.o
 .comment       0x00000081       0x2b Sensors/ubx.o
 .comment       0x000000ac       0x2b Util/Fatfs/fattime.o
 .comment       0x000000d7       0x2b Util/Fatfs/ff.o
 .comment       0x00000102       0x2b Util/Fatfs/rtc.o
 .comment       0x0000012d       0x2b Util/Fatfs/sd_spi_stm32.o
 .comment       0x00000158       0x2b Util/coords.o
 .comment       0x00000183       0x2b Util/delay.o
 .comment       0x000001ae       0x2b Util/rprintf.o
 .comment       0x000001d9       0x2b Util/time.o
 .comment       0x00000204       0x2b dma.o
 .comment       0x0000022f       0x2b gpio.o
 .comment       0x0000025a       0x2b i2c.o
 .comment       0x00000285       0x2b interrupts.o
 .comment       0x000002b0       0x2b lib/CMSIS_CM3/core_cm3.o
 .comment       0x000002db       0x2b lib/CMSIS_CM3/system_stm32f10x.o
 .comment       0x00000306       0x2b main.o
 .comment       0x00000331       0x2b usart.o
 .comment       0x0000035c       0x2b Control/ekf.o
 .comment       0x00000387       0x2b Control/imu.o
 .comment       0x000003b2       0x2b Control/loops.o
 .comment       0x000003dd       0x2b Control/sensorcal.o
 .comment       0x00000408       0x2b lib/STM32F10x_StdPeriph_Driver/libstm32fw.a(misc.o)
 .comment       0x00000433       0x2b lib/STM32F10x_StdPeriph_Driver/libstm32fw.a(stm32f10x_bkp.o)
 .comment       0x0000045e       0x2b lib/STM32F10x_StdPeriph_Driver/libstm32fw.a(stm32f10x_dma.o)
 .comment       0x00000489       0x2b lib/STM32F10x_StdPeriph_Driver/libstm32fw.a(stm32f10x_exti.o)
 .comment       0x000004b4       0x2b lib/STM32F10x_StdPeriph_Driver/libstm32fw.a(stm32f10x_gpio.o)
 .comment       0x000004df       0x2b lib/STM32F10x_StdPeriph_Driver/libstm32fw.a(stm32f10x_i2c.o)
 .comment       0x0000050a       0x2b lib/STM32F10x_StdPeriph_Driver/libstm32fw.a(stm32f10x_pwr.o)
 .comment       0x00000535       0x2b lib/STM32F10x_StdPeriph_Driver/libstm32fw.a(stm32f10x_rcc.o)
 .comment       0x00000560       0x2b lib/STM32F10x_StdPeriph_Driver/libstm32fw.a(stm32f10x_rtc.o)
 .comment       0x0000058b       0x2b lib/STM32F10x_StdPeriph_Driver/libstm32fw.a(stm32f10x_spi.o)
 .comment       0x000005b6       0x2b lib/STM32F10x_StdPeriph_Driver/libstm32fw.a(stm32f10x_usart.o)

.debug_frame    0x00000000      0x71c
 *(.debug_frame)
 .debug_frame   0x00000000       0x34 /home/laurence/CodeSourcery/Sourcery_G++_Lite/bin/../lib/gcc/arm-none-eabi/4.4.1/../../../../arm-none-eabi/lib/thumb2/libm.a(lib_a-s_cos.o)
 .debug_frame   0x00000034       0x34 /home/laurence/CodeSourcery/Sourcery_G++_Lite/bin/../lib/gcc/arm-none-eabi/4.4.1/../../../../arm-none-eabi/lib/thumb2/libm.a(lib_a-s_sin.o)
 .debug_frame   0x00000068       0x38 /home/laurence/CodeSourcery/Sourcery_G++_Lite/bin/../lib/gcc/arm-none-eabi/4.4.1/../../../../arm-none-eabi/lib/thumb2/libm.a(lib_a-w_asin.o)
 .debug_frame   0x000000a0       0x20 /home/laurence/CodeSourcery/Sourcery_G++_Lite/bin/../lib/gcc/arm-none-eabi/4.4.1/../../../../arm-none-eabi/lib/thumb2/libm.a(lib_a-w_atan2.o)
 .debug_frame   0x000000c0       0x3c /home/laurence/CodeSourcery/Sourcery_G++_Lite/bin/../lib/gcc/arm-none-eabi/4.4.1/../../../../arm-none-eabi/lib/thumb2/libm.a(lib_a-w_pow.o)
 .debug_frame   0x000000fc       0x3c /home/laurence/CodeSourcery/Sourcery_G++_Lite/bin/../lib/gcc/arm-none-eabi/4.4.1/../../../../arm-none-eabi/lib/thumb2/libm.a(lib_a-w_sqrt.o)
 .debug_frame   0x00000138       0x3c /home/laurence/CodeSourcery/Sourcery_G++_Lite/bin/../lib/gcc/arm-none-eabi/4.4.1/../../../../arm-none-eabi/lib/thumb2/libm.a(lib_a-e_asin.o)
 .debug_frame   0x00000174       0x3c /home/laurence/CodeSourcery/Sourcery_G++_Lite/bin/../lib/gcc/arm-none-eabi/4.4.1/../../../../arm-none-eabi/lib/thumb2/libm.a(lib_a-e_atan2.o)
 .debug_frame   0x000001b0       0x3c /home/laurence/CodeSourcery/Sourcery_G++_Lite/bin/../lib/gcc/arm-none-eabi/4.4.1/../../../../arm-none-eabi/lib/thumb2/libm.a(lib_a-e_pow.o)
 .debug_frame   0x000001ec       0x3c /home/laurence/CodeSourcery/Sourcery_G++_Lite/bin/../lib/gcc/arm-none-eabi/4.4.1/../../../../arm-none-eabi/lib/thumb2/libm.a(lib_a-e_rem_pio2.o)
 .debug_frame   0x00000228       0x34 /home/laurence/CodeSourcery/Sourcery_G++_Lite/bin/../lib/gcc/arm-none-eabi/4.4.1/../../../../arm-none-eabi/lib/thumb2/libm.a(lib_a-e_sqrt.o)
 .debug_frame   0x0000025c       0x3c /home/laurence/CodeSourcery/Sourcery_G++_Lite/bin/../lib/gcc/arm-none-eabi/4.4.1/../../../../arm-none-eabi/lib/thumb2/libm.a(lib_a-k_cos.o)
 .debug_frame   0x00000298       0x3c /home/laurence/CodeSourcery/Sourcery_G++_Lite/bin/../lib/gcc/arm-none-eabi/4.4.1/../../../../arm-none-eabi/lib/thumb2/libm.a(lib_a-k_rem_pio2.o)
 .debug_frame   0x000002d4       0x3c /home/laurence/CodeSourcery/Sourcery_G++_Lite/bin/../lib/gcc/arm-none-eabi/4.4.1/../../../../arm-none-eabi/lib/thumb2/libm.a(lib_a-k_sin.o)
 .debug_frame   0x00000310       0x38 /home/laurence/CodeSourcery/Sourcery_G++_Lite/bin/../lib/gcc/arm-none-eabi/4.4.1/../../../../arm-none-eabi/lib/thumb2/libm.a(lib_a-s_atan.o)
 .debug_frame   0x00000348       0x20 /home/laurence/CodeSourcery/Sourcery_G++_Lite/bin/../lib/gcc/arm-none-eabi/4.4.1/../../../../arm-none-eabi/lib/thumb2/libm.a(lib_a-s_fabs.o)
 .debug_frame   0x00000368       0x20 /home/laurence/CodeSourcery/Sourcery_G++_Lite/bin/../lib/gcc/arm-none-eabi/4.4.1/../../../../arm-none-eabi/lib/thumb2/libm.a(lib_a-s_finite.o)
 .debug_frame   0x00000388       0x34 /home/laurence/CodeSourcery/Sourcery_G++_Lite/bin/../lib/gcc/arm-none-eabi/4.4.1/../../../../arm-none-eabi/lib/thumb2/libm.a(lib_a-s_floor.o)
 .debug_frame   0x000003bc       0x20 /home/laurence/CodeSourcery/Sourcery_G++_Lite/bin/../lib/gcc/arm-none-eabi/4.4.1/../../../../arm-none-eabi/lib/thumb2/libm.a(lib_a-s_isnand.o)
 .debug_frame   0x000003dc       0x20 /home/laurence/CodeSourcery/Sourcery_G++_Lite/bin/../lib/gcc/arm-none-eabi/4.4.1/../../../../arm-none-eabi/lib/thumb2/libm.a(lib_a-s_matherr.o)
 .debug_frame   0x000003fc       0x20 /home/laurence/CodeSourcery/Sourcery_G++_Lite/bin/../lib/gcc/arm-none-eabi/4.4.1/../../../../arm-none-eabi/lib/thumb2/libm.a(lib_a-s_nan.o)
 .debug_frame   0x0000041c       0x38 /home/laurence/CodeSourcery/Sourcery_G++_Lite/bin/../lib/gcc/arm-none-eabi/4.4.1/../../../../arm-none-eabi/lib/thumb2/libm.a(lib_a-s_rint.o)
 .debug_frame   0x00000454       0x30 /home/laurence/CodeSourcery/Sourcery_G++_Lite/bin/../lib/gcc/arm-none-eabi/4.4.1/../../../../arm-none-eabi/lib/thumb2/libm.a(lib_a-s_scalbn.o)
 .debug_frame   0x00000484       0x28 /home/laurence/CodeSourcery/Sourcery_G++_Lite/bin/../lib/gcc/arm-none-eabi/4.4.1/../../../../arm-none-eabi/lib/thumb2/libm.a(lib_a-s_copysign.o)
 .debug_frame   0x000004ac       0x20 /home/laurence/CodeSourcery/Sourcery_G++_Lite/bin/../lib/gcc/arm-none-eabi/4.4.1/thumb2/libgcc.a(_divsi3.o)
 .debug_frame   0x000004cc       0x20 /home/laurence/CodeSourcery/Sourcery_G++_Lite/bin/../lib/gcc/arm-none-eabi/4.4.1/../../../../arm-none-eabi/lib/thumb2/libc.a(lib_a-errno.o)
 .debug_frame   0x000004ec       0x30 /home/laurence/CodeSourcery/Sourcery_G++_Lite/bin/../lib/gcc/arm-none-eabi/4.4.1/../../../../arm-none-eabi/lib/thumb2/libc.a(lib_a-malloc.o)
 .debug_frame   0x0000051c       0x3c /home/laurence/CodeSourcery/Sourcery_G++_Lite/bin/../lib/gcc/arm-none-eabi/4.4.1/../../../../arm-none-eabi/lib/thumb2/libc.a(lib_a-mallocr.o)
 .debug_frame   0x00000558       0x30 /home/laurence/CodeSourcery/Sourcery_G++_Lite/bin/../lib/gcc/arm-none-eabi/4.4.1/../../../../arm-none-eabi/lib/thumb2/libc.a(lib_a-mlock.o)
 .debug_frame   0x00000588       0x2c /home/laurence/CodeSourcery/Sourcery_G++_Lite/bin/../lib/gcc/arm-none-eabi/4.4.1/../../../../arm-none-eabi/lib/thumb2/libc.a(lib_a-sbrkr.o)
 .debug_frame   0x000005b4       0x20 /home/laurence/CodeSourcery/Sourcery_G++_Lite/bin/../lib/gcc/arm-none-eabi/4.4.1/../../../../arm-none-eabi/lib/thumb2/libc.a(lib_a-strcpy.o)
 .debug_frame   0x000005d4       0x50 /home/laurence/CodeSourcery/Sourcery_G++_Lite/bin/../lib/gcc/arm-none-eabi/4.4.1/../../../../arm-none-eabi/lib/thumb2/libc.a(lib_a-freer.o)
 .debug_frame   0x00000624       0x64 /home/laurence/CodeSourcery/Sourcery_G++_Lite/bin/../lib/gcc/arm-none-eabi/4.4.1/../../../../arm-none-eabi/lib/thumb2/libc.a(lib_a-reent.o)
 .debug_frame   0x00000688       0x40 /home/laurence/CodeSourcery/Sourcery_G++_Lite/bin/../lib/gcc/arm-none-eabi/4.4.1/../../../../arm-none-eabi/lib/thumb2/libcs3.a(start_c.o)
 .debug_frame   0x000006c8       0x28 /home/laurence/CodeSourcery/Sourcery_G++_Lite/bin/../lib/gcc/arm-none-eabi/4.4.1/../../../../arm-none-eabi/lib/thumb2/libcs3unhosted.a(unhosted-sbrk.o)
 .debug_frame   0x000006f0       0x2c /home/laurence/CodeSourcery/Sourcery_G++_Lite/bin/../lib/gcc/arm-none-eabi/4.4.1/../../../../arm-none-eabi/lib/thumb2/libc.a(lib_a-init.o)

.debug_str
 *(.debug_str)

.debug_loc
 *(.debug_loc)

.debug_macinfo
 *(.debug_macinfo)

.debug_weaknames
 *(.debug_weaknames)

.debug_funcnames
 *(.debug_funcnames)

.debug_typenames
 *(.debug_typenames)

.debug_varnames
 *(.debug_varnames)

.note.gnu.arm.ident
 *(.note.gnu.arm.ident)

.ARM.attributes
                0x00000000       0x25
 *(.ARM.attributes)
 .ARM.attributes
                0x00000000       0x19 /home/laurence/CodeSourcery/Sourcery_G++_Lite/bin/../lib/gcc/arm-none-eabi/4.4.1/thumb2/crti.o
 .ARM.attributes
                0x00000019       0x29 /home/laurence/CodeSourcery/Sourcery_G++_Lite/bin/../lib/gcc/arm-none-eabi/4.4.1/thumb2/crtbegin.o
 .ARM.attributes
                0x00000042       0x31 Sensors/bmp085.o
 .ARM.attributes
                0x00000073       0x31 Sensors/earth_field.o
 .ARM.attributes
                0x000000a4       0x31 Sensors/pitot.o
 .ARM.attributes
                0x000000d5       0x31 Sensors/ubx.o
 .ARM.attributes
                0x00000106       0x31 Util/Fatfs/fattime.o
 .ARM.attributes
                0x00000137       0x31 Util/Fatfs/ff.o
 .ARM.attributes
                0x00000168       0x31 Util/Fatfs/rtc.o
 .ARM.attributes
                0x00000199       0x31 Util/Fatfs/sd_spi_stm32.o
 .ARM.attributes
                0x000001ca       0x31 Util/coords.o
 .ARM.attributes
                0x000001fb       0x31 Util/delay.o
 .ARM.attributes
                0x0000022c       0x31 Util/rprintf.o
 .ARM.attributes
                0x0000025d       0x31 Util/time.o
 .ARM.attributes
                0x0000028e       0x31 dma.o
 .ARM.attributes
                0x000002bf       0x31 gpio.o
 .ARM.attributes
                0x000002f0       0x31 i2c.o
 .ARM.attributes
                0x00000321       0x31 interrupts.o
 .ARM.attributes
                0x00000352       0x31 lib/CMSIS_CM3/core_cm3.o
 .ARM.attributes
                0x00000383       0x21 lib/CMSIS_CM3/startup/gcc/startup_stm32f10x_md.o
 .ARM.attributes
                0x000003a4       0x31 lib/CMSIS_CM3/system_stm32f10x.o
 .ARM.attributes
                0x000003d5       0x31 main.o
 .ARM.attributes
                0x00000406       0x31 usart.o
 .ARM.attributes
                0x00000437       0x31 Control/ekf.o
 .ARM.attributes
                0x00000468       0x31 Control/imu.o
 .ARM.attributes
                0x00000499       0x31 Control/loops.o
 .ARM.attributes
                0x000004ca       0x31 Control/sensorcal.o
 .ARM.attributes
                0x000004fb       0x31 lib/STM32F10x_StdPeriph_Driver/libstm32fw.a(misc.o)
 .ARM.attributes
                0x0000052c       0x31 lib/STM32F10x_StdPeriph_Driver/libstm32fw.a(stm32f10x_bkp.o)
 .ARM.attributes
                0x0000055d       0x31 lib/STM32F10x_StdPeriph_Driver/libstm32fw.a(stm32f10x_dma.o)
 .ARM.attributes
                0x0000058e       0x31 lib/STM32F10x_StdPeriph_Driver/libstm32fw.a(stm32f10x_exti.o)
 .ARM.attributes
                0x000005bf       0x31 lib/STM32F10x_StdPeriph_Driver/libstm32fw.a(stm32f10x_gpio.o)
 .ARM.attributes
                0x000005f0       0x31 lib/STM32F10x_StdPeriph_Driver/libstm32fw.a(stm32f10x_i2c.o)
 .ARM.attributes
                0x00000621       0x31 lib/STM32F10x_StdPeriph_Driver/libstm32fw.a(stm32f10x_pwr.o)
 .ARM.attributes
                0x00000652       0x31 lib/STM32F10x_StdPeriph_Driver/libstm32fw.a(stm32f10x_rcc.o)
 .ARM.attributes
                0x00000683       0x31 lib/STM32F10x_StdPeriph_Driver/libstm32fw.a(stm32f10x_rtc.o)
 .ARM.attributes
                0x000006b4       0x31 lib/STM32F10x_StdPeriph_Driver/libstm32fw.a(stm32f10x_spi.o)
 .ARM.attributes
                0x000006e5       0x31 lib/STM32F10x_StdPeriph_Driver/libstm32fw.a(stm32f10x_usart.o)
 .ARM.attributes
                0x00000716       0x29 /home/laurence/CodeSourcery/Sourcery_G++_Lite/bin/../lib/gcc/arm-none-eabi/4.4.1/../../../../arm-none-eabi/lib/thumb2/libm.a(lib_a-s_cos.o)
 .ARM.attributes
                0x0000073f       0x29 /home/laurence/CodeSourcery/Sourcery_G++_Lite/bin/../lib/gcc/arm-none-eabi/4.4.1/../../../../arm-none-eabi/lib/thumb2/libm.a(lib_a-s_sin.o)
 .ARM.attributes
                0x00000768       0x29 /home/laurence/CodeSourcery/Sourcery_G++_Lite/bin/../lib/gcc/arm-none-eabi/4.4.1/../../../../arm-none-eabi/lib/thumb2/libm.a(lib_a-w_asin.o)
 .ARM.attributes
                0x00000791       0x29 /home/laurence/CodeSourcery/Sourcery_G++_Lite/bin/../lib/gcc/arm-none-eabi/4.4.1/../../../../arm-none-eabi/lib/thumb2/libm.a(lib_a-w_atan2.o)
 .ARM.attributes
                0x000007ba       0x29 /home/laurence/CodeSourcery/Sourcery_G++_Lite/bin/../lib/gcc/arm-none-eabi/4.4.1/../../../../arm-none-eabi/lib/thumb2/libm.a(lib_a-w_pow.o)
 .ARM.attributes
                0x000007e3       0x29 /home/laurence/CodeSourcery/Sourcery_G++_Lite/bin/../lib/gcc/arm-none-eabi/4.4.1/../../../../arm-none-eabi/lib/thumb2/libm.a(lib_a-w_sqrt.o)
 .ARM.attributes
                0x0000080c       0x29 /home/laurence/CodeSourcery/Sourcery_G++_Lite/bin/../lib/gcc/arm-none-eabi/4.4.1/../../../../arm-none-eabi/lib/thumb2/libm.a(lib_a-e_asin.o)
 .ARM.attributes
                0x00000835       0x29 /home/laurence/CodeSourcery/Sourcery_G++_Lite/bin/../lib/gcc/arm-none-eabi/4.4.1/../../../../arm-none-eabi/lib/thumb2/libm.a(lib_a-e_atan2.o)
 .ARM.attributes
                0x0000085e       0x29 /home/laurence/CodeSourcery/Sourcery_G++_Lite/bin/../lib/gcc/arm-none-eabi/4.4.1/../../../../arm-none-eabi/lib/thumb2/libm.a(lib_a-e_pow.o)
 .ARM.attributes
                0x00000887       0x29 /home/laurence/CodeSourcery/Sourcery_G++_Lite/bin/../lib/gcc/arm-none-eabi/4.4.1/../../../../arm-none-eabi/lib/thumb2/libm.a(lib_a-e_rem_pio2.o)
 .ARM.attributes
                0x000008b0       0x29 /home/laurence/CodeSourcery/Sourcery_G++_Lite/bin/../lib/gcc/arm-none-eabi/4.4.1/../../../../arm-none-eabi/lib/thumb2/libm.a(lib_a-e_sqrt.o)
 .ARM.attributes
                0x000008d9       0x29 /home/laurence/CodeSourcery/Sourcery_G++_Lite/bin/../lib/gcc/arm-none-eabi/4.4.1/../../../../arm-none-eabi/lib/thumb2/libm.a(lib_a-k_cos.o)
 .ARM.attributes
                0x00000902       0x29 /home/laurence/CodeSourcery/Sourcery_G++_Lite/bin/../lib/gcc/arm-none-eabi/4.4.1/../../../../arm-none-eabi/lib/thumb2/libm.a(lib_a-k_rem_pio2.o)
 .ARM.attributes
                0x0000092b       0x29 /home/laurence/CodeSourcery/Sourcery_G++_Lite/bin/../lib/gcc/arm-none-eabi/4.4.1/../../../../arm-none-eabi/lib/thumb2/libm.a(lib_a-k_sin.o)
 .ARM.attributes
                0x00000954       0x29 /home/laurence/CodeSourcery/Sourcery_G++_Lite/bin/../lib/gcc/arm-none-eabi/4.4.1/../../../../arm-none-eabi/lib/thumb2/libm.a(lib_a-s_atan.o)
 .ARM.attributes
                0x0000097d       0x29 /home/laurence/CodeSourcery/Sourcery_G++_Lite/bin/../lib/gcc/arm-none-eabi/4.4.1/../../../../arm-none-eabi/lib/thumb2/libm.a(lib_a-s_fabs.o)
 .ARM.attributes
                0x000009a6       0x29 /home/laurence/CodeSourcery/Sourcery_G++_Lite/bin/../lib/gcc/arm-none-eabi/4.4.1/../../../../arm-none-eabi/lib/thumb2/libm.a(lib_a-s_finite.o)
 .ARM.attributes
                0x000009cf       0x29 /home/laurence/CodeSourcery/Sourcery_G++_Lite/bin/../lib/gcc/arm-none-eabi/4.4.1/../../../../arm-none-eabi/lib/thumb2/libm.a(lib_a-s_floor.o)
 .ARM.attributes
                0x000009f8       0x29 /home/laurence/CodeSourcery/Sourcery_G++_Lite/bin/../lib/gcc/arm-none-eabi/4.4.1/../../../../arm-none-eabi/lib/thumb2/libm.a(lib_a-s_isnand.o)
 .ARM.attributes
                0x00000a21       0x29 /home/laurence/CodeSourcery/Sourcery_G++_Lite/bin/../lib/gcc/arm-none-eabi/4.4.1/../../../../arm-none-eabi/lib/thumb2/libm.a(lib_a-s_lib_ver.o)
 .ARM.attributes
                0x00000a4a       0x29 /home/laurence/CodeSourcery/Sourcery_G++_Lite/bin/../lib/gcc/arm-none-eabi/4.4.1/../../../../arm-none-eabi/lib/thumb2/libm.a(lib_a-s_matherr.o)
 .ARM.attributes
                0x00000a73       0x29 /home/laurence/CodeSourcery/Sourcery_G++_Lite/bin/../lib/gcc/arm-none-eabi/4.4.1/../../../../arm-none-eabi/lib/thumb2/libm.a(lib_a-s_nan.o)
 .ARM.attributes
                0x00000a9c       0x29 /home/laurence/CodeSourcery/Sourcery_G++_Lite/bin/../lib/gcc/arm-none-eabi/4.4.1/../../../../arm-none-eabi/lib/thumb2/libm.a(lib_a-s_rint.o)
 .ARM.attributes
                0x00000ac5       0x29 /home/laurence/CodeSourcery/Sourcery_G++_Lite/bin/../lib/gcc/arm-none-eabi/4.4.1/../../../../arm-none-eabi/lib/thumb2/libm.a(lib_a-s_scalbn.o)
 .ARM.attributes
                0x00000aee       0x29 /home/laurence/CodeSourcery/Sourcery_G++_Lite/bin/../lib/gcc/arm-none-eabi/4.4.1/../../../../arm-none-eabi/lib/thumb2/libm.a(lib_a-s_copysign.o)
 .ARM.attributes
                0x00000b17       0x1b /home/laurence/CodeSourcery/Sourcery_G++_Lite/bin/../lib/gcc/arm-none-eabi/4.4.1/thumb2/libgcc.a(_divsi3.o)
 .ARM.attributes
                0x00000b32       0x1b /home/laurence/CodeSourcery/Sourcery_G++_Lite/bin/../lib/gcc/arm-none-eabi/4.4.1/thumb2/libgcc.a(_dvmd_tls.o)
 .ARM.attributes
                0x00000b4d       0x1b /home/laurence/CodeSourcery/Sourcery_G++_Lite/bin/../lib/gcc/arm-none-eabi/4.4.1/thumb2/libgcc.a(_arm_addsubdf3.o)
 .ARM.attributes
                0x00000b68       0x1b /home/laurence/CodeSourcery/Sourcery_G++_Lite/bin/../lib/gcc/arm-none-eabi/4.4.1/thumb2/libgcc.a(_arm_muldivdf3.o)
 .ARM.attributes
                0x00000b83       0x1b /home/laurence/CodeSourcery/Sourcery_G++_Lite/bin/../lib/gcc/arm-none-eabi/4.4.1/thumb2/libgcc.a(_arm_cmpdf2.o)
 .ARM.attributes
                0x00000b9e       0x1b /home/laurence/CodeSourcery/Sourcery_G++_Lite/bin/../lib/gcc/arm-none-eabi/4.4.1/thumb2/libgcc.a(_arm_fixdfsi.o)
 .ARM.attributes
                0x00000bb9       0x1b /home/laurence/CodeSourcery/Sourcery_G++_Lite/bin/../lib/gcc/arm-none-eabi/4.4.1/thumb2/libgcc.a(_arm_truncdfsf2.o)
 .ARM.attributes
                0x00000bd4       0x1b /home/laurence/CodeSourcery/Sourcery_G++_Lite/bin/../lib/gcc/arm-none-eabi/4.4.1/thumb2/libgcc.a(_arm_addsubsf3.o)
 .ARM.attributes
                0x00000bef       0x1b /home/laurence/CodeSourcery/Sourcery_G++_Lite/bin/../lib/gcc/arm-none-eabi/4.4.1/thumb2/libgcc.a(_arm_muldivsf3.o)
 .ARM.attributes
                0x00000c0a       0x1b /home/laurence/CodeSourcery/Sourcery_G++_Lite/bin/../lib/gcc/arm-none-eabi/4.4.1/thumb2/libgcc.a(_arm_cmpsf2.o)
 .ARM.attributes
                0x00000c25       0x1b /home/laurence/CodeSourcery/Sourcery_G++_Lite/bin/../lib/gcc/arm-none-eabi/4.4.1/thumb2/libgcc.a(_arm_fixunssfsi.o)
 .ARM.attributes
                0x00000c40       0x29 /home/laurence/CodeSourcery/Sourcery_G++_Lite/bin/../lib/gcc/arm-none-eabi/4.4.1/../../../../arm-none-eabi/lib/thumb2/libc.a(lib_a-errno.o)
 .ARM.attributes
                0x00000c69       0x29 /home/laurence/CodeSourcery/Sourcery_G++_Lite/bin/../lib/gcc/arm-none-eabi/4.4.1/../../../../arm-none-eabi/lib/thumb2/libc.a(lib_a-impure.o)
 .ARM.attributes
                0x00000c92       0x29 /home/laurence/CodeSourcery/Sourcery_G++_Lite/bin/../lib/gcc/arm-none-eabi/4.4.1/../../../../arm-none-eabi/lib/thumb2/libc.a(lib_a-malloc.o)
 .ARM.attributes
                0x00000cbb       0x29 /home/laurence/CodeSourcery/Sourcery_G++_Lite/bin/../lib/gcc/arm-none-eabi/4.4.1/../../../../arm-none-eabi/lib/thumb2/libc.a(lib_a-mallocr.o)
 .ARM.attributes
                0x00000ce4       0x29 /home/laurence/CodeSourcery/Sourcery_G++_Lite/bin/../lib/gcc/arm-none-eabi/4.4.1/../../../../arm-none-eabi/lib/thumb2/libc.a(lib_a-mlock.o)
 .ARM.attributes
                0x00000d0d       0x29 /home/laurence/CodeSourcery/Sourcery_G++_Lite/bin/../lib/gcc/arm-none-eabi/4.4.1/../../../../arm-none-eabi/lib/thumb2/libc.a(lib_a-sbrkr.o)
 .ARM.attributes
                0x00000d36       0x29 /home/laurence/CodeSourcery/Sourcery_G++_Lite/bin/../lib/gcc/arm-none-eabi/4.4.1/../../../../arm-none-eabi/lib/thumb2/libc.a(lib_a-strcpy.o)
 .ARM.attributes
                0x00000d5f       0x29 /home/laurence/CodeSourcery/Sourcery_G++_Lite/bin/../lib/gcc/arm-none-eabi/4.4.1/../../../../arm-none-eabi/lib/thumb2/libc.a(lib_a-freer.o)
 .ARM.attributes
                0x00000d88       0x29 /home/laurence/CodeSourcery/Sourcery_G++_Lite/bin/../lib/gcc/arm-none-eabi/4.4.1/../../../../arm-none-eabi/lib/thumb2/libc.a(lib_a-reent.o)
 .ARM.attributes
                0x00000db1       0x29 /home/laurence/CodeSourcery/Sourcery_G++_Lite/bin/../lib/gcc/arm-none-eabi/4.4.1/thumb2/crtend.o
 .ARM.attributes
                0x00000dda       0x19 /home/laurence/CodeSourcery/Sourcery_G++_Lite/bin/../lib/gcc/arm-none-eabi/4.4.1/thumb2/crtn.o
 .ARM.attributes
                0x00000df3       0x29 /home/laurence/CodeSourcery/Sourcery_G++_Lite/bin/../lib/gcc/arm-none-eabi/4.4.1/../../../../arm-none-eabi/lib/thumb2/libcs3.a(start_c.o)
 .ARM.attributes
                0x00000e1c       0x29 /home/laurence/CodeSourcery/Sourcery_G++_Lite/bin/../lib/gcc/arm-none-eabi/4.4.1/../../../../arm-none-eabi/lib/thumb2/libcs3unhosted.a(unhosted-sbrk.o)
 .ARM.attributes
                0x00000e45       0x19 /home/laurence/CodeSourcery/Sourcery_G++_Lite/bin/../lib/gcc/arm-none-eabi/4.4.1/../../../../arm-none-eabi/lib/thumb2/libcs3unhosted.a(unhosted-start.o)
 .ARM.attributes
                0x00000e5e       0x1f lib/libcs3-lanchon-stm32.a(lanchon-stm32-vector.o)
 .ARM.attributes
                0x00000e7d       0x21 lib/libcs3-lanchon-stm32.a(lanchon_stm32_isr_interrupt.o)
 .ARM.attributes
                0x00000e9e       0x29 /home/laurence/CodeSourcery/Sourcery_G++_Lite/bin/../lib/gcc/arm-none-eabi/4.4.1/../../../../arm-none-eabi/lib/thumb2/libc.a(lib_a-init.o)
 .ARM.attributes
                0x00000ec7       0x29 /home/laurence/CodeSourcery/Sourcery_G++_Lite/bin/../lib/gcc/arm-none-eabi/4.4.1/../../../../arm-none-eabi/lib/thumb2/libcs3.a(heap.o)

/DISCARD/
 *(.note.GNU-stack)
OUTPUT(main.elf elf32-littlearm)

Cross Reference Table

Symbol                                            File
ADC1_2_IRQHandler                                 lib/CMSIS_CM3/startup/gcc/startup_stm32f10x_md.o
ADC_IRQHandler                                    lib/libcs3-lanchon-stm32.a(lanchon_stm32_isr_interrupt.o)
                                                  lib/libcs3-lanchon-stm32.a(lanchon-stm32-vector.o)
Acc_Init                                          i2c.o
                                                  main.o
All_IO_Configuration                              gpio.o
                                                  main.o
Aux_Devices_Configuration                         gpio.o
BKP_ClearFlag                                     lib/STM32F10x_StdPeriph_Driver/libstm32fw.a(stm32f10x_bkp.o)
BKP_ClearITPendingBit                             lib/STM32F10x_StdPeriph_Driver/libstm32fw.a(stm32f10x_bkp.o)
BKP_DeInit                                        lib/STM32F10x_StdPeriph_Driver/libstm32fw.a(stm32f10x_bkp.o)
                                                  Util/Fatfs/rtc.o
BKP_GetFlagStatus                                 lib/STM32F10x_StdPeriph_Driver/libstm32fw.a(stm32f10x_bkp.o)
BKP_GetITStatus                                   lib/STM32F10x_StdPeriph_Driver/libstm32fw.a(stm32f10x_bkp.o)
BKP_ITConfig                                      lib/STM32F10x_StdPeriph_Driver/libstm32fw.a(stm32f10x_bkp.o)
BKP_RTCOutputConfig                               lib/STM32F10x_StdPeriph_Driver/libstm32fw.a(stm32f10x_bkp.o)
BKP_ReadBackupRegister                            lib/STM32F10x_StdPeriph_Driver/libstm32fw.a(stm32f10x_bkp.o)
                                                  Util/Fatfs/rtc.o
BKP_SetRTCCalibrationValue                        lib/STM32F10x_StdPeriph_Driver/libstm32fw.a(stm32f10x_bkp.o)
BKP_TamperPinCmd                                  lib/STM32F10x_StdPeriph_Driver/libstm32fw.a(stm32f10x_bkp.o)
BKP_TamperPinLevelConfig                          lib/STM32F10x_StdPeriph_Driver/libstm32fw.a(stm32f10x_bkp.o)
BKP_WriteBackupRegister                           lib/STM32F10x_StdPeriph_Driver/libstm32fw.a(stm32f10x_bkp.o)
                                                  Util/Fatfs/rtc.o
Balt                                              main.o
                                                  Control/imu.o
Baro_Convert_Pressure                             Sensors/bmp085.o
                                                  Control/imu.o
Baro_Read_ADC                                     Sensors/bmp085.o
                                                  Control/imu.o
                                                  main.o
Baro_Read_Full_ADC                                Sensors/bmp085.o
                                                  Control/imu.o
                                                  main.o
Baro_Setup_Pressure                               Sensors/bmp085.o
                                                  Control/imu.o
                                                  main.o
Baro_Setup_Temperature                            Sensors/bmp085.o
                                                  Control/imu.o
                                                  main.o
Be                                                Control/ekf.o
Bmp085_Convert                                    Sensors/bmp085.o
                                                  Control/imu.o
                                                  main.o
Bmp085_ReadConfig                                 Sensors/bmp085.o
                                                  main.o
Bmp_temp                                          Sensors/bmp085.o
                                                  Control/imu.o
                                                  main.o
BusFaultException                                 lib/libcs3-lanchon-stm32.a(lanchon_stm32_isr_interrupt.o)
                                                  lib/libcs3-lanchon-stm32.a(lanchon-stm32-vector.o)
BusFault_Handler                                  interrupts.o
Bytes_In_Buffer                                   dma.o
                                                  Control/imu.o
                                                  main.o
                                                  Sensors/ubx.o
CAN1_RX1_IRQHandler                               lib/CMSIS_CM3/startup/gcc/startup_stm32f10x_md.o
CAN1_SCE_IRQHandler                               lib/CMSIS_CM3/startup/gcc/startup_stm32f10x_md.o
CAN_RX1_IRQHandler                                lib/libcs3-lanchon-stm32.a(lanchon_stm32_isr_interrupt.o)
                                                  lib/libcs3-lanchon-stm32.a(lanchon-stm32-vector.o)
CAN_SCE_IRQHandler                                lib/libcs3-lanchon-stm32.a(lanchon_stm32_isr_interrupt.o)
                                                  lib/libcs3-lanchon-stm32.a(lanchon-stm32-vector.o)
Calibrate_3                                       Control/sensorcal.o
                                                  Control/imu.o
                                                  main.o
Config_Gps                                        Sensors/ubx.o
                                                  main.o
CovariancePrediction                              Control/ekf.o
CrossProduct                                      Util/coords.o
DMA1_Channel1_IRQHandler                          lib/CMSIS_CM3/startup/gcc/startup_stm32f10x_md.o
DMA1_Channel2_IRQHandler                          lib/CMSIS_CM3/startup/gcc/startup_stm32f10x_md.o
DMA1_Channel3_IRQHandler                          lib/CMSIS_CM3/startup/gcc/startup_stm32f10x_md.o
DMA1_Channel4_IRQHandler                          lib/CMSIS_CM3/startup/gcc/startup_stm32f10x_md.o
DMA1_Channel5_IRQHandler                          lib/CMSIS_CM3/startup/gcc/startup_stm32f10x_md.o
DMA1_Channel6_IRQHandler                          lib/CMSIS_CM3/startup/gcc/startup_stm32f10x_md.o
DMA1_Channel7_IRQHandler                          lib/CMSIS_CM3/startup/gcc/startup_stm32f10x_md.o
DMAChannel1_IRQHandler                            lib/libcs3-lanchon-stm32.a(lanchon_stm32_isr_interrupt.o)
                                                  lib/libcs3-lanchon-stm32.a(lanchon-stm32-vector.o)
DMAChannel2_IRQHandler                            lib/libcs3-lanchon-stm32.a(lanchon_stm32_isr_interrupt.o)
                                                  lib/libcs3-lanchon-stm32.a(lanchon-stm32-vector.o)
DMAChannel3_IRQHandler                            lib/libcs3-lanchon-stm32.a(lanchon_stm32_isr_interrupt.o)
                                                  lib/libcs3-lanchon-stm32.a(lanchon-stm32-vector.o)
DMAChannel4_IRQHandler                            lib/libcs3-lanchon-stm32.a(lanchon_stm32_isr_interrupt.o)
                                                  lib/libcs3-lanchon-stm32.a(lanchon-stm32-vector.o)
DMAChannel5_IRQHandler                            lib/libcs3-lanchon-stm32.a(lanchon_stm32_isr_interrupt.o)
                                                  lib/libcs3-lanchon-stm32.a(lanchon-stm32-vector.o)
DMAChannel6_IRQHandler                            lib/libcs3-lanchon-stm32.a(lanchon_stm32_isr_interrupt.o)
                                                  lib/libcs3-lanchon-stm32.a(lanchon-stm32-vector.o)
DMAChannel7_IRQHandler                            lib/libcs3-lanchon-stm32.a(lanchon_stm32_isr_interrupt.o)
                                                  lib/libcs3-lanchon-stm32.a(lanchon-stm32-vector.o)
DMA_ClearFlag                                     lib/STM32F10x_StdPeriph_Driver/libstm32fw.a(stm32f10x_dma.o)
DMA_ClearITPendingBit                             lib/STM32F10x_StdPeriph_Driver/libstm32fw.a(stm32f10x_dma.o)
DMA_Cmd                                           lib/STM32F10x_StdPeriph_Driver/libstm32fw.a(stm32f10x_dma.o)
                                                  main.o
DMA_Configuration                                 dma.o
                                                  main.o
DMA_DeInit                                        lib/STM32F10x_StdPeriph_Driver/libstm32fw.a(stm32f10x_dma.o)
                                                  dma.o
DMA_GetCurrDataCounter                            lib/STM32F10x_StdPeriph_Driver/libstm32fw.a(stm32f10x_dma.o)
                                                  dma.o
DMA_GetFlagStatus                                 lib/STM32F10x_StdPeriph_Driver/libstm32fw.a(stm32f10x_dma.o)
DMA_GetITStatus                                   lib/STM32F10x_StdPeriph_Driver/libstm32fw.a(stm32f10x_dma.o)
DMA_ITConfig                                      lib/STM32F10x_StdPeriph_Driver/libstm32fw.a(stm32f10x_dma.o)
DMA_Init                                          lib/STM32F10x_StdPeriph_Driver/libstm32fw.a(stm32f10x_dma.o)
                                                  dma.o
DMA_StructInit                                    lib/STM32F10x_StdPeriph_Driver/libstm32fw.a(stm32f10x_dma.o)
DebugMon_Handler                                  interrupts.o
DebugMonitor                                      lib/libcs3-lanchon-stm32.a(lanchon_stm32_isr_interrupt.o)
                                                  lib/libcs3-lanchon-stm32.a(lanchon-stm32-vector.o)
Default_Handler                                   lib/CMSIS_CM3/startup/gcc/startup_stm32f10x_md.o
Default_Usart_Config                              usart.o
Delay                                             Util/delay.o
                                                  main.o
                                                  Sensors/ubx.o
EXTI0_IRQHandler                                  lib/CMSIS_CM3/startup/gcc/startup_stm32f10x_md.o
                                                  lib/libcs3-lanchon-stm32.a(lanchon-stm32-vector.o)
EXTI15_10_IRQHandler                              lib/CMSIS_CM3/startup/gcc/startup_stm32f10x_md.o
                                                  lib/libcs3-lanchon-stm32.a(lanchon-stm32-vector.o)
EXTI1_IRQHandler                                  lib/CMSIS_CM3/startup/gcc/startup_stm32f10x_md.o
                                                  lib/libcs3-lanchon-stm32.a(lanchon-stm32-vector.o)
EXTI2_IRQHandler                                  lib/CMSIS_CM3/startup/gcc/startup_stm32f10x_md.o
                                                  lib/libcs3-lanchon-stm32.a(lanchon-stm32-vector.o)
EXTI3_IRQHandler                                  lib/CMSIS_CM3/startup/gcc/startup_stm32f10x_md.o
                                                  lib/libcs3-lanchon-stm32.a(lanchon-stm32-vector.o)
EXTI4_IRQHandler                                  lib/CMSIS_CM3/startup/gcc/startup_stm32f10x_md.o
                                                  lib/libcs3-lanchon-stm32.a(lanchon-stm32-vector.o)
EXTI6_Config                                      interrupts.o
                                                  main.o
EXTI9_5_IRQHandler                                interrupts.o
                                                  lib/libcs3-lanchon-stm32.a(lanchon-stm32-vector.o)
EXTI_ClearFlag                                    lib/STM32F10x_StdPeriph_Driver/libstm32fw.a(stm32f10x_exti.o)
EXTI_ClearITPendingBit                            lib/STM32F10x_StdPeriph_Driver/libstm32fw.a(stm32f10x_exti.o)
                                                  interrupts.o
EXTI_DeInit                                       lib/STM32F10x_StdPeriph_Driver/libstm32fw.a(stm32f10x_exti.o)
EXTI_GenerateSWInterrupt                          lib/STM32F10x_StdPeriph_Driver/libstm32fw.a(stm32f10x_exti.o)
EXTI_GetFlagStatus                                lib/STM32F10x_StdPeriph_Driver/libstm32fw.a(stm32f10x_exti.o)
EXTI_GetITStatus                                  lib/STM32F10x_StdPeriph_Driver/libstm32fw.a(stm32f10x_exti.o)
                                                  interrupts.o
EXTI_Init                                         lib/STM32F10x_StdPeriph_Driver/libstm32fw.a(stm32f10x_exti.o)
                                                  interrupts.o
EXTI_StructInit                                   lib/STM32F10x_StdPeriph_Driver/libstm32fw.a(stm32f10x_exti.o)
F                                                 Control/ekf.o
FLASH_IRQHandler                                  lib/CMSIS_CM3/startup/gcc/startup_stm32f10x_md.o
                                                  lib/libcs3-lanchon-stm32.a(lanchon-stm32-vector.o)
Flipbytes                                         i2c.o
                                                  Sensors/bmp085.o
Flush_Buffer                                      dma.o
                                                  Sensors/ubx.o
FullCorrection                                    Control/ekf.o
G                                                 Control/ekf.o
GPIO_AFIODeInit                                   lib/STM32F10x_StdPeriph_Driver/libstm32fw.a(stm32f10x_gpio.o)
GPIO_Config_AF_Periferals                         gpio.o
GPIO_DeInit                                       lib/STM32F10x_StdPeriph_Driver/libstm32fw.a(stm32f10x_gpio.o)
GPIO_ETH_MediaInterfaceConfig                     lib/STM32F10x_StdPeriph_Driver/libstm32fw.a(stm32f10x_gpio.o)
GPIO_EXTILineConfig                               lib/STM32F10x_StdPeriph_Driver/libstm32fw.a(stm32f10x_gpio.o)
                                                  interrupts.o
GPIO_EventOutputCmd                               lib/STM32F10x_StdPeriph_Driver/libstm32fw.a(stm32f10x_gpio.o)
GPIO_EventOutputConfig                            lib/STM32F10x_StdPeriph_Driver/libstm32fw.a(stm32f10x_gpio.o)
GPIO_Init                                         lib/STM32F10x_StdPeriph_Driver/libstm32fw.a(stm32f10x_gpio.o)
                                                  usart.o
                                                  gpio.o
                                                  Util/Fatfs/sd_spi_stm32.o