Archive member included because of file (symbol)

lib/STM32F10x_StdPeriph_Driver/libstm32fw.a(misc.o)
                              interrupts.o (NVIC_PriorityGroupConfig)
lib/STM32F10x_StdPeriph_Driver/libstm32fw.a(stm32f10x_bkp.o)
                              Util/Fatfs/rtc.o (BKP_WriteBackupRegister)
lib/STM32F10x_StdPeriph_Driver/libstm32fw.a(stm32f10x_dma.o)
                              dma.o (DMA_DeInit)
lib/STM32F10x_StdPeriph_Driver/libstm32fw.a(stm32f10x_exti.o)
                              interrupts.o (EXTI_Init)
lib/STM32F10x_StdPeriph_Driver/libstm32fw.a(stm32f10x_gpio.o)
                              Util/Fatfs/sd_spi_stm32.o (GPIO_Init)
lib/STM32F10x_StdPeriph_Driver/libstm32fw.a(stm32f10x_i2c.o)
                              i2c.o (I2C_Cmd)
lib/STM32F10x_StdPeriph_Driver/libstm32fw.a(stm32f10x_pwr.o)
                              Util/Fatfs/rtc.o (PWR_BackupAccessCmd)
lib/STM32F10x_StdPeriph_Driver/libstm32fw.a(stm32f10x_rcc.o)
                              Util/Fatfs/rtc.o (RCC_LSEConfig)
lib/STM32F10x_StdPeriph_Driver/libstm32fw.a(stm32f10x_rtc.o)
                              Util/Fatfs/rtc.o (RTC_GetCounter)
lib/STM32F10x_StdPeriph_Driver/libstm32fw.a(stm32f10x_spi.o)
                              Util/Fatfs/sd_spi_stm32.o (SPI_Init)
lib/STM32F10x_StdPeriph_Driver/libstm32fw.a(stm32f10x_tim.o)
                              pwm.o (TIM_TimeBaseInit)
lib/STM32F10x_StdPeriph_Driver/libstm32fw.a(stm32f10x_usart.o)
                              usart.o (USART_Cmd)
/home/laurence/CodeSourcery/Sourcery_G++_Lite/bin/../lib/gcc/arm-none-eabi/4.4.1/../../../../arm-none-eabi/lib/thumb2/libm.a(lib_a-s_cos.o)
                              Sensors/earth_field.o (cos)
/home/laurence/CodeSourcery/Sourcery_G++_Lite/bin/../lib/gcc/arm-none-eabi/4.4.1/../../../../arm-none-eabi/lib/thumb2/libm.a(lib_a-s_sin.o)
                              Sensors/earth_field.o (sin)
/home/laurence/CodeSourcery/Sourcery_G++_Lite/bin/../lib/gcc/arm-none-eabi/4.4.1/../../../../arm-none-eabi/lib/thumb2/libm.a(lib_a-w_asin.o)
                              Sensors/earth_field.o (asin)
/home/laurence/CodeSourcery/Sourcery_G++_Lite/bin/../lib/gcc/arm-none-eabi/4.4.1/../../../../arm-none-eabi/lib/thumb2/libm.a(lib_a-w_atan2.o)
                              Sensors/earth_field.o (atan2)
/home/laurence/CodeSourcery/Sourcery_G++_Lite/bin/../lib/gcc/arm-none-eabi/4.4.1/../../../../arm-none-eabi/lib/thumb2/libm.a(lib_a-w_pow.o)
                              Sensors/bmp085.o (pow)
/home/laurence/CodeSourcery/Sourcery_G++_Lite/bin/../lib/gcc/arm-none-eabi/4.4.1/../../../../arm-none-eabi/lib/thumb2/libm.a(lib_a-w_sqrt.o)
                              Sensors/earth_field.o (sqrt)
/home/laurence/CodeSourcery/Sourcery_G++_Lite/bin/../lib/gcc/arm-none-eabi/4.4.1/../../../../arm-none-eabi/lib/thumb2/libm.a(lib_a-e_asin.o)
                              /home/laurence/CodeSourcery/Sourcery_G++_Lite/bin/../lib/gcc/arm-none-eabi/4.4.1/../../../../arm-none-eabi/lib/thumb2/libm.a(lib_a-w_asin.o) (__ieee754_asin)
/home/laurence/CodeSourcery/Sourcery_G++_Lite/bin/../lib/gcc/arm-none-eabi/4.4.1/../../../../arm-none-eabi/lib/thumb2/libm.a(lib_a-e_atan2.o)
                              /home/laurence/CodeSourcery/Sourcery_G++_Lite/bin/../lib/gcc/arm-none-eabi/4.4.1/../../../../arm-none-eabi/lib/thumb2/libm.a(lib_a-w_atan2.o) (__ieee754_atan2)
/home/laurence/CodeSourcery/Sourcery_G++_Lite/bin/../lib/gcc/arm-none-eabi/4.4.1/../../../../arm-none-eabi/lib/thumb2/libm.a(lib_a-e_pow.o)
                              /home/laurence/CodeSourcery/Sourcery_G++_Lite/bin/../lib/gcc/arm-none-eabi/4.4.1/../../../../arm-none-eabi/lib/thumb2/libm.a(lib_a-w_pow.o) (__ieee754_pow)
/home/laurence/CodeSourcery/Sourcery_G++_Lite/bin/../lib/gcc/arm-none-eabi/4.4.1/../../../../arm-none-eabi/lib/thumb2/libm.a(lib_a-e_rem_pio2.o)
                              /home/laurence/CodeSourcery/Sourcery_G++_Lite/bin/../lib/gcc/arm-none-eabi/4.4.1/../../../../arm-none-eabi/lib/thumb2/libm.a(lib_a-s_cos.o) (__ieee754_rem_pio2)
/home/laurence/CodeSourcery/Sourcery_G++_Lite/bin/../lib/gcc/arm-none-eabi/4.4.1/../../../../arm-none-eabi/lib/thumb2/libm.a(lib_a-e_sqrt.o)
                              /home/laurence/CodeSourcery/Sourcery_G++_Lite/bin/../lib/gcc/arm-none-eabi/4.4.1/../../../../arm-none-eabi/lib/thumb2/libm.a(lib_a-w_sqrt.o) (__ieee754_sqrt)
/home/laurence/CodeSourcery/Sourcery_G++_Lite/bin/../lib/gcc/arm-none-eabi/4.4.1/../../../../arm-none-eabi/lib/thumb2/libm.a(lib_a-k_cos.o)
                              /home/laurence/CodeSourcery/Sourcery_G++_Lite/bin/../lib/gcc/arm-none-eabi/4.4.1/../../../../arm-none-eabi/lib/thumb2/libm.a(lib_a-s_cos.o) (__kernel_cos)
/home/laurence/CodeSourcery/Sourcery_G++_Lite/bin/../lib/gcc/arm-none-eabi/4.4.1/../../../../arm-none-eabi/lib/thumb2/libm.a(lib_a-k_rem_pio2.o)
[...]
Memory Configuration

Name             Origin             Length             Attributes
ram              0x20000000         0x00005000         xrw
rom              0x08000000         0x00020000         xr
*default*        0x00000000         0xffffffff

Linker script and memory map

LOAD /home/laurence/CodeSourcery/Sourcery_G++_Lite/bin/../lib/gcc/arm-none-eabi/4.4.1/thumb2/crti.o
LOAD /home/laurence/CodeSourcery/Sourcery_G++_Lite/bin/../lib/gcc/arm-none-eabi/4.4.1/thumb2/crtbegin.o
LOAD Sensors/bmp085.o
LOAD Sensors/earth_field.o
LOAD Sensors/pitot.o
LOAD Sensors/ubx.o
LOAD Util/Fatfs/fattime.o
LOAD Util/Fatfs/ff.o
LOAD Util/Fatfs/rtc.o
LOAD Util/Fatfs/sd_spi_stm32.o
LOAD Util/coords.o
LOAD Util/delay.o
LOAD Util/rprintf.o
LOAD Util/time.o
LOAD dma.o
LOAD gpio.o
LOAD i2c.o
LOAD interrupts.o
LOAD lib/CMSIS_CM3/core_cm3.o
LOAD lib/CMSIS_CM3/startup/gcc/startup_stm32f10x_md.o
LOAD lib/CMSIS_CM3/system_stm32f10x.o
LOAD main.o
LOAD pwm.o
LOAD usart.o
LOAD Control/ekf.o
LOAD Control/imu.o
LOAD Control/loops.o
LOAD Control/sensorcal.o
LOAD Control/servos.o
LOAD lib/STM32F10x_StdPeriph_Driver/libstm32fw.a
LOAD lib/STM32_USB-FS-Device_Driver/libstm32usb.a
LOAD /home/laurence/CodeSourcery/Sourcery_G++_Lite/bin/../lib/gcc/arm-none-eabi/4.4.1/../../../../arm-none-eabi/lib/thumb2/libm.a
START GROUP
LOAD /home/laurence/CodeSourcery/Sourcery_G++_Lite/bin/../lib/gcc/arm-none-eabi/4.4.1/thumb2/libgcc.a
LOAD /home/laurence/CodeSourcery/Sourcery_G++_Lite/bin/../lib/gcc/arm-none-eabi/4.4.1/../../../../arm-none-eabi/lib/thumb2/libc.a
END GROUP
LOAD /home/laurence/CodeSourcery/Sourcery_G++_Lite/bin/../lib/gcc/arm-none-eabi/4.4.1/thumb2/crtend.o
LOAD /home/laurence/CodeSourcery/Sourcery_G++_Lite/bin/../lib/gcc/arm-none-eabi/4.4.1/thumb2/crtn.o
START GROUP
LOAD /home/laurence/CodeSourcery/Sourcery_G++_Lite/bin/../lib/gcc/arm-none-eabi/4.4.1/thumb2/libgcc.a
LOAD /home/laurence/CodeSourcery/Sourcery_G++_Lite/bin/../lib/gcc/arm-none-eabi/4.4.1/../../../../arm-none-eabi/lib/thumb2/libc.a
LOAD /home/laurence/CodeSourcery/Sourcery_G++_Lite/bin/../lib/gcc/arm-none-eabi/4.4.1/../../../../arm-none-eabi/lib/thumb2/libcs3.a
LOAD /home/laurence/CodeSourcery/Sourcery_G++_Lite/bin/../lib/gcc/arm-none-eabi/4.4.1/../../../../arm-none-eabi/lib/thumb2/libcs3unhosted.a
LOAD lib/libcs3-lanchon-stm32.a
END GROUP
                0x20005000                PROVIDE (__cs3_stack, (__cs3_region_start_ram + __cs3_region_size_ram))
                0x20001710                PROVIDE (__cs3_heap_start, _end)
                0x20005000                PROVIDE (__cs3_heap_end, (__cs3_region_start_ram + __cs3_region_size_ram))

.text           0x08000000    0x175b8
 CREATE_OBJECT_SYMBOLS
                0x08000000                __cs3_region_start_rom = .
 *(.cs3.region-head.rom)
                0x08000000                __cs3_interrupt_vector = __cs3_interrupt_vector_lanchon_stm32
 *(.cs3.interrupt_vector)
 .cs3.interrupt_vector
                0x08000000       0xec lib/libcs3-lanchon-stm32.a(lanchon-stm32-vector.o)
                0x08000000                __cs3_interrupt_vector_lanchon_stm32
                0x08000001                ASSERT ((. != __cs3_interrupt_vector_lanchon_stm32), No interrupt vector)
 *(.rom)
 *(.rom.b)
                0x08016440                PROVIDE (__cs3_reset_lanchon_stm32, _start)
                0x08016440                __cs3_reset = __cs3_reset_lanchon_stm32
 *(.cs3.reset)
 *(.text .text.* .gnu.linkonce.t.*)
 .text          0x080000ec       0x30 /home/laurence/CodeSourcery/Sourcery_G++_Lite/bin/../lib/gcc/arm-none-eabi/4.4.1/thumb2/crtbegin.o
 *fill*         0x0800011c        0x4 00
 .text          0x08000120      0x230 Sensors/bmp085.o
                0x08000120                Bmp085_Convert
                0x080001d8                Baro_Convert_Pressure
                0x08000228                Baro_Setup_Temperature
                0x08000248                Baro_Setup_Pressure
                0x08000268                Baro_Read_Full_ADC
                0x08000292                bmp085ReadShort
                0x080002ae                Baro_Read_ADC
                0x080002b4                Bmp085_ReadConfig
 .text          0x08000350     0x1920 Sensors/earth_field.o
                0x08000350                WMM_CalculateSecularVariation
                0x08000458                WMM_get_secular_var_coeff_g
                0x08000470                WMM_get_main_field_coeff_g
                0x0800050c                WMM_get_secular_var_coeff_h
                0x08000524                WMM_get_main_field_coeff_h
                0x080005b8                WMM_DateToYear
                0x080005f4                WMM_RotateMagneticVector
                0x080006b0                WMM_ComputeSphericalHarmonicVariables
                0x08000784                WMM_GeodeticToSpherical
                0x080008e8                WMM_SecVarSummationSpecial
                0x08000a84                WMM_SecVarSummation
                0x08000c84                WMM_SummationSpecial
                0x08000e24                WMM_Summation
                0x08001024                WMM_PcupLow
                0x08001370                WMM_PcupHigh
                0x08001816                WMM_AssociatedLegendreFunction
                0x080018a4                WMM_CalculateGeoMagneticElements
                0x08001968                WMM_Geomag
                0x08001a60                WMM_Initialize
                0x08001ad8                WMM_GetMagVector
 .text          0x08001c70       0x84 Sensors/pitot.o
                0x08001c70                Pitot_Conv
                0x08001c86                Pitot_convert_Airspeed
                0x08001c9c                Pitot_Read_Conv
                0x08001cc4                Pitot_Set_Temp_Conv
                0x08001cdc                Pitot_Set_Press_Conv
 .text          0x08001cf4      0x31c Sensors/ubx.o
                0x08001cf4                Gps_Process_Byte
                0x08001e60                Get_UBX_Ack
                0x08001f0c                Config_Gps
 .text          0x08002010       0x42 Util/Fatfs/fattime.o
                0x08002010                get_fattime
 *fill*         0x08002052        0x2 00
 .text          0x08002054     0x1a54 Util/Fatfs/ff.o
                0x0800207a                clust2sect
                0x0800212a                f_mount
                0x08002568                put_fat
                0x08002666                get_fat
                0x080028b6                f_truncate
                0x08002b1c                f_readdir
                0x08002b6a                f_getfree
                0x08002c4a                f_lseek
                0x08002d9c                f_write
                0x08002f4e                f_read
                0x08003178                f_sync
                0x0800322e                f_close
                0x0800343c                f_stat
                0x0800347e                f_opendir
                0x080034ec                f_rename
                0x08003612                f_utime
                0x08003674                f_chmod
                0x080036d0                f_unlink
                0x08003798                f_mkdir
                0x0800394a                f_open
 .text          0x08003aa8      0x2e4 Util/Fatfs/rtc.o
                0x08003b84                my_RTC_SetCounter
                0x08003ba6                rtc_settime
                0x08003c78                rtc_init
                0x08003d12                rtc_gettime
 .text          0x08003d8c      0x7cc Util/Fatfs/sd_spi_stm32.o
                0x08003db4                disk_status
                0x08003dc4                disk_timerproc
                0x08004044                disk_initialize
                0x080041c8                disk_ioctl
                0x080043cc                disk_read
                0x080044ac                disk_write
 .text          0x08004558      0x630 Util/coords.o
                0x08004558                CrossProduct
                0x080045b6                quat_inverse
                0x080045d2                quat_copy
                0x080045e8                quat_mult
                0x080046f2                rot_mult
                0x08004792                VectorMagnitude
                0x080047d4                RotFrom2Vectors
                0x080049a0                R2Quaternion
 .text          0x08004b88       0x16 Util/delay.o
                0x08004b88                Delay
 *fill*         0x08004b9e        0x2 00
 .text          0x08004ba0      0x57c Util/rprintf.o
                0x08004ba0                rprintfInit
                0x08004bac                rprintfChar
                0x08004bcc                rprintfStr
                0x08004be4                rprintfStrLen
                0x08004c1a                rprintfCRLF
                0x08004c1e                rprintfu04
                0x08004c28                rprintfu08
                0x08004c3a                rprintfu16
                0x08004c4c                rprintfu32
                0x08004c5e                rprintfNum
                0x08004d14                rprintfFloat
                0x08004dcc                Isdigit
                0x08004dda                atoiRamRom
                0x08004e00                rStrLen
                0x08004e10                rprintf2RamRom
 .text          0x0800511c       0x20 Util/time.o
                0x0800511c                Set_RTC_From_GPS
 .text          0x0800513c       0xd8 dma.o
                0x0800513c                Pop_From_Buffer
                0x08005158                Bytes_In_Buffer
                0x08005184                Get_From_Buffer
                0x080051b8                Flush_Buffer
                0x080051ca                DMA_Configuration
 .text          0x08005214      0x1e0 gpio.o
                0x08005214                Get_MEMS_DRDY
                0x0800523c                MEMS_Status_Configuration
                0x08005278                Aux_Devices_Configuration
                0x080052d4                SPI_Control_Configuration
                0x0800533c                GPS_IO_Configuration
                0x08005388                GPIO_Config_AF_Periferals
                0x080053dc                All_IO_Configuration
 .text          0x080053f4      0x464 i2c.o
                0x080053f4                Flipbytes
                0x080053fe                I2C_Conf
                0x080054cc                Gyr_Init
                0x08005504                Acc_Init
                0x08005520                Mag_Init
                0x0800553c                I2C_Read
                0x080057a4                Gyr_Stat
                0x080057be                Gyr_Read
                0x080057e4                Mag_Read
                0x0800580a                I2C_Config
 .text          0x08005858       0x84 interrupts.o
                0x08005858                NMI_Handler
                0x0800585a                HardFault_Handler
                0x0800585c                MemManage_Handler
                0x0800585e                BusFault_Handler
                0x08005860                UsageFault_Handler
                0x08005862                SVC_Handler
                0x08005864                DebugMon_Handler
                0x08005866                PendSV_Handler
                0x08005868                SysTick_Handler
                0x0800586a                EXTI9_5_IRQHandler
                0x08005884                EXTI6_Config
 .text.Default_Handler
                0x080058dc        0x2 lib/CMSIS_CM3/startup/gcc/startup_stm32f10x_md.o
                0x080058dc                EXTI2_IRQHandler
                0x080058dc                TIM1_CC_IRQHandler
                0x080058dc                PVD_IRQHandler
                0x080058dc                EXTI3_IRQHandler
                0x080058dc                EXTI0_IRQHandler
                0x080058dc                I2C2_EV_IRQHandler
                0x080058dc                ADC1_2_IRQHandler
                0x080058dc                SPI1_IRQHandler
                0x080058dc                TAMPER_IRQHandler
                0x080058dc                DMA1_Channel4_IRQHandler
                0x080058dc                USART3_IRQHandler
                0x080058dc                RTC_IRQHandler
                0x080058dc                DMA1_Channel7_IRQHandler
                0x080058dc                CAN1_RX1_IRQHandler
                0x080058dc                TIM4_IRQHandler
                0x080058dc                I2C1_EV_IRQHandler
                0x080058dc                DMA1_Channel6_IRQHandler
                0x080058dc                TIM3_IRQHandler
                0x080058dc                RCC_IRQHandler
                0x080058dc                TIM1_TRG_COM_IRQHandler
                0x080058dc                DMA1_Channel1_IRQHandler
                0x080058dc                Default_Handler
                0x080058dc                EXTI15_10_IRQHandler
                0x080058dc                SPI2_IRQHandler
                0x080058dc                DMA1_Channel5_IRQHandler
                0x080058dc                EXTI4_IRQHandler
                0x080058dc                USB_LP_CAN1_RX0_IRQHandler
                0x080058dc                USB_HP_CAN1_TX_IRQHandler
                0x080058dc                DMA1_Channel3_IRQHandler
                0x080058dc                TIM1_UP_IRQHandler
                0x080058dc                WWDG_IRQHandler
                0x080058dc                TIM2_IRQHandler
                0x080058dc                TIM1_BRK_IRQHandler
                0x080058dc                EXTI1_IRQHandler
                0x080058dc                RTCAlarm_IRQHandler
                0x080058dc                USART2_IRQHandler
                0x080058dc                I2C2_ER_IRQHandler
                0x080058dc                DMA1_Channel2_IRQHandler
                0x080058dc                CAN1_SCE_IRQHandler
                0x080058dc                FLASH_IRQHandler
                0x080058dc                USART1_IRQHandler
                0x080058dc                I2C1_ER_IRQHandler
                0x080058dc                USBWakeUp_IRQHandler
 *fill*         0x080058de        0x2 00
 .text          0x080058e0       0xf8 lib/CMSIS_CM3/system_stm32f10x.o
                0x080058e0                SystemInit
 .text          0x080059d8      0x6b8 main.o
                0x080059d8                Initialisation
                0x08006044                main
 .text          0x08006090      0x1e0 pwm.o
                0x08006090                PWM_Set
                0x08006110                Timer_GPIO_Disable
                0x0800614c                Timer_GPIO_Enable
                0x08006188                Timer_RCC_Configuration
                0x080061a0                Init_Timers
 .text          0x08006270      0x17c usart.o
                0x08006270                Default_Usart_Config
                0x08006282                __gps_send_char
                0x080062a0                Gps_Send_Str
                0x080062b8                Gps_Send_Utf8
                0x080062d2                __usart_send_char
                0x080062f0                Usart_Send_Str
                0x08006308                USART2_reconf
                0x0800634c                Usarts_Init
 *fill*         0x080063ec        0x4 00
 .text          0x080063f0     0x8878 Control/ekf.o
                0x080063f0                ins_get_num_states
                0x080063f4                INSGPSInit
                0x08006524                INSResetP
                0x08006564                INSSetState
                0x080065c8                INSPosVelReset
                0x08006650                INSSetPosVelVar
                0x0800666c                INSSetGyroBias
                0x08006688                INSSetAccelVar
                0x080066a4                INSSetGyroVar
                0x080066c0                INSSetMagVar
                0x080066dc                INSSetMagNorth
                0x080066f4                CovariancePrediction
                0x0800da3e                INSCovariancePrediction
                0x0800da64                SerialUpdate
                0x0800dbbc                StateEq
                0x0800deb0                RungeKutta
                0x0800dfd8                LinearizeFG
                0x0800e44c                MeasurementEq
                0x0800e60a                LinearizeH
                0x0800e8d4                INSCorrection
                0x0800ea84                VelBaroCorrection
                0x0800eaa0                GpsMagCorrection
                0x0800eab8                FullCorrection
                0x0800eac6                GpsBaroCorrection
                0x0800eae4                MagVelBaroCorrection
                0x0800eb00                MagCorrection
                0x0800eb20                INSStatePrediction
 .text          0x0800ec68      0x758 Control/imu.o
                0x0800ec68                run_imu
 .text          0x0800f3c0       0x6a Control/loops.o
                0x0800f3c0                Run_PID
                0x0800f422                Reset_PID
 .text          0x0800f42a       0xc8 Control/sensorcal.o
                0x0800f42a                Calibrate_3
 *fill*         0x0800f4f2        0x2 00
 .text          0x0800f4f4       0x64 Control/servos.o
                0x0800f4f4                Disable_Servos
                0x0800f4f8                Enable_Servos
                0x0800f4fc                Apply_Servos
 .text          0x0800f558       0xc0 lib/STM32F10x_StdPeriph_Driver/libstm32fw.a(misc.o)
                0x0800f558                NVIC_PriorityGroupConfig
                0x0800f56c                NVIC_Init
                0x0800f5d0                NVIC_SetVectorTable
                0x0800f5e4                NVIC_SystemLPConfig
                0x0800f600                SysTick_CLKSourceConfig
 .text          0x0800f618       0xe4 lib/STM32F10x_StdPeriph_Driver/libstm32fw.a(stm32f10x_bkp.o)
                0x0800f618                BKP_TamperPinLevelConfig
                0x0800f624                BKP_TamperPinCmd
                0x0800f630                BKP_ITConfig
                0x0800f63c                BKP_RTCOutputConfig
                0x0800f654                BKP_SetRTCCalibrationValue
                0x0800f66c                BKP_WriteBackupRegister
                0x0800f688                BKP_ReadBackupRegister
                0x0800f6a8                BKP_GetFlagStatus
                0x0800f6b4                BKP_ClearFlag
                0x0800f6c8                BKP_GetITStatus
                0x0800f6d4                BKP_ClearITPendingBit
                0x0800f6e8                BKP_DeInit
 .text          0x0800f6fc      0x1d4 lib/STM32F10x_StdPeriph_Driver/libstm32fw.a(stm32f10x_dma.o)
                0x0800f6fc                DMA_DeInit
                0x0800f7dc                DMA_Init
                0x0800f81c                DMA_StructInit
                0x0800f836                DMA_Cmd
                0x0800f84a                DMA_ITConfig
                0x0800f85c                DMA_GetCurrDataCounter
                0x0800f862                DMA_GetFlagStatus
                0x0800f880                DMA_ClearFlag
                0x0800f898                DMA_GetITStatus
                0x0800f8b8                DMA_ClearITPendingBit
 .text          0x0800f8d0      0x104 lib/STM32F10x_StdPeriph_Driver/libstm32fw.a(stm32f10x_exti.o)
                0x0800f8d0                EXTI_DeInit
                0x0800f8ec                EXTI_Init
                0x0800f96c                EXTI_StructInit
                0x0800f97a                EXTI_GenerateSWInterrupt
                0x0800f98c                EXTI_GetFlagStatus
                0x0800f9a0                EXTI_ClearFlag
                0x0800f9ac                EXTI_GetITStatus
                0x0800f9c8                EXTI_ClearITPendingBit
 .text          0x0800f9d4      0x29c lib/STM32F10x_StdPeriph_Driver/libstm32fw.a(stm32f10x_gpio.o)
                0x0800f9d4                GPIO_Init
                0x0800fa8c                GPIO_StructInit
                0x0800fa9c                GPIO_ReadInputDataBit
                0x0800faa8                GPIO_ReadInputData
                0x0800faae                GPIO_ReadOutputDataBit
                0x0800faba                GPIO_ReadOutputData
                0x0800fac0                GPIO_SetBits
                0x0800fac4                GPIO_ResetBits
                0x0800fac8                GPIO_WriteBit
                0x0800fad2                GPIO_Write
                0x0800fad6                GPIO_PinLockConfig
                0x0800fae6                GPIO_EventOutputConfig
                0x0800fb04                GPIO_EventOutputCmd
                0x0800fb10                GPIO_PinRemapConfig
                0x0800fb70                GPIO_EXTILineConfig
                0x0800fba4                GPIO_ETH_MediaInterfaceConfig
                0x0800fbb0                GPIO_AFIODeInit
                0x0800fbc6                GPIO_DeInit
 .text          0x0800fc70      0x3cc lib/STM32F10x_StdPeriph_Driver/libstm32fw.a(stm32f10x_i2c.o)
                0x0800fc70                I2C_StructInit
                0x0800fc8c                I2C_Cmd
                0x0800fca6                I2C_DMACmd
                0x0800fcc0                I2C_DMALastTransferCmd
                0x0800fcda                I2C_GenerateSTART
                0x0800fcf4                I2C_GenerateSTOP
                0x0800fd0e                I2C_AcknowledgeConfig
                0x0800fd28                I2C_OwnAddress2Config
                0x0800fd3e                I2C_DualAddressCmd
                0x0800fd58                I2C_GeneralCallCmd
                0x0800fd72                I2C_ITConfig
                0x0800fd88                I2C_SendData
                0x0800fd8c                I2C_ReceiveData
                0x0800fd92                I2C_Send7bitAddress
                0x0800fda2                I2C_ReadRegister
                0x0800fdba                I2C_SoftwareResetCmd
                0x0800fdd4                I2C_SMBusAlertConfig
                0x0800fdf0                I2C_TransmitPEC
                0x0800fe0a                I2C_PECPositionConfig
                0x0800fe26                I2C_CalculatePEC
                0x0800fe40                I2C_GetPEC
                0x0800fe48                I2C_ARPCmd
                0x0800fe62                I2C_StretchClockCmd
                0x0800fe7c                I2C_FastModeDutyCycleConfig
                0x0800fe98                I2C_GetLastEvent
                0x0800fea8                I2C_CheckEvent
                0x0800fec0                I2C_GetFlagStatus
                0x0800fef4                I2C_ClearFlag
                0x0800fefc                I2C_GetITStatus
                0x0800ff18                I2C_ClearITPendingBit
                0x0800ff20                I2C_Init
                0x08010008                I2C_DeInit
 .text          0x0801003c       0xd0 lib/STM32F10x_StdPeriph_Driver/libstm32fw.a(stm32f10x_pwr.o)
                0x08010040                PWR_BackupAccessCmd
                0x0801004c                PWR_PVDCmd
                0x08010058                PWR_PVDLevelConfig
                0x0801006c                PWR_WakeUpPinCmd
                0x08010078                PWR_EnterSTOPMode
                0x080100a4                PWR_EnterSTANDBYMode
                0x080100cc                PWR_GetFlagStatus
                0x080100e0                PWR_ClearFlag
                0x080100f0                PWR_DeInit
 .text          0x0801010c      0x384 lib/STM32F10x_StdPeriph_Driver/libstm32fw.a(stm32f10x_rcc.o)
                0x0801010c                RCC_DeInit
                0x0801014c                RCC_HSEConfig
                0x08010184                RCC_AdjustHSICalibrationValue
                0x08010198                RCC_HSICmd
                0x080101a4                RCC_PLLConfig
                0x080101bc                RCC_PLLCmd
                0x080101c8                RCC_SYSCLKConfig
                0x080101dc                RCC_GetSYSCLKSource
                0x080101ec                RCC_HCLKConfig
                0x08010200                RCC_PCLK1Config
                0x08010214                RCC_PCLK2Config
                0x08010228                RCC_ITConfig
                0x08010244                RCC_USBCLKConfig
                0x08010250                RCC_ADCCLKConfig
                0x08010264                RCC_LSEConfig
                0x08010284                RCC_LSICmd
                0x08010290                RCC_RTCCLKConfig
                0x080102a0                RCC_RTCCLKCmd
                0x080102ac                RCC_GetClocksFreq
                0x0801035c                RCC_AHBPeriphClockCmd
                0x08010378                RCC_APB2PeriphClockCmd
                0x08010394                RCC_APB1PeriphClockCmd
                0x080103b0                RCC_APB2PeriphResetCmd
                0x080103cc                RCC_APB1PeriphResetCmd
                0x080103e8                RCC_BackupResetCmd
                0x080103f4                RCC_ClockSecuritySystemCmd
                0x08010400                RCC_MCOConfig
                0x0801040c                RCC_GetFlagStatus
                0x08010434                RCC_WaitForHSEStartUp
                0x08010460                RCC_ClearFlag
                0x08010470                RCC_GetITStatus
                0x08010484                RCC_ClearITPendingBit
 .text          0x08010490      0x15c lib/STM32F10x_StdPeriph_Driver/libstm32fw.a(stm32f10x_rtc.o)
                0x08010490                RTC_ITConfig
                0x080104b0                RTC_EnterConfigMode
                0x080104c4                RTC_ExitConfigMode
                0x080104d8                RTC_GetCounter
                0x080104ec                RTC_SetCounter
                0x08010508                RTC_SetPrescaler
                0x08010528                RTC_SetAlarm
                0x08010544                RTC_GetDivider
                0x0801055c                RTC_WaitForLastTask
                0x0801056c                RTC_WaitForSynchro
                0x0801058c                RTC_GetFlagStatus
                0x080105a0                RTC_ClearFlag
                0x080105b4                RTC_GetITStatus
                0x080105d8                RTC_ClearITPendingBit
 .text          0x080105ec      0x2f8 lib/STM32F10x_StdPeriph_Driver/libstm32fw.a(stm32f10x_spi.o)
                0x080105ec                SPI_Init
                0x08010646                SPI_StructInit
                0x08010660                I2S_StructInit
                0x08010674                SPI_Cmd
                0x0801068e                I2S_Cmd
                0x080106a8                SPI_I2S_ITConfig
                0x080106c6                SPI_I2S_DMACmd
                0x080106dc                SPI_I2S_SendData
                0x080106e0                SPI_I2S_ReceiveData
                0x080106e6                SPI_NSSInternalSoftwareConfig
                0x08010700                SPI_SSOutputCmd
                0x0801071a                SPI_DataSizeConfig
                0x08010732                SPI_TransmitCRC
                0x0801073e                SPI_CalculateCRC
                0x08010758                SPI_GetCRC
                0x08010768                SPI_GetCRCPolynomial
                0x0801076e                SPI_BiDirectionalLineConfig
                0x0801078a                SPI_I2S_GetFlagStatus
                0x08010796                SPI_I2S_ClearFlag
                0x0801079e                SPI_I2S_GetITStatus
                0x080107c8                SPI_I2S_ClearITPendingBit
                0x080107d8                I2S_Init
                0x08010882                SPI_I2S_DeInit
 .text          0x080108e4      0xb54 lib/STM32F10x_StdPeriph_Driver/libstm32fw.a(stm32f10x_tim.o)
                0x080108e4                TIM_TimeBaseInit
                0x08010924                TIM_OC1Init
                0x080109b8                TIM_OC2Init
                0x08010a54                TIM_OC3Init
                0x08010aec                TIM_OC4Init
                0x08010b68                TIM_BDTRConfig
                0x08010b8c                TIM_TimeBaseStructInit
                0x08010b9e                TIM_OCStructInit
                0x08010bb2                TIM_ICStructInit
                0x08010bc4                TIM_BDTRStructInit
                0x08010bd6                TIM_Cmd
                0x08010bf0                TIM_CtrlPWMOutputs
                0x08010c10                TIM_ITConfig
                0x08010c26                TIM_GenerateEvent
                0x08010c2a                TIM_DMAConfig
                0x08010c32                TIM_DMACmd
                0x08010c48                TIM_InternalClockConfig
                0x08010c56                TIM_ETRConfig
                0x08010c74                TIM_ETRClockMode2Config
                0x08010c88                TIM_ETRClockMode1Config
                0x08010ca2                TIM_PrescalerConfig
                0x08010ca8                TIM_CounterModeConfig
                0x08010cba                TIM_SelectInputTrigger
                0x08010ccc                TIM_ITRxExternalClockConfig
                0x08010ce0                TIM_EncoderInterfaceConfig
                0x08010d28                TIM_ForcedOC1Config
                0x08010d3a                TIM_ForcedOC2Config
                0x08010d4e                TIM_ForcedOC3Config
                0x08010d60                TIM_ForcedOC4Config
                0x08010d74                TIM_ARRPreloadConfig
                0x08010d8e                TIM_SelectCOM
                0x08010da8                TIM_SelectCCDMA
                0x08010dc2                TIM_CCPreloadControl
                0x08010ddc                TIM_OC1PreloadConfig
                0x08010dee                TIM_OC2PreloadConfig
                0x08010e02                TIM_OC3PreloadConfig
                0x08010e14                TIM_OC4PreloadConfig
                0x08010e28                TIM_OC1FastConfig
                0x08010e3a                TIM_OC2FastConfig
                0x08010e4e                TIM_OC3FastConfig
                0x08010e60                TIM_OC4FastConfig
                0x08010e74                TIM_ClearOC1Ref
                0x08010e86                TIM_ClearOC2Ref
                0x08010e96                TIM_ClearOC3Ref
                0x08010ea8                TIM_ClearOC4Ref
                0x08010eb8                TIM_OC1PolarityConfig
                0x08010eca                TIM_OC1NPolarityConfig
                0x08010edc                TIM_OC2PolarityConfig
                0x08010ef0                TIM_OC2NPolarityConfig
                0x08010f04                TIM_OC3PolarityConfig
                0x08010f18                TIM_OC3NPolarityConfig
                0x08010f2c                TIM_OC4PolarityConfig
                0x08010f40                TIM_CCxCmd
                0x08010f62                TIM_CCxNCmd
                0x08010f84                TIM_SelectOCxM
                0x08010fd6                TIM_UpdateDisableConfig
                0x08010ff0                TIM_UpdateRequestConfig
                0x0801100a                TIM_SelectHallSensor
                0x08011024                TIM_SelectOnePulseMode
                0x0801103c                TIM_SelectOutputTrigger
                0x08011054                TIM_SelectSlaveMode
                0x0801106c                TIM_SelectMasterSlaveMode
                0x08011084                TIM_SetCounter
                0x08011088                TIM_SetAutoreload
                0x0801108c                TIM_SetCompare1
                0x08011090                TIM_SetCompare2
                0x08011094                TIM_SetCompare3
                0x08011098                TIM_SetCompare4
                0x0801109e                TIM_SetIC1Prescaler
                0x080110b6                TIM_SetIC2Prescaler
                0x080110d0                TIM_SetIC3Prescaler
                0x080110e8                TIM_SetIC4Prescaler
                0x08011102                TIM_SetClockDivision
                0x08011114                TIM_GetCapture1
                0x0801111a                TIM_GetCapture2
                0x08011120                TIM_GetCapture3
                0x08011126                TIM_GetCapture4
                0x0801112e                TIM_GetCounter
                0x08011134                TIM_GetPrescaler
                0x0801113a                TIM_GetFlagStatus
                0x08011146                TIM_ClearFlag
                0x0801114e                TIM_GetITStatus
                0x08011164                TIM_ClearITPendingBit
                0x08011204                TIM_TIxExternalClockConfig
                0x08011232                TIM_PWMIConfig
                0x0801129e                TIM_ICInit
                0x0801136e                TIM_DeInit
 .text          0x08011438      0x384 lib/STM32F10x_StdPeriph_Driver/libstm32fw.a(stm32f10x_usart.o)
                0x08011438                USART_StructInit
                0x08011450                USART_ClockInit
                0x0801147a                USART_ClockStructInit
                0x08011486                USART_Cmd
                0x080114a0                USART_ITConfig
                0x080114d6                USART_DMACmd
                0x080114ec                USART_SetAddress
                0x08011504                USART_WakeUpConfig
                0x0801151c                USART_ReceiverWakeUpCmd
                0x08011536                USART_LINBreakDetectLengthConfig
                0x0801154e                USART_LINCmd
                0x08011568                USART_SendData
                0x08011570                USART_ReceiveData
                0x08011578                USART_SendBreak
                0x08011584                USART_SetGuardTime
                0x08011596                USART_SetPrescaler
                0x080115aa                USART_SmartCardCmd
                0x080115c4                USART_SmartCardNACKCmd
                0x080115de                USART_HalfDuplexCmd
                0x080115f8                USART_IrDAConfig
                0x08011610                USART_IrDACmd
                0x0801162a                USART_GetFlagStatus
                0x08011636                USART_ClearFlag
                0x0801163e                USART_GetITStatus
                0x08011684                USART_ClearITPendingBit
                0x08011692                USART_Init
                0x08011724                USART_DeInit
 .text          0x080117bc       0x98 /home/laurence/CodeSourcery/Sourcery_G++_Lite/bin/../lib/gcc/arm-none-eabi/4.4.1/../../../../arm-none-eabi/lib/thumb2/libm.a(lib_a-s_cos.o)
                0x080117bc                cos
 .text          0x08011854       0xa0 /home/laurence/CodeSourcery/Sourcery_G++_Lite/bin/../lib/gcc/arm-none-eabi/4.4.1/../../../../arm-none-eabi/lib/thumb2/libm.a(lib_a-s_sin.o)
                0x08011854                sin
 .text          0x080118f4       0xac /home/laurence/CodeSourcery/Sourcery_G++_Lite/bin/../lib/gcc/arm-none-eabi/4.4.1/../../../../arm-none-eabi/lib/thumb2/libm.a(lib_a-w_asin.o)
                0x080118f4                asin
 .text          0x080119a0        0x4 /home/laurence/CodeSourcery/Sourcery_G++_Lite/bin/../lib/gcc/arm-none-eabi/4.4.1/../../../../arm-none-eabi/lib/thumb2/libm.a(lib_a-w_atan2.o)
                0x080119a0                atan2
 .text          0x080119a4      0x358 /home/laurence/CodeSourcery/Sourcery_G++_Lite/bin/../lib/gcc/arm-none-eabi/4.4.1/../../../../arm-none-eabi/lib/thumb2/libm.a(lib_a-w_pow.o)
                0x080119a4                pow
 .text          0x08011cfc       0xac /home/laurence/CodeSourcery/Sourcery_G++_Lite/bin/../lib/gcc/arm-none-eabi/4.4.1/../../../../arm-none-eabi/lib/thumb2/libm.a(lib_a-w_sqrt.o)
                0x08011cfc                sqrt
 .text          0x08011da8      0x420 /home/laurence/CodeSourcery/Sourcery_G++_Lite/bin/../lib/gcc/arm-none-eabi/4.4.1/../../../../arm-none-eabi/lib/thumb2/libm.a(lib_a-e_asin.o)
                0x08011da8                __ieee754_asin
 .text          0x080121c8      0x220 /home/laurence/CodeSourcery/Sourcery_G++_Lite/bin/../lib/gcc/arm-none-eabi/4.4.1/../../../../arm-none-eabi/lib/thumb2/libm.a(lib_a-e_atan2.o)
                0x080121c8                __ieee754_atan2
 .text          0x080123e8      0xb60 /home/laurence/CodeSourcery/Sourcery_G++_Lite/bin/../lib/gcc/arm-none-eabi/4.4.1/../../../../arm-none-eabi/lib/thumb2/libm.a(lib_a-e_pow.o)
                0x080123e8                __ieee754_pow
 .text          0x08012f48      0x418 /home/laurence/CodeSourcery/Sourcery_G++_Lite/bin/../lib/gcc/arm-none-eabi/4.4.1/../../../../arm-none-eabi/lib/thumb2/libm.a(lib_a-e_rem_pio2.o)
                0x08012f48                __ieee754_rem_pio2
 .text          0x08013360      0x1dc /home/laurence/CodeSourcery/Sourcery_G++_Lite/bin/../lib/gcc/arm-none-eabi/4.4.1/../../../../arm-none-eabi/lib/thumb2/libm.a(lib_a-e_sqrt.o)
                0x08013360                __ieee754_sqrt
 *fill*         0x0801353c        0x4 00
 .text          0x08013540      0x250 /home/laurence/CodeSourcery/Sourcery_G++_Lite/bin/../lib/gcc/arm-none-eabi/4.4.1/../../../../arm-none-eabi/lib/thumb2/libm.a(lib_a-k_cos.o)
                0x08013540                __kernel_cos
 .text          0x08013790      0x7b4 /home/laurence/CodeSourcery/Sourcery_G++_Lite/bin/../lib/gcc/arm-none-eabi/4.4.1/../../../../arm-none-eabi/lib/thumb2/libm.a(lib_a-k_rem_pio2.o)
                0x08013790                __kernel_rem_pio2
 *fill*         0x08013f44        0x4 00
 .text          0x08013f48      0x170 /home/laurence/CodeSourcery/Sourcery_G++_Lite/bin/../lib/gcc/arm-none-eabi/4.4.1/../../../../arm-none-eabi/lib/thumb2/libm.a(lib_a-k_sin.o)
                0x08013f48                __kernel_sin
 .text          0x080140b8      0x348 /home/laurence/CodeSourcery/Sourcery_G++_Lite/bin/../lib/gcc/arm-none-eabi/4.4.1/../../../../arm-none-eabi/lib/thumb2/libm.a(lib_a-s_atan.o)
                0x080140b8                atan
 .text          0x08014400        0x8 /home/laurence/CodeSourcery/Sourcery_G++_Lite/bin/../lib/gcc/arm-none-eabi/4.4.1/../../../../arm-none-eabi/lib/thumb2/libm.a(lib_a-s_fabs.o)
                0x08014400                fabs
 .text          0x08014408       0x10 /home/laurence/CodeSourcery/Sourcery_G++_Lite/bin/../lib/gcc/arm-none-eabi/4.4.1/../../../../arm-none-eabi/lib/thumb2/libm.a(lib_a-s_finite.o)
                0x08014408                finite
 .text          0x08014418      0x128 /home/laurence/CodeSourcery/Sourcery_G++_Lite/bin/../lib/gcc/arm-none-eabi/4.4.1/../../../../arm-none-eabi/lib/thumb2/libm.a(lib_a-s_floor.o)
                0x08014418                floor
 .text          0x08014540       0x1c /home/laurence/CodeSourcery/Sourcery_G++_Lite/bin/../lib/gcc/arm-none-eabi/4.4.1/../../../../arm-none-eabi/lib/thumb2/libm.a(lib_a-s_isnand.o)
                0x08014540                __isnand
 .text          0x0801455c        0x4 /home/laurence/CodeSourcery/Sourcery_G++_Lite/bin/../lib/gcc/arm-none-eabi/4.4.1/../../../../arm-none-eabi/lib/thumb2/libm.a(lib_a-s_matherr.o)
                0x0801455c                matherr
 .text          0x08014560        0xc /home/laurence/CodeSourcery/Sourcery_G++_Lite/bin/../lib/gcc/arm-none-eabi/4.4.1/../../../../arm-none-eabi/lib/thumb2/libm.a(lib_a-s_nan.o)
                0x08014560                nan
 .text          0x0801456c      0x134 /home/laurence/CodeSourcery/Sourcery_G++_Lite/bin/../lib/gcc/arm-none-eabi/4.4.1/../../../../arm-none-eabi/lib/thumb2/libm.a(lib_a-s_rint.o)
                0x0801456c                rint
 .text          0x080146a0      0x118 /home/laurence/CodeSourcery/Sourcery_G++_Lite/bin/../lib/gcc/arm-none-eabi/4.4.1/../../../../arm-none-eabi/lib/thumb2/libm.a(lib_a-s_scalbn.o)
                0x080146a0                scalbn
 .text          0x080147b8       0x18 /home/laurence/CodeSourcery/Sourcery_G++_Lite/bin/../lib/gcc/arm-none-eabi/4.4.1/../../../../arm-none-eabi/lib/thumb2/libm.a(lib_a-s_copysign.o)
                0x080147b8                copysign
 .text          0x080147d0      0x2b0 /home/laurence/CodeSourcery/Sourcery_G++_Lite/bin/../lib/gcc/arm-none-eabi/4.4.1/thumb2/libgcc.a(_divsi3.o)
                0x080147d0                __aeabi_idiv
                0x080147d0                __divsi3
                0x08014a64                __aeabi_idivmod
 .text          0x08014a80        0x4 /home/laurence/CodeSourcery/Sourcery_G++_Lite/bin/../lib/gcc/arm-none-eabi/4.4.1/thumb2/libgcc.a(_dvmd_tls.o)
                0x08014a80                __aeabi_ldiv0
                0x08014a80                __aeabi_idiv0
 .text          0x08014a84      0x370 /home/laurence/CodeSourcery/Sourcery_G++_Lite/bin/../lib/gcc/arm-none-eabi/4.4.1/thumb2/libgcc.a(_arm_addsubdf3.o)
                0x08014a84                __aeabi_drsub
                0x08014a8c                __aeabi_dsub
                0x08014a8c                __subdf3
                0x08014a90                __adddf3
                0x08014a90                __aeabi_dadd
                0x08014d08                __aeabi_ui2d
                0x08014d08                __floatunsidf
                0x08014d28                __floatsidf
                0x08014d28                __aeabi_i2d
                0x08014d4c                __extendsfdf2
                0x08014d4c                __aeabi_f2d
                0x08014d88                __aeabi_ul2d
                0x08014d88                __floatundidf
                0x08014d98                __floatdidf
                0x08014d98                __aeabi_l2d
 .text          0x08014df4      0x424 /home/laurence/CodeSourcery/Sourcery_G++_Lite/bin/../lib/gcc/arm-none-eabi/4.4.1/thumb2/libgcc.a(_arm_muldivdf3.o)
                0x08014df4                __aeabi_dmul
                0x08014df4                __muldf3
                0x08015048                __aeabi_ddiv
                0x08015048                __divdf3
 .text          0x08015218      0x110 /home/laurence/CodeSourcery/Sourcery_G++_Lite/bin/../lib/gcc/arm-none-eabi/4.4.1/thumb2/libgcc.a(_arm_cmpdf2.o)
                0x08015218                __gtdf2
                0x08015218                __gedf2
                0x08015220                __ltdf2
                0x08015220                __ledf2
                0x08015228                __cmpdf2
                0x08015228                __eqdf2
                0x08015228                __nedf2
                0x080152a4                __aeabi_cdrcmple
                0x080152b4                __aeabi_cdcmple
                0x080152b4                __aeabi_cdcmpeq
                0x080152c4                __aeabi_dcmpeq
                0x080152d8                __aeabi_dcmplt
                0x080152ec                __aeabi_dcmple
                0x08015300                __aeabi_dcmpge
                0x08015314                __aeabi_dcmpgt
 .text          0x08015328       0x50 /home/laurence/CodeSourcery/Sourcery_G++_Lite/bin/../lib/gcc/arm-none-eabi/4.4.1/thumb2/libgcc.a(_arm_fixdfsi.o)
                0x08015328                __fixdfsi
                0x08015328                __aeabi_d2iz
 .text          0x08015378       0xa0 /home/laurence/CodeSourcery/Sourcery_G++_Lite/bin/../lib/gcc/arm-none-eabi/4.4.1/thumb2/libgcc.a(_arm_truncdfsf2.o)
                0x08015378                __aeabi_d2f
                0x08015378                __truncdfsf2
 .text          0x08015418      0x21c /home/laurence/CodeSourcery/Sourcery_G++_Lite/bin/../lib/gcc/arm-none-eabi/4.4.1/thumb2/libgcc.a(_arm_addsubsf3.o)
                0x08015418                __aeabi_frsub
                0x08015420                __subsf3
                0x08015420                __aeabi_fsub
                0x08015424                __aeabi_fadd
                0x08015424                __addsf3
                0x08015584                __aeabi_ui2f
                0x08015584                __floatunsisf
                0x0801558c                __aeabi_i2f
                0x0801558c                __floatsisf
                0x080155a8                __floatundisf
                0x080155a8                __aeabi_ul2f
                0x080155b8                __floatdisf
                0x080155b8                __aeabi_l2f
 .text          0x08015634      0x2a0 /home/laurence/CodeSourcery/Sourcery_G++_Lite/bin/../lib/gcc/arm-none-eabi/4.4.1/thumb2/libgcc.a(_arm_muldivsf3.o)
                0x08015634                __mulsf3
                0x08015634                __aeabi_fmul
                0x0801579c                __divsf3
                0x0801579c                __aeabi_fdiv
 .text          0x080158d4       0xec /home/laurence/CodeSourcery/Sourcery_G++_Lite/bin/../lib/gcc/arm-none-eabi/4.4.1/thumb2/libgcc.a(_arm_cmpsf2.o)
                0x080158d4                __gtsf2
                0x080158d4                __gesf2
                0x080158dc                __lesf2
                0x080158dc                __ltsf2
                0x080158e4                __nesf2
                0x080158e4                __eqsf2
                0x080158e4                __cmpsf2
                0x08015944                __aeabi_cfrcmple
                0x0801594c                __aeabi_cfcmple
                0x0801594c                __aeabi_cfcmpeq
                0x0801595c                __aeabi_fcmpeq
                0x08015970                __aeabi_fcmplt
                0x08015984                __aeabi_fcmple
                0x08015998                __aeabi_fcmpge
                0x080159ac                __aeabi_fcmpgt
 .text          0x080159c0       0x4c /home/laurence/CodeSourcery/Sourcery_G++_Lite/bin/../lib/gcc/arm-none-eabi/4.4.1/thumb2/libgcc.a(_arm_fixsfsi.o)
                0x080159c0                __fixsfsi
                0x080159c0                __aeabi_f2iz
 .text          0x08015a0c       0x40 /home/laurence/CodeSourcery/Sourcery_G++_Lite/bin/../lib/gcc/arm-none-eabi/4.4.1/thumb2/libgcc.a(_arm_fixunssfsi.o)
                0x08015a0c                __aeabi_f2uiz
                0x08015a0c                __fixunssfsi
 .text          0x08015a4c        0xc /home/laurence/CodeSourcery/Sourcery_G++_Lite/bin/../lib/gcc/arm-none-eabi/4.4.1/../../../../arm-none-eabi/lib/thumb2/libc.a(lib_a-errno.o)
                0x08015a4c                __errno
 .text          0x08015a58       0x20 /home/laurence/CodeSourcery/Sourcery_G++_Lite/bin/../lib/gcc/arm-none-eabi/4.4.1/../../../../arm-none-eabi/lib/thumb2/libc.a(lib_a-malloc.o)
                0x08015a58                free
                0x08015a68                malloc
 .text          0x08015a78      0x5a4 /home/laurence/CodeSourcery/Sourcery_G++_Lite/bin/../lib/gcc/arm-none-eabi/4.4.1/../../../../arm-none-eabi/lib/thumb2/libc.a(lib_a-mallocr.o)
                0x08015a78                _malloc_r
 .text          0x0801601c        0x8 /home/laurence/CodeSourcery/Sourcery_G++_Lite/bin/../lib/gcc/arm-none-eabi/4.4.1/../../../../arm-none-eabi/lib/thumb2/libc.a(lib_a-mlock.o)
                0x0801601c                __malloc_lock
                0x08016020                __malloc_unlock
 .text          0x08016024       0x28 /home/laurence/CodeSourcery/Sourcery_G++_Lite/bin/../lib/gcc/arm-none-eabi/4.4.1/../../../../arm-none-eabi/lib/thumb2/libc.a(lib_a-sbrkr.o)
                0x08016024                _sbrk_r
 .text          0x0801604c       0xbc /home/laurence/CodeSourcery/Sourcery_G++_Lite/bin/../lib/gcc/arm-none-eabi/4.4.1/../../../../arm-none-eabi/lib/thumb2/libc.a(lib_a-strcpy.o)
                0x0801604c                strcpy
 .text          0x08016108      0x268 /home/laurence/CodeSourcery/Sourcery_G++_Lite/bin/../lib/gcc/arm-none-eabi/4.4.1/../../../../arm-none-eabi/lib/thumb2/libc.a(lib_a-freer.o)
                0x08016108                _malloc_trim_r
                0x080161b0                _free_r
 .text          0x08016370       0x30 /home/laurence/CodeSourcery/Sourcery_G++_Lite/bin/../lib/gcc/arm-none-eabi/4.4.1/../../../../arm-none-eabi/lib/thumb2/libcs3.a(start_c.o)
                0x08016370                __cs3_premain
 .text.cs3.init
                0x080163a0       0x5c /home/laurence/CodeSourcery/Sourcery_G++_Lite/bin/../lib/gcc/arm-none-eabi/4.4.1/../../../../arm-none-eabi/lib/thumb2/libcs3.a(start_c.o)
                0x080163a0                __cs3_start_c
 .text          0x080163fc       0x44 /home/laurence/CodeSourcery/Sourcery_G++_Lite/bin/../lib/gcc/arm-none-eabi/4.4.1/../../../../arm-none-eabi/lib/thumb2/libcs3unhosted.a(unhosted-sbrk.o)
                0x080163fc                _sbrk
 .text.cs3.init
                0x08016440       0x10 /home/laurence/CodeSourcery/Sourcery_G++_Lite/bin/../lib/gcc/arm-none-eabi/4.4.1/../../../../arm-none-eabi/lib/thumb2/libcs3unhosted.a(unhosted-start.o)
                0x08016440                _start
 .text          0x08016450        0x2 lib/libcs3-lanchon-stm32.a(lanchon_stm32_isr_interrupt.o)
                0x08016450                MemManageException
                0x08016450                BusFaultException
                0x08016450                DMAChannel7_IRQHandler
                0x08016450                DebugMonitor
                0x08016450                SVCHandler
                0x08016450                HardFaultException
                0x08016450                __STM32ReservedException8
                0x08016450                USB_HP_CAN_TX_IRQHandler
                0x08016450                __STM32DefaultExceptionHandler
                0x08016450                DMAChannel1_IRQHandler
                0x08016450                CAN_SCE_IRQHandler
                0x08016450                __STM32ReservedException10
                0x08016450                __STM32ReservedException13
                0x08016450                NMIException
                0x08016450                DMAChannel4_IRQHandler
                0x08016450                SysTickHandler
                0x08016450                PendSVC
                0x08016450                CAN_RX1_IRQHandler
                0x08016450                ADC_IRQHandler
                0x08016450                DMAChannel5_IRQHandler
                0x08016450                DMAChannel2_IRQHandler
                0x08016450                USB_LP_CAN_RX0_IRQHandler
                0x08016450                __STM32ReservedException7
                0x08016450                UsageFaultException
                0x08016450                DMAChannel6_IRQHandler
                0x08016450                DMAChannel3_IRQHandler
                0x08016450                __STM32ReservedException9
 *fill*         0x08016452        0x2 00
 .text          0x08016454       0x50 /home/laurence/CodeSourcery/Sourcery_G++_Lite/bin/../lib/gcc/arm-none-eabi/4.4.1/../../../../arm-none-eabi/lib/thumb2/libc.a(lib_a-init.o)
                0x08016454                __libc_init_array
 *(.plt)
 *(.gnu.warning)
 *(.glue_7t)
 .glue_7t       0x00000000        0x0 linker stubs
 *(.glue_7)
 .glue_7        0x00000000        0x0 linker stubs
 *(.vfp11_veneer)
 .vfp11_veneer  0x00000000        0x0 linker stubs
 *(.rodata .rodata.* .gnu.linkonce.r.*)
 .rodata        0x080164a4        0x8 Sensors/bmp085.o
 .rodata        0x080164ac      0x888 Sensors/earth_field.o
 .rodata.str1.1
                0x08016d34        0x9 Sensors/earth_field.o
 *fill*         0x08016d3d        0x3 00
 .rodata        0x08016d40        0x8 Sensors/pitot.o
 .rodata        0x08016d48       0xc4 Sensors/ubx.o
 .rodata.str1.1
                0x08016e0c      0x13b Sensors/ubx.o
 .rodata.str1.1
                0x08016f47        0xf Util/Fatfs/ff.o
 *fill*         0x08016f56        0x2 00
 .rodata        0x08016f58        0xc Util/Fatfs/rtc.o
 .rodata        0x08016f64       0x14 Util/rprintf.o
 .rodata.str1.1
                0x08016f78        0x6 Util/rprintf.o
 *fill*         0x08016f7e        0x2 00
 .rodata        0x08016f80       0x1c i2c.o
 .rodata        0x08016f9c       0x14 lib/CMSIS_CM3/system_stm32f10x.o
                0x08016f9c                SystemFrequency
                0x08016fa0                SystemFrequency_SysClk
                0x08016fa4                SystemFrequency_AHBClk
                0x08016fa8                SystemFrequency_APB1Clk
                0x08016fac                SystemFrequency_APB2Clk
 .rodata        0x08016fb0       0x60 main.o
 .rodata.str1.1
                0x08017010      0x26f main.o
 *fill*         0x0801727f        0x1 00
 .rodata        0x08017280       0x90 Control/imu.o
 .rodata.str1.4
                0x08017310        0x5 /home/laurence/CodeSourcery/Sourcery_G++_Lite/bin/../lib/gcc/arm-none-eabi/4.4.1/../../../../arm-none-eabi/lib/thumb2/libm.a(lib_a-w_asin.o)
                                  0xc (size before relaxing)
 *fill*         0x08017315        0x3 00
 .rodata.str1.4
                0x08017318        0x4 /home/laurence/CodeSourcery/Sourcery_G++_Lite/bin/../lib/gcc/arm-none-eabi/4.4.1/../../../../arm-none-eabi/lib/thumb2/libm.a(lib_a-w_pow.o)
 .rodata.str1.4
                0x0801731c        0x5 /home/laurence/CodeSourcery/Sourcery_G++_Lite/bin/../lib/gcc/arm-none-eabi/4.4.1/../../../../arm-none-eabi/lib/thumb2/libm.a(lib_a-w_sqrt.o)
                                  0x8 (size before relaxing)
 *fill*         0x08017321        0x7 00
 .rodata        0x08017328       0x30 /home/laurence/CodeSourcery/Sourcery_G++_Lite/bin/../lib/gcc/arm-none-eabi/4.4.1/../../../../arm-none-eabi/lib/thumb2/libm.a(lib_a-e_pow.o)
 .rodata.str1.4
                0x00000000        0x4 /home/laurence/CodeSourcery/Sourcery_G++_Lite/bin/../lib/gcc/arm-none-eabi/4.4.1/../../../../arm-none-eabi/lib/thumb2/libm.a(lib_a-e_pow.o)
 .rodata        0x08017358      0x188 /home/laurence/CodeSourcery/Sourcery_G++_Lite/bin/../lib/gcc/arm-none-eabi/4.4.1/../../../../arm-none-eabi/lib/thumb2/libm.a(lib_a-e_rem_pio2.o)
 .rodata        0x080174e0       0x50 /home/laurence/CodeSourcery/Sourcery_G++_Lite/bin/../lib/gcc/arm-none-eabi/4.4.1/../../../../arm-none-eabi/lib/thumb2/libm.a(lib_a-k_rem_pio2.o)
 .rodata        0x08017530       0x40 /home/laurence/CodeSourcery/Sourcery_G++_Lite/bin/../lib/gcc/arm-none-eabi/4.4.1/../../../../arm-none-eabi/lib/thumb2/libm.a(lib_a-s_atan.o)
 .rodata        0x08017570       0x10 /home/laurence/CodeSourcery/Sourcery_G++_Lite/bin/../lib/gcc/arm-none-eabi/4.4.1/../../../../arm-none-eabi/lib/thumb2/libm.a(lib_a-s_rint.o)
 .rodata.str1.4
                0x08017580        0x4 /home/laurence/CodeSourcery/Sourcery_G++_Lite/bin/../lib/gcc/arm-none-eabi/4.4.1/../../../../arm-none-eabi/lib/thumb2/libc.a(lib_a-impure.o)
 *(.ARM.extab* .gnu.linkonce.armextab.*)
 *(.gcc_except_table)
 *(.eh_frame_hdr)
 *(.eh_frame)
                0x08017584                . = ALIGN (0x4)
 *(.init)
 .init          0x08017584        0x4 /home/laurence/CodeSourcery/Sourcery_G++_Lite/bin/../lib/gcc/arm-none-eabi/4.4.1/thumb2/crti.o
                0x08017584                _init
 .init          0x08017588        0x8 /home/laurence/CodeSourcery/Sourcery_G++_Lite/bin/../lib/gcc/arm-none-eabi/4.4.1/thumb2/crtn.o
                0x08017590                . = ALIGN (0x4)
                0x08017590                __preinit_array_start = .
 *(.preinit_array)
                0x08017590                __preinit_array_end = .
                0x08017590                . = ALIGN (0x4)
                0x08017590                __init_array_start = .
 *(SORT(.init_array.*))
 *(.init_array)
 .init_array    0x08017590        0x4 /home/laurence/CodeSourcery/Sourcery_G++_Lite/bin/../lib/gcc/arm-none-eabi/4.4.1/thumb2/crtbegin.o
                0x08017594                __init_array_end = .
                0x08017594                . = ALIGN (0x4)
 *crtbegin.o(.ctors)
 *(EXCLUDE_FILE(*crtend.o) .ctors)
 *(SORT(.ctors.*))
 *crtend.o(.ctors)
                0x08017594                . = ALIGN (0x4)
 *(.fini)
 .fini          0x08017594        0x4 /home/laurence/CodeSourcery/Sourcery_G++_Lite/bin/../lib/gcc/arm-none-eabi/4.4.1/thumb2/crti.o
                0x08017594                _fini
 .fini          0x08017598        0x8 /home/laurence/CodeSourcery/Sourcery_G++_Lite/bin/../lib/gcc/arm-none-eabi/4.4.1/thumb2/crtn.o
                0x080175a0                . = ALIGN (0x4)
                0x080175a0                __fini_array_start = .
 *(.fini_array)
 .fini_array    0x080175a0        0x4 /home/laurence/CodeSourcery/Sourcery_G++_Lite/bin/../lib/gcc/arm-none-eabi/4.4.1/thumb2/crtbegin.o
 *(SORT(.fini_array.*))
                0x080175a4                __fini_array_end = .
 *crtbegin.o(.dtors)
 *(EXCLUDE_FILE(*crtend.o) .dtors)
 *(SORT(.dtors.*))
 *crtend.o(.dtors)
                0x080175a4                . = ALIGN (0x4)
                0x080175a4                __cs3_regions = .
                0x080175a4        0x4 LONG 0x0
                0x080175a8        0x4 LONG 0x80175b8 __cs3_region_init_ram
                0x080175ac        0x4 LONG 0x20000000 __cs3_region_start_ram
                0x080175b0        0x4 LONG 0x530 __cs3_region_init_size_ram
                0x080175b4        0x4 LONG 0x11e0 __cs3_region_zero_size_ram
                0x080175b8                __exidx_start = .

.v4_bx          0x080175b8        0x0
 .v4_bx         0x00000000        0x0 linker stubs

.ARM.exidx
 *(.ARM.exidx* .gnu.linkonce.armexidx.*)
                0x080175b8                __exidx_end = .

.text.align     0x080175b8        0x0
                0x080175b8                . = ALIGN (0x8)
                0x080175b8                _etext = .
                0x08020000                __cs3_region_end_rom = (__cs3_region_start_rom + 0x20000)
                0x00020000                __cs3_region_size_rom = 0x20000
                0x00000001                __cs3_region_num = 0x1

.data           0x20000000      0x530 load address 0x080175b8
                0x20000000                __cs3_region_start_ram = .
 *(.cs3.region-head.ram)
 *(.jcr)
 .jcr           0x20000000        0x0 /home/laurence/CodeSourcery/Sourcery_G++_Lite/bin/../lib/gcc/arm-none-eabi/4.4.1/thumb2/crtbegin.o
 .jcr           0x20000000        0x4 /home/laurence/CodeSourcery/Sourcery_G++_Lite/bin/../lib/gcc/arm-none-eabi/4.4.1/thumb2/crtend.o
 *(.got.plt)
 *(.got)
 *(.shdata)
 *(.data .data.* .gnu.linkonce.d.*)
 .data          0x20000004        0x1 Util/Fatfs/sd_spi_stm32.o
 *fill*         0x20000005        0x3 00
 .data          0x20000008        0x4 Control/imu.o
 .data          0x2000000c       0x14 lib/STM32F10x_StdPeriph_Driver/libstm32fw.a(stm32f10x_rcc.o)
 .data          0x20000020        0x1 /home/laurence/CodeSourcery/Sourcery_G++_Lite/bin/../lib/gcc/arm-none-eabi/4.4.1/../../../../arm-none-eabi/lib/thumb2/libm.a(lib_a-s_lib_ver.o)
                0x20000020                __fdlib_version
 *fill*         0x20000021        0x3 00
 .data          0x20000024       0xf4 /home/laurence/CodeSourcery/Sourcery_G++_Lite/bin/../lib/gcc/arm-none-eabi/4.4.1/../../../../arm-none-eabi/lib/thumb2/libc.a(lib_a-impure.o)
                0x20000024                _impure_ptr
 .data          0x20000118      0x410 /home/laurence/CodeSourcery/Sourcery_G++_Lite/bin/../lib/gcc/arm-none-eabi/4.4.1/../../../../arm-none-eabi/lib/thumb2/libc.a(lib_a-mallocr.o)
                0x20000118                __malloc_av_
                0x20000520                __malloc_sbrk_base
                0x20000524                __malloc_trim_threshold
 .data          0x20000528        0x4 /home/laurence/CodeSourcery/Sourcery_G++_Lite/bin/../lib/gcc/arm-none-eabi/4.4.1/../../../../arm-none-eabi/lib/thumb2/libcs3unhosted.a(unhosted-sbrk.o)
 .data          0x2000052c        0x4 /home/laurence/CodeSourcery/Sourcery_G++_Lite/bin/../lib/gcc/arm-none-eabi/4.4.1/../../../../arm-none-eabi/lib/thumb2/libcs3.a(heap.o)
                0x2000052c                __cs3_heap_limit
 *(.ram)
                0x20000530                . = ALIGN (0x8)
                0x20000530                _edata = .

.bss            0x20000530     0x11e0 load address 0x08017ae8
 *(.shbss)
 *(.bss .bss.* .gnu.linkonce.b.*)
 .bss           0x20000530        0x1 /home/laurence/CodeSourcery/Sourcery_G++_Lite/bin/../lib/gcc/arm-none-eabi/4.4.1/thumb2/crtbegin.o
 *fill*         0x20000531        0x3 00
 .bss           0x20000534       0x20 Sensors/bmp085.o
                0x20000534                Sea_Level_Pressure
                0x20000538                Our_Sensorcal
                0x20000550                Bmp_temp
 .bss           0x20000554        0xc Sensors/earth_field.o
 .bss           0x20000560        0xa Sensors/ubx.o
 *fill*         0x2000056a        0x2 00
 .bss           0x2000056c        0x8 Util/Fatfs/ff.o
 .bss           0x20000574       0x10 Util/Fatfs/sd_spi_stm32.o
 .bss           0x20000584       0x84 Util/rprintf.o
 .bss           0x20000608      0x3bc main.o
                0x20000608                Gps_Buffer
                0x2000070c                Gps
                0x20000730                Home_Position
                0x2000073c                Long_To_Meters_Home
                0x20000970                f_err_code
                0x20000974                Balt
                0x20000978                Waypoint_Global
                0x20000984                Nav_Global
                0x200009b8                Nav_Flag
                0x200009bc                New_Waypoint_Flagged
                0x200009c0                Ground_Flag
 .bss           0x200009c4       0x1c pwm.o
                0x200009c4                TIM_TimeBaseStructure
                0x200009d0                TIM_OCInitStructure
 .bss           0x200009e0      0xbf8 Control/ekf.o
                0x200009e0                Be
                0x200009ec                P
                0x20000c90                X
                0x20000cc4                Q
                0x20000ce8                R
                0x20000d10                F
                0x20000fb4                G
                0x20001188                K
                0x20001390                H
                0x20001598                Nav
                0x200015cc                zeros
 .bss           0x200015d8      0x100 Control/imu.o
 .bss           0x200016d8       0x34 /home/laurence/CodeSourcery/Sourcery_G++_Lite/bin/../lib/gcc/arm-none-eabi/4.4.1/../../../../arm-none-eabi/lib/thumb2/libc.a(lib_a-mallocr.o)
                0x200016d8                __malloc_top_pad
                0x200016dc                __malloc_current_mallinfo
                0x20001704                __malloc_max_sbrked_mem
                0x20001708                __malloc_max_total_mem
 *(COMMON)
 COMMON         0x2000170c        0x4 /home/laurence/CodeSourcery/Sourcery_G++_Lite/bin/../lib/gcc/arm-none-eabi/4.4.1/../../../../arm-none-eabi/lib/thumb2/libc.a(lib_a-reent.o)
                0x2000170c                errno
 *(.ram.b)
                0x20001710                . = ALIGN (0x8)
                0x20001710                _end = .
                0x20001710                __end = .
                0x20005000                __cs3_region_end_ram = (__cs3_region_start_ram + 0x5000)
                0x00005000                __cs3_region_size_ram = 0x5000
                0x080175b8                __cs3_region_init_ram = LOADADDR (.data)
                0x00000530                __cs3_region_init_size_ram = (_edata - ADDR (.data))
                0x000011e0                __cs3_region_zero_size_ram = (_end - _edata)
                0x00000001                __cs3_region_num = 0x1

.stab
 *(.stab)

.stabstr
 *(.stabstr)

.debug
 *(.debug)

.line
 *(.line)

.debug_srcinfo
 *(.debug_srcinfo)

.debug_sfnames
 *(.debug_sfnames)

.debug_aranges
 *(.debug_aranges)

.debug_pubnames
 *(.debug_pubnames)

.debug_info
 *(.debug_info .gnu.linkonce.wi.*)

.debug_abbrev
 *(.debug_abbrev)

.debug_line
 *(.debug_line)

.comment        0x00000000      0x662
 .comment       0x00000000       0x2b Sensors/bmp085.o
 .comment       0x0000002b       0x2b Sensors/earth_field.o
 .comment       0x00000056       0x2b Sensors/pitot.o
 .comment       0x00000081       0x2b Sensors/ubx.o
 .comment       0x000000ac       0x2b Util/Fatfs/fattime.o
 .comment       0x000000d7       0x2b Util/Fatfs/ff.o
 .comment       0x00000102       0x2b Util/Fatfs/rtc.o
 .comment       0x0000012d       0x2b Util/Fatfs/sd_spi_stm32.o
 .comment       0x00000158       0x2b Util/coords.o
 .comment       0x00000183       0x2b Util/delay.o
 .comment       0x000001ae       0x2b Util/rprintf.o
 .comment       0x000001d9       0x2b Util/time.o
 .comment       0x00000204       0x2b dma.o
 .comment       0x0000022f       0x2b gpio.o
 .comment       0x0000025a       0x2b i2c.o
 .comment       0x00000285       0x2b interrupts.o
 .comment       0x000002b0       0x2b lib/CMSIS_CM3/core_cm3.o
 .comment       0x000002db       0x2b lib/CMSIS_CM3/system_stm32f10x.o
 .comment       0x00000306       0x2b main.o
 .comment       0x00000331       0x2b pwm.o
 .comment       0x0000035c       0x2b usart.o
 .comment       0x00000387       0x2b Control/ekf.o
 .comment       0x000003b2       0x2b Control/imu.o
 .comment       0x000003dd       0x2b Control/loops.o
 .comment       0x00000408       0x2b Control/sensorcal.o
 .comment       0x00000433       0x2b Control/servos.o
 .comment       0x0000045e       0x2b lib/STM32F10x_StdPeriph_Driver/libstm32fw.a(misc.o)
 .comment       0x00000489       0x2b lib/STM32F10x_StdPeriph_Driver/libstm32fw.a(stm32f10x_bkp.o)
 .comment       0x000004b4       0x2b lib/STM32F10x_StdPeriph_Driver/libstm32fw.a(stm32f10x_dma.o)
 .comment       0x000004df       0x2b lib/STM32F10x_StdPeriph_Driver/libstm32fw.a(stm32f10x_exti.o)
 .comment       0x0000050a       0x2b lib/STM32F10x_StdPeriph_Driver/libstm32fw.a(stm32f10x_gpio.o)
 .comment       0x00000535       0x2b lib/STM32F10x_StdPeriph_Driver/libstm32fw.a(stm32f10x_i2c.o)
 .comment       0x00000560       0x2b lib/STM32F10x_StdPeriph_Driver/libstm32fw.a(stm32f10x_pwr.o)
 .comment       0x0000058b       0x2b lib/STM32F10x_StdPeriph_Driver/libstm32fw.a(stm32f10x_rcc.o)
 .comment       0x000005b6       0x2b lib/STM32F10x_StdPeriph_Driver/libstm32fw.a(stm32f10x_rtc.o)
 .comment       0x000005e1       0x2b lib/STM32F10x_StdPeriph_Driver/libstm32fw.a(stm32f10x_spi.o)
 .comment       0x0000060c       0x2b lib/STM32F10x_StdPeriph_Driver/libstm32fw.a(stm32f10x_tim.o)
 .comment       0x00000637       0x2b lib/STM32F10x_StdPeriph_Driver/libstm32fw.a(stm32f10x_usart.o)

.debug_frame    0x00000000      0x71c
 *(.debug_frame)
 .debug_frame   0x00000000       0x34 /home/laurence/CodeSourcery/Sourcery_G++_Lite/bin/../lib/gcc/arm-none-eabi/4.4.1/../../../../arm-none-eabi/lib/thumb2/libm.a(lib_a-s_cos.o)
 .debug_frame   0x00000034       0x34 /home/laurence/CodeSourcery/Sourcery_G++_Lite/bin/../lib/gcc/arm-none-eabi/4.4.1/../../../../arm-none-eabi/lib/thumb2/libm.a(lib_a-s_sin.o)
 .debug_frame   0x00000068       0x38 /home/laurence/CodeSourcery/Sourcery_G++_Lite/bin/../lib/gcc/arm-none-eabi/4.4.1/../../../../arm-none-eabi/lib/thumb2/libm.a(lib_a-w_asin.o)
 .debug_frame   0x000000a0       0x20 /home/laurence/CodeSourcery/Sourcery_G++_Lite/bin/../lib/gcc/arm-none-eabi/4.4.1/../../../../arm-none-eabi/lib/thumb2/libm.a(lib_a-w_atan2.o)
 .debug_frame   0x000000c0       0x3c /home/laurence/CodeSourcery/Sourcery_G++_Lite/bin/../lib/gcc/arm-none-eabi/4.4.1/../../../../arm-none-eabi/lib/thumb2/libm.a(lib_a-w_pow.o)
 .debug_frame   0x000000fc       0x3c /home/laurence/CodeSourcery/Sourcery_G++_Lite/bin/../lib/gcc/arm-none-eabi/4.4.1/../../../../arm-none-eabi/lib/thumb2/libm.a(lib_a-w_sqrt.o)
 .debug_frame   0x00000138       0x3c /home/laurence/CodeSourcery/Sourcery_G++_Lite/bin/../lib/gcc/arm-none-eabi/4.4.1/../../../../arm-none-eabi/lib/thumb2/libm.a(lib_a-e_asin.o)
 .debug_frame   0x00000174       0x3c /home/laurence/CodeSourcery/Sourcery_G++_Lite/bin/../lib/gcc/arm-none-eabi/4.4.1/../../../../arm-none-eabi/lib/thumb2/libm.a(lib_a-e_atan2.o)
 .debug_frame   0x000001b0       0x3c /home/laurence/CodeSourcery/Sourcery_G++_Lite/bin/../lib/gcc/arm-none-eabi/4.4.1/../../../../arm-none-eabi/lib/thumb2/libm.a(lib_a-e_pow.o)
 .debug_frame   0x000001ec       0x3c /home/laurence/CodeSourcery/Sourcery_G++_Lite/bin/../lib/gcc/arm-none-eabi/4.4.1/../../../../arm-none-eabi/lib/thumb2/libm.a(lib_a-e_rem_pio2.o)
 .debug_frame   0x00000228       0x34 /home/laurence/CodeSourcery/Sourcery_G++_Lite/bin/../lib/gcc/arm-none-eabi/4.4.1/../../../../arm-none-eabi/lib/thumb2/libm.a(lib_a-e_sqrt.o)
 .debug_frame   0x0000025c       0x3c /home/laurence/CodeSourcery/Sourcery_G++_Lite/bin/../lib/gcc/arm-none-eabi/4.4.1/../../../../arm-none-eabi/lib/thumb2/libm.a(lib_a-k_cos.o)
 .debug_frame   0x00000298       0x3c /home/laurence/CodeSourcery/Sourcery_G++_Lite/bin/../lib/gcc/arm-none-eabi/4.4.1/../../../../arm-none-eabi/lib/thumb2/libm.a(lib_a-k_rem_pio2.o)
 .debug_frame   0x000002d4       0x3c /home/laurence/CodeSourcery/Sourcery_G++_Lite/bin/../lib/gcc/arm-none-eabi/4.4.1/../../../../arm-none-eabi/lib/thumb2/libm.a(lib_a-k_sin.o)
 .debug_frame   0x00000310       0x38 /home/laurence/CodeSourcery/Sourcery_G++_Lite/bin/../lib/gcc/arm-none-eabi/4.4.1/../../../../arm-none-eabi/lib/thumb2/libm.a(lib_a-s_atan.o)
 .debug_frame   0x00000348       0x20 /home/laurence/CodeSourcery/Sourcery_G++_Lite/bin/../lib/gcc/arm-none-eabi/4.4.1/../../../../arm-none-eabi/lib/thumb2/libm.a(lib_a-s_fabs.o)
 .debug_frame   0x00000368       0x20 /home/laurence/CodeSourcery/Sourcery_G++_Lite/bin/../lib/gcc/arm-none-eabi/4.4.1/../../../../arm-none-eabi/lib/thumb2/libm.a(lib_a-s_finite.o)
 .debug_frame   0x00000388       0x34 /home/laurence/CodeSourcery/Sourcery_G++_Lite/bin/../lib/gcc/arm-none-eabi/4.4.1/../../../../arm-none-eabi/lib/thumb2/libm.a(lib_a-s_floor.o)
 .debug_frame   0x000003bc       0x20 /home/laurence/CodeSourcery/Sourcery_G++_Lite/bin/../lib/gcc/arm-none-eabi/4.4.1/../../../../arm-none-eabi/lib/thumb2/libm.a(lib_a-s_isnand.o)
 .debug_frame   0x000003dc       0x20 /home/laurence/CodeSourcery/Sourcery_G++_Lite/bin/../lib/gcc/arm-none-eabi/4.4.1/../../../../arm-none-eabi/lib/thumb2/libm.a(lib_a-s_matherr.o)
 .debug_frame   0x000003fc       0x20 /home/laurence/CodeSourcery/Sourcery_G++_Lite/bin/../lib/gcc/arm-none-eabi/4.4.1/../../../../arm-none-eabi/lib/thumb2/libm.a(lib_a-s_nan.o)
 .debug_frame   0x0000041c       0x38 /home/laurence/CodeSourcery/Sourcery_G++_Lite/bin/../lib/gcc/arm-none-eabi/4.4.1/../../../../arm-none-eabi/lib/thumb2/libm.a(lib_a-s_rint.o)
 .debug_frame   0x00000454       0x30 /home/laurence/CodeSourcery/Sourcery_G++_Lite/bin/../lib/gcc/arm-none-eabi/4.4.1/../../../../arm-none-eabi/lib/thumb2/libm.a(lib_a-s_scalbn.o)
 .debug_frame   0x00000484       0x28 /home/laurence/CodeSourcery/Sourcery_G++_Lite/bin/../lib/gcc/arm-none-eabi/4.4.1/../../../../arm-none-eabi/lib/thumb2/libm.a(lib_a-s_copysign.o)
 .debug_frame   0x000004ac       0x20 /home/laurence/CodeSourcery/Sourcery_G++_Lite/bin/../lib/gcc/arm-none-eabi/4.4.1/thumb2/libgcc.a(_divsi3.o)
 .debug_frame   0x000004cc       0x20 /home/laurence/CodeSourcery/Sourcery_G++_Lite/bin/../lib/gcc/arm-none-eabi/4.4.1/../../../../arm-none-eabi/lib/thumb2/libc.a(lib_a-errno.o)
 .debug_frame   0x000004ec       0x30 /home/laurence/CodeSourcery/Sourcery_G++_Lite/bin/../lib/gcc/arm-none-eabi/4.4.1/../../../../arm-none-eabi/lib/thumb2/libc.a(lib_a-malloc.o)
 .debug_frame   0x0000051c       0x3c /home/laurence/CodeSourcery/Sourcery_G++_Lite/bin/../lib/gcc/arm-none-eabi/4.4.1/../../../../arm-none-eabi/lib/thumb2/libc.a(lib_a-mallocr.o)
 .debug_frame   0x00000558       0x30 /home/laurence/CodeSourcery/Sourcery_G++_Lite/bin/../lib/gcc/arm-none-eabi/4.4.1/../../../../arm-none-eabi/lib/thumb2/libc.a(lib_a-mlock.o)
 .debug_frame   0x00000588       0x2c /home/laurence/CodeSourcery/Sourcery_G++_Lite/bin/../lib/gcc/arm-none-eabi/4.4.1/../../../../arm-none-eabi/lib/thumb2/libc.a(lib_a-sbrkr.o)
 .debug_frame   0x000005b4       0x20 /home/laurence/CodeSourcery/Sourcery_G++_Lite/bin/../lib/gcc/arm-none-eabi/4.4.1/../../../../arm-none-eabi/lib/thumb2/libc.a(lib_a-strcpy.o)
 .debug_frame   0x000005d4       0x50 /home/laurence/CodeSourcery/Sourcery_G++_Lite/bin/../lib/gcc/arm-none-eabi/4.4.1/../../../../arm-none-eabi/lib/thumb2/libc.a(lib_a-freer.o)
 .debug_frame   0x00000624       0x64 /home/laurence/CodeSourcery/Sourcery_G++_Lite/bin/../lib/gcc/arm-none-eabi/4.4.1/../../../../arm-none-eabi/lib/thumb2/libc.a(lib_a-reent.o)
 .debug_frame   0x00000688       0x40 /home/laurence/CodeSourcery/Sourcery_G++_Lite/bin/../lib/gcc/arm-none-eabi/4.4.1/../../../../arm-none-eabi/lib/thumb2/libcs3.a(start_c.o)
 .debug_frame   0x000006c8       0x28 /home/laurence/CodeSourcery/Sourcery_G++_Lite/bin/../lib/gcc/arm-none-eabi/4.4.1/../../../../arm-none-eabi/lib/thumb2/libcs3unhosted.a(unhosted-sbrk.o)
 .debug_frame   0x000006f0       0x2c /home/laurence/CodeSourcery/Sourcery_G++_Lite/bin/../lib/gcc/arm-none-eabi/4.4.1/../../../../arm-none-eabi/lib/thumb2/libc.a(lib_a-init.o)

.debug_str
 *(.debug_str)

.debug_loc
 *(.debug_loc)

.debug_macinfo
 *(.debug_macinfo)

.debug_weaknames
 *(.debug_weaknames)

.debug_funcnames
 *(.debug_funcnames)

.debug_typenames
 *(.debug_typenames)

.debug_varnames
 *(.debug_varnames)

.note.gnu.arm.ident
 *(.note.gnu.arm.ident)

.ARM.attributes
                0x00000000       0x25
 *(.ARM.attributes)
 .ARM.attributes
                0x00000000       0x19 /home/laurence/CodeSourcery/Sourcery_G++_Lite/bin/../lib/gcc/arm-none-eabi/4.4.1/thumb2/crti.o
 .ARM.attributes
                0x00000019       0x29 /home/laurence/CodeSourcery/Sourcery_G++_Lite/bin/../lib/gcc/arm-none-eabi/4.4.1/thumb2/crtbegin.o
 .ARM.attributes
                0x00000042       0x31 Sensors/bmp085.o
 .ARM.attributes
                0x00000073       0x31 Sensors/earth_field.o
 .ARM.attributes
                0x000000a4       0x31 Sensors/pitot.o
 .ARM.attributes
                0x000000d5       0x31 Sensors/ubx.o
 .ARM.attributes
                0x00000106       0x31 Util/Fatfs/fattime.o
 .ARM.attributes
                0x00000137       0x31 Util/Fatfs/ff.o
 .ARM.attributes
                0x00000168       0x31 Util/Fatfs/rtc.o
 .ARM.attributes
                0x00000199       0x31 Util/Fatfs/sd_spi_stm32.o
 .ARM.attributes
                0x000001ca       0x31 Util/coords.o
 .ARM.attributes
                0x000001fb       0x31 Util/delay.o
 .ARM.attributes
                0x0000022c       0x31 Util/rprintf.o
 .ARM.attributes
                0x0000025d       0x31 Util/time.o
 .ARM.attributes
                0x0000028e       0x31 dma.o
 .ARM.attributes
                0x000002bf       0x31 gpio.o
 .ARM.attributes
                0x000002f0       0x31 i2c.o
 .ARM.attributes
                0x00000321       0x31 interrupts.o
 .ARM.attributes
                0x00000352       0x31 lib/CMSIS_CM3/core_cm3.o
 .ARM.attributes
                0x00000383       0x21 lib/CMSIS_CM3/startup/gcc/startup_stm32f10x_md.o
 .ARM.attributes
                0x000003a4       0x31 lib/CMSIS_CM3/system_stm32f10x.o
 .ARM.attributes
                0x000003d5       0x31 main.o
 .ARM.attributes
                0x00000406       0x31 pwm.o
 .ARM.attributes
                0x00000437       0x31 usart.o
 .ARM.attributes
                0x00000468       0x31 Control/ekf.o
 .ARM.attributes
                0x00000499       0x31 Control/imu.o
 .ARM.attributes
                0x000004ca       0x31 Control/loops.o
 .ARM.attributes
                0x000004fb       0x31 Control/sensorcal.o
 .ARM.attributes
                0x0000052c       0x31 Control/servos.o
 .ARM.attributes
                0x0000055d       0x31 lib/STM32F10x_StdPeriph_Driver/libstm32fw.a(misc.o)
 .ARM.attributes
                0x0000058e       0x31 lib/STM32F10x_StdPeriph_Driver/libstm32fw.a(stm32f10x_bkp.o)
 .ARM.attributes
                0x000005bf       0x31 lib/STM32F10x_StdPeriph_Driver/libstm32fw.a(stm32f10x_dma.o)
 .ARM.attributes
                0x000005f0       0x31 lib/STM32F10x_StdPeriph_Driver/libstm32fw.a(stm32f10x_exti.o)
 .ARM.attributes
                0x00000621       0x31 lib/STM32F10x_StdPeriph_Driver/libstm32fw.a(stm32f10x_gpio.o)
 .ARM.attributes
                0x00000652       0x31 lib/STM32F10x_StdPeriph_Driver/libstm32fw.a(stm32f10x_i2c.o)
 .ARM.attributes
                0x00000683       0x31 lib/STM32F10x_StdPeriph_Driver/libstm32fw.a(stm32f10x_pwr.o)
 .ARM.attributes
                0x000006b4       0x31 lib/STM32F10x_StdPeriph_Driver/libstm32fw.a(stm32f10x_rcc.o)
 .ARM.attributes
                0x000006e5       0x31 lib/STM32F10x_StdPeriph_Driver/libstm32fw.a(stm32f10x_rtc.o)
 .ARM.attributes
                0x00000716       0x31 lib/STM32F10x_StdPeriph_Driver/libstm32fw.a(stm32f10x_spi.o)
 .ARM.attributes
                0x00000747       0x31 lib/STM32F10x_StdPeriph_Driver/libstm32fw.a(stm32f10x_tim.o)
 .ARM.attributes
                0x00000778       0x31 lib/STM32F10x_StdPeriph_Driver/libstm32fw.a(stm32f10x_usart.o)
 .ARM.attributes
                0x000007a9       0x29 /home/laurence/CodeSourcery/Sourcery_G++_Lite/bin/../lib/gcc/arm-none-eabi/4.4.1/../../../../arm-none-eabi/lib/thumb2/libm.a(lib_a-s_cos.o)
 .ARM.attributes
                0x000007d2       0x29 /home/laurence/CodeSourcery/Sourcery_G++_Lite/bin/../lib/gcc/arm-none-eabi/4.4.1/../../../../arm-none-eabi/lib/thumb2/libm.a(lib_a-s_sin.o)
 .ARM.attributes
                0x000007fb       0x29 /home/laurence/CodeSourcery/Sourcery_G++_Lite/bin/../lib/gcc/arm-none-eabi/4.4.1/../../../../arm-none-eabi/lib/thumb2/libm.a(lib_a-w_asin.o)
 .ARM.attributes
                0x00000824       0x29 /home/laurence/CodeSourcery/Sourcery_G++_Lite/bin/../lib/gcc/arm-none-eabi/4.4.1/../../../../arm-none-eabi/lib/thumb2/libm.a(lib_a-w_atan2.o)
 .ARM.attributes
                0x0000084d       0x29 /home/laurence/CodeSourcery/Sourcery_G++_Lite/bin/../lib/gcc/arm-none-eabi/4.4.1/../../../../arm-none-eabi/lib/thumb2/libm.a(lib_a-w_pow.o)
 .ARM.attributes
                0x00000876       0x29 /home/laurence/CodeSourcery/Sourcery_G++_Lite/bin/../lib/gcc/arm-none-eabi/4.4.1/../../../../arm-none-eabi/lib/thumb2/libm.a(lib_a-w_sqrt.o)
 .ARM.attributes
                0x0000089f       0x29 /home/laurence/CodeSourcery/Sourcery_G++_Lite/bin/../lib/gcc/arm-none-eabi/4.4.1/../../../../arm-none-eabi/lib/thumb2/libm.a(lib_a-e_asin.o)
 .ARM.attributes
                0x000008c8       0x29 /home/laurence/CodeSourcery/Sourcery_G++_Lite/bin/../lib/gcc/arm-none-eabi/4.4.1/../../../../arm-none-eabi/lib/thumb2/libm.a(lib_a-e_atan2.o)
 .ARM.attributes
                0x000008f1       0x29 /home/laurence/CodeSourcery/Sourcery_G++_Lite/bin/../lib/gcc/arm-none-eabi/4.4.1/../../../../arm-none-eabi/lib/thumb2/libm.a(lib_a-e_pow.o)
 .ARM.attributes
                0x0000091a       0x29 /home/laurence/CodeSourcery/Sourcery_G++_Lite/bin/../lib/gcc/arm-none-eabi/4.4.1/../../../../arm-none-eabi/lib/thumb2/libm.a(lib_a-e_rem_pio2.o)
 .ARM.attributes
                0x00000943       0x29 /home/laurence/CodeSourcery/Sourcery_G++_Lite/bin/../lib/gcc/arm-none-eabi/4.4.1/../../../../arm-none-eabi/lib/thumb2/libm.a(lib_a-e_sqrt.o)
 .ARM.attributes
                0x0000096c       0x29 /home/laurence/CodeSourcery/Sourcery_G++_Lite/bin/../lib/gcc/arm-none-eabi/4.4.1/../../../../arm-none-eabi/lib/thumb2/libm.a(lib_a-k_cos.o)
 .ARM.attributes
                0x00000995       0x29 /home/laurence/CodeSourcery/Sourcery_G++_Lite/bin/../lib/gcc/arm-none-eabi/4.4.1/../../../../arm-none-eabi/lib/thumb2/libm.a(lib_a-k_rem_pio2.o)
 .ARM.attributes
                0x000009be       0x29 /home/laurence/CodeSourcery/Sourcery_G++_Lite/bin/../lib/gcc/arm-none-eabi/4.4.1/../../../../arm-none-eabi/lib/thumb2/libm.a(lib_a-k_sin.o)
 .ARM.attributes
                0x000009e7       0x29 /home/laurence/CodeSourcery/Sourcery_G++_Lite/bin/../lib/gcc/arm-none-eabi/4.4.1/../../../../arm-none-eabi/lib/thumb2/libm.a(lib_a-s_atan.o)
 .ARM.attributes
                0x00000a10       0x29 /home/laurence/CodeSourcery/Sourcery_G++_Lite/bin/../lib/gcc/arm-none-eabi/4.4.1/../../../../arm-none-eabi/lib/thumb2/libm.a(lib_a-s_fabs.o)
 .ARM.attributes
                0x00000a39       0x29 /home/laurence/CodeSourcery/Sourcery_G++_Lite/bin/../lib/gcc/arm-none-eabi/4.4.1/../../../../arm-none-eabi/lib/thumb2/libm.a(lib_a-s_finite.o)
 .ARM.attributes
                0x00000a62       0x29 /home/laurence/CodeSourcery/Sourcery_G++_Lite/bin/../lib/gcc/arm-none-eabi/4.4.1/../../../../arm-none-eabi/lib/thumb2/libm.a(lib_a-s_floor.o)
 .ARM.attributes
                0x00000a8b       0x29 /home/laurence/CodeSourcery/Sourcery_G++_Lite/bin/../lib/gcc/arm-none-eabi/4.4.1/../../../../arm-none-eabi/lib/thumb2/libm.a(lib_a-s_isnand.o)
 .ARM.attributes
                0x00000ab4       0x29 /home/laurence/CodeSourcery/Sourcery_G++_Lite/bin/../lib/gcc/arm-none-eabi/4.4.1/../../../../arm-none-eabi/lib/thumb2/libm.a(lib_a-s_lib_ver.o)
 .ARM.attributes
                0x00000add       0x29 /home/laurence/CodeSourcery/Sourcery_G++_Lite/bin/../lib/gcc/arm-none-eabi/4.4.1/../../../../arm-none-eabi/lib/thumb2/libm.a(lib_a-s_matherr.o)
 .ARM.attributes
                0x00000b06       0x29 /home/laurence/CodeSourcery/Sourcery_G++_Lite/bin/../lib/gcc/arm-none-eabi/4.4.1/../../../../arm-none-eabi/lib/thumb2/libm.a(lib_a-s_nan.o)
 .ARM.attributes
                0x00000b2f       0x29 /home/laurence/CodeSourcery/Sourcery_G++_Lite/bin/../lib/gcc/arm-none-eabi/4.4.1/../../../../arm-none-eabi/lib/thumb2/libm.a(lib_a-s_rint.o)
 .ARM.attributes
                0x00000b58       0x29 /home/laurence/CodeSourcery/Sourcery_G++_Lite/bin/../lib/gcc/arm-none-eabi/4.4.1/../../../../arm-none-eabi/lib/thumb2/libm.a(lib_a-s_scalbn.o)
 .ARM.attributes
                0x00000b81       0x29 /home/laurence/CodeSourcery/Sourcery_G++_Lite/bin/../lib/gcc/arm-none-eabi/4.4.1/../../../../arm-none-eabi/lib/thumb2/libm.a(lib_a-s_copysign.o)
 .ARM.attributes
                0x00000baa       0x1b /home/laurence/CodeSourcery/Sourcery_G++_Lite/bin/../lib/gcc/arm-none-eabi/4.4.1/thumb2/libgcc.a(_divsi3.o)
 .ARM.attributes
                0x00000bc5       0x1b /home/laurence/CodeSourcery/Sourcery_G++_Lite/bin/../lib/gcc/arm-none-eabi/4.4.1/thumb2/libgcc.a(_dvmd_tls.o)
 .ARM.attributes
                0x00000be0       0x1b /home/laurence/CodeSourcery/Sourcery_G++_Lite/bin/../lib/gcc/arm-none-eabi/4.4.1/thumb2/libgcc.a(_arm_addsubdf3.o)
 .ARM.attributes
                0x00000bfb       0x1b /home/laurence/CodeSourcery/Sourcery_G++_Lite/bin/../lib/gcc/arm-none-eabi/4.4.1/thumb2/libgcc.a(_arm_muldivdf3.o)
 .ARM.attributes
                0x00000c16       0x1b /home/laurence/CodeSourcery/Sourcery_G++_Lite/bin/../lib/gcc/arm-none-eabi/4.4.1/thumb2/libgcc.a(_arm_cmpdf2.o)
 .ARM.attributes
                0x00000c31       0x1b /home/laurence/CodeSourcery/Sourcery_G++_Lite/bin/../lib/gcc/arm-none-eabi/4.4.1/thumb2/libgcc.a(_arm_fixdfsi.o)
 .ARM.attributes
                0x00000c4c       0x1b /home/laurence/CodeSourcery/Sourcery_G++_Lite/bin/../lib/gcc/arm-none-eabi/4.4.1/thumb2/libgcc.a(_arm_truncdfsf2.o)
 .ARM.attributes
                0x00000c67       0x1b /home/laurence/CodeSourcery/Sourcery_G++_Lite/bin/../lib/gcc/arm-none-eabi/4.4.1/thumb2/libgcc.a(_arm_addsubsf3.o)
 .ARM.attributes
                0x00000c82       0x1b /home/laurence/CodeSourcery/Sourcery_G++_Lite/bin/../lib/gcc/arm-none-eabi/4.4.1/thumb2/libgcc.a(_arm_muldivsf3.o)
 .ARM.attributes
                0x00000c9d       0x1b /home/laurence/CodeSourcery/Sourcery_G++_Lite/bin/../lib/gcc/arm-none-eabi/4.4.1/thumb2/libgcc.a(_arm_cmpsf2.o)
 .ARM.attributes
                0x00000cb8       0x1b /home/laurence/CodeSourcery/Sourcery_G++_Lite/bin/../lib/gcc/arm-none-eabi/4.4.1/thumb2/libgcc.a(_arm_fixsfsi.o)
 .ARM.attributes
                0x00000cd3       0x1b /home/laurence/CodeSourcery/Sourcery_G++_Lite/bin/../lib/gcc/arm-none-eabi/4.4.1/thumb2/libgcc.a(_arm_fixunssfsi.o)
 .ARM.attributes
                0x00000cee       0x29 /home/laurence/CodeSourcery/Sourcery_G++_Lite/bin/../lib/gcc/arm-none-eabi/4.4.1/../../../../arm-none-eabi/lib/thumb2/libc.a(lib_a-errno.o)
 .ARM.attributes
                0x00000d17       0x29 /home/laurence/CodeSourcery/Sourcery_G++_Lite/bin/../lib/gcc/arm-none-eabi/4.4.1/../../../../arm-none-eabi/lib/thumb2/libc.a(lib_a-impure.o)
 .ARM.attributes
                0x00000d40       0x29 /home/laurence/CodeSourcery/Sourcery_G++_Lite/bin/../lib/gcc/arm-none-eabi/4.4.1/../../../../arm-none-eabi/lib/thumb2/libc.a(lib_a-malloc.o)
 .ARM.attributes
                0x00000d69       0x29 /home/laurence/CodeSourcery/Sourcery_G++_Lite/bin/../lib/gcc/arm-none-eabi/4.4.1/../../../../arm-none-eabi/lib/thumb2/libc.a(lib_a-mallocr.o)
 .ARM.attributes
                0x00000d92       0x29 /home/laurence/CodeSourcery/Sourcery_G++_Lite/bin/../lib/gcc/arm-none-eabi/4.4.1/../../../../arm-none-eabi/lib/thumb2/libc.a(lib_a-mlock.o)
 .ARM.attributes
                0x00000dbb       0x29 /home/laurence/CodeSourcery/Sourcery_G++_Lite/bin/../lib/gcc/arm-none-eabi/4.4.1/../../../../arm-none-eabi/lib/thumb2/libc.a(lib_a-sbrkr.o)
 .ARM.attributes
                0x00000de4       0x29 /home/laurence/CodeSourcery/Sourcery_G++_Lite/bin/../lib/gcc/arm-none-eabi/4.4.1/../../../../arm-none-eabi/lib/thumb2/libc.a(lib_a-strcpy.o)
 .ARM.attributes
                0x00000e0d       0x29 /home/laurence/CodeSourcery/Sourcery_G++_Lite/bin/../lib/gcc/arm-none-eabi/4.4.1/../../../../arm-none-eabi/lib/thumb2/libc.a(lib_a-freer.o)
 .ARM.attributes
                0x00000e36       0x29 /home/laurence/CodeSourcery/Sourcery_G++_Lite/bin/../lib/gcc/arm-none-eabi/4.4.1/../../../../arm-none-eabi/lib/thumb2/libc.a(lib_a-reent.o)
 .ARM.attributes
                0x00000e5f       0x29 /home/laurence/CodeSourcery/Sourcery_G++_Lite/bin/../lib/gcc/arm-none-eabi/4.4.1/thumb2/crtend.o
 .ARM.attributes
                0x00000e88       0x19 /home/laurence/CodeSourcery/Sourcery_G++_Lite/bin/../lib/gcc/arm-none-eabi/4.4.1/thumb2/crtn.o
 .ARM.attributes
                0x00000ea1       0x29 /home/laurence/CodeSourcery/Sourcery_G++_Lite/bin/../lib/gcc/arm-none-eabi/4.4.1/../../../../arm-none-eabi/lib/thumb2/libcs3.a(start_c.o)
 .ARM.attributes
                0x00000eca       0x29 /home/laurence/CodeSourcery/Sourcery_G++_Lite/bin/../lib/gcc/arm-none-eabi/4.4.1/../../../../arm-none-eabi/lib/thumb2/libcs3unhosted.a(unhosted-sbrk.o)
 .ARM.attributes
                0x00000ef3       0x19 /home/laurence/CodeSourcery/Sourcery_G++_Lite/bin/../lib/gcc/arm-none-eabi/4.4.1/../../../../arm-none-eabi/lib/thumb2/libcs3unhosted.a(unhosted-start.o)
 .ARM.attributes
                0x00000f0c       0x1f lib/libcs3-lanchon-stm32.a(lanchon-stm32-vector.o)
 .ARM.attributes
                0x00000f2b       0x21 lib/libcs3-lanchon-stm32.a(lanchon_stm32_isr_interrupt.o)
 .ARM.attributes
                0x00000f4c       0x29 /home/laurence/CodeSourcery/Sourcery_G++_Lite/bin/../lib/gcc/arm-none-eabi/4.4.1/../../../../arm-none-eabi/lib/thumb2/libc.a(lib_a-init.o)
 .ARM.attributes
                0x00000f75       0x29 /home/laurence/CodeSourcery/Sourcery_G++_Lite/bin/../lib/gcc/arm-none-eabi/4.4.1/../../../../arm-none-eabi/lib/thumb2/libcs3.a(heap.o)

/DISCARD/
 *(.note.GNU-stack)
OUTPUT(main.elf elf32-littlearm)

Cross Reference Table

Symbol                                            File
ADC1_2_IRQHandler                                 lib/CMSIS_CM3/startup/gcc/startup_stm32f10x_md.o
ADC_IRQHandler                                    lib/libcs3-lanchon-stm32.a(lanchon_stm32_isr_interrupt.o)
                                                  lib/libcs3-lanchon-stm32.a(lanchon-stm32-vector.o)
Acc_Init                                          i2c.o
                                                  main.o
All_IO_Configuration                              gpio.o
                                                  main.o
Apply_Servos                                      Control/servos.o
                                                  Control/imu.o
Aux_Devices_Configuration                         gpio.o
BKP_ClearFlag                                     lib/STM32F10x_StdPeriph_Driver/libstm32fw.a(stm32f10x_bkp.o)
BKP_ClearITPendingBit                             lib/STM32F10x_StdPeriph_Driver/libstm32fw.a(stm32f10x_bkp.o)
BKP_DeInit                                        lib/STM32F10x_StdPeriph_Driver/libstm32fw.a(stm32f10x_bkp.o)
                                                  Util/Fatfs/rtc.o
BKP_GetFlagStatus                                 lib/STM32F10x_StdPeriph_Driver/libstm32fw.a(stm32f10x_bkp.o)
BKP_GetITStatus                                   lib/STM32F10x_StdPeriph_Driver/libstm32fw.a(stm32f10x_bkp.o)
BKP_ITConfig                                      lib/STM32F10x_StdPeriph_Driver/libstm32fw.a(stm32f10x_bkp.o)
BKP_RTCOutputConfig                               lib/STM32F10x_StdPeriph_Driver/libstm32fw.a(stm32f10x_bkp.o)
BKP_ReadBackupRegister                            lib/STM32F10x_StdPeriph_Driver/libstm32fw.a(stm32f10x_bkp.o)
                                                  Util/Fatfs/rtc.o
BKP_SetRTCCalibrationValue                        lib/STM32F10x_StdPeriph_Driver/libstm32fw.a(stm32f10x_bkp.o)
BKP_TamperPinCmd                                  lib/STM32F10x_StdPeriph_Driver/libstm32fw.a(stm32f10x_bkp.o)
BKP_TamperPinLevelConfig                          lib/STM32F10x_StdPeriph_Driver/libstm32fw.a(stm32f10x_bkp.o)
BKP_WriteBackupRegister                           lib/STM32F10x_StdPeriph_Driver/libstm32fw.a(stm32f10x_bkp.o)
                                                  Util/Fatfs/rtc.o
Balt                                              main.o
                                                  Control/imu.o
Baro_Convert_Pressure                             Sensors/bmp085.o
                                                  Control/imu.o
Baro_Read_ADC                                     Sensors/bmp085.o
                                                  Control/imu.o
                                                  main.o
Baro_Read_Full_ADC                                Sensors/bmp085.o
                                                  Control/imu.o
                                                  main.o
Baro_Setup_Pressure                               Sensors/bmp085.o
                                                  Control/imu.o
                                                  main.o
Baro_Setup_Temperature                            Sensors/bmp085.o
                                                  Control/imu.o
                                                  main.o
Be                                                Control/ekf.o
Bmp085_Convert                                    Sensors/bmp085.o
                                                  Control/imu.o
                                                  main.o
Bmp085_ReadConfig                                 Sensors/bmp085.o
                                                  main.o
Bmp_temp                                          Sensors/bmp085.o
                                                  Control/imu.o
                                                  main.o
BusFaultException                                 lib/libcs3-lanchon-stm32.a(lanchon_stm32_isr_interrupt.o)
                                                  lib/libcs3-lanchon-stm32.a(lanchon-stm32-vector.o)
BusFault_Handler                                  interrupts.o
Bytes_In_Buffer                                   dma.o
                                                  Control/imu.o
                                                  main.o
                                                  Sensors/ubx.o
CAN1_RX1_IRQHandler                               lib/CMSIS_CM3/startup/gcc/startup_stm32f10x_md.o
CAN1_SCE_IRQHandler                               lib/CMSIS_CM3/startup/gcc/startup_stm32f10x_md.o
CAN_RX1_IRQHandler                                lib/libcs3-lanchon-stm32.a(lanchon_stm32_isr_interrupt.o)
                                                  lib/libcs3-lanchon-stm32.a(lanchon-stm32-vector.o)
CAN_SCE_IRQHandler                                lib/libcs3-lanchon-stm32.a(lanchon_stm32_isr_interrupt.o)
                                                  lib/libcs3-lanchon-stm32.a(lanchon-stm32-vector.o)
Calibrate_3                                       Control/sensorcal.o
                                                  Control/imu.o
                                                  main.o
Config_Gps                                        Sensors/ubx.o
                                                  main.o
CovariancePrediction                              Control/ekf.o
CrossProduct                                      Util/coords.o
DMA1_Channel1_IRQHandler                          lib/CMSIS_CM3/startup/gcc/startup_stm32f10x_md.o
DMA1_Channel2_IRQHandler                          lib/CMSIS_CM3/startup/gcc/startup_stm32f10x_md.o
DMA1_Channel3_IRQHandler                          lib/CMSIS_CM3/startup/gcc/startup_stm32f10x_md.o
DMA1_Channel4_IRQHandler                          lib/CMSIS_CM3/startup/gcc/startup_stm32f10x_md.o
DMA1_Channel5_IRQHandler                          lib/CMSIS_CM3/startup/gcc/startup_stm32f10x_md.o
DMA1_Channel6_IRQHandler                          lib/CMSIS_CM3/startup/gcc/startup_stm32f10x_md.o
DMA1_Channel7_IRQHandler                          lib/CMSIS_CM3/startup/gcc/startup_stm32f10x_md.o
DMAChannel1_IRQHandler                            lib/libcs3-lanchon-stm32.a(lanchon_stm32_isr_interrupt.o)
                                                  lib/libcs3-lanchon-stm32.a(lanchon-stm32-vector.o)
DMAChannel2_IRQHandler                            lib/libcs3-lanchon-stm32.a(lanchon_stm32_isr_interrupt.o)
                                                  lib/libcs3-lanchon-stm32.a(lanchon-stm32-vector.o)