Archive member included because of file (symbol)

lib/STM32F10x_StdPeriph_Driver/libstm32fw.a(misc.o)
                              interrupts.o (NVIC_PriorityGroupConfig)
lib/STM32F10x_StdPeriph_Driver/libstm32fw.a(stm32f10x_bkp.o)
                              Util/Fatfs/rtc.o (BKP_WriteBackupRegister)
lib/STM32F10x_StdPeriph_Driver/libstm32fw.a(stm32f10x_dma.o)
                              dma.o (DMA_DeInit)
lib/STM32F10x_StdPeriph_Driver/libstm32fw.a(stm32f10x_exti.o)
                              interrupts.o (EXTI_Init)
lib/STM32F10x_StdPeriph_Driver/libstm32fw.a(stm32f10x_gpio.o)
                              Util/Fatfs/sd_spi_stm32.o (GPIO_Init)
lib/STM32F10x_StdPeriph_Driver/libstm32fw.a(stm32f10x_i2c.o)
                              i2c.o (I2C_Cmd)
lib/STM32F10x_StdPeriph_Driver/libstm32fw.a(stm32f10x_iwdg.o)
                              watchdog.o (IWDG_WriteAccessCmd)
lib/STM32F10x_StdPeriph_Driver/libstm32fw.a(stm32f10x_pwr.o)
                              Util/Fatfs/rtc.o (PWR_BackupAccessCmd)
lib/STM32F10x_StdPeriph_Driver/libstm32fw.a(stm32f10x_rcc.o)
                              Util/Fatfs/rtc.o (RCC_LSEConfig)
lib/STM32F10x_StdPeriph_Driver/libstm32fw.a(stm32f10x_rtc.o)
                              Util/Fatfs/rtc.o (RTC_GetCounter)
lib/STM32F10x_StdPeriph_Driver/libstm32fw.a(stm32f10x_spi.o)
                              Util/Fatfs/sd_spi_stm32.o (SPI_Init)
lib/STM32F10x_StdPeriph_Driver/libstm32fw.a(stm32f10x_tim.o)
                              pwm.o (TIM_TimeBaseInit)
lib/STM32F10x_StdPeriph_Driver/libstm32fw.a(stm32f10x_usart.o)
                              usart.o (USART_Cmd)
/home/laurence/CodeSourcery/Sourcery_G++_Lite/bin/../lib/gcc/arm-none-eabi/4.4.1/../../../../arm-none-eabi/lib/thumb2/libm.a(lib_a-s_cos.o)
                              Sensors/earth_field.o (cos)
/home/laurence/CodeSourcery/Sourcery_G++_Lite/bin/../lib/gcc/arm-none-eabi/4.4.1/../../../../arm-none-eabi/lib/thumb2/libm.a(lib_a-s_sin.o)
                              Sensors/earth_field.o (sin)
/home/laurence/CodeSourcery/Sourcery_G++_Lite/bin/../lib/gcc/arm-none-eabi/4.4.1/../../../../arm-none-eabi/lib/thumb2/libm.a(lib_a-w_asin.o)
                              Sensors/earth_field.o (asin)
/home/laurence/CodeSourcery/Sourcery_G++_Lite/bin/../lib/gcc/arm-none-eabi/4.4.1/../../../../arm-none-eabi/lib/thumb2/libm.a(lib_a-w_atan2.o)
                              Sensors/earth_field.o (atan2)
/home/laurence/CodeSourcery/Sourcery_G++_Lite/bin/../lib/gcc/arm-none-eabi/4.4.1/../../../../arm-none-eabi/lib/thumb2/libm.a(lib_a-w_pow.o)
                              Sensors/bmp085.o (pow)
/home/laurence/CodeSourcery/Sourcery_G++_Lite/bin/../lib/gcc/arm-none-eabi/4.4.1/../../../../arm-none-eabi/lib/thumb2/libm.a(lib_a-w_sqrt.o)
                              Sensors/earth_field.o (sqrt)
/home/laurence/CodeSourcery/Sourcery_G++_Lite/bin/../lib/gcc/arm-none-eabi/4.4.1/../../../../arm-none-eabi/lib/thumb2/libm.a(lib_a-wf_asin.o)
                              Util/coords.o (asinf)
/home/laurence/CodeSourcery/Sourcery_G++_Lite/bin/../lib/gcc/arm-none-eabi/4.4.1/../../../../arm-none-eabi/lib/thumb2/libm.a(lib_a-wf_atan2.o)
                              Util/coords.o (atan2f)
/home/laurence/CodeSourcery/Sourcery_G++_Lite/bin/../lib/gcc/arm-none-eabi/4.4.1/../../../../arm-none-eabi/lib/thumb2/libm.a(lib_a-e_asin.o)
                              /home/laurence/CodeSourcery/Sourcery_G++_Lite/bin/../lib/gcc/arm-none-eabi/4.4.1/../../../../arm-none-eabi/lib/thumb2/libm.a(lib_a-w_asin.o) (__ieee754_asin)
/home/laurence/CodeSourcery/Sourcery_G++_Lite/bin/../lib/gcc/arm-none-eabi/4.4.1/../../../../arm-none-eabi/lib/thumb2/libm.a(lib_a-e_atan2.o)
                              /home/laurence/CodeSourcery/Sourcery_G++_Lite/bin/../lib/gcc/arm-none-eabi/4.4.1/../../../../arm-none-eabi/lib/thumb2/libm.a(lib_a-w_atan2.o) (__ieee754_atan2)
/home/laurence/CodeSourcery/Sourcery_G++_Lite/bin/../lib/gcc/arm-none-eabi/4.4.1/../../../../arm-none-eabi/lib/thumb2/libm.a(lib_a-e_pow.o)
                              /home/laurence/CodeSourcery/Sourcery_G++_Lite/bin/../lib/gcc/arm-none-eabi/4.4.1/../../../../arm-none-eabi/lib/thumb2/libm.a(lib_a-w_pow.o) (__ieee754_pow)
/home/laurence/CodeSourcery/Sourcery_G++_Lite/bin/../lib/gcc/arm-none-eabi/4.4.1/../../../../arm-none-eabi/lib/thumb2/libm.a(lib_a-e_rem_pio2.o)
                              /home/laurence/CodeSourcery/Sourcery_G++_Lite/bin/../lib/gcc/arm-none-eabi/4.4.1/../../../../arm-none-eabi/lib/thumb2/libm.a(lib_a-s_cos.o) (__ieee754_rem_pio2)
/home/laurence/CodeSourcery/Sourcery_G++_Lite/bin/../lib/gcc/arm-none-eabi/4.4.1/../../../../arm-none-eabi/lib/thumb2/libm.a(lib_a-e_sqrt.o)
                              /home/laurence/CodeSourcery/Sourcery_G++_Lite/bin/../lib/gcc/arm-none-eabi/4.4.1/../../../../arm-none-eabi/lib/thumb2/libm.a(lib_a-w_sqrt.o) (__ieee754_sqrt)
[...]
Memory Configuration

Name             Origin             Length             Attributes
ram              0x20000000         0x00005000         xrw
rom              0x08000000         0x00020000         xr
*default*        0x00000000         0xffffffff

Linker script and memory map

LOAD /home/laurence/CodeSourcery/Sourcery_G++_Lite/bin/../lib/gcc/arm-none-eabi/4.4.1/thumb2/crti.o
LOAD /home/laurence/CodeSourcery/Sourcery_G++_Lite/bin/../lib/gcc/arm-none-eabi/4.4.1/thumb2/crtbegin.o
LOAD Sensors/bmp085.o
LOAD Sensors/earth_field.o
LOAD Sensors/pitot.o
LOAD Sensors/ubx.o
LOAD Util/Fatfs/fattime.o
LOAD Util/Fatfs/ff.o
LOAD Util/Fatfs/rtc.o
LOAD Util/Fatfs/sd_spi_stm32.o
LOAD Util/atmospherics.o
LOAD Util/coords.o
LOAD Util/crc.o
LOAD Util/delay.o
LOAD Util/gravity.o
LOAD Util/rprintf.o
LOAD Util/time.o
LOAD Util/uavtalk.o
LOAD dma.o
LOAD gpio.o
LOAD i2c.o
LOAD interrupts.o
LOAD lib/CMSIS_CM3/core_cm3.o
LOAD lib/CMSIS_CM3/startup/gcc/startup_stm32f10x_md.o
LOAD lib/CMSIS_CM3/system_stm32f10x.o
LOAD main.o
LOAD pwm.o
LOAD usart.o
LOAD watchdog.o
LOAD Control/ekf.o
LOAD Control/imu.o
LOAD Control/loops.o
LOAD Control/sensorcal.o
LOAD Control/servos.o
LOAD lib/STM32F10x_StdPeriph_Driver/libstm32fw.a
LOAD lib/STM32_USB-FS-Device_Driver/libstm32usb.a
LOAD /home/laurence/CodeSourcery/Sourcery_G++_Lite/bin/../lib/gcc/arm-none-eabi/4.4.1/../../../../arm-none-eabi/lib/thumb2/libm.a
START GROUP
LOAD /home/laurence/CodeSourcery/Sourcery_G++_Lite/bin/../lib/gcc/arm-none-eabi/4.4.1/thumb2/libgcc.a
LOAD /home/laurence/CodeSourcery/Sourcery_G++_Lite/bin/../lib/gcc/arm-none-eabi/4.4.1/../../../../arm-none-eabi/lib/thumb2/libc.a
END GROUP
LOAD /home/laurence/CodeSourcery/Sourcery_G++_Lite/bin/../lib/gcc/arm-none-eabi/4.4.1/thumb2/crtend.o
LOAD /home/laurence/CodeSourcery/Sourcery_G++_Lite/bin/../lib/gcc/arm-none-eabi/4.4.1/thumb2/crtn.o
START GROUP
LOAD /home/laurence/CodeSourcery/Sourcery_G++_Lite/bin/../lib/gcc/arm-none-eabi/4.4.1/thumb2/libgcc.a
LOAD /home/laurence/CodeSourcery/Sourcery_G++_Lite/bin/../lib/gcc/arm-none-eabi/4.4.1/../../../../arm-none-eabi/lib/thumb2/libc.a
LOAD /home/laurence/CodeSourcery/Sourcery_G++_Lite/bin/../lib/gcc/arm-none-eabi/4.4.1/../../../../arm-none-eabi/lib/thumb2/libcs3.a
LOAD /home/laurence/CodeSourcery/Sourcery_G++_Lite/bin/../lib/gcc/arm-none-eabi/4.4.1/../../../../arm-none-eabi/lib/thumb2/libcs3unhosted.a
LOAD lib/libcs3-lanchon-stm32.a
END GROUP
                0x20005000                PROVIDE (__cs3_stack, (__cs3_region_start_ram + __cs3_region_size_ram))
                0x20001a70                PROVIDE (__cs3_heap_start, _end)
                0x20005000                PROVIDE (__cs3_heap_end, (__cs3_region_start_ram + __cs3_region_size_ram))

.text           0x08000000    0x19938
 CREATE_OBJECT_SYMBOLS
                0x08000000                __cs3_region_start_rom = .
 *(.cs3.region-head.rom)
                0x08000000                __cs3_interrupt_vector = __cs3_interrupt_vector_lanchon_stm32
 *(.cs3.interrupt_vector)
 .cs3.interrupt_vector
                0x08000000       0xec lib/libcs3-lanchon-stm32.a(lanchon-stm32-vector.o)
                0x08000000                __cs3_interrupt_vector_lanchon_stm32
                0x08000001                ASSERT ((. != __cs3_interrupt_vector_lanchon_stm32), No interrupt vector)
 *(.rom)
 *(.rom.b)
                0x08018674                PROVIDE (__cs3_reset_lanchon_stm32, _start)
                0x08018674                __cs3_reset = __cs3_reset_lanchon_stm32
 *(.cs3.reset)
 *(.text .text.* .gnu.linkonce.t.*)
 .text          0x080000ec       0x30 /home/laurence/CodeSourcery/Sourcery_G++_Lite/bin/../lib/gcc/arm-none-eabi/4.4.1/thumb2/crtbegin.o
 *fill*         0x0800011c        0x4 00
 .text          0x08000120      0x230 Sensors/bmp085.o
                0x08000120                Bmp085_Convert
                0x080001d8                Baro_Convert_Pressure
                0x08000228                Baro_Setup_Temperature
                0x08000248                Baro_Setup_Pressure
                0x08000268                Baro_Read_Full_ADC
                0x08000292                bmp085ReadShort
                0x080002ae                Baro_Read_ADC
                0x080002b4                Bmp085_ReadConfig
 .text          0x08000350     0x1920 Sensors/earth_field.o
                0x08000350                WMM_CalculateSecularVariation
                0x08000458                WMM_get_secular_var_coeff_g
                0x08000470                WMM_get_main_field_coeff_g
                0x0800050c                WMM_get_secular_var_coeff_h
                0x08000524                WMM_get_main_field_coeff_h
                0x080005b8                WMM_DateToYear
                0x080005f4                WMM_RotateMagneticVector
                0x080006b0                WMM_ComputeSphericalHarmonicVariables
                0x08000784                WMM_GeodeticToSpherical
                0x080008e8                WMM_SecVarSummationSpecial
                0x08000a84                WMM_SecVarSummation
                0x08000c84                WMM_SummationSpecial
                0x08000e24                WMM_Summation
                0x08001024                WMM_PcupLow
                0x08001370                WMM_PcupHigh
                0x08001816                WMM_AssociatedLegendreFunction
                0x080018a4                WMM_CalculateGeoMagneticElements
                0x08001968                WMM_Geomag
                0x08001a60                WMM_Initialize
                0x08001ad8                WMM_GetMagVector
 .text          0x08001c70       0xc4 Sensors/pitot.o
                0x08001c70                Pitot_Conv
                0x08001c86                Pitot_convert_Airspeed
                0x08001cdc                Pitot_Read_Conv
                0x08001d04                Pitot_Set_Temp_Conv
                0x08001d1c                Pitot_Set_Press_Conv
 .text          0x08001d34      0x33c Sensors/ubx.o
                0x08001d34                Gps_Process_Byte
                0x08001eb4                Get_UBX_Ack
                0x08001f64                Config_Gps
 .text          0x08002070       0x42 Util/Fatfs/fattime.o
                0x08002070                get_fattime
 *fill*         0x080020b2        0x2 00
 .text          0x080020b4     0x1a54 Util/Fatfs/ff.o
                0x080020da                clust2sect
                0x0800218a                f_mount
                0x080025c8                put_fat
                0x080026c6                get_fat
                0x08002916                f_truncate
                0x08002b7c                f_readdir
                0x08002bca                f_getfree
                0x08002caa                f_lseek
                0x08002dfc                f_write
                0x08002fae                f_read
                0x080031d8                f_sync
                0x0800328e                f_close
                0x0800349c                f_stat
                0x080034de                f_opendir
                0x0800354c                f_rename
                0x08003672                f_utime
                0x080036d4                f_chmod
                0x08003730                f_unlink
                0x080037f8                f_mkdir
                0x080039aa                f_open
 .text          0x08003b08      0x2e4 Util/Fatfs/rtc.o
                0x08003be4                my_RTC_SetCounter
                0x08003c06                rtc_settime
                0x08003cd8                rtc_init
                0x08003d72                rtc_gettime
 .text          0x08003dec      0x7cc Util/Fatfs/sd_spi_stm32.o
                0x08003e14                disk_status
                0x08003e24                disk_timerproc
                0x080040a4                disk_initialize
                0x08004228                disk_ioctl
                0x0800442c                disk_read
                0x0800450c                disk_write
 .text          0x080045b8       0xd8 Util/atmospherics.o
                0x080045b8                US_1976_Temperature
                0x0800464c                Air_Density
 .text          0x08004690      0x940 Util/coords.o
                0x08004690                CrossProduct
                0x080046ee                quat_inverse
                0x0800470a                quat_copy
                0x08004720                quat_mult
                0x0800482a                rot_mult
                0x080048ca                VectorMagnitude
                0x0800490c                RotFrom2Vectors
                0x08004ad8                R2Quaternion
                0x08004cc0                Quaternion2RPY
                0x08004df8                RneFromLLA
                0x08004eb8                LLA2ECEF
 .text          0x08004fd0       0x2c Util/crc.o
                0x08004fd0                CRC_updateByte
                0x08004fdc                CRC_updateCRC
 .text          0x08004ffc       0x16 Util/delay.o
                0x08004ffc                Delay
 *fill*         0x08005012        0x6 00
 .text          0x08005018       0xc8 Util/gravity.o
                0x08005018                Ge_From_Latitude
 .text          0x080050e0      0x57c Util/rprintf.o
                0x080050e0                rprintfInit
                0x080050ec                rprintfChar
                0x0800510c                rprintfStr
                0x08005124                rprintfStrLen
                0x0800515a                rprintfCRLF
                0x0800515e                rprintfu04
                0x08005168                rprintfu08
                0x0800517a                rprintfu16
                0x0800518c                rprintfu32
                0x0800519e                rprintfNum
                0x08005254                rprintfFloat
                0x0800530c                Isdigit
                0x0800531a                atoiRamRom
                0x08005340                rStrLen
                0x08005350                rprintf2RamRom
 .text          0x0800565c       0x20 Util/time.o
                0x0800565c                Set_RTC_From_GPS
 .text          0x0800567c      0x2e0 Util/uavtalk.o
                0x0800567c                UAVtalk_Register_Object
                0x08005690                memchr_32
                0x080056b4                UAVtalk_Generate_Packet
                0x080057a4                UAVtalk_Run_Streams
                0x08005810                UAVtalk_Process_Byte
 .text          0x0800595c      0x164 dma.o
                0x0800595c                Pop_From_Buffer
                0x08005978                Bytes_In_Buffer
                0x0800599e                Get_From_Buffer
                0x080059d2                Flush_Buffer
                0x080059e8                DMA_Configuration
                0x08005a30                DMA_USART1_Configuration
 .text          0x08005ac0      0x1e0 gpio.o
                0x08005ac0                Get_MEMS_DRDY
                0x08005ae8                MEMS_Status_Configuration
                0x08005b24                Aux_Devices_Configuration
                0x08005b80                SPI_Control_Configuration
                0x08005be8                GPS_IO_Configuration
                0x08005c34                GPIO_Config_AF_Periferals
                0x08005c88                All_IO_Configuration
 .text          0x08005ca0      0x464 i2c.o
                0x08005ca0                Flipbytes
                0x08005caa                I2C_Conf
                0x08005d78                Gyr_Init
                0x08005db0                Acc_Init
                0x08005dcc                Mag_Init
                0x08005de8                I2C_Read
                0x08006050                Gyr_Stat
                0x0800606a                Gyr_Read
                0x08006090                Mag_Read
                0x080060b6                I2C_Config
 .text          0x08006104       0x84 interrupts.o
                0x08006104                NMI_Handler
                0x08006106                HardFault_Handler
                0x08006108                MemManage_Handler
                0x0800610a                BusFault_Handler
                0x0800610c                UsageFault_Handler
                0x0800610e                SVC_Handler
                0x08006110                DebugMon_Handler
                0x08006112                PendSV_Handler
                0x08006114                SysTick_Handler
                0x08006116                EXTI9_5_IRQHandler
                0x08006130                EXTI6_Config
 .text.Default_Handler
                0x08006188        0x2 lib/CMSIS_CM3/startup/gcc/startup_stm32f10x_md.o
                0x08006188                EXTI2_IRQHandler
                0x08006188                TIM1_CC_IRQHandler
                0x08006188                PVD_IRQHandler
                0x08006188                EXTI3_IRQHandler
                0x08006188                EXTI0_IRQHandler
                0x08006188                I2C2_EV_IRQHandler
                0x08006188                ADC1_2_IRQHandler
                0x08006188                SPI1_IRQHandler
                0x08006188                TAMPER_IRQHandler
                0x08006188                DMA1_Channel4_IRQHandler
                0x08006188                USART3_IRQHandler
                0x08006188                RTC_IRQHandler
                0x08006188                DMA1_Channel7_IRQHandler
                0x08006188                CAN1_RX1_IRQHandler
                0x08006188                TIM4_IRQHandler
                0x08006188                I2C1_EV_IRQHandler
                0x08006188                DMA1_Channel6_IRQHandler
                0x08006188                TIM3_IRQHandler
                0x08006188                RCC_IRQHandler
                0x08006188                TIM1_TRG_COM_IRQHandler
                0x08006188                DMA1_Channel1_IRQHandler
                0x08006188                Default_Handler
                0x08006188                EXTI15_10_IRQHandler
                0x08006188                SPI2_IRQHandler
                0x08006188                DMA1_Channel5_IRQHandler
                0x08006188                EXTI4_IRQHandler
                0x08006188                USB_LP_CAN1_RX0_IRQHandler
                0x08006188                USB_HP_CAN1_TX_IRQHandler
                0x08006188                DMA1_Channel3_IRQHandler
                0x08006188                TIM1_UP_IRQHandler
                0x08006188                WWDG_IRQHandler
                0x08006188                TIM2_IRQHandler
                0x08006188                TIM1_BRK_IRQHandler
                0x08006188                EXTI1_IRQHandler
                0x08006188                RTCAlarm_IRQHandler
                0x08006188                USART2_IRQHandler
                0x08006188                I2C2_ER_IRQHandler
                0x08006188                DMA1_Channel2_IRQHandler
                0x08006188                CAN1_SCE_IRQHandler
                0x08006188                FLASH_IRQHandler
                0x08006188                USART1_IRQHandler
                0x08006188                I2C1_ER_IRQHandler
                0x08006188                USBWakeUp_IRQHandler
 *fill*         0x0800618a        0x2 00
 .text          0x0800618c       0xf8 lib/CMSIS_CM3/system_stm32f10x.o
                0x0800618c                SystemInit
 *fill*         0x08006284        0x4 00
 .text          0x08006288      0x948 main.o
                0x08006288                Initialisation
                0x08006a70                main
 .text          0x08006bd0      0x1e0 pwm.o
                0x08006bd0                PWM_Set
                0x08006c50                Timer_GPIO_Disable
                0x08006c8c                Timer_GPIO_Enable
                0x08006cc8                Timer_RCC_Configuration
                0x08006ce0                Init_Timers
 .text          0x08006db0      0x1c8 usart.o
                0x08006db0                Default_Usart_Config
                0x08006dc2                __gps_send_char
                0x08006de0                Gps_Send_Str
                0x08006df8                Gps_Send_Utf8
                0x08006e12                __usart_send_char
                0x08006e30                Usart_Send_Str
                0x08006e48                usart1_disable_dma
                0x08006e68                usart1_send_data_dma
                0x08006e94                USART2_reconf
                0x08006ed8                Usarts_Init
 .text          0x08006f78       0x3e watchdog.o
                0x08006f78                Watchdog_Reset_Detect
                0x08006f8c                Watchdog_Config
 *fill*         0x08006fb6        0x2 00
 .text          0x08006fb8     0x8890 Control/ekf.o
                0x08006fb8                ins_get_num_states
                0x08006fbc                INSGPSInit
                0x080070e8                INSResetP
                0x08007130                INSResetRGPS
                0x0800715c                INSSetState
                0x080071c0                INSPosVelReset
                0x08007248                INSSetPosVelVar
                0x08007264                INSSetGyroBias
                0x08007280                INSSetAccelVar
                0x0800729c                INSSetGyroVar
                0x080072b8                INSSetMagVar
                0x080072d4                INSSetMagNorth
                0x080072ec                INSSetGravity
                0x080072f8                CovariancePrediction
                0x0800e642                INSCovariancePrediction
                0x0800e668                SerialUpdate
                0x0800e7c0                StateEq
                0x0800ea94                RungeKutta
                0x0800ebbc                LinearizeFG
                0x0800f030                MeasurementEq
                0x0800f1ee                LinearizeH
                0x0800f4b8                INSCorrection
                0x0800f668                VelBaroCorrection
                0x0800f684                GpsMagCorrection
                0x0800f69c                FullCorrection
                0x0800f6aa                GpsBaroCorrection
                0x0800f6c8                MagVelBaroCorrection
                0x0800f6e4                MagCorrection
                0x0800f704                INSStatePrediction
 .text          0x0800f848      0x980 Control/imu.o
                0x0800f848                run_imu
 .text          0x080101c8       0x64 Control/loops.o
                0x080101c8                Run_PID
                0x08010224                Reset_PID
 .text          0x0801022c       0xc8 Control/sensorcal.o
                0x0801022c                Calibrate_3
 .text          0x080102f4       0x64 Control/servos.o
                0x080102f4                Disable_Servos
                0x080102f8                Enable_Servos
                0x080102fc                Apply_Servos
 .text          0x08010358       0xc0 lib/STM32F10x_StdPeriph_Driver/libstm32fw.a(misc.o)
                0x08010358                NVIC_PriorityGroupConfig
                0x0801036c                NVIC_Init
                0x080103d0                NVIC_SetVectorTable
                0x080103e4                NVIC_SystemLPConfig
                0x08010400                SysTick_CLKSourceConfig
 .text          0x08010418       0xe4 lib/STM32F10x_StdPeriph_Driver/libstm32fw.a(stm32f10x_bkp.o)
                0x08010418                BKP_TamperPinLevelConfig
                0x08010424                BKP_TamperPinCmd
                0x08010430                BKP_ITConfig
                0x0801043c                BKP_RTCOutputConfig
                0x08010454                BKP_SetRTCCalibrationValue
                0x0801046c                BKP_WriteBackupRegister
                0x08010488                BKP_ReadBackupRegister
                0x080104a8                BKP_GetFlagStatus
                0x080104b4                BKP_ClearFlag
                0x080104c8                BKP_GetITStatus
                0x080104d4                BKP_ClearITPendingBit
                0x080104e8                BKP_DeInit
 .text          0x080104fc      0x1d4 lib/STM32F10x_StdPeriph_Driver/libstm32fw.a(stm32f10x_dma.o)
                0x080104fc                DMA_DeInit
                0x080105dc                DMA_Init
                0x0801061c                DMA_StructInit
                0x08010636                DMA_Cmd
                0x0801064a                DMA_ITConfig
                0x0801065c                DMA_GetCurrDataCounter
                0x08010662                DMA_GetFlagStatus
                0x08010680                DMA_ClearFlag
                0x08010698                DMA_GetITStatus
                0x080106b8                DMA_ClearITPendingBit
 .text          0x080106d0      0x104 lib/STM32F10x_StdPeriph_Driver/libstm32fw.a(stm32f10x_exti.o)
                0x080106d0                EXTI_DeInit
                0x080106ec                EXTI_Init
                0x0801076c                EXTI_StructInit
                0x0801077a                EXTI_GenerateSWInterrupt
                0x0801078c                EXTI_GetFlagStatus
                0x080107a0                EXTI_ClearFlag
                0x080107ac                EXTI_GetITStatus
                0x080107c8                EXTI_ClearITPendingBit
 .text          0x080107d4      0x29c lib/STM32F10x_StdPeriph_Driver/libstm32fw.a(stm32f10x_gpio.o)
                0x080107d4                GPIO_Init
                0x0801088c                GPIO_StructInit
                0x0801089c                GPIO_ReadInputDataBit
                0x080108a8                GPIO_ReadInputData
                0x080108ae                GPIO_ReadOutputDataBit
                0x080108ba                GPIO_ReadOutputData
                0x080108c0                GPIO_SetBits
                0x080108c4                GPIO_ResetBits
                0x080108c8                GPIO_WriteBit
                0x080108d2                GPIO_Write
                0x080108d6                GPIO_PinLockConfig
                0x080108e6                GPIO_EventOutputConfig
                0x08010904                GPIO_EventOutputCmd
                0x08010910                GPIO_PinRemapConfig
                0x08010970                GPIO_EXTILineConfig
                0x080109a4                GPIO_ETH_MediaInterfaceConfig
                0x080109b0                GPIO_AFIODeInit
                0x080109c6                GPIO_DeInit
 .text          0x08010a70      0x3cc lib/STM32F10x_StdPeriph_Driver/libstm32fw.a(stm32f10x_i2c.o)
                0x08010a70                I2C_StructInit
                0x08010a8c                I2C_Cmd
                0x08010aa6                I2C_DMACmd
                0x08010ac0                I2C_DMALastTransferCmd
                0x08010ada                I2C_GenerateSTART
                0x08010af4                I2C_GenerateSTOP
                0x08010b0e                I2C_AcknowledgeConfig
                0x08010b28                I2C_OwnAddress2Config
                0x08010b3e                I2C_DualAddressCmd
                0x08010b58                I2C_GeneralCallCmd
                0x08010b72                I2C_ITConfig
                0x08010b88                I2C_SendData
                0x08010b8c                I2C_ReceiveData
                0x08010b92                I2C_Send7bitAddress
                0x08010ba2                I2C_ReadRegister
                0x08010bba                I2C_SoftwareResetCmd
                0x08010bd4                I2C_SMBusAlertConfig
                0x08010bf0                I2C_TransmitPEC
                0x08010c0a                I2C_PECPositionConfig
                0x08010c26                I2C_CalculatePEC
                0x08010c40                I2C_GetPEC
                0x08010c48                I2C_ARPCmd
                0x08010c62                I2C_StretchClockCmd
                0x08010c7c                I2C_FastModeDutyCycleConfig
                0x08010c98                I2C_GetLastEvent
                0x08010ca8                I2C_CheckEvent
                0x08010cc0                I2C_GetFlagStatus
                0x08010cf4                I2C_ClearFlag
                0x08010cfc                I2C_GetITStatus
                0x08010d18                I2C_ClearITPendingBit
                0x08010d20                I2C_Init
                0x08010e08                I2C_DeInit
 .text          0x08010e3c       0x58 lib/STM32F10x_StdPeriph_Driver/libstm32fw.a(stm32f10x_iwdg.o)
                0x08010e3c                IWDG_WriteAccessCmd
                0x08010e48                IWDG_SetPrescaler
                0x08010e54                IWDG_SetReload
                0x08010e60                IWDG_ReloadCounter
                0x08010e70                IWDG_Enable
                0x08010e80                IWDG_GetFlagStatus
 .text          0x08010e94       0xd0 lib/STM32F10x_StdPeriph_Driver/libstm32fw.a(stm32f10x_pwr.o)
                0x08010e98                PWR_BackupAccessCmd
                0x08010ea4                PWR_PVDCmd
                0x08010eb0                PWR_PVDLevelConfig
                0x08010ec4                PWR_WakeUpPinCmd
                0x08010ed0                PWR_EnterSTOPMode
                0x08010efc                PWR_EnterSTANDBYMode
                0x08010f24                PWR_GetFlagStatus
                0x08010f38                PWR_ClearFlag
                0x08010f48                PWR_DeInit
 .text          0x08010f64      0x384 lib/STM32F10x_StdPeriph_Driver/libstm32fw.a(stm32f10x_rcc.o)
                0x08010f64                RCC_DeInit
                0x08010fa4                RCC_HSEConfig
                0x08010fdc                RCC_AdjustHSICalibrationValue
                0x08010ff0                RCC_HSICmd
                0x08010ffc                RCC_PLLConfig
                0x08011014                RCC_PLLCmd
                0x08011020                RCC_SYSCLKConfig
                0x08011034                RCC_GetSYSCLKSource
                0x08011044                RCC_HCLKConfig
                0x08011058                RCC_PCLK1Config
                0x0801106c                RCC_PCLK2Config
                0x08011080                RCC_ITConfig
                0x0801109c                RCC_USBCLKConfig
                0x080110a8                RCC_ADCCLKConfig
                0x080110bc                RCC_LSEConfig
                0x080110dc                RCC_LSICmd
                0x080110e8                RCC_RTCCLKConfig
                0x080110f8                RCC_RTCCLKCmd
                0x08011104                RCC_GetClocksFreq
                0x080111b4                RCC_AHBPeriphClockCmd
                0x080111d0                RCC_APB2PeriphClockCmd
                0x080111ec                RCC_APB1PeriphClockCmd
                0x08011208                RCC_APB2PeriphResetCmd
                0x08011224                RCC_APB1PeriphResetCmd
                0x08011240                RCC_BackupResetCmd
                0x0801124c                RCC_ClockSecuritySystemCmd
                0x08011258                RCC_MCOConfig
                0x08011264                RCC_GetFlagStatus
                0x0801128c                RCC_WaitForHSEStartUp
                0x080112b8                RCC_ClearFlag
                0x080112c8                RCC_GetITStatus
                0x080112dc                RCC_ClearITPendingBit
 .text          0x080112e8      0x15c lib/STM32F10x_StdPeriph_Driver/libstm32fw.a(stm32f10x_rtc.o)
                0x080112e8                RTC_ITConfig
                0x08011308                RTC_EnterConfigMode
                0x0801131c                RTC_ExitConfigMode
                0x08011330                RTC_GetCounter
                0x08011344                RTC_SetCounter
                0x08011360                RTC_SetPrescaler
                0x08011380                RTC_SetAlarm
                0x0801139c                RTC_GetDivider
                0x080113b4                RTC_WaitForLastTask
                0x080113c4                RTC_WaitForSynchro
                0x080113e4                RTC_GetFlagStatus
                0x080113f8                RTC_ClearFlag
                0x0801140c                RTC_GetITStatus
                0x08011430                RTC_ClearITPendingBit
 .text          0x08011444      0x2f8 lib/STM32F10x_StdPeriph_Driver/libstm32fw.a(stm32f10x_spi.o)
                0x08011444                SPI_Init
                0x0801149e                SPI_StructInit
                0x080114b8                I2S_StructInit
                0x080114cc                SPI_Cmd
                0x080114e6                I2S_Cmd
                0x08011500                SPI_I2S_ITConfig
                0x0801151e                SPI_I2S_DMACmd
                0x08011534                SPI_I2S_SendData
                0x08011538                SPI_I2S_ReceiveData
                0x0801153e                SPI_NSSInternalSoftwareConfig
                0x08011558                SPI_SSOutputCmd
                0x08011572                SPI_DataSizeConfig
                0x0801158a                SPI_TransmitCRC
                0x08011596                SPI_CalculateCRC
                0x080115b0                SPI_GetCRC
                0x080115c0                SPI_GetCRCPolynomial
                0x080115c6                SPI_BiDirectionalLineConfig
                0x080115e2                SPI_I2S_GetFlagStatus
                0x080115ee                SPI_I2S_ClearFlag
                0x080115f6                SPI_I2S_GetITStatus
                0x08011620                SPI_I2S_ClearITPendingBit
                0x08011630                I2S_Init
                0x080116da                SPI_I2S_DeInit
 .text          0x0801173c      0xb54 lib/STM32F10x_StdPeriph_Driver/libstm32fw.a(stm32f10x_tim.o)
                0x0801173c                TIM_TimeBaseInit
                0x0801177c                TIM_OC1Init
                0x08011810                TIM_OC2Init
                0x080118ac                TIM_OC3Init
                0x08011944                TIM_OC4Init
                0x080119c0                TIM_BDTRConfig
                0x080119e4                TIM_TimeBaseStructInit
                0x080119f6                TIM_OCStructInit
                0x08011a0a                TIM_ICStructInit
                0x08011a1c                TIM_BDTRStructInit
                0x08011a2e                TIM_Cmd
                0x08011a48                TIM_CtrlPWMOutputs
                0x08011a68                TIM_ITConfig
                0x08011a7e                TIM_GenerateEvent
                0x08011a82                TIM_DMAConfig
                0x08011a8a                TIM_DMACmd
                0x08011aa0                TIM_InternalClockConfig
                0x08011aae                TIM_ETRConfig
                0x08011acc                TIM_ETRClockMode2Config
                0x08011ae0                TIM_ETRClockMode1Config
                0x08011afa                TIM_PrescalerConfig
                0x08011b00                TIM_CounterModeConfig
                0x08011b12                TIM_SelectInputTrigger
                0x08011b24                TIM_ITRxExternalClockConfig
                0x08011b38                TIM_EncoderInterfaceConfig
                0x08011b80                TIM_ForcedOC1Config
                0x08011b92                TIM_ForcedOC2Config
                0x08011ba6                TIM_ForcedOC3Config
                0x08011bb8                TIM_ForcedOC4Config
                0x08011bcc                TIM_ARRPreloadConfig
                0x08011be6                TIM_SelectCOM
                0x08011c00                TIM_SelectCCDMA
                0x08011c1a                TIM_CCPreloadControl
                0x08011c34                TIM_OC1PreloadConfig
                0x08011c46                TIM_OC2PreloadConfig
                0x08011c5a                TIM_OC3PreloadConfig
                0x08011c6c                TIM_OC4PreloadConfig
                0x08011c80                TIM_OC1FastConfig
                0x08011c92                TIM_OC2FastConfig
                0x08011ca6                TIM_OC3FastConfig
                0x08011cb8                TIM_OC4FastConfig
                0x08011ccc                TIM_ClearOC1Ref
                0x08011cde                TIM_ClearOC2Ref
                0x08011cee                TIM_ClearOC3Ref
                0x08011d00                TIM_ClearOC4Ref
                0x08011d10                TIM_OC1PolarityConfig
                0x08011d22                TIM_OC1NPolarityConfig
                0x08011d34                TIM_OC2PolarityConfig
                0x08011d48                TIM_OC2NPolarityConfig
                0x08011d5c                TIM_OC3PolarityConfig
                0x08011d70                TIM_OC3NPolarityConfig
                0x08011d84                TIM_OC4PolarityConfig
                0x08011d98                TIM_CCxCmd
                0x08011dba                TIM_CCxNCmd
                0x08011ddc                TIM_SelectOCxM
                0x08011e2e                TIM_UpdateDisableConfig
                0x08011e48                TIM_UpdateRequestConfig
                0x08011e62                TIM_SelectHallSensor
                0x08011e7c                TIM_SelectOnePulseMode
                0x08011e94                TIM_SelectOutputTrigger
                0x08011eac                TIM_SelectSlaveMode
                0x08011ec4                TIM_SelectMasterSlaveMode
                0x08011edc                TIM_SetCounter
                0x08011ee0                TIM_SetAutoreload
                0x08011ee4                TIM_SetCompare1
                0x08011ee8                TIM_SetCompare2
                0x08011eec                TIM_SetCompare3
                0x08011ef0                TIM_SetCompare4
                0x08011ef6                TIM_SetIC1Prescaler
                0x08011f0e                TIM_SetIC2Prescaler
                0x08011f28                TIM_SetIC3Prescaler
                0x08011f40                TIM_SetIC4Prescaler
                0x08011f5a                TIM_SetClockDivision
                0x08011f6c                TIM_GetCapture1
                0x08011f72                TIM_GetCapture2
                0x08011f78                TIM_GetCapture3
                0x08011f7e                TIM_GetCapture4
                0x08011f86                TIM_GetCounter
                0x08011f8c                TIM_GetPrescaler
                0x08011f92                TIM_GetFlagStatus
                0x08011f9e                TIM_ClearFlag
                0x08011fa6                TIM_GetITStatus
                0x08011fbc                TIM_ClearITPendingBit
                0x0801205c                TIM_TIxExternalClockConfig
                0x0801208a                TIM_PWMIConfig
                0x080120f6                TIM_ICInit
                0x080121c6                TIM_DeInit
 .text          0x08012290      0x384 lib/STM32F10x_StdPeriph_Driver/libstm32fw.a(stm32f10x_usart.o)
                0x08012290                USART_StructInit
                0x080122a8                USART_ClockInit
                0x080122d2                USART_ClockStructInit
                0x080122de                USART_Cmd
                0x080122f8                USART_ITConfig
                0x0801232e                USART_DMACmd
                0x08012344                USART_SetAddress
                0x0801235c                USART_WakeUpConfig
                0x08012374                USART_ReceiverWakeUpCmd
                0x0801238e                USART_LINBreakDetectLengthConfig
                0x080123a6                USART_LINCmd
                0x080123c0                USART_SendData
                0x080123c8                USART_ReceiveData
                0x080123d0                USART_SendBreak
                0x080123dc                USART_SetGuardTime
                0x080123ee                USART_SetPrescaler
                0x08012402                USART_SmartCardCmd
                0x0801241c                USART_SmartCardNACKCmd
                0x08012436                USART_HalfDuplexCmd
                0x08012450                USART_IrDAConfig
                0x08012468                USART_IrDACmd
                0x08012482                USART_GetFlagStatus
                0x0801248e                USART_ClearFlag
                0x08012496                USART_GetITStatus
                0x080124dc                USART_ClearITPendingBit
                0x080124ea                USART_Init
                0x0801257c                USART_DeInit
 .text          0x08012614       0x98 /home/laurence/CodeSourcery/Sourcery_G++_Lite/bin/../lib/gcc/arm-none-eabi/4.4.1/../../../../arm-none-eabi/lib/thumb2/libm.a(lib_a-s_cos.o)
                0x08012614                cos
 .text          0x080126ac       0xa0 /home/laurence/CodeSourcery/Sourcery_G++_Lite/bin/../lib/gcc/arm-none-eabi/4.4.1/../../../../arm-none-eabi/lib/thumb2/libm.a(lib_a-s_sin.o)
                0x080126ac                sin
 .text          0x0801274c       0xac /home/laurence/CodeSourcery/Sourcery_G++_Lite/bin/../lib/gcc/arm-none-eabi/4.4.1/../../../../arm-none-eabi/lib/thumb2/libm.a(lib_a-w_asin.o)
                0x0801274c                asin
 .text          0x080127f8        0x4 /home/laurence/CodeSourcery/Sourcery_G++_Lite/bin/../lib/gcc/arm-none-eabi/4.4.1/../../../../arm-none-eabi/lib/thumb2/libm.a(lib_a-w_atan2.o)
                0x080127f8                atan2
 .text          0x080127fc      0x358 /home/laurence/CodeSourcery/Sourcery_G++_Lite/bin/../lib/gcc/arm-none-eabi/4.4.1/../../../../arm-none-eabi/lib/thumb2/libm.a(lib_a-w_pow.o)
                0x080127fc                pow
 .text          0x08012b54       0xac /home/laurence/CodeSourcery/Sourcery_G++_Lite/bin/../lib/gcc/arm-none-eabi/4.4.1/../../../../arm-none-eabi/lib/thumb2/libm.a(lib_a-w_sqrt.o)
                0x08012b54                sqrt
 .text          0x08012c00       0xa8 /home/laurence/CodeSourcery/Sourcery_G++_Lite/bin/../lib/gcc/arm-none-eabi/4.4.1/../../../../arm-none-eabi/lib/thumb2/libm.a(lib_a-wf_asin.o)
                0x08012c00                asinf
 .text          0x08012ca8        0x4 /home/laurence/CodeSourcery/Sourcery_G++_Lite/bin/../lib/gcc/arm-none-eabi/4.4.1/../../../../arm-none-eabi/lib/thumb2/libm.a(lib_a-wf_atan2.o)
                0x08012ca8                atan2f
 *fill*         0x08012cac        0x4 00
 .text          0x08012cb0      0x420 /home/laurence/CodeSourcery/Sourcery_G++_Lite/bin/../lib/gcc/arm-none-eabi/4.4.1/../../../../arm-none-eabi/lib/thumb2/libm.a(lib_a-e_asin.o)
                0x08012cb0                __ieee754_asin
 .text          0x080130d0      0x220 /home/laurence/CodeSourcery/Sourcery_G++_Lite/bin/../lib/gcc/arm-none-eabi/4.4.1/../../../../arm-none-eabi/lib/thumb2/libm.a(lib_a-e_atan2.o)
                0x080130d0                __ieee754_atan2
 .text          0x080132f0      0xb60 /home/laurence/CodeSourcery/Sourcery_G++_Lite/bin/../lib/gcc/arm-none-eabi/4.4.1/../../../../arm-none-eabi/lib/thumb2/libm.a(lib_a-e_pow.o)
                0x080132f0                __ieee754_pow
 .text          0x08013e50      0x418 /home/laurence/CodeSourcery/Sourcery_G++_Lite/bin/../lib/gcc/arm-none-eabi/4.4.1/../../../../arm-none-eabi/lib/thumb2/libm.a(lib_a-e_rem_pio2.o)
                0x08013e50                __ieee754_rem_pio2
 .text          0x08014268      0x1dc /home/laurence/CodeSourcery/Sourcery_G++_Lite/bin/../lib/gcc/arm-none-eabi/4.4.1/../../../../arm-none-eabi/lib/thumb2/libm.a(lib_a-e_sqrt.o)
                0x08014268                __ieee754_sqrt
 .text          0x08014444      0x318 /home/laurence/CodeSourcery/Sourcery_G++_Lite/bin/../lib/gcc/arm-none-eabi/4.4.1/../../../../arm-none-eabi/lib/thumb2/libm.a(lib_a-ef_asin.o)
                0x08014444                __ieee754_asinf
 .text          0x0801475c      0x158 /home/laurence/CodeSourcery/Sourcery_G++_Lite/bin/../lib/gcc/arm-none-eabi/4.4.1/../../../../arm-none-eabi/lib/thumb2/libm.a(lib_a-ef_atan2.o)
                0x0801475c                __ieee754_atan2f
 .text          0x080148b4       0xb4 /home/laurence/CodeSourcery/Sourcery_G++_Lite/bin/../lib/gcc/arm-none-eabi/4.4.1/../../../../arm-none-eabi/lib/thumb2/libm.a(lib_a-ef_sqrt.o)
                0x080148b4                __ieee754_sqrtf
 .text          0x08014968      0x250 /home/laurence/CodeSourcery/Sourcery_G++_Lite/bin/../lib/gcc/arm-none-eabi/4.4.1/../../../../arm-none-eabi/lib/thumb2/libm.a(lib_a-k_cos.o)
                0x08014968                __kernel_cos
 .text          0x08014bb8      0x7b4 /home/laurence/CodeSourcery/Sourcery_G++_Lite/bin/../lib/gcc/arm-none-eabi/4.4.1/../../../../arm-none-eabi/lib/thumb2/libm.a(lib_a-k_rem_pio2.o)
                0x08014bb8                __kernel_rem_pio2
 *fill*         0x0801536c        0x4 00
 .text          0x08015370      0x170 /home/laurence/CodeSourcery/Sourcery_G++_Lite/bin/../lib/gcc/arm-none-eabi/4.4.1/../../../../arm-none-eabi/lib/thumb2/libm.a(lib_a-k_sin.o)
                0x08015370                __kernel_sin
 .text          0x080154e0      0x348 /home/laurence/CodeSourcery/Sourcery_G++_Lite/bin/../lib/gcc/arm-none-eabi/4.4.1/../../../../arm-none-eabi/lib/thumb2/libm.a(lib_a-s_atan.o)
                0x080154e0                atan
 .text          0x08015828        0x8 /home/laurence/CodeSourcery/Sourcery_G++_Lite/bin/../lib/gcc/arm-none-eabi/4.4.1/../../../../arm-none-eabi/lib/thumb2/libm.a(lib_a-s_fabs.o)
                0x08015828                fabs
 .text          0x08015830       0x10 /home/laurence/CodeSourcery/Sourcery_G++_Lite/bin/../lib/gcc/arm-none-eabi/4.4.1/../../../../arm-none-eabi/lib/thumb2/libm.a(lib_a-s_finite.o)
                0x08015830                finite
 .text          0x08015840      0x128 /home/laurence/CodeSourcery/Sourcery_G++_Lite/bin/../lib/gcc/arm-none-eabi/4.4.1/../../../../arm-none-eabi/lib/thumb2/libm.a(lib_a-s_floor.o)
                0x08015840                floor
 .text          0x08015968       0x1c /home/laurence/CodeSourcery/Sourcery_G++_Lite/bin/../lib/gcc/arm-none-eabi/4.4.1/../../../../arm-none-eabi/lib/thumb2/libm.a(lib_a-s_isnand.o)
                0x08015968                __isnand
 .text          0x08015984        0x4 /home/laurence/CodeSourcery/Sourcery_G++_Lite/bin/../lib/gcc/arm-none-eabi/4.4.1/../../../../arm-none-eabi/lib/thumb2/libm.a(lib_a-s_matherr.o)
                0x08015984                matherr
 .text          0x08015988        0xc /home/laurence/CodeSourcery/Sourcery_G++_Lite/bin/../lib/gcc/arm-none-eabi/4.4.1/../../../../arm-none-eabi/lib/thumb2/libm.a(lib_a-s_nan.o)
                0x08015988                nan
 .text          0x08015994      0x134 /home/laurence/CodeSourcery/Sourcery_G++_Lite/bin/../lib/gcc/arm-none-eabi/4.4.1/../../../../arm-none-eabi/lib/thumb2/libm.a(lib_a-s_rint.o)
                0x08015994                rint
 .text          0x08015ac8      0x118 /home/laurence/CodeSourcery/Sourcery_G++_Lite/bin/../lib/gcc/arm-none-eabi/4.4.1/../../../../arm-none-eabi/lib/thumb2/libm.a(lib_a-s_scalbn.o)
                0x08015ac8                scalbn
 .text          0x08015be0      0x23c /home/laurence/CodeSourcery/Sourcery_G++_Lite/bin/../lib/gcc/arm-none-eabi/4.4.1/../../../../arm-none-eabi/lib/thumb2/libm.a(lib_a-sf_atan.o)
                0x08015be0                atanf
 .text          0x08015e1c        0x8 /home/laurence/CodeSourcery/Sourcery_G++_Lite/bin/../lib/gcc/arm-none-eabi/4.4.1/../../../../arm-none-eabi/lib/thumb2/libm.a(lib_a-sf_fabs.o)
                0x08015e1c                fabsf
 .text          0x08015e24       0x10 /home/laurence/CodeSourcery/Sourcery_G++_Lite/bin/../lib/gcc/arm-none-eabi/4.4.1/../../../../arm-none-eabi/lib/thumb2/libm.a(lib_a-sf_isnan.o)
                0x08015e24                isnanf
 .text          0x08015e34       0x18 /home/laurence/CodeSourcery/Sourcery_G++_Lite/bin/../lib/gcc/arm-none-eabi/4.4.1/../../../../arm-none-eabi/lib/thumb2/libm.a(lib_a-s_copysign.o)
                0x08015e34                copysign
 *fill*         0x08015e4c        0x4 00
 .text          0x08015e50      0x2b0 /home/laurence/CodeSourcery/Sourcery_G++_Lite/bin/../lib/gcc/arm-none-eabi/4.4.1/thumb2/libgcc.a(_divsi3.o)
                0x08015e50                __aeabi_idiv
                0x08015e50                __divsi3
                0x080160e4                __aeabi_idivmod
 .text          0x08016100        0x4 /home/laurence/CodeSourcery/Sourcery_G++_Lite/bin/../lib/gcc/arm-none-eabi/4.4.1/thumb2/libgcc.a(_dvmd_tls.o)
                0x08016100                __aeabi_ldiv0
                0x08016100                __aeabi_idiv0
 .text          0x08016104      0x370 /home/laurence/CodeSourcery/Sourcery_G++_Lite/bin/../lib/gcc/arm-none-eabi/4.4.1/thumb2/libgcc.a(_arm_addsubdf3.o)
                0x08016104                __aeabi_drsub
                0x0801610c                __aeabi_dsub
                0x0801610c                __subdf3
                0x08016110                __adddf3
                0x08016110                __aeabi_dadd
                0x08016388                __aeabi_ui2d
                0x08016388                __floatunsidf
                0x080163a8                __floatsidf
                0x080163a8                __aeabi_i2d
                0x080163cc                __extendsfdf2
                0x080163cc                __aeabi_f2d
                0x08016408                __aeabi_ul2d
                0x08016408                __floatundidf
                0x08016418                __floatdidf
                0x08016418                __aeabi_l2d
 .text          0x08016474      0x424 /home/laurence/CodeSourcery/Sourcery_G++_Lite/bin/../lib/gcc/arm-none-eabi/4.4.1/thumb2/libgcc.a(_arm_muldivdf3.o)
                0x08016474                __aeabi_dmul
                0x08016474                __muldf3
                0x080166c8                __aeabi_ddiv
                0x080166c8                __divdf3
 .text          0x08016898      0x110 /home/laurence/CodeSourcery/Sourcery_G++_Lite/bin/../lib/gcc/arm-none-eabi/4.4.1/thumb2/libgcc.a(_arm_cmpdf2.o)
                0x08016898                __gtdf2
                0x08016898                __gedf2
                0x080168a0                __ltdf2
                0x080168a0                __ledf2
                0x080168a8                __cmpdf2
                0x080168a8                __eqdf2
                0x080168a8                __nedf2
                0x08016924                __aeabi_cdrcmple
                0x08016934                __aeabi_cdcmple
                0x08016934                __aeabi_cdcmpeq
                0x08016944                __aeabi_dcmpeq
                0x08016958                __aeabi_dcmplt
                0x0801696c                __aeabi_dcmple
                0x08016980                __aeabi_dcmpge
                0x08016994                __aeabi_dcmpgt
 .text          0x080169a8       0x50 /home/laurence/CodeSourcery/Sourcery_G++_Lite/bin/../lib/gcc/arm-none-eabi/4.4.1/thumb2/libgcc.a(_arm_fixdfsi.o)
                0x080169a8                __fixdfsi
                0x080169a8                __aeabi_d2iz
 .text          0x080169f8       0x40 /home/laurence/CodeSourcery/Sourcery_G++_Lite/bin/../lib/gcc/arm-none-eabi/4.4.1/thumb2/libgcc.a(_arm_fixunsdfsi.o)
                0x080169f8                __fixunsdfsi
                0x080169f8                __aeabi_d2uiz
 .text          0x08016a38       0xa0 /home/laurence/CodeSourcery/Sourcery_G++_Lite/bin/../lib/gcc/arm-none-eabi/4.4.1/thumb2/libgcc.a(_arm_truncdfsf2.o)
                0x08016a38                __aeabi_d2f
                0x08016a38                __truncdfsf2
 .text          0x08016ad8      0x21c /home/laurence/CodeSourcery/Sourcery_G++_Lite/bin/../lib/gcc/arm-none-eabi/4.4.1/thumb2/libgcc.a(_arm_addsubsf3.o)
                0x08016ad8                __aeabi_frsub
                0x08016ae0                __subsf3
                0x08016ae0                __aeabi_fsub
                0x08016ae4                __aeabi_fadd
                0x08016ae4                __addsf3
                0x08016c44                __aeabi_ui2f
                0x08016c44                __floatunsisf
                0x08016c4c                __aeabi_i2f
                0x08016c4c                __floatsisf
                0x08016c68                __floatundisf
                0x08016c68                __aeabi_ul2f
                0x08016c78                __floatdisf
                0x08016c78                __aeabi_l2f
 .text          0x08016cf4      0x2a0 /home/laurence/CodeSourcery/Sourcery_G++_Lite/bin/../lib/gcc/arm-none-eabi/4.4.1/thumb2/libgcc.a(_arm_muldivsf3.o)
                0x08016cf4                __mulsf3
                0x08016cf4                __aeabi_fmul
                0x08016e5c                __divsf3
                0x08016e5c                __aeabi_fdiv
 .text          0x08016f94       0xec /home/laurence/CodeSourcery/Sourcery_G++_Lite/bin/../lib/gcc/arm-none-eabi/4.4.1/thumb2/libgcc.a(_arm_cmpsf2.o)
                0x08016f94                __gtsf2
                0x08016f94                __gesf2
                0x08016f9c                __lesf2
                0x08016f9c                __ltsf2
                0x08016fa4                __nesf2
                0x08016fa4                __eqsf2
                0x08016fa4                __cmpsf2
                0x08017004                __aeabi_cfrcmple
                0x0801700c                __aeabi_cfcmple
                0x0801700c                __aeabi_cfcmpeq
                0x0801701c                __aeabi_fcmpeq
                0x08017030                __aeabi_fcmplt
                0x08017044                __aeabi_fcmple
                0x08017058                __aeabi_fcmpge
                0x0801706c                __aeabi_fcmpgt
 .text          0x08017080       0x4c /home/laurence/CodeSourcery/Sourcery_G++_Lite/bin/../lib/gcc/arm-none-eabi/4.4.1/thumb2/libgcc.a(_arm_fixsfsi.o)
                0x08017080                __fixsfsi
                0x08017080                __aeabi_f2iz
 .text          0x080170cc       0x40 /home/laurence/CodeSourcery/Sourcery_G++_Lite/bin/../lib/gcc/arm-none-eabi/4.4.1/thumb2/libgcc.a(_arm_fixunssfsi.o)
                0x080170cc                __aeabi_f2uiz
                0x080170cc                __fixunssfsi
 .text          0x0801710c       0x38 /home/laurence/CodeSourcery/Sourcery_G++_Lite/bin/../lib/gcc/arm-none-eabi/4.4.1/thumb2/libgcc.a(_aeabi_ldivmod.o)
                0x0801710c                __aeabi_ldivmod
 .text          0x08017144       0x2c /home/laurence/CodeSourcery/Sourcery_G++_Lite/bin/../lib/gcc/arm-none-eabi/4.4.1/thumb2/libgcc.a(_fixsfdi.o)
                0x08017144                __aeabi_f2lz
                0x08017144                __fixsfdi
 .text          0x08017170       0x48 /home/laurence/CodeSourcery/Sourcery_G++_Lite/bin/../lib/gcc/arm-none-eabi/4.4.1/thumb2/libgcc.a(_fixunssfdi.o)
                0x08017170                __aeabi_f2ulz
                0x08017170                __fixunssfdi
 .text          0x080171b8       0x58 /home/laurence/CodeSourcery/Sourcery_G++_Lite/bin/../lib/gcc/arm-none-eabi/4.4.1/thumb2/libgcc.a(bpabi.o)
                0x080171b8                __gnu_uldivmod_helper
                0x080171e4                __gnu_ldivmod_helper
 .text          0x08017210      0x364 /home/laurence/CodeSourcery/Sourcery_G++_Lite/bin/../lib/gcc/arm-none-eabi/4.4.1/thumb2/libgcc.a(_divdi3.o)
                0x08017210                __divdi3
 .text          0x08017574      0x300 /home/laurence/CodeSourcery/Sourcery_G++_Lite/bin/../lib/gcc/arm-none-eabi/4.4.1/thumb2/libgcc.a(_udivdi3.o)
                0x08017574                __udivdi3
 *fill*         0x08017874        0x4 00
 .text          0x08017878      0x278 /home/laurence/CodeSourcery/Sourcery_G++_Lite/bin/../lib/gcc/arm-none-eabi/4.4.1/thumb2/libgcc.a(_udivsi3.o)
                0x08017878                __udivsi3
                0x08017878                __aeabi_uidiv
                0x08017ad4                __aeabi_uidivmod
 .text          0x08017af0        0xc /home/laurence/CodeSourcery/Sourcery_G++_Lite/bin/../lib/gcc/arm-none-eabi/4.4.1/../../../../arm-none-eabi/lib/thumb2/libc.a(lib_a-errno.o)
                0x08017af0                __errno
 .text          0x08017afc       0x20 /home/laurence/CodeSourcery/Sourcery_G++_Lite/bin/../lib/gcc/arm-none-eabi/4.4.1/../../../../arm-none-eabi/lib/thumb2/libc.a(lib_a-malloc.o)
                0x08017afc                free
                0x08017b0c                malloc
 .text          0x08017b1c      0x5a4 /home/laurence/CodeSourcery/Sourcery_G++_Lite/bin/../lib/gcc/arm-none-eabi/4.4.1/../../../../arm-none-eabi/lib/thumb2/libc.a(lib_a-mallocr.o)
                0x08017b1c                _malloc_r
 .text          0x080180c0      0x190 /home/laurence/CodeSourcery/Sourcery_G++_Lite/bin/../lib/gcc/arm-none-eabi/4.4.1/../../../../arm-none-eabi/lib/thumb2/libc.a(lib_a-memcpy.o)
                0x080180c0                memcpy
 .text          0x08018250        0x8 /home/laurence/CodeSourcery/Sourcery_G++_Lite/bin/../lib/gcc/arm-none-eabi/4.4.1/../../../../arm-none-eabi/lib/thumb2/libc.a(lib_a-mlock.o)
                0x08018250                __malloc_lock
                0x08018254                __malloc_unlock
 .text          0x08018258       0x28 /home/laurence/CodeSourcery/Sourcery_G++_Lite/bin/../lib/gcc/arm-none-eabi/4.4.1/../../../../arm-none-eabi/lib/thumb2/libc.a(lib_a-sbrkr.o)
                0x08018258                _sbrk_r
 .text          0x08018280       0xbc /home/laurence/CodeSourcery/Sourcery_G++_Lite/bin/../lib/gcc/arm-none-eabi/4.4.1/../../../../arm-none-eabi/lib/thumb2/libc.a(lib_a-strcpy.o)
                0x08018280                strcpy
 .text          0x0801833c      0x268 /home/laurence/CodeSourcery/Sourcery_G++_Lite/bin/../lib/gcc/arm-none-eabi/4.4.1/../../../../arm-none-eabi/lib/thumb2/libc.a(lib_a-freer.o)
                0x0801833c                _malloc_trim_r
                0x080183e4                _free_r
 .text          0x080185a4       0x30 /home/laurence/CodeSourcery/Sourcery_G++_Lite/bin/../lib/gcc/arm-none-eabi/4.4.1/../../../../arm-none-eabi/lib/thumb2/libcs3.a(start_c.o)
                0x080185a4                __cs3_premain
 .text.cs3.init
                0x080185d4       0x5c /home/laurence/CodeSourcery/Sourcery_G++_Lite/bin/../lib/gcc/arm-none-eabi/4.4.1/../../../../arm-none-eabi/lib/thumb2/libcs3.a(start_c.o)
                0x080185d4                __cs3_start_c
 .text          0x08018630       0x44 /home/laurence/CodeSourcery/Sourcery_G++_Lite/bin/../lib/gcc/arm-none-eabi/4.4.1/../../../../arm-none-eabi/lib/thumb2/libcs3unhosted.a(unhosted-sbrk.o)
                0x08018630                _sbrk
 .text.cs3.init
                0x08018674       0x10 /home/laurence/CodeSourcery/Sourcery_G++_Lite/bin/../lib/gcc/arm-none-eabi/4.4.1/../../../../arm-none-eabi/lib/thumb2/libcs3unhosted.a(unhosted-start.o)
                0x08018674                _start
 .text          0x08018684        0x2 lib/libcs3-lanchon-stm32.a(lanchon_stm32_isr_interrupt.o)
                0x08018684                MemManageException
                0x08018684                BusFaultException
                0x08018684                DMAChannel7_IRQHandler
                0x08018684                DebugMonitor
                0x08018684                SVCHandler
                0x08018684                HardFaultException
                0x08018684                __STM32ReservedException8
                0x08018684                USB_HP_CAN_TX_IRQHandler
                0x08018684                __STM32DefaultExceptionHandler
                0x08018684                DMAChannel1_IRQHandler
                0x08018684                CAN_SCE_IRQHandler
                0x08018684                __STM32ReservedException10
                0x08018684                __STM32ReservedException13
                0x08018684                NMIException
                0x08018684                DMAChannel4_IRQHandler
                0x08018684                SysTickHandler
                0x08018684                PendSVC
                0x08018684                CAN_RX1_IRQHandler
                0x08018684                ADC_IRQHandler
                0x08018684                DMAChannel5_IRQHandler
                0x08018684                DMAChannel2_IRQHandler
                0x08018684                USB_LP_CAN_RX0_IRQHandler
                0x08018684                __STM32ReservedException7
                0x08018684                UsageFaultException
                0x08018684                DMAChannel6_IRQHandler
                0x08018684                DMAChannel3_IRQHandler
                0x08018684                __STM32ReservedException9
 *fill*         0x08018686        0x2 00
 .text          0x08018688       0x50 /home/laurence/CodeSourcery/Sourcery_G++_Lite/bin/../lib/gcc/arm-none-eabi/4.4.1/../../../../arm-none-eabi/lib/thumb2/libc.a(lib_a-init.o)
                0x08018688                __libc_init_array
 *(.plt)
 *(.gnu.warning)
 *(.glue_7t)
 .glue_7t       0x00000000        0x0 linker stubs
 *(.glue_7)
 .glue_7        0x00000000        0x0 linker stubs
 *(.vfp11_veneer)
 .vfp11_veneer  0x00000000        0x0 linker stubs
 *(.rodata .rodata.* .gnu.linkonce.r.*)
 .rodata        0x080186d8        0x8 Sensors/bmp085.o
 .rodata        0x080186e0      0x888 Sensors/earth_field.o
 .rodata.str1.1
                0x08018f68        0x9 Sensors/earth_field.o
 *fill*         0x08018f71        0x3 00
 .rodata        0x08018f74        0x8 Sensors/pitot.o
 .rodata        0x08018f7c       0xc4 Sensors/ubx.o
 .rodata.str1.1
                0x08019040      0x13b Sensors/ubx.o
 .rodata.str1.1
                0x0801917b        0xf Util/Fatfs/ff.o
 *fill*         0x0801918a        0x2 00
 .rodata        0x0801918c        0xc Util/Fatfs/rtc.o
 .rodata        0x08019198      0x100 Util/crc.o
 .rodata        0x08019298       0x14 Util/rprintf.o
 .rodata.str1.1
                0x080192ac        0x6 Util/rprintf.o
 *fill*         0x080192b2        0x2 00
 .rodata        0x080192b4       0x20 Util/uavtalk.o
                0x080192b4                UAVtalk_objects
                0x080192cc                UAVtalk_lenghts
 .rodata        0x080192d4       0x1c i2c.o
 .rodata        0x080192f0       0x14 lib/CMSIS_CM3/system_stm32f10x.o
                0x080192f0                SystemFrequency
                0x080192f4                SystemFrequency_SysClk
                0x080192f8                SystemFrequency_AHBClk
                0x080192fc                SystemFrequency_APB1Clk
                0x08019300                SystemFrequency_APB2Clk
 .rodata        0x08019304       0x60 main.o
 .rodata.str1.1
                0x08019364      0x271 main.o
 *fill*         0x080195d5        0x3 00
 .rodata        0x080195d8       0x90 Control/imu.o
 .rodata.str1.4
                0x08019668        0x5 /home/laurence/CodeSourcery/Sourcery_G++_Lite/bin/../lib/gcc/arm-none-eabi/4.4.1/../../../../arm-none-eabi/lib/thumb2/libm.a(lib_a-w_asin.o)
                                  0xc (size before relaxing)
 *fill*         0x0801966d        0x3 00
 .rodata.str1.4
                0x08019670        0x4 /home/laurence/CodeSourcery/Sourcery_G++_Lite/bin/../lib/gcc/arm-none-eabi/4.4.1/../../../../arm-none-eabi/lib/thumb2/libm.a(lib_a-w_pow.o)
 .rodata.str1.4
                0x08019674        0x5 /home/laurence/CodeSourcery/Sourcery_G++_Lite/bin/../lib/gcc/arm-none-eabi/4.4.1/../../../../arm-none-eabi/lib/thumb2/libm.a(lib_a-w_sqrt.o)
                                  0x8 (size before relaxing)
 *fill*         0x08019679        0x3 00
 .rodata.str1.4
                0x0801967c        0x6 /home/laurence/CodeSourcery/Sourcery_G++_Lite/bin/../lib/gcc/arm-none-eabi/4.4.1/../../../../arm-none-eabi/lib/thumb2/libm.a(lib_a-wf_asin.o)
                                  0xc (size before relaxing)
 *fill*         0x08019682        0x6 00
 .rodata        0x08019688       0x30 /home/laurence/CodeSourcery/Sourcery_G++_Lite/bin/../lib/gcc/arm-none-eabi/4.4.1/../../../../arm-none-eabi/lib/thumb2/libm.a(lib_a-e_pow.o)
 .rodata.str1.4
                0x00000000        0x4 /home/laurence/CodeSourcery/Sourcery_G++_Lite/bin/../lib/gcc/arm-none-eabi/4.4.1/../../../../arm-none-eabi/lib/thumb2/libm.a(lib_a-e_pow.o)
 .rodata        0x080196b8      0x188 /home/laurence/CodeSourcery/Sourcery_G++_Lite/bin/../lib/gcc/arm-none-eabi/4.4.1/../../../../arm-none-eabi/lib/thumb2/libm.a(lib_a-e_rem_pio2.o)
 .rodata        0x08019840       0x50 /home/laurence/CodeSourcery/Sourcery_G++_Lite/bin/../lib/gcc/arm-none-eabi/4.4.1/../../../../arm-none-eabi/lib/thumb2/libm.a(lib_a-k_rem_pio2.o)
 .rodata        0x08019890       0x40 /home/laurence/CodeSourcery/Sourcery_G++_Lite/bin/../lib/gcc/arm-none-eabi/4.4.1/../../../../arm-none-eabi/lib/thumb2/libm.a(lib_a-s_atan.o)
 .rodata        0x080198d0       0x10 /home/laurence/CodeSourcery/Sourcery_G++_Lite/bin/../lib/gcc/arm-none-eabi/4.4.1/../../../../arm-none-eabi/lib/thumb2/libm.a(lib_a-s_rint.o)
 .rodata        0x080198e0       0x20 /home/laurence/CodeSourcery/Sourcery_G++_Lite/bin/../lib/gcc/arm-none-eabi/4.4.1/../../../../arm-none-eabi/lib/thumb2/libm.a(lib_a-sf_atan.o)
 .rodata.str1.4
                0x08019900        0x4 /home/laurence/CodeSourcery/Sourcery_G++_Lite/bin/../lib/gcc/arm-none-eabi/4.4.1/../../../../arm-none-eabi/lib/thumb2/libc.a(lib_a-impure.o)
 *(.ARM.extab* .gnu.linkonce.armextab.*)
 *(.gcc_except_table)
 *(.eh_frame_hdr)
 *(.eh_frame)
                0x08019904                . = ALIGN (0x4)
 *(.init)
 .init          0x08019904        0x4 /home/laurence/CodeSourcery/Sourcery_G++_Lite/bin/../lib/gcc/arm-none-eabi/4.4.1/thumb2/crti.o
                0x08019904                _init
 .init          0x08019908        0x8 /home/laurence/CodeSourcery/Sourcery_G++_Lite/bin/../lib/gcc/arm-none-eabi/4.4.1/thumb2/crtn.o
                0x08019910                . = ALIGN (0x4)
                0x08019910                __preinit_array_start = .
 *(.preinit_array)
                0x08019910                __preinit_array_end = .
                0x08019910                . = ALIGN (0x4)
                0x08019910                __init_array_start = .
 *(SORT(.init_array.*))
 *(.init_array)
 .init_array    0x08019910        0x4 /home/laurence/CodeSourcery/Sourcery_G++_Lite/bin/../lib/gcc/arm-none-eabi/4.4.1/thumb2/crtbegin.o
                0x08019914                __init_array_end = .
                0x08019914                . = ALIGN (0x4)
 *crtbegin.o(.ctors)
 *(EXCLUDE_FILE(*crtend.o) .ctors)
 *(SORT(.ctors.*))
 *crtend.o(.ctors)
                0x08019914                . = ALIGN (0x4)
 *(.fini)
 .fini          0x08019914        0x4 /home/laurence/CodeSourcery/Sourcery_G++_Lite/bin/../lib/gcc/arm-none-eabi/4.4.1/thumb2/crti.o
                0x08019914                _fini
 .fini          0x08019918        0x8 /home/laurence/CodeSourcery/Sourcery_G++_Lite/bin/../lib/gcc/arm-none-eabi/4.4.1/thumb2/crtn.o
                0x08019920                . = ALIGN (0x4)
                0x08019920                __fini_array_start = .
 *(.fini_array)
 .fini_array    0x08019920        0x4 /home/laurence/CodeSourcery/Sourcery_G++_Lite/bin/../lib/gcc/arm-none-eabi/4.4.1/thumb2/crtbegin.o
 *(SORT(.fini_array.*))
                0x08019924                __fini_array_end = .
 *crtbegin.o(.dtors)
 *(EXCLUDE_FILE(*crtend.o) .dtors)
 *(SORT(.dtors.*))
 *crtend.o(.dtors)
                0x08019924                . = ALIGN (0x4)
                0x08019924                __cs3_regions = .
                0x08019924        0x4 LONG 0x0
                0x08019928        0x4 LONG 0x8019940 __cs3_region_init_ram
                0x0801992c        0x4 LONG 0x20000000 __cs3_region_start_ram
                0x08019930        0x4 LONG 0x618 __cs3_region_init_size_ram
                0x08019934        0x4 LONG 0x1458 __cs3_region_zero_size_ram
                0x08019938                __exidx_start = .

.v4_bx          0x08019938        0x0
 .v4_bx         0x00000000        0x0 linker stubs

.ARM.exidx      0x08019938        0x8
 *(.ARM.exidx* .gnu.linkonce.armexidx.*)
 .ARM.exidx     0x08019938        0x8 /home/laurence/CodeSourcery/Sourcery_G++_Lite/bin/../lib/gcc/arm-none-eabi/4.4.1/thumb2/libgcc.a(_divdi3.o)
 .ARM.exidx     0x08019940        0x0 /home/laurence/CodeSourcery/Sourcery_G++_Lite/bin/../lib/gcc/arm-none-eabi/4.4.1/thumb2/libgcc.a(_udivdi3.o)
                                  0x8 (size before relaxing)
                0x08019940                __exidx_end = .

.text.align     0x08019940        0x0
                0x08019940                . = ALIGN (0x8)
                0x08019940                _etext = .
                0x08020000                __cs3_region_end_rom = (__cs3_region_start_rom + 0x20000)
                0x00020000                __cs3_region_size_rom = 0x20000
                0x00000001                __cs3_region_num = 0x1

.data           0x20000000      0x618 load address 0x08019940
                0x20000000                __cs3_region_start_ram = .
 *(.cs3.region-head.ram)
 *(.jcr)
 .jcr           0x20000000        0x0 /home/laurence/CodeSourcery/Sourcery_G++_Lite/bin/../lib/gcc/arm-none-eabi/4.4.1/thumb2/crtbegin.o
 .jcr           0x20000000        0x4 /home/laurence/CodeSourcery/Sourcery_G++_Lite/bin/../lib/gcc/arm-none-eabi/4.4.1/thumb2/crtend.o
 *(.got.plt)
 *(.got)
 *(.shdata)
 *(.data .data.* .gnu.linkonce.d.*)
 .data          0x20000004        0x1 Util/Fatfs/sd_spi_stm32.o
 *fill*         0x20000005        0x3 00
 .data          0x20000008       0x30 Util/uavtalk.o
                0x20000008                UAVtalk_conf
                0x2000002c                UAVtalk_stream_objs
                0x20000030                UAVtalk_stream_timeouts
 .data          0x20000038        0x4 Control/ekf.o
                0x20000038                Ge
 .data          0x2000003c       0xb4 Control/imu.o
 .data          0x200000f0       0x14 lib/STM32F10x_StdPeriph_Driver/libstm32fw.a(stm32f10x_rcc.o)
 .data          0x20000104        0x1 /home/laurence/CodeSourcery/Sourcery_G++_Lite/bin/../lib/gcc/arm-none-eabi/4.4.1/../../../../arm-none-eabi/lib/thumb2/libm.a(lib_a-s_lib_ver.o)
                0x20000104                __fdlib_version
 *fill*         0x20000105        0x3 00
 .data          0x20000108       0xf4 /home/laurence/CodeSourcery/Sourcery_G++_Lite/bin/../lib/gcc/arm-none-eabi/4.4.1/../../../../arm-none-eabi/lib/thumb2/libc.a(lib_a-impure.o)
                0x20000108                _impure_ptr
 .data          0x200001fc      0x410 /home/laurence/CodeSourcery/Sourcery_G++_Lite/bin/../lib/gcc/arm-none-eabi/4.4.1/../../../../arm-none-eabi/lib/thumb2/libc.a(lib_a-mallocr.o)
                0x200001fc                __malloc_av_
                0x20000604                __malloc_sbrk_base
                0x20000608                __malloc_trim_threshold
 .data          0x2000060c        0x4 /home/laurence/CodeSourcery/Sourcery_G++_Lite/bin/../lib/gcc/arm-none-eabi/4.4.1/../../../../arm-none-eabi/lib/thumb2/libcs3unhosted.a(unhosted-sbrk.o)
 .data          0x20000610        0x4 /home/laurence/CodeSourcery/Sourcery_G++_Lite/bin/../lib/gcc/arm-none-eabi/4.4.1/../../../../arm-none-eabi/lib/thumb2/libcs3.a(heap.o)
                0x20000610                __cs3_heap_limit
 *(.ram)
                0x20000618                . = ALIGN (0x8)
 *fill*         0x20000614        0x4 00
                0x20000618                _edata = .

.bss            0x20000618     0x1458 load address 0x08019f58
 *(.shbss)
 *(.bss .bss.* .gnu.linkonce.b.*)
 .bss           0x20000618        0x1 /home/laurence/CodeSourcery/Sourcery_G++_Lite/bin/../lib/gcc/arm-none-eabi/4.4.1/thumb2/crtbegin.o
 *fill*         0x20000619        0x3 00
 .bss           0x2000061c       0x20 Sensors/bmp085.o
                0x2000061c                Sea_Level_Pressure
                0x20000620                Our_Sensorcal
                0x20000638                Bmp_temp
 .bss           0x2000063c        0xc Sensors/earth_field.o
 .bss           0x20000648        0xa Sensors/ubx.o
 *fill*         0x20000652        0x2 00
 .bss           0x20000654        0x8 Util/Fatfs/ff.o
 .bss           0x2000065c       0x10 Util/Fatfs/sd_spi_stm32.o
 .bss           0x2000066c       0x84 Util/rprintf.o
 .bss           0x200006f0       0x24 Util/uavtalk.o
                0x200006f4                UAVtalk_semaphores
                0x200006fc                UAVtalk_pointers
 .bss           0x20000714      0x694 main.o
                0x20000714                Gps_Buffer
                0x20000818                Gps
                0x2000084c                Home_Position
                0x2000089c                Long_To_Meters_Home
                0x20000ad0                f_err_code
                0x20000ad4                UAVtalk_Attitude_Array
                0x20000af0                Nav_Global
                0x20000b24                UAVtalk_Altitude_Array
                0x20000b30                Waypoint_Global
                0x20000b3c                Usart1tx
                0x20000c40                Usart1rx
                0x20000d44                Millis
                0x20000d48                uavtalk_usart_port
                0x20000d98                Nav_Flag
                0x20000d9c                New_Waypoint_Flagged
                0x20000da0                Ground_Flag
                0x20000da4                Balt
 .bss           0x20000da8       0x1c pwm.o
                0x20000da8                TIM_TimeBaseStructure
                0x20000db4                TIM_OCInitStructure
 .bss           0x20000dc4      0xbf8 Control/ekf.o
                0x20000dc4                Be
                0x20000dd0                P
                0x20001074                X
                0x200010a8                Q
                0x200010cc                R
                0x200010f4                F
                0x20001398                G
                0x2000156c                K
                0x20001774                H
                0x2000197c                Nav
                0x200019b0                zeros
 .bss           0x200019bc       0x78 Control/imu.o
 .bss           0x20001a34       0x34 /home/laurence/CodeSourcery/Sourcery_G++_Lite/bin/../lib/gcc/arm-none-eabi/4.4.1/../../../../arm-none-eabi/lib/thumb2/libc.a(lib_a-mallocr.o)
                0x20001a34                __malloc_top_pad
                0x20001a38                __malloc_current_mallinfo
                0x20001a60                __malloc_max_sbrked_mem
                0x20001a64                __malloc_max_total_mem
 *(COMMON)
 COMMON         0x20001a68        0x4 /home/laurence/CodeSourcery/Sourcery_G++_Lite/bin/../lib/gcc/arm-none-eabi/4.4.1/../../../../arm-none-eabi/lib/thumb2/libc.a(lib_a-reent.o)
                0x20001a68                errno
 *(.ram.b)
                0x20001a70                . = ALIGN (0x8)
 *fill*         0x20001a6c        0x4 00
                0x20001a70                _end = .
                0x20001a70                __end = .
                0x20005000                __cs3_region_end_ram = (__cs3_region_start_ram + 0x5000)
                0x00005000                __cs3_region_size_ram = 0x5000
                0x08019940                __cs3_region_init_ram = LOADADDR (.data)
                0x00000618                __cs3_region_init_size_ram = (_edata - ADDR (.data))
                0x00001458                __cs3_region_zero_size_ram = (_end - _edata)
                0x00000001                __cs3_region_num = 0x1

.stab
 *(.stab)

.stabstr
 *(.stabstr)

.debug
 *(.debug)

.line
 *(.line)

.debug_srcinfo
 *(.debug_srcinfo)

.debug_sfnames
 *(.debug_sfnames)

.debug_aranges
 *(.debug_aranges)

.debug_pubnames
 *(.debug_pubnames)

.debug_info
 *(.debug_info .gnu.linkonce.wi.*)

.debug_abbrev
 *(.debug_abbrev)

.debug_line
 *(.debug_line)

.comment        0x00000000      0x764
 .comment       0x00000000       0x2b Sensors/bmp085.o
 .comment       0x0000002b       0x2b Sensors/earth_field.o
 .comment       0x00000056       0x2b Sensors/pitot.o
 .comment       0x00000081       0x2b Sensors/ubx.o
 .comment       0x000000ac       0x2b Util/Fatfs/fattime.o
 .comment       0x000000d7       0x2b Util/Fatfs/ff.o
 .comment       0x00000102       0x2b Util/Fatfs/rtc.o
 .comment       0x0000012d       0x2b Util/Fatfs/sd_spi_stm32.o
 .comment       0x00000158       0x2b Util/atmospherics.o
 .comment       0x00000183       0x2b Util/coords.o
 .comment       0x000001ae       0x2b Util/crc.o
 .comment       0x000001d9       0x2b Util/delay.o
 .comment       0x00000204       0x2b Util/gravity.o
 .comment       0x0000022f       0x2b Util/rprintf.o
 .comment       0x0000025a       0x2b Util/time.o
 .comment       0x00000285       0x2b Util/uavtalk.o
 .comment       0x000002b0       0x2b dma.o
 .comment       0x000002db       0x2b gpio.o
 .comment       0x00000306       0x2b i2c.o
 .comment       0x00000331       0x2b interrupts.o
 .comment       0x0000035c       0x2b lib/CMSIS_CM3/core_cm3.o
 .comment       0x00000387       0x2b lib/CMSIS_CM3/system_stm32f10x.o
 .comment       0x000003b2       0x2b main.o
 .comment       0x000003dd       0x2b pwm.o
 .comment       0x00000408       0x2b usart.o
 .comment       0x00000433       0x2b watchdog.o
 .comment       0x0000045e       0x2b Control/ekf.o
 .comment       0x00000489       0x2b Control/imu.o
 .comment       0x000004b4       0x2b Control/loops.o
 .comment       0x000004df       0x2b Control/sensorcal.o
 .comment       0x0000050a       0x2b Control/servos.o
 .comment       0x00000535       0x2b lib/STM32F10x_StdPeriph_Driver/libstm32fw.a(misc.o)
 .comment       0x00000560       0x2b lib/STM32F10x_StdPeriph_Driver/libstm32fw.a(stm32f10x_bkp.o)
 .comment       0x0000058b       0x2b lib/STM32F10x_StdPeriph_Driver/libstm32fw.a(stm32f10x_dma.o)
 .comment       0x000005b6       0x2b lib/STM32F10x_StdPeriph_Driver/libstm32fw.a(stm32f10x_exti.o)
 .comment       0x000005e1       0x2b lib/STM32F10x_StdPeriph_Driver/libstm32fw.a(stm32f10x_gpio.o)
 .comment       0x0000060c       0x2b lib/STM32F10x_StdPeriph_Driver/libstm32fw.a(stm32f10x_i2c.o)
 .comment       0x00000637       0x2b lib/STM32F10x_StdPeriph_Driver/libstm32fw.a(stm32f10x_iwdg.o)
 .comment       0x00000662       0x2b lib/STM32F10x_StdPeriph_Driver/libstm32fw.a(stm32f10x_pwr.o)
 .comment       0x0000068d       0x2b lib/STM32F10x_StdPeriph_Driver/libstm32fw.a(stm32f10x_rcc.o)
 .comment       0x000006b8       0x2b lib/STM32F10x_StdPeriph_Driver/libstm32fw.a(stm32f10x_rtc.o)
 .comment       0x000006e3       0x2b lib/STM32F10x_StdPeriph_Driver/libstm32fw.a(stm32f10x_spi.o)
 .comment       0x0000070e       0x2b lib/STM32F10x_StdPeriph_Driver/libstm32fw.a(stm32f10x_tim.o)
 .comment       0x00000739       0x2b lib/STM32F10x_StdPeriph_Driver/libstm32fw.a(stm32f10x_usart.o)

.debug_frame    0x00000000      0x9dc
 *(.debug_frame)
 .debug_frame   0x00000000       0x34 /home/laurence/CodeSourcery/Sourcery_G++_Lite/bin/../lib/gcc/arm-none-eabi/4.4.1/../../../../arm-none-eabi/lib/thumb2/libm.a(lib_a-s_cos.o)
 .debug_frame   0x00000034       0x34 /home/laurence/CodeSourcery/Sourcery_G++_Lite/bin/../lib/gcc/arm-none-eabi/4.4.1/../../../../arm-none-eabi/lib/thumb2/libm.a(lib_a-s_sin.o)
 .debug_frame   0x00000068       0x38 /home/laurence/CodeSourcery/Sourcery_G++_Lite/bin/../lib/gcc/arm-none-eabi/4.4.1/../../../../arm-none-eabi/lib/thumb2/libm.a(lib_a-w_asin.o)
 .debug_frame   0x000000a0       0x20 /home/laurence/CodeSourcery/Sourcery_G++_Lite/bin/../lib/gcc/arm-none-eabi/4.4.1/../../../../arm-none-eabi/lib/thumb2/libm.a(lib_a-w_atan2.o)
 .debug_frame   0x000000c0       0x3c /home/laurence/CodeSourcery/Sourcery_G++_Lite/bin/../lib/gcc/arm-none-eabi/4.4.1/../../../../arm-none-eabi/lib/thumb2/libm.a(lib_a-w_pow.o)
 .debug_frame   0x000000fc       0x3c /home/laurence/CodeSourcery/Sourcery_G++_Lite/bin/../lib/gcc/arm-none-eabi/4.4.1/../../../../arm-none-eabi/lib/thumb2/libm.a(lib_a-w_sqrt.o)
 .debug_frame   0x00000138       0x34 /home/laurence/CodeSourcery/Sourcery_G++_Lite/bin/../lib/gcc/arm-none-eabi/4.4.1/../../../../arm-none-eabi/lib/thumb2/libm.a(lib_a-wf_asin.o)
 .debug_frame   0x0000016c       0x20 /home/laurence/CodeSourcery/Sourcery_G++_Lite/bin/../lib/gcc/arm-none-eabi/4.4.1/../../../../arm-none-eabi/lib/thumb2/libm.a(lib_a-wf_atan2.o)
 .debug_frame   0x0000018c       0x3c /home/laurence/CodeSourcery/Sourcery_G++_Lite/bin/../lib/gcc/arm-none-eabi/4.4.1/../../../../arm-none-eabi/lib/thumb2/libm.a(lib_a-e_asin.o)
 .debug_frame   0x000001c8       0x3c /home/laurence/CodeSourcery/Sourcery_G++_Lite/bin/../lib/gcc/arm-none-eabi/4.4.1/../../../../arm-none-eabi/lib/thumb2/libm.a(lib_a-e_atan2.o)
 .debug_frame   0x00000204       0x3c /home/laurence/CodeSourcery/Sourcery_G++_Lite/bin/../lib/gcc/arm-none-eabi/4.4.1/../../../../arm-none-eabi/lib/thumb2/libm.a(lib_a-e_pow.o)
 .debug_frame   0x00000240       0x3c /home/laurence/CodeSourcery/Sourcery_G++_Lite/bin/../lib/gcc/arm-none-eabi/4.4.1/../../../../arm-none-eabi/lib/thumb2/libm.a(lib_a-e_rem_pio2.o)
 .debug_frame   0x0000027c       0x34 /home/laurence/CodeSourcery/Sourcery_G++_Lite/bin/../lib/gcc/arm-none-eabi/4.4.1/../../../../arm-none-eabi/lib/thumb2/libm.a(lib_a-e_sqrt.o)
 .debug_frame   0x000002b0       0x34 /home/laurence/CodeSourcery/Sourcery_G++_Lite/bin/../lib/gcc/arm-none-eabi/4.4.1/../../../../arm-none-eabi/lib/thumb2/libm.a(lib_a-ef_asin.o)
 .debug_frame   0x000002e4       0x2c /home/laurence/CodeSourcery/Sourcery_G++_Lite/bin/../lib/gcc/arm-none-eabi/4.4.1/../../../../arm-none-eabi/lib/thumb2/libm.a(lib_a-ef_atan2.o)
 .debug_frame   0x00000310       0x2c /home/laurence/CodeSourcery/Sourcery_G++_Lite/bin/../lib/gcc/arm-none-eabi/4.4.1/../../../../arm-none-eabi/lib/thumb2/libm.a(lib_a-ef_sqrt.o)
 .debug_frame   0x0000033c       0x3c /home/laurence/CodeSourcery/Sourcery_G++_Lite/bin/../lib/gcc/arm-none-eabi/4.4.1/../../../../arm-none-eabi/lib/thumb2/libm.a(lib_a-k_cos.o)
 .debug_frame   0x00000378       0x3c /home/laurence/CodeSourcery/Sourcery_G++_Lite/bin/../lib/gcc/arm-none-eabi/4.4.1/../../../../arm-none-eabi/lib/thumb2/libm.a(lib_a-k_rem_pio2.o)
 .debug_frame   0x000003b4       0x3c /home/laurence/CodeSourcery/Sourcery_G++_Lite/bin/../lib/gcc/arm-none-eabi/4.4.1/../../../../arm-none-eabi/lib/thumb2/libm.a(lib_a-k_sin.o)
 .debug_frame   0x000003f0       0x38 /home/laurence/CodeSourcery/Sourcery_G++_Lite/bin/../lib/gcc/arm-none-eabi/4.4.1/../../../../arm-none-eabi/lib/thumb2/libm.a(lib_a-s_atan.o)
 .debug_frame   0x00000428       0x20 /home/laurence/CodeSourcery/Sourcery_G++_Lite/bin/../lib/gcc/arm-none-eabi/4.4.1/../../../../arm-none-eabi/lib/thumb2/libm.a(lib_a-s_fabs.o)
 .debug_frame   0x00000448       0x20 /home/laurence/CodeSourcery/Sourcery_G++_Lite/bin/../lib/gcc/arm-none-eabi/4.4.1/../../../../arm-none-eabi/lib/thumb2/libm.a(lib_a-s_finite.o)
 .debug_frame   0x00000468       0x34 /home/laurence/CodeSourcery/Sourcery_G++_Lite/bin/../lib/gcc/arm-none-eabi/4.4.1/../../../../arm-none-eabi/lib/thumb2/libm.a(lib_a-s_floor.o)
 .debug_frame   0x0000049c       0x20 /home/laurence/CodeSourcery/Sourcery_G++_Lite/bin/../lib/gcc/arm-none-eabi/4.4.1/../../../../arm-none-eabi/lib/thumb2/libm.a(lib_a-s_isnand.o)
 .debug_frame   0x000004bc       0x20 /home/laurence/CodeSourcery/Sourcery_G++_Lite/bin/../lib/gcc/arm-none-eabi/4.4.1/../../../../arm-none-eabi/lib/thumb2/libm.a(lib_a-s_matherr.o)
 .debug_frame   0x000004dc       0x20 /home/laurence/CodeSourcery/Sourcery_G++_Lite/bin/../lib/gcc/arm-none-eabi/4.4.1/../../../../arm-none-eabi/lib/thumb2/libm.a(lib_a-s_nan.o)
 .debug_frame   0x000004fc       0x38 /home/laurence/CodeSourcery/Sourcery_G++_Lite/bin/../lib/gcc/arm-none-eabi/4.4.1/../../../../arm-none-eabi/lib/thumb2/libm.a(lib_a-s_rint.o)
 .debug_frame   0x00000534       0x30 /home/laurence/CodeSourcery/Sourcery_G++_Lite/bin/../lib/gcc/arm-none-eabi/4.4.1/../../../../arm-none-eabi/lib/thumb2/libm.a(lib_a-s_scalbn.o)
 .debug_frame   0x00000564       0x30 /home/laurence/CodeSourcery/Sourcery_G++_Lite/bin/../lib/gcc/arm-none-eabi/4.4.1/../../../../arm-none-eabi/lib/thumb2/libm.a(lib_a-sf_atan.o)
 .debug_frame   0x00000594       0x20 /home/laurence/CodeSourcery/Sourcery_G++_Lite/bin/../lib/gcc/arm-none-eabi/4.4.1/../../../../arm-none-eabi/lib/thumb2/libm.a(lib_a-sf_fabs.o)
 .debug_frame   0x000005b4       0x20 /home/laurence/CodeSourcery/Sourcery_G++_Lite/bin/../lib/gcc/arm-none-eabi/4.4.1/../../../../arm-none-eabi/lib/thumb2/libm.a(lib_a-sf_isnan.o)
 .debug_frame   0x000005d4       0x28 /home/laurence/CodeSourcery/Sourcery_G++_Lite/bin/../lib/gcc/arm-none-eabi/4.4.1/../../../../arm-none-eabi/lib/thumb2/libm.a(lib_a-s_copysign.o)
 .debug_frame   0x000005fc       0x20 /home/laurence/CodeSourcery/Sourcery_G++_Lite/bin/../lib/gcc/arm-none-eabi/4.4.1/thumb2/libgcc.a(_divsi3.o)
 .debug_frame   0x0000061c       0x28 /home/laurence/CodeSourcery/Sourcery_G++_Lite/bin/../lib/gcc/arm-none-eabi/4.4.1/thumb2/libgcc.a(_fixsfdi.o)
 .debug_frame   0x00000644       0x2c /home/laurence/CodeSourcery/Sourcery_G++_Lite/bin/../lib/gcc/arm-none-eabi/4.4.1/thumb2/libgcc.a(_fixunssfdi.o)
 .debug_frame   0x00000670       0x50 /home/laurence/CodeSourcery/Sourcery_G++_Lite/bin/../lib/gcc/arm-none-eabi/4.4.1/thumb2/libgcc.a(bpabi.o)
 .debug_frame   0x000006c0       0x3c /home/laurence/CodeSourcery/Sourcery_G++_Lite/bin/../lib/gcc/arm-none-eabi/4.4.1/thumb2/libgcc.a(_divdi3.o)
 .debug_frame   0x000006fc       0x3c /home/laurence/CodeSourcery/Sourcery_G++_Lite/bin/../lib/gcc/arm-none-eabi/4.4.1/thumb2/libgcc.a(_udivdi3.o)
 .debug_frame   0x00000738       0x20 /home/laurence/CodeSourcery/Sourcery_G++_Lite/bin/../lib/gcc/arm-none-eabi/4.4.1/thumb2/libgcc.a(_udivsi3.o)
 .debug_frame   0x00000758       0x20 /home/laurence/CodeSourcery/Sourcery_G++_Lite/bin/../lib/gcc/arm-none-eabi/4.4.1/../../../../arm-none-eabi/lib/thumb2/libc.a(lib_a-errno.o)
 .debug_frame   0x00000778       0x30 /home/laurence/CodeSourcery/Sourcery_G++_Lite/bin/../lib/gcc/arm-none-eabi/4.4.1/../../../../arm-none-eabi/lib/thumb2/libc.a(lib_a-malloc.o)
 .debug_frame   0x000007a8       0x3c /home/laurence/CodeSourcery/Sourcery_G++_Lite/bin/../lib/gcc/arm-none-eabi/4.4.1/../../../../arm-none-eabi/lib/thumb2/libc.a(lib_a-mallocr.o)
 .debug_frame   0x000007e4       0x34 /home/laurence/CodeSourcery/Sourcery_G++_Lite/bin/../lib/gcc/arm-none-eabi/4.4.1/../../../../arm-none-eabi/lib/thumb2/libc.a(lib_a-memcpy.o)
 .debug_frame   0x00000818       0x30 /home/laurence/CodeSourcery/Sourcery_G++_Lite/bin/../lib/gcc/arm-none-eabi/4.4.1/../../../../arm-none-eabi/lib/thumb2/libc.a(lib_a-mlock.o)
 .debug_frame   0x00000848       0x2c /home/laurence/CodeSourcery/Sourcery_G++_Lite/bin/../lib/gcc/arm-none-eabi/4.4.1/../../../../arm-none-eabi/lib/thumb2/libc.a(lib_a-sbrkr.o)
 .debug_frame   0x00000874       0x20 /home/laurence/CodeSourcery/Sourcery_G++_Lite/bin/../lib/gcc/arm-none-eabi/4.4.1/../../../../arm-none-eabi/lib/thumb2/libc.a(lib_a-strcpy.o)
 .debug_frame   0x00000894       0x50 /home/laurence/CodeSourcery/Sourcery_G++_Lite/bin/../lib/gcc/arm-none-eabi/4.4.1/../../../../arm-none-eabi/lib/thumb2/libc.a(lib_a-freer.o)
 .debug_frame   0x000008e4       0x64 /home/laurence/CodeSourcery/Sourcery_G++_Lite/bin/../lib/gcc/arm-none-eabi/4.4.1/../../../../arm-none-eabi/lib/thumb2/libc.a(lib_a-reent.o)
 .debug_frame   0x00000948       0x40 /home/laurence/CodeSourcery/Sourcery_G++_Lite/bin/../lib/gcc/arm-none-eabi/4.4.1/../../../../arm-none-eabi/lib/thumb2/libcs3.a(start_c.o)
 .debug_frame   0x00000988       0x28 /home/laurence/CodeSourcery/Sourcery_G++_Lite/bin/../lib/gcc/arm-none-eabi/4.4.1/../../../../arm-none-eabi/lib/thumb2/libcs3unhosted.a(unhosted-sbrk.o)
 .debug_frame   0x000009b0       0x2c /home/laurence/CodeSourcery/Sourcery_G++_Lite/bin/../lib/gcc/arm-none-eabi/4.4.1/../../../../arm-none-eabi/lib/thumb2/libc.a(lib_a-init.o)

.debug_str
 *(.debug_str)

.debug_loc
 *(.debug_loc)

.debug_macinfo
 *(.debug_macinfo)

.debug_weaknames
 *(.debug_weaknames)

.debug_funcnames
 *(.debug_funcnames)

.debug_typenames
 *(.debug_typenames)

.debug_varnames
 *(.debug_varnames)

.note.gnu.arm.ident
 *(.note.gnu.arm.ident)

.ARM.attributes
                0x00000000       0x25
 *(.ARM.attributes)
 .ARM.attributes
                0x00000000       0x19 /home/laurence/CodeSourcery/Sourcery_G++_Lite/bin/../lib/gcc/arm-none-eabi/4.4.1/thumb2/crti.o
 .ARM.attributes
                0x00000019       0x29 /home/laurence/CodeSourcery/Sourcery_G++_Lite/bin/../lib/gcc/arm-none-eabi/4.4.1/thumb2/crtbegin.o
 .ARM.attributes
                0x00000042       0x31 Sensors/bmp085.o
 .ARM.attributes
                0x00000073       0x31 Sensors/earth_field.o
 .ARM.attributes
                0x000000a4       0x31 Sensors/pitot.o
 .ARM.attributes
                0x000000d5       0x31 Sensors/ubx.o
 .ARM.attributes
                0x00000106       0x31 Util/Fatfs/fattime.o
 .ARM.attributes
                0x00000137       0x31 Util/Fatfs/ff.o
 .ARM.attributes
                0x00000168       0x31 Util/Fatfs/rtc.o
 .ARM.attributes
                0x00000199       0x31 Util/Fatfs/sd_spi_stm32.o
 .ARM.attributes
                0x000001ca       0x31 Util/atmospherics.o
 .ARM.attributes
                0x000001fb       0x31 Util/coords.o
 .ARM.attributes
                0x0000022c       0x31 Util/crc.o
 .ARM.attributes
                0x0000025d       0x31 Util/delay.o
 .ARM.attributes
                0x0000028e       0x31 Util/gravity.o
 .ARM.attributes
                0x000002bf       0x31 Util/rprintf.o
 .ARM.attributes
                0x000002f0       0x31 Util/time.o
 .ARM.attributes
                0x00000321       0x31 Util/uavtalk.o
 .ARM.attributes
                0x00000352       0x31 dma.o
 .ARM.attributes
                0x00000383       0x31 gpio.o
 .ARM.attributes
                0x000003b4       0x31 i2c.o
 .ARM.attributes
                0x000003e5       0x31 interrupts.o
 .ARM.attributes
                0x00000416       0x31 lib/CMSIS_CM3/core_cm3.o
 .ARM.attributes
                0x00000447       0x21 lib/CMSIS_CM3/startup/gcc/startup_stm32f10x_md.o
 .ARM.attributes
                0x00000468       0x31 lib/CMSIS_CM3/system_stm32f10x.o
 .ARM.attributes
                0x00000499       0x31 main.o
 .ARM.attributes
                0x000004ca       0x31 pwm.o
 .ARM.attributes
                0x000004fb       0x31 usart.o
 .ARM.attributes
                0x0000052c       0x31 watchdog.o
 .ARM.attributes
                0x0000055d       0x31 Control/ekf.o
 .ARM.attributes
                0x0000058e       0x31 Control/imu.o
 .ARM.attributes
                0x000005bf       0x31 Control/loops.o
 .ARM.attributes
                0x000005f0       0x31 Control/sensorcal.o
 .ARM.attributes
                0x00000621       0x31 Control/servos.o
 .ARM.attributes
                0x00000652       0x31 lib/STM32F10x_StdPeriph_Driver/libstm32fw.a(misc.o)
 .ARM.attributes
                0x00000683       0x31 lib/STM32F10x_StdPeriph_Driver/libstm32fw.a(stm32f10x_bkp.o)
 .ARM.attributes
                0x000006b4       0x31 lib/STM32F10x_StdPeriph_Driver/libstm32fw.a(stm32f10x_dma.o)
 .ARM.attributes
                0x000006e5       0x31 lib/STM32F10x_StdPeriph_Driver/libstm32fw.a(stm32f10x_exti.o)
 .ARM.attributes
                0x00000716       0x31 lib/STM32F10x_StdPeriph_Driver/libstm32fw.a(stm32f10x_gpio.o)
 .ARM.attributes
                0x00000747       0x31 lib/STM32F10x_StdPeriph_Driver/libstm32fw.a(stm32f10x_i2c.o)
 .ARM.attributes
                0x00000778       0x31 lib/STM32F10x_StdPeriph_Driver/libstm32fw.a(stm32f10x_iwdg.o)
 .ARM.attributes
                0x000007a9       0x31 lib/STM32F10x_StdPeriph_Driver/libstm32fw.a(stm32f10x_pwr.o)
 .ARM.attributes
                0x000007da       0x31 lib/STM32F10x_StdPeriph_Driver/libstm32fw.a(stm32f10x_rcc.o)
 .ARM.attributes
                0x0000080b       0x31 lib/STM32F10x_StdPeriph_Driver/libstm32fw.a(stm32f10x_rtc.o)
 .ARM.attributes
                0x0000083c       0x31 lib/STM32F10x_StdPeriph_Driver/libstm32fw.a(stm32f10x_spi.o)
 .ARM.attributes
                0x0000086d       0x31 lib/STM32F10x_StdPeriph_Driver/libstm32fw.a(stm32f10x_tim.o)
 .ARM.attributes
                0x0000089e       0x31 lib/STM32F10x_StdPeriph_Driver/libstm32fw.a(stm32f10x_usart.o)
 .ARM.attributes
                0x000008cf       0x29 /home/laurence/CodeSourcery/Sourcery_G++_Lite/bin/../lib/gcc/arm-none-eabi/4.4.1/../../../../arm-none-eabi/lib/thumb2/libm.a(lib_a-s_cos.o)
 .ARM.attributes
                0x000008f8       0x29 /home/laurence/CodeSourcery/Sourcery_G++_Lite/bin/../lib/gcc/arm-none-eabi/4.4.1/../../../../arm-none-eabi/lib/thumb2/libm.a(lib_a-s_sin.o)
 .ARM.attributes
                0x00000921       0x29 /home/laurence/CodeSourcery/Sourcery_G++_Lite/bin/../lib/gcc/arm-none-eabi/4.4.1/../../../../arm-none-eabi/lib/thumb2/libm.a(lib_a-w_asin.o)
 .ARM.attributes
                0x0000094a       0x29 /home/laurence/CodeSourcery/Sourcery_G++_Lite/bin/../lib/gcc/arm-none-eabi/4.4.1/../../../../arm-none-eabi/lib/thumb2/libm.a(lib_a-w_atan2.o)
 .ARM.attributes
                0x00000973       0x29 /home/laurence/CodeSourcery/Sourcery_G++_Lite/bin/../lib/gcc/arm-none-eabi/4.4.1/../../../../arm-none-eabi/lib/thumb2/libm.a(lib_a-w_pow.o)
 .ARM.attributes
                0x0000099c       0x29 /home/laurence/CodeSourcery/Sourcery_G++_Lite/bin/../lib/gcc/arm-none-eabi/4.4.1/../../../../arm-none-eabi/lib/thumb2/libm.a(lib_a-w_sqrt.o)
 .ARM.attributes
                0x000009c5       0x29 /home/laurence/CodeSourcery/Sourcery_G++_Lite/bin/../lib/gcc/arm-none-eabi/4.4.1/../../../../arm-none-eabi/lib/thumb2/libm.a(lib_a-wf_asin.o)
 .ARM.attributes
                0x000009ee       0x29 /home/laurence/CodeSourcery/Sourcery_G++_Lite/bin/../lib/gcc/arm-none-eabi/4.4.1/../../../../arm-none-eabi/lib/thumb2/libm.a(lib_a-wf_atan2.o)
 .ARM.attributes
                0x00000a17       0x29 /home/laurence/CodeSourcery/Sourcery_G++_Lite/bin/../lib/gcc/arm-none-eabi/4.4.1/../../../../arm-none-eabi/lib/thumb2/libm.a(lib_a-e_asin.o)
 .ARM.attributes
                0x00000a40       0x29 /home/laurence/CodeSourcery/Sourcery_G++_Lite/bin/../lib/gcc/arm-none-eabi/4.4.1/../../../../arm-none-eabi/lib/thumb2/libm.a(lib_a-e_atan2.o)
 .ARM.attributes
                0x00000a69       0x29 /home/laurence/CodeSourcery/Sourcery_G++_Lite/bin/../lib/gcc/arm-none-eabi/4.4.1/../../../../arm-none-eabi/lib/thumb2/libm.a(lib_a-e_pow.o)
 .ARM.attributes
                0x00000a92       0x29 /home/laurence/CodeSourcery/Sourcery_G++_Lite/bin/../lib/gcc/arm-none-eabi/4.4.1/../../../../arm-none-eabi/lib/thumb2/libm.a(lib_a-e_rem_pio2.o)
 .ARM.attributes
                0x00000abb       0x29 /home/laurence/CodeSourcery/Sourcery_G++_Lite/bin/../lib/gcc/arm-none-eabi/4.4.1/../../../../arm-none-eabi/lib/thumb2/libm.a(lib_a-e_sqrt.o)
 .ARM.attributes
                0x00000ae4       0x29 /home/laurence/CodeSourcery/Sourcery_G++_Lite/bin/../lib/gcc/arm-none-eabi/4.4.1/../../../../arm-none-eabi/lib/thumb2/libm.a(lib_a-ef_asin.o)
 .ARM.attributes
                0x00000b0d       0x29 /home/laurence/CodeSourcery/Sourcery_G++_Lite/bin/../lib/gcc/arm-none-eabi/4.4.1/../../../../arm-none-eabi/lib/thumb2/libm.a(lib_a-ef_atan2.o)
 .ARM.attributes
                0x00000b36       0x29 /home/laurence/CodeSourcery/Sourcery_G++_Lite/bin/../lib/gcc/arm-none-eabi/4.4.1/../../../../arm-none-eabi/lib/thumb2/libm.a(lib_a-ef_sqrt.o)
 .ARM.attributes
                0x00000b5f       0x29 /home/laurence/CodeSourcery/Sourcery_G++_Lite/bin/../lib/gcc/arm-none-eabi/4.4.1/../../../../arm-none-eabi/lib/thumb2/libm.a(lib_a-k_cos.o)
 .ARM.attributes
                0x00000b88       0x29 /home/laurence/CodeSourcery/Sourcery_G++_Lite/bin/../lib/gcc/arm-none-eabi/4.4.1/../../../../arm-none-eabi/lib/thumb2/libm.a(lib_a-k_rem_pio2.o)
 .ARM.attributes
                0x00000bb1       0x29 /home/laurence/CodeSourcery/Sourcery_G++_Lite/bin/../lib/gcc/arm-none-eabi/4.4.1/../../../../arm-none-eabi/lib/thumb2/libm.a(lib_a-k_sin.o)
 .ARM.attributes
                0x00000bda       0x29 /home/laurence/CodeSourcery/Sourcery_G++_Lite/bin/../lib/gcc/arm-none-eabi/4.4.1/../../../../arm-none-eabi/lib/thumb2/libm.a(lib_a-s_atan.o)
 .ARM.attributes
                0x00000c03       0x29 /home/laurence/CodeSourcery/Sourcery_G++_Lite/bin/../lib/gcc/arm-none-eabi/4.4.1/../../../../arm-none-eabi/lib/thumb2/libm.a(lib_a-s_fabs.o)
 .ARM.attributes
                0x00000c2c       0x29 /home/laurence/CodeSourcery/Sourcery_G++_Lite/bin/../lib/gcc/arm-none-eabi/4.4.1/../../../../arm-none-eabi/lib/thumb2/libm.a(lib_a-s_finite.o)
 .ARM.attributes
                0x00000c55       0x29 /home/laurence/CodeSourcery/Sourcery_G++_Lite/bin/../lib/gcc/arm-none-eabi/4.4.1/../../../../arm-none-eabi/lib/thumb2/libm.a(lib_a-s_floor.o)
 .ARM.attributes
                0x00000c7e       0x29 /home/laurence/CodeSourcery/Sourcery_G++_Lite/bin/../lib/gcc/arm-none-eabi/4.4.1/../../../../arm-none-eabi/lib/thumb2/libm.a(lib_a-s_isnand.o)
 .ARM.attributes
                0x00000ca7       0x29 /home/laurence/CodeSourcery/Sourcery_G++_Lite/bin/../lib/gcc/arm-none-eabi/4.4.1/../../../../arm-none-eabi/lib/thumb2/libm.a(lib_a-s_lib_ver.o)
 .ARM.attributes
                0x00000cd0       0x29 /home/laurence/CodeSourcery/Sourcery_G++_Lite/bin/../lib/gcc/arm-none-eabi/4.4.1/../../../../arm-none-eabi/lib/thumb2/libm.a(lib_a-s_matherr.o)
 .ARM.attributes
                0x00000cf9       0x29 /home/laurence/CodeSourcery/Sourcery_G++_Lite/bin/../lib/gcc/arm-none-eabi/4.4.1/../../../../arm-none-eabi/lib/thumb2/libm.a(lib_a-s_nan.o)
 .ARM.attributes