Archive member included because of file (symbol)

lib/STM32F10x_StdPeriph_Driver/libstm32fw.a(stm32f10x_dma.o)
                              dma.o (DMA_DeInit)
lib/STM32F10x_StdPeriph_Driver/libstm32fw.a(stm32f10x_gpio.o)
                              gpio.o (GPIO_Init)
lib/STM32F10x_StdPeriph_Driver/libstm32fw.a(stm32f10x_i2c.o)
                              i2c.o (I2C_Cmd)
lib/STM32F10x_StdPeriph_Driver/libstm32fw.a(stm32f10x_rcc.o)
                              lib/STM32F10x_StdPeriph_Driver/libstm32fw.a(stm32f10x_i2c.o) (RCC_GetClocksFreq)
lib/STM32F10x_StdPeriph_Driver/libstm32fw.a(stm32f10x_usart.o)
                              usart.o (USART_Cmd)
/home/laurence/CodeSourcery/Sourcery_G++_Lite/bin/../lib/gcc/arm-none-eabi/4.4.1/../../../../arm-none-eabi/lib/thumb2/libc.a(lib_a-printf.o)
                              main.o (printf)
/home/laurence/CodeSourcery/Sourcery_G++_Lite/bin/../lib/gcc/arm-none-eabi/4.4.1/../../../../arm-none-eabi/lib/thumb2/libc.a(lib_a-puts.o)
                              Sensors/ubx.o (puts)
/home/laurence/CodeSourcery/Sourcery_G++_Lite/bin/../lib/gcc/arm-none-eabi/4.4.1/../../../../arm-none-eabi/lib/thumb2/libc.a(lib_a-strlen.o)
                              /home/laurence/CodeSourcery/Sourcery_G++_Lite/bin/../lib/gcc/arm-none-eabi/4.4.1/../../../../arm-none-eabi/lib/thumb2/libc.a(lib_a-puts.o) (strlen)
/home/laurence/CodeSourcery/Sourcery_G++_Lite/bin/../lib/gcc/arm-none-eabi/4.4.1/../../../../arm-none-eabi/lib/thumb2/libc.a(lib_a-vfprintf.o)
                              /home/laurence/CodeSourcery/Sourcery_G++_Lite/bin/../lib/gcc/arm-none-eabi/4.4.1/../../../../arm-none-eabi/lib/thumb2/libc.a(lib_a-printf.o) (_vfprintf_r)
/home/laurence/CodeSourcery/Sourcery_G++_Lite/bin/../lib/gcc/arm-none-eabi/4.4.1/../../../../arm-none-eabi/lib/thumb2/libc.a(lib_a-wsetup.o)
                              /home/laurence/CodeSourcery/Sourcery_G++_Lite/bin/../lib/gcc/arm-none-eabi/4.4.1/../../../../arm-none-eabi/lib/thumb2/libc.a(lib_a-vfprintf.o) (__swsetup_r)
/home/laurence/CodeSourcery/Sourcery_G++_Lite/bin/../lib/gcc/arm-none-eabi/4.4.1/../../../../arm-none-eabi/lib/thumb2/libc.a(lib_a-dtoa.o)
                              /home/laurence/CodeSourcery/Sourcery_G++_Lite/bin/../lib/gcc/arm-none-eabi/4.4.1/../../../../arm-none-eabi/lib/thumb2/libc.a(lib_a-vfprintf.o) (_dtoa_r)
/home/laurence/CodeSourcery/Sourcery_G++_Lite/bin/../lib/gcc/arm-none-eabi/4.4.1/../../../../arm-none-eabi/lib/thumb2/libc.a(lib_a-fflush.o)
                              /home/laurence/CodeSourcery/Sourcery_G++_Lite/bin/../lib/gcc/arm-none-eabi/4.4.1/../../../../arm-none-eabi/lib/thumb2/libc.a(lib_a-vfprintf.o) (_fflush_r)
/home/laurence/CodeSourcery/Sourcery_G++_Lite/bin/../lib/gcc/arm-none-eabi/4.4.1/../../../../arm-none-eabi/lib/thumb2/libc.a(lib_a-findfp.o)
                              /home/laurence/CodeSourcery/Sourcery_G++_Lite/bin/../lib/gcc/arm-none-eabi/4.4.1/../../../../arm-none-eabi/lib/thumb2/libc.a(lib_a-printf.o) (__sinit)
/home/laurence/CodeSourcery/Sourcery_G++_Lite/bin/../lib/gcc/arm-none-eabi/4.4.1/../../../../arm-none-eabi/lib/thumb2/libc.a(lib_a-freer.o)
                              /home/laurence/CodeSourcery/Sourcery_G++_Lite/bin/../lib/gcc/arm-none-eabi/4.4.1/../../../../arm-none-eabi/lib/thumb2/libc.a(lib_a-wsetup.o) (_free_r)
/home/laurence/CodeSourcery/Sourcery_G++_Lite/bin/../lib/gcc/arm-none-eabi/4.4.1/../../../../arm-none-eabi/lib/thumb2/libc.a(lib_a-fvwrite.o)
                              /home/laurence/CodeSourcery/Sourcery_G++_Lite/bin/../lib/gcc/arm-none-eabi/4.4.1/../../../../arm-none-eabi/lib/thumb2/libc.a(lib_a-puts.o) (__sfvwrite_r)
/home/laurence/CodeSourcery/Sourcery_G++_Lite/bin/../lib/gcc/arm-none-eabi/4.4.1/../../../../arm-none-eabi/lib/thumb2/libc.a(lib_a-fwalk.o)
                              /home/laurence/CodeSourcery/Sourcery_G++_Lite/bin/../lib/gcc/arm-none-eabi/4.4.1/../../../../arm-none-eabi/lib/thumb2/libc.a(lib_a-fflush.o) (_fwalk_reent)
/home/laurence/CodeSourcery/Sourcery_G++_Lite/bin/../lib/gcc/arm-none-eabi/4.4.1/../../../../arm-none-eabi/lib/thumb2/libc.a(lib_a-impure.o)
                              /home/laurence/CodeSourcery/Sourcery_G++_Lite/bin/../lib/gcc/arm-none-eabi/4.4.1/../../../../arm-none-eabi/lib/thumb2/libc.a(lib_a-printf.o) (_impure_ptr)
/home/laurence/CodeSourcery/Sourcery_G++_Lite/bin/../lib/gcc/arm-none-eabi/4.4.1/../../../../arm-none-eabi/lib/thumb2/libc.a(lib_a-locale.o)
                              /home/laurence/CodeSourcery/Sourcery_G++_Lite/bin/../lib/gcc/arm-none-eabi/4.4.1/../../../../arm-none-eabi/lib/thumb2/libc.a(lib_a-vfprintf.o) (_localeconv_r)
/home/laurence/CodeSourcery/Sourcery_G++_Lite/bin/../lib/gcc/arm-none-eabi/4.4.1/../../../../arm-none-eabi/lib/thumb2/libc.a(lib_a-makebuf.o)
                              /home/laurence/CodeSourcery/Sourcery_G++_Lite/bin/../lib/gcc/arm-none-eabi/4.4.1/../../../../arm-none-eabi/lib/thumb2/libc.a(lib_a-wsetup.o) (__smakebuf_r)
[...]
Memory Configuration

Name             Origin             Length             Attributes
ram              0x20000000         0x00005000         xrw
rom              0x08000000         0x00020000         xr
*default*        0x00000000         0xffffffff

Linker script and memory map

LOAD /home/laurence/CodeSourcery/Sourcery_G++_Lite/bin/../lib/gcc/arm-none-eabi/4.4.1/thumb2/crti.o
LOAD /home/laurence/CodeSourcery/Sourcery_G++_Lite/bin/../lib/gcc/arm-none-eabi/4.4.1/thumb2/crtbegin.o
LOAD /home/laurence/CodeSourcery/Sourcery_G++_Lite/bin/../lib/gcc/arm-none-eabi/4.4.1/../../../../arm-none-eabi/lib/thumb2/libm.a
LOAD Sensors/ubx.o
LOAD Util/delay.o
LOAD dma.o
LOAD gpio.o
LOAD i2c.o
LOAD interrupts.o
LOAD lib/CMSIS_CM3/core_cm3.o
LOAD lib/CMSIS_CM3/startup/gcc/startup_stm32f10x_md.o
LOAD lib/CMSIS_CM3/system_stm32f10x.o
LOAD main.o
LOAD usart.o
LOAD lib/STM32F10x_StdPeriph_Driver/libstm32fw.a
LOAD lib/STM32_USB-FS-Device_Driver/libstm32usb.a
START GROUP
LOAD /home/laurence/CodeSourcery/Sourcery_G++_Lite/bin/../lib/gcc/arm-none-eabi/4.4.1/thumb2/libgcc.a
LOAD /home/laurence/CodeSourcery/Sourcery_G++_Lite/bin/../lib/gcc/arm-none-eabi/4.4.1/../../../../arm-none-eabi/lib/thumb2/libc.a
END GROUP
LOAD /home/laurence/CodeSourcery/Sourcery_G++_Lite/bin/../lib/gcc/arm-none-eabi/4.4.1/thumb2/crtend.o
LOAD /home/laurence/CodeSourcery/Sourcery_G++_Lite/bin/../lib/gcc/arm-none-eabi/4.4.1/thumb2/crtn.o
START GROUP
LOAD /home/laurence/CodeSourcery/Sourcery_G++_Lite/bin/../lib/gcc/arm-none-eabi/4.4.1/thumb2/libgcc.a
LOAD /home/laurence/CodeSourcery/Sourcery_G++_Lite/bin/../lib/gcc/arm-none-eabi/4.4.1/../../../../arm-none-eabi/lib/thumb2/libc.a
LOAD /home/laurence/CodeSourcery/Sourcery_G++_Lite/bin/../lib/gcc/arm-none-eabi/4.4.1/../../../../arm-none-eabi/lib/thumb2/libcs3.a
LOAD /home/laurence/CodeSourcery/Sourcery_G++_Lite/bin/../lib/gcc/arm-none-eabi/4.4.1/../../../../arm-none-eabi/lib/thumb2/libcs3unhosted.a
LOAD lib/libcs3-lanchon-stm32.a
END GROUP
                0x20005000                PROVIDE (__cs3_stack, (__cs3_region_start_ram + __cs3_region_size_ram))
                0x20000690                PROVIDE (__cs3_heap_start, _end)
                0x20005000                PROVIDE (__cs3_heap_end, (__cs3_region_start_ram + __cs3_region_size_ram))

.text           0x08000000     0x8c3c
 CREATE_OBJECT_SYMBOLS
                0x08000000                __cs3_region_start_rom = .
 *(.cs3.region-head.rom)
                0x08000000                __cs3_interrupt_vector = __cs3_interrupt_vector_lanchon_stm32
 *(.cs3.interrupt_vector)
 .cs3.interrupt_vector
                0x08000000       0xec lib/libcs3-lanchon-stm32.a(lanchon-stm32-vector.o)
                0x08000000                __cs3_interrupt_vector_lanchon_stm32
                0x08000001                ASSERT ((. != __cs3_interrupt_vector_lanchon_stm32), No interrupt vector)
 *(.rom)
 *(.rom.b)
                0x08008710                PROVIDE (__cs3_reset_lanchon_stm32, _start)
                0x08008710                __cs3_reset = __cs3_reset_lanchon_stm32
 *(.cs3.reset)
 *(.text .text.* .gnu.linkonce.t.*)
 .text          0x080000ec       0x30 /home/laurence/CodeSourcery/Sourcery_G++_Lite/bin/../lib/gcc/arm-none-eabi/4.4.1/thumb2/crtbegin.o
 .text          0x0800011c      0x320 Sensors/ubx.o
                0x0800011c                Gps_Process_Byte
                0x08000260                Get_UBX_Ack
                0x08000308                Config_Gps
 .text          0x0800043c        0x2 Util/delay.o
                0x0800043c                Delay
 *fill*         0x0800043e        0x2 00
 .text          0x08000440       0xc4 dma.o
                0x08000440                Pop_From_Buffer
                0x0800045c                Bytes_In_Buffer
                0x08000488                Get_From_Buffer
                0x080004bc                DMA_Configuration
 .text          0x08000504      0x1d0 gpio.o
                0x08000504                Get_MEMS_DRDY
                0x08000528                MEMS_Status_Configuration
                0x08000564                Aux_Devices_Configuration
                0x080005c0                SPI_Control_Configuration
                0x08000628                GPS_IO_Configuration
                0x08000674                GPIO_Config_AF_Periferals
                0x080006bc                All_IO_Configuration
 .text          0x080006d4      0x3a8 i2c.o
                0x080006d4                Flipbytes
                0x080006de                I2C_Read
                0x080008b4                Gyr_Stat
                0x080008ce                Gyr_Read
                0x080008f4                Mag_Read
                0x0800091a                I2C_Conf
                0x080009c0                Gyr_Init
                0x080009f8                Acc_Init
                0x08000a14                Mag_Init
                0x08000a30                I2C_Config
 .text.Default_Handler
                0x08000a7c        0x2 lib/CMSIS_CM3/startup/gcc/startup_stm32f10x_md.o
                0x08000a7c                EXTI2_IRQHandler
                0x08000a7c                TIM1_CC_IRQHandler
                0x08000a7c                PVD_IRQHandler
                0x08000a7c                EXTI3_IRQHandler
                0x08000a7c                EXTI0_IRQHandler
                0x08000a7c                I2C2_EV_IRQHandler
                0x08000a7c                ADC1_2_IRQHandler
                0x08000a7c                SPI1_IRQHandler
                0x08000a7c                TAMPER_IRQHandler
                0x08000a7c                DMA1_Channel4_IRQHandler
                0x08000a7c                USART3_IRQHandler
                0x08000a7c                RTC_IRQHandler
                0x08000a7c                DMA1_Channel7_IRQHandler
                0x08000a7c                CAN1_RX1_IRQHandler
                0x08000a7c                TIM4_IRQHandler
                0x08000a7c                I2C1_EV_IRQHandler
                0x08000a7c                DMA1_Channel6_IRQHandler
                0x08000a7c                TIM3_IRQHandler
                0x08000a7c                RCC_IRQHandler
                0x08000a7c                TIM1_TRG_COM_IRQHandler
                0x08000a7c                DMA1_Channel1_IRQHandler
                0x08000a7c                Default_Handler
                0x08000a7c                EXTI15_10_IRQHandler
                0x08000a7c                EXTI9_5_IRQHandler
                0x08000a7c                SPI2_IRQHandler
                0x08000a7c                DMA1_Channel5_IRQHandler
                0x08000a7c                EXTI4_IRQHandler
                0x08000a7c                USB_LP_CAN1_RX0_IRQHandler
                0x08000a7c                USB_HP_CAN1_TX_IRQHandler
                0x08000a7c                DMA1_Channel3_IRQHandler
                0x08000a7c                TIM1_UP_IRQHandler
                0x08000a7c                WWDG_IRQHandler
                0x08000a7c                TIM2_IRQHandler
                0x08000a7c                TIM1_BRK_IRQHandler
                0x08000a7c                EXTI1_IRQHandler
                0x08000a7c                RTCAlarm_IRQHandler
                0x08000a7c                USART2_IRQHandler
                0x08000a7c                I2C2_ER_IRQHandler
                0x08000a7c                DMA1_Channel2_IRQHandler
                0x08000a7c                CAN1_SCE_IRQHandler
                0x08000a7c                FLASH_IRQHandler
                0x08000a7c                USART1_IRQHandler
                0x08000a7c                I2C1_ER_IRQHandler
                0x08000a7c                USBWakeUp_IRQHandler
 *fill*         0x08000a7e        0x2 00
 .text          0x08000a80       0x40 lib/CMSIS_CM3/system_stm32f10x.o
                0x08000a80                SystemInit
 .text          0x08000ac0      0x188 main.o
                0x08000ac0                Initialisation
                0x08000b34                main
 .text          0x08000c48      0x18c usart.o
                0x08000c48                __gps_send_char
                0x08000c64                Gps_Send_Str
                0x08000c7c                Gps_Send_Utf8
                0x08000c96                __usart_send_char
                0x08000cb4                Usart_Send_Str
                0x08000ccc                __io_putchar
                0x08000cec                USART2_reconf
                0x08000d28                Usarts_Init
 .text          0x08000dd4      0x290 lib/STM32F10x_StdPeriph_Driver/libstm32fw.a(stm32f10x_dma.o)
                0x08000dd4                DMA_DeInit
                0x08000f50                DMA_Init
                0x08000f94                DMA_StructInit
                0x08000fb0                DMA_Cmd
                0x08000fc8                DMA_ITConfig
                0x08000fdc                DMA_GetCurrDataCounter
                0x08000fe4                DMA_GetFlagStatus
                0x08001008                DMA_ClearFlag
                0x08001024                DMA_GetITStatus
                0x08001048                DMA_ClearITPendingBit
 .text          0x08001064      0x53c lib/STM32F10x_StdPeriph_Driver/libstm32fw.a(stm32f10x_gpio.o)
                0x08001064                GPIO_Init
                0x0800135c                GPIO_StructInit
                0x0800136c                GPIO_ReadInputDataBit
                0x08001378                GPIO_ReadInputData
                0x08001380                GPIO_ReadOutputDataBit
                0x0800138c                GPIO_ReadOutputData
                0x08001394                GPIO_SetBits
                0x08001398                GPIO_ResetBits
                0x0800139c                GPIO_WriteBit
                0x080013a8                GPIO_Write
                0x080013ac                GPIO_PinLockConfig
                0x080013bc                GPIO_EventOutputConfig
                0x080013e4                GPIO_EventOutputCmd
                0x080013f0                GPIO_PinRemapConfig
                0x0800145c                GPIO_EXTILineConfig
                0x08001494                GPIO_ETH_MediaInterfaceConfig
                0x080014a0                GPIO_AFIODeInit
                0x080014b8                GPIO_DeInit
 .text          0x080015a0      0x44c lib/STM32F10x_StdPeriph_Driver/libstm32fw.a(stm32f10x_i2c.o)
                0x080015a0                I2C_StructInit
                0x080015bc                I2C_Cmd
                0x080015dc                I2C_DMACmd
                0x080015fc                I2C_DMALastTransferCmd
                0x0800161c                I2C_GenerateSTART
                0x0800163c                I2C_GenerateSTOP
                0x0800165c                I2C_AcknowledgeConfig
                0x0800167c                I2C_OwnAddress2Config
                0x08001694                I2C_DualAddressCmd
                0x080016b4                I2C_GeneralCallCmd
                0x080016d4                I2C_ITConfig
                0x080016f0                I2C_SendData
                0x080016f4                I2C_ReceiveData
                0x080016fc                I2C_Send7bitAddress
                0x08001710                I2C_ReadRegister
                0x08001728                I2C_SoftwareResetCmd
                0x08001740                I2C_SMBusAlertConfig
                0x08001760                I2C_TransmitPEC
                0x08001780                I2C_PECPositionConfig
                0x080017a0                I2C_CalculatePEC
                0x080017c0                I2C_GetPEC
                0x080017c8                I2C_ARPCmd
                0x080017e8                I2C_StretchClockCmd
                0x08001808                I2C_FastModeDutyCycleConfig
                0x08001828                I2C_GetLastEvent
                0x08001838                I2C_CheckEvent
                0x08001854                I2C_GetFlagStatus
                0x0800188c                I2C_ClearFlag
                0x08001894                I2C_GetITStatus
                0x080018b0                I2C_ClearITPendingBit
                0x080018b8                I2C_Init
                0x080019ac                I2C_DeInit
 .text          0x080019ec      0x3fc lib/STM32F10x_StdPeriph_Driver/libstm32fw.a(stm32f10x_rcc.o)
                0x080019ec                RCC_DeInit
                0x08001a30                RCC_HSEConfig
                0x08001a68                RCC_WaitForHSEStartUp
                0x08001aa0                RCC_AdjustHSICalibrationValue
                0x08001ab8                RCC_HSICmd
                0x08001ac4                RCC_PLLConfig
                0x08001adc                RCC_PLLCmd
                0x08001ae8                RCC_SYSCLKConfig
                0x08001b00                RCC_GetSYSCLKSource
                0x08001b10                RCC_HCLKConfig
                0x08001b28                RCC_PCLK1Config
                0x08001b40                RCC_PCLK2Config
                0x08001b58                RCC_ITConfig
                0x08001b80                RCC_USBCLKConfig
                0x08001b8c                RCC_ADCCLKConfig
                0x08001ba4                RCC_LSEConfig
                0x08001bc4                RCC_LSICmd
                0x08001bd0                RCC_RTCCLKConfig
                0x08001be4                RCC_RTCCLKCmd
                0x08001bf0                RCC_GetClocksFreq
                0x08001ca0                RCC_AHBPeriphClockCmd
                0x08001cc4                RCC_APB2PeriphClockCmd
                0x08001ce8                RCC_APB1PeriphClockCmd
                0x08001d0c                RCC_APB2PeriphResetCmd
                0x08001d30                RCC_APB1PeriphResetCmd
                0x08001d54                RCC_BackupResetCmd
                0x08001d60                RCC_ClockSecuritySystemCmd
                0x08001d6c                RCC_MCOConfig
                0x08001d78                RCC_GetFlagStatus
                0x08001db4                RCC_ClearFlag
                0x08001dc8                RCC_GetITStatus
                0x08001ddc                RCC_ClearITPendingBit
 .text          0x08001de8      0x424 lib/STM32F10x_StdPeriph_Driver/libstm32fw.a(stm32f10x_usart.o)
                0x08001de8                USART_StructInit
                0x08001e00                USART_ClockInit
                0x08001e2c                USART_ClockStructInit
                0x08001e38                USART_Cmd
                0x08001e58                USART_ITConfig
                0x08001e90                USART_DMACmd
                0x08001eac                USART_SetAddress
                0x08001ecc                USART_WakeUpConfig
                0x08001eec                USART_ReceiverWakeUpCmd
                0x08001f0c                USART_LINBreakDetectLengthConfig
                0x08001f2c                USART_LINCmd
                0x08001f4c                USART_SendData
                0x08001f54                USART_ReceiveData
                0x08001f5c                USART_SendBreak
                0x08001f68                USART_SetGuardTime
                0x08001f80                USART_SetPrescaler
                0x08001f98                USART_SmartCardCmd
                0x08001fb8                USART_SmartCardNACKCmd
                0x08001fd8                USART_HalfDuplexCmd
                0x08001ff8                USART_IrDAConfig
                0x08002018                USART_IrDACmd
                0x08002038                USART_GetFlagStatus
                0x08002044                USART_ClearFlag
                0x0800204c                USART_GetITStatus
                0x080020a0                USART_ClearITPendingBit
                0x080020b0                USART_Init
                0x08002154                USART_DeInit
 .text          0x0800220c       0x64 /home/laurence/CodeSourcery/Sourcery_G++_Lite/bin/../lib/gcc/arm-none-eabi/4.4.1/../../../../arm-none-eabi/lib/thumb2/libc.a(lib_a-printf.o)
                0x0800220c                printf
                0x08002244                _printf_r
 .text          0x08002270       0x88 /home/laurence/CodeSourcery/Sourcery_G++_Lite/bin/../lib/gcc/arm-none-eabi/4.4.1/../../../../arm-none-eabi/lib/thumb2/libc.a(lib_a-puts.o)
                0x08002270                _puts_r
                0x080022e8                puts
 .text          0x080022f8       0x60 /home/laurence/CodeSourcery/Sourcery_G++_Lite/bin/../lib/gcc/arm-none-eabi/4.4.1/../../../../arm-none-eabi/lib/thumb2/libc.a(lib_a-strlen.o)
                0x080022f8                strlen
 .text          0x08002358     0x1940 /home/laurence/CodeSourcery/Sourcery_G++_Lite/bin/../lib/gcc/arm-none-eabi/4.4.1/../../../../arm-none-eabi/lib/thumb2/libc.a(lib_a-vfprintf.o)
                0x08002374                _vfprintf_r
                0x08003c7c                vfprintf
 .text          0x08003c98      0x104 /home/laurence/CodeSourcery/Sourcery_G++_Lite/bin/../lib/gcc/arm-none-eabi/4.4.1/../../../../arm-none-eabi/lib/thumb2/libc.a(lib_a-wsetup.o)
                0x08003c98                __swsetup_r
 *fill*         0x08003d9c        0x4 00
 .text          0x08003da0      0xfb8 /home/laurence/CodeSourcery/Sourcery_G++_Lite/bin/../lib/gcc/arm-none-eabi/4.4.1/../../../../arm-none-eabi/lib/thumb2/libc.a(lib_a-dtoa.o)
                0x08003ec0                _dtoa_r
 .text          0x08004d58      0x178 /home/laurence/CodeSourcery/Sourcery_G++_Lite/bin/../lib/gcc/arm-none-eabi/4.4.1/../../../../arm-none-eabi/lib/thumb2/libc.a(lib_a-fflush.o)
                0x08004d58                _fflush_r
                0x08004ea8                fflush
 .text          0x08004ed0      0x1c8 /home/laurence/CodeSourcery/Sourcery_G++_Lite/bin/../lib/gcc/arm-none-eabi/4.4.1/../../../../arm-none-eabi/lib/thumb2/libc.a(lib_a-findfp.o)
                0x08004ed0                __sfp_lock_acquire
                0x08004ed4                __sfp_lock_release
                0x08004ed8                __sinit_lock_acquire
                0x08004edc                __sinit_lock_release
                0x08004ee8                __fp_unlock_all
                0x08004f00                __fp_lock_all
                0x08004f18                _cleanup_r
                0x08004f24                _cleanup
                0x08004f80                __sfmoreglue
                0x08004fb0                __sfp
                0x08005038                __sinit
 .text          0x08005098      0x268 /home/laurence/CodeSourcery/Sourcery_G++_Lite/bin/../lib/gcc/arm-none-eabi/4.4.1/../../../../arm-none-eabi/lib/thumb2/libc.a(lib_a-freer.o)
                0x08005098                _malloc_trim_r
                0x08005140                _free_r
 .text          0x08005300      0x334 /home/laurence/CodeSourcery/Sourcery_G++_Lite/bin/../lib/gcc/arm-none-eabi/4.4.1/../../../../arm-none-eabi/lib/thumb2/libc.a(lib_a-fvwrite.o)
                0x08005300                __sfvwrite_r
 .text          0x08005634       0xa0 /home/laurence/CodeSourcery/Sourcery_G++_Lite/bin/../lib/gcc/arm-none-eabi/4.4.1/../../../../arm-none-eabi/lib/thumb2/libc.a(lib_a-fwalk.o)
                0x08005634                _fwalk_reent
                0x08005688                _fwalk
 .text          0x080056d4       0x74 /home/laurence/CodeSourcery/Sourcery_G++_Lite/bin/../lib/gcc/arm-none-eabi/4.4.1/../../../../arm-none-eabi/lib/thumb2/libc.a(lib_a-locale.o)
                0x080056d4                __locale_charset
                0x080056e0                _localeconv_r
                0x080056e8                localeconv
                0x080056f0                _setlocale_r
                0x08005738                setlocale
 .text          0x08005748       0xdc /home/laurence/CodeSourcery/Sourcery_G++_Lite/bin/../lib/gcc/arm-none-eabi/4.4.1/../../../../arm-none-eabi/lib/thumb2/libc.a(lib_a-makebuf.o)
                0x08005748                __smakebuf_r
 .text          0x08005824       0x20 /home/laurence/CodeSourcery/Sourcery_G++_Lite/bin/../lib/gcc/arm-none-eabi/4.4.1/../../../../arm-none-eabi/lib/thumb2/libc.a(lib_a-malloc.o)
                0x08005824                free
                0x08005834                malloc
 .text          0x08005844      0x5a4 /home/laurence/CodeSourcery/Sourcery_G++_Lite/bin/../lib/gcc/arm-none-eabi/4.4.1/../../../../arm-none-eabi/lib/thumb2/libc.a(lib_a-mallocr.o)
                0x08005844                _malloc_r
 .text          0x08005de8       0x74 /home/laurence/CodeSourcery/Sourcery_G++_Lite/bin/../lib/gcc/arm-none-eabi/4.4.1/../../../../arm-none-eabi/lib/thumb2/libc.a(lib_a-memchr.o)
                0x08005de8                memchr
 .text          0x08005e5c      0x190 /home/laurence/CodeSourcery/Sourcery_G++_Lite/bin/../lib/gcc/arm-none-eabi/4.4.1/../../../../arm-none-eabi/lib/thumb2/libc.a(lib_a-memcpy.o)
                0x08005e5c                memcpy
 .text          0x08005fec       0xb8 /home/laurence/CodeSourcery/Sourcery_G++_Lite/bin/../lib/gcc/arm-none-eabi/4.4.1/../../../../arm-none-eabi/lib/thumb2/libc.a(lib_a-memmove.o)
                0x08005fec                memmove
 .text          0x080060a4       0xd4 /home/laurence/CodeSourcery/Sourcery_G++_Lite/bin/../lib/gcc/arm-none-eabi/4.4.1/../../../../arm-none-eabi/lib/thumb2/libc.a(lib_a-memset.o)
                0x080060a4                memset
 .text          0x08006178        0x8 /home/laurence/CodeSourcery/Sourcery_G++_Lite/bin/../lib/gcc/arm-none-eabi/4.4.1/../../../../arm-none-eabi/lib/thumb2/libc.a(lib_a-mlock.o)
                0x08006178                __malloc_lock
                0x0800617c                __malloc_unlock
 .text          0x08006180      0x958 /home/laurence/CodeSourcery/Sourcery_G++_Lite/bin/../lib/gcc/arm-none-eabi/4.4.1/../../../../arm-none-eabi/lib/thumb2/libc.a(lib_a-mprec.o)
                0x08006180                __hi0bits
                0x080061c0                __lo0bits
                0x08006224                __mcmp
                0x08006264                __ulp
                0x080062b0                __b2d
                0x08006358                __ratio
                0x080063b8                _mprec_log10
                0x080063f0                __copybits
                0x08006440                __any_on
                0x08006498                _Bfree
                0x080064d0                _Balloc
                0x0800653c                __d2b
                0x0800660c                __mdiff
                0x08006704                __lshift
                0x080067c0                __multiply
                0x080068f4                __i2b
                0x08006908                __multadd
                0x08006990                __pow5mult
                0x08006a3c                __s2b
 .text          0x08006ad8      0x3b4 /home/laurence/CodeSourcery/Sourcery_G++_Lite/bin/../lib/gcc/arm-none-eabi/4.4.1/../../../../arm-none-eabi/lib/thumb2/libc.a(lib_a-reallocr.o)
                0x08006ad8                _realloc_r
 .text          0x08006e8c       0x24 /home/laurence/CodeSourcery/Sourcery_G++_Lite/bin/../lib/gcc/arm-none-eabi/4.4.1/../../../../arm-none-eabi/lib/thumb2/libc.a(lib_a-s_isinfd.o)
                0x08006e8c                __isinfd
 .text          0x08006eb0       0x1c /home/laurence/CodeSourcery/Sourcery_G++_Lite/bin/../lib/gcc/arm-none-eabi/4.4.1/../../../../arm-none-eabi/lib/thumb2/libc.a(lib_a-s_isnand.o)
                0x08006eb0                __isnand
 .text          0x08006ecc       0x28 /home/laurence/CodeSourcery/Sourcery_G++_Lite/bin/../lib/gcc/arm-none-eabi/4.4.1/../../../../arm-none-eabi/lib/thumb2/libc.a(lib_a-sbrkr.o)
                0x08006ecc                _sbrk_r
 .text          0x08006ef4       0x90 /home/laurence/CodeSourcery/Sourcery_G++_Lite/bin/../lib/gcc/arm-none-eabi/4.4.1/../../../../arm-none-eabi/lib/thumb2/libc.a(lib_a-stdio.o)
                0x08006ef4                __sclose
                0x08006efc                __sseek
                0x08006f24                __swrite
                0x08006f60                __sread
 .text          0x08006f84      0x1dc /home/laurence/CodeSourcery/Sourcery_G++_Lite/bin/../lib/gcc/arm-none-eabi/4.4.1/../../../../arm-none-eabi/lib/thumb2/libc.a(lib_a-strcmp.o)
                0x08006f84                strcmp
 .text          0x08007160       0x2c /home/laurence/CodeSourcery/Sourcery_G++_Lite/bin/../lib/gcc/arm-none-eabi/4.4.1/../../../../arm-none-eabi/lib/thumb2/libc.a(lib_a-writer.o)
                0x08007160                _write_r
 .text          0x0800718c       0x5c /home/laurence/CodeSourcery/Sourcery_G++_Lite/bin/../lib/gcc/arm-none-eabi/4.4.1/../../../../arm-none-eabi/lib/thumb2/libc.a(lib_a-callocr.o)
                0x0800718c                _calloc_r
 .text          0x080071e8       0x28 /home/laurence/CodeSourcery/Sourcery_G++_Lite/bin/../lib/gcc/arm-none-eabi/4.4.1/../../../../arm-none-eabi/lib/thumb2/libc.a(lib_a-closer.o)
                0x080071e8                _close_r
 .text          0x08007210       0xcc /home/laurence/CodeSourcery/Sourcery_G++_Lite/bin/../lib/gcc/arm-none-eabi/4.4.1/../../../../arm-none-eabi/lib/thumb2/libc.a(lib_a-fclose.o)
                0x08007210                _fclose_r
                0x080072cc                fclose
 .text          0x080072dc       0x2c /home/laurence/CodeSourcery/Sourcery_G++_Lite/bin/../lib/gcc/arm-none-eabi/4.4.1/../../../../arm-none-eabi/lib/thumb2/libc.a(lib_a-fstatr.o)
                0x080072dc                _fstat_r
 .text          0x08007308       0x28 /home/laurence/CodeSourcery/Sourcery_G++_Lite/bin/../lib/gcc/arm-none-eabi/4.4.1/../../../../arm-none-eabi/lib/thumb2/libc.a(lib_a-isattyr.o)
                0x08007308                _isatty_r
 .text          0x08007330       0x2c /home/laurence/CodeSourcery/Sourcery_G++_Lite/bin/../lib/gcc/arm-none-eabi/4.4.1/../../../../arm-none-eabi/lib/thumb2/libc.a(lib_a-lseekr.o)
                0x08007330                _lseek_r
 .text          0x0800735c       0x2c /home/laurence/CodeSourcery/Sourcery_G++_Lite/bin/../lib/gcc/arm-none-eabi/4.4.1/../../../../arm-none-eabi/lib/thumb2/libc.a(lib_a-readr.o)
                0x0800735c                _read_r
 .text          0x08007388      0x278 /home/laurence/CodeSourcery/Sourcery_G++_Lite/bin/../lib/gcc/arm-none-eabi/4.4.1/thumb2/libgcc.a(_udivsi3.o)
                0x08007388                __udivsi3
                0x08007388                __aeabi_uidiv
                0x080075e4                __aeabi_uidivmod
 .text          0x08007600        0x4 /home/laurence/CodeSourcery/Sourcery_G++_Lite/bin/../lib/gcc/arm-none-eabi/4.4.1/thumb2/libgcc.a(_dvmd_tls.o)
                0x08007600                __aeabi_ldiv0
                0x08007600                __aeabi_idiv0
 .text          0x08007604      0x370 /home/laurence/CodeSourcery/Sourcery_G++_Lite/bin/../lib/gcc/arm-none-eabi/4.4.1/thumb2/libgcc.a(_arm_addsubdf3.o)
                0x08007604                __aeabi_drsub
                0x0800760c                __aeabi_dsub
                0x0800760c                __subdf3
                0x08007610                __adddf3
                0x08007610                __aeabi_dadd
                0x08007888                __aeabi_ui2d
                0x08007888                __floatunsidf
                0x080078a8                __floatsidf
                0x080078a8                __aeabi_i2d
                0x080078cc                __extendsfdf2
                0x080078cc                __aeabi_f2d
                0x08007908                __aeabi_ul2d
                0x08007908                __floatundidf
                0x08007918                __floatdidf
                0x08007918                __aeabi_l2d
 .text          0x08007974      0x424 /home/laurence/CodeSourcery/Sourcery_G++_Lite/bin/../lib/gcc/arm-none-eabi/4.4.1/thumb2/libgcc.a(_arm_muldivdf3.o)
                0x08007974                __aeabi_dmul
                0x08007974                __muldf3
                0x08007bc8                __aeabi_ddiv
                0x08007bc8                __divdf3
 .text          0x08007d98      0x110 /home/laurence/CodeSourcery/Sourcery_G++_Lite/bin/../lib/gcc/arm-none-eabi/4.4.1/thumb2/libgcc.a(_arm_cmpdf2.o)
                0x08007d98                __gtdf2
                0x08007d98                __gedf2
                0x08007da0                __ltdf2
                0x08007da0                __ledf2
                0x08007da8                __cmpdf2
                0x08007da8                __eqdf2
                0x08007da8                __nedf2
                0x08007e24                __aeabi_cdrcmple
                0x08007e34                __aeabi_cdcmple
                0x08007e34                __aeabi_cdcmpeq
                0x08007e44                __aeabi_dcmpeq
                0x08007e58                __aeabi_dcmplt
                0x08007e6c                __aeabi_dcmple
                0x08007e80                __aeabi_dcmpge
                0x08007e94                __aeabi_dcmpgt
 .text          0x08007ea8       0x50 /home/laurence/CodeSourcery/Sourcery_G++_Lite/bin/../lib/gcc/arm-none-eabi/4.4.1/thumb2/libgcc.a(_arm_fixdfsi.o)
                0x08007ea8                __fixdfsi
                0x08007ea8                __aeabi_d2iz
 .text          0x08007ef8       0x2c /home/laurence/CodeSourcery/Sourcery_G++_Lite/bin/../lib/gcc/arm-none-eabi/4.4.1/thumb2/libgcc.a(_aeabi_uldivmod.o)
                0x08007ef8                __aeabi_uldivmod
 .text          0x08007f24       0x58 /home/laurence/CodeSourcery/Sourcery_G++_Lite/bin/../lib/gcc/arm-none-eabi/4.4.1/thumb2/libgcc.a(bpabi.o)
                0x08007f24                __gnu_uldivmod_helper
                0x08007f50                __gnu_ldivmod_helper
 .text          0x08007f7c      0x364 /home/laurence/CodeSourcery/Sourcery_G++_Lite/bin/../lib/gcc/arm-none-eabi/4.4.1/thumb2/libgcc.a(_divdi3.o)
                0x08007f7c                __divdi3
 .text          0x080082e0      0x300 /home/laurence/CodeSourcery/Sourcery_G++_Lite/bin/../lib/gcc/arm-none-eabi/4.4.1/thumb2/libgcc.a(_udivdi3.o)
                0x080082e0                __udivdi3
 .text          0x080085e0       0x30 /home/laurence/CodeSourcery/Sourcery_G++_Lite/bin/../lib/gcc/arm-none-eabi/4.4.1/../../../../arm-none-eabi/lib/thumb2/libcs3.a(start_c.o)
                0x080085e0                __cs3_premain
 .text.cs3.init
                0x08008610       0x5c /home/laurence/CodeSourcery/Sourcery_G++_Lite/bin/../lib/gcc/arm-none-eabi/4.4.1/../../../../arm-none-eabi/lib/thumb2/libcs3.a(start_c.o)
                0x08008610                __cs3_start_c
 .text          0x0800866c       0x10 /home/laurence/CodeSourcery/Sourcery_G++_Lite/bin/../lib/gcc/arm-none-eabi/4.4.1/../../../../arm-none-eabi/lib/thumb2/libcs3unhosted.a(unhosted-_close.o)
                0x0800866c                _close
 .text          0x0800867c       0x10 /home/laurence/CodeSourcery/Sourcery_G++_Lite/bin/../lib/gcc/arm-none-eabi/4.4.1/../../../../arm-none-eabi/lib/thumb2/libcs3unhosted.a(unhosted-_fstat.o)
                0x0800867c                _fstat
 .text          0x0800868c        0xe /home/laurence/CodeSourcery/Sourcery_G++_Lite/bin/../lib/gcc/arm-none-eabi/4.4.1/../../../../arm-none-eabi/lib/thumb2/libcs3unhosted.a(unhosted-isatty.o)
                0x0800868c                _isatty
 .text          0x0800869a       0x10 /home/laurence/CodeSourcery/Sourcery_G++_Lite/bin/../lib/gcc/arm-none-eabi/4.4.1/../../../../arm-none-eabi/lib/thumb2/libcs3unhosted.a(unhosted-_lseek.o)
                0x0800869a                _lseek
 .text          0x080086aa       0x10 /home/laurence/CodeSourcery/Sourcery_G++_Lite/bin/../lib/gcc/arm-none-eabi/4.4.1/../../../../arm-none-eabi/lib/thumb2/libcs3unhosted.a(unhosted-_read.o)
                0x080086aa                _read
 .text          0x080086ba       0x10 /home/laurence/CodeSourcery/Sourcery_G++_Lite/bin/../lib/gcc/arm-none-eabi/4.4.1/../../../../arm-none-eabi/lib/thumb2/libcs3unhosted.a(unhosted-_write.o)
                0x080086ba                _write
 *fill*         0x080086ca        0x2 00
 .text          0x080086cc       0x44 /home/laurence/CodeSourcery/Sourcery_G++_Lite/bin/../lib/gcc/arm-none-eabi/4.4.1/../../../../arm-none-eabi/lib/thumb2/libcs3unhosted.a(unhosted-sbrk.o)
                0x080086cc                _sbrk
 .text.cs3.init
                0x08008710       0x10 /home/laurence/CodeSourcery/Sourcery_G++_Lite/bin/../lib/gcc/arm-none-eabi/4.4.1/../../../../arm-none-eabi/lib/thumb2/libcs3unhosted.a(unhosted-start.o)
                0x08008710                _start
 .text          0x08008720        0x2 lib/libcs3-lanchon-stm32.a(lanchon_stm32_isr_interrupt.o)
                0x08008720                MemManageException
                0x08008720                BusFaultException
                0x08008720                DMAChannel7_IRQHandler
                0x08008720                DebugMonitor
                0x08008720                SVCHandler
                0x08008720                HardFaultException
                0x08008720                __STM32ReservedException8
                0x08008720                USB_HP_CAN_TX_IRQHandler
                0x08008720                __STM32DefaultExceptionHandler
                0x08008720                DMAChannel1_IRQHandler
                0x08008720                CAN_SCE_IRQHandler
                0x08008720                __STM32ReservedException10
                0x08008720                __STM32ReservedException13
                0x08008720                NMIException
                0x08008720                DMAChannel4_IRQHandler
                0x08008720                SysTickHandler
                0x08008720                PendSVC
                0x08008720                CAN_RX1_IRQHandler
                0x08008720                ADC_IRQHandler
                0x08008720                DMAChannel5_IRQHandler
                0x08008720                DMAChannel2_IRQHandler
                0x08008720                USB_LP_CAN_RX0_IRQHandler
                0x08008720                __STM32ReservedException7
                0x08008720                UsageFaultException
                0x08008720                DMAChannel6_IRQHandler
                0x08008720                DMAChannel3_IRQHandler
                0x08008720                __STM32ReservedException9
 *fill*         0x08008722        0x2 00
 .text          0x08008724        0xc /home/laurence/CodeSourcery/Sourcery_G++_Lite/bin/../lib/gcc/arm-none-eabi/4.4.1/../../../../arm-none-eabi/lib/thumb2/libc.a(lib_a-errno.o)
                0x08008724                __errno
 .text          0x08008730       0x50 /home/laurence/CodeSourcery/Sourcery_G++_Lite/bin/../lib/gcc/arm-none-eabi/4.4.1/../../../../arm-none-eabi/lib/thumb2/libc.a(lib_a-init.o)
                0x08008730                __libc_init_array
 *(.plt)
 *(.gnu.warning)
 *(.glue_7t)
 .glue_7t       0x00000000        0x0 linker stubs
 *(.glue_7)
 .glue_7        0x00000000        0x0 linker stubs
 *(.vfp11_veneer)
 .vfp11_veneer  0x00000000        0x0 linker stubs
 *(.rodata .rodata.* .gnu.linkonce.r.*)
 .rodata        0x08008780       0x98 Sensors/ubx.o
 .rodata.str1.1
                0x08008818      0x117 Sensors/ubx.o
 *fill*         0x0800892f        0x1 00
 .rodata        0x08008930       0x1c i2c.o
 .rodata.str1.1
                0x0800894c       0x70 main.o
                                 0x7a (size before relaxing)
 .rodata.str1.4
                0x080089bc        0x2 /home/laurence/CodeSourcery/Sourcery_G++_Lite/bin/../lib/gcc/arm-none-eabi/4.4.1/../../../../arm-none-eabi/lib/thumb2/libc.a(lib_a-puts.o)
                                  0x4 (size before relaxing)
 *fill*         0x080089be        0x2 00
 .rodata        0x080089c0       0x20 /home/laurence/CodeSourcery/Sourcery_G++_Lite/bin/../lib/gcc/arm-none-eabi/4.4.1/../../../../arm-none-eabi/lib/thumb2/libc.a(lib_a-vfprintf.o)
 .rodata.str1.4
                0x080089e0       0x42 /home/laurence/CodeSourcery/Sourcery_G++_Lite/bin/../lib/gcc/arm-none-eabi/4.4.1/../../../../arm-none-eabi/lib/thumb2/libc.a(lib_a-vfprintf.o)
                                 0x44 (size before relaxing)
 *fill*         0x08008a22        0x2 00
 .rodata.str1.4
                0x08008a24       0x10 /home/laurence/CodeSourcery/Sourcery_G++_Lite/bin/../lib/gcc/arm-none-eabi/4.4.1/../../../../arm-none-eabi/lib/thumb2/libc.a(lib_a-dtoa.o)
                                 0x14 (size before relaxing)
 .rodata        0x08008a34       0x60 /home/laurence/CodeSourcery/Sourcery_G++_Lite/bin/../lib/gcc/arm-none-eabi/4.4.1/../../../../arm-none-eabi/lib/thumb2/libc.a(lib_a-findfp.o)
                0x08008a34                __sf_fake_stdin
                0x08008a54                __sf_fake_stdout
                0x08008a74                __sf_fake_stderr
 .rodata        0x08008a94        0x4 /home/laurence/CodeSourcery/Sourcery_G++_Lite/bin/../lib/gcc/arm-none-eabi/4.4.1/../../../../arm-none-eabi/lib/thumb2/libc.a(lib_a-impure.o)
                0x08008a94                _global_impure_ptr
 .rodata.str1.4
                0x08008a98        0x2 /home/laurence/CodeSourcery/Sourcery_G++_Lite/bin/../lib/gcc/arm-none-eabi/4.4.1/../../../../arm-none-eabi/lib/thumb2/libc.a(lib_a-impure.o)
                                  0x4 (size before relaxing)
 *fill*         0x08008a9a        0x2 00
 .rodata        0x08008a9c       0x34 /home/laurence/CodeSourcery/Sourcery_G++_Lite/bin/../lib/gcc/arm-none-eabi/4.4.1/../../../../arm-none-eabi/lib/thumb2/libc.a(lib_a-locale.o)
 .rodata.str1.4
                0x08008ad0       0x10 /home/laurence/CodeSourcery/Sourcery_G++_Lite/bin/../lib/gcc/arm-none-eabi/4.4.1/../../../../arm-none-eabi/lib/thumb2/libc.a(lib_a-locale.o)
                                 0x18 (size before relaxing)
 .rodata        0x08008ae0      0x128 /home/laurence/CodeSourcery/Sourcery_G++_Lite/bin/../lib/gcc/arm-none-eabi/4.4.1/../../../../arm-none-eabi/lib/thumb2/libc.a(lib_a-mprec.o)
                0x08008ae0                __mprec_tens
                0x08008bb8                __mprec_bigtens
                0x08008be0                __mprec_tinytens
 *(.ARM.extab* .gnu.linkonce.armextab.*)
 *(.gcc_except_table)
 *(.eh_frame_hdr)
 *(.eh_frame)
                0x08008c08                . = ALIGN (0x4)
 *(.init)
 .init          0x08008c08        0x4 /home/laurence/CodeSourcery/Sourcery_G++_Lite/bin/../lib/gcc/arm-none-eabi/4.4.1/thumb2/crti.o
                0x08008c08                _init
 .init          0x08008c0c        0x8 /home/laurence/CodeSourcery/Sourcery_G++_Lite/bin/../lib/gcc/arm-none-eabi/4.4.1/thumb2/crtn.o
                0x08008c14                . = ALIGN (0x4)
                0x08008c14                __preinit_array_start = .
 *(.preinit_array)
                0x08008c14                __preinit_array_end = .
                0x08008c14                . = ALIGN (0x4)
                0x08008c14                __init_array_start = .
 *(SORT(.init_array.*))
 *(.init_array)
 .init_array    0x08008c14        0x4 /home/laurence/CodeSourcery/Sourcery_G++_Lite/bin/../lib/gcc/arm-none-eabi/4.4.1/thumb2/crtbegin.o
                0x08008c18                __init_array_end = .
                0x08008c18                . = ALIGN (0x4)
 *crtbegin.o(.ctors)
 *(EXCLUDE_FILE(*crtend.o) .ctors)
 *(SORT(.ctors.*))
 *crtend.o(.ctors)
                0x08008c18                . = ALIGN (0x4)
 *(.fini)
 .fini          0x08008c18        0x4 /home/laurence/CodeSourcery/Sourcery_G++_Lite/bin/../lib/gcc/arm-none-eabi/4.4.1/thumb2/crti.o
                0x08008c18                _fini
 .fini          0x08008c1c        0x8 /home/laurence/CodeSourcery/Sourcery_G++_Lite/bin/../lib/gcc/arm-none-eabi/4.4.1/thumb2/crtn.o
                0x08008c24                . = ALIGN (0x4)
                0x08008c24                __fini_array_start = .
 *(.fini_array)
 .fini_array    0x08008c24        0x4 /home/laurence/CodeSourcery/Sourcery_G++_Lite/bin/../lib/gcc/arm-none-eabi/4.4.1/thumb2/crtbegin.o
 *(SORT(.fini_array.*))
                0x08008c28                __fini_array_end = .
 *crtbegin.o(.dtors)
 *(EXCLUDE_FILE(*crtend.o) .dtors)
 *(SORT(.dtors.*))
 *crtend.o(.dtors)
                0x08008c28                . = ALIGN (0x4)
                0x08008c28                __cs3_regions = .
                0x08008c28        0x4 LONG 0x0
                0x08008c2c        0x4 LONG 0x8008c48 __cs3_region_init_ram
                0x08008c30        0x4 LONG 0x20000000 __cs3_region_start_ram
                0x08008c34        0x4 LONG 0x528 __cs3_region_init_size_ram
                0x08008c38        0x4 LONG 0x168 __cs3_region_zero_size_ram
                0x08008c3c                __exidx_start = .

.v4_bx          0x08008c3c        0x0
 .v4_bx         0x00000000        0x0 linker stubs

.ARM.exidx      0x08008c3c        0x8
 *(.ARM.exidx* .gnu.linkonce.armexidx.*)
 .ARM.exidx     0x08008c3c        0x8 /home/laurence/CodeSourcery/Sourcery_G++_Lite/bin/../lib/gcc/arm-none-eabi/4.4.1/thumb2/libgcc.a(_divdi3.o)
 .ARM.exidx     0x08008c44        0x0 /home/laurence/CodeSourcery/Sourcery_G++_Lite/bin/../lib/gcc/arm-none-eabi/4.4.1/thumb2/libgcc.a(_udivdi3.o)
                                  0x8 (size before relaxing)
                0x08008c44                __exidx_end = .

.text.align     0x08008c44        0x4
                0x08008c48                . = ALIGN (0x8)
 *fill*         0x08008c44        0x4 00
                0x08008c48                _etext = .
                0x08020000                __cs3_region_end_rom = (__cs3_region_start_rom + 0x20000)
                0x00020000                __cs3_region_size_rom = 0x20000
                0x00000001                __cs3_region_num = 0x1

.data           0x20000000      0x528 load address 0x08008c48
                0x20000000                __cs3_region_start_ram = .
 *(.cs3.region-head.ram)
 *(.jcr)
 .jcr           0x20000000        0x0 /home/laurence/CodeSourcery/Sourcery_G++_Lite/bin/../lib/gcc/arm-none-eabi/4.4.1/thumb2/crtbegin.o
 .jcr           0x20000000        0x4 /home/laurence/CodeSourcery/Sourcery_G++_Lite/bin/../lib/gcc/arm-none-eabi/4.4.1/thumb2/crtend.o
 *(.got.plt)
 *(.got)
 *(.shdata)
 *(.data .data.* .gnu.linkonce.d.*)
 .data          0x20000004       0x14 lib/STM32F10x_StdPeriph_Driver/libstm32fw.a(stm32f10x_rcc.o)
 .data          0x20000018       0xf4 /home/laurence/CodeSourcery/Sourcery_G++_Lite/bin/../lib/gcc/arm-none-eabi/4.4.1/../../../../arm-none-eabi/lib/thumb2/libc.a(lib_a-impure.o)
                0x20000018                _impure_ptr
 .data          0x2000010c      0x410 /home/laurence/CodeSourcery/Sourcery_G++_Lite/bin/../lib/gcc/arm-none-eabi/4.4.1/../../../../arm-none-eabi/lib/thumb2/libc.a(lib_a-mallocr.o)
                0x2000010c                __malloc_av_
                0x20000514                __malloc_sbrk_base
                0x20000518                __malloc_trim_threshold
 .data          0x2000051c        0x4 /home/laurence/CodeSourcery/Sourcery_G++_Lite/bin/../lib/gcc/arm-none-eabi/4.4.1/../../../../arm-none-eabi/lib/thumb2/libcs3unhosted.a(unhosted-sbrk.o)
 .data          0x20000520        0x4 /home/laurence/CodeSourcery/Sourcery_G++_Lite/bin/../lib/gcc/arm-none-eabi/4.4.1/../../../../arm-none-eabi/lib/thumb2/libcs3.a(heap.o)
                0x20000520                __cs3_heap_limit
 *(.ram)
                0x20000528                . = ALIGN (0x8)
 *fill*         0x20000524        0x4 00
                0x20000528                _edata = .

.bss            0x20000528      0x168 load address 0x08009170
 *(.shbss)
 *(.bss .bss.* .gnu.linkonce.b.*)
 .bss           0x20000528        0x1 /home/laurence/CodeSourcery/Sourcery_G++_Lite/bin/../lib/gcc/arm-none-eabi/4.4.1/thumb2/crtbegin.o
 *fill*         0x20000529        0x1 00
 .bss           0x2000052a        0xa Sensors/ubx.o
 .bss           0x20000534      0x124 main.o
                0x20000534                Gps_Buffer
                0x20000638                Gps
 .bss           0x20000658       0x34 /home/laurence/CodeSourcery/Sourcery_G++_Lite/bin/../lib/gcc/arm-none-eabi/4.4.1/../../../../arm-none-eabi/lib/thumb2/libc.a(lib_a-mallocr.o)
                0x20000658                __malloc_top_pad
                0x2000065c                __malloc_current_mallinfo
                0x20000684                __malloc_max_sbrked_mem
                0x20000688                __malloc_max_total_mem
 *(COMMON)
 COMMON         0x2000068c        0x4 /home/laurence/CodeSourcery/Sourcery_G++_Lite/bin/../lib/gcc/arm-none-eabi/4.4.1/../../../../arm-none-eabi/lib/thumb2/libc.a(lib_a-reent.o)
                0x2000068c                errno
 *(.ram.b)
                0x20000690                . = ALIGN (0x8)
                0x20000690                _end = .
                0x20000690                __end = .
                0x20005000                __cs3_region_end_ram = (__cs3_region_start_ram + 0x5000)
                0x00005000                __cs3_region_size_ram = 0x5000
                0x08008c48                __cs3_region_init_ram = LOADADDR (.data)
                0x00000528                __cs3_region_init_size_ram = (_edata - ADDR (.data))
                0x00000168                __cs3_region_zero_size_ram = (_end - _edata)
                0x00000001                __cs3_region_num = 0x1

.stab
 *(.stab)

.stabstr
 *(.stabstr)

.debug
 *(.debug)

.line
 *(.line)

.debug_srcinfo
 *(.debug_srcinfo)

.debug_sfnames
 *(.debug_sfnames)

.debug_aranges
 *(.debug_aranges)

.debug_pubnames
 *(.debug_pubnames)

.debug_info
 *(.debug_info .gnu.linkonce.wi.*)

.debug_abbrev
 *(.debug_abbrev)

.debug_line
 *(.debug_line)

.comment        0x00000000      0x285
 .comment       0x00000000       0x2b Sensors/ubx.o
 .comment       0x0000002b       0x2b Util/delay.o
 .comment       0x00000056       0x2b dma.o
 .comment       0x00000081       0x2b gpio.o
 .comment       0x000000ac       0x2b i2c.o
 .comment       0x000000d7       0x2b interrupts.o
 .comment       0x00000102       0x2b lib/CMSIS_CM3/core_cm3.o
 .comment       0x0000012d       0x2b lib/CMSIS_CM3/system_stm32f10x.o
 .comment       0x00000158       0x2b main.o
 .comment       0x00000183       0x2b usart.o
 .comment       0x000001ae       0x2b lib/STM32F10x_StdPeriph_Driver/libstm32fw.a(stm32f10x_dma.o)
 .comment       0x000001d9       0x2b lib/STM32F10x_StdPeriph_Driver/libstm32fw.a(stm32f10x_gpio.o)
 .comment       0x00000204       0x2b lib/STM32F10x_StdPeriph_Driver/libstm32fw.a(stm32f10x_i2c.o)
 .comment       0x0000022f       0x2b lib/STM32F10x_StdPeriph_Driver/libstm32fw.a(stm32f10x_rcc.o)
 .comment       0x0000025a       0x2b lib/STM32F10x_StdPeriph_Driver/libstm32fw.a(stm32f10x_usart.o)

.debug_frame    0x00000000      0xdcc
 *(.debug_frame)
 .debug_frame   0x00000000       0x5c /home/laurence/CodeSourcery/Sourcery_G++_Lite/bin/../lib/gcc/arm-none-eabi/4.4.1/../../../../arm-none-eabi/lib/thumb2/libc.a(lib_a-printf.o)
 .debug_frame   0x0000005c       0x40 /home/laurence/CodeSourcery/Sourcery_G++_Lite/bin/../lib/gcc/arm-none-eabi/4.4.1/../../../../arm-none-eabi/lib/thumb2/libc.a(lib_a-puts.o)
 .debug_frame   0x0000009c       0x20 /home/laurence/CodeSourcery/Sourcery_G++_Lite/bin/../lib/gcc/arm-none-eabi/4.4.1/../../../../arm-none-eabi/lib/thumb2/libc.a(lib_a-strlen.o)
 .debug_frame   0x000000bc       0x70 /home/laurence/CodeSourcery/Sourcery_G++_Lite/bin/../lib/gcc/arm-none-eabi/4.4.1/../../../../arm-none-eabi/lib/thumb2/libc.a(lib_a-vfprintf.o)
 .debug_frame   0x0000012c       0x2c /home/laurence/CodeSourcery/Sourcery_G++_Lite/bin/../lib/gcc/arm-none-eabi/4.4.1/../../../../arm-none-eabi/lib/thumb2/libc.a(lib_a-wsetup.o)
 .debug_frame   0x00000158       0x64 /home/laurence/CodeSourcery/Sourcery_G++_Lite/bin/../lib/gcc/arm-none-eabi/4.4.1/../../../../arm-none-eabi/lib/thumb2/libc.a(lib_a-dtoa.o)
 .debug_frame   0x000001bc       0x40 /home/laurence/CodeSourcery/Sourcery_G++_Lite/bin/../lib/gcc/arm-none-eabi/4.4.1/../../../../arm-none-eabi/lib/thumb2/libc.a(lib_a-fflush.o)
 .debug_frame   0x000001fc      0x11c /home/laurence/CodeSourcery/Sourcery_G++_Lite/bin/../lib/gcc/arm-none-eabi/4.4.1/../../../../arm-none-eabi/lib/thumb2/libc.a(lib_a-findfp.o)
 .debug_frame   0x00000318       0x50 /home/laurence/CodeSourcery/Sourcery_G++_Lite/bin/../lib/gcc/arm-none-eabi/4.4.1/../../../../arm-none-eabi/lib/thumb2/libc.a(lib_a-freer.o)
 .debug_frame   0x00000368       0x3c /home/laurence/CodeSourcery/Sourcery_G++_Lite/bin/../lib/gcc/arm-none-eabi/4.4.1/../../../../arm-none-eabi/lib/thumb2/libc.a(lib_a-fvwrite.o)
 .debug_frame   0x000003a4       0x54 /home/laurence/CodeSourcery/Sourcery_G++_Lite/bin/../lib/gcc/arm-none-eabi/4.4.1/../../../../arm-none-eabi/lib/thumb2/libc.a(lib_a-fwalk.o)
 .debug_frame   0x000003f8       0x6c /home/laurence/CodeSourcery/Sourcery_G++_Lite/bin/../lib/gcc/arm-none-eabi/4.4.1/../../../../arm-none-eabi/lib/thumb2/libc.a(lib_a-locale.o)
 .debug_frame   0x00000464       0x34 /home/laurence/CodeSourcery/Sourcery_G++_Lite/bin/../lib/gcc/arm-none-eabi/4.4.1/../../../../arm-none-eabi/lib/thumb2/libc.a(lib_a-makebuf.o)
 .debug_frame   0x00000498       0x30 /home/laurence/CodeSourcery/Sourcery_G++_Lite/bin/../lib/gcc/arm-none-eabi/4.4.1/../../../../arm-none-eabi/lib/thumb2/libc.a(lib_a-malloc.o)
 .debug_frame   0x000004c8       0x3c /home/laurence/CodeSourcery/Sourcery_G++_Lite/bin/../lib/gcc/arm-none-eabi/4.4.1/../../../../arm-none-eabi/lib/thumb2/libc.a(lib_a-mallocr.o)
 .debug_frame   0x00000504       0x28 /home/laurence/CodeSourcery/Sourcery_G++_Lite/bin/../lib/gcc/arm-none-eabi/4.4.1/../../../../arm-none-eabi/lib/thumb2/libc.a(lib_a-memchr.o)
 .debug_frame   0x0000052c       0x34 /home/laurence/CodeSourcery/Sourcery_G++_Lite/bin/../lib/gcc/arm-none-eabi/4.4.1/../../../../arm-none-eabi/lib/thumb2/libc.a(lib_a-memcpy.o)
 .debug_frame   0x00000560       0x2c /home/laurence/CodeSourcery/Sourcery_G++_Lite/bin/../lib/gcc/arm-none-eabi/4.4.1/../../../../arm-none-eabi/lib/thumb2/libc.a(lib_a-memmove.o)
 .debug_frame   0x0000058c       0x28 /home/laurence/CodeSourcery/Sourcery_G++_Lite/bin/../lib/gcc/arm-none-eabi/4.4.1/../../../../arm-none-eabi/lib/thumb2/libc.a(lib_a-memset.o)
 .debug_frame   0x000005b4       0x30 /home/laurence/CodeSourcery/Sourcery_G++_Lite/bin/../lib/gcc/arm-none-eabi/4.4.1/../../../../arm-none-eabi/lib/thumb2/libc.a(lib_a-mlock.o)
 .debug_frame   0x000005e4      0x240 /home/laurence/CodeSourcery/Sourcery_G++_Lite/bin/../lib/gcc/arm-none-eabi/4.4.1/../../../../arm-none-eabi/lib/thumb2/libc.a(lib_a-mprec.o)
 .debug_frame   0x00000824       0x3c /home/laurence/CodeSourcery/Sourcery_G++_Lite/bin/../lib/gcc/arm-none-eabi/4.4.1/../../../../arm-none-eabi/lib/thumb2/libc.a(lib_a-reallocr.o)
 .debug_frame   0x00000860       0x20 /home/laurence/CodeSourcery/Sourcery_G++_Lite/bin/../lib/gcc/arm-none-eabi/4.4.1/../../../../arm-none-eabi/lib/thumb2/libc.a(lib_a-s_isinfd.o)
 .debug_frame   0x00000880       0x20 /home/laurence/CodeSourcery/Sourcery_G++_Lite/bin/../lib/gcc/arm-none-eabi/4.4.1/../../../../arm-none-eabi/lib/thumb2/libc.a(lib_a-s_isnand.o)
 .debug_frame   0x000008a0       0x2c /home/laurence/CodeSourcery/Sourcery_G++_Lite/bin/../lib/gcc/arm-none-eabi/4.4.1/../../../../arm-none-eabi/lib/thumb2/libc.a(lib_a-sbrkr.o)
 .debug_frame   0x000008cc       0x70 /home/laurence/CodeSourcery/Sourcery_G++_Lite/bin/../lib/gcc/arm-none-eabi/4.4.1/../../../../arm-none-eabi/lib/thumb2/libc.a(lib_a-stdio.o)
 .debug_frame   0x0000093c       0x30 /home/laurence/CodeSourcery/Sourcery_G++_Lite/bin/../lib/gcc/arm-none-eabi/4.4.1/../../../../arm-none-eabi/lib/thumb2/libc.a(lib_a-strcmp.o)
 .debug_frame   0x0000096c       0x2c /home/laurence/CodeSourcery/Sourcery_G++_Lite/bin/../lib/gcc/arm-none-eabi/4.4.1/../../../../arm-none-eabi/lib/thumb2/libc.a(lib_a-writer.o)
 .debug_frame   0x00000998       0x2c /home/laurence/CodeSourcery/Sourcery_G++_Lite/bin/../lib/gcc/arm-none-eabi/4.4.1/../../../../arm-none-eabi/lib/thumb2/libc.a(lib_a-callocr.o)
 .debug_frame   0x000009c4       0x2c /home/laurence/CodeSourcery/Sourcery_G++_Lite/bin/../lib/gcc/arm-none-eabi/4.4.1/../../../../arm-none-eabi/lib/thumb2/libc.a(lib_a-closer.o)
 .debug_frame   0x000009f0       0x3c /home/laurence/CodeSourcery/Sourcery_G++_Lite/bin/../lib/gcc/arm-none-eabi/4.4.1/../../../../arm-none-eabi/lib/thumb2/libc.a(lib_a-fclose.o)
 .debug_frame   0x00000a2c       0x2c /home/laurence/CodeSourcery/Sourcery_G++_Lite/bin/../lib/gcc/arm-none-eabi/4.4.1/../../../../arm-none-eabi/lib/thumb2/libc.a(lib_a-fstatr.o)
 .debug_frame   0x00000a58       0x2c /home/laurence/CodeSourcery/Sourcery_G++_Lite/bin/../lib/gcc/arm-none-eabi/4.4.1/../../../../arm-none-eabi/lib/thumb2/libc.a(lib_a-isattyr.o)
 .debug_frame   0x00000a84       0x2c /home/laurence/CodeSourcery/Sourcery_G++_Lite/bin/../lib/gcc/arm-none-eabi/4.4.1/../../../../arm-none-eabi/lib/thumb2/libc.a(lib_a-lseekr.o)
 .debug_frame   0x00000ab0       0x2c /home/laurence/CodeSourcery/Sourcery_G++_Lite/bin/../lib/gcc/arm-none-eabi/4.4.1/../../../../arm-none-eabi/lib/thumb2/libc.a(lib_a-readr.o)
 .debug_frame   0x00000adc       0x64 /home/laurence/CodeSourcery/Sourcery_G++_Lite/bin/../lib/gcc/arm-none-eabi/4.4.1/../../../../arm-none-eabi/lib/thumb2/libc.a(lib_a-reent.o)
 .debug_frame   0x00000b40       0x20 /home/laurence/CodeSourcery/Sourcery_G++_Lite/bin/../lib/gcc/arm-none-eabi/4.4.1/thumb2/libgcc.a(_udivsi3.o)
 .debug_frame   0x00000b60       0x50 /home/laurence/CodeSourcery/Sourcery_G++_Lite/bin/../lib/gcc/arm-none-eabi/4.4.1/thumb2/libgcc.a(bpabi.o)
 .debug_frame   0x00000bb0       0x3c /home/laurence/CodeSourcery/Sourcery_G++_Lite/bin/../lib/gcc/arm-none-eabi/4.4.1/thumb2/libgcc.a(_divdi3.o)
 .debug_frame   0x00000bec       0x3c /home/laurence/CodeSourcery/Sourcery_G++_Lite/bin/../lib/gcc/arm-none-eabi/4.4.1/thumb2/libgcc.a(_udivdi3.o)
 .debug_frame   0x00000c28       0x40 /home/laurence/CodeSourcery/Sourcery_G++_Lite/bin/../lib/gcc/arm-none-eabi/4.4.1/../../../../arm-none-eabi/lib/thumb2/libcs3.a(start_c.o)
 .debug_frame   0x00000c68       0x28 /home/laurence/CodeSourcery/Sourcery_G++_Lite/bin/../lib/gcc/arm-none-eabi/4.4.1/../../../../arm-none-eabi/lib/thumb2/libcs3unhosted.a(unhosted-_close.o)
 .debug_frame   0x00000c90       0x28 /home/laurence/CodeSourcery/Sourcery_G++_Lite/bin/../lib/gcc/arm-none-eabi/4.4.1/../../../../arm-none-eabi/lib/thumb2/libcs3unhosted.a(unhosted-_fstat.o)
 .debug_frame   0x00000cb8       0x28 /home/laurence/CodeSourcery/Sourcery_G++_Lite/bin/../lib/gcc/arm-none-eabi/4.4.1/../../../../arm-none-eabi/lib/thumb2/libcs3unhosted.a(unhosted-isatty.o)
 .debug_frame   0x00000ce0       0x28 /home/laurence/CodeSourcery/Sourcery_G++_Lite/bin/../lib/gcc/arm-none-eabi/4.4.1/../../../../arm-none-eabi/lib/thumb2/libcs3unhosted.a(unhosted-_lseek.o)
 .debug_frame   0x00000d08       0x28 /home/laurence/CodeSourcery/Sourcery_G++_Lite/bin/../lib/gcc/arm-none-eabi/4.4.1/../../../../arm-none-eabi/lib/thumb2/libcs3unhosted.a(unhosted-_read.o)
 .debug_frame   0x00000d30       0x28 /home/laurence/CodeSourcery/Sourcery_G++_Lite/bin/../lib/gcc/arm-none-eabi/4.4.1/../../../../arm-none-eabi/lib/thumb2/libcs3unhosted.a(unhosted-_write.o)
 .debug_frame   0x00000d58       0x28 /home/laurence/CodeSourcery/Sourcery_G++_Lite/bin/../lib/gcc/arm-none-eabi/4.4.1/../../../../arm-none-eabi/lib/thumb2/libcs3unhosted.a(unhosted-sbrk.o)
 .debug_frame   0x00000d80       0x20 /home/laurence/CodeSourcery/Sourcery_G++_Lite/bin/../lib/gcc/arm-none-eabi/4.4.1/../../../../arm-none-eabi/lib/thumb2/libc.a(lib_a-errno.o)
 .debug_frame   0x00000da0       0x2c /home/laurence/CodeSourcery/Sourcery_G++_Lite/bin/../lib/gcc/arm-none-eabi/4.4.1/../../../../arm-none-eabi/lib/thumb2/libc.a(lib_a-init.o)

.debug_str
 *(.debug_str)

.debug_loc
 *(.debug_loc)

.debug_macinfo
 *(.debug_macinfo)

.debug_weaknames
 *(.debug_weaknames)

.debug_funcnames
 *(.debug_funcnames)

.debug_typenames
 *(.debug_typenames)

.debug_varnames
 *(.debug_varnames)

.note.gnu.arm.ident
 *(.note.gnu.arm.ident)

.ARM.attributes
                0x00000000       0x25
 *(.ARM.attributes)
 .ARM.attributes
                0x00000000       0x19 /home/laurence/CodeSourcery/Sourcery_G++_Lite/bin/../lib/gcc/arm-none-eabi/4.4.1/thumb2/crti.o
 .ARM.attributes
                0x00000019       0x29 /home/laurence/CodeSourcery/Sourcery_G++_Lite/bin/../lib/gcc/arm-none-eabi/4.4.1/thumb2/crtbegin.o
 .ARM.attributes
                0x00000042       0x31 Sensors/ubx.o
 .ARM.attributes
                0x00000073       0x31 Util/delay.o
 .ARM.attributes
                0x000000a4       0x31 dma.o
 .ARM.attributes
                0x000000d5       0x31 gpio.o
 .ARM.attributes
                0x00000106       0x31 i2c.o
 .ARM.attributes
                0x00000137       0x31 interrupts.o
 .ARM.attributes
                0x00000168       0x31 lib/CMSIS_CM3/core_cm3.o
 .ARM.attributes
                0x00000199       0x21 lib/CMSIS_CM3/startup/gcc/startup_stm32f10x_md.o
 .ARM.attributes
                0x000001ba       0x31 lib/CMSIS_CM3/system_stm32f10x.o
 .ARM.attributes
                0x000001eb       0x31 main.o
 .ARM.attributes
                0x0000021c       0x31 usart.o
 .ARM.attributes
                0x0000024d       0x31 lib/STM32F10x_StdPeriph_Driver/libstm32fw.a(stm32f10x_dma.o)
 .ARM.attributes
                0x0000027e       0x31 lib/STM32F10x_StdPeriph_Driver/libstm32fw.a(stm32f10x_gpio.o)
 .ARM.attributes
                0x000002af       0x31 lib/STM32F10x_StdPeriph_Driver/libstm32fw.a(stm32f10x_i2c.o)
 .ARM.attributes
                0x000002e0       0x31 lib/STM32F10x_StdPeriph_Driver/libstm32fw.a(stm32f10x_rcc.o)
 .ARM.attributes
                0x00000311       0x31 lib/STM32F10x_StdPeriph_Driver/libstm32fw.a(stm32f10x_usart.o)
 .ARM.attributes
                0x00000342       0x29 /home/laurence/CodeSourcery/Sourcery_G++_Lite/bin/../lib/gcc/arm-none-eabi/4.4.1/../../../../arm-none-eabi/lib/thumb2/libc.a(lib_a-printf.o)
 .ARM.attributes
                0x0000036b       0x29 /home/laurence/CodeSourcery/Sourcery_G++_Lite/bin/../lib/gcc/arm-none-eabi/4.4.1/../../../../arm-none-eabi/lib/thumb2/libc.a(lib_a-puts.o)
 .ARM.attributes
                0x00000394       0x29 /home/laurence/CodeSourcery/Sourcery_G++_Lite/bin/../lib/gcc/arm-none-eabi/4.4.1/../../../../arm-none-eabi/lib/thumb2/libc.a(lib_a-strlen.o)
 .ARM.attributes
                0x000003bd       0x29 /home/laurence/CodeSourcery/Sourcery_G++_Lite/bin/../lib/gcc/arm-none-eabi/4.4.1/../../../../arm-none-eabi/lib/thumb2/libc.a(lib_a-vfprintf.o)
 .ARM.attributes
                0x000003e6       0x29 /home/laurence/CodeSourcery/Sourcery_G++_Lite/bin/../lib/gcc/arm-none-eabi/4.4.1/../../../../arm-none-eabi/lib/thumb2/libc.a(lib_a-wsetup.o)
 .ARM.attributes
                0x0000040f       0x29 /home/laurence/CodeSourcery/Sourcery_G++_Lite/bin/../lib/gcc/arm-none-eabi/4.4.1/../../../../arm-none-eabi/lib/thumb2/libc.a(lib_a-dtoa.o)
 .ARM.attributes
                0x00000438       0x29 /home/laurence/CodeSourcery/Sourcery_G++_Lite/bin/../lib/gcc/arm-none-eabi/4.4.1/../../../../arm-none-eabi/lib/thumb2/libc.a(lib_a-fflush.o)
 .ARM.attributes
                0x00000461       0x29 /home/laurence/CodeSourcery/Sourcery_G++_Lite/bin/../lib/gcc/arm-none-eabi/4.4.1/../../../../arm-none-eabi/lib/thumb2/libc.a(lib_a-findfp.o)
 .ARM.attributes
                0x0000048a       0x29 /home/laurence/CodeSourcery/Sourcery_G++_Lite/bin/../lib/gcc/arm-none-eabi/4.4.1/../../../../arm-none-eabi/lib/thumb2/libc.a(lib_a-freer.o)
 .ARM.attributes
                0x000004b3       0x29 /home/laurence/CodeSourcery/Sourcery_G++_Lite/bin/../lib/gcc/arm-none-eabi/4.4.1/../../../../arm-none-eabi/lib/thumb2/libc.a(lib_a-fvwrite.o)
 .ARM.attributes
                0x000004dc       0x29 /home/laurence/CodeSourcery/Sourcery_G++_Lite/bin/../lib/gcc/arm-none-eabi/4.4.1/../../../../arm-none-eabi/lib/thumb2/libc.a(lib_a-fwalk.o)
 .ARM.attributes
                0x00000505       0x29 /home/laurence/CodeSourcery/Sourcery_G++_Lite/bin/../lib/gcc/arm-none-eabi/4.4.1/../../../../arm-none-eabi/lib/thumb2/libc.a(lib_a-impure.o)
 .ARM.attributes
                0x0000052e       0x29 /home/laurence/CodeSourcery/Sourcery_G++_Lite/bin/../lib/gcc/arm-none-eabi/4.4.1/../../../../arm-none-eabi/lib/thumb2/libc.a(lib_a-locale.o)
 .ARM.attributes
                0x00000557       0x29 /home/laurence/CodeSourcery/Sourcery_G++_Lite/bin/../lib/gcc/arm-none-eabi/4.4.1/../../../../arm-none-eabi/lib/thumb2/libc.a(lib_a-makebuf.o)
 .ARM.attributes
                0x00000580       0x29 /home/laurence/CodeSourcery/Sourcery_G++_Lite/bin/../lib/gcc/arm-none-eabi/4.4.1/../../../../arm-none-eabi/lib/thumb2/libc.a(lib_a-malloc.o)
 .ARM.attributes
                0x000005a9       0x29 /home/laurence/CodeSourcery/Sourcery_G++_Lite/bin/../lib/gcc/arm-none-eabi/4.4.1/../../../../arm-none-eabi/lib/thumb2/libc.a(lib_a-mallocr.o)
 .ARM.attributes
                0x000005d2       0x29 /home/laurence/CodeSourcery/Sourcery_G++_Lite/bin/../lib/gcc/arm-none-eabi/4.4.1/../../../../arm-none-eabi/lib/thumb2/libc.a(lib_a-memchr.o)
 .ARM.attributes
                0x000005fb       0x29 /home/laurence/CodeSourcery/Sourcery_G++_Lite/bin/../lib/gcc/arm-none-eabi/4.4.1/../../../../arm-none-eabi/lib/thumb2/libc.a(lib_a-memcpy.o)
 .ARM.attributes
                0x00000624       0x29 /home/laurence/CodeSourcery/Sourcery_G++_Lite/bin/../lib/gcc/arm-none-eabi/4.4.1/../../../../arm-none-eabi/lib/thumb2/libc.a(lib_a-memmove.o)
 .ARM.attributes
                0x0000064d       0x29 /home/laurence/CodeSourcery/Sourcery_G++_Lite/bin/../lib/gcc/arm-none-eabi/4.4.1/../../../../arm-none-eabi/lib/thumb2/libc.a(lib_a-memset.o)
 .ARM.attributes
                0x00000676       0x29 /home/laurence/CodeSourcery/Sourcery_G++_Lite/bin/../lib/gcc/arm-none-eabi/4.4.1/../../../../arm-none-eabi/lib/thumb2/libc.a(lib_a-mlock.o)
 .ARM.attributes
                0x0000069f       0x29 /home/laurence/CodeSourcery/Sourcery_G++_Lite/bin/../lib/gcc/arm-none-eabi/4.4.1/../../../../arm-none-eabi/lib/thumb2/libc.a(lib_a-mprec.o)
 .ARM.attributes
                0x000006c8       0x29 /home/laurence/CodeSourcery/Sourcery_G++_Lite/bin/../lib/gcc/arm-none-eabi/4.4.1/../../../../arm-none-eabi/lib/thumb2/libc.a(lib_a-reallocr.o)
 .ARM.attributes
                0x000006f1       0x29 /home/laurence/CodeSourcery/Sourcery_G++_Lite/bin/../lib/gcc/arm-none-eabi/4.4.1/../../../../arm-none-eabi/lib/thumb2/libc.a(lib_a-s_isinfd.o)
 .ARM.attributes
                0x0000071a       0x29 /home/laurence/CodeSourcery/Sourcery_G++_Lite/bin/../lib/gcc/arm-none-eabi/4.4.1/../../../../arm-none-eabi/lib/thumb2/libc.a(lib_a-s_isnand.o)
 .ARM.attributes
                0x00000743       0x29 /home/laurence/CodeSourcery/Sourcery_G++_Lite/bin/../lib/gcc/arm-none-eabi/4.4.1/../../../../arm-none-eabi/lib/thumb2/libc.a(lib_a-sbrkr.o)
 .ARM.attributes
                0x0000076c       0x29 /home/laurence/CodeSourcery/Sourcery_G++_Lite/bin/../lib/gcc/arm-none-eabi/4.4.1/../../../../arm-none-eabi/lib/thumb2/libc.a(lib_a-stdio.o)
 .ARM.attributes
                0x00000795       0x29 /home/laurence/CodeSourcery/Sourcery_G++_Lite/bin/../lib/gcc/arm-none-eabi/4.4.1/../../../../arm-none-eabi/lib/thumb2/libc.a(lib_a-strcmp.o)
 .ARM.attributes
                0x000007be       0x29 /home/laurence/CodeSourcery/Sourcery_G++_Lite/bin/../lib/gcc/arm-none-eabi/4.4.1/../../../../arm-none-eabi/lib/thumb2/libc.a(lib_a-writer.o)
 .ARM.attributes
                0x000007e7       0x29 /home/laurence/CodeSourcery/Sourcery_G++_Lite/bin/../lib/gcc/arm-none-eabi/4.4.1/../../../../arm-none-eabi/lib/thumb2/libc.a(lib_a-callocr.o)
 .ARM.attributes
                0x00000810       0x29 /home/laurence/CodeSourcery/Sourcery_G++_Lite/bin/../lib/gcc/arm-none-eabi/4.4.1/../../../../arm-none-eabi/lib/thumb2/libc.a(lib_a-closer.o)
 .ARM.attributes
                0x00000839       0x29 /home/laurence/CodeSourcery/Sourcery_G++_Lite/bin/../lib/gcc/arm-none-eabi/4.4.1/../../../../arm-none-eabi/lib/thumb2/libc.a(lib_a-fclose.o)
 .ARM.attributes
                0x00000862       0x29 /home/laurence/CodeSourcery/Sourcery_G++_Lite/bin/../lib/gcc/arm-none-eabi/4.4.1/../../../../arm-none-eabi/lib/thumb2/libc.a(lib_a-fstatr.o)
 .ARM.attributes
                0x0000088b       0x29 /home/laurence/CodeSourcery/Sourcery_G++_Lite/bin/../lib/gcc/arm-none-eabi/4.4.1/../../../../arm-none-eabi/lib/thumb2/libc.a(lib_a-isattyr.o)
 .ARM.attributes
                0x000008b4       0x29 /home/laurence/CodeSourcery/Sourcery_G++_Lite/bin/../lib/gcc/arm-none-eabi/4.4.1/../../../../arm-none-eabi/lib/thumb2/libc.a(lib_a-lseekr.o)
 .ARM.attributes
                0x000008dd       0x29 /home/laurence/CodeSourcery/Sourcery_G++_Lite/bin/../lib/gcc/arm-none-eabi/4.4.1/../../../../arm-none-eabi/lib/thumb2/libc.a(lib_a-readr.o)
 .ARM.attributes
                0x00000906       0x29 /home/laurence/CodeSourcery/Sourcery_G++_Lite/bin/../lib/gcc/arm-none-eabi/4.4.1/../../../../arm-none-eabi/lib/thumb2/libc.a(lib_a-reent.o)
 .ARM.attributes
                0x0000092f       0x1b /home/laurence/CodeSourcery/Sourcery_G++_Lite/bin/../lib/gcc/arm-none-eabi/4.4.1/thumb2/libgcc.a(_udivsi3.o)
 .ARM.attributes
                0x0000094a       0x1b /home/laurence/CodeSourcery/Sourcery_G++_Lite/bin/../lib/gcc/arm-none-eabi/4.4.1/thumb2/libgcc.a(_dvmd_tls.o)
 .ARM.attributes
                0x00000965       0x1b /home/laurence/CodeSourcery/Sourcery_G++_Lite/bin/../lib/gcc/arm-none-eabi/4.4.1/thumb2/libgcc.a(_arm_addsubdf3.o)
 .ARM.attributes
                0x00000980       0x1b /home/laurence/CodeSourcery/Sourcery_G++_Lite/bin/../lib/gcc/arm-none-eabi/4.4.1/thumb2/libgcc.a(_arm_muldivdf3.o)
 .ARM.attributes
                0x0000099b       0x1b /home/laurence/CodeSourcery/Sourcery_G++_Lite/bin/../lib/gcc/arm-none-eabi/4.4.1/thumb2/libgcc.a(_arm_cmpdf2.o)
 .ARM.attributes
                0x000009b6       0x1b /home/laurence/CodeSourcery/Sourcery_G++_Lite/bin/../lib/gcc/arm-none-eabi/4.4.1/thumb2/libgcc.a(_arm_fixdfsi.o)
 .ARM.attributes
                0x000009d1       0x1b /home/laurence/CodeSourcery/Sourcery_G++_Lite/bin/../lib/gcc/arm-none-eabi/4.4.1/thumb2/libgcc.a(_aeabi_uldivmod.o)
 .ARM.attributes
                0x000009ec       0x29 /home/laurence/CodeSourcery/Sourcery_G++_Lite/bin/../lib/gcc/arm-none-eabi/4.4.1/thumb2/libgcc.a(bpabi.o)
 .ARM.attributes
                0x00000a15       0x29 /home/laurence/CodeSourcery/Sourcery_G++_Lite/bin/../lib/gcc/arm-none-eabi/4.4.1/thumb2/libgcc.a(_divdi3.o)
 .ARM.attributes
                0x00000a3e       0x29 /home/laurence/CodeSourcery/Sourcery_G++_Lite/bin/../lib/gcc/arm-none-eabi/4.4.1/thumb2/libgcc.a(_udivdi3.o)
 .ARM.attributes
                0x00000a67       0x29 /home/laurence/CodeSourcery/Sourcery_G++_Lite/bin/../lib/gcc/arm-none-eabi/4.4.1/thumb2/crtend.o
 .ARM.attributes
                0x00000a90       0x19 /home/laurence/CodeSourcery/Sourcery_G++_Lite/bin/../lib/gcc/arm-none-eabi/4.4.1/thumb2/crtn.o
 .ARM.attributes
                0x00000aa9       0x29 /home/laurence/CodeSourcery/Sourcery_G++_Lite/bin/../lib/gcc/arm-none-eabi/4.4.1/../../../../arm-none-eabi/lib/thumb2/libcs3.a(start_c.o)
 .ARM.attributes
                0x00000ad2       0x29 /home/laurence/CodeSourcery/Sourcery_G++_Lite/bin/../lib/gcc/arm-none-eabi/4.4.1/../../../../arm-none-eabi/lib/thumb2/libcs3unhosted.a(unhosted-_close.o)
 .ARM.attributes
                0x00000afb       0x29 /home/laurence/CodeSourcery/Sourcery_G++_Lite/bin/../lib/gcc/arm-none-eabi/4.4.1/../../../../arm-none-eabi/lib/thumb2/libcs3unhosted.a(unhosted-_fstat.o)
 .ARM.attributes
                0x00000b24       0x29 /home/laurence/CodeSourcery/Sourcery_G++_Lite/bin/../lib/gcc/arm-none-eabi/4.4.1/../../../../arm-none-eabi/lib/thumb2/libcs3unhosted.a(unhosted-isatty.o)
 .ARM.attributes
                0x00000b4d       0x29 /home/laurence/CodeSourcery/Sourcery_G++_Lite/bin/../lib/gcc/arm-none-eabi/4.4.1/../../../../arm-none-eabi/lib/thumb2/libcs3unhosted.a(unhosted-_lseek.o)
 .ARM.attributes
                0x00000b76       0x29 /home/laurence/CodeSourcery/Sourcery_G++_Lite/bin/../lib/gcc/arm-none-eabi/4.4.1/../../../../arm-none-eabi/lib/thumb2/libcs3unhosted.a(unhosted-_read.o)
 .ARM.attributes
                0x00000b9f       0x29 /home/laurence/CodeSourcery/Sourcery_G++_Lite/bin/../lib/gcc/arm-none-eabi/4.4.1/../../../../arm-none-eabi/lib/thumb2/libcs3unhosted.a(unhosted-_write.o)
 .ARM.attributes
                0x00000bc8       0x29 /home/laurence/CodeSourcery/Sourcery_G++_Lite/bin/../lib/gcc/arm-none-eabi/4.4.1/../../../../arm-none-eabi/lib/thumb2/libcs3unhosted.a(unhosted-sbrk.o)
 .ARM.attributes
                0x00000bf1       0x19 /home/laurence/CodeSourcery/Sourcery_G++_Lite/bin/../lib/gcc/arm-none-eabi/4.4.1/../../../../arm-none-eabi/lib/thumb2/libcs3unhosted.a(unhosted-start.o)
 .ARM.attributes
                0x00000c0a       0x1f lib/libcs3-lanchon-stm32.a(lanchon-stm32-vector.o)
 .ARM.attributes
                0x00000c29       0x21 lib/libcs3-lanchon-stm32.a(lanchon_stm32_isr_interrupt.o)
 .ARM.attributes
                0x00000c4a       0x29 /home/laurence/CodeSourcery/Sourcery_G++_Lite/bin/../lib/gcc/arm-none-eabi/4.4.1/../../../../arm-none-eabi/lib/thumb2/libc.a(lib_a-errno.o)
 .ARM.attributes
                0x00000c73       0x29 /home/laurence/CodeSourcery/Sourcery_G++_Lite/bin/../lib/gcc/arm-none-eabi/4.4.1/../../../../arm-none-eabi/lib/thumb2/libc.a(lib_a-init.o)
 .ARM.attributes
                0x00000c9c       0x29 /home/laurence/CodeSourcery/Sourcery_G++_Lite/bin/../lib/gcc/arm-none-eabi/4.4.1/../../../../arm-none-eabi/lib/thumb2/libcs3.a(heap.o)

/DISCARD/
 *(.note.GNU-stack)
OUTPUT(main.elf elf32-littlearm)

Cross Reference Table

Symbol                                            File
ADC1_2_IRQHandler                                 lib/CMSIS_CM3/startup/gcc/startup_stm32f10x_md.o
ADC_IRQHandler                                    lib/libcs3-lanchon-stm32.a(lanchon_stm32_isr_interrupt.o)
                                                  lib/libcs3-lanchon-stm32.a(lanchon-stm32-vector.o)
Acc_Init                                          i2c.o
                                                  main.o
All_IO_Configuration                              gpio.o
                                                  main.o
Aux_Devices_Configuration                         gpio.o
BusFaultException                                 lib/libcs3-lanchon-stm32.a(lanchon_stm32_isr_interrupt.o)
                                                  lib/libcs3-lanchon-stm32.a(lanchon-stm32-vector.o)
BusFault_Handler                                  interrupts.o
Bytes_In_Buffer                                   dma.o
                                                  main.o
                                                  Sensors/ubx.o
CAN1_RX1_IRQHandler                               lib/CMSIS_CM3/startup/gcc/startup_stm32f10x_md.o
CAN1_SCE_IRQHandler                               lib/CMSIS_CM3/startup/gcc/startup_stm32f10x_md.o
CAN_RX1_IRQHandler                                lib/libcs3-lanchon-stm32.a(lanchon_stm32_isr_interrupt.o)
                                                  lib/libcs3-lanchon-stm32.a(lanchon-stm32-vector.o)
CAN_SCE_IRQHandler                                lib/libcs3-lanchon-stm32.a(lanchon_stm32_isr_interrupt.o)
                                                  lib/libcs3-lanchon-stm32.a(lanchon-stm32-vector.o)
Config_Gps                                        Sensors/ubx.o
                                                  main.o
DMA1_Channel1_IRQHandler                          lib/CMSIS_CM3/startup/gcc/startup_stm32f10x_md.o
DMA1_Channel2_IRQHandler                          lib/CMSIS_CM3/startup/gcc/startup_stm32f10x_md.o
DMA1_Channel3_IRQHandler                          lib/CMSIS_CM3/startup/gcc/startup_stm32f10x_md.o
DMA1_Channel4_IRQHandler                          lib/CMSIS_CM3/startup/gcc/startup_stm32f10x_md.o
DMA1_Channel5_IRQHandler                          lib/CMSIS_CM3/startup/gcc/startup_stm32f10x_md.o
DMA1_Channel6_IRQHandler                          lib/CMSIS_CM3/startup/gcc/startup_stm32f10x_md.o
DMA1_Channel7_IRQHandler                          lib/CMSIS_CM3/startup/gcc/startup_stm32f10x_md.o
DMAChannel1_IRQHandler                            lib/libcs3-lanchon-stm32.a(lanchon_stm32_isr_interrupt.o)
                                                  lib/libcs3-lanchon-stm32.a(lanchon-stm32-vector.o)
DMAChannel2_IRQHandler                            lib/libcs3-lanchon-stm32.a(lanchon_stm32_isr_interrupt.o)
                                                  lib/libcs3-lanchon-stm32.a(lanchon-stm32-vector.o)
DMAChannel3_IRQHandler                            lib/libcs3-lanchon-stm32.a(lanchon_stm32_isr_interrupt.o)
                                                  lib/libcs3-lanchon-stm32.a(lanchon-stm32-vector.o)
DMAChannel4_IRQHandler                            lib/libcs3-lanchon-stm32.a(lanchon_stm32_isr_interrupt.o)
                                                  lib/libcs3-lanchon-stm32.a(lanchon-stm32-vector.o)
DMAChannel5_IRQHandler                            lib/libcs3-lanchon-stm32.a(lanchon_stm32_isr_interrupt.o)
                                                  lib/libcs3-lanchon-stm32.a(lanchon-stm32-vector.o)
DMAChannel6_IRQHandler                            lib/libcs3-lanchon-stm32.a(lanchon_stm32_isr_interrupt.o)
                                                  lib/libcs3-lanchon-stm32.a(lanchon-stm32-vector.o)
DMAChannel7_IRQHandler                            lib/libcs3-lanchon-stm32.a(lanchon_stm32_isr_interrupt.o)
                                                  lib/libcs3-lanchon-stm32.a(lanchon-stm32-vector.o)
DMA_ClearFlag                                     lib/STM32F10x_StdPeriph_Driver/libstm32fw.a(stm32f10x_dma.o)
DMA_ClearITPendingBit                             lib/STM32F10x_StdPeriph_Driver/libstm32fw.a(stm32f10x_dma.o)
DMA_Cmd                                           lib/STM32F10x_StdPeriph_Driver/libstm32fw.a(stm32f10x_dma.o)
                                                  main.o
DMA_Configuration                                 dma.o
                                                  main.o
DMA_DeInit                                        lib/STM32F10x_StdPeriph_Driver/libstm32fw.a(stm32f10x_dma.o)
                                                  dma.o
DMA_GetCurrDataCounter                            lib/STM32F10x_StdPeriph_Driver/libstm32fw.a(stm32f10x_dma.o)
                                                  dma.o
DMA_GetFlagStatus                                 lib/STM32F10x_StdPeriph_Driver/libstm32fw.a(stm32f10x_dma.o)
DMA_GetITStatus                                   lib/STM32F10x_StdPeriph_Driver/libstm32fw.a(stm32f10x_dma.o)
DMA_ITConfig                                      lib/STM32F10x_StdPeriph_Driver/libstm32fw.a(stm32f10x_dma.o)
DMA_Init                                          lib/STM32F10x_StdPeriph_Driver/libstm32fw.a(stm32f10x_dma.o)
                                                  dma.o
DMA_StructInit                                    lib/STM32F10x_StdPeriph_Driver/libstm32fw.a(stm32f10x_dma.o)
DebugMon_Handler                                  interrupts.o
DebugMonitor                                      lib/libcs3-lanchon-stm32.a(lanchon_stm32_isr_interrupt.o)
                                                  lib/libcs3-lanchon-stm32.a(lanchon-stm32-vector.o)
Default_Handler                                   lib/CMSIS_CM3/startup/gcc/startup_stm32f10x_md.o
Delay                                             Util/delay.o
                                                  main.o
EXTI0_IRQHandler                                  lib/CMSIS_CM3/startup/gcc/startup_stm32f10x_md.o
                                                  lib/libcs3-lanchon-stm32.a(lanchon-stm32-vector.o)
EXTI15_10_IRQHandler                              lib/CMSIS_CM3/startup/gcc/startup_stm32f10x_md.o
                                                  lib/libcs3-lanchon-stm32.a(lanchon-stm32-vector.o)
EXTI1_IRQHandler                                  lib/CMSIS_CM3/startup/gcc/startup_stm32f10x_md.o
                                                  lib/libcs3-lanchon-stm32.a(lanchon-stm32-vector.o)
EXTI2_IRQHandler                                  lib/CMSIS_CM3/startup/gcc/startup_stm32f10x_md.o
                                                  lib/libcs3-lanchon-stm32.a(lanchon-stm32-vector.o)
EXTI3_IRQHandler                                  lib/CMSIS_CM3/startup/gcc/startup_stm32f10x_md.o
                                                  lib/libcs3-lanchon-stm32.a(lanchon-stm32-vector.o)
EXTI4_IRQHandler                                  lib/CMSIS_CM3/startup/gcc/startup_stm32f10x_md.o
                                                  lib/libcs3-lanchon-stm32.a(lanchon-stm32-vector.o)
EXTI9_5_IRQHandler                                lib/CMSIS_CM3/startup/gcc/startup_stm32f10x_md.o
                                                  lib/libcs3-lanchon-stm32.a(lanchon-stm32-vector.o)
FLASH_IRQHandler                                  lib/CMSIS_CM3/startup/gcc/startup_stm32f10x_md.o
                                                  lib/libcs3-lanchon-stm32.a(lanchon-stm32-vector.o)
Flipbytes                                         i2c.o
GPIO_AFIODeInit                                   lib/STM32F10x_StdPeriph_Driver/libstm32fw.a(stm32f10x_gpio.o)
GPIO_Config_AF_Periferals                         gpio.o
GPIO_DeInit                                       lib/STM32F10x_StdPeriph_Driver/libstm32fw.a(stm32f10x_gpio.o)
GPIO_ETH_MediaInterfaceConfig                     lib/STM32F10x_StdPeriph_Driver/libstm32fw.a(stm32f10x_gpio.o)
GPIO_EXTILineConfig                               lib/STM32F10x_StdPeriph_Driver/libstm32fw.a(stm32f10x_gpio.o)
GPIO_EventOutputCmd                               lib/STM32F10x_StdPeriph_Driver/libstm32fw.a(stm32f10x_gpio.o)
GPIO_EventOutputConfig                            lib/STM32F10x_StdPeriph_Driver/libstm32fw.a(stm32f10x_gpio.o)
GPIO_Init                                         lib/STM32F10x_StdPeriph_Driver/libstm32fw.a(stm32f10x_gpio.o)
                                                  usart.o
                                                  gpio.o
GPIO_PinLockConfig                                lib/STM32F10x_StdPeriph_Driver/libstm32fw.a(stm32f10x_gpio.o)
GPIO_PinRemapConfig                               lib/STM32F10x_StdPeriph_Driver/libstm32fw.a(stm32f10x_gpio.o)
                                                  gpio.o
GPIO_ReadInputData                                lib/STM32F10x_StdPeriph_Driver/libstm32fw.a(stm32f10x_gpio.o)
                                                  gpio.o
GPIO_ReadInputDataBit                             lib/STM32F10x_StdPeriph_Driver/libstm32fw.a(stm32f10x_gpio.o)
GPIO_ReadOutputData                               lib/STM32F10x_StdPeriph_Driver/libstm32fw.a(stm32f10x_gpio.o)
GPIO_ReadOutputDataBit                            lib/STM32F10x_StdPeriph_Driver/libstm32fw.a(stm32f10x_gpio.o)
GPIO_ResetBits                                    lib/STM32F10x_StdPeriph_Driver/libstm32fw.a(stm32f10x_gpio.o)
                                                  main.o
GPIO_SetBits                                      lib/STM32F10x_StdPeriph_Driver/libstm32fw.a(stm32f10x_gpio.o)
                                                  main.o
GPIO_StructInit                                   lib/STM32F10x_StdPeriph_Driver/libstm32fw.a(stm32f10x_gpio.o)
GPIO_Write                                        lib/STM32F10x_StdPeriph_Driver/libstm32fw.a(stm32f10x_gpio.o)
GPIO_WriteBit                                     lib/STM32F10x_StdPeriph_Driver/libstm32fw.a(stm32f10x_gpio.o)
                                                  gpio.o
GPS_IO_Configuration                              gpio.o
Get_From_Buffer                                   dma.o
                                                  main.o
Get_MEMS_DRDY                                     gpio.o
Get_UBX_Ack                                       Sensors/ubx.o
Gps                                               main.o
Gps_Buffer                                        main.o
                                                  Sensors/ubx.o
Gps_Process_Byte                                  Sensors/ubx.o
                                                  main.o
Gps_Send_Str                                      usart.o
                                                  Sensors/ubx.o
Gps_Send_Utf8                                     usart.o
                                                  Sensors/ubx.o
Gyr_Init                                          i2c.o
                                                  main.o
Gyr_Read                                          i2c.o
                                                  main.o
Gyr_Stat                                          i2c.o
HardFaultException                                lib/libcs3-lanchon-stm32.a(lanchon_stm32_isr_interrupt.o)
                                                  lib/libcs3-lanchon-stm32.a(lanchon-stm32-vector.o)
HardFault_Handler                                 interrupts.o
I2C1_ER_IRQHandler                                lib/CMSIS_CM3/startup/gcc/startup_stm32f10x_md.o
                                                  lib/libcs3-lanchon-stm32.a(lanchon-stm32-vector.o)
I2C1_EV_IRQHandler                                lib/CMSIS_CM3/startup/gcc/startup_stm32f10x_md.o
                                                  lib/libcs3-lanchon-stm32.a(lanchon-stm32-vector.o)
I2C2_ER_IRQHandler                                lib/CMSIS_CM3/startup/gcc/startup_stm32f10x_md.o
                                                  lib/libcs3-lanchon-stm32.a(lanchon-stm32-vector.o)
I2C2_EV_IRQHandler                                lib/CMSIS_CM3/startup/gcc/startup_stm32f10x_md.o
                                                  lib/libcs3-lanchon-stm32.a(lanchon-stm32-vector.o)
I2C_ARPCmd                                        lib/STM32F10x_StdPeriph_Driver/libstm32fw.a(stm32f10x_i2c.o)
I2C_AcknowledgeConfig                             lib/STM32F10x_StdPeriph_Driver/libstm32fw.a(stm32f10x_i2c.o)
                                                  i2c.o
I2C_CalculatePEC                                  lib/STM32F10x_StdPeriph_Driver/libstm32fw.a(stm32f10x_i2c.o)
I2C_CheckEvent                                    lib/STM32F10x_StdPeriph_Driver/libstm32fw.a(stm32f10x_i2c.o)
                                                  i2c.o
I2C_ClearFlag                                     lib/STM32F10x_StdPeriph_Driver/libstm32fw.a(stm32f10x_i2c.o)
I2C_ClearITPendingBit                             lib/STM32F10x_StdPeriph_Driver/libstm32fw.a(stm32f10x_i2c.o)
I2C_Cmd                                           lib/STM32F10x_StdPeriph_Driver/libstm32fw.a(stm32f10x_i2c.o)
                                                  i2c.o
I2C_Conf                                          i2c.o
I2C_Config                                        i2c.o
                                                  main.o
I2C_DMACmd                                        lib/STM32F10x_StdPeriph_Driver/libstm32fw.a(stm32f10x_i2c.o)
I2C_DMALastTransferCmd                            lib/STM32F10x_StdPeriph_Driver/libstm32fw.a(stm32f10x_i2c.o)
I2C_DeInit                                        lib/STM32F10x_StdPeriph_Driver/libstm32fw.a(stm32f10x_i2c.o)
I2C_DualAddressCmd                                lib/STM32F10x_StdPeriph_Driver/libstm32fw.a(stm32f10x_i2c.o)
I2C_FastModeDutyCycleConfig                       lib/STM32F10x_StdPeriph_Driver/libstm32fw.a(stm32f10x_i2c.o)
I2C_GeneralCallCmd                                lib/STM32F10x_StdPeriph_Driver/libstm32fw.a(stm32f10x_i2c.o)
I2C_GenerateSTART                                 lib/STM32F10x_StdPeriph_Driver/libstm32fw.a(stm32f10x_i2c.o)
                                                  i2c.o
I2C_GenerateSTOP                                  lib/STM32F10x_StdPeriph_Driver/libstm32fw.a(stm32f10x_i2c.o)
                                                  i2c.o
I2C_GetFlagStatus                                 lib/STM32F10x_StdPeriph_Driver/libstm32fw.a(stm32f10x_i2c.o)
                                                  i2c.o
I2C_GetITStatus                                   lib/STM32F10x_StdPeriph_Driver/libstm32fw.a(stm32f10x_i2c.o)
I2C_GetLastEvent                                  lib/STM32F10x_StdPeriph_Driver/libstm32fw.a(stm32f10x_i2c.o)
I2C_GetPEC                                        lib/STM32F10x_StdPeriph_Driver/libstm32fw.a(stm32f10x_i2c.o)
I2C_ITConfig                                      lib/STM32F10x_StdPeriph_Driver/libstm32fw.a(stm32f10x_i2c.o)
I2C_Init                                          lib/STM32F10x_StdPeriph_Driver/libstm32fw.a(stm32f10x_i2c.o)
                                                  i2c.o
I2C_OwnAddress2Config                             lib/STM32F10x_StdPeriph_Driver/libstm32fw.a(stm32f10x_i2c.o)
I2C_PECPositionConfig                             lib/STM32F10x_StdPeriph_Driver/libstm32fw.a(stm32f10x_i2c.o)
I2C_Read                                          i2c.o
                                                  main.o
I2C_ReadRegister                                  lib/STM32F10x_StdPeriph_Driver/libstm32fw.a(stm32f10x_i2c.o)
I2C_ReceiveData                                   lib/STM32F10x_StdPeriph_Driver/libstm32fw.a(stm32f10x_i2c.o)
                                                  i2c.o
I2C_SMBusAlertConfig                              lib/STM32F10x_StdPeriph_Driver/libstm32fw.a(stm32f10x_i2c.o)
I2C_Send7bitAddress                               lib/STM32F10x_StdPeriph_Driver/libstm32fw.a(stm32f10x_i2c.o)
                                                  i2c.o
I2C_SendData                                      lib/STM32F10x_StdPeriph_Driver/libstm32fw.a(stm32f10x_i2c.o)
                                                  i2c.o
I2C_SoftwareResetCmd                              lib/STM32F10x_StdPeriph_Driver/libstm32fw.a(stm32f10x_i2c.o)
I2C_StretchClockCmd                               lib/STM32F10x_StdPeriph_Driver/libstm32fw.a(stm32f10x_i2c.o)
I2C_StructInit                                    lib/STM32F10x_StdPeriph_Driver/libstm32fw.a(stm32f10x_i2c.o)
I2C_TransmitPEC                                   lib/STM32F10x_StdPeriph_Driver/libstm32fw.a(stm32f10x_i2c.o)
Initialisation                                    main.o
MEMS_Status_Configuration                         gpio.o
Mag_Init                                          i2c.o
                                                  main.o
Mag_Read                                          i2c.o
                                                  main.o
MemManageException                                lib/libcs3-lanchon-stm32.a(lanchon_stm32_isr_interrupt.o)
                                                  lib/libcs3-lanchon-stm32.a(lanchon-stm32-vector.o)
MemManage_Handler                                 interrupts.o
NMIException                                      lib/libcs3-lanchon-stm32.a(lanchon_stm32_isr_interrupt.o)
                                                  lib/libcs3-lanchon-stm32.a(lanchon-stm32-vector.o)
NMI_Handler                                       interrupts.o
PVD_IRQHandler                                    lib/CMSIS_CM3/startup/gcc/startup_stm32f10x_md.o
                                                  lib/libcs3-lanchon-stm32.a(lanchon-stm32-vector.o)
PendSVC                                           lib/libcs3-lanchon-stm32.a(lanchon_stm32_isr_interrupt.o)
                                                  lib/libcs3-lanchon-stm32.a(lanchon-stm32-vector.o)
PendSV_Handler                                    interrupts.o
Pop_From_Buffer                                   dma.o
                                                  Sensors/ubx.o
RCC_ADCCLKConfig                                  lib/STM32F10x_StdPeriph_Driver/libstm32fw.a(stm32f10x_rcc.o)
RCC_AHBPeriphClockCmd                             lib/STM32F10x_StdPeriph_Driver/libstm32fw.a(stm32f10x_rcc.o)
                                                  gpio.o
RCC_APB1PeriphClockCmd                            lib/STM32F10x_StdPeriph_Driver/libstm32fw.a(stm32f10x_rcc.o)
                                                  gpio.o
RCC_APB1PeriphResetCmd                            lib/STM32F10x_StdPeriph_Driver/libstm32fw.a(stm32f10x_rcc.o)
                                                  lib/STM32F10x_StdPeriph_Driver/libstm32fw.a(stm32f10x_usart.o)
                                                  lib/STM32F10x_StdPeriph_Driver/libstm32fw.a(stm32f10x_i2c.o)
RCC_APB2PeriphClockCmd                            lib/STM32F10x_StdPeriph_Driver/libstm32fw.a(stm32f10x_rcc.o)
                                                  usart.o
                                                  gpio.o
RCC_APB2PeriphResetCmd                            lib/STM32F10x_StdPeriph_Driver/libstm32fw.a(stm32f10x_rcc.o)
                                                  lib/STM32F10x_StdPeriph_Driver/libstm32fw.a(stm32f10x_usart.o)
                                                  lib/STM32F10x_StdPeriph_Driver/libstm32fw.a(stm32f10x_gpio.o)
RCC_AdjustHSICalibrationValue                     lib/STM32F10x_StdPeriph_Driver/libstm32fw.a(stm32f10x_rcc.o)
RCC_BackupResetCmd                                lib/STM32F10x_StdPeriph_Driver/libstm32fw.a(stm32f10x_rcc.o)
RCC_ClearFlag                                     lib/STM32F10x_StdPeriph_Driver/libstm32fw.a(stm32f10x_rcc.o)
RCC_ClearITPendingBit                             lib/STM32F10x_StdPeriph_Driver/libstm32fw.a(stm32f10x_rcc.o)
RCC_ClockSecuritySystemCmd                        lib/STM32F10x_StdPeriph_Driver/libstm32fw.a(stm32f10x_rcc.o)
RCC_DeInit                                        lib/STM32F10x_StdPeriph_Driver/libstm32fw.a(stm32f10x_rcc.o)
RCC_GetClocksFreq                                 lib/STM32F10x_StdPeriph_Driver/libstm32fw.a(stm32f10x_rcc.o)
                                                  lib/STM32F10x_StdPeriph_Driver/libstm32fw.a(stm32f10x_usart.o)
                                                  lib/STM32F10x_StdPeriph_Driver/libstm32fw.a(stm32f10x_i2c.o)
RCC_GetFlagStatus                                 lib/STM32F10x_StdPeriph_Driver/libstm32fw.a(stm32f10x_rcc.o)
RCC_GetITStatus                                   lib/STM32F10x_StdPeriph_Driver/libstm32fw.a(stm32f10x_rcc.o)
RCC_GetSYSCLKSource                               lib/STM32F10x_StdPeriph_Driver/libstm32fw.a(stm32f10x_rcc.o)
RCC_HCLKConfig                                    lib/STM32F10x_StdPeriph_Driver/libstm32fw.a(stm32f10x_rcc.o)
RCC_HSEConfig                                     lib/STM32F10x_StdPeriph_Driver/libstm32fw.a(stm32f10x_rcc.o)
RCC_HSICmd                                        lib/STM32F10x_StdPeriph_Driver/libstm32fw.a(stm32f10x_rcc.o)
RCC_IRQHandler                                    lib/CMSIS_CM3/startup/gcc/startup_stm32f10x_md.o
                                                  lib/libcs3-lanchon-stm32.a(lanchon-stm32-vector.o)
RCC_ITConfig                                      lib/STM32F10x_StdPeriph_Driver/libstm32fw.a(stm32f10x_rcc.o)
RCC_LSEConfig                                     lib/STM32F10x_StdPeriph_Driver/libstm32fw.a(stm32f10x_rcc.o)
RCC_LSICmd                                        lib/STM32F10x_StdPeriph_Driver/libstm32fw.a(stm32f10x_rcc.o)
RCC_MCOConfig                                     lib/STM32F10x_StdPeriph_Driver/libstm32fw.a(stm32f10x_rcc.o)
RCC_PCLK1Config                                   lib/STM32F10x_StdPeriph_Driver/libstm32fw.a(stm32f10x_rcc.o)
RCC_PCLK2Config                                   lib/STM32F10x_StdPeriph_Driver/libstm32fw.a(stm32f10x_rcc.o)
RCC_PLLCmd                                        lib/STM32F10x_StdPeriph_Driver/libstm32fw.a(stm32f10x_rcc.o)
RCC_PLLConfig                                     lib/STM32F10x_StdPeriph_Driver/libstm32fw.a(stm32f10x_rcc.o)
RCC_RTCCLKCmd                                     lib/STM32F10x_StdPeriph_Driver/libstm32fw.a(stm32f10x_rcc.o)
RCC_RTCCLKConfig                                  lib/STM32F10x_StdPeriph_Driver/libstm32fw.a(stm32f10x_rcc.o)
RCC_SYSCLKConfig                                  lib/STM32F10x_StdPeriph_Driver/libstm32fw.a(stm32f10x_rcc.o)
RCC_USBCLKConfig                                  lib/STM32F10x_StdPeriph_Driver/libstm32fw.a(stm32f10x_rcc.o)
RCC_WaitForHSEStartUp                             lib/STM32F10x_StdPeriph_Driver/libstm32fw.a(stm32f10x_rcc.o)
RTCAlarm_IRQHandler                               lib/CMSIS_CM3/startup/gcc/startup_stm32f10x_md.o
                                                  lib/libcs3-lanchon-stm32.a(lanchon-stm32-vector.o)
RTC_IRQHandler                                    lib/CMSIS_CM3/startup/gcc/startup_stm32f10x_md.o
                                                  lib/libcs3-lanchon-stm32.a(lanchon-stm32-vector.o)
Reset_Handler                                     lib/CMSIS_CM3/startup/gcc/startup_stm32f10x_md.o
SPI1_IRQHandler                                   lib/CMSIS_CM3/startup/gcc/startup_stm32f10x_md.o
                                                  lib/libcs3-lanchon-stm32.a(lanchon-stm32-vector.o)
SPI2_IRQHandler                                   lib/CMSIS_CM3/startup/gcc/startup_stm32f10x_md.o
                                                  lib/libcs3-lanchon-stm32.a(lanchon-stm32-vector.o)
SPI_Control_Configuration                         gpio.o
SVCHandler                                        lib/libcs3-lanchon-stm32.a(lanchon_stm32_isr_interrupt.o)
                                                  lib/libcs3-lanchon-stm32.a(lanchon-stm32-vector.o)
SVC_Handler                                       interrupts.o
SysTickHandler                                    lib/libcs3-lanchon-stm32.a(lanchon_stm32_isr_interrupt.o)
                                                  lib/libcs3-lanchon-stm32.a(lanchon-stm32-vector.o)
SysTick_Handler                                   interrupts.o
SystemFrequency                                   lib/CMSIS_CM3/system_stm32f10x.o
SystemFrequency_AHBClk                            lib/CMSIS_CM3/system_stm32f10x.o
SystemFrequency_APB1Clk                           lib/CMSIS_CM3/system_stm32f10x.o
SystemFrequency_APB2Clk                           lib/CMSIS_CM3/system_stm32f10x.o
SystemFrequency_SysClk                            lib/CMSIS_CM3/system_stm32f10x.o
SystemInit                                        lib/CMSIS_CM3/system_stm32f10x.o
                                                  main.o