Archive member included because of file (symbol)

lib/STM32F10x_StdPeriph_Driver/libstm32fw.a(misc.o)
                              interrupts.o (NVIC_PriorityGroupConfig)
lib/STM32F10x_StdPeriph_Driver/libstm32fw.a(stm32f10x_adc.o)
                              adc.o (ADC_DeInit)
lib/STM32F10x_StdPeriph_Driver/libstm32fw.a(stm32f10x_bkp.o)
                              Util/Fatfs/rtc.o (BKP_DeInit)
lib/STM32F10x_StdPeriph_Driver/libstm32fw.a(stm32f10x_dma.o)
                              Util/Fatfs/sd_spi_stm32.o (DMA_DeInit)
lib/STM32F10x_StdPeriph_Driver/libstm32fw.a(stm32f10x_exti.o)
                              interrupts.o (EXTI_Init)
lib/STM32F10x_StdPeriph_Driver/libstm32fw.a(stm32f10x_gpio.o)
                              Util/Fatfs/sd_spi_stm32.o (GPIO_Init)
lib/STM32F10x_StdPeriph_Driver/libstm32fw.a(stm32f10x_i2c.o)
                              i2c_int.o (I2C_DeInit)
lib/STM32F10x_StdPeriph_Driver/libstm32fw.a(stm32f10x_iwdg.o)
                              watchdog.o (IWDG_WriteAccessCmd)
lib/STM32F10x_StdPeriph_Driver/libstm32fw.a(stm32f10x_pwr.o)
                              Util/Fatfs/rtc.o (PWR_BackupAccessCmd)
lib/STM32F10x_StdPeriph_Driver/libstm32fw.a(stm32f10x_rcc.o)
                              adc.o (RCC_ADCCLKConfig)
lib/STM32F10x_StdPeriph_Driver/libstm32fw.a(stm32f10x_rtc.o)
                              Util/Fatfs/rtc.o (RTC_GetCounter)
lib/STM32F10x_StdPeriph_Driver/libstm32fw.a(stm32f10x_spi.o)
                              Util/Fatfs/sd_spi_stm32.o (SPI_I2S_DeInit)
lib/STM32F10x_StdPeriph_Driver/libstm32fw.a(stm32f10x_tim.o)
                              pwm.o (TIM_TimeBaseInit)
lib/STM32F10x_StdPeriph_Driver/libstm32fw.a(stm32f10x_usart.o)
                              usart.o (USART_DeInit)
/home/laurence/CodeSourcery/Sourcery_G++_Lite/bin/../lib/gcc/arm-none-eabi/4.5.2/../../../../arm-none-eabi/lib/thumb2/libm.a(lib_a-s_cos.o)
                              Sensors/earth_field.o (cos)
/home/laurence/CodeSourcery/Sourcery_G++_Lite/bin/../lib/gcc/arm-none-eabi/4.5.2/../../../../arm-none-eabi/lib/thumb2/libm.a(lib_a-s_floor.o)
                              Util/RF22/RF22.o (floor)
/home/laurence/CodeSourcery/Sourcery_G++_Lite/bin/../lib/gcc/arm-none-eabi/4.5.2/../../../../arm-none-eabi/lib/thumb2/libm.a(lib_a-s_sin.o)
                              Sensors/earth_field.o (sin)
/home/laurence/CodeSourcery/Sourcery_G++_Lite/bin/../lib/gcc/arm-none-eabi/4.5.2/../../../../arm-none-eabi/lib/thumb2/libm.a(lib_a-sf_cos.o)
                              Util/coords.o (cosf)
/home/laurence/CodeSourcery/Sourcery_G++_Lite/bin/../lib/gcc/arm-none-eabi/4.5.2/../../../../arm-none-eabi/lib/thumb2/libm.a(lib_a-sf_sin.o)
                              Util/coords.o (sinf)
/home/laurence/CodeSourcery/Sourcery_G++_Lite/bin/../lib/gcc/arm-none-eabi/4.5.2/../../../../arm-none-eabi/lib/thumb2/libm.a(lib_a-w_asin.o)
                              Sensors/earth_field.o (asin)
/home/laurence/CodeSourcery/Sourcery_G++_Lite/bin/../lib/gcc/arm-none-eabi/4.5.2/../../../../arm-none-eabi/lib/thumb2/libm.a(lib_a-w_atan2.o)
                              Sensors/earth_field.o (atan2)
/home/laurence/CodeSourcery/Sourcery_G++_Lite/bin/../lib/gcc/arm-none-eabi/4.5.2/../../../../arm-none-eabi/lib/thumb2/libm.a(lib_a-w_sqrt.o)
                              Sensors/earth_field.o (sqrt)
/home/laurence/CodeSourcery/Sourcery_G++_Lite/bin/../lib/gcc/arm-none-eabi/4.5.2/../../../../arm-none-eabi/lib/thumb2/libm.a(lib_a-wf_acos.o)
                              main.o (acosf)
/home/laurence/CodeSourcery/Sourcery_G++_Lite/bin/../lib/gcc/arm-none-eabi/4.5.2/../../../../arm-none-eabi/lib/thumb2/libm.a(lib_a-wf_asin.o)
                              Util/coords.o (asinf)
/home/laurence/CodeSourcery/Sourcery_G++_Lite/bin/../lib/gcc/arm-none-eabi/4.5.2/../../../../arm-none-eabi/lib/thumb2/libm.a(lib_a-wf_atan2.o)
                              Util/coords.o (atan2f)
/home/laurence/CodeSourcery/Sourcery_G++_Lite/bin/../lib/gcc/arm-none-eabi/4.5.2/../../../../arm-none-eabi/lib/thumb2/libm.a(lib_a-wf_sqrt.o)
                              Sensors/pitot.o (sqrtf)
/home/laurence/CodeSourcery/Sourcery_G++_Lite/bin/../lib/gcc/arm-none-eabi/4.5.2/../../../../arm-none-eabi/lib/thumb2/libm.a(lib_a-e_asin.o)
                              /home/laurence/CodeSourcery/Sourcery_G++_Lite/bin/../lib/gcc/arm-none-eabi/4.5.2/../../../../arm-none-eabi/lib/thumb2/libm.a(lib_a-w_asin.o) (__ieee754_asin)
/home/laurence/CodeSourcery/Sourcery_G++_Lite/bin/../lib/gcc/arm-none-eabi/4.5.2/../../../../arm-none-eabi/lib/thumb2/libm.a(lib_a-e_atan2.o)
                              /home/laurence/CodeSourcery/Sourcery_G++_Lite/bin/../lib/gcc/arm-none-eabi/4.5.2/../../../../arm-none-eabi/lib/thumb2/libm.a(lib_a-w_atan2.o) (__ieee754_atan2)
/home/laurence/CodeSourcery/Sourcery_G++_Lite/bin/../lib/gcc/arm-none-eabi/4.5.2/../../../../arm-none-eabi/lib/thumb2/libm.a(lib_a-e_rem_pio2.o)
[...]
Memory Configuration

Name             Origin             Length             Attributes
ram              0x20000000         0x00005000         xrw
rom              0x08000000         0x00020000         xr
*default*        0x00000000         0xffffffff

Linker script and memory map

LOAD /home/laurence/CodeSourcery/Sourcery_G++_Lite/bin/../lib/gcc/arm-none-eabi/4.5.2/thumb2/crti.o
LOAD /home/laurence/CodeSourcery/Sourcery_G++_Lite/bin/../lib/gcc/arm-none-eabi/4.5.2/thumb2/crtbegin.o
LOAD Sensors/accel_down.o
LOAD Sensors/bmp085.o
LOAD Sensors/earth_field.o
LOAD Sensors/pitot.o
LOAD Sensors/sensorcal.o
LOAD Sensors/ubx.o
LOAD Util/Fatfs/fattime.o
LOAD Util/Fatfs/ff.o
LOAD Util/Fatfs/rtc.o
LOAD Util/Fatfs/sd_spi_stm32.o
LOAD Util/RF22/RF22.o
LOAD Util/RF22/RF22Datagram.o
LOAD Util/RF22/RF22Mesh.o
LOAD Util/RF22/RF22ReliableDatagram.o
LOAD Util/RF22/RF22Router.o
LOAD Util/RF22/ctocpp.o
LOAD Util/atmospherics.o
LOAD Util/coords.o
LOAD Util/crc.o
LOAD Util/delay.o
LOAD Util/gravity.o
LOAD Util/rprintf.o
LOAD Util/time.o
LOAD Util/uavobjconv.o
LOAD Util/uavtalk.o
LOAD adc.o
LOAD dma.o
LOAD gpio.o
LOAD i2c_int.o
LOAD interrupts.o
LOAD lib/CMSIS_CM3/core_cm3.o
LOAD lib/CMSIS_CM3/startup/gcc/startup_stm32f10x_md.o
LOAD lib/CMSIS_CM3/system_stm32f10x.o
LOAD main.o
LOAD pwm.o
LOAD usart.o
LOAD watchdog.o
LOAD Control/ekf.o
LOAD Control/imu.o
LOAD Control/loops.o
LOAD Control/servos.o
LOAD lib/STM32F10x_StdPeriph_Driver/libstm32fw.a
LOAD lib/STM32_USB-FS-Device_Driver/libstm32usb.a
LOAD /home/laurence/CodeSourcery/Sourcery_G++_Lite/bin/../lib/gcc/arm-none-eabi/4.5.2/../../../../arm-none-eabi/lib/thumb2/libm.a
START GROUP
LOAD /home/laurence/CodeSourcery/Sourcery_G++_Lite/bin/../lib/gcc/arm-none-eabi/4.5.2/thumb2/libgcc.a
LOAD /home/laurence/CodeSourcery/Sourcery_G++_Lite/bin/../lib/gcc/arm-none-eabi/4.5.2/../../../../arm-none-eabi/lib/thumb2/libc.a
END GROUP
LOAD /home/laurence/CodeSourcery/Sourcery_G++_Lite/bin/../lib/gcc/arm-none-eabi/4.5.2/thumb2/crtend.o
LOAD /home/laurence/CodeSourcery/Sourcery_G++_Lite/bin/../lib/gcc/arm-none-eabi/4.5.2/thumb2/crtn.o
START GROUP
LOAD /home/laurence/CodeSourcery/Sourcery_G++_Lite/bin/../lib/gcc/arm-none-eabi/4.5.2/thumb2/libgcc.a
LOAD /home/laurence/CodeSourcery/Sourcery_G++_Lite/bin/../lib/gcc/arm-none-eabi/4.5.2/../../../../arm-none-eabi/lib/thumb2/libc.a
LOAD /home/laurence/CodeSourcery/Sourcery_G++_Lite/bin/../lib/gcc/arm-none-eabi/4.5.2/../../../../arm-none-eabi/lib/thumb2/libcs3.a
LOAD /home/laurence/CodeSourcery/Sourcery_G++_Lite/bin/../lib/gcc/arm-none-eabi/4.5.2/../../../../arm-none-eabi/lib/thumb2/libcs3unhosted.a
LOAD lib/libcs3-lanchon-stm32.a
END GROUP
                0x20005000                PROVIDE (__cs3_stack, (__cs3_region_start_ram + __cs3_region_size_ram))
                0x20002220                PROVIDE (__cs3_heap_start, _end)
                0x20005000                PROVIDE (__cs3_heap_end, (__cs3_region_start_ram + __cs3_region_size_ram))

.text           0x08000000    0x1a82c
 CREATE_OBJECT_SYMBOLS
                0x08000000                __cs3_region_start_rom = .
 *(.cs3.region-head.rom)
                0x08000000                __cs3_interrupt_vector = __cs3_interrupt_vector_lanchon_stm32
 *(.cs3.interrupt_vector)
 .cs3.interrupt_vector
                0x08000000       0xec lib/libcs3-lanchon-stm32.a(lanchon-stm32-vector.o)
                0x08000000                __cs3_interrupt_vector_lanchon_stm32
                0x08000001                ASSERT ((. != __cs3_interrupt_vector_lanchon_stm32), No interrupt vector)
 *(.rom)
 *(.rom.b)
                0x08018e1c                PROVIDE (__cs3_reset_lanchon_stm32, _start)
                0x08018e1c                __cs3_reset = __cs3_reset_lanchon_stm32
 *(.cs3.reset)
 *(.text .text.* .gnu.linkonce.t.*)
 .text          0x080000ec       0x30 /home/laurence/CodeSourcery/Sourcery_G++_Lite/bin/../lib/gcc/arm-none-eabi/4.5.2/thumb2/crtbegin.o
 .text          0x0800011c       0xa0 Sensors/accel_down.o
                0x0800011c                Accel_Downconvert
 .text          0x080001bc      0x120 Sensors/bmp085.o
                0x080001bc                Bmp085_Convert
                0x08000274                flip_sensorcal
                0x0800028a                flip_adc24
                0x080002a8                Bmp_Copy_Temp
 *fill*         0x080002dc        0x4 00
 .text          0x080002e0     0x1920 Sensors/earth_field.o
                0x080002e0                WMM_Initialize
                0x08000354                WMM_ComputeSphericalHarmonicVariables
                0x0800042c                WMM_RotateMagneticVector
                0x080004f0                WMM_CalculateGeoMagneticElements
                0x080005b8                WMM_CalculateSecularVariation
                0x080006d0                WMM_PcupHigh
                0x08000b86                WMM_PcupLow
                0x08000ed8                WMM_AssociatedLegendreFunction
                0x08000f64                WMM_get_secular_var_coeff_g
                0x08000f7c                WMM_get_main_field_coeff_g
                0x08001018                WMM_get_secular_var_coeff_h
                0x08001030                WMM_get_main_field_coeff_h
                0x080010cc                WMM_SummationSpecial
                0x0800126c                WMM_Summation
                0x0800145c                WMM_SecVarSummationSpecial
                0x080015fc                WMM_SecVarSummation
                0x0800179c                WMM_Geomag
                0x08001894                WMM_DateToYear
                0x080018d4                WMM_GeodeticToSpherical
                0x08001a40                WMM_GetMagVector
 .text          0x08001c00       0x7c Sensors/pitot.o
                0x08001c00                Pitot_Conv
                0x08001c34                Pitot_convert_Airspeed
 .text          0x08001c7c       0xf0 Sensors/sensorcal.o
                0x08001c7c                Calibrate_3
 .text          0x08001d6c      0x348 Sensors/ubx.o
                0x08001d6c                Gps_Process_Byte
                0x08001ef4                Get_UBX_Ack
                0x08001f98                Config_Gps
 .text          0x080020b4       0x44 Util/Fatfs/fattime.o
                0x080020b4                get_fattime
 .text          0x080020f8     0x1a60 Util/Fatfs/ff.o
                0x080026ba                clust2sect
                0x080026d4                get_fat
                0x08002856                put_fat
                0x08002de2                f_mount
                0x08002e00                f_open
                0x08002f4c                f_read
                0x080030c4                f_write
                0x0800327a                f_sync
                0x0800332c                f_close
                0x0800333a                f_lseek
                0x0800349e                f_opendir
                0x08003502                f_readdir
                0x08003556                f_stat
                0x08003596                f_getfree
                0x08003688                f_truncate
                0x08003720                f_unlink
                0x080037d0                f_mkdir
                0x08003996                f_chmod
                0x080039ea                f_utime
                0x08003a42                f_rename
 .text          0x08003b58      0x2e0 Util/Fatfs/rtc.o
                0x08003c3c                rtc_gettime
                0x08003cb4                my_RTC_SetCounter
                0x08003cd6                rtc_settime
                0x08003da0                rtc_init
 .text          0x08003e38      0x880 Util/Fatfs/sd_spi_stm32.o
                0x08004192                disk_initialize
                0x080042b4                disk_status
                0x080042c4                disk_read
                0x08004350                disk_write
                0x080043fc                disk_ioctl
                0x0800467c                disk_timerproc
 .text          0x080046b8      0x8bc Util/RF22/RF22.o
                0x080046b8                _ZN4RF2223handleExternalInterruptEv
                0x080046ba                _ZN4RF2226handleWakeupTimerInterruptEv
                0x080046bc                _ZN4RF22C1Ehh
                0x080046bc                _ZN4RF22C2Ehh
                0x080046e0                _ZN4RF227spiReadEh
                0x08004740                _ZN4RF228spiWriteEhh
                0x080047a0                _ZN4RF225resetEv
                0x080047b6                _ZN4RF2212spiBurstReadEhPhh
                0x08004828                _ZN4RF2213spiBurstWriteEhPhh
                0x08004890                _ZN4RF2210statusReadEv
                0x08004894                _ZN4RF227adcReadEhhhh
                0x080048d2                _ZN4RF2215temperatureReadEhh
                0x080048fc                _ZN4RF227wutReadEv
                0x08004916                _ZN4RF2212setWutPeriodEthh
                0x0800493e                _ZN4RF2212setFrequencyEf
                0x08004a10                _ZN4RF2213setFHStepSizeEh
                0x08004a30                _ZN4RF2212setFHChannelEh
                0x08004a50                _ZN4RF228rssiReadEv
                0x08004a54                _ZN4RF2215ezmacStatusReadEv
                0x08004a58                _ZN4RF227setModeEh
                0x08004a5e                _ZN4RF2211setModeIdleEv
                0x08004a72                _ZN4RF229setModeRxEv
                0x08004a8c                _ZN4RF229setModeTxEv
                0x08004aa6                _ZN4RF2210setTxPowerEh
                0x08004aac                _ZN4RF2217setModemRegistersEPNS_11ModemConfigE
                0x08004b02                _ZN4RF2214setModemConfigENS_17ModemConfigChoiceE
                0x08004b20                _ZN4RF2217setPreambleLengthEh
                0x08004b26                _ZN4RF2212setSyncWordsEPhh
                0x08004b36                _ZN4RF2210clearRxBufEv
                0x08004b42                _ZN4RF229availableEv
                0x08004b50                _ZN4RF2213waitAvailableEv
                0x08004b60                _ZN4RF2220waitAvailableTimeoutEt
                0x08004b88                _ZN4RF2214waitPacketSentEv
                0x08004b92                _ZN4RF224recvEPhS0_
                0x08004bc8                _ZN4RF2210clearTxBufEv
                0x08004bd8                _ZN4RF2211appendTxBufEPhh
                0x08004c08                _ZN4RF229fillTxBufEPhh
                0x08004c20                _ZN4RF2216sendNextFragmentEv
                0x08004c62                _ZN4RF2213startTransmitEv
                0x08004c7e                _ZN4RF224sendEPhh
                0x08004c9e                _ZN4RF2216readNextFragmentEv
                0x08004cc6                _ZN4RF2210resetFifosEv
                0x08004cde                _ZN4RF2211resetRxFifoEv
                0x08004cf6                _ZN4RF2215handleInterruptEv
                0x08004e0c                _ZN4RF224isr1Ev
                0x08004e1c                _ZN4RF224isr0Ev
                0x08004e2c                _ZN4RF2211resetTxFifoEv
                0x08004e44                _ZN4RF2211setHeaderToEh
                0x08004e4a                _ZN4RF2213setHeaderFromEh
                0x08004e50                _ZN4RF2211setHeaderIdEh
                0x08004e56                _ZN4RF2214setHeaderFlagsEh
                0x08004e5c                _ZN4RF228headerToEv
                0x08004e60                _ZN4RF2210headerFromEv
                0x08004e64                _ZN4RF228headerIdEv
                0x08004e68                _ZN4RF2211headerFlagsEv
                0x08004e6c                _ZN4RF228lastRssiEv
                0x08004e72                _ZN4RF2214setPromiscuousEb
                0x08004e7e                _ZN4RF224initEv
 .text          0x08004f74       0xcc Util/RF22/RF22Datagram.o
                0x08004f74                _ZN12RF22DatagramC1Ehhh
                0x08004f74                _ZN12RF22DatagramC2Ehhh
                0x08004f94                _ZN12RF22Datagram14setThisAddressEh
                0x08004fb2                _ZN12RF22Datagram4initEv
                0x08004fcc                _ZN12RF22Datagram6sendtoEPhhh
                0x08004fe8                _ZN12RF22Datagram8recvfromEPhS0_S0_S0_S0_S0_
 .text          0x08005040      0x3d8 Util/RF22/RF22Mesh.o
                0x08005040                _ZN8RF22Mesh17isPhysicalAddressEPhh
                0x08005058                _ZN8RF22Mesh5doArpEh
                0x080050e8                _ZN8RF22Mesh5routeEPN10RF22Router13RoutedMessageEh
                0x08005150                _ZN8RF22Mesh13peekAtMessageEPN10RF22Router13RoutedMessageEh
                0x080051ce                _ZN8RF22MeshC2Ehhh
                0x080051ce                _ZN8RF22MeshC1Ehhh
                0x080051e4                _ZN8RF22Mesh10sendtoWaitEPhhh
                0x08005240                _ZN8RF22Mesh11recvfromAckEPhS0_S0_S0_S0_S0_
                0x080053c4                _ZN8RF22Mesh18recvfromAckTimeoutEPhS0_tS0_S0_S0_S0_
 .text          0x08005418      0x274 Util/RF22/RF22ReliableDatagram.o
                0x08005418                _ZN20RF22ReliableDatagramC2Ehhh
                0x08005418                _ZN20RF22ReliableDatagramC1Ehhh
                0x08005444                _ZN20RF22ReliableDatagram10setTimeoutEt
                0x0800544a                _ZN20RF22ReliableDatagram10setRetriesEh
                0x08005450                _ZN20RF22ReliableDatagram15retransmissionsEv
                0x08005456                _ZN20RF22ReliableDatagram11acknowledgeEhh
                0x08005482                _ZN20RF22ReliableDatagram11recvfromAckEPhS0_S0_S0_S0_S0_
                0x08005522                _ZN20RF22ReliableDatagram18recvfromAckTimeoutEPhS0_tS0_S0_S0_S0_
                0x08005578                _ZN20RF22ReliableDatagram10sendtoWaitEPhhh
 .text          0x0800568c      0x300 Util/RF22/RF22Router.o
                0x0800568c                _ZN10RF22Router13peekAtMessageEPNS_13RoutedMessageEh
                0x0800568e                _ZN10RF22Router4initEv
                0x080056a0                _ZN10RF22Router10setMaxHopsEh
                0x080056a6                _ZN10RF22Router10getRouteToEh
                0x080056d4                _ZN10RF22Router5routeEPNS_13RoutedMessageEh
                0x08005706                _ZN10RF22Router11deleteRouteEh
                0x0800573c                _ZN10RF22Router13deleteRouteToEh
                0x08005762                _ZN10RF22Router17retireOldestRouteEv
                0x08005766                _ZN10RF22Router10addRouteToEhhh
                0x080057d6                _ZN10RF22Router17clearRoutingTableEv
                0x080057e6                _ZN10RF22RouterC2Ehhh
                0x080057e6                _ZN10RF22RouterC1Ehhh
                0x08005808                _ZN10RF22Router10sendtoWaitEPhhhh
                0x0800584c                _ZN10RF22Router10sendtoWaitEPhhh
                0x0800585a                _ZN10RF22Router11recvfromAckEPhS0_S0_S0_S0_S0_
                0x08005938                _ZN10RF22Router18recvfromAckTimeoutEPhS0_tS0_S0_S0_S0_
 .text          0x0800598c       0x94 Util/RF22/ctocpp.o
                0x0800598c                RF22_Init
                0x08005998                RF22_Sendtowait
                0x080059b4                RF22_recvfromAckTimeout
                0x080059dc                RF22_Reassign
                0x080059e8                RF22_Service_ISR
                0x080059f4                RF22_Sendto
 .text          0x08005a20       0xd8 Util/atmospherics.o
                0x08005a20                US_1976_Temperature
                0x08005ab4                Calc_Air_Density
 .text          0x08005af8      0x928 Util/coords.o
                0x08005af8                LLA2ECEF
                0x08005c0c                RneFromLLA
                0x08005ca8                Quaternion2RPY
                0x08005de0                R2Quaternion
                0x08005fc0                CrossProduct
                0x0800601e                VectorMagnitude
                0x0800605a                RotFrom2Vectors
                0x08006218                VectorNormalize
                0x08006242                quat_inverse
                0x0800625e                quat_copy
                0x08006274                quat_mult
                0x0800637e                rot_mult
 .text          0x08006420       0x24 Util/crc.o
                0x08006420                CRC_updateByte
                0x0800642c                CRC_updateCRC
 .text          0x08006444       0x2c Util/delay.o
                0x08006444                Delay
 .text          0x08006470       0xc8 Util/gravity.o
                0x08006470                Ge_From_Latitude
 .text          0x08006538      0x568 Util/rprintf.o
                0x08006538                rprintfInit
                0x08006544                rprintfChar
                0x08006560                rprintfStr
                0x08006576                rprintfStrLen
                0x080065aa                rprintfCRLF
                0x080065ae                rprintfu04
                0x080065b8                rprintfu08
                0x080065ca                rprintfu16
                0x080065dc                rprintfu32
                0x080065ee                rprintfNum
                0x08006694                rprintfFloat
                0x0800674c                Isdigit
                0x0800675a                atoiRamRom
                0x08006780                rStrLen
                0x08006790                rprintf2RamRom
 .text          0x08006aa0       0x20 Util/time.o
                0x08006aa0                Set_RTC_From_GPS
 .text          0x08006ac0      0x158 Util/uavobjconv.o
                0x08006ac0                GPSPosition_from_UBX
                0x08006bb0                Populate_Attitude
                0x08006bca                Populate_Vector
 .text          0x08006c18      0x5b0 Util/uavtalk.o
                0x08006c18                UAVtalk_Register_Object
                0x08006c2c                UAVtalk_Set_Port
                0x08006c54                memchr_32
                0x08006c7e                UAVtalk_Process_Byte
                0x08006df4                UAVtalk_Generate_Packet
                0x08006f78                UAVtalk_Run_Streams
                0x08007034                updateTelemetryStats
                0x080071b0                UAVtalk_Handle_Protocol
 .text          0x080071c8       0xa0 adc.o
                0x080071c8                ADC_Configuration
                0x08007238                readADC1
 .text          0x08007268      0x128 dma.o
                0x08007268                DMA_USART2_Configuration
                0x080072b0                DMA_USART1_Configuration
                0x08007304                Bytes_In_Buffer
                0x08007330                Get_From_Buffer
                0x08007360                Pop_From_Buffer
                0x0800737e                Flush_Buffer
 .text          0x08007390      0x1d4 gpio.o
                0x08007390                GPIO_Config_AF_Periferals
                0x080073e4                MEMS_Status_Configuration
                0x0800741c                GPS_IO_Configuration
                0x08007464                SPI_Control_Configuration
                0x080074cc                Aux_Devices_Configuration
                0x08007524                All_IO_Configuration
                0x0800753c                Get_MEMS_DRDY
 .text          0x08007564      0x77c i2c_int.o
                0x08007564                I2C1_Request_Job
                0x080075b8                I2C1_EV_IRQHandler
                0x08007a70                I2C1_Setup_Job
                0x08007a84                I2C_Config
                0x08007bf0                I2C1_ER_IRQHandler
 .text          0x08007ce0      0x1d8 interrupts.o
                0x08007ce0                EXTI_Config
                0x08007dac                EXTI9_5_IRQHandler
                0x08007e14                EXTI15_10_IRQHandler
                0x08007e34                EXTI4_IRQHandler
                0x08007ea4                NMI_Handler
                0x08007ea6                HardFault_Handler
                0x08007ea8                MemManage_Handler
                0x08007eaa                BusFault_Handler
                0x08007eac                UsageFault_Handler
                0x08007eae                SVC_Handler
                0x08007eb0                DebugMon_Handler
                0x08007eb2                PendSV_Handler
                0x08007eb4                SysTick_Handler
 .text.Default_Handler
                0x08007eb8        0x2 lib/CMSIS_CM3/startup/gcc/startup_stm32f10x_md.o
                0x08007eb8                EXTI2_IRQHandler
                0x08007eb8                TIM1_CC_IRQHandler
                0x08007eb8                PVD_IRQHandler
                0x08007eb8                EXTI3_IRQHandler
                0x08007eb8                EXTI0_IRQHandler
                0x08007eb8                I2C2_EV_IRQHandler
                0x08007eb8                ADC1_2_IRQHandler
                0x08007eb8                SPI1_IRQHandler
                0x08007eb8                TAMPER_IRQHandler
                0x08007eb8                DMA1_Channel4_IRQHandler
                0x08007eb8                USART3_IRQHandler
                0x08007eb8                RTC_IRQHandler
                0x08007eb8                DMA1_Channel7_IRQHandler
                0x08007eb8                CAN1_RX1_IRQHandler
                0x08007eb8                TIM4_IRQHandler
                0x08007eb8                DMA1_Channel6_IRQHandler
                0x08007eb8                TIM3_IRQHandler
                0x08007eb8                RCC_IRQHandler
                0x08007eb8                TIM1_TRG_COM_IRQHandler
                0x08007eb8                DMA1_Channel1_IRQHandler
                0x08007eb8                Default_Handler
                0x08007eb8                SPI2_IRQHandler
                0x08007eb8                DMA1_Channel5_IRQHandler
                0x08007eb8                USB_LP_CAN1_RX0_IRQHandler
                0x08007eb8                USB_HP_CAN1_TX_IRQHandler
                0x08007eb8                DMA1_Channel3_IRQHandler
                0x08007eb8                TIM1_UP_IRQHandler
                0x08007eb8                WWDG_IRQHandler
                0x08007eb8                TIM2_IRQHandler
                0x08007eb8                TIM1_BRK_IRQHandler
                0x08007eb8                EXTI1_IRQHandler
                0x08007eb8                RTCAlarm_IRQHandler
                0x08007eb8                USART2_IRQHandler
                0x08007eb8                I2C2_ER_IRQHandler
                0x08007eb8                DMA1_Channel2_IRQHandler
                0x08007eb8                CAN1_SCE_IRQHandler
                0x08007eb8                FLASH_IRQHandler
                0x08007eb8                USBWakeUp_IRQHandler
 *fill*         0x08007eba        0x2 00
 .text          0x08007ebc       0xf4 lib/CMSIS_CM3/system_stm32f10x.o
                0x08007ebc                SystemInit
 .text          0x08007fb0      0xff8 main.o
                0x08007fb0                Initialisation
                0x08008c2c                main
 .text          0x08008fa8      0x1d0 pwm.o
                0x08008fa8                Timer_RCC_Configuration
                0x08008fc0                Init_Timers
                0x08009090                Timer_GPIO_Enable
                0x080090c8                Timer_GPIO_Disable
                0x08009100                PWM_Set
 .text          0x08009178      0x268 usart.o
                0x08009178                Default_Usart_Config
                0x08009188                USART2_reconf
                0x080091cc                Usarts_Init
                0x08009278                usart1_send_data_dma
                0x080092b8                usart1_disable_dma
                0x080092e4                Add_To_ISR_Buffer
                0x08009302                USART1_IRQHandler
                0x08009334                Get_From_ISR_Buffer
                0x08009346                Bytes_In_ISR_Buffer
                0x0800935e                __usart_send_char
                0x0800937c                Usart_Send_Str
                0x08009394                __gps_send_char
                0x080093b0                Gps_Send_Str
                0x080093c8                Gps_Send_Utf8
 .text          0x080093e0       0x3c watchdog.o
                0x080093e0                Watchdog_Config
                0x0800940a                Watchdog_Reset_Detect
 .text          0x0800941c     0x6e3c Control/ekf.o
                0x0800941c                ins_get_num_states
                0x08009420                INSGPSInit
                0x08009548                INSResetP
                0x08009598                INSResetRGPS
                0x080095c4                INSSetState
                0x08009624                INSPosVelReset
                0x080096a4                INSSetPosVelVar
                0x080096c4                INSSetGyroBias
                0x080096e0                INSSetAccelVar
                0x080096fc                INSSetGyroVar
                0x08009718                INSSetMagVar
                0x08009734                INSSetMagNorth
                0x0800974c                INSSetGravity
                0x08009758                CovariancePrediction
                0x0800f00e                INSCovariancePrediction
                0x0800f034                SerialUpdate
                0x0800f19c                StateEq
                0x0800f468                RungeKutta
                0x0800f590                LinearizeFG
                0x0800fa12                INSStatePrediction
                0x0800fb84                MeasurementEq
                0x0800fd40                LinearizeH
                0x08010008                INSCorrection
                0x080101bc                VelBaroCorrection
                0x080101d8                GpsMagCorrection
                0x080101f0                FullCorrection
                0x080101fe                GpsBaroCorrection
                0x0801021c                MagVelBaroCorrection
                0x08010238                MagCorrection
 .text          0x08010258      0x9b0 Control/imu.o
                0x08010258                run_imu
 .text          0x08010c08       0x64 Control/loops.o
                0x08010c08                Run_PID
                0x08010c64                Reset_PID
 .text          0x08010c6c       0x64 Control/servos.o
                0x08010c6c                Apply_Servos
                0x08010cc8                Enable_Servos
                0x08010ccc                Disable_Servos
 .text          0x08010cd0       0xb8 lib/STM32F10x_StdPeriph_Driver/libstm32fw.a(misc.o)
                0x08010cd0                NVIC_PriorityGroupConfig
                0x08010ce4                NVIC_Init
                0x08010d44                NVIC_SetVectorTable
                0x08010d58                NVIC_SystemLPConfig
                0x08010d70                SysTick_CLKSourceConfig
 .text          0x08010d88      0x380 lib/STM32F10x_StdPeriph_Driver/libstm32fw.a(stm32f10x_adc.o)
                0x08010d88                ADC_DeInit
                0x08010de4                ADC_Init
                0x08010e30                ADC_StructInit
                0x08010e42                ADC_Cmd
                0x08010e56                ADC_DMACmd
                0x08010e6a                ADC_ITConfig
                0x08010e7e                ADC_ResetCalibration
                0x08010e88                ADC_GetResetCalibrationStatus
                0x08010e90                ADC_StartCalibration
                0x08010e9a                ADC_GetCalibrationStatus
                0x08010ea2                ADC_SoftwareStartConvCmd
                0x08010eb6                ADC_GetSoftwareStartConvStatus
                0x08010ebe                ADC_DiscModeChannelCountConfig
                0x08010ece                ADC_DiscModeCmd
                0x08010ee2                ADC_RegularChannelConfig
                0x08010f70                ADC_ExternalTrigConvCmd
                0x08010f84                ADC_GetConversionValue
                0x08010f8a                ADC_GetDualModeConversionValue
                0x08010f94                ADC_AutoInjectedConvCmd
                0x08010fa8                ADC_InjectedDiscModeCmd
                0x08010fbc                ADC_ExternalTrigInjectedConvConfig
                0x08010fca                ADC_ExternalTrigInjectedConvCmd
                0x08010fde                ADC_SoftwareStartInjectedConvCmd
                0x08010ff2                ADC_GetSoftwareStartInjectedConvCmdStatus
                0x08010ffa                ADC_InjectedChannelConfig
                0x08011056                ADC_InjectedSequencerLengthConfig
                0x08011066                ADC_SetInjectedOffset
                0x0801107c                ADC_GetInjectedConversionValue
                0x08011096                ADC_AnalogWatchdogCmd
                0x080110a8                ADC_AnalogWatchdogThresholdsConfig
                0x080110ae                ADC_AnalogWatchdogSingleChannelConfig
                0x080110bc                ADC_TempSensorVrefintCmd
                0x080110d8                ADC_GetFlagStatus
                0x080110e4                ADC_ClearFlag
                0x080110ea                ADC_GetITStatus
                0x08011100                ADC_ClearITPendingBit
 .text          0x08011108       0xe0 lib/STM32F10x_StdPeriph_Driver/libstm32fw.a(stm32f10x_bkp.o)
                0x08011108                BKP_DeInit
                0x0801111a                BKP_TamperPinLevelConfig
                0x08011124                BKP_TamperPinCmd
                0x08011130                BKP_ITConfig
                0x0801113c                BKP_RTCOutputConfig
                0x08011154                BKP_SetRTCCalibrationValue
                0x0801116c                BKP_WriteBackupRegister
                0x08011188                BKP_ReadBackupRegister
                0x080111a8                BKP_GetFlagStatus
                0x080111b4                BKP_ClearFlag
                0x080111c8                BKP_GetITStatus
                0x080111d4                BKP_ClearITPendingBit
 .text          0x080111e8      0x1f0 lib/STM32F10x_StdPeriph_Driver/libstm32fw.a(stm32f10x_dma.o)
                0x080111e8                DMA_DeInit
                0x080112e4                DMA_Init
                0x08011324                DMA_StructInit
                0x0801133e                DMA_Cmd
                0x08011352                DMA_ITConfig
                0x08011364                DMA_GetCurrDataCounter
                0x0801136a                DMA_GetFlagStatus
                0x08011388                DMA_ClearFlag
                0x080113a0                DMA_GetITStatus
                0x080113c0                DMA_ClearITPendingBit
 .text          0x080113d8      0x108 lib/STM32F10x_StdPeriph_Driver/libstm32fw.a(stm32f10x_exti.o)
                0x080113d8                EXTI_DeInit
                0x080113f4                EXTI_Init
                0x08011478                EXTI_StructInit
                0x08011486                EXTI_GenerateSWInterrupt
                0x08011498                EXTI_GetFlagStatus
                0x080114ac                EXTI_ClearFlag
                0x080114b8                EXTI_GetITStatus
                0x080114d4                EXTI_ClearITPendingBit
 .text          0x080114e0      0x278 lib/STM32F10x_StdPeriph_Driver/libstm32fw.a(stm32f10x_gpio.o)
                0x080114e0                GPIO_DeInit
                0x0801158c                GPIO_AFIODeInit
                0x080115a2                GPIO_Init
                0x0801163a                GPIO_StructInit
                0x0801164a                GPIO_ReadInputDataBit
                0x08011656                GPIO_ReadInputData
                0x0801165c                GPIO_ReadOutputDataBit
                0x08011668                GPIO_ReadOutputData
                0x0801166e                GPIO_SetBits
                0x08011672                GPIO_ResetBits
                0x08011676                GPIO_WriteBit
                0x08011680                GPIO_Write
                0x08011684                GPIO_PinLockConfig
                0x08011694                GPIO_EventOutputConfig
                0x080116b4                GPIO_EventOutputCmd
                0x080116c0                GPIO_PinRemapConfig
                0x08011718                GPIO_EXTILineConfig
                0x0801174c                GPIO_ETH_MediaInterfaceConfig
 .text          0x08011758      0x3b4 lib/STM32F10x_StdPeriph_Driver/libstm32fw.a(stm32f10x_i2c.o)
                0x08011758                I2C_DeInit
                0x0801178c                I2C_Init
                0x0801185c                I2C_StructInit
                0x08011878                I2C_Cmd
                0x08011892                I2C_DMACmd
                0x080118ac                I2C_DMALastTransferCmd
                0x080118c6                I2C_GenerateSTART
                0x080118e0                I2C_GenerateSTOP
                0x080118fa                I2C_AcknowledgeConfig
                0x08011914                I2C_OwnAddress2Config
                0x0801192a                I2C_DualAddressCmd
                0x08011944                I2C_GeneralCallCmd
                0x0801195e                I2C_ITConfig
                0x08011974                I2C_SendData
                0x08011978                I2C_ReceiveData
                0x0801197e                I2C_Send7bitAddress
                0x0801198e                I2C_ReadRegister
                0x080119a6                I2C_SoftwareResetCmd
                0x080119be                I2C_SMBusAlertConfig
                0x080119dc                I2C_TransmitPEC
                0x080119f6                I2C_PECPositionConfig
                0x08011a14                I2C_CalculatePEC
                0x08011a2e                I2C_GetPEC
                0x08011a36                I2C_ARPCmd
                0x08011a50                I2C_StretchClockCmd
                0x08011a6a                I2C_FastModeDutyCycleConfig
                0x08011a88                I2C_GetLastEvent
                0x08011a98                I2C_CheckEvent
                0x08011ab0                I2C_GetFlagStatus
                0x08011ae4                I2C_ClearFlag
                0x08011aea                I2C_GetITStatus
                0x08011b06                I2C_ClearITPendingBit
 .text          0x08011b0c       0x58 lib/STM32F10x_StdPeriph_Driver/libstm32fw.a(stm32f10x_iwdg.o)
                0x08011b0c                IWDG_WriteAccessCmd
                0x08011b18                IWDG_SetPrescaler
                0x08011b24                IWDG_SetReload
                0x08011b30                IWDG_ReloadCounter
                0x08011b40                IWDG_Enable
                0x08011b50                IWDG_GetFlagStatus
 .text          0x08011b64       0xcc lib/STM32F10x_StdPeriph_Driver/libstm32fw.a(stm32f10x_pwr.o)
                0x08011b68                PWR_DeInit
                0x08011b82                PWR_BackupAccessCmd
                0x08011b8c                PWR_PVDCmd
                0x08011b98                PWR_PVDLevelConfig
                0x08011bac                PWR_WakeUpPinCmd
                0x08011bb8                PWR_EnterSTOPMode
                0x08011be4                PWR_EnterSTANDBYMode
                0x08011c0c                PWR_GetFlagStatus
                0x08011c20                PWR_ClearFlag
 .text          0x08011c30      0x360 lib/STM32F10x_StdPeriph_Driver/libstm32fw.a(stm32f10x_rcc.o)
                0x08011c30                RCC_DeInit
                0x08011c70                RCC_HSEConfig
                0x08011ca8                RCC_AdjustHSICalibrationValue
                0x08011cbc                RCC_HSICmd
                0x08011cc8                RCC_PLLConfig
                0x08011ce0                RCC_PLLCmd
                0x08011cec                RCC_SYSCLKConfig
                0x08011d00                RCC_GetSYSCLKSource
                0x08011d10                RCC_HCLKConfig
                0x08011d24                RCC_PCLK1Config
                0x08011d38                RCC_PCLK2Config
                0x08011d4c                RCC_ITConfig
                0x08011d64                RCC_USBCLKConfig
                0x08011d70                RCC_ADCCLKConfig
                0x08011d84                RCC_LSEConfig
                0x08011da4                RCC_LSICmd
                0x08011db0                RCC_RTCCLKConfig
                0x08011dc0                RCC_RTCCLKCmd
                0x08011dcc                RCC_GetClocksFreq
                0x08011e70                RCC_AHBPeriphClockCmd
                0x08011e88                RCC_APB2PeriphClockCmd
                0x08011ea0                RCC_APB1PeriphClockCmd
                0x08011eb8                RCC_APB2PeriphResetCmd
                0x08011ed0                RCC_APB1PeriphResetCmd
                0x08011ee8                RCC_BackupResetCmd
                0x08011ef4                RCC_ClockSecuritySystemCmd
                0x08011f00                RCC_MCOConfig
                0x08011f0c                RCC_GetFlagStatus
                0x08011f34                RCC_WaitForHSEStartUp
                0x08011f60                RCC_ClearFlag
                0x08011f70                RCC_GetITStatus
                0x08011f84                RCC_ClearITPendingBit
 .text          0x08011f90      0x158 lib/STM32F10x_StdPeriph_Driver/libstm32fw.a(stm32f10x_rtc.o)
                0x08011f90                RTC_ITConfig
                0x08011fac                RTC_EnterConfigMode
                0x08011fc0                RTC_ExitConfigMode
                0x08011fd4                RTC_GetCounter
                0x08011fe8                RTC_SetCounter
                0x08012004                RTC_SetPrescaler
                0x08012024                RTC_SetAlarm
                0x08012040                RTC_GetDivider
                0x08012058                RTC_WaitForLastTask
                0x08012068                RTC_WaitForSynchro
                0x08012088                RTC_GetFlagStatus
                0x0801209c                RTC_ClearFlag
                0x080120b0                RTC_GetITStatus
                0x080120d4                RTC_ClearITPendingBit
 .text          0x080120e8      0x2d4 lib/STM32F10x_StdPeriph_Driver/libstm32fw.a(stm32f10x_spi.o)
                0x080120e8                SPI_I2S_DeInit
                0x0801214c                SPI_Init
                0x0801218c                I2S_Init
                0x0801222c                SPI_StructInit
                0x08012244                I2S_StructInit
                0x08012256                SPI_Cmd
                0x08012270                I2S_Cmd
                0x0801228a                SPI_I2S_ITConfig
                0x080122a8                SPI_I2S_DMACmd
                0x080122be                SPI_I2S_SendData
                0x080122c2                SPI_I2S_ReceiveData
                0x080122c8                SPI_NSSInternalSoftwareConfig
                0x080122e8                SPI_SSOutputCmd
                0x08012302                SPI_DataSizeConfig
                0x0801231a                SPI_TransmitCRC
                0x08012326                SPI_CalculateCRC
                0x08012340                SPI_GetCRC
                0x08012350                SPI_GetCRCPolynomial
                0x08012356                SPI_BiDirectionalLineConfig
                0x08012374                SPI_I2S_GetFlagStatus
                0x08012380                SPI_I2S_ClearFlag
                0x08012386                SPI_I2S_GetITStatus
                0x080123ac                SPI_I2S_ClearITPendingBit
 .text          0x080123bc      0xa80 lib/STM32F10x_StdPeriph_Driver/libstm32fw.a(stm32f10x_tim.o)
                0x0801242a                TIM_DeInit
                0x080124f4                TIM_TimeBaseInit
                0x08012530                TIM_OC1Init
                0x080125b0                TIM_OC2Init
                0x08012638                TIM_OC3Init
                0x080126bc                TIM_OC4Init
                0x08012720                TIM_BDTRConfig
                0x08012742                TIM_TimeBaseStructInit
                0x08012754                TIM_OCStructInit
                0x08012768                TIM_ICStructInit
                0x08012778                TIM_BDTRStructInit
                0x0801278a                TIM_Cmd
                0x080127a4                TIM_CtrlPWMOutputs
                0x080127c2                TIM_ITConfig
                0x080127d8                TIM_GenerateEvent
                0x080127dc                TIM_DMAConfig
                0x080127e4                TIM_DMACmd
                0x080127fa                TIM_InternalClockConfig
                0x08012808                TIM_ETRConfig
                0x0801281e                TIM_ETRClockMode2Config
                0x08012832                TIM_ETRClockMode1Config
                0x0801284c                TIM_PrescalerConfig
                0x08012852                TIM_CounterModeConfig
                0x08012864                TIM_SelectInputTrigger
                0x08012876                TIM_TIxExternalClockConfig
                0x080128a4                TIM_ITRxExternalClockConfig
                0x080128b8                TIM_EncoderInterfaceConfig
                0x080128f6                TIM_ForcedOC1Config
                0x08012908                TIM_ForcedOC2Config
                0x0801291a                TIM_ForcedOC3Config
                0x0801292c                TIM_ForcedOC4Config
                0x0801293e                TIM_ARRPreloadConfig
                0x08012958                TIM_SelectCOM
                0x08012972                TIM_SelectCCDMA
                0x0801298c                TIM_CCPreloadControl
                0x080129a6                TIM_OC1PreloadConfig
                0x080129b8                TIM_OC2PreloadConfig
                0x080129ca                TIM_OC3PreloadConfig
                0x080129dc                TIM_OC4PreloadConfig
                0x080129ee                TIM_OC1FastConfig
                0x08012a00                TIM_OC2FastConfig
                0x08012a12                TIM_OC3FastConfig
                0x08012a24                TIM_OC4FastConfig
                0x08012a36                TIM_ClearOC1Ref
                0x08012a48                TIM_ClearOC2Ref
                0x08012a56                TIM_ClearOC3Ref
                0x08012a68                TIM_ClearOC4Ref
                0x08012a76                TIM_OC1PolarityConfig
                0x08012a88                TIM_OC1NPolarityConfig
                0x08012a9a                TIM_OC2PolarityConfig
                0x08012aac                TIM_OC2NPolarityConfig
                0x08012abe                TIM_OC3PolarityConfig
                0x08012ad0                TIM_OC3NPolarityConfig
                0x08012ae2                TIM_OC4PolarityConfig
                0x08012af4                TIM_CCxCmd
                0x08012b12                TIM_CCxNCmd
                0x08012b30                TIM_SelectOCxM
                0x08012b7c                TIM_UpdateDisableConfig
                0x08012b96                TIM_UpdateRequestConfig
                0x08012bb0                TIM_SelectHallSensor
                0x08012bca                TIM_SelectOnePulseMode
                0x08012be2                TIM_SelectOutputTrigger
                0x08012bfa                TIM_SelectSlaveMode
                0x08012c12                TIM_SelectMasterSlaveMode
                0x08012c2a                TIM_SetCounter
                0x08012c2e                TIM_SetAutoreload
                0x08012c32                TIM_SetCompare1
                0x08012c36                TIM_SetCompare2
                0x08012c3a                TIM_SetCompare3
                0x08012c3e                TIM_SetCompare4
                0x08012c44                TIM_SetIC1Prescaler
                0x08012c5c                TIM_SetIC2Prescaler
                0x08012c74                TIM_PWMIConfig
                0x08012ce0                TIM_SetIC3Prescaler
                0x08012cf8                TIM_SetIC4Prescaler
                0x08012d10                TIM_ICInit
                0x08012dd4                TIM_SetClockDivision
                0x08012de6                TIM_GetCapture1
                0x08012dec                TIM_GetCapture2
                0x08012df2                TIM_GetCapture3
                0x08012df8                TIM_GetCapture4
                0x08012e00                TIM_GetCounter
                0x08012e06                TIM_GetPrescaler
                0x08012e0c                TIM_GetFlagStatus
                0x08012e18                TIM_ClearFlag
                0x08012e1e                TIM_GetITStatus
                0x08012e34                TIM_ClearITPendingBit
 .text          0x08012e3c      0x374 lib/STM32F10x_StdPeriph_Driver/libstm32fw.a(stm32f10x_usart.o)
                0x08012e3c                USART_DeInit
                0x08012ed4                USART_Init
                0x08012f64                USART_StructInit
                0x08012f7a                USART_ClockInit
                0x08012fa0                USART_ClockStructInit
                0x08012fac                USART_Cmd
                0x08012fc6                USART_ITConfig
                0x08012ffc                USART_DMACmd
                0x08013012                USART_SetAddress
                0x0801302a                USART_WakeUpConfig
                0x08013042                USART_ReceiverWakeUpCmd
                0x0801305c                USART_LINBreakDetectLengthConfig
                0x08013074                USART_LINCmd
                0x0801308e                USART_SendData
                0x08013096                USART_ReceiveData
                0x0801309e                USART_SendBreak
                0x080130aa                USART_SetGuardTime
                0x080130bc                USART_SetPrescaler
                0x080130d0                USART_SmartCardCmd
                0x080130ea                USART_SmartCardNACKCmd
                0x08013104                USART_HalfDuplexCmd
                0x0801311e                USART_IrDAConfig
                0x08013136                USART_IrDACmd
                0x08013150                USART_GetFlagStatus
                0x0801315c                USART_ClearFlag
                0x08013162                USART_GetITStatus
                0x080131a2                USART_ClearITPendingBit
 .text          0x080131b0       0x90 /home/laurence/CodeSourcery/Sourcery_G++_Lite/bin/../lib/gcc/arm-none-eabi/4.5.2/../../../../arm-none-eabi/lib/thumb2/libm.a(lib_a-s_cos.o)
                0x080131b0                cos
 .text          0x08013240      0x128 /home/laurence/CodeSourcery/Sourcery_G++_Lite/bin/../lib/gcc/arm-none-eabi/4.5.2/../../../../arm-none-eabi/lib/thumb2/libm.a(lib_a-s_floor.o)
                0x08013240                floor
 .text          0x08013368       0x98 /home/laurence/CodeSourcery/Sourcery_G++_Lite/bin/../lib/gcc/arm-none-eabi/4.5.2/../../../../arm-none-eabi/lib/thumb2/libm.a(lib_a-s_sin.o)
                0x08013368                sin
 .text          0x08013400       0x74 /home/laurence/CodeSourcery/Sourcery_G++_Lite/bin/../lib/gcc/arm-none-eabi/4.5.2/../../../../arm-none-eabi/lib/thumb2/libm.a(lib_a-sf_cos.o)
                0x08013400                cosf
 .text          0x08013474       0x78 /home/laurence/CodeSourcery/Sourcery_G++_Lite/bin/../lib/gcc/arm-none-eabi/4.5.2/../../../../arm-none-eabi/lib/thumb2/libm.a(lib_a-sf_sin.o)
                0x08013474                sinf
 .text          0x080134ec       0xa8 /home/laurence/CodeSourcery/Sourcery_G++_Lite/bin/../lib/gcc/arm-none-eabi/4.5.2/../../../../arm-none-eabi/lib/thumb2/libm.a(lib_a-w_asin.o)
                0x080134ec                asin
 .text          0x08013594        0x4 /home/laurence/CodeSourcery/Sourcery_G++_Lite/bin/../lib/gcc/arm-none-eabi/4.5.2/../../../../arm-none-eabi/lib/thumb2/libm.a(lib_a-w_atan2.o)
                0x08013594                atan2
 .text          0x08013598       0xac /home/laurence/CodeSourcery/Sourcery_G++_Lite/bin/../lib/gcc/arm-none-eabi/4.5.2/../../../../arm-none-eabi/lib/thumb2/libm.a(lib_a-w_sqrt.o)
                0x08013598                sqrt
 .text          0x08013644       0xa8 /home/laurence/CodeSourcery/Sourcery_G++_Lite/bin/../lib/gcc/arm-none-eabi/4.5.2/../../../../arm-none-eabi/lib/thumb2/libm.a(lib_a-wf_acos.o)
                0x08013644                acosf
 .text          0x080136ec       0xa8 /home/laurence/CodeSourcery/Sourcery_G++_Lite/bin/../lib/gcc/arm-none-eabi/4.5.2/../../../../arm-none-eabi/lib/thumb2/libm.a(lib_a-wf_asin.o)
                0x080136ec                asinf
 .text          0x08013794        0x4 /home/laurence/CodeSourcery/Sourcery_G++_Lite/bin/../lib/gcc/arm-none-eabi/4.5.2/../../../../arm-none-eabi/lib/thumb2/libm.a(lib_a-wf_atan2.o)
                0x08013794                atan2f
 .text          0x08013798       0xa4 /home/laurence/CodeSourcery/Sourcery_G++_Lite/bin/../lib/gcc/arm-none-eabi/4.5.2/../../../../arm-none-eabi/lib/thumb2/libm.a(lib_a-wf_sqrt.o)
                0x08013798                sqrtf
 *fill*         0x0801383c        0x4 00
 .text          0x08013840      0x460 /home/laurence/CodeSourcery/Sourcery_G++_Lite/bin/../lib/gcc/arm-none-eabi/4.5.2/../../../../arm-none-eabi/lib/thumb2/libm.a(lib_a-e_asin.o)
                0x08013840                __ieee754_asin
 .text          0x08013ca0      0x218 /home/laurence/CodeSourcery/Sourcery_G++_Lite/bin/../lib/gcc/arm-none-eabi/4.5.2/../../../../arm-none-eabi/lib/thumb2/libm.a(lib_a-e_atan2.o)
                0x08013ca0                __ieee754_atan2
 .text          0x08013eb8      0x450 /home/laurence/CodeSourcery/Sourcery_G++_Lite/bin/../lib/gcc/arm-none-eabi/4.5.2/../../../../arm-none-eabi/lib/thumb2/libm.a(lib_a-e_rem_pio2.o)
                0x08013eb8                __ieee754_rem_pio2
 .text          0x08014308      0x1c0 /home/laurence/CodeSourcery/Sourcery_G++_Lite/bin/../lib/gcc/arm-none-eabi/4.5.2/../../../../arm-none-eabi/lib/thumb2/libm.a(lib_a-e_sqrt.o)
                0x08014308                __ieee754_sqrt
 .text          0x080144c8      0x368 /home/laurence/CodeSourcery/Sourcery_G++_Lite/bin/../lib/gcc/arm-none-eabi/4.5.2/../../../../arm-none-eabi/lib/thumb2/libm.a(lib_a-ef_acos.o)
                0x080144c8                __ieee754_acosf
 .text          0x08014830      0x318 /home/laurence/CodeSourcery/Sourcery_G++_Lite/bin/../lib/gcc/arm-none-eabi/4.5.2/../../../../arm-none-eabi/lib/thumb2/libm.a(lib_a-ef_asin.o)
                0x08014830                __ieee754_asinf
 .text          0x08014b48      0x16c /home/laurence/CodeSourcery/Sourcery_G++_Lite/bin/../lib/gcc/arm-none-eabi/4.5.2/../../../../arm-none-eabi/lib/thumb2/libm.a(lib_a-ef_atan2.o)
                0x08014b48                __ieee754_atan2f
 .text          0x08014cb4      0x358 /home/laurence/CodeSourcery/Sourcery_G++_Lite/bin/../lib/gcc/arm-none-eabi/4.5.2/../../../../arm-none-eabi/lib/thumb2/libm.a(lib_a-ef_rem_pio2.o)
                0x08014cb4                __ieee754_rem_pio2f
 .text          0x0801500c       0xb0 /home/laurence/CodeSourcery/Sourcery_G++_Lite/bin/../lib/gcc/arm-none-eabi/4.5.2/../../../../arm-none-eabi/lib/thumb2/libm.a(lib_a-ef_sqrt.o)
                0x0801500c                __ieee754_sqrtf
 *fill*         0x080150bc        0x4 00
 .text          0x080150c0      0x250 /home/laurence/CodeSourcery/Sourcery_G++_Lite/bin/../lib/gcc/arm-none-eabi/4.5.2/../../../../arm-none-eabi/lib/thumb2/libm.a(lib_a-k_cos.o)
                0x080150c0                __kernel_cos
 .text          0x08015310      0x7a8 /home/laurence/CodeSourcery/Sourcery_G++_Lite/bin/../lib/gcc/arm-none-eabi/4.5.2/../../../../arm-none-eabi/lib/thumb2/libm.a(lib_a-k_rem_pio2.o)
                0x08015310                __kernel_rem_pio2
 .text          0x08015ab8      0x168 /home/laurence/CodeSourcery/Sourcery_G++_Lite/bin/../lib/gcc/arm-none-eabi/4.5.2/../../../../arm-none-eabi/lib/thumb2/libm.a(lib_a-k_sin.o)
                0x08015ab8                __kernel_sin
 .text          0x08015c20      0x1b8 /home/laurence/CodeSourcery/Sourcery_G++_Lite/bin/../lib/gcc/arm-none-eabi/4.5.2/../../../../arm-none-eabi/lib/thumb2/libm.a(lib_a-kf_cos.o)
                0x08015c20                __kernel_cosf
 .text          0x08015dd8      0x63c /home/laurence/CodeSourcery/Sourcery_G++_Lite/bin/../lib/gcc/arm-none-eabi/4.5.2/../../../../arm-none-eabi/lib/thumb2/libm.a(lib_a-kf_rem_pio2.o)
                0x08015dd8                __kernel_rem_pio2f
 .text          0x08016414      0x100 /home/laurence/CodeSourcery/Sourcery_G++_Lite/bin/../lib/gcc/arm-none-eabi/4.5.2/../../../../arm-none-eabi/lib/thumb2/libm.a(lib_a-kf_sin.o)
                0x08016414                __kernel_sinf
 *fill*         0x08016514        0x4 00
 .text          0x08016518      0x338 /home/laurence/CodeSourcery/Sourcery_G++_Lite/bin/../lib/gcc/arm-none-eabi/4.5.2/../../../../arm-none-eabi/lib/thumb2/libm.a(lib_a-s_atan.o)
                0x08016518                atan
 .text          0x08016850        0x8 /home/laurence/CodeSourcery/Sourcery_G++_Lite/bin/../lib/gcc/arm-none-eabi/4.5.2/../../../../arm-none-eabi/lib/thumb2/libm.a(lib_a-s_fabs.o)
                0x08016850                fabs
 .text          0x08016858       0x90 /home/laurence/CodeSourcery/Sourcery_G++_Lite/bin/../lib/gcc/arm-none-eabi/4.5.2/../../../../arm-none-eabi/lib/thumb2/libm.a(lib_a-s_fpclassify.o)
                0x08016858                __fpclassifyd
 .text          0x080168e8        0x4 /home/laurence/CodeSourcery/Sourcery_G++_Lite/bin/../lib/gcc/arm-none-eabi/4.5.2/../../../../arm-none-eabi/lib/thumb2/libm.a(lib_a-s_matherr.o)
                0x080168e8                matherr
 .text          0x080168ec        0xc /home/laurence/CodeSourcery/Sourcery_G++_Lite/bin/../lib/gcc/arm-none-eabi/4.5.2/../../../../arm-none-eabi/lib/thumb2/libm.a(lib_a-s_nan.o)
                0x080168ec                nan
 .text          0x080168f8      0x108 /home/laurence/CodeSourcery/Sourcery_G++_Lite/bin/../lib/gcc/arm-none-eabi/4.5.2/../../../../arm-none-eabi/lib/thumb2/libm.a(lib_a-s_scalbn.o)
                0x080168f8                scalbn
 .text          0x08016a00      0x244 /home/laurence/CodeSourcery/Sourcery_G++_Lite/bin/../lib/gcc/arm-none-eabi/4.5.2/../../../../arm-none-eabi/lib/thumb2/libm.a(lib_a-sf_atan.o)
                0x08016a00                atanf
 .text          0x08016c44        0x8 /home/laurence/CodeSourcery/Sourcery_G++_Lite/bin/../lib/gcc/arm-none-eabi/4.5.2/../../../../arm-none-eabi/lib/thumb2/libm.a(lib_a-sf_fabs.o)
                0x08016c44                fabsf
 .text          0x08016c4c       0xa0 /home/laurence/CodeSourcery/Sourcery_G++_Lite/bin/../lib/gcc/arm-none-eabi/4.5.2/../../../../arm-none-eabi/lib/thumb2/libm.a(lib_a-sf_floor.o)
                0x08016c4c                floorf
 .text          0x08016cec       0x7c /home/laurence/CodeSourcery/Sourcery_G++_Lite/bin/../lib/gcc/arm-none-eabi/4.5.2/../../../../arm-none-eabi/lib/thumb2/libm.a(lib_a-sf_fpclassify.o)
                0x08016cec                __fpclassifyf
 .text          0x08016d68       0xc0 /home/laurence/CodeSourcery/Sourcery_G++_Lite/bin/../lib/gcc/arm-none-eabi/4.5.2/../../../../arm-none-eabi/lib/thumb2/libm.a(lib_a-sf_scalbn.o)
                0x08016d68                scalbnf
 .text          0x08016e28       0x14 /home/laurence/CodeSourcery/Sourcery_G++_Lite/bin/../lib/gcc/arm-none-eabi/4.5.2/../../../../arm-none-eabi/lib/thumb2/libm.a(lib_a-s_copysign.o)
                0x08016e28                copysign
 .text          0x08016e3c       0x10 /home/laurence/CodeSourcery/Sourcery_G++_Lite/bin/../lib/gcc/arm-none-eabi/4.5.2/../../../../arm-none-eabi/lib/thumb2/libm.a(lib_a-sf_copysign.o)
                0x08016e3c                copysignf
 *fill*         0x08016e4c        0x4 00
 .text          0x08016e50      0x2b0 /home/laurence/CodeSourcery/Sourcery_G++_Lite/bin/../lib/gcc/arm-none-eabi/4.5.2/thumb2/libgcc.a(_divsi3.o)
                0x08016e50                __aeabi_idiv
                0x08016e50                __divsi3
                0x080170e4                __aeabi_idivmod
 .text          0x08017100        0x4 /home/laurence/CodeSourcery/Sourcery_G++_Lite/bin/../lib/gcc/arm-none-eabi/4.5.2/thumb2/libgcc.a(_dvmd_tls.o)
                0x08017100                __aeabi_ldiv0
                0x08017100                __aeabi_idiv0
 .text          0x08017104      0x370 /home/laurence/CodeSourcery/Sourcery_G++_Lite/bin/../lib/gcc/arm-none-eabi/4.5.2/thumb2/libgcc.a(_arm_addsubdf3.o)
                0x08017104                __aeabi_drsub
                0x0801710c                __aeabi_dsub
                0x0801710c                __subdf3
                0x08017110                __adddf3
                0x08017110                __aeabi_dadd
                0x08017388                __aeabi_ui2d
                0x08017388                __floatunsidf
                0x080173a8                __floatsidf
                0x080173a8                __aeabi_i2d
                0x080173cc                __extendsfdf2
                0x080173cc                __aeabi_f2d
                0x08017408                __aeabi_ul2d
                0x08017408                __floatundidf
                0x08017418                __floatdidf
                0x08017418                __aeabi_l2d
 .text          0x08017474      0x424 /home/laurence/CodeSourcery/Sourcery_G++_Lite/bin/../lib/gcc/arm-none-eabi/4.5.2/thumb2/libgcc.a(_arm_muldivdf3.o)
                0x08017474                __aeabi_dmul
                0x08017474                __muldf3
                0x080176c8                __aeabi_ddiv
                0x080176c8                __divdf3
 .text          0x08017898      0x110 /home/laurence/CodeSourcery/Sourcery_G++_Lite/bin/../lib/gcc/arm-none-eabi/4.5.2/thumb2/libgcc.a(_arm_cmpdf2.o)
                0x08017898                __gtdf2
                0x08017898                __gedf2
                0x080178a0                __ltdf2
                0x080178a0                __ledf2
                0x080178a8                __cmpdf2
                0x080178a8                __eqdf2
                0x080178a8                __nedf2
                0x08017924                __aeabi_cdrcmple
                0x08017934                __aeabi_cdcmple
                0x08017934                __aeabi_cdcmpeq
                0x08017944                __aeabi_dcmpeq
                0x08017958                __aeabi_dcmplt
                0x0801796c                __aeabi_dcmple
                0x08017980                __aeabi_dcmpge
                0x08017994                __aeabi_dcmpgt
 .text          0x080179a8       0x50 /home/laurence/CodeSourcery/Sourcery_G++_Lite/bin/../lib/gcc/arm-none-eabi/4.5.2/thumb2/libgcc.a(_arm_fixdfsi.o)
                0x080179a8                __fixdfsi
                0x080179a8                __aeabi_d2iz
 .text          0x080179f8       0x40 /home/laurence/CodeSourcery/Sourcery_G++_Lite/bin/../lib/gcc/arm-none-eabi/4.5.2/thumb2/libgcc.a(_arm_fixunsdfsi.o)
                0x080179f8                __fixunsdfsi
                0x080179f8                __aeabi_d2uiz
 .text          0x08017a38       0xa0 /home/laurence/CodeSourcery/Sourcery_G++_Lite/bin/../lib/gcc/arm-none-eabi/4.5.2/thumb2/libgcc.a(_arm_truncdfsf2.o)
                0x08017a38                __aeabi_d2f
                0x08017a38                __truncdfsf2
 .text          0x08017ad8      0x21c /home/laurence/CodeSourcery/Sourcery_G++_Lite/bin/../lib/gcc/arm-none-eabi/4.5.2/thumb2/libgcc.a(_arm_addsubsf3.o)
                0x08017ad8                __aeabi_frsub
                0x08017ae0                __subsf3
                0x08017ae0                __aeabi_fsub
                0x08017ae4                __aeabi_fadd
                0x08017ae4                __addsf3
                0x08017c44                __aeabi_ui2f
                0x08017c44                __floatunsisf
                0x08017c4c                __aeabi_i2f
                0x08017c4c                __floatsisf
                0x08017c68                __floatundisf
                0x08017c68                __aeabi_ul2f
                0x08017c78                __floatdisf
                0x08017c78                __aeabi_l2f
 .text          0x08017cf4      0x2a0 /home/laurence/CodeSourcery/Sourcery_G++_Lite/bin/../lib/gcc/arm-none-eabi/4.5.2/thumb2/libgcc.a(_arm_muldivsf3.o)
                0x08017cf4                __mulsf3
                0x08017cf4                __aeabi_fmul
                0x08017e5c                __divsf3
                0x08017e5c                __aeabi_fdiv
 .text          0x08017f94       0xec /home/laurence/CodeSourcery/Sourcery_G++_Lite/bin/../lib/gcc/arm-none-eabi/4.5.2/thumb2/libgcc.a(_arm_cmpsf2.o)
                0x08017f94                __gtsf2
                0x08017f94                __gesf2
                0x08017f9c                __lesf2
                0x08017f9c                __ltsf2
                0x08017fa4                __nesf2
                0x08017fa4                __eqsf2
                0x08017fa4                __cmpsf2
                0x08018004                __aeabi_cfrcmple
                0x0801800c                __aeabi_cfcmple
                0x0801800c                __aeabi_cfcmpeq
                0x0801801c                __aeabi_fcmpeq
                0x08018030                __aeabi_fcmplt
                0x08018044                __aeabi_fcmple
                0x08018058                __aeabi_fcmpge
                0x0801806c                __aeabi_fcmpgt
 .text          0x08018080       0x4c /home/laurence/CodeSourcery/Sourcery_G++_Lite/bin/../lib/gcc/arm-none-eabi/4.5.2/thumb2/libgcc.a(_arm_fixsfsi.o)
                0x08018080                __fixsfsi
                0x08018080                __aeabi_f2iz
 .text          0x080180cc       0x40 /home/laurence/CodeSourcery/Sourcery_G++_Lite/bin/../lib/gcc/arm-none-eabi/4.5.2/thumb2/libgcc.a(_arm_fixunssfsi.o)
                0x080180cc                __aeabi_f2uiz
                0x080180cc                __fixunssfsi
 .text          0x0801810c       0x2c /home/laurence/CodeSourcery/Sourcery_G++_Lite/bin/../lib/gcc/arm-none-eabi/4.5.2/thumb2/libgcc.a(_fixsfdi.o)
                0x0801810c                __aeabi_f2lz
                0x0801810c                __fixsfdi
 .text          0x08018138       0x48 /home/laurence/CodeSourcery/Sourcery_G++_Lite/bin/../lib/gcc/arm-none-eabi/4.5.2/thumb2/libgcc.a(_fixunssfdi.o)
                0x08018138                __aeabi_f2ulz
                0x08018138                __fixunssfdi
 .text          0x08018180        0xc /home/laurence/CodeSourcery/Sourcery_G++_Lite/bin/../lib/gcc/arm-none-eabi/4.5.2/../../../../arm-none-eabi/lib/thumb2/libc.a(lib_a-errno.o)
                0x08018180                __errno
 .text          0x0801818c       0x20 /home/laurence/CodeSourcery/Sourcery_G++_Lite/bin/../lib/gcc/arm-none-eabi/4.5.2/../../../../arm-none-eabi/lib/thumb2/libc.a(lib_a-malloc.o)
                0x0801818c                malloc
                0x0801819c                free
 .text          0x080181ac      0x57c /home/laurence/CodeSourcery/Sourcery_G++_Lite/bin/../lib/gcc/arm-none-eabi/4.5.2/../../../../arm-none-eabi/lib/thumb2/libc.a(lib_a-mallocr.o)
                0x080181ac                _malloc_r
 .text          0x08018728      0x150 /home/laurence/CodeSourcery/Sourcery_G++_Lite/bin/../lib/gcc/arm-none-eabi/4.5.2/../../../../arm-none-eabi/lib/thumb2/libc.a(lib_a-memcpy.o)
                0x08018728                memcpy
 .text          0x08018878       0xb4 /home/laurence/CodeSourcery/Sourcery_G++_Lite/bin/../lib/gcc/arm-none-eabi/4.5.2/../../../../arm-none-eabi/lib/thumb2/libc.a(lib_a-memset.o)
                0x08018878                memset
 .text          0x0801892c        0x8 /home/laurence/CodeSourcery/Sourcery_G++_Lite/bin/../lib/gcc/arm-none-eabi/4.5.2/../../../../arm-none-eabi/lib/thumb2/libc.a(lib_a-mlock.o)
                0x0801892c                __malloc_lock
                0x08018930                __malloc_unlock
 *fill*         0x08018934        0x4 00
 .text          0x08018938      0x100 /home/laurence/CodeSourcery/Sourcery_G++_Lite/bin/../lib/gcc/arm-none-eabi/4.5.2/../../../../arm-none-eabi/lib/thumb2/libc.a(lib_a-rand.o)
                0x08018938                srand
                0x08018994                rand
 .text          0x08018a38       0x28 /home/laurence/CodeSourcery/Sourcery_G++_Lite/bin/../lib/gcc/arm-none-eabi/4.5.2/../../../../arm-none-eabi/lib/thumb2/libc.a(lib_a-sbrkr.o)
                0x08018a38                _sbrk_r
 .text          0x08018a60       0xbc /home/laurence/CodeSourcery/Sourcery_G++_Lite/bin/../lib/gcc/arm-none-eabi/4.5.2/../../../../arm-none-eabi/lib/thumb2/libc.a(lib_a-strcpy.o)
                0x08018a60                strcpy
 .text          0x08018b1c      0x240 /home/laurence/CodeSourcery/Sourcery_G++_Lite/bin/../lib/gcc/arm-none-eabi/4.5.2/../../../../arm-none-eabi/lib/thumb2/libc.a(lib_a-freer.o)
                0x08018b1c                _malloc_trim_r
                0x08018bc4                _free_r
 .text          0x08018d5c       0x30 /home/laurence/CodeSourcery/Sourcery_G++_Lite/bin/../lib/gcc/arm-none-eabi/4.5.2/../../../../arm-none-eabi/lib/thumb2/libcs3.a(start_c.o)
                0x08018d5c                __cs3_premain
 .text.cs3.init
                0x08018d8c       0x50 /home/laurence/CodeSourcery/Sourcery_G++_Lite/bin/../lib/gcc/arm-none-eabi/4.5.2/../../../../arm-none-eabi/lib/thumb2/libcs3.a(start_c.o)
                0x08018d8c                __cs3_start_c
 .text          0x08018ddc       0x40 /home/laurence/CodeSourcery/Sourcery_G++_Lite/bin/../lib/gcc/arm-none-eabi/4.5.2/../../../../arm-none-eabi/lib/thumb2/libcs3unhosted.a(unhosted-sbrk.o)
                0x08018ddc                _sbrk
 .text.cs3.init
                0x08018e1c       0x10 /home/laurence/CodeSourcery/Sourcery_G++_Lite/bin/../lib/gcc/arm-none-eabi/4.5.2/../../../../arm-none-eabi/lib/thumb2/libcs3unhosted.a(unhosted-start.o)
                0x08018e1c                _start
 .text          0x08018e2c        0x2 lib/libcs3-lanchon-stm32.a(lanchon_stm32_isr_interrupt.o)
                0x08018e2c                MemManageException
                0x08018e2c                BusFaultException
                0x08018e2c                DMAChannel7_IRQHandler
                0x08018e2c                DebugMonitor
                0x08018e2c                SVCHandler
                0x08018e2c                HardFaultException
                0x08018e2c                __STM32ReservedException8
                0x08018e2c                USB_HP_CAN_TX_IRQHandler
                0x08018e2c                __STM32DefaultExceptionHandler
                0x08018e2c                DMAChannel1_IRQHandler
                0x08018e2c                CAN_SCE_IRQHandler
                0x08018e2c                __STM32ReservedException10
                0x08018e2c                __STM32ReservedException13
                0x08018e2c                NMIException
                0x08018e2c                DMAChannel4_IRQHandler
                0x08018e2c                SysTickHandler
                0x08018e2c                PendSVC
                0x08018e2c                CAN_RX1_IRQHandler
                0x08018e2c                ADC_IRQHandler
                0x08018e2c                DMAChannel5_IRQHandler
                0x08018e2c                DMAChannel2_IRQHandler
                0x08018e2c                USB_LP_CAN_RX0_IRQHandler
                0x08018e2c                __STM32ReservedException7
                0x08018e2c                UsageFaultException
                0x08018e2c                DMAChannel6_IRQHandler
                0x08018e2c                DMAChannel3_IRQHandler
                0x08018e2c                __STM32ReservedException9
 *fill*         0x08018e2e        0x2 00
 .text          0x08018e30       0x50 /home/laurence/CodeSourcery/Sourcery_G++_Lite/bin/../lib/gcc/arm-none-eabi/4.5.2/../../../../arm-none-eabi/lib/thumb2/libc.a(lib_a-init.o)
                0x08018e30                __libc_init_array
 *(.plt)
 *(.gnu.warning)
 *(.glue_7t)
 .glue_7t       0x00000000        0x0 linker stubs
 *(.glue_7)
 .glue_7        0x00000000        0x0 linker stubs
 *(.vfp11_veneer)
 .vfp11_veneer  0x00000000        0x0 linker stubs
 *(.rodata .rodata.* .gnu.linkonce.r.*)
 .rodata        0x08018e80      0x888 Sensors/earth_field.o
 .rodata.str1.1
                0x08019708        0x9 Sensors/earth_field.o
 *fill*         0x08019711        0x3 00
 .rodata        0x08019714       0x9c Sensors/sensorcal.o
                0x08019714                Acc_Cal_Dat
                0x08019748                Mag_Cal_Dat
                0x0801977c                Gyr_Cal_Dat
 .rodata        0x080197b0       0x9b Sensors/ubx.o
 .rodata.str1.1
                0x0801984b      0x13b Sensors/ubx.o
 .rodata.str1.1
                0x08019986        0xf Util/Fatfs/ff.o
 .rodata        0x08019995        0xc Util/Fatfs/rtc.o
 *fill*         0x080199a1        0x7 00
 .rodata        0x080199a8      0x1d8 Util/RF22/RF22.o
                0x080199a8                _ZTV4RF22
 .rodata._ZTV12RF22Datagram
                0x08019b80       0x10 Util/RF22/RF22Datagram.o
                0x08019b80                _ZTV12RF22Datagram
 .rodata        0x08019b90       0x20 Util/RF22/RF22Mesh.o
                0x08019b90                _ZTV8RF22Mesh
 .rodata._ZTV20RF22ReliableDatagram
                0x08019bb0       0x10 Util/RF22/RF22ReliableDatagram.o
                0x08019bb0                _ZTV20RF22ReliableDatagram
 .rodata        0x08019bc0       0x18 Util/RF22/RF22Router.o
                0x08019bc0                _ZTV10RF22Router
 .rodata        0x08019bd8      0x100 Util/crc.o
 .rodata        0x08019cd8       0x11 Util/rprintf.o
 .rodata.str1.1
                0x08019ce9        0x6 Util/rprintf.o
 *fill*         0x08019cef        0x1 00
 .rodata        0x08019cf0       0x54 Util/uavtalk.o
                0x08019cf0                UAVtalk_objects
                0x08019d1c                UAVtalk_lenghts
                0x08019d27                UAVtalk_stream_objs
                0x08019d2e                UAVtalk_stream_types
                0x08019d36                UAVtalk_stream_timeouts
 .rodata        0x08019d44        0xf i2c_int.o
                0x08019d44                Magno_config
                0x08019d47                Magno_single
                0x08019d48                Bmp_temperature
                0x08019d49                Bmp_pressure
                0x08019d4a                Accel_config
                0x08019d4e                Gyro_config
                0x08019d51                Gyro_clk_config
                0x08019d52                Pitot_conv
 *fill*         0x08019d53        0x1 00
 .rodata        0x08019d54       0x14 lib/CMSIS_CM3/system_stm32f10x.o
                0x08019d54                SystemFrequency
                0x08019d58                SystemFrequency_SysClk
                0x08019d5c                SystemFrequency_AHBClk
                0x08019d60                SystemFrequency_APB1Clk
                0x08019d64                SystemFrequency_APB2Clk
 .rodata.str1.1
                0x08019d68      0x457 main.o
                                0x460 (size before relaxing)
 *fill*         0x0801a1bf        0x1 00
 .rodata.str1.4
                0x0801a1c0        0x5 /home/laurence/CodeSourcery/Sourcery_G++_Lite/bin/../lib/gcc/arm-none-eabi/4.5.2/../../../../arm-none-eabi/lib/thumb2/libm.a(lib_a-w_asin.o)
                                  0xc (size before relaxing)
 *fill*         0x0801a1c5        0x3 00
 .rodata.str1.4
                0x0801a1c8        0x5 /home/laurence/CodeSourcery/Sourcery_G++_Lite/bin/../lib/gcc/arm-none-eabi/4.5.2/../../../../arm-none-eabi/lib/thumb2/libm.a(lib_a-w_sqrt.o)
                                  0x8 (size before relaxing)
 *fill*         0x0801a1cd        0x3 00
 .rodata.str1.4
                0x0801a1d0        0x6 /home/laurence/CodeSourcery/Sourcery_G++_Lite/bin/../lib/gcc/arm-none-eabi/4.5.2/../../../../arm-none-eabi/lib/thumb2/libm.a(lib_a-wf_acos.o)
                                  0xc (size before relaxing)
 *fill*         0x0801a1d6        0x2 00
 .rodata.str1.4
                0x0801a1d8        0x6 /home/laurence/CodeSourcery/Sourcery_G++_Lite/bin/../lib/gcc/arm-none-eabi/4.5.2/../../../../arm-none-eabi/lib/thumb2/libm.a(lib_a-wf_asin.o)
                                  0xc (size before relaxing)
 *fill*         0x0801a1de        0x2 00
 .rodata.str1.4
                0x0801a1e0        0x6 /home/laurence/CodeSourcery/Sourcery_G++_Lite/bin/../lib/gcc/arm-none-eabi/4.5.2/../../../../arm-none-eabi/lib/thumb2/libm.a(lib_a-wf_sqrt.o)
                                  0x8 (size before relaxing)
 *fill*         0x0801a1e6        0x2 00
 .rodata        0x0801a1e8      0x188 /home/laurence/CodeSourcery/Sourcery_G++_Lite/bin/../lib/gcc/arm-none-eabi/4.5.2/../../../../arm-none-eabi/lib/thumb2/libm.a(lib_a-e_rem_pio2.o)
 .rodata        0x0801a370      0x398 /home/laurence/CodeSourcery/Sourcery_G++_Lite/bin/../lib/gcc/arm-none-eabi/4.5.2/../../../../arm-none-eabi/lib/thumb2/libm.a(lib_a-ef_rem_pio2.o)
 .rodata        0x0801a708       0x50 /home/laurence/CodeSourcery/Sourcery_G++_Lite/bin/../lib/gcc/arm-none-eabi/4.5.2/../../../../arm-none-eabi/lib/thumb2/libm.a(lib_a-k_rem_pio2.o)
 .rodata        0x0801a758       0x38 /home/laurence/CodeSourcery/Sourcery_G++_Lite/bin/../lib/gcc/arm-none-eabi/4.5.2/../../../../arm-none-eabi/lib/thumb2/libm.a(lib_a-kf_rem_pio2.o)
 .rodata        0x0801a790       0x40 /home/laurence/CodeSourcery/Sourcery_G++_Lite/bin/../lib/gcc/arm-none-eabi/4.5.2/../../../../arm-none-eabi/lib/thumb2/libm.a(lib_a-s_atan.o)
 .rodata        0x0801a7d0       0x20 /home/laurence/CodeSourcery/Sourcery_G++_Lite/bin/../lib/gcc/arm-none-eabi/4.5.2/../../../../arm-none-eabi/lib/thumb2/libm.a(lib_a-sf_atan.o)
 .rodata.str1.4
                0x0801a7f0        0x4 /home/laurence/CodeSourcery/Sourcery_G++_Lite/bin/../lib/gcc/arm-none-eabi/4.5.2/../../../../arm-none-eabi/lib/thumb2/libc.a(lib_a-impure.o)
 *(.ARM.extab* .gnu.linkonce.armextab.*)
 *(.gcc_except_table)
 *(.eh_frame_hdr)
 *(.eh_frame)
                0x0801a7f4                . = ALIGN (0x4)
 *(.init)
 .init          0x0801a7f4        0x4 /home/laurence/CodeSourcery/Sourcery_G++_Lite/bin/../lib/gcc/arm-none-eabi/4.5.2/thumb2/crti.o
                0x0801a7f4                _init
 .init          0x0801a7f8        0x8 /home/laurence/CodeSourcery/Sourcery_G++_Lite/bin/../lib/gcc/arm-none-eabi/4.5.2/thumb2/crtn.o
                0x0801a800                . = ALIGN (0x4)
                0x0801a800                __preinit_array_start = .
 *(.preinit_array)
                0x0801a800                __preinit_array_end = .
                0x0801a800                . = ALIGN (0x4)
                0x0801a800                __init_array_start = .
 *(SORT(.init_array.*))
 *(.init_array)
 .init_array    0x0801a800        0x4 /home/laurence/CodeSourcery/Sourcery_G++_Lite/bin/../lib/gcc/arm-none-eabi/4.5.2/thumb2/crtbegin.o
 .init_array    0x0801a804        0x4 Util/RF22/ctocpp.o
                0x0801a808                __init_array_end = .
                0x0801a808                . = ALIGN (0x4)
 *crtbegin.o(.ctors)
 *(EXCLUDE_FILE(*crtend.o) .ctors)
 *(SORT(.ctors.*))
 *crtend.o(.ctors)
                0x0801a808                . = ALIGN (0x4)
 *(.fini)
 .fini          0x0801a808        0x4 /home/laurence/CodeSourcery/Sourcery_G++_Lite/bin/../lib/gcc/arm-none-eabi/4.5.2/thumb2/crti.o
                0x0801a808                _fini
 .fini          0x0801a80c        0x8 /home/laurence/CodeSourcery/Sourcery_G++_Lite/bin/../lib/gcc/arm-none-eabi/4.5.2/thumb2/crtn.o
                0x0801a814                . = ALIGN (0x4)
                0x0801a814                __fini_array_start = .
 *(.fini_array)
 .fini_array    0x0801a814        0x4 /home/laurence/CodeSourcery/Sourcery_G++_Lite/bin/../lib/gcc/arm-none-eabi/4.5.2/thumb2/crtbegin.o
 *(SORT(.fini_array.*))
                0x0801a818                __fini_array_end = .
 *crtbegin.o(.dtors)
 *(EXCLUDE_FILE(*crtend.o) .dtors)
 *(SORT(.dtors.*))
 *crtend.o(.dtors)
                0x0801a818                . = ALIGN (0x4)
                0x0801a818                __cs3_regions = .
                0x0801a818        0x4 LONG 0x0
                0x0801a81c        0x4 LONG 0x801a830 __cs3_region_init_ram
                0x0801a820        0x4 LONG 0x20000000 __cs3_region_start_ram
                0x0801a824        0x4 LONG 0x688 __cs3_region_init_size_ram
                0x0801a828        0x4 LONG 0x1b98 __cs3_region_zero_size_ram
                0x0801a82c                __exidx_start = .

.v4_bx          0x0801a82c        0x0
 .v4_bx         0x00000000        0x0 linker stubs

.ARM.exidx
 *(.ARM.exidx* .gnu.linkonce.armexidx.*)
                0x0801a82c                __exidx_end = .

.text.align     0x0801a82c        0x4
                0x0801a830                . = ALIGN (0x8)
 *fill*         0x0801a82c        0x4 00
                0x0801a830                _etext = .
                0x08020000                __cs3_region_end_rom = (__cs3_region_start_rom + 0x20000)
                0x00020000                __cs3_region_size_rom = 0x20000
                0x00000001                __cs3_region_num = 0x1

.data           0x20000000      0x688 load address 0x0801a830
                0x20000000                __cs3_region_start_ram = .
 *(.cs3.region-head.ram)
 *(.jcr)
 .jcr           0x20000000        0x0 /home/laurence/CodeSourcery/Sourcery_G++_Lite/bin/../lib/gcc/arm-none-eabi/4.5.2/thumb2/crtbegin.o
 .jcr           0x20000000        0x4 /home/laurence/CodeSourcery/Sourcery_G++_Lite/bin/../lib/gcc/arm-none-eabi/4.5.2/thumb2/crtend.o
 *(.got.plt)
 *(.got)
 *(.shdata)
 *(.data .data.* .gnu.linkonce.d.*)
 .data          0x20000004        0x1 Util/Fatfs/sd_spi_stm32.o
 *fill*         0x20000005        0x3 00
 .data          0x20000008       0x28 Util/uavtalk.o
                0x20000008                UAVtalk_conf
 .data          0x20000030       0x78 i2c_int.o
                0x20000030                I2C_jobs
 .data          0x200000a8        0x1 main.o
                0x200000a8                Spi_Locked
 *fill*         0x200000a9        0x3 00
 .data          0x200000ac        0x4 Control/ekf.o
                0x200000ac                Ge
 .data          0x200000b0       0xb4 Control/imu.o
 .data          0x20000164       0x14 lib/STM32F10x_StdPeriph_Driver/libstm32fw.a(stm32f10x_rcc.o)
 .data          0x20000178        0x1 /home/laurence/CodeSourcery/Sourcery_G++_Lite/bin/../lib/gcc/arm-none-eabi/4.5.2/../../../../arm-none-eabi/lib/thumb2/libm.a(lib_a-s_lib_ver.o)
                0x20000178                __fdlib_version
 *fill*         0x20000179        0x3 00
 .data          0x2000017c       0xf4 /home/laurence/CodeSourcery/Sourcery_G++_Lite/bin/../lib/gcc/arm-none-eabi/4.5.2/../../../../arm-none-eabi/lib/thumb2/libc.a(lib_a-impure.o)
                0x2000017c                _impure_ptr
 .data          0x20000270      0x410 /home/laurence/CodeSourcery/Sourcery_G++_Lite/bin/../lib/gcc/arm-none-eabi/4.5.2/../../../../arm-none-eabi/lib/thumb2/libc.a(lib_a-mallocr.o)
                0x20000270                __malloc_av_
                0x20000678                __malloc_sbrk_base
                0x2000067c                __malloc_trim_threshold
 .data          0x20000680        0x4 /home/laurence/CodeSourcery/Sourcery_G++_Lite/bin/../lib/gcc/arm-none-eabi/4.5.2/../../../../arm-none-eabi/lib/thumb2/libcs3unhosted.a(unhosted-sbrk.o)
 .data          0x20000684        0x4 /home/laurence/CodeSourcery/Sourcery_G++_Lite/bin/../lib/gcc/arm-none-eabi/4.5.2/../../../../arm-none-eabi/lib/thumb2/libcs3.a(heap.o)
                0x20000684                __cs3_heap_limit
 *(.ram)
                0x20000688                . = ALIGN (0x8)
                0x20000688                _edata = .

.bss            0x20000688     0x1b98 load address 0x0801aeb8
 *(.shbss)
 *(.bss .bss.* .gnu.linkonce.b.*)
 .bss           0x20000688        0x1 /home/laurence/CodeSourcery/Sourcery_G++_Lite/bin/../lib/gcc/arm-none-eabi/4.5.2/thumb2/crtbegin.o
 *fill*         0x20000689        0x1 00
 .bss           0x2000068a       0x20 Sensors/accel_down.o
                0x200006a4                Accel_Data_Buffer
 *fill*         0x200006aa        0x2 00
 .bss           0x200006ac       0x24 Sensors/bmp085.o
                0x200006ac                Bmp_Temp_Buffer
                0x200006b0                Bmp_temp
                0x200006b4                Our_Sensorcal
                0x200006cc                Bmp_Press_Buffer
 .bss           0x200006d0        0xc Sensors/earth_field.o
 .bss           0x200006dc        0x4 Sensors/pitot.o
                0x200006dc                Pitot_Pressure
 .bss           0x200006e0        0xa Sensors/ubx.o
 *fill*         0x200006ea        0x2 00
 .bss           0x200006ec        0x8 Util/Fatfs/ff.o
 .bss           0x200006f4       0x10 Util/Fatfs/sd_spi_stm32.o
 .bss           0x20000704        0x8 Util/RF22/RF22.o
                0x20000704                _ZN4RF2217_RF22ForInterruptE
 .bss           0x2000070c       0x3b Util/RF22/RF22Mesh.o
                0x2000070c                _ZN8RF22Mesh11_tmpMessageE
 .bss           0x20000747       0x40 Util/RF22/RF22Router.o
                0x20000747                _ZN10RF22Router11_tmpMessageE
 *fill*         0x20000787        0x1 00
 .bss           0x20000788      0x180 Util/RF22/ctocpp.o
                0x20000788                rf22
 .bss           0x20000908        0x4 Util/atmospherics.o
                0x20000908                Air_Density
 .bss           0x2000090c       0x84 Util/rprintf.o
 .bss           0x20000990       0x60 Util/uavtalk.o
                0x2000099c                UAVtalk_semaphores
                0x200009a8                UAVtalk_pointers
                0x200009d4                UAVtalk_stream_timers
 .bss           0x200009f0       0x10 i2c_int.o
                0x200009f0                Jobs
                0x200009f4                job
                0x200009f8                Completed_Jobs
                0x200009fc                I2C1error
 .bss           0x20000a00        0x8 interrupts.o
 .bss           0x20000a08      0xa34 main.o
                0x20000a08                Gps_Buffer
                0x20000b10                Usart1tx
                0x20000c18                Si4432_buff
                0x20000d20                Millis
                0x20000d24                Gps
                0x20000d57                Operating_Mode
                0x20000d58                Home_Position
                0x20000da8                Long_To_Meters_Home
                0x20000fdc                f_err_code
                0x20000fe0                FATFS_logfile
                0x20001204                Si4432_connected
                0x20001205                Kalman_Enabled
                0x20001208                UAVtalk_Attitude_Array
                0x20001224                Position_Actual
                0x20001230                Velocity_Actual
                0x2000123c                UAVtalk_Altitude_Array
                0x20001248                Waypoint_Global
                0x20001254                Battery_State
                0x2000126c                Flight_Status
                0x2000126e                GPS_Position
                0x20001294                uavtalk_usart_port
                0x2000132e                New_Waypoint_Flagged
                0x2000132f                Nav_Flag
                0x20001330                Nav_Global
                0x20001364                uavtalk_si4432_port
                0x200013fe                Ground_Flag
                0x20001400                Balt
                0x20001404                GCS_Telem
                0x20001419                Flight_Telem
                0x20001430                quickdebug
 .bss           0x2000143c       0x1a pwm.o
                0x2000143c                TIM_TimeBaseStructure
                0x20001446                TIM_OCInitStructure
 .bss           0x20001456      0x104 usart.o
                0x20001456                Usart1_rx_buff
 *fill*         0x2000155a        0x2 00
 .bss           0x2000155c      0xbf8 Control/ekf.o
                0x2000155c                Be
                0x20001568                P
                0x2000180c                X
                0x20001840                Q
                0x20001864                R
                0x2000188c                F
                0x20001b30                G
                0x20001d04                K
                0x20001f0c                Nav
                0x20001f40                H
                0x20002148                zeros
 .bss           0x20002154       0x90 Control/imu.o
                0x20002154                Gyro_Data_Buffer
                0x2000215c                Accel_Access_Flag
                0x2000216c                Accel_Data_Vector
                0x200021a8                Baro_Offset
                0x200021b8                Magno_Data_Buffer
 .bss           0x200021e4       0x34 /home/laurence/CodeSourcery/Sourcery_G++_Lite/bin/../lib/gcc/arm-none-eabi/4.5.2/../../../../arm-none-eabi/lib/thumb2/libc.a(lib_a-mallocr.o)
                0x200021e4                __malloc_top_pad
                0x200021e8                __malloc_current_mallinfo
                0x20002210                __malloc_max_sbrked_mem
                0x20002214                __malloc_max_total_mem
 *(COMMON)
 COMMON         0x20002218        0x4 /home/laurence/CodeSourcery/Sourcery_G++_Lite/bin/../lib/gcc/arm-none-eabi/4.5.2/../../../../arm-none-eabi/lib/thumb2/libc.a(lib_a-reent.o)
                0x20002218                errno
 *(.ram.b)
                0x20002220                . = ALIGN (0x8)
 *fill*         0x2000221c        0x4 00
                0x20002220                _end = .
                0x20002220                __end = .
                0x20005000                __cs3_region_end_ram = (__cs3_region_start_ram + 0x5000)
                0x00005000                __cs3_region_size_ram = 0x5000
                0x0801a830                __cs3_region_init_ram = LOADADDR (.data)
                0x00000688                __cs3_region_init_size_ram = (_edata - ADDR (.data))
                0x00001b98                __cs3_region_zero_size_ram = (_end - _edata)
                0x00000001                __cs3_region_num = 0x1

.stab
 *(.stab)

.stabstr
 *(.stabstr)

.debug
 *(.debug)

.line
 *(.line)

.debug_srcinfo
 *(.debug_srcinfo)

.debug_sfnames
 *(.debug_sfnames)

.debug_aranges
 *(.debug_aranges)

.debug_pubnames
 *(.debug_pubnames)

.debug_info
 *(.debug_info .gnu.linkonce.wi.*)

.debug_abbrev
 *(.debug_abbrev)

.debug_line
 *(.debug_line)

.comment        0x00000000       0x2a
 .comment       0x00000000       0x2a Sensors/accel_down.o
                                 0x2b (size before relaxing)
 .comment       0x00000000       0x2b Sensors/bmp085.o
 .comment       0x00000000       0x2b Sensors/earth_field.o
 .comment       0x00000000       0x2b Sensors/pitot.o
 .comment       0x00000000       0x2b Sensors/sensorcal.o
 .comment       0x00000000       0x2b Sensors/ubx.o
 .comment       0x00000000       0x2b Util/Fatfs/fattime.o
 .comment       0x00000000       0x2b Util/Fatfs/ff.o
 .comment       0x00000000       0x2b Util/Fatfs/rtc.o
 .comment       0x00000000       0x2b Util/Fatfs/sd_spi_stm32.o
 .comment       0x00000000       0x2b Util/RF22/RF22.o
 .comment       0x00000000       0x2b Util/RF22/RF22Datagram.o
 .comment       0x00000000       0x2b Util/RF22/RF22Mesh.o
 .comment       0x00000000       0x2b Util/RF22/RF22ReliableDatagram.o
 .comment       0x00000000       0x2b Util/RF22/RF22Router.o
 .comment       0x00000000       0x2b Util/RF22/ctocpp.o
 .comment       0x00000000       0x2b Util/atmospherics.o
 .comment       0x00000000       0x2b Util/coords.o
 .comment       0x00000000       0x2b Util/crc.o
 .comment       0x00000000       0x2b Util/delay.o
 .comment       0x00000000       0x2b Util/gravity.o
 .comment       0x00000000       0x2b Util/rprintf.o
 .comment       0x00000000       0x2b Util/time.o
 .comment       0x00000000       0x2b Util/uavobjconv.o
 .comment       0x00000000       0x2b Util/uavtalk.o
 .comment       0x00000000       0x2b adc.o
 .comment       0x00000000       0x2b dma.o
 .comment       0x00000000       0x2b gpio.o
 .comment       0x00000000       0x2b i2c_int.o
 .comment       0x00000000       0x2b interrupts.o
 .comment       0x00000000       0x2b lib/CMSIS_CM3/core_cm3.o
 .comment       0x00000000       0x2b lib/CMSIS_CM3/system_stm32f10x.o
 .comment       0x00000000       0x2b main.o
 .comment       0x00000000       0x2b pwm.o
 .comment       0x00000000       0x2b usart.o
 .comment       0x00000000       0x2b watchdog.o
 .comment       0x00000000       0x2b Control/ekf.o
 .comment       0x00000000       0x2b Control/imu.o
 .comment       0x00000000       0x2b Control/loops.o
 .comment       0x00000000       0x2b Control/servos.o
 .comment       0x00000000       0x2b lib/STM32F10x_StdPeriph_Driver/libstm32fw.a(misc.o)
 .comment       0x00000000       0x2b lib/STM32F10x_StdPeriph_Driver/libstm32fw.a(stm32f10x_adc.o)
 .comment       0x00000000       0x2b lib/STM32F10x_StdPeriph_Driver/libstm32fw.a(stm32f10x_bkp.o)
 .comment       0x00000000       0x2b lib/STM32F10x_StdPeriph_Driver/libstm32fw.a(stm32f10x_dma.o)
 .comment       0x00000000       0x2b lib/STM32F10x_StdPeriph_Driver/libstm32fw.a(stm32f10x_exti.o)
 .comment       0x00000000       0x2b lib/STM32F10x_StdPeriph_Driver/libstm32fw.a(stm32f10x_gpio.o)
 .comment       0x00000000       0x2b lib/STM32F10x_StdPeriph_Driver/libstm32fw.a(stm32f10x_i2c.o)
 .comment       0x00000000       0x2b lib/STM32F10x_StdPeriph_Driver/libstm32fw.a(stm32f10x_iwdg.o)
 .comment       0x00000000       0x2b lib/STM32F10x_StdPeriph_Driver/libstm32fw.a(stm32f10x_pwr.o)
 .comment       0x00000000       0x2b lib/STM32F10x_StdPeriph_Driver/libstm32fw.a(stm32f10x_rcc.o)
 .comment       0x00000000       0x2b lib/STM32F10x_StdPeriph_Driver/libstm32fw.a(stm32f10x_rtc.o)
 .comment       0x00000000       0x2b lib/STM32F10x_StdPeriph_Driver/libstm32fw.a(stm32f10x_spi.o)
 .comment       0x00000000       0x2b lib/STM32F10x_StdPeriph_Driver/libstm32fw.a(stm32f10x_tim.o)
 .comment       0x00000000       0x2b lib/STM32F10x_StdPeriph_Driver/libstm32fw.a(stm32f10x_usart.o)

.debug_frame    0x00000000      0xad0
 *(.debug_frame)
 .debug_frame   0x00000000       0x30 /home/laurence/CodeSourcery/Sourcery_G++_Lite/bin/../lib/gcc/arm-none-eabi/4.5.2/../../../../arm-none-eabi/lib/thumb2/libm.a(lib_a-s_cos.o)
 .debug_frame   0x00000030       0x34 /home/laurence/CodeSourcery/Sourcery_G++_Lite/bin/../lib/gcc/arm-none-eabi/4.5.2/../../../../arm-none-eabi/lib/thumb2/libm.a(lib_a-s_floor.o)
 .debug_frame   0x00000064       0x30 /home/laurence/CodeSourcery/Sourcery_G++_Lite/bin/../lib/gcc/arm-none-eabi/4.5.2/../../../../arm-none-eabi/lib/thumb2/libm.a(lib_a-s_sin.o)
 .debug_frame   0x00000094       0x2c /home/laurence/CodeSourcery/Sourcery_G++_Lite/bin/../lib/gcc/arm-none-eabi/4.5.2/../../../../arm-none-eabi/lib/thumb2/libm.a(lib_a-sf_cos.o)
 .debug_frame   0x000000c0       0x2c /home/laurence/CodeSourcery/Sourcery_G++_Lite/bin/../lib/gcc/arm-none-eabi/4.5.2/../../../../arm-none-eabi/lib/thumb2/libm.a(lib_a-sf_sin.o)
 .debug_frame   0x000000ec       0x34 /home/laurence/CodeSourcery/Sourcery_G++_Lite/bin/../lib/gcc/arm-none-eabi/4.5.2/../../../../arm-none-eabi/lib/thumb2/libm.a(lib_a-w_asin.o)
 .debug_frame   0x00000120       0x20 /home/laurence/CodeSourcery/Sourcery_G++_Lite/bin/../lib/gcc/arm-none-eabi/4.5.2/../../../../arm-none-eabi/lib/thumb2/libm.a(lib_a-w_atan2.o)
 .debug_frame   0x00000140       0x38 /home/laurence/CodeSourcery/Sourcery_G++_Lite/bin/../lib/gcc/arm-none-eabi/4.5.2/../../../../arm-none-eabi/lib/thumb2/libm.a(lib_a-w_sqrt.o)
 .debug_frame   0x00000178       0x30 /home/laurence/CodeSourcery/Sourcery_G++_Lite/bin/../lib/gcc/arm-none-eabi/4.5.2/../../../../arm-none-eabi/lib/thumb2/libm.a(lib_a-wf_acos.o)
 .debug_frame   0x000001a8       0x30 /home/laurence/CodeSourcery/Sourcery_G++_Lite/bin/../lib/gcc/arm-none-eabi/4.5.2/../../../../arm-none-eabi/lib/thumb2/libm.a(lib_a-wf_asin.o)
 .debug_frame   0x000001d8       0x20 /home/laurence/CodeSourcery/Sourcery_G++_Lite/bin/../lib/gcc/arm-none-eabi/4.5.2/../../../../arm-none-eabi/lib/thumb2/libm.a(lib_a-wf_atan2.o)
 .debug_frame   0x000001f8       0x30 /home/laurence/CodeSourcery/Sourcery_G++_Lite/bin/../lib/gcc/arm-none-eabi/4.5.2/../../../../arm-none-eabi/lib/thumb2/libm.a(lib_a-wf_sqrt.o)
 .debug_frame   0x00000228       0x3c /home/laurence/CodeSourcery/Sourcery_G++_Lite/bin/../lib/gcc/arm-none-eabi/4.5.2/../../../../arm-none-eabi/lib/thumb2/libm.a(lib_a-e_asin.o)