Archive member included because of file (symbol)

lib/STM32F10x_StdPeriph_Driver/libstm32fw.a(misc.o)
                              interrupts.o (NVIC_PriorityGroupConfig)
lib/STM32F10x_StdPeriph_Driver/libstm32fw.a(stm32f10x_bkp.o)
                              Util/Fatfs/rtc.o (BKP_WriteBackupRegister)
lib/STM32F10x_StdPeriph_Driver/libstm32fw.a(stm32f10x_dma.o)
                              dma.o (DMA_DeInit)
lib/STM32F10x_StdPeriph_Driver/libstm32fw.a(stm32f10x_exti.o)
                              interrupts.o (EXTI_Init)
lib/STM32F10x_StdPeriph_Driver/libstm32fw.a(stm32f10x_gpio.o)
                              Util/Fatfs/sd_spi_stm32.o (GPIO_Init)
lib/STM32F10x_StdPeriph_Driver/libstm32fw.a(stm32f10x_i2c.o)
                              i2c_int.o (I2C_Cmd)
lib/STM32F10x_StdPeriph_Driver/libstm32fw.a(stm32f10x_iwdg.o)
                              watchdog.o (IWDG_WriteAccessCmd)
lib/STM32F10x_StdPeriph_Driver/libstm32fw.a(stm32f10x_pwr.o)
                              Util/Fatfs/rtc.o (PWR_BackupAccessCmd)
lib/STM32F10x_StdPeriph_Driver/libstm32fw.a(stm32f10x_rcc.o)
                              Util/Fatfs/rtc.o (RCC_LSEConfig)
lib/STM32F10x_StdPeriph_Driver/libstm32fw.a(stm32f10x_rtc.o)
                              Util/Fatfs/rtc.o (RTC_GetCounter)
lib/STM32F10x_StdPeriph_Driver/libstm32fw.a(stm32f10x_spi.o)
                              Util/Fatfs/sd_spi_stm32.o (SPI_Init)
lib/STM32F10x_StdPeriph_Driver/libstm32fw.a(stm32f10x_tim.o)
                              pwm.o (TIM_TimeBaseInit)
lib/STM32F10x_StdPeriph_Driver/libstm32fw.a(stm32f10x_usart.o)
                              usart.o (USART_Cmd)
/home/laurence/CodeSourcery/Sourcery_G++_Lite/bin/../lib/gcc/arm-none-eabi/4.5.2/../../../../arm-none-eabi/lib/thumb2/libm.a(lib_a-s_cos.o)
                              Sensors/earth_field.o (cos)
/home/laurence/CodeSourcery/Sourcery_G++_Lite/bin/../lib/gcc/arm-none-eabi/4.5.2/../../../../arm-none-eabi/lib/thumb2/libm.a(lib_a-s_floor.o)
                              Util/RF22/RF22.o (floor)
/home/laurence/CodeSourcery/Sourcery_G++_Lite/bin/../lib/gcc/arm-none-eabi/4.5.2/../../../../arm-none-eabi/lib/thumb2/libm.a(lib_a-s_sin.o)
                              Sensors/earth_field.o (sin)
/home/laurence/CodeSourcery/Sourcery_G++_Lite/bin/../lib/gcc/arm-none-eabi/4.5.2/../../../../arm-none-eabi/lib/thumb2/libm.a(lib_a-w_asin.o)
                              Sensors/earth_field.o (asin)
/home/laurence/CodeSourcery/Sourcery_G++_Lite/bin/../lib/gcc/arm-none-eabi/4.5.2/../../../../arm-none-eabi/lib/thumb2/libm.a(lib_a-w_atan2.o)
                              Sensors/earth_field.o (atan2)
/home/laurence/CodeSourcery/Sourcery_G++_Lite/bin/../lib/gcc/arm-none-eabi/4.5.2/../../../../arm-none-eabi/lib/thumb2/libm.a(lib_a-w_pow.o)
                              Sensors/bmp085.o (pow)
/home/laurence/CodeSourcery/Sourcery_G++_Lite/bin/../lib/gcc/arm-none-eabi/4.5.2/../../../../arm-none-eabi/lib/thumb2/libm.a(lib_a-w_sqrt.o)
                              Sensors/earth_field.o (sqrt)
/home/laurence/CodeSourcery/Sourcery_G++_Lite/bin/../lib/gcc/arm-none-eabi/4.5.2/../../../../arm-none-eabi/lib/thumb2/libm.a(lib_a-wf_asin.o)
                              Util/coords.o (asinf)
/home/laurence/CodeSourcery/Sourcery_G++_Lite/bin/../lib/gcc/arm-none-eabi/4.5.2/../../../../arm-none-eabi/lib/thumb2/libm.a(lib_a-wf_atan2.o)
                              Util/coords.o (atan2f)
/home/laurence/CodeSourcery/Sourcery_G++_Lite/bin/../lib/gcc/arm-none-eabi/4.5.2/../../../../arm-none-eabi/lib/thumb2/libm.a(lib_a-e_asin.o)
                              /home/laurence/CodeSourcery/Sourcery_G++_Lite/bin/../lib/gcc/arm-none-eabi/4.5.2/../../../../arm-none-eabi/lib/thumb2/libm.a(lib_a-w_asin.o) (__ieee754_asin)
/home/laurence/CodeSourcery/Sourcery_G++_Lite/bin/../lib/gcc/arm-none-eabi/4.5.2/../../../../arm-none-eabi/lib/thumb2/libm.a(lib_a-e_atan2.o)
                              /home/laurence/CodeSourcery/Sourcery_G++_Lite/bin/../lib/gcc/arm-none-eabi/4.5.2/../../../../arm-none-eabi/lib/thumb2/libm.a(lib_a-w_atan2.o) (__ieee754_atan2)
/home/laurence/CodeSourcery/Sourcery_G++_Lite/bin/../lib/gcc/arm-none-eabi/4.5.2/../../../../arm-none-eabi/lib/thumb2/libm.a(lib_a-e_pow.o)
                              /home/laurence/CodeSourcery/Sourcery_G++_Lite/bin/../lib/gcc/arm-none-eabi/4.5.2/../../../../arm-none-eabi/lib/thumb2/libm.a(lib_a-w_pow.o) (__ieee754_pow)
/home/laurence/CodeSourcery/Sourcery_G++_Lite/bin/../lib/gcc/arm-none-eabi/4.5.2/../../../../arm-none-eabi/lib/thumb2/libm.a(lib_a-e_rem_pio2.o)
                              /home/laurence/CodeSourcery/Sourcery_G++_Lite/bin/../lib/gcc/arm-none-eabi/4.5.2/../../../../arm-none-eabi/lib/thumb2/libm.a(lib_a-s_cos.o) (__ieee754_rem_pio2)
/home/laurence/CodeSourcery/Sourcery_G++_Lite/bin/../lib/gcc/arm-none-eabi/4.5.2/../../../../arm-none-eabi/lib/thumb2/libm.a(lib_a-e_sqrt.o)
[...]
Memory Configuration

Name             Origin             Length             Attributes
ram              0x20000000         0x00005000         xrw
rom              0x08000000         0x00020000         xr
*default*        0x00000000         0xffffffff

Linker script and memory map

LOAD /home/laurence/CodeSourcery/Sourcery_G++_Lite/bin/../lib/gcc/arm-none-eabi/4.5.2/thumb2/crti.o
LOAD /home/laurence/CodeSourcery/Sourcery_G++_Lite/bin/../lib/gcc/arm-none-eabi/4.5.2/thumb2/crtbegin.o
LOAD Sensors/accel_down.o
LOAD Sensors/bmp085.o
LOAD Sensors/earth_field.o
LOAD Sensors/pitot.o
LOAD Sensors/sensorcal.o
LOAD Sensors/ubx.o
LOAD Util/Fatfs/fattime.o
LOAD Util/Fatfs/ff.o
LOAD Util/Fatfs/rtc.o
LOAD Util/Fatfs/sd_spi_stm32.o
LOAD Util/RF22/RF22.o
LOAD Util/RF22/RF22Datagram.o
LOAD Util/RF22/RF22Mesh.o
LOAD Util/RF22/RF22ReliableDatagram.o
LOAD Util/RF22/RF22Router.o
LOAD Util/RF22/ctocpp.o
LOAD Util/atmospherics.o
LOAD Util/coords.o
LOAD Util/crc.o
LOAD Util/delay.o
LOAD Util/gravity.o
LOAD Util/rprintf.o
LOAD Util/time.o
LOAD Util/uavtalk.o
LOAD dma.o
LOAD gpio.o
LOAD i2c_int.o
LOAD interrupts.o
LOAD lib/CMSIS_CM3/core_cm3.o
LOAD lib/CMSIS_CM3/startup/gcc/startup_stm32f10x_md.o
LOAD lib/CMSIS_CM3/system_stm32f10x.o
LOAD main.o
LOAD pwm.o
LOAD usart.o
LOAD watchdog.o
LOAD Control/ekf.o
LOAD Control/imu.o
LOAD Control/loops.o
LOAD Control/servos.o
LOAD lib/STM32F10x_StdPeriph_Driver/libstm32fw.a
LOAD lib/STM32_USB-FS-Device_Driver/libstm32usb.a
LOAD /home/laurence/CodeSourcery/Sourcery_G++_Lite/bin/../lib/gcc/arm-none-eabi/4.5.2/../../../../arm-none-eabi/lib/thumb2/libm.a
START GROUP
LOAD /home/laurence/CodeSourcery/Sourcery_G++_Lite/bin/../lib/gcc/arm-none-eabi/4.5.2/thumb2/libgcc.a
LOAD /home/laurence/CodeSourcery/Sourcery_G++_Lite/bin/../lib/gcc/arm-none-eabi/4.5.2/../../../../arm-none-eabi/lib/thumb2/libc.a
END GROUP
LOAD /home/laurence/CodeSourcery/Sourcery_G++_Lite/bin/../lib/gcc/arm-none-eabi/4.5.2/thumb2/crtend.o
LOAD /home/laurence/CodeSourcery/Sourcery_G++_Lite/bin/../lib/gcc/arm-none-eabi/4.5.2/thumb2/crtn.o
START GROUP
LOAD /home/laurence/CodeSourcery/Sourcery_G++_Lite/bin/../lib/gcc/arm-none-eabi/4.5.2/thumb2/libgcc.a
LOAD /home/laurence/CodeSourcery/Sourcery_G++_Lite/bin/../lib/gcc/arm-none-eabi/4.5.2/../../../../arm-none-eabi/lib/thumb2/libc.a
LOAD /home/laurence/CodeSourcery/Sourcery_G++_Lite/bin/../lib/gcc/arm-none-eabi/4.5.2/../../../../arm-none-eabi/lib/thumb2/libcs3.a
LOAD /home/laurence/CodeSourcery/Sourcery_G++_Lite/bin/../lib/gcc/arm-none-eabi/4.5.2/../../../../arm-none-eabi/lib/thumb2/libcs3unhosted.a
LOAD lib/libcs3-lanchon-stm32.a
END GROUP
                0x20005000                PROVIDE (__cs3_stack, (__cs3_region_start_ram + __cs3_region_size_ram))
                0x20002190                PROVIDE (__cs3_heap_start, _end)
                0x20005000                PROVIDE (__cs3_heap_end, (__cs3_region_start_ram + __cs3_region_size_ram))

.text           0x08000000    0x1ba0c
 CREATE_OBJECT_SYMBOLS
                0x08000000                __cs3_region_start_rom = .
 *(.cs3.region-head.rom)
                0x08000000                __cs3_interrupt_vector = __cs3_interrupt_vector_lanchon_stm32
 *(.cs3.interrupt_vector)
 .cs3.interrupt_vector
                0x08000000       0xec lib/libcs3-lanchon-stm32.a(lanchon-stm32-vector.o)
                0x08000000                __cs3_interrupt_vector_lanchon_stm32
                0x08000001                ASSERT ((. != __cs3_interrupt_vector_lanchon_stm32), No interrupt vector)
 *(.rom)
 *(.rom.b)
                0x0801a42c                PROVIDE (__cs3_reset_lanchon_stm32, _start)
                0x0801a42c                __cs3_reset = __cs3_reset_lanchon_stm32
 *(.cs3.reset)
 *(.text .text.* .gnu.linkonce.t.*)
 .text          0x080000ec       0x30 /home/laurence/CodeSourcery/Sourcery_G++_Lite/bin/../lib/gcc/arm-none-eabi/4.5.2/thumb2/crtbegin.o
 .text          0x0800011c       0xc0 Sensors/accel_down.o
                0x0800011c                Accel_Downconvert
 *fill*         0x080001dc        0x4 00
 .text          0x080001e0      0x148 Sensors/bmp085.o
                0x080001e0                Bmp085_Convert
                0x0800029c                Baro_Convert_Pressure
                0x080002f0                flip_sensorcal
                0x08000306                flip_adc24
 .text          0x08000328     0x1920 Sensors/earth_field.o
                0x08000328                WMM_Initialize
                0x0800039c                WMM_ComputeSphericalHarmonicVariables
                0x08000474                WMM_RotateMagneticVector
                0x08000538                WMM_CalculateGeoMagneticElements
                0x08000600                WMM_CalculateSecularVariation
                0x08000718                WMM_PcupHigh
                0x08000bce                WMM_PcupLow
                0x08000f20                WMM_AssociatedLegendreFunction
                0x08000fac                WMM_get_secular_var_coeff_g
                0x08000fc4                WMM_get_main_field_coeff_g
                0x08001060                WMM_get_secular_var_coeff_h
                0x08001078                WMM_get_main_field_coeff_h
                0x08001114                WMM_SummationSpecial
                0x080012b4                WMM_Summation
                0x080014a4                WMM_SecVarSummationSpecial
                0x08001644                WMM_SecVarSummation
                0x080017e4                WMM_Geomag
                0x080018dc                WMM_DateToYear
                0x0800191c                WMM_GeodeticToSpherical
                0x08001a88                WMM_GetMagVector
 .text          0x08001c48       0x88 Sensors/pitot.o
                0x08001c48                Pitot_Conv
                0x08001c7c                Pitot_convert_Airspeed
 .text          0x08001cd0       0xf6 Sensors/sensorcal.o
                0x08001cd0                Calibrate_3
 *fill*         0x08001dc6        0x2 00
 .text          0x08001dc8      0x344 Sensors/ubx.o
                0x08001dc8                Gps_Process_Byte
                0x08001f4c                Get_UBX_Ack
                0x08001ff0                Config_Gps
 .text          0x0800210c       0x44 Util/Fatfs/fattime.o
                0x0800210c                get_fattime
 .text          0x08002150     0x1a60 Util/Fatfs/ff.o
                0x08002712                clust2sect
                0x0800272c                get_fat
                0x080028ae                put_fat
                0x08002e3a                f_mount
                0x08002e58                f_open
                0x08002fa4                f_read
                0x0800311c                f_write
                0x080032d2                f_sync
                0x08003384                f_close
                0x08003392                f_lseek
                0x080034f6                f_opendir
                0x0800355a                f_readdir
                0x080035ae                f_stat
                0x080035ee                f_getfree
                0x080036e0                f_truncate
                0x08003778                f_unlink
                0x08003828                f_mkdir
                0x080039ee                f_chmod
                0x08003a42                f_utime
                0x08003a9a                f_rename
 .text          0x08003bb0      0x2e0 Util/Fatfs/rtc.o
                0x08003c94                rtc_gettime
                0x08003d0c                my_RTC_SetCounter
                0x08003d2e                rtc_settime
                0x08003df8                rtc_init
 .text          0x08003e90      0x7c8 Util/Fatfs/sd_spi_stm32.o
                0x08004134                disk_initialize
                0x08004254                disk_status
                0x08004264                disk_read
                0x080042f0                disk_write
                0x0800439c                disk_ioctl
                0x0800461c                disk_timerproc
 .text          0x08004658      0x8bc Util/RF22/RF22.o
                0x08004658                _ZN4RF2223handleExternalInterruptEv
                0x0800465a                _ZN4RF2226handleWakeupTimerInterruptEv
                0x0800465c                _ZN4RF22C1Ehh
                0x0800465c                _ZN4RF22C2Ehh
                0x08004680                _ZN4RF227spiReadEh
                0x080046e0                _ZN4RF228spiWriteEhh
                0x08004740                _ZN4RF225resetEv
                0x08004756                _ZN4RF2212spiBurstReadEhPhh
                0x080047c8                _ZN4RF2213spiBurstWriteEhPhh
                0x08004830                _ZN4RF2210statusReadEv
                0x08004834                _ZN4RF227adcReadEhhhh
                0x08004872                _ZN4RF2215temperatureReadEhh
                0x0800489c                _ZN4RF227wutReadEv
                0x080048b6                _ZN4RF2212setWutPeriodEthh
                0x080048de                _ZN4RF2212setFrequencyEf
                0x080049b0                _ZN4RF2213setFHStepSizeEh
                0x080049d0                _ZN4RF2212setFHChannelEh
                0x080049f0                _ZN4RF228rssiReadEv
                0x080049f4                _ZN4RF2215ezmacStatusReadEv
                0x080049f8                _ZN4RF227setModeEh
                0x080049fe                _ZN4RF2211setModeIdleEv
                0x08004a12                _ZN4RF229setModeRxEv
                0x08004a2c                _ZN4RF229setModeTxEv
                0x08004a46                _ZN4RF2210setTxPowerEh
                0x08004a4c                _ZN4RF2217setModemRegistersEPNS_11ModemConfigE
                0x08004aa2                _ZN4RF2214setModemConfigENS_17ModemConfigChoiceE
                0x08004ac0                _ZN4RF2217setPreambleLengthEh
                0x08004ac6                _ZN4RF2212setSyncWordsEPhh
                0x08004ad6                _ZN4RF2210clearRxBufEv
                0x08004ae2                _ZN4RF229availableEv
                0x08004af0                _ZN4RF2213waitAvailableEv
                0x08004b00                _ZN4RF2220waitAvailableTimeoutEt
                0x08004b28                _ZN4RF2214waitPacketSentEv
                0x08004b32                _ZN4RF224recvEPhS0_
                0x08004b68                _ZN4RF2210clearTxBufEv
                0x08004b78                _ZN4RF2211appendTxBufEPhh
                0x08004ba8                _ZN4RF229fillTxBufEPhh
                0x08004bc0                _ZN4RF2216sendNextFragmentEv
                0x08004c02                _ZN4RF2213startTransmitEv
                0x08004c1e                _ZN4RF224sendEPhh
                0x08004c3e                _ZN4RF2216readNextFragmentEv
                0x08004c66                _ZN4RF2210resetFifosEv
                0x08004c7e                _ZN4RF2211resetRxFifoEv
                0x08004c96                _ZN4RF2215handleInterruptEv
                0x08004dac                _ZN4RF224isr1Ev
                0x08004dbc                _ZN4RF224isr0Ev
                0x08004dcc                _ZN4RF2211resetTxFifoEv
                0x08004de4                _ZN4RF2211setHeaderToEh
                0x08004dea                _ZN4RF2213setHeaderFromEh
                0x08004df0                _ZN4RF2211setHeaderIdEh
                0x08004df6                _ZN4RF2214setHeaderFlagsEh
                0x08004dfc                _ZN4RF228headerToEv
                0x08004e00                _ZN4RF2210headerFromEv
                0x08004e04                _ZN4RF228headerIdEv
                0x08004e08                _ZN4RF2211headerFlagsEv
                0x08004e0c                _ZN4RF228lastRssiEv
                0x08004e12                _ZN4RF2214setPromiscuousEb
                0x08004e1e                _ZN4RF224initEv
 .text          0x08004f14       0xcc Util/RF22/RF22Datagram.o
                0x08004f14                _ZN12RF22DatagramC1Ehhh
                0x08004f14                _ZN12RF22DatagramC2Ehhh
                0x08004f34                _ZN12RF22Datagram14setThisAddressEh
                0x08004f52                _ZN12RF22Datagram4initEv
                0x08004f6c                _ZN12RF22Datagram6sendtoEPhhh
                0x08004f88                _ZN12RF22Datagram8recvfromEPhS0_S0_S0_S0_S0_
 .text          0x08004fe0      0x3d8 Util/RF22/RF22Mesh.o
                0x08004fe0                _ZN8RF22Mesh17isPhysicalAddressEPhh
                0x08004ff8                _ZN8RF22Mesh5doArpEh
                0x08005088                _ZN8RF22Mesh5routeEPN10RF22Router13RoutedMessageEh
                0x080050f0                _ZN8RF22Mesh13peekAtMessageEPN10RF22Router13RoutedMessageEh
                0x0800516e                _ZN8RF22MeshC2Ehhh
                0x0800516e                _ZN8RF22MeshC1Ehhh
                0x08005184                _ZN8RF22Mesh10sendtoWaitEPhhh
                0x080051e0                _ZN8RF22Mesh11recvfromAckEPhS0_S0_S0_S0_S0_
                0x08005364                _ZN8RF22Mesh18recvfromAckTimeoutEPhS0_tS0_S0_S0_S0_
 .text          0x080053b8      0x274 Util/RF22/RF22ReliableDatagram.o
                0x080053b8                _ZN20RF22ReliableDatagramC2Ehhh
                0x080053b8                _ZN20RF22ReliableDatagramC1Ehhh
                0x080053e4                _ZN20RF22ReliableDatagram10setTimeoutEt
                0x080053ea                _ZN20RF22ReliableDatagram10setRetriesEh
                0x080053f0                _ZN20RF22ReliableDatagram15retransmissionsEv
                0x080053f6                _ZN20RF22ReliableDatagram11acknowledgeEhh
                0x08005422                _ZN20RF22ReliableDatagram11recvfromAckEPhS0_S0_S0_S0_S0_
                0x080054c2                _ZN20RF22ReliableDatagram18recvfromAckTimeoutEPhS0_tS0_S0_S0_S0_
                0x08005518                _ZN20RF22ReliableDatagram10sendtoWaitEPhhh
 .text          0x0800562c      0x300 Util/RF22/RF22Router.o
                0x0800562c                _ZN10RF22Router13peekAtMessageEPNS_13RoutedMessageEh
                0x0800562e                _ZN10RF22Router4initEv
                0x08005640                _ZN10RF22Router10setMaxHopsEh
                0x08005646                _ZN10RF22Router10getRouteToEh
                0x08005674                _ZN10RF22Router5routeEPNS_13RoutedMessageEh
                0x080056a6                _ZN10RF22Router11deleteRouteEh
                0x080056dc                _ZN10RF22Router13deleteRouteToEh
                0x08005702                _ZN10RF22Router17retireOldestRouteEv
                0x08005706                _ZN10RF22Router10addRouteToEhhh
                0x08005776                _ZN10RF22Router17clearRoutingTableEv
                0x08005786                _ZN10RF22RouterC2Ehhh
                0x08005786                _ZN10RF22RouterC1Ehhh
                0x080057a8                _ZN10RF22Router10sendtoWaitEPhhhh
                0x080057ec                _ZN10RF22Router10sendtoWaitEPhhh
                0x080057fa                _ZN10RF22Router11recvfromAckEPhS0_S0_S0_S0_S0_
                0x080058d8                _ZN10RF22Router18recvfromAckTimeoutEPhS0_tS0_S0_S0_S0_
 .text          0x0800592c       0x94 Util/RF22/ctocpp.o
                0x0800592c                RF22_Init
                0x08005938                RF22_Sendtowait
                0x08005954                RF22_recvfromAckTimeout
                0x0800597c                RF22_Reassign
                0x08005988                RF22_Service_ISR
                0x08005994                RF22_Sendto
 .text          0x080059c0       0xd8 Util/atmospherics.o
                0x080059c0                US_1976_Temperature
                0x08005a54                Air_Density
 .text          0x08005a98      0x918 Util/coords.o
                0x08005a98                LLA2ECEF
                0x08005bac                RneFromLLA
                0x08005c60                Quaternion2RPY
                0x08005d98                R2Quaternion
                0x08005f78                CrossProduct
                0x08005fd6                VectorMagnitude
                0x08006018                RotFrom2Vectors
                0x080061d8                quat_inverse
                0x080061f4                quat_copy
                0x0800620a                quat_mult
                0x08006314                rot_mult
 .text          0x080063b0       0x24 Util/crc.o
                0x080063b0                CRC_updateByte
                0x080063bc                CRC_updateCRC
 .text          0x080063d4       0x2c Util/delay.o
                0x080063d4                Delay
 .text          0x08006400       0xc8 Util/gravity.o
                0x08006400                Ge_From_Latitude
 .text          0x080064c8      0x568 Util/rprintf.o
                0x080064c8                rprintfInit
                0x080064d4                rprintfChar
                0x080064f0                rprintfStr
                0x08006506                rprintfStrLen
                0x0800653a                rprintfCRLF
                0x0800653e                rprintfu04
                0x08006548                rprintfu08
                0x0800655a                rprintfu16
                0x0800656c                rprintfu32
                0x0800657e                rprintfNum
                0x08006624                rprintfFloat
                0x080066dc                Isdigit
                0x080066ea                atoiRamRom
                0x08006710                rStrLen
                0x08006720                rprintf2RamRom
 .text          0x08006a30       0x20 Util/time.o
                0x08006a30                Set_RTC_From_GPS
 .text          0x08006a50      0x550 Util/uavtalk.o
                0x08006a50                UAVtalk_Register_Object
                0x08006a64                memchr_32
                0x08006a8e                UAVtalk_Process_Byte
                0x08006c18                UAVtalk_Generate_Packet
                0x08006da8                UAVtalk_Run_Streams
                0x08006e74                updateTelemetryStats
 .text          0x08006fa0      0x124 dma.o
                0x08006fa0                DMA_USART2_Configuration
                0x08006fe8                DMA_USART1_Configuration
                0x0800703c                Bytes_In_Buffer
                0x08007064                Get_From_Buffer
                0x08007094                Pop_From_Buffer
                0x080070b2                Flush_Buffer
 .text          0x080070c4      0x1d4 gpio.o
                0x080070c4                GPIO_Config_AF_Periferals
                0x08007118                MEMS_Status_Configuration
                0x08007150                GPS_IO_Configuration
                0x08007198                SPI_Control_Configuration
                0x08007200                Aux_Devices_Configuration
                0x08007258                All_IO_Configuration
                0x08007270                Get_MEMS_DRDY
 .text          0x08007298      0x59c i2c_int.o
                0x08007298                I2C1_ER_IRQHandler
                0x08007324                I2C1_Request_Job
                0x08007350                I2C1_EV_IRQHandler
                0x08007764                I2C1_Setup_Job
                0x08007778                I2C_Config
 .text          0x08007834      0x1d8 interrupts.o
                0x08007834                EXTI_Config
                0x08007900                EXTI9_5_IRQHandler
                0x08007968                EXTI15_10_IRQHandler
                0x08007988                EXTI4_IRQHandler
                0x080079f8                NMI_Handler
                0x080079fa                HardFault_Handler
                0x080079fc                MemManage_Handler
                0x080079fe                BusFault_Handler
                0x08007a00                UsageFault_Handler
                0x08007a02                SVC_Handler
                0x08007a04                DebugMon_Handler
                0x08007a06                PendSV_Handler
                0x08007a08                SysTick_Handler
 .text.Default_Handler
                0x08007a0c        0x2 lib/CMSIS_CM3/startup/gcc/startup_stm32f10x_md.o
                0x08007a0c                EXTI2_IRQHandler
                0x08007a0c                TIM1_CC_IRQHandler
                0x08007a0c                PVD_IRQHandler
                0x08007a0c                EXTI3_IRQHandler
                0x08007a0c                EXTI0_IRQHandler
                0x08007a0c                I2C2_EV_IRQHandler
                0x08007a0c                ADC1_2_IRQHandler
                0x08007a0c                SPI1_IRQHandler
                0x08007a0c                TAMPER_IRQHandler
                0x08007a0c                DMA1_Channel4_IRQHandler
                0x08007a0c                USART3_IRQHandler
                0x08007a0c                RTC_IRQHandler
                0x08007a0c                DMA1_Channel7_IRQHandler
                0x08007a0c                CAN1_RX1_IRQHandler
                0x08007a0c                TIM4_IRQHandler
                0x08007a0c                DMA1_Channel6_IRQHandler
                0x08007a0c                TIM3_IRQHandler
                0x08007a0c                RCC_IRQHandler
                0x08007a0c                TIM1_TRG_COM_IRQHandler
                0x08007a0c                DMA1_Channel1_IRQHandler
                0x08007a0c                Default_Handler
                0x08007a0c                SPI2_IRQHandler
                0x08007a0c                DMA1_Channel5_IRQHandler
                0x08007a0c                USB_LP_CAN1_RX0_IRQHandler
                0x08007a0c                USB_HP_CAN1_TX_IRQHandler
                0x08007a0c                DMA1_Channel3_IRQHandler
                0x08007a0c                TIM1_UP_IRQHandler
                0x08007a0c                WWDG_IRQHandler
                0x08007a0c                TIM2_IRQHandler
                0x08007a0c                TIM1_BRK_IRQHandler
                0x08007a0c                EXTI1_IRQHandler
                0x08007a0c                RTCAlarm_IRQHandler
                0x08007a0c                USART2_IRQHandler
                0x08007a0c                I2C2_ER_IRQHandler
                0x08007a0c                DMA1_Channel2_IRQHandler
                0x08007a0c                CAN1_SCE_IRQHandler
                0x08007a0c                FLASH_IRQHandler
                0x08007a0c                USBWakeUp_IRQHandler
 *fill*         0x08007a0e        0x2 00
 .text          0x08007a10       0xf4 lib/CMSIS_CM3/system_stm32f10x.o
                0x08007a10                SystemInit
 *fill*         0x08007b04        0x4 00
 .text          0x08007b08      0xce8 main.o
                0x08007b08                Initialisation
                0x08008520                main
 .text          0x080087f0      0x1d0 pwm.o
                0x080087f0                Timer_RCC_Configuration
                0x08008808                Init_Timers
                0x080088d8                Timer_GPIO_Enable
                0x08008910                Timer_GPIO_Disable
                0x08008948                PWM_Set
 .text          0x080089c0      0x240 usart.o
                0x080089c0                Default_Usart_Config
                0x080089d0                USART2_reconf
                0x08008a14                Usarts_Init
                0x08008ab4                usart1_send_data_dma
                0x08008af4                usart1_disable_dma
                0x08008b20                Add_To_ISR_Buffer
                0x08008b30                USART1_IRQHandler
                0x08008b4c                Get_From_ISR_Buffer
                0x08008b5e                Bytes_In_ISR_Buffer
                0x08008b80                __usart_send_char
                0x08008b9c                Usart_Send_Str
                0x08008bb4                __gps_send_char
                0x08008bd0                Gps_Send_Str
                0x08008be8                Gps_Send_Utf8
 .text          0x08008c00       0x3c watchdog.o
                0x08008c00                Watchdog_Config
                0x08008c2a                Watchdog_Reset_Detect
 .text          0x08008c3c     0x8890 Control/ekf.o
                0x08008c3c                ins_get_num_states
                0x08008c40                INSGPSInit
                0x08008d6c                INSResetP
                0x08008db4                INSResetRGPS
                0x08008de0                INSSetState
                0x08008e44                INSPosVelReset
                0x08008ecc                INSSetPosVelVar
                0x08008ee8                INSSetGyroBias
                0x08008f04                INSSetAccelVar
                0x08008f20                INSSetGyroVar
                0x08008f3c                INSSetMagVar
                0x08008f58                INSSetMagNorth
                0x08008f70                INSSetGravity
                0x08008f7c                CovariancePrediction
                0x080102c6                INSCovariancePrediction
                0x080102ec                SerialUpdate
                0x08010444                StateEq
                0x08010718                RungeKutta
                0x08010840                LinearizeFG
                0x08010cb4                MeasurementEq
                0x08010e72                LinearizeH
                0x0801113c                INSCorrection
                0x080112ec                VelBaroCorrection
                0x08011308                GpsMagCorrection
                0x08011320                FullCorrection
                0x0801132e                GpsBaroCorrection
                0x0801134c                MagVelBaroCorrection
                0x08011368                MagCorrection
                0x08011388                INSStatePrediction
 *fill*         0x080114cc        0x4 00
 .text          0x080114d0      0x968 Control/imu.o
                0x080114d0                run_imu
 .text          0x08011e38       0x64 Control/loops.o
                0x08011e38                Run_PID
                0x08011e94                Reset_PID
 .text          0x08011e9c       0x64 Control/servos.o
                0x08011e9c                Disable_Servos
                0x08011ea0                Enable_Servos
                0x08011ea4                Apply_Servos
 .text          0x08011f00       0xc0 lib/STM32F10x_StdPeriph_Driver/libstm32fw.a(misc.o)
                0x08011f00                NVIC_PriorityGroupConfig
                0x08011f14                NVIC_Init
                0x08011f78                NVIC_SetVectorTable
                0x08011f8c                NVIC_SystemLPConfig
                0x08011fa8                SysTick_CLKSourceConfig
 .text          0x08011fc0       0xe4 lib/STM32F10x_StdPeriph_Driver/libstm32fw.a(stm32f10x_bkp.o)
                0x08011fc0                BKP_TamperPinLevelConfig
                0x08011fcc                BKP_TamperPinCmd
                0x08011fd8                BKP_ITConfig
                0x08011fe4                BKP_RTCOutputConfig
                0x08011ffc                BKP_SetRTCCalibrationValue
                0x08012014                BKP_WriteBackupRegister
                0x08012030                BKP_ReadBackupRegister
                0x08012050                BKP_GetFlagStatus
                0x0801205c                BKP_ClearFlag
                0x08012070                BKP_GetITStatus
                0x0801207c                BKP_ClearITPendingBit
                0x08012090                BKP_DeInit
 .text          0x080120a4      0x1d4 lib/STM32F10x_StdPeriph_Driver/libstm32fw.a(stm32f10x_dma.o)
                0x080120a4                DMA_DeInit
                0x08012184                DMA_Init
                0x080121c4                DMA_StructInit
                0x080121de                DMA_Cmd
                0x080121f2                DMA_ITConfig
                0x08012204                DMA_GetCurrDataCounter
                0x0801220a                DMA_GetFlagStatus
                0x08012228                DMA_ClearFlag
                0x08012240                DMA_GetITStatus
                0x08012260                DMA_ClearITPendingBit
 .text          0x08012278      0x104 lib/STM32F10x_StdPeriph_Driver/libstm32fw.a(stm32f10x_exti.o)
                0x08012278                EXTI_DeInit
                0x08012294                EXTI_Init
                0x08012314                EXTI_StructInit
                0x08012322                EXTI_GenerateSWInterrupt
                0x08012334                EXTI_GetFlagStatus
                0x08012348                EXTI_ClearFlag
                0x08012354                EXTI_GetITStatus
                0x08012370                EXTI_ClearITPendingBit
 .text          0x0801237c      0x29c lib/STM32F10x_StdPeriph_Driver/libstm32fw.a(stm32f10x_gpio.o)
                0x0801237c                GPIO_Init
                0x08012434                GPIO_StructInit
                0x08012444                GPIO_ReadInputDataBit
                0x08012450                GPIO_ReadInputData
                0x08012456                GPIO_ReadOutputDataBit
                0x08012462                GPIO_ReadOutputData
                0x08012468                GPIO_SetBits
                0x0801246c                GPIO_ResetBits
                0x08012470                GPIO_WriteBit
                0x0801247a                GPIO_Write
                0x0801247e                GPIO_PinLockConfig
                0x0801248e                GPIO_EventOutputConfig
                0x080124ac                GPIO_EventOutputCmd
                0x080124b8                GPIO_PinRemapConfig
                0x08012518                GPIO_EXTILineConfig
                0x0801254c                GPIO_ETH_MediaInterfaceConfig
                0x08012558                GPIO_AFIODeInit
                0x0801256e                GPIO_DeInit
 .text          0x08012618      0x3cc lib/STM32F10x_StdPeriph_Driver/libstm32fw.a(stm32f10x_i2c.o)
                0x08012618                I2C_StructInit
                0x08012634                I2C_Cmd
                0x0801264e                I2C_DMACmd
                0x08012668                I2C_DMALastTransferCmd
                0x08012682                I2C_GenerateSTART
                0x0801269c                I2C_GenerateSTOP
                0x080126b6                I2C_AcknowledgeConfig
                0x080126d0                I2C_OwnAddress2Config
                0x080126e6                I2C_DualAddressCmd
                0x08012700                I2C_GeneralCallCmd
                0x0801271a                I2C_ITConfig
                0x08012730                I2C_SendData
                0x08012734                I2C_ReceiveData
                0x0801273a                I2C_Send7bitAddress
                0x0801274a                I2C_ReadRegister
                0x08012762                I2C_SoftwareResetCmd
                0x0801277c                I2C_SMBusAlertConfig
                0x08012798                I2C_TransmitPEC
                0x080127b2                I2C_PECPositionConfig
                0x080127ce                I2C_CalculatePEC
                0x080127e8                I2C_GetPEC
                0x080127f0                I2C_ARPCmd
                0x0801280a                I2C_StretchClockCmd
                0x08012824                I2C_FastModeDutyCycleConfig
                0x08012840                I2C_GetLastEvent
                0x08012850                I2C_CheckEvent
                0x08012868                I2C_GetFlagStatus
                0x0801289c                I2C_ClearFlag
                0x080128a4                I2C_GetITStatus
                0x080128c0                I2C_ClearITPendingBit
                0x080128c8                I2C_Init
                0x080129b0                I2C_DeInit
 .text          0x080129e4       0x58 lib/STM32F10x_StdPeriph_Driver/libstm32fw.a(stm32f10x_iwdg.o)
                0x080129e4                IWDG_WriteAccessCmd
                0x080129f0                IWDG_SetPrescaler
                0x080129fc                IWDG_SetReload
                0x08012a08                IWDG_ReloadCounter
                0x08012a18                IWDG_Enable
                0x08012a28                IWDG_GetFlagStatus
 .text          0x08012a3c       0xd0 lib/STM32F10x_StdPeriph_Driver/libstm32fw.a(stm32f10x_pwr.o)
                0x08012a40                PWR_BackupAccessCmd
                0x08012a4c                PWR_PVDCmd
                0x08012a58                PWR_PVDLevelConfig
                0x08012a6c                PWR_WakeUpPinCmd
                0x08012a78                PWR_EnterSTOPMode
                0x08012aa4                PWR_EnterSTANDBYMode
                0x08012acc                PWR_GetFlagStatus
                0x08012ae0                PWR_ClearFlag
                0x08012af0                PWR_DeInit
 .text          0x08012b0c      0x384 lib/STM32F10x_StdPeriph_Driver/libstm32fw.a(stm32f10x_rcc.o)
                0x08012b0c                RCC_DeInit
                0x08012b4c                RCC_HSEConfig
                0x08012b84                RCC_AdjustHSICalibrationValue
                0x08012b98                RCC_HSICmd
                0x08012ba4                RCC_PLLConfig
                0x08012bbc                RCC_PLLCmd
                0x08012bc8                RCC_SYSCLKConfig
                0x08012bdc                RCC_GetSYSCLKSource
                0x08012bec                RCC_HCLKConfig
                0x08012c00                RCC_PCLK1Config
                0x08012c14                RCC_PCLK2Config
                0x08012c28                RCC_ITConfig
                0x08012c44                RCC_USBCLKConfig
                0x08012c50                RCC_ADCCLKConfig
                0x08012c64                RCC_LSEConfig
                0x08012c84                RCC_LSICmd
                0x08012c90                RCC_RTCCLKConfig
                0x08012ca0                RCC_RTCCLKCmd
                0x08012cac                RCC_GetClocksFreq
                0x08012d5c                RCC_AHBPeriphClockCmd
                0x08012d78                RCC_APB2PeriphClockCmd
                0x08012d94                RCC_APB1PeriphClockCmd
                0x08012db0                RCC_APB2PeriphResetCmd
                0x08012dcc                RCC_APB1PeriphResetCmd
                0x08012de8                RCC_BackupResetCmd
                0x08012df4                RCC_ClockSecuritySystemCmd
                0x08012e00                RCC_MCOConfig
                0x08012e0c                RCC_GetFlagStatus
                0x08012e34                RCC_WaitForHSEStartUp
                0x08012e60                RCC_ClearFlag
                0x08012e70                RCC_GetITStatus
                0x08012e84                RCC_ClearITPendingBit
 .text          0x08012e90      0x15c lib/STM32F10x_StdPeriph_Driver/libstm32fw.a(stm32f10x_rtc.o)
                0x08012e90                RTC_ITConfig
                0x08012eb0                RTC_EnterConfigMode
                0x08012ec4                RTC_ExitConfigMode
                0x08012ed8                RTC_GetCounter
                0x08012eec                RTC_SetCounter
                0x08012f08                RTC_SetPrescaler
                0x08012f28                RTC_SetAlarm
                0x08012f44                RTC_GetDivider
                0x08012f5c                RTC_WaitForLastTask
                0x08012f6c                RTC_WaitForSynchro
                0x08012f8c                RTC_GetFlagStatus
                0x08012fa0                RTC_ClearFlag
                0x08012fb4                RTC_GetITStatus
                0x08012fd8                RTC_ClearITPendingBit
 .text          0x08012fec      0x2f8 lib/STM32F10x_StdPeriph_Driver/libstm32fw.a(stm32f10x_spi.o)
                0x08012fec                SPI_Init
                0x08013046                SPI_StructInit
                0x08013060                I2S_StructInit
                0x08013074                SPI_Cmd
                0x0801308e                I2S_Cmd
                0x080130a8                SPI_I2S_ITConfig
                0x080130c6                SPI_I2S_DMACmd
                0x080130dc                SPI_I2S_SendData
                0x080130e0                SPI_I2S_ReceiveData
                0x080130e6                SPI_NSSInternalSoftwareConfig
                0x08013100                SPI_SSOutputCmd
                0x0801311a                SPI_DataSizeConfig
                0x08013132                SPI_TransmitCRC
                0x0801313e                SPI_CalculateCRC
                0x08013158                SPI_GetCRC
                0x08013168                SPI_GetCRCPolynomial
                0x0801316e                SPI_BiDirectionalLineConfig
                0x0801318a                SPI_I2S_GetFlagStatus
                0x08013196                SPI_I2S_ClearFlag
                0x0801319e                SPI_I2S_GetITStatus
                0x080131c8                SPI_I2S_ClearITPendingBit
                0x080131d8                I2S_Init
                0x08013282                SPI_I2S_DeInit
 .text          0x080132e4      0xb54 lib/STM32F10x_StdPeriph_Driver/libstm32fw.a(stm32f10x_tim.o)
                0x080132e4                TIM_TimeBaseInit
                0x08013324                TIM_OC1Init
                0x080133b8                TIM_OC2Init
                0x08013454                TIM_OC3Init
                0x080134ec                TIM_OC4Init
                0x08013568                TIM_BDTRConfig
                0x0801358c                TIM_TimeBaseStructInit
                0x0801359e                TIM_OCStructInit
                0x080135b2                TIM_ICStructInit
                0x080135c4                TIM_BDTRStructInit
                0x080135d6                TIM_Cmd
                0x080135f0                TIM_CtrlPWMOutputs
                0x08013610                TIM_ITConfig
                0x08013626                TIM_GenerateEvent
                0x0801362a                TIM_DMAConfig
                0x08013632                TIM_DMACmd
                0x08013648                TIM_InternalClockConfig
                0x08013656                TIM_ETRConfig
                0x08013674                TIM_ETRClockMode2Config
                0x08013688                TIM_ETRClockMode1Config
                0x080136a2                TIM_PrescalerConfig
                0x080136a8                TIM_CounterModeConfig
                0x080136ba                TIM_SelectInputTrigger
                0x080136cc                TIM_ITRxExternalClockConfig
                0x080136e0                TIM_EncoderInterfaceConfig
                0x08013728                TIM_ForcedOC1Config
                0x0801373a                TIM_ForcedOC2Config
                0x0801374e                TIM_ForcedOC3Config
                0x08013760                TIM_ForcedOC4Config
                0x08013774                TIM_ARRPreloadConfig
                0x0801378e                TIM_SelectCOM
                0x080137a8                TIM_SelectCCDMA
                0x080137c2                TIM_CCPreloadControl
                0x080137dc                TIM_OC1PreloadConfig
                0x080137ee                TIM_OC2PreloadConfig
                0x08013802                TIM_OC3PreloadConfig
                0x08013814                TIM_OC4PreloadConfig
                0x08013828                TIM_OC1FastConfig
                0x0801383a                TIM_OC2FastConfig
                0x0801384e                TIM_OC3FastConfig
                0x08013860                TIM_OC4FastConfig
                0x08013874                TIM_ClearOC1Ref
                0x08013886                TIM_ClearOC2Ref
                0x08013896                TIM_ClearOC3Ref
                0x080138a8                TIM_ClearOC4Ref
                0x080138b8                TIM_OC1PolarityConfig
                0x080138ca                TIM_OC1NPolarityConfig
                0x080138dc                TIM_OC2PolarityConfig
                0x080138f0                TIM_OC2NPolarityConfig
                0x08013904                TIM_OC3PolarityConfig
                0x08013918                TIM_OC3NPolarityConfig
                0x0801392c                TIM_OC4PolarityConfig
                0x08013940                TIM_CCxCmd
                0x08013962                TIM_CCxNCmd
                0x08013984                TIM_SelectOCxM
                0x080139d6                TIM_UpdateDisableConfig
                0x080139f0                TIM_UpdateRequestConfig
                0x08013a0a                TIM_SelectHallSensor
                0x08013a24                TIM_SelectOnePulseMode
                0x08013a3c                TIM_SelectOutputTrigger
                0x08013a54                TIM_SelectSlaveMode
                0x08013a6c                TIM_SelectMasterSlaveMode
                0x08013a84                TIM_SetCounter
                0x08013a88                TIM_SetAutoreload
                0x08013a8c                TIM_SetCompare1
                0x08013a90                TIM_SetCompare2
                0x08013a94                TIM_SetCompare3
                0x08013a98                TIM_SetCompare4
                0x08013a9e                TIM_SetIC1Prescaler
                0x08013ab6                TIM_SetIC2Prescaler
                0x08013ad0                TIM_SetIC3Prescaler
                0x08013ae8                TIM_SetIC4Prescaler
                0x08013b02                TIM_SetClockDivision
                0x08013b14                TIM_GetCapture1
                0x08013b1a                TIM_GetCapture2
                0x08013b20                TIM_GetCapture3
                0x08013b26                TIM_GetCapture4
                0x08013b2e                TIM_GetCounter
                0x08013b34                TIM_GetPrescaler
                0x08013b3a                TIM_GetFlagStatus
                0x08013b46                TIM_ClearFlag
                0x08013b4e                TIM_GetITStatus
                0x08013b64                TIM_ClearITPendingBit
                0x08013c04                TIM_TIxExternalClockConfig
                0x08013c32                TIM_PWMIConfig
                0x08013c9e                TIM_ICInit
                0x08013d6e                TIM_DeInit
 .text          0x08013e38      0x384 lib/STM32F10x_StdPeriph_Driver/libstm32fw.a(stm32f10x_usart.o)
                0x08013e38                USART_StructInit
                0x08013e50                USART_ClockInit
                0x08013e7a                USART_ClockStructInit
                0x08013e86                USART_Cmd
                0x08013ea0                USART_ITConfig
                0x08013ed6                USART_DMACmd
                0x08013eec                USART_SetAddress
                0x08013f04                USART_WakeUpConfig
                0x08013f1c                USART_ReceiverWakeUpCmd
                0x08013f36                USART_LINBreakDetectLengthConfig
                0x08013f4e                USART_LINCmd
                0x08013f68                USART_SendData
                0x08013f70                USART_ReceiveData
                0x08013f78                USART_SendBreak
                0x08013f84                USART_SetGuardTime
                0x08013f96                USART_SetPrescaler
                0x08013faa                USART_SmartCardCmd
                0x08013fc4                USART_SmartCardNACKCmd
                0x08013fde                USART_HalfDuplexCmd
                0x08013ff8                USART_IrDAConfig
                0x08014010                USART_IrDACmd
                0x0801402a                USART_GetFlagStatus
                0x08014036                USART_ClearFlag
                0x0801403e                USART_GetITStatus
                0x08014084                USART_ClearITPendingBit
                0x08014092                USART_Init
                0x08014124                USART_DeInit
 .text          0x080141bc       0x90 /home/laurence/CodeSourcery/Sourcery_G++_Lite/bin/../lib/gcc/arm-none-eabi/4.5.2/../../../../arm-none-eabi/lib/thumb2/libm.a(lib_a-s_cos.o)
                0x080141bc                cos
 *fill*         0x0801424c        0x4 00
 .text          0x08014250      0x128 /home/laurence/CodeSourcery/Sourcery_G++_Lite/bin/../lib/gcc/arm-none-eabi/4.5.2/../../../../arm-none-eabi/lib/thumb2/libm.a(lib_a-s_floor.o)
                0x08014250                floor
 .text          0x08014378       0x98 /home/laurence/CodeSourcery/Sourcery_G++_Lite/bin/../lib/gcc/arm-none-eabi/4.5.2/../../../../arm-none-eabi/lib/thumb2/libm.a(lib_a-s_sin.o)
                0x08014378                sin
 .text          0x08014410       0xa8 /home/laurence/CodeSourcery/Sourcery_G++_Lite/bin/../lib/gcc/arm-none-eabi/4.5.2/../../../../arm-none-eabi/lib/thumb2/libm.a(lib_a-w_asin.o)
                0x08014410                asin
 .text          0x080144b8        0x4 /home/laurence/CodeSourcery/Sourcery_G++_Lite/bin/../lib/gcc/arm-none-eabi/4.5.2/../../../../arm-none-eabi/lib/thumb2/libm.a(lib_a-w_atan2.o)
                0x080144b8                atan2
 .text          0x080144bc      0x348 /home/laurence/CodeSourcery/Sourcery_G++_Lite/bin/../lib/gcc/arm-none-eabi/4.5.2/../../../../arm-none-eabi/lib/thumb2/libm.a(lib_a-w_pow.o)
                0x080144bc                pow
 .text          0x08014804       0xac /home/laurence/CodeSourcery/Sourcery_G++_Lite/bin/../lib/gcc/arm-none-eabi/4.5.2/../../../../arm-none-eabi/lib/thumb2/libm.a(lib_a-w_sqrt.o)
                0x08014804                sqrt
 .text          0x080148b0       0xa8 /home/laurence/CodeSourcery/Sourcery_G++_Lite/bin/../lib/gcc/arm-none-eabi/4.5.2/../../../../arm-none-eabi/lib/thumb2/libm.a(lib_a-wf_asin.o)
                0x080148b0                asinf
 .text          0x08014958        0x4 /home/laurence/CodeSourcery/Sourcery_G++_Lite/bin/../lib/gcc/arm-none-eabi/4.5.2/../../../../arm-none-eabi/lib/thumb2/libm.a(lib_a-wf_atan2.o)
                0x08014958                atan2f
 *fill*         0x0801495c        0x4 00
 .text          0x08014960      0x460 /home/laurence/CodeSourcery/Sourcery_G++_Lite/bin/../lib/gcc/arm-none-eabi/4.5.2/../../../../arm-none-eabi/lib/thumb2/libm.a(lib_a-e_asin.o)
                0x08014960                __ieee754_asin
 .text          0x08014dc0      0x218 /home/laurence/CodeSourcery/Sourcery_G++_Lite/bin/../lib/gcc/arm-none-eabi/4.5.2/../../../../arm-none-eabi/lib/thumb2/libm.a(lib_a-e_atan2.o)
                0x08014dc0                __ieee754_atan2
 .text          0x08014fd8      0xb50 /home/laurence/CodeSourcery/Sourcery_G++_Lite/bin/../lib/gcc/arm-none-eabi/4.5.2/../../../../arm-none-eabi/lib/thumb2/libm.a(lib_a-e_pow.o)
                0x08014fd8                __ieee754_pow
 .text          0x08015b28      0x450 /home/laurence/CodeSourcery/Sourcery_G++_Lite/bin/../lib/gcc/arm-none-eabi/4.5.2/../../../../arm-none-eabi/lib/thumb2/libm.a(lib_a-e_rem_pio2.o)
                0x08015b28                __ieee754_rem_pio2
 .text          0x08015f78      0x1c0 /home/laurence/CodeSourcery/Sourcery_G++_Lite/bin/../lib/gcc/arm-none-eabi/4.5.2/../../../../arm-none-eabi/lib/thumb2/libm.a(lib_a-e_sqrt.o)
                0x08015f78                __ieee754_sqrt
 .text          0x08016138      0x318 /home/laurence/CodeSourcery/Sourcery_G++_Lite/bin/../lib/gcc/arm-none-eabi/4.5.2/../../../../arm-none-eabi/lib/thumb2/libm.a(lib_a-ef_asin.o)
                0x08016138                __ieee754_asinf
 .text          0x08016450      0x16c /home/laurence/CodeSourcery/Sourcery_G++_Lite/bin/../lib/gcc/arm-none-eabi/4.5.2/../../../../arm-none-eabi/lib/thumb2/libm.a(lib_a-ef_atan2.o)
                0x08016450                __ieee754_atan2f
 .text          0x080165bc       0xb0 /home/laurence/CodeSourcery/Sourcery_G++_Lite/bin/../lib/gcc/arm-none-eabi/4.5.2/../../../../arm-none-eabi/lib/thumb2/libm.a(lib_a-ef_sqrt.o)
                0x080165bc                __ieee754_sqrtf
 *fill*         0x0801666c        0x4 00
 .text          0x08016670      0x250 /home/laurence/CodeSourcery/Sourcery_G++_Lite/bin/../lib/gcc/arm-none-eabi/4.5.2/../../../../arm-none-eabi/lib/thumb2/libm.a(lib_a-k_cos.o)
                0x08016670                __kernel_cos
 .text          0x080168c0      0x7a8 /home/laurence/CodeSourcery/Sourcery_G++_Lite/bin/../lib/gcc/arm-none-eabi/4.5.2/../../../../arm-none-eabi/lib/thumb2/libm.a(lib_a-k_rem_pio2.o)
                0x080168c0                __kernel_rem_pio2
 .text          0x08017068      0x168 /home/laurence/CodeSourcery/Sourcery_G++_Lite/bin/../lib/gcc/arm-none-eabi/4.5.2/../../../../arm-none-eabi/lib/thumb2/libm.a(lib_a-k_sin.o)
                0x08017068                __kernel_sin
 .text          0x080171d0      0x338 /home/laurence/CodeSourcery/Sourcery_G++_Lite/bin/../lib/gcc/arm-none-eabi/4.5.2/../../../../arm-none-eabi/lib/thumb2/libm.a(lib_a-s_atan.o)
                0x080171d0                atan
 .text          0x08017508        0x8 /home/laurence/CodeSourcery/Sourcery_G++_Lite/bin/../lib/gcc/arm-none-eabi/4.5.2/../../../../arm-none-eabi/lib/thumb2/libm.a(lib_a-s_fabs.o)
                0x08017508                fabs
 .text          0x08017510       0x10 /home/laurence/CodeSourcery/Sourcery_G++_Lite/bin/../lib/gcc/arm-none-eabi/4.5.2/../../../../arm-none-eabi/lib/thumb2/libm.a(lib_a-s_finite.o)
                0x08017510                finite
 .text          0x08017520       0x90 /home/laurence/CodeSourcery/Sourcery_G++_Lite/bin/../lib/gcc/arm-none-eabi/4.5.2/../../../../arm-none-eabi/lib/thumb2/libm.a(lib_a-s_fpclassify.o)
                0x08017520                __fpclassifyd
 .text          0x080175b0        0x4 /home/laurence/CodeSourcery/Sourcery_G++_Lite/bin/../lib/gcc/arm-none-eabi/4.5.2/../../../../arm-none-eabi/lib/thumb2/libm.a(lib_a-s_matherr.o)
                0x080175b0                matherr
 .text          0x080175b4        0xc /home/laurence/CodeSourcery/Sourcery_G++_Lite/bin/../lib/gcc/arm-none-eabi/4.5.2/../../../../arm-none-eabi/lib/thumb2/libm.a(lib_a-s_nan.o)
                0x080175b4                nan
 .text          0x080175c0      0x13c /home/laurence/CodeSourcery/Sourcery_G++_Lite/bin/../lib/gcc/arm-none-eabi/4.5.2/../../../../arm-none-eabi/lib/thumb2/libm.a(lib_a-s_rint.o)
                0x080175c0                rint
 *fill*         0x080176fc        0x4 00
 .text          0x08017700      0x108 /home/laurence/CodeSourcery/Sourcery_G++_Lite/bin/../lib/gcc/arm-none-eabi/4.5.2/../../../../arm-none-eabi/lib/thumb2/libm.a(lib_a-s_scalbn.o)
                0x08017700                scalbn
 .text          0x08017808      0x244 /home/laurence/CodeSourcery/Sourcery_G++_Lite/bin/../lib/gcc/arm-none-eabi/4.5.2/../../../../arm-none-eabi/lib/thumb2/libm.a(lib_a-sf_atan.o)
                0x08017808                atanf
 .text          0x08017a4c        0x8 /home/laurence/CodeSourcery/Sourcery_G++_Lite/bin/../lib/gcc/arm-none-eabi/4.5.2/../../../../arm-none-eabi/lib/thumb2/libm.a(lib_a-sf_fabs.o)
                0x08017a4c                fabsf
 .text          0x08017a54       0x7c /home/laurence/CodeSourcery/Sourcery_G++_Lite/bin/../lib/gcc/arm-none-eabi/4.5.2/../../../../arm-none-eabi/lib/thumb2/libm.a(lib_a-sf_fpclassify.o)
                0x08017a54                __fpclassifyf
 .text          0x08017ad0       0x14 /home/laurence/CodeSourcery/Sourcery_G++_Lite/bin/../lib/gcc/arm-none-eabi/4.5.2/../../../../arm-none-eabi/lib/thumb2/libm.a(lib_a-s_copysign.o)
                0x08017ad0                copysign
 *fill*         0x08017ae4        0x4 00
 .text          0x08017ae8      0x2b0 /home/laurence/CodeSourcery/Sourcery_G++_Lite/bin/../lib/gcc/arm-none-eabi/4.5.2/thumb2/libgcc.a(_divsi3.o)
                0x08017ae8                __aeabi_idiv
                0x08017ae8                __divsi3
                0x08017d7c                __aeabi_idivmod
 .text          0x08017d98        0x4 /home/laurence/CodeSourcery/Sourcery_G++_Lite/bin/../lib/gcc/arm-none-eabi/4.5.2/thumb2/libgcc.a(_dvmd_tls.o)
                0x08017d98                __aeabi_ldiv0
                0x08017d98                __aeabi_idiv0
 .text          0x08017d9c      0x370 /home/laurence/CodeSourcery/Sourcery_G++_Lite/bin/../lib/gcc/arm-none-eabi/4.5.2/thumb2/libgcc.a(_arm_addsubdf3.o)
                0x08017d9c                __aeabi_drsub
                0x08017da4                __aeabi_dsub
                0x08017da4                __subdf3
                0x08017da8                __adddf3
                0x08017da8                __aeabi_dadd
                0x08018020                __aeabi_ui2d
                0x08018020                __floatunsidf
                0x08018040                __floatsidf
                0x08018040                __aeabi_i2d
                0x08018064                __extendsfdf2
                0x08018064                __aeabi_f2d
                0x080180a0                __aeabi_ul2d
                0x080180a0                __floatundidf
                0x080180b0                __floatdidf
                0x080180b0                __aeabi_l2d
 .text          0x0801810c      0x424 /home/laurence/CodeSourcery/Sourcery_G++_Lite/bin/../lib/gcc/arm-none-eabi/4.5.2/thumb2/libgcc.a(_arm_muldivdf3.o)
                0x0801810c                __aeabi_dmul
                0x0801810c                __muldf3
                0x08018360                __aeabi_ddiv
                0x08018360                __divdf3
 .text          0x08018530      0x110 /home/laurence/CodeSourcery/Sourcery_G++_Lite/bin/../lib/gcc/arm-none-eabi/4.5.2/thumb2/libgcc.a(_arm_cmpdf2.o)
                0x08018530                __gtdf2
                0x08018530                __gedf2
                0x08018538                __ltdf2
                0x08018538                __ledf2
                0x08018540                __cmpdf2
                0x08018540                __eqdf2
                0x08018540                __nedf2
                0x080185bc                __aeabi_cdrcmple
                0x080185cc                __aeabi_cdcmple
                0x080185cc                __aeabi_cdcmpeq
                0x080185dc                __aeabi_dcmpeq
                0x080185f0                __aeabi_dcmplt
                0x08018604                __aeabi_dcmple
                0x08018618                __aeabi_dcmpge
                0x0801862c                __aeabi_dcmpgt
 .text          0x08018640       0x50 /home/laurence/CodeSourcery/Sourcery_G++_Lite/bin/../lib/gcc/arm-none-eabi/4.5.2/thumb2/libgcc.a(_arm_fixdfsi.o)
                0x08018640                __fixdfsi
                0x08018640                __aeabi_d2iz
 .text          0x08018690       0x40 /home/laurence/CodeSourcery/Sourcery_G++_Lite/bin/../lib/gcc/arm-none-eabi/4.5.2/thumb2/libgcc.a(_arm_fixunsdfsi.o)
                0x08018690                __fixunsdfsi
                0x08018690                __aeabi_d2uiz
 .text          0x080186d0       0xa0 /home/laurence/CodeSourcery/Sourcery_G++_Lite/bin/../lib/gcc/arm-none-eabi/4.5.2/thumb2/libgcc.a(_arm_truncdfsf2.o)
                0x080186d0                __aeabi_d2f
                0x080186d0                __truncdfsf2
 .text          0x08018770      0x21c /home/laurence/CodeSourcery/Sourcery_G++_Lite/bin/../lib/gcc/arm-none-eabi/4.5.2/thumb2/libgcc.a(_arm_addsubsf3.o)
                0x08018770                __aeabi_frsub
                0x08018778                __subsf3
                0x08018778                __aeabi_fsub
                0x0801877c                __aeabi_fadd
                0x0801877c                __addsf3
                0x080188dc                __aeabi_ui2f
                0x080188dc                __floatunsisf
                0x080188e4                __aeabi_i2f
                0x080188e4                __floatsisf
                0x08018900                __floatundisf
                0x08018900                __aeabi_ul2f
                0x08018910                __floatdisf
                0x08018910                __aeabi_l2f
 .text          0x0801898c      0x2a0 /home/laurence/CodeSourcery/Sourcery_G++_Lite/bin/../lib/gcc/arm-none-eabi/4.5.2/thumb2/libgcc.a(_arm_muldivsf3.o)
                0x0801898c                __mulsf3
                0x0801898c                __aeabi_fmul
                0x08018af4                __divsf3
                0x08018af4                __aeabi_fdiv
 .text          0x08018c2c       0xec /home/laurence/CodeSourcery/Sourcery_G++_Lite/bin/../lib/gcc/arm-none-eabi/4.5.2/thumb2/libgcc.a(_arm_cmpsf2.o)
                0x08018c2c                __gtsf2
                0x08018c2c                __gesf2
                0x08018c34                __lesf2
                0x08018c34                __ltsf2
                0x08018c3c                __nesf2
                0x08018c3c                __eqsf2
                0x08018c3c                __cmpsf2
                0x08018c9c                __aeabi_cfrcmple
                0x08018ca4                __aeabi_cfcmple
                0x08018ca4                __aeabi_cfcmpeq
                0x08018cb4                __aeabi_fcmpeq
                0x08018cc8                __aeabi_fcmplt
                0x08018cdc                __aeabi_fcmple
                0x08018cf0                __aeabi_fcmpge
                0x08018d04                __aeabi_fcmpgt
 .text          0x08018d18       0x4c /home/laurence/CodeSourcery/Sourcery_G++_Lite/bin/../lib/gcc/arm-none-eabi/4.5.2/thumb2/libgcc.a(_arm_fixsfsi.o)
                0x08018d18                __fixsfsi
                0x08018d18                __aeabi_f2iz
 .text          0x08018d64       0x40 /home/laurence/CodeSourcery/Sourcery_G++_Lite/bin/../lib/gcc/arm-none-eabi/4.5.2/thumb2/libgcc.a(_arm_fixunssfsi.o)
                0x08018d64                __aeabi_f2uiz
                0x08018d64                __fixunssfsi
 .text          0x08018da4       0x38 /home/laurence/CodeSourcery/Sourcery_G++_Lite/bin/../lib/gcc/arm-none-eabi/4.5.2/thumb2/libgcc.a(_aeabi_ldivmod.o)
                0x08018da4                __aeabi_ldivmod
 .text          0x08018ddc       0x2c /home/laurence/CodeSourcery/Sourcery_G++_Lite/bin/../lib/gcc/arm-none-eabi/4.5.2/thumb2/libgcc.a(_fixsfdi.o)
                0x08018ddc                __aeabi_f2lz
                0x08018ddc                __fixsfdi
 .text          0x08018e08       0x48 /home/laurence/CodeSourcery/Sourcery_G++_Lite/bin/../lib/gcc/arm-none-eabi/4.5.2/thumb2/libgcc.a(_fixunssfdi.o)
                0x08018e08                __aeabi_f2ulz
                0x08018e08                __fixunssfdi
 .text          0x08018e50       0x60 /home/laurence/CodeSourcery/Sourcery_G++_Lite/bin/../lib/gcc/arm-none-eabi/4.5.2/thumb2/libgcc.a(bpabi.o)
                0x08018e50                __gnu_ldivmod_helper
                0x08018e80                __gnu_uldivmod_helper
 .text          0x08018eb0      0x360 /home/laurence/CodeSourcery/Sourcery_G++_Lite/bin/../lib/gcc/arm-none-eabi/4.5.2/thumb2/libgcc.a(_divdi3.o)
                0x08018eb0                __divdi3
 .text          0x08019210      0x308 /home/laurence/CodeSourcery/Sourcery_G++_Lite/bin/../lib/gcc/arm-none-eabi/4.5.2/thumb2/libgcc.a(_udivdi3.o)
                0x08019210                __udivdi3
 .text          0x08019518      0x278 /home/laurence/CodeSourcery/Sourcery_G++_Lite/bin/../lib/gcc/arm-none-eabi/4.5.2/thumb2/libgcc.a(_udivsi3.o)
                0x08019518                __udivsi3
                0x08019518                __aeabi_uidiv
                0x08019774                __aeabi_uidivmod
 .text          0x08019790        0xc /home/laurence/CodeSourcery/Sourcery_G++_Lite/bin/../lib/gcc/arm-none-eabi/4.5.2/../../../../arm-none-eabi/lib/thumb2/libc.a(lib_a-errno.o)
                0x08019790                __errno
 .text          0x0801979c       0x20 /home/laurence/CodeSourcery/Sourcery_G++_Lite/bin/../lib/gcc/arm-none-eabi/4.5.2/../../../../arm-none-eabi/lib/thumb2/libc.a(lib_a-malloc.o)
                0x0801979c                malloc
                0x080197ac                free
 .text          0x080197bc      0x57c /home/laurence/CodeSourcery/Sourcery_G++_Lite/bin/../lib/gcc/arm-none-eabi/4.5.2/../../../../arm-none-eabi/lib/thumb2/libc.a(lib_a-mallocr.o)
                0x080197bc                _malloc_r
 .text          0x08019d38      0x150 /home/laurence/CodeSourcery/Sourcery_G++_Lite/bin/../lib/gcc/arm-none-eabi/4.5.2/../../../../arm-none-eabi/lib/thumb2/libc.a(lib_a-memcpy.o)
                0x08019d38                memcpy
 .text          0x08019e88       0xb4 /home/laurence/CodeSourcery/Sourcery_G++_Lite/bin/../lib/gcc/arm-none-eabi/4.5.2/../../../../arm-none-eabi/lib/thumb2/libc.a(lib_a-memset.o)
                0x08019e88                memset
 .text          0x08019f3c        0x8 /home/laurence/CodeSourcery/Sourcery_G++_Lite/bin/../lib/gcc/arm-none-eabi/4.5.2/../../../../arm-none-eabi/lib/thumb2/libc.a(lib_a-mlock.o)
                0x08019f3c                __malloc_lock
                0x08019f40                __malloc_unlock
 *fill*         0x08019f44        0x4 00
 .text          0x08019f48      0x100 /home/laurence/CodeSourcery/Sourcery_G++_Lite/bin/../lib/gcc/arm-none-eabi/4.5.2/../../../../arm-none-eabi/lib/thumb2/libc.a(lib_a-rand.o)
                0x08019f48                srand
                0x08019fa4                rand
 .text          0x0801a048       0x28 /home/laurence/CodeSourcery/Sourcery_G++_Lite/bin/../lib/gcc/arm-none-eabi/4.5.2/../../../../arm-none-eabi/lib/thumb2/libc.a(lib_a-sbrkr.o)
                0x0801a048                _sbrk_r
 .text          0x0801a070       0xbc /home/laurence/CodeSourcery/Sourcery_G++_Lite/bin/../lib/gcc/arm-none-eabi/4.5.2/../../../../arm-none-eabi/lib/thumb2/libc.a(lib_a-strcpy.o)
                0x0801a070                strcpy
 .text          0x0801a12c      0x240 /home/laurence/CodeSourcery/Sourcery_G++_Lite/bin/../lib/gcc/arm-none-eabi/4.5.2/../../../../arm-none-eabi/lib/thumb2/libc.a(lib_a-freer.o)
                0x0801a12c                _malloc_trim_r
                0x0801a1d4                _free_r
 .text          0x0801a36c       0x30 /home/laurence/CodeSourcery/Sourcery_G++_Lite/bin/../lib/gcc/arm-none-eabi/4.5.2/../../../../arm-none-eabi/lib/thumb2/libcs3.a(start_c.o)
                0x0801a36c                __cs3_premain
 .text.cs3.init
                0x0801a39c       0x50 /home/laurence/CodeSourcery/Sourcery_G++_Lite/bin/../lib/gcc/arm-none-eabi/4.5.2/../../../../arm-none-eabi/lib/thumb2/libcs3.a(start_c.o)
                0x0801a39c                __cs3_start_c
 .text          0x0801a3ec       0x40 /home/laurence/CodeSourcery/Sourcery_G++_Lite/bin/../lib/gcc/arm-none-eabi/4.5.2/../../../../arm-none-eabi/lib/thumb2/libcs3unhosted.a(unhosted-sbrk.o)
                0x0801a3ec                _sbrk
 .text.cs3.init
                0x0801a42c       0x10 /home/laurence/CodeSourcery/Sourcery_G++_Lite/bin/../lib/gcc/arm-none-eabi/4.5.2/../../../../arm-none-eabi/lib/thumb2/libcs3unhosted.a(unhosted-start.o)
                0x0801a42c                _start
 .text          0x0801a43c        0x2 lib/libcs3-lanchon-stm32.a(lanchon_stm32_isr_interrupt.o)
                0x0801a43c                MemManageException
                0x0801a43c                BusFaultException
                0x0801a43c                DMAChannel7_IRQHandler
                0x0801a43c                DebugMonitor
                0x0801a43c                SVCHandler
                0x0801a43c                HardFaultException
                0x0801a43c                __STM32ReservedException8
                0x0801a43c                USB_HP_CAN_TX_IRQHandler
                0x0801a43c                __STM32DefaultExceptionHandler
                0x0801a43c                DMAChannel1_IRQHandler
                0x0801a43c                CAN_SCE_IRQHandler
                0x0801a43c                __STM32ReservedException10
                0x0801a43c                __STM32ReservedException13
                0x0801a43c                NMIException
                0x0801a43c                DMAChannel4_IRQHandler
                0x0801a43c                SysTickHandler
                0x0801a43c                PendSVC
                0x0801a43c                CAN_RX1_IRQHandler
                0x0801a43c                ADC_IRQHandler
                0x0801a43c                DMAChannel5_IRQHandler
                0x0801a43c                DMAChannel2_IRQHandler
                0x0801a43c                USB_LP_CAN_RX0_IRQHandler
                0x0801a43c                __STM32ReservedException7
                0x0801a43c                UsageFaultException
                0x0801a43c                DMAChannel6_IRQHandler
                0x0801a43c                DMAChannel3_IRQHandler
                0x0801a43c                __STM32ReservedException9
 *fill*         0x0801a43e        0x2 00
 .text          0x0801a440       0x50 /home/laurence/CodeSourcery/Sourcery_G++_Lite/bin/../lib/gcc/arm-none-eabi/4.5.2/../../../../arm-none-eabi/lib/thumb2/libc.a(lib_a-init.o)
                0x0801a440                __libc_init_array
 *(.plt)
 *(.gnu.warning)
 *(.glue_7t)
 .glue_7t       0x00000000        0x0 linker stubs
 *(.glue_7)
 .glue_7        0x00000000        0x0 linker stubs
 *(.vfp11_veneer)
 .vfp11_veneer  0x00000000        0x0 linker stubs
 *(.rodata .rodata.* .gnu.linkonce.r.*)
 .rodata        0x0801a490      0x888 Sensors/earth_field.o
 .rodata.str1.1
                0x0801ad18        0x9 Sensors/earth_field.o
 *fill*         0x0801ad21        0x3 00
 .rodata        0x0801ad24       0x9c Sensors/sensorcal.o
                0x0801ad24                Acc_Cal_Dat
                0x0801ad58                Mag_Cal_Dat
                0x0801ad8c                Gyr_Cal_Dat
 .rodata        0x0801adc0       0x9b Sensors/ubx.o
 .rodata.str1.1
                0x0801ae5b      0x13b Sensors/ubx.o
 .rodata.str1.1
                0x0801af96        0xf Util/Fatfs/ff.o
 .rodata        0x0801afa5        0xc Util/Fatfs/rtc.o
 *fill*         0x0801afb1        0x7 00
 .rodata        0x0801afb8      0x1d8 Util/RF22/RF22.o
                0x0801afb8                _ZTV4RF22
 .rodata._ZTV12RF22Datagram
                0x0801b190       0x10 Util/RF22/RF22Datagram.o
                0x0801b190                _ZTV12RF22Datagram
 .rodata        0x0801b1a0       0x20 Util/RF22/RF22Mesh.o
                0x0801b1a0                _ZTV8RF22Mesh
 .rodata._ZTV20RF22ReliableDatagram
                0x0801b1c0       0x10 Util/RF22/RF22ReliableDatagram.o
                0x0801b1c0                _ZTV20RF22ReliableDatagram
 .rodata        0x0801b1d0       0x18 Util/RF22/RF22Router.o
                0x0801b1d0                _ZTV10RF22Router
 .rodata        0x0801b1e8      0x100 Util/crc.o
 .rodata        0x0801b2e8       0x11 Util/rprintf.o
 .rodata.str1.1
                0x0801b2f9        0x6 Util/rprintf.o
 *fill*         0x0801b2ff        0x1 00
 .rodata        0x0801b300       0x3c Util/uavtalk.o
                0x0801b300                UAVtalk_objects
                0x0801b320                UAVtalk_lenghts
                0x0801b328                UAVtalk_stream_objs
                0x0801b32d                UAVtalk_stream_types
                0x0801b332                UAVtalk_stream_timeouts
 .rodata        0x0801b33c        0xf i2c_int.o
                0x0801b33c                Magno_config
                0x0801b33f                Magno_single
                0x0801b340                Bmp_temperature
                0x0801b341                Bmp_pressure
                0x0801b342                Accel_config
                0x0801b346                Gyro_config
                0x0801b349                Gyro_clk_config
                0x0801b34a                Pitot_conv
 *fill*         0x0801b34b        0x1 00
 .rodata        0x0801b34c       0x14 lib/CMSIS_CM3/system_stm32f10x.o
                0x0801b34c                SystemFrequency
                0x0801b350                SystemFrequency_SysClk
                0x0801b354                SystemFrequency_AHBClk
                0x0801b358                SystemFrequency_APB1Clk
                0x0801b35c                SystemFrequency_APB2Clk
 .rodata.str1.1
                0x0801b360      0x3d7 main.o
 *fill*         0x0801b737        0x1 00
 .rodata.str1.4
                0x0801b738        0x5 /home/laurence/CodeSourcery/Sourcery_G++_Lite/bin/../lib/gcc/arm-none-eabi/4.5.2/../../../../arm-none-eabi/lib/thumb2/libm.a(lib_a-w_asin.o)
                                  0xc (size before relaxing)
 *fill*         0x0801b73d        0x3 00
 .rodata.str1.4
                0x0801b740        0x4 /home/laurence/CodeSourcery/Sourcery_G++_Lite/bin/../lib/gcc/arm-none-eabi/4.5.2/../../../../arm-none-eabi/lib/thumb2/libm.a(lib_a-w_pow.o)
 .rodata.str1.4
                0x0801b744        0x5 /home/laurence/CodeSourcery/Sourcery_G++_Lite/bin/../lib/gcc/arm-none-eabi/4.5.2/../../../../arm-none-eabi/lib/thumb2/libm.a(lib_a-w_sqrt.o)
                                  0x8 (size before relaxing)
 *fill*         0x0801b749        0x3 00
 .rodata.str1.4
                0x0801b74c        0x6 /home/laurence/CodeSourcery/Sourcery_G++_Lite/bin/../lib/gcc/arm-none-eabi/4.5.2/../../../../arm-none-eabi/lib/thumb2/libm.a(lib_a-wf_asin.o)
                                  0xc (size before relaxing)
 *fill*         0x0801b752        0x6 00
 .rodata        0x0801b758       0x30 /home/laurence/CodeSourcery/Sourcery_G++_Lite/bin/../lib/gcc/arm-none-eabi/4.5.2/../../../../arm-none-eabi/lib/thumb2/libm.a(lib_a-e_pow.o)
 .rodata.str1.4
                0x00000000        0x4 /home/laurence/CodeSourcery/Sourcery_G++_Lite/bin/../lib/gcc/arm-none-eabi/4.5.2/../../../../arm-none-eabi/lib/thumb2/libm.a(lib_a-e_pow.o)
 .rodata        0x0801b788      0x188 /home/laurence/CodeSourcery/Sourcery_G++_Lite/bin/../lib/gcc/arm-none-eabi/4.5.2/../../../../arm-none-eabi/lib/thumb2/libm.a(lib_a-e_rem_pio2.o)
 .rodata        0x0801b910       0x50 /home/laurence/CodeSourcery/Sourcery_G++_Lite/bin/../lib/gcc/arm-none-eabi/4.5.2/../../../../arm-none-eabi/lib/thumb2/libm.a(lib_a-k_rem_pio2.o)
 .rodata        0x0801b960       0x40 /home/laurence/CodeSourcery/Sourcery_G++_Lite/bin/../lib/gcc/arm-none-eabi/4.5.2/../../../../arm-none-eabi/lib/thumb2/libm.a(lib_a-s_atan.o)
 .rodata        0x0801b9a0       0x10 /home/laurence/CodeSourcery/Sourcery_G++_Lite/bin/../lib/gcc/arm-none-eabi/4.5.2/../../../../arm-none-eabi/lib/thumb2/libm.a(lib_a-s_rint.o)
 .rodata        0x0801b9b0       0x20 /home/laurence/CodeSourcery/Sourcery_G++_Lite/bin/../lib/gcc/arm-none-eabi/4.5.2/../../../../arm-none-eabi/lib/thumb2/libm.a(lib_a-sf_atan.o)
 .rodata.str1.4
                0x0801b9d0        0x4 /home/laurence/CodeSourcery/Sourcery_G++_Lite/bin/../lib/gcc/arm-none-eabi/4.5.2/../../../../arm-none-eabi/lib/thumb2/libc.a(lib_a-impure.o)
 *(.ARM.extab* .gnu.linkonce.armextab.*)
 *(.gcc_except_table)
 *(.eh_frame_hdr)
 *(.eh_frame)
                0x0801b9d4                . = ALIGN (0x4)
 *(.init)
 .init          0x0801b9d4        0x4 /home/laurence/CodeSourcery/Sourcery_G++_Lite/bin/../lib/gcc/arm-none-eabi/4.5.2/thumb2/crti.o
                0x0801b9d4                _init
 .init          0x0801b9d8        0x8 /home/laurence/CodeSourcery/Sourcery_G++_Lite/bin/../lib/gcc/arm-none-eabi/4.5.2/thumb2/crtn.o
                0x0801b9e0                . = ALIGN (0x4)
                0x0801b9e0                __preinit_array_start = .
 *(.preinit_array)
                0x0801b9e0                __preinit_array_end = .
                0x0801b9e0                . = ALIGN (0x4)
                0x0801b9e0                __init_array_start = .
 *(SORT(.init_array.*))
 *(.init_array)
 .init_array    0x0801b9e0        0x4 /home/laurence/CodeSourcery/Sourcery_G++_Lite/bin/../lib/gcc/arm-none-eabi/4.5.2/thumb2/crtbegin.o
 .init_array    0x0801b9e4        0x4 Util/RF22/ctocpp.o
                0x0801b9e8                __init_array_end = .
                0x0801b9e8                . = ALIGN (0x4)
 *crtbegin.o(.ctors)
 *(EXCLUDE_FILE(*crtend.o) .ctors)
 *(SORT(.ctors.*))
 *crtend.o(.ctors)
                0x0801b9e8                . = ALIGN (0x4)
 *(.fini)
 .fini          0x0801b9e8        0x4 /home/laurence/CodeSourcery/Sourcery_G++_Lite/bin/../lib/gcc/arm-none-eabi/4.5.2/thumb2/crti.o
                0x0801b9e8                _fini
 .fini          0x0801b9ec        0x8 /home/laurence/CodeSourcery/Sourcery_G++_Lite/bin/../lib/gcc/arm-none-eabi/4.5.2/thumb2/crtn.o
                0x0801b9f4                . = ALIGN (0x4)
                0x0801b9f4                __fini_array_start = .
 *(.fini_array)
 .fini_array    0x0801b9f4        0x4 /home/laurence/CodeSourcery/Sourcery_G++_Lite/bin/../lib/gcc/arm-none-eabi/4.5.2/thumb2/crtbegin.o
 *(SORT(.fini_array.*))
                0x0801b9f8                __fini_array_end = .
 *crtbegin.o(.dtors)
 *(EXCLUDE_FILE(*crtend.o) .dtors)
 *(SORT(.dtors.*))
 *crtend.o(.dtors)
                0x0801b9f8                . = ALIGN (0x4)
                0x0801b9f8                __cs3_regions = .
                0x0801b9f8        0x4 LONG 0x0
                0x0801b9fc        0x4 LONG 0x801ba18 __cs3_region_init_ram
                0x0801ba00        0x4 LONG 0x20000000 __cs3_region_start_ram
                0x0801ba04        0x4 LONG 0x688 __cs3_region_init_size_ram
                0x0801ba08        0x4 LONG 0x1b08 __cs3_region_zero_size_ram
                0x0801ba0c                __exidx_start = .

.v4_bx          0x0801ba0c        0x0
 .v4_bx         0x00000000        0x0 linker stubs

.ARM.exidx      0x0801ba0c        0x8
 *(.ARM.exidx* .gnu.linkonce.armexidx.*)
 .ARM.exidx     0x0801ba0c        0x8 /home/laurence/CodeSourcery/Sourcery_G++_Lite/bin/../lib/gcc/arm-none-eabi/4.5.2/thumb2/libgcc.a(_divdi3.o)
 .ARM.exidx     0x0801ba14        0x0 /home/laurence/CodeSourcery/Sourcery_G++_Lite/bin/../lib/gcc/arm-none-eabi/4.5.2/thumb2/libgcc.a(_udivdi3.o)
                                  0x8 (size before relaxing)
                0x0801ba14                __exidx_end = .

.text.align     0x0801ba14        0x4
                0x0801ba18                . = ALIGN (0x8)
 *fill*         0x0801ba14        0x4 00
                0x0801ba18                _etext = .
                0x08020000                __cs3_region_end_rom = (__cs3_region_start_rom + 0x20000)
                0x00020000                __cs3_region_size_rom = 0x20000
                0x00000001                __cs3_region_num = 0x1

.data           0x20000000      0x688 load address 0x0801ba18
                0x20000000                __cs3_region_start_ram = .
 *(.cs3.region-head.ram)
 *(.jcr)
 .jcr           0x20000000        0x0 /home/laurence/CodeSourcery/Sourcery_G++_Lite/bin/../lib/gcc/arm-none-eabi/4.5.2/thumb2/crtbegin.o
 .jcr           0x20000000        0x4 /home/laurence/CodeSourcery/Sourcery_G++_Lite/bin/../lib/gcc/arm-none-eabi/4.5.2/thumb2/crtend.o
 *(.got.plt)
 *(.got)
 *(.shdata)
 *(.data .data.* .gnu.linkonce.d.*)
 .data          0x20000004        0x1 Util/Fatfs/sd_spi_stm32.o
 *fill*         0x20000005        0x3 00
 .data          0x20000008       0x28 Util/uavtalk.o
                0x20000008                UAVtalk_conf
 .data          0x20000030       0x78 i2c_int.o
                0x20000030                I2C_jobs
 .data          0x200000a8        0x1 main.o
                0x200000a8                Spi_Locked
 *fill*         0x200000a9        0x3 00
 .data          0x200000ac        0x4 Control/ekf.o
                0x200000ac                Ge
 .data          0x200000b0       0xb0 Control/imu.o
 .data          0x20000160       0x14 lib/STM32F10x_StdPeriph_Driver/libstm32fw.a(stm32f10x_rcc.o)
 .data          0x20000174        0x1 /home/laurence/CodeSourcery/Sourcery_G++_Lite/bin/../lib/gcc/arm-none-eabi/4.5.2/../../../../arm-none-eabi/lib/thumb2/libm.a(lib_a-s_lib_ver.o)
                0x20000174                __fdlib_version
 *fill*         0x20000175        0x3 00
 .data          0x20000178       0xf4 /home/laurence/CodeSourcery/Sourcery_G++_Lite/bin/../lib/gcc/arm-none-eabi/4.5.2/../../../../arm-none-eabi/lib/thumb2/libc.a(lib_a-impure.o)
                0x20000178                _impure_ptr
 .data          0x2000026c      0x410 /home/laurence/CodeSourcery/Sourcery_G++_Lite/bin/../lib/gcc/arm-none-eabi/4.5.2/../../../../arm-none-eabi/lib/thumb2/libc.a(lib_a-mallocr.o)
                0x2000026c                __malloc_av_
                0x20000674                __malloc_sbrk_base
                0x20000678                __malloc_trim_threshold
 .data          0x2000067c        0x4 /home/laurence/CodeSourcery/Sourcery_G++_Lite/bin/../lib/gcc/arm-none-eabi/4.5.2/../../../../arm-none-eabi/lib/thumb2/libcs3unhosted.a(unhosted-sbrk.o)
 .data          0x20000680        0x4 /home/laurence/CodeSourcery/Sourcery_G++_Lite/bin/../lib/gcc/arm-none-eabi/4.5.2/../../../../arm-none-eabi/lib/thumb2/libcs3.a(heap.o)
                0x20000680                __cs3_heap_limit
 *(.ram)
                0x20000688                . = ALIGN (0x8)
 *fill*         0x20000684        0x4 00
                0x20000688                _edata = .

.bss            0x20000688     0x1b08 load address 0x0801c0a0
 *(.shbss)
 *(.bss .bss.* .gnu.linkonce.b.*)
 .bss           0x20000688        0x1 /home/laurence/CodeSourcery/Sourcery_G++_Lite/bin/../lib/gcc/arm-none-eabi/4.5.2/thumb2/crtbegin.o
 *fill*         0x20000689        0x1 00
 .bss           0x2000068a       0x20 Sensors/accel_down.o
                0x200006a4                Accel_Data_Buffer
 *fill*         0x200006aa        0x2 00
 .bss           0x200006ac       0x28 Sensors/bmp085.o
                0x200006ac                Sea_Level_Pressure
                0x200006b0                Our_Sensorcal
                0x200006c8                Bmp_temp
                0x200006cc                Bmp_Temp_Buffer
                0x200006d0                Bmp_Press_Buffer
 .bss           0x200006d4        0xc Sensors/earth_field.o
 .bss           0x200006e0        0x4 Sensors/pitot.o
                0x200006e0                Pitot_Pressure
 .bss           0x200006e4        0xa Sensors/ubx.o
 *fill*         0x200006ee        0x2 00
 .bss           0x200006f0        0x8 Util/Fatfs/ff.o
 .bss           0x200006f8       0x10 Util/Fatfs/sd_spi_stm32.o
 .bss           0x20000708        0x8 Util/RF22/RF22.o
                0x20000708                _ZN4RF2217_RF22ForInterruptE
 .bss           0x20000710       0x3b Util/RF22/RF22Mesh.o
                0x20000710                _ZN8RF22Mesh11_tmpMessageE
 .bss           0x2000074b       0x40 Util/RF22/RF22Router.o
                0x2000074b                _ZN10RF22Router11_tmpMessageE
 *fill*         0x2000078b        0x1 00
 .bss           0x2000078c      0x180 Util/RF22/ctocpp.o
                0x2000078c                rf22
 .bss           0x2000090c       0x84 Util/rprintf.o
 .bss           0x20000990       0x44 Util/uavtalk.o
                0x2000099c                UAVtalk_semaphores
                0x200009a4                UAVtalk_pointers
                0x200009c4                UAVtalk_stream_timers
 .bss           0x200009d4       0x10 i2c_int.o
                0x200009d4                I2C1error
                0x200009d6                job
                0x200009d8                Jobs
                0x200009e0                Completed_Jobs
 .bss           0x200009e4        0x8 interrupts.o
 .bss           0x200009ec      0x9cc main.o
                0x200009ec                Gps_Buffer
                0x20000af4                Millis
                0x20000af8                Gps
                0x20000b2c                Home_Position
                0x20000b7c                Long_To_Meters_Home
                0x20000db0                f_err_code
                0x20000db4                FATFS_logfile
                0x20000fd8                Kalman_Enabled
                0x20000fdc                Si4432_buff
                0x200010e4                UAVtalk_Attitude_Array
                0x20001100                Nav_Global
                0x20001134                UAVtalk_Altitude_Array
                0x20001140                Waypoint_Global
                0x2000114c                uavtalk_usart_port
                0x200011e0                New_Waypoint_Flagged
                0x200011e4                Usart1tx
                0x200012ec                Nav_Flag
                0x200012f0                uavtalk_si4432_port
                0x20001384                Ground_Flag
                0x20001388                Balt
                0x2000138c                GCS_Telem
                0x200013a1                Flight_Telem
 .bss           0x200013b8       0x1a pwm.o
                0x200013b8                TIM_TimeBaseStructure
                0x200013c2                TIM_OCInitStructure
 .bss           0x200013d2      0x104 usart.o
                0x200013d2                Usart1_rx_buff
 *fill*         0x200014d6        0x2 00
 .bss           0x200014d8      0xbf8 Control/ekf.o
                0x200014d8                Be
                0x200014e4                P
                0x20001788                X
                0x200017bc                Q
                0x200017e0                R
                0x20001808                F
                0x20001aac                G
                0x20001c80                K
                0x20001e88                H
                0x20002090                Nav
                0x200020c4                zeros
 .bss           0x200020d0       0x88 Control/imu.o
                0x200020d0                Accel_Access_Flag
                0x200020e0                Gyro_Data_Buffer
                0x20002128                Magno_Data_Buffer
                0x20002150                Accel_Data_Vector
 .bss           0x20002158       0x34 /home/laurence/CodeSourcery/Sourcery_G++_Lite/bin/../lib/gcc/arm-none-eabi/4.5.2/../../../../arm-none-eabi/lib/thumb2/libc.a(lib_a-mallocr.o)
                0x20002158                __malloc_top_pad
                0x2000215c                __malloc_current_mallinfo
                0x20002184                __malloc_max_sbrked_mem
                0x20002188                __malloc_max_total_mem
 *(COMMON)
 COMMON         0x2000218c        0x4 /home/laurence/CodeSourcery/Sourcery_G++_Lite/bin/../lib/gcc/arm-none-eabi/4.5.2/../../../../arm-none-eabi/lib/thumb2/libc.a(lib_a-reent.o)
                0x2000218c                errno
 *(.ram.b)
                0x20002190                . = ALIGN (0x8)
                0x20002190                _end = .
                0x20002190                __end = .
                0x20005000                __cs3_region_end_ram = (__cs3_region_start_ram + 0x5000)
                0x00005000                __cs3_region_size_ram = 0x5000
                0x0801ba18                __cs3_region_init_ram = LOADADDR (.data)
                0x00000688                __cs3_region_init_size_ram = (_edata - ADDR (.data))
                0x00001b08                __cs3_region_zero_size_ram = (_end - _edata)
                0x00000001                __cs3_region_num = 0x1

.stab
 *(.stab)

.stabstr
 *(.stabstr)

.debug
 *(.debug)

.line
 *(.line)

.debug_srcinfo
 *(.debug_srcinfo)

.debug_sfnames
 *(.debug_sfnames)

.debug_aranges
 *(.debug_aranges)

.debug_pubnames
 *(.debug_pubnames)

.debug_info
 *(.debug_info .gnu.linkonce.wi.*)

.debug_abbrev
 *(.debug_abbrev)

.debug_line
 *(.debug_line)

.comment        0x00000000      0x305
 .comment       0x00000000       0x2a Sensors/accel_down.o
                                 0x2b (size before relaxing)
 .comment       0x00000000       0x2b Sensors/bmp085.o
 .comment       0x00000000       0x2b Sensors/earth_field.o
 .comment       0x00000000       0x2b Sensors/pitot.o
 .comment       0x00000000       0x2b Sensors/sensorcal.o
 .comment       0x00000000       0x2b Sensors/ubx.o
 .comment       0x00000000       0x2b Util/Fatfs/fattime.o
 .comment       0x00000000       0x2b Util/Fatfs/ff.o
 .comment       0x00000000       0x2b Util/Fatfs/rtc.o
 .comment       0x00000000       0x2b Util/Fatfs/sd_spi_stm32.o
 .comment       0x00000000       0x2b Util/RF22/RF22.o
 .comment       0x00000000       0x2b Util/RF22/RF22Datagram.o
 .comment       0x00000000       0x2b Util/RF22/RF22Mesh.o
 .comment       0x00000000       0x2b Util/RF22/RF22ReliableDatagram.o
 .comment       0x00000000       0x2b Util/RF22/RF22Router.o
 .comment       0x00000000       0x2b Util/RF22/ctocpp.o
 .comment       0x00000000       0x2b Util/atmospherics.o
 .comment       0x00000000       0x2b Util/coords.o
 .comment       0x00000000       0x2b Util/crc.o
 .comment       0x00000000       0x2b Util/delay.o
 .comment       0x00000000       0x2b Util/gravity.o
 .comment       0x00000000       0x2b Util/rprintf.o
 .comment       0x00000000       0x2b Util/time.o
 .comment       0x00000000       0x2b Util/uavtalk.o
 .comment       0x00000000       0x2b dma.o
 .comment       0x00000000       0x2b gpio.o
 .comment       0x00000000       0x2b i2c_int.o
 .comment       0x00000000       0x2b interrupts.o
 .comment       0x00000000       0x2b lib/CMSIS_CM3/core_cm3.o
 .comment       0x00000000       0x2b lib/CMSIS_CM3/system_stm32f10x.o
 .comment       0x00000000       0x2b main.o
 .comment       0x00000000       0x2b pwm.o
 .comment       0x00000000       0x2b usart.o
 .comment       0x00000000       0x2b watchdog.o
 .comment       0x0000002a       0x2b Control/ekf.o
 .comment       0x00000055       0x2b Control/imu.o
 .comment       0x00000080       0x2b Control/loops.o
 .comment       0x000000ab       0x2b Control/servos.o
 .comment       0x000000d6       0x2b lib/STM32F10x_StdPeriph_Driver/libstm32fw.a(misc.o)
 .comment       0x00000101       0x2b lib/STM32F10x_StdPeriph_Driver/libstm32fw.a(stm32f10x_bkp.o)
 .comment       0x0000012c       0x2b lib/STM32F10x_StdPeriph_Driver/libstm32fw.a(stm32f10x_dma.o)
 .comment       0x00000157       0x2b lib/STM32F10x_StdPeriph_Driver/libstm32fw.a(stm32f10x_exti.o)
 .comment       0x00000182       0x2b lib/STM32F10x_StdPeriph_Driver/libstm32fw.a(stm32f10x_gpio.o)
 .comment       0x000001ad       0x2b lib/STM32F10x_StdPeriph_Driver/libstm32fw.a(stm32f10x_i2c.o)
 .comment       0x000001d8       0x2b lib/STM32F10x_StdPeriph_Driver/libstm32fw.a(stm32f10x_iwdg.o)
 .comment       0x00000203       0x2b lib/STM32F10x_StdPeriph_Driver/libstm32fw.a(stm32f10x_pwr.o)
 .comment       0x0000022e       0x2b lib/STM32F10x_StdPeriph_Driver/libstm32fw.a(stm32f10x_rcc.o)
 .comment       0x00000259       0x2b lib/STM32F10x_StdPeriph_Driver/libstm32fw.a(stm32f10x_rtc.o)
 .comment       0x00000284       0x2b lib/STM32F10x_StdPeriph_Driver/libstm32fw.a(stm32f10x_spi.o)
 .comment       0x000002af       0x2b lib/STM32F10x_StdPeriph_Driver/libstm32fw.a(stm32f10x_tim.o)
 .comment       0x000002da       0x2b lib/STM32F10x_StdPeriph_Driver/libstm32fw.a(stm32f10x_usart.o)

.debug_frame    0x00000000      0xa44
 *(.debug_frame)
 .debug_frame   0x00000000       0x30 /home/laurence/CodeSourcery/Sourcery_G++_Lite/bin/../lib/gcc/arm-none-eabi/4.5.2/../../../../arm-none-eabi/lib/thumb2/libm.a(lib_a-s_cos.o)
 .debug_frame   0x00000030       0x34 /home/laurence/CodeSourcery/Sourcery_G++_Lite/bin/../lib/gcc/arm-none-eabi/4.5.2/../../../../arm-none-eabi/lib/thumb2/libm.a(lib_a-s_floor.o)
 .debug_frame   0x00000064       0x30 /home/laurence/CodeSourcery/Sourcery_G++_Lite/bin/../lib/gcc/arm-none-eabi/4.5.2/../../../../arm-none-eabi/lib/thumb2/libm.a(lib_a-s_sin.o)
 .debug_frame   0x00000094       0x34 /home/laurence/CodeSourcery/Sourcery_G++_Lite/bin/../lib/gcc/arm-none-eabi/4.5.2/../../../../arm-none-eabi/lib/thumb2/libm.a(lib_a-w_asin.o)
 .debug_frame   0x000000c8       0x20 /home/laurence/CodeSourcery/Sourcery_G++_Lite/bin/../lib/gcc/arm-none-eabi/4.5.2/../../../../arm-none-eabi/lib/thumb2/libm.a(lib_a-w_atan2.o)
 .debug_frame   0x000000e8       0x3c /home/laurence/CodeSourcery/Sourcery_G++_Lite/bin/../lib/gcc/arm-none-eabi/4.5.2/../../../../arm-none-eabi/lib/thumb2/libm.a(lib_a-w_pow.o)
 .debug_frame   0x00000124       0x38 /home/laurence/CodeSourcery/Sourcery_G++_Lite/bin/../lib/gcc/arm-none-eabi/4.5.2/../../../../arm-none-eabi/lib/thumb2/libm.a(lib_a-w_sqrt.o)
 .debug_frame   0x0000015c       0x30 /home/laurence/CodeSourcery/Sourcery_G++_Lite/bin/../lib/gcc/arm-none-eabi/4.5.2/../../../../arm-none-eabi/lib/thumb2/libm.a(lib_a-wf_asin.o)
 .debug_frame   0x0000018c       0x20 /home/laurence/CodeSourcery/Sourcery_G++_Lite/bin/../lib/gcc/arm-none-eabi/4.5.2/../../../../arm-none-eabi/lib/thumb2/libm.a(lib_a-wf_atan2.o)
 .debug_frame   0x000001ac       0x3c /home/laurence/CodeSourcery/Sourcery_G++_Lite/bin/../lib/gcc/arm-none-eabi/4.5.2/../../../../arm-none-eabi/lib/thumb2/libm.a(lib_a-e_asin.o)
 .debug_frame   0x000001e8       0x3c /home/laurence/CodeSourcery/Sourcery_G++_Lite/bin/../lib/gcc/arm-none-eabi/4.5.2/../../../../arm-none-eabi/lib/thumb2/libm.a(lib_a-e_atan2.o)
 .debug_frame   0x00000224       0x3c /home/laurence/CodeSourcery/Sourcery_G++_Lite/bin/../lib/gcc/arm-none-eabi/4.5.2/../../../../arm-none-eabi/lib/thumb2/libm.a(lib_a-e_pow.o)
 .debug_frame   0x00000260       0x3c /home/laurence/CodeSourcery/Sourcery_G++_Lite/bin/../lib/gcc/arm-none-eabi/4.5.2/../../../../arm-none-eabi/lib/thumb2/libm.a(lib_a-e_rem_pio2.o)
 .debug_frame   0x0000029c       0x34 /home/laurence/CodeSourcery/Sourcery_G++_Lite/bin/../lib/gcc/arm-none-eabi/4.5.2/../../../../arm-none-eabi/lib/thumb2/libm.a(lib_a-e_sqrt.o)
 .debug_frame   0x000002d0       0x34 /home/laurence/CodeSourcery/Sourcery_G++_Lite/bin/../lib/gcc/arm-none-eabi/4.5.2/../../../../arm-none-eabi/lib/thumb2/libm.a(lib_a-ef_asin.o)
 .debug_frame   0x00000304       0x30 /home/laurence/CodeSourcery/Sourcery_G++_Lite/bin/../lib/gcc/arm-none-eabi/4.5.2/../../../../arm-none-eabi/lib/thumb2/libm.a(lib_a-ef_atan2.o)
 .debug_frame   0x00000334       0x2c /home/laurence/CodeSourcery/Sourcery_G++_Lite/bin/../lib/gcc/arm-none-eabi/4.5.2/../../../../arm-none-eabi/lib/thumb2/libm.a(lib_a-ef_sqrt.o)
 .debug_frame   0x00000360       0x3c /home/laurence/CodeSourcery/Sourcery_G++_Lite/bin/../lib/gcc/arm-none-eabi/4.5.2/../../../../arm-none-eabi/lib/thumb2/libm.a(lib_a-k_cos.o)
 .debug_frame   0x0000039c       0x3c /home/laurence/CodeSourcery/Sourcery_G++_Lite/bin/../lib/gcc/arm-none-eabi/4.5.2/../../../../arm-none-eabi/lib/thumb2/libm.a(lib_a-k_rem_pio2.o)
 .debug_frame   0x000003d8       0x3c /home/laurence/CodeSourcery/Sourcery_G++_Lite/bin/../lib/gcc/arm-none-eabi/4.5.2/../../../../arm-none-eabi/lib/thumb2/libm.a(lib_a-k_sin.o)
 .debug_frame   0x00000414       0x38 /home/laurence/CodeSourcery/Sourcery_G++_Lite/bin/../lib/gcc/arm-none-eabi/4.5.2/../../../../arm-none-eabi/lib/thumb2/libm.a(lib_a-s_atan.o)
 .debug_frame   0x0000044c       0x20 /home/laurence/CodeSourcery/Sourcery_G++_Lite/bin/../lib/gcc/arm-none-eabi/4.5.2/../../../../arm-none-eabi/lib/thumb2/libm.a(lib_a-s_fabs.o)
 .debug_frame   0x0000046c       0x20 /home/laurence/CodeSourcery/Sourcery_G++_Lite/bin/../lib/gcc/arm-none-eabi/4.5.2/../../../../arm-none-eabi/lib/thumb2/libm.a(lib_a-s_finite.o)
 .debug_frame   0x0000048c       0x28 /home/laurence/CodeSourcery/Sourcery_G++_Lite/bin/../lib/gcc/arm-none-eabi/4.5.2/../../../../arm-none-eabi/lib/thumb2/libm.a(lib_a-s_fpclassify.o)
 .debug_frame   0x000004b4       0x20 /home/laurence/CodeSourcery/Sourcery_G++_Lite/bin/../lib/gcc/arm-none-eabi/4.5.2/../../../../arm-none-eabi/lib/thumb2/libm.a(lib_a-s_matherr.o)
 .debug_frame   0x000004d4       0x20 /home/laurence/CodeSourcery/Sourcery_G++_Lite/bin/../lib/gcc/arm-none-eabi/4.5.2/../../../../arm-none-eabi/lib/thumb2/libm.a(lib_a-s_nan.o)
 .debug_frame   0x000004f4       0x34 /home/laurence/CodeSourcery/Sourcery_G++_Lite/bin/../lib/gcc/arm-none-eabi/4.5.2/../../../../arm-none-eabi/lib/thumb2/libm.a(lib_a-s_rint.o)
 .debug_frame   0x00000528       0x30 /home/laurence/CodeSourcery/Sourcery_G++_Lite/bin/../lib/gcc/arm-none-eabi/4.5.2/../../../../arm-none-eabi/lib/thumb2/libm.a(lib_a-s_scalbn.o)
 .debug_frame   0x00000558       0x30 /home/laurence/CodeSourcery/Sourcery_G++_Lite/bin/../lib/gcc/arm-none-eabi/4.5.2/../../../../arm-none-eabi/lib/thumb2/libm.a(lib_a-sf_atan.o)
 .debug_frame   0x00000588       0x20 /home/laurence/CodeSourcery/Sourcery_G++_Lite/bin/../lib/gcc/arm-none-eabi/4.5.2/../../../../arm-none-eabi/lib/thumb2/libm.a(lib_a-sf_fabs.o)
 .debug_frame   0x000005a8       0x20 /home/laurence/CodeSourcery/Sourcery_G++_Lite/bin/../lib/gcc/arm-none-eabi/4.5.2/../../../../arm-none-eabi/lib/thumb2/libm.a(lib_a-sf_fpclassify.o)
 .debug_frame   0x000005c8       0x28 /home/laurence/CodeSourcery/Sourcery_G++_Lite/bin/../lib/gcc/arm-none-eabi/4.5.2/../../../../arm-none-eabi/lib/thumb2/libm.a(lib_a-s_copysign.o)
 .debug_frame   0x000005f0       0x20 /home/laurence/CodeSourcery/Sourcery_G++_Lite/bin/../lib/gcc/arm-none-eabi/4.5.2/thumb2/libgcc.a(_divsi3.o)
 .debug_frame   0x00000610       0x28 /home/laurence/CodeSourcery/Sourcery_G++_Lite/bin/../lib/gcc/arm-none-eabi/4.5.2/thumb2/libgcc.a(_fixsfdi.o)
 .debug_frame   0x00000638       0x2c /home/laurence/CodeSourcery/Sourcery_G++_Lite/bin/../lib/gcc/arm-none-eabi/4.5.2/thumb2/libgcc.a(_fixunssfdi.o)
 .debug_frame   0x00000664       0x50 /home/laurence/CodeSourcery/Sourcery_G++_Lite/bin/../lib/gcc/arm-none-eabi/4.5.2/thumb2/libgcc.a(bpabi.o)
 .debug_frame   0x000006b4       0x3c /home/laurence/CodeSourcery/Sourcery_G++_Lite/bin/../lib/gcc/arm-none-eabi/4.5.2/thumb2/libgcc.a(_divdi3.o)
 .debug_frame   0x000006f0       0x3c /home/laurence/CodeSourcery/Sourcery_G++_Lite/bin/../lib/gcc/arm-none-eabi/4.5.2/thumb2/libgcc.a(_udivdi3.o)