Archive member included because of file (symbol)

lib/STM32F10x_StdPeriph_Driver/libstm32fw.a(misc.o)
                              interrupts.o (NVIC_PriorityGroupConfig)
lib/STM32F10x_StdPeriph_Driver/libstm32fw.a(stm32f10x_bkp.o)
                              Util/Fatfs/rtc.o (BKP_WriteBackupRegister)
lib/STM32F10x_StdPeriph_Driver/libstm32fw.a(stm32f10x_dma.o)
                              dma.o (DMA_DeInit)
lib/STM32F10x_StdPeriph_Driver/libstm32fw.a(stm32f10x_exti.o)
                              interrupts.o (EXTI_Init)
lib/STM32F10x_StdPeriph_Driver/libstm32fw.a(stm32f10x_gpio.o)
                              Util/Fatfs/sd_spi_stm32.o (GPIO_Init)
lib/STM32F10x_StdPeriph_Driver/libstm32fw.a(stm32f10x_i2c.o)
                              i2c_int.o (I2C_Cmd)
lib/STM32F10x_StdPeriph_Driver/libstm32fw.a(stm32f10x_iwdg.o)
                              watchdog.o (IWDG_WriteAccessCmd)
lib/STM32F10x_StdPeriph_Driver/libstm32fw.a(stm32f10x_pwr.o)
                              Util/Fatfs/rtc.o (PWR_BackupAccessCmd)
lib/STM32F10x_StdPeriph_Driver/libstm32fw.a(stm32f10x_rcc.o)
                              Util/Fatfs/rtc.o (RCC_LSEConfig)
lib/STM32F10x_StdPeriph_Driver/libstm32fw.a(stm32f10x_rtc.o)
                              Util/Fatfs/rtc.o (RTC_GetCounter)
lib/STM32F10x_StdPeriph_Driver/libstm32fw.a(stm32f10x_spi.o)
                              Util/Fatfs/sd_spi_stm32.o (SPI_Init)
lib/STM32F10x_StdPeriph_Driver/libstm32fw.a(stm32f10x_tim.o)
                              pwm.o (TIM_TimeBaseInit)
lib/STM32F10x_StdPeriph_Driver/libstm32fw.a(stm32f10x_usart.o)
                              usart.o (USART_Cmd)
/home/laurence/CodeSourcery/Sourcery_G++_Lite/bin/../lib/gcc/arm-none-eabi/4.4.1/../../../../arm-none-eabi/lib/thumb2/libm.a(lib_a-s_cos.o)
                              Sensors/earth_field.o (cos)
/home/laurence/CodeSourcery/Sourcery_G++_Lite/bin/../lib/gcc/arm-none-eabi/4.4.1/../../../../arm-none-eabi/lib/thumb2/libm.a(lib_a-s_floor.o)
                              Util/RF22/RF22.o (floor)
/home/laurence/CodeSourcery/Sourcery_G++_Lite/bin/../lib/gcc/arm-none-eabi/4.4.1/../../../../arm-none-eabi/lib/thumb2/libm.a(lib_a-s_sin.o)
                              Sensors/earth_field.o (sin)
/home/laurence/CodeSourcery/Sourcery_G++_Lite/bin/../lib/gcc/arm-none-eabi/4.4.1/../../../../arm-none-eabi/lib/thumb2/libm.a(lib_a-w_asin.o)
                              Sensors/earth_field.o (asin)
/home/laurence/CodeSourcery/Sourcery_G++_Lite/bin/../lib/gcc/arm-none-eabi/4.4.1/../../../../arm-none-eabi/lib/thumb2/libm.a(lib_a-w_atan2.o)
                              Sensors/earth_field.o (atan2)
/home/laurence/CodeSourcery/Sourcery_G++_Lite/bin/../lib/gcc/arm-none-eabi/4.4.1/../../../../arm-none-eabi/lib/thumb2/libm.a(lib_a-w_pow.o)
                              Sensors/bmp085.o (pow)
/home/laurence/CodeSourcery/Sourcery_G++_Lite/bin/../lib/gcc/arm-none-eabi/4.4.1/../../../../arm-none-eabi/lib/thumb2/libm.a(lib_a-w_sqrt.o)
                              Sensors/earth_field.o (sqrt)
/home/laurence/CodeSourcery/Sourcery_G++_Lite/bin/../lib/gcc/arm-none-eabi/4.4.1/../../../../arm-none-eabi/lib/thumb2/libm.a(lib_a-wf_asin.o)
                              Util/coords.o (asinf)
/home/laurence/CodeSourcery/Sourcery_G++_Lite/bin/../lib/gcc/arm-none-eabi/4.4.1/../../../../arm-none-eabi/lib/thumb2/libm.a(lib_a-wf_atan2.o)
                              Util/coords.o (atan2f)
/home/laurence/CodeSourcery/Sourcery_G++_Lite/bin/../lib/gcc/arm-none-eabi/4.4.1/../../../../arm-none-eabi/lib/thumb2/libm.a(lib_a-e_asin.o)
                              /home/laurence/CodeSourcery/Sourcery_G++_Lite/bin/../lib/gcc/arm-none-eabi/4.4.1/../../../../arm-none-eabi/lib/thumb2/libm.a(lib_a-w_asin.o) (__ieee754_asin)
/home/laurence/CodeSourcery/Sourcery_G++_Lite/bin/../lib/gcc/arm-none-eabi/4.4.1/../../../../arm-none-eabi/lib/thumb2/libm.a(lib_a-e_atan2.o)
                              /home/laurence/CodeSourcery/Sourcery_G++_Lite/bin/../lib/gcc/arm-none-eabi/4.4.1/../../../../arm-none-eabi/lib/thumb2/libm.a(lib_a-w_atan2.o) (__ieee754_atan2)
/home/laurence/CodeSourcery/Sourcery_G++_Lite/bin/../lib/gcc/arm-none-eabi/4.4.1/../../../../arm-none-eabi/lib/thumb2/libm.a(lib_a-e_pow.o)
                              /home/laurence/CodeSourcery/Sourcery_G++_Lite/bin/../lib/gcc/arm-none-eabi/4.4.1/../../../../arm-none-eabi/lib/thumb2/libm.a(lib_a-w_pow.o) (__ieee754_pow)
/home/laurence/CodeSourcery/Sourcery_G++_Lite/bin/../lib/gcc/arm-none-eabi/4.4.1/../../../../arm-none-eabi/lib/thumb2/libm.a(lib_a-e_rem_pio2.o)
                              /home/laurence/CodeSourcery/Sourcery_G++_Lite/bin/../lib/gcc/arm-none-eabi/4.4.1/../../../../arm-none-eabi/lib/thumb2/libm.a(lib_a-s_cos.o) (__ieee754_rem_pio2)
/home/laurence/CodeSourcery/Sourcery_G++_Lite/bin/../lib/gcc/arm-none-eabi/4.4.1/../../../../arm-none-eabi/lib/thumb2/libm.a(lib_a-e_sqrt.o)
[...]
Memory Configuration

Name             Origin             Length             Attributes
ram              0x20000000         0x00005000         xrw
rom              0x08000000         0x00020000         xr
*default*        0x00000000         0xffffffff

Linker script and memory map

LOAD /home/laurence/CodeSourcery/Sourcery_G++_Lite/bin/../lib/gcc/arm-none-eabi/4.4.1/thumb2/crti.o
LOAD /home/laurence/CodeSourcery/Sourcery_G++_Lite/bin/../lib/gcc/arm-none-eabi/4.4.1/thumb2/crtbegin.o
LOAD Sensors/accel_down.o
LOAD Sensors/bmp085.o
LOAD Sensors/earth_field.o
LOAD Sensors/pitot.o
LOAD Sensors/sensorcal.o
LOAD Sensors/ubx.o
LOAD Util/Fatfs/fattime.o
LOAD Util/Fatfs/ff.o
LOAD Util/Fatfs/rtc.o
LOAD Util/Fatfs/sd_spi_stm32.o
LOAD Util/RF22/RF22.o
LOAD Util/RF22/RF22Datagram.o
LOAD Util/RF22/RF22Mesh.o
LOAD Util/RF22/RF22ReliableDatagram.o
LOAD Util/RF22/RF22Router.o
LOAD Util/RF22/ctocpp.o
LOAD Util/atmospherics.o
LOAD Util/coords.o
LOAD Util/crc.o
LOAD Util/delay.o
LOAD Util/gravity.o
LOAD Util/rprintf.o
LOAD Util/time.o
LOAD Util/uavtalk.o
LOAD dma.o
LOAD gpio.o
LOAD i2c_int.o
LOAD interrupts.o
LOAD lib/CMSIS_CM3/core_cm3.o
LOAD lib/CMSIS_CM3/startup/gcc/startup_stm32f10x_md.o
LOAD lib/CMSIS_CM3/system_stm32f10x.o
LOAD main.o
LOAD pwm.o
LOAD usart.o
LOAD watchdog.o
LOAD Control/ekf.o
LOAD Control/imu.o
LOAD Control/loops.o
LOAD Control/servos.o
LOAD lib/STM32F10x_StdPeriph_Driver/libstm32fw.a
LOAD lib/STM32_USB-FS-Device_Driver/libstm32usb.a
LOAD /home/laurence/CodeSourcery/Sourcery_G++_Lite/bin/../lib/gcc/arm-none-eabi/4.4.1/../../../../arm-none-eabi/lib/thumb2/libm.a
START GROUP
LOAD /home/laurence/CodeSourcery/Sourcery_G++_Lite/bin/../lib/gcc/arm-none-eabi/4.4.1/thumb2/libgcc.a
LOAD /home/laurence/CodeSourcery/Sourcery_G++_Lite/bin/../lib/gcc/arm-none-eabi/4.4.1/../../../../arm-none-eabi/lib/thumb2/libc.a
END GROUP
LOAD /home/laurence/CodeSourcery/Sourcery_G++_Lite/bin/../lib/gcc/arm-none-eabi/4.4.1/thumb2/crtend.o
LOAD /home/laurence/CodeSourcery/Sourcery_G++_Lite/bin/../lib/gcc/arm-none-eabi/4.4.1/thumb2/crtn.o
START GROUP
LOAD /home/laurence/CodeSourcery/Sourcery_G++_Lite/bin/../lib/gcc/arm-none-eabi/4.4.1/thumb2/libgcc.a
LOAD /home/laurence/CodeSourcery/Sourcery_G++_Lite/bin/../lib/gcc/arm-none-eabi/4.4.1/../../../../arm-none-eabi/lib/thumb2/libc.a
LOAD /home/laurence/CodeSourcery/Sourcery_G++_Lite/bin/../lib/gcc/arm-none-eabi/4.4.1/../../../../arm-none-eabi/lib/thumb2/libcs3.a
LOAD /home/laurence/CodeSourcery/Sourcery_G++_Lite/bin/../lib/gcc/arm-none-eabi/4.4.1/../../../../arm-none-eabi/lib/thumb2/libcs3unhosted.a
LOAD lib/libcs3-lanchon-stm32.a
END GROUP
                0x20005000                PROVIDE (__cs3_stack, (__cs3_region_start_ram + __cs3_region_size_ram))
                0x20002190                PROVIDE (__cs3_heap_start, _end)
                0x20005000                PROVIDE (__cs3_heap_end, (__cs3_region_start_ram + __cs3_region_size_ram))

.text           0x08000000    0x1bb0c
 CREATE_OBJECT_SYMBOLS
                0x08000000                __cs3_region_start_rom = .
 *(.cs3.region-head.rom)
                0x08000000                __cs3_interrupt_vector = __cs3_interrupt_vector_lanchon_stm32
 *(.cs3.interrupt_vector)
 .cs3.interrupt_vector
                0x08000000       0xec lib/libcs3-lanchon-stm32.a(lanchon-stm32-vector.o)
                0x08000000                __cs3_interrupt_vector_lanchon_stm32
                0x08000001                ASSERT ((. != __cs3_interrupt_vector_lanchon_stm32), No interrupt vector)
 *(.rom)
 *(.rom.b)
                0x0801a52c                PROVIDE (__cs3_reset_lanchon_stm32, _start)
                0x0801a52c                __cs3_reset = __cs3_reset_lanchon_stm32
 *(.cs3.reset)
 *(.text .text.* .gnu.linkonce.t.*)
 .text          0x080000ec       0x30 /home/laurence/CodeSourcery/Sourcery_G++_Lite/bin/../lib/gcc/arm-none-eabi/4.4.1/thumb2/crtbegin.o
 .text          0x0800011c       0xd0 Sensors/accel_down.o
                0x0800011c                Accel_Downconvert
 *fill*         0x080001ec        0x4 00
 .text          0x080001f0      0x180 Sensors/bmp085.o
                0x080001f0                Bmp085_Convert
                0x080002f0                flip_sensorcal
                0x08000304                flip_adc24
                0x08000320                Baro_Convert_Pressure
 .text          0x08000370     0x1920 Sensors/earth_field.o
                0x08000370                WMM_CalculateSecularVariation
                0x08000478                WMM_get_secular_var_coeff_g
                0x08000490                WMM_get_main_field_coeff_g
                0x0800052c                WMM_get_secular_var_coeff_h
                0x08000544                WMM_get_main_field_coeff_h
                0x080005d8                WMM_DateToYear
                0x08000614                WMM_RotateMagneticVector
                0x080006d0                WMM_ComputeSphericalHarmonicVariables
                0x080007a4                WMM_GeodeticToSpherical
                0x08000908                WMM_SecVarSummationSpecial
                0x08000aa4                WMM_SecVarSummation
                0x08000ca4                WMM_SummationSpecial
                0x08000e44                WMM_Summation
                0x08001044                WMM_PcupLow
                0x08001390                WMM_PcupHigh
                0x08001836                WMM_AssociatedLegendreFunction
                0x080018c4                WMM_CalculateGeoMagneticElements
                0x08001988                WMM_Geomag
                0x08001a80                WMM_Initialize
                0x08001af8                WMM_GetMagVector
 .text          0x08001c90       0x88 Sensors/pitot.o
                0x08001c90                Pitot_Conv
                0x08001cc2                Pitot_convert_Airspeed
 .text          0x08001d18       0xf4 Sensors/sensorcal.o
                0x08001d18                Calibrate_3
 .text          0x08001e0c      0x330 Sensors/ubx.o
                0x08001e0c                Gps_Process_Byte
                0x08001f8c                Get_UBX_Ack
                0x08002038                Config_Gps
 .text          0x0800213c       0x42 Util/Fatfs/fattime.o
                0x0800213c                get_fattime
 *fill*         0x0800217e        0x2 00
 .text          0x08002180     0x1a54 Util/Fatfs/ff.o
                0x080021a6                clust2sect
                0x08002256                f_mount
                0x08002694                put_fat
                0x08002792                get_fat
                0x080029e2                f_truncate
                0x08002c48                f_readdir
                0x08002c96                f_getfree
                0x08002d76                f_lseek
                0x08002ec8                f_write
                0x0800307a                f_read
                0x080032a4                f_sync
                0x0800335a                f_close
                0x08003568                f_stat
                0x080035aa                f_opendir
                0x08003618                f_rename
                0x0800373e                f_utime
                0x080037a0                f_chmod
                0x080037fc                f_unlink
                0x080038c4                f_mkdir
                0x08003a76                f_open
 .text          0x08003bd4      0x2e4 Util/Fatfs/rtc.o
                0x08003cb0                my_RTC_SetCounter
                0x08003cd2                rtc_settime
                0x08003da4                rtc_init
                0x08003e3e                rtc_gettime
 .text          0x08003eb8      0x7b4 Util/Fatfs/sd_spi_stm32.o
                0x08003ed8                disk_status
                0x08003ee8                disk_timerproc
                0x08004104                disk_initialize
                0x08004284                disk_ioctl
                0x080044e0                disk_read
                0x080045c0                disk_write
 .text          0x0800466c      0x8d4 Util/RF22/RF22.o
                0x0800466c                _ZN4RF22C2Ehh
                0x08004690                _ZN4RF22C1Ehh
                0x080046b4                _ZN4RF2210clearRxBufEv
                0x080046c0                _ZN4RF2214waitPacketSentEv
                0x080046ca                _ZN4RF2210clearTxBufEv
                0x080046da                _ZN4RF2223handleExternalInterruptEv
                0x080046dc                _ZN4RF2226handleWakeupTimerInterruptEv
                0x080046de                _ZN4RF228lastRssiEv
                0x080046e4                _ZN4RF2211appendTxBufEPhh
                0x08004714                _ZN4RF229fillTxBufEPhh
                0x0800472c                _ZN4RF2213spiBurstWriteEhPhh
                0x0800479c                _ZN4RF2216sendNextFragmentEv
                0x080047dc                _ZN4RF2212setSyncWordsEPhh
                0x080047e6                _ZN4RF2212setWutPeriodEthh
                0x0800480e                _ZN4RF2212spiBurstReadEhPhh
                0x08004880                _ZN4RF2216readNextFragmentEv
                0x080048aa                _ZN4RF227wutReadEv
                0x080048c4                _ZN4RF228spiWriteEhh
                0x08004924                _ZN4RF2214setPromiscuousEb
                0x08004930                _ZN4RF2214setHeaderFlagsEh
                0x08004936                _ZN4RF2211setHeaderIdEh
                0x0800493c                _ZN4RF2213setHeaderFromEh
                0x08004942                _ZN4RF2211setHeaderToEh
                0x08004948                _ZN4RF2211resetTxFifoEv
                0x08004960                _ZN4RF2211resetRxFifoEv
                0x08004978                _ZN4RF2210resetFifosEv
                0x08004990                _ZN4RF2217setPreambleLengthEh
                0x08004996                _ZN4RF2217setModemRegistersEPNS_11ModemConfigE
                0x080049ec                _ZN4RF2214setModemConfigENS_17ModemConfigChoiceE
                0x08004a0c                _ZN4RF2210setTxPowerEh
                0x08004a12                _ZN4RF227setModeEh
                0x08004a18                _ZN4RF229setModeTxEv
                0x08004a32                _ZN4RF229setModeRxEv
                0x08004a4c                _ZN4RF229availableEv
                0x08004a5a                _ZN4RF224recvEPhS0_
                0x08004a92                _ZN4RF2220waitAvailableTimeoutEt
                0x08004abc                _ZN4RF2213waitAvailableEv
                0x08004acc                _ZN4RF2211setModeIdleEv
                0x08004ae0                _ZN4RF2213startTransmitEv
                0x08004afc                _ZN4RF224sendEPhh
                0x08004b1c                _ZN4RF227spiReadEh
                0x08004b7c                _ZN4RF2211headerFlagsEv
                0x08004b80                _ZN4RF228headerIdEv
                0x08004b84                _ZN4RF2210headerFromEv
                0x08004b88                _ZN4RF228headerToEv
                0x08004b8c                _ZN4RF2215ezmacStatusReadEv
                0x08004b90                _ZN4RF228rssiReadEv
                0x08004b94                _ZN4RF227adcReadEhhhh
                0x08004bd0                _ZN4RF2215temperatureReadEhh
                0x08004bfa                _ZN4RF2210statusReadEv
                0x08004bfe                _ZN4RF2212setFHChannelEh
                0x08004c1c                _ZN4RF2213setFHStepSizeEh
                0x08004c3a                _ZN4RF2212setFrequencyEf
                0x08004d08                _ZN4RF2215handleInterruptEv
                0x08004e2e                _ZN4RF224isr1Ev
                0x08004e3c                _ZN4RF224isr0Ev
                0x08004e4c                _ZN4RF225resetEv
                0x08004e60                _ZN4RF224initEv
 .text          0x08004f40       0xec Util/RF22/RF22Datagram.o
                0x08004f40                _ZN12RF22Datagram8recvfromEPhS0_S0_S0_S0_S0_
                0x08004f98                _ZN12RF22Datagram6sendtoEPhhh
                0x08004fb4                _ZN12RF22Datagram14setThisAddressEh
                0x08004fd2                _ZN12RF22Datagram4initEv
                0x08004fec                _ZN12RF22DatagramC1Ehhh
                0x0800500c                _ZN12RF22DatagramC2Ehhh
 .text          0x0800502c      0x3ec Util/RF22/RF22Mesh.o
                0x0800502c                _ZN8RF22Mesh17isPhysicalAddressEPhh
                0x08005044                _ZN8RF22Mesh5doArpEh
                0x080050cc                _ZN8RF22Mesh11recvfromAckEPhS0_S0_S0_S0_S0_
                0x08005250                _ZN8RF22Mesh18recvfromAckTimeoutEPhS0_tS0_S0_S0_S0_
                0x080052a8                _ZN8RF22Mesh5routeEPN10RF22Router13RoutedMessageEh
                0x08005310                _ZN8RF22Mesh13peekAtMessageEPN10RF22Router13RoutedMessageEh
                0x08005396                _ZN8RF22Mesh10sendtoWaitEPhhh
                0x080053f0                _ZN8RF22MeshC1Ehhh
                0x08005404                _ZN8RF22MeshC2Ehhh
 .text          0x08005418      0x2b0 Util/RF22/RF22ReliableDatagram.o
                0x08005418                _ZN20RF22ReliableDatagram10setTimeoutEt
                0x0800541e                _ZN20RF22ReliableDatagram10setRetriesEh
                0x08005424                _ZN20RF22ReliableDatagram15retransmissionsEv
                0x0800542a                _ZN20RF22ReliableDatagram11acknowledgeEhh
                0x08005456                _ZN20RF22ReliableDatagram11recvfromAckEPhS0_S0_S0_S0_S0_
                0x08005502                _ZN20RF22ReliableDatagram18recvfromAckTimeoutEPhS0_tS0_S0_S0_S0_
                0x08005558                _ZN20RF22ReliableDatagram10sendtoWaitEPhhh
                0x08005670                _ZN20RF22ReliableDatagramC1Ehhh
                0x0800569c                _ZN20RF22ReliableDatagramC2Ehhh
 .text          0x080056c8      0x324 Util/RF22/RF22Router.o
                0x080056c8                _ZN10RF22Router10setMaxHopsEh
                0x080056ce                _ZN10RF22Router10getRouteToEh
                0x080056fc                _ZN10RF22Router17clearRoutingTableEv
                0x0800570e                _ZN10RF22Router13peekAtMessageEPNS_13RoutedMessageEh
                0x08005710                _ZN10RF22Router11recvfromAckEPhS0_S0_S0_S0_S0_
                0x080057f8                _ZN10RF22Router18recvfromAckTimeoutEPhS0_tS0_S0_S0_S0_
                0x08005850                _ZN10RF22Router10sendtoWaitEPhhhh
                0x08005894                _ZN10RF22Router10sendtoWaitEPhhh
                0x080058a2                _ZN10RF22Router11deleteRouteEh
                0x080058d4                _ZN10RF22Router17retireOldestRouteEv
                0x080058d8                _ZN10RF22Router10addRouteToEhhh
                0x0800593e                _ZN10RF22Router13deleteRouteToEh
                0x08005964                _ZN10RF22Router5routeEPNS_13RoutedMessageEh
                0x08005996                _ZN10RF22Router4initEv
                0x080059ac                _ZN10RF22RouterC1Ehhh
                0x080059cc                _ZN10RF22RouterC2Ehhh
 .text          0x080059ec       0x78 Util/RF22/ctocpp.o
                0x080059ec                RF22_Service_ISR
                0x080059f8                RF22_Reassign
                0x08005a04                RF22_recvfromAckTimeout
                0x08005a2c                RF22_Sendtowait
                0x08005a48                RF22_Init
 *fill*         0x08005a64        0x4 00
 .text          0x08005a68       0xd8 Util/atmospherics.o
                0x08005a68                US_1976_Temperature
                0x08005afc                Air_Density
 .text          0x08005b40      0x940 Util/coords.o
                0x08005b40                CrossProduct
                0x08005b9e                quat_inverse
                0x08005bba                quat_copy
                0x08005bd0                quat_mult
                0x08005cda                rot_mult
                0x08005d7a                VectorMagnitude
                0x08005dbc                RotFrom2Vectors
                0x08005f88                R2Quaternion
                0x08006170                Quaternion2RPY
                0x080062a8                RneFromLLA
                0x08006368                LLA2ECEF
 .text          0x08006480       0x2c Util/crc.o
                0x08006480                CRC_updateByte
                0x0800648c                CRC_updateCRC
 .text          0x080064ac       0x2c Util/delay.o
                0x080064ac                Delay
 .text          0x080064d8       0xc8 Util/gravity.o
                0x080064d8                Ge_From_Latitude
 .text          0x080065a0      0x57c Util/rprintf.o
                0x080065a0                rprintfInit
                0x080065ac                rprintfChar
                0x080065cc                rprintfStr
                0x080065e4                rprintfStrLen
                0x0800661a                rprintfCRLF
                0x0800661e                rprintfu04
                0x08006628                rprintfu08
                0x0800663a                rprintfu16
                0x0800664c                rprintfu32
                0x0800665e                rprintfNum
                0x08006714                rprintfFloat
                0x080067cc                Isdigit
                0x080067da                atoiRamRom
                0x08006800                rStrLen
                0x08006810                rprintf2RamRom
 .text          0x08006b1c       0x20 Util/time.o
                0x08006b1c                Set_RTC_From_GPS
 *fill*         0x08006b3c        0x4 00
 .text          0x08006b40      0x5a8 Util/uavtalk.o
                0x08006b40                UAVtalk_Register_Object
                0x08006b54                memchr_32
                0x08006b78                updateTelemetryStats
                0x08006ce0                UAVtalk_Generate_Packet
                0x08006e74                UAVtalk_Run_Streams
                0x08006f2c                UAVtalk_Process_Byte
 .text          0x080070e8      0x128 dma.o
                0x080070e8                Pop_From_Buffer
                0x08007104                Bytes_In_Buffer
                0x0800712c                Get_From_Buffer
                0x08007160                Flush_Buffer
                0x08007172                DMA_USART2_Configuration
                0x080071bc                DMA_USART1_Configuration
 .text          0x08007210      0x1e0 gpio.o
                0x08007210                Get_MEMS_DRDY
                0x08007238                MEMS_Status_Configuration
                0x08007274                Aux_Devices_Configuration
                0x080072d0                SPI_Control_Configuration
                0x08007338                GPS_IO_Configuration
                0x08007384                GPIO_Config_AF_Periferals
                0x080073d8                All_IO_Configuration
 .text          0x080073f0      0x598 i2c_int.o
                0x080073f0                I2C1_Setup_Job
                0x08007404                I2C_Config
                0x080074ac                I2C1_Request_Job
                0x080074dc                I2C1_ER_IRQHandler
                0x08007568                I2C1_EV_IRQHandler
 .text          0x08007988      0x1ec interrupts.o
                0x08007988                NMI_Handler
                0x0800798a                HardFault_Handler
                0x0800798c                MemManage_Handler
                0x0800798e                BusFault_Handler
                0x08007990                UsageFault_Handler
                0x08007992                SVC_Handler
                0x08007994                DebugMon_Handler
                0x08007996                PendSV_Handler
                0x08007998                SysTick_Handler
                0x0800799a                EXTI15_10_IRQHandler
                0x080079ba                EXTI9_5_IRQHandler
                0x08007a30                EXTI_Config
                0x08007b04                EXTI4_IRQHandler
 .text.Default_Handler
                0x08007b74        0x2 lib/CMSIS_CM3/startup/gcc/startup_stm32f10x_md.o
                0x08007b74                EXTI2_IRQHandler
                0x08007b74                TIM1_CC_IRQHandler
                0x08007b74                PVD_IRQHandler
                0x08007b74                EXTI3_IRQHandler
                0x08007b74                EXTI0_IRQHandler
                0x08007b74                I2C2_EV_IRQHandler
                0x08007b74                ADC1_2_IRQHandler
                0x08007b74                SPI1_IRQHandler
                0x08007b74                TAMPER_IRQHandler
                0x08007b74                DMA1_Channel4_IRQHandler
                0x08007b74                USART3_IRQHandler
                0x08007b74                RTC_IRQHandler
                0x08007b74                DMA1_Channel7_IRQHandler
                0x08007b74                CAN1_RX1_IRQHandler
                0x08007b74                TIM4_IRQHandler
                0x08007b74                DMA1_Channel6_IRQHandler
                0x08007b74                TIM3_IRQHandler
                0x08007b74                RCC_IRQHandler
                0x08007b74                TIM1_TRG_COM_IRQHandler
                0x08007b74                DMA1_Channel1_IRQHandler
                0x08007b74                Default_Handler
                0x08007b74                SPI2_IRQHandler
                0x08007b74                DMA1_Channel5_IRQHandler
                0x08007b74                USB_LP_CAN1_RX0_IRQHandler
                0x08007b74                USB_HP_CAN1_TX_IRQHandler
                0x08007b74                DMA1_Channel3_IRQHandler
                0x08007b74                TIM1_UP_IRQHandler
                0x08007b74                WWDG_IRQHandler
                0x08007b74                TIM2_IRQHandler
                0x08007b74                TIM1_BRK_IRQHandler
                0x08007b74                EXTI1_IRQHandler
                0x08007b74                RTCAlarm_IRQHandler
                0x08007b74                USART2_IRQHandler
                0x08007b74                I2C2_ER_IRQHandler
                0x08007b74                DMA1_Channel2_IRQHandler
                0x08007b74                CAN1_SCE_IRQHandler
                0x08007b74                FLASH_IRQHandler
                0x08007b74                USBWakeUp_IRQHandler
 *fill*         0x08007b76        0x2 00
 .text          0x08007b78       0xf8 lib/CMSIS_CM3/system_stm32f10x.o
                0x08007b78                SystemInit
 .text          0x08007c70      0xd00 main.o
                0x08007c70                Initialisation
                0x080086c4                main
 .text          0x08008970      0x1e0 pwm.o
                0x08008970                PWM_Set
                0x080089f0                Timer_GPIO_Disable
                0x08008a2c                Timer_GPIO_Enable
                0x08008a68                Timer_RCC_Configuration
                0x08008a80                Init_Timers
 .text          0x08008b50      0x220 usart.o
                0x08008b50                Default_Usart_Config
                0x08008b62                Add_To_ISR_Buffer
                0x08008b72                Get_From_ISR_Buffer
                0x08008b84                Bytes_In_ISR_Buffer
                0x08008ba8                __gps_send_char
                0x08008bc4                Gps_Send_Str
                0x08008bdc                Gps_Send_Utf8
                0x08008bf6                __usart_send_char
                0x08008c14                Usart_Send_Str
                0x08008c2c                USART1_IRQHandler
                0x08008c48                usart1_disable_dma
                0x08008c64                usart1_send_data_dma
                0x08008c8c                USART2_reconf
                0x08008cd0                Usarts_Init
 .text          0x08008d70       0x3e watchdog.o
                0x08008d70                Watchdog_Reset_Detect
                0x08008d84                Watchdog_Config
 *fill*         0x08008dae        0x2 00
 .text          0x08008db0     0x8890 Control/ekf.o
                0x08008db0                ins_get_num_states
                0x08008db4                INSGPSInit
                0x08008ee0                INSResetP
                0x08008f28                INSResetRGPS
                0x08008f54                INSSetState
                0x08008fb8                INSPosVelReset
                0x08009040                INSSetPosVelVar
                0x0800905c                INSSetGyroBias
                0x08009078                INSSetAccelVar
                0x08009094                INSSetGyroVar
                0x080090b0                INSSetMagVar
                0x080090cc                INSSetMagNorth
                0x080090e4                INSSetGravity
                0x080090f0                CovariancePrediction
                0x0801043a                INSCovariancePrediction
                0x08010460                SerialUpdate
                0x080105b8                StateEq
                0x0801088c                RungeKutta
                0x080109b4                LinearizeFG
                0x08010e28                MeasurementEq
                0x08010fe6                LinearizeH
                0x080112b0                INSCorrection
                0x08011460                VelBaroCorrection
                0x0801147c                GpsMagCorrection
                0x08011494                FullCorrection
                0x080114a2                GpsBaroCorrection
                0x080114c0                MagVelBaroCorrection
                0x080114dc                MagCorrection
                0x080114fc                INSStatePrediction
 .text          0x08011640      0x928 Control/imu.o
                0x08011640                run_imu
 .text          0x08011f68       0x64 Control/loops.o
                0x08011f68                Run_PID
                0x08011fc4                Reset_PID
 .text          0x08011fcc       0x64 Control/servos.o
                0x08011fcc                Disable_Servos
                0x08011fd0                Enable_Servos
                0x08011fd4                Apply_Servos
 .text          0x08012030       0xc0 lib/STM32F10x_StdPeriph_Driver/libstm32fw.a(misc.o)
                0x08012030                NVIC_PriorityGroupConfig
                0x08012044                NVIC_Init
                0x080120a8                NVIC_SetVectorTable
                0x080120bc                NVIC_SystemLPConfig
                0x080120d8                SysTick_CLKSourceConfig
 .text          0x080120f0       0xe4 lib/STM32F10x_StdPeriph_Driver/libstm32fw.a(stm32f10x_bkp.o)
                0x080120f0                BKP_TamperPinLevelConfig
                0x080120fc                BKP_TamperPinCmd
                0x08012108                BKP_ITConfig
                0x08012114                BKP_RTCOutputConfig
                0x0801212c                BKP_SetRTCCalibrationValue
                0x08012144                BKP_WriteBackupRegister
                0x08012160                BKP_ReadBackupRegister
                0x08012180                BKP_GetFlagStatus
                0x0801218c                BKP_ClearFlag
                0x080121a0                BKP_GetITStatus
                0x080121ac                BKP_ClearITPendingBit
                0x080121c0                BKP_DeInit
 .text          0x080121d4      0x1d4 lib/STM32F10x_StdPeriph_Driver/libstm32fw.a(stm32f10x_dma.o)
                0x080121d4                DMA_DeInit
                0x080122b4                DMA_Init
                0x080122f4                DMA_StructInit
                0x0801230e                DMA_Cmd
                0x08012322                DMA_ITConfig
                0x08012334                DMA_GetCurrDataCounter
                0x0801233a                DMA_GetFlagStatus
                0x08012358                DMA_ClearFlag
                0x08012370                DMA_GetITStatus
                0x08012390                DMA_ClearITPendingBit
 .text          0x080123a8      0x104 lib/STM32F10x_StdPeriph_Driver/libstm32fw.a(stm32f10x_exti.o)
                0x080123a8                EXTI_DeInit
                0x080123c4                EXTI_Init
                0x08012444                EXTI_StructInit
                0x08012452                EXTI_GenerateSWInterrupt
                0x08012464                EXTI_GetFlagStatus
                0x08012478                EXTI_ClearFlag
                0x08012484                EXTI_GetITStatus
                0x080124a0                EXTI_ClearITPendingBit
 .text          0x080124ac      0x29c lib/STM32F10x_StdPeriph_Driver/libstm32fw.a(stm32f10x_gpio.o)
                0x080124ac                GPIO_Init
                0x08012564                GPIO_StructInit
                0x08012574                GPIO_ReadInputDataBit
                0x08012580                GPIO_ReadInputData
                0x08012586                GPIO_ReadOutputDataBit
                0x08012592                GPIO_ReadOutputData
                0x08012598                GPIO_SetBits
                0x0801259c                GPIO_ResetBits
                0x080125a0                GPIO_WriteBit
                0x080125aa                GPIO_Write
                0x080125ae                GPIO_PinLockConfig
                0x080125be                GPIO_EventOutputConfig
                0x080125dc                GPIO_EventOutputCmd
                0x080125e8                GPIO_PinRemapConfig
                0x08012648                GPIO_EXTILineConfig
                0x0801267c                GPIO_ETH_MediaInterfaceConfig
                0x08012688                GPIO_AFIODeInit
                0x0801269e                GPIO_DeInit
 .text          0x08012748      0x3cc lib/STM32F10x_StdPeriph_Driver/libstm32fw.a(stm32f10x_i2c.o)
                0x08012748                I2C_StructInit
                0x08012764                I2C_Cmd
                0x0801277e                I2C_DMACmd
                0x08012798                I2C_DMALastTransferCmd
                0x080127b2                I2C_GenerateSTART
                0x080127cc                I2C_GenerateSTOP
                0x080127e6                I2C_AcknowledgeConfig
                0x08012800                I2C_OwnAddress2Config
                0x08012816                I2C_DualAddressCmd
                0x08012830                I2C_GeneralCallCmd
                0x0801284a                I2C_ITConfig
                0x08012860                I2C_SendData
                0x08012864                I2C_ReceiveData
                0x0801286a                I2C_Send7bitAddress
                0x0801287a                I2C_ReadRegister
                0x08012892                I2C_SoftwareResetCmd
                0x080128ac                I2C_SMBusAlertConfig
                0x080128c8                I2C_TransmitPEC
                0x080128e2                I2C_PECPositionConfig
                0x080128fe                I2C_CalculatePEC
                0x08012918                I2C_GetPEC
                0x08012920                I2C_ARPCmd
                0x0801293a                I2C_StretchClockCmd
                0x08012954                I2C_FastModeDutyCycleConfig
                0x08012970                I2C_GetLastEvent
                0x08012980                I2C_CheckEvent
                0x08012998                I2C_GetFlagStatus
                0x080129cc                I2C_ClearFlag
                0x080129d4                I2C_GetITStatus
                0x080129f0                I2C_ClearITPendingBit
                0x080129f8                I2C_Init
                0x08012ae0                I2C_DeInit
 .text          0x08012b14       0x58 lib/STM32F10x_StdPeriph_Driver/libstm32fw.a(stm32f10x_iwdg.o)
                0x08012b14                IWDG_WriteAccessCmd
                0x08012b20                IWDG_SetPrescaler
                0x08012b2c                IWDG_SetReload
                0x08012b38                IWDG_ReloadCounter
                0x08012b48                IWDG_Enable
                0x08012b58                IWDG_GetFlagStatus
 .text          0x08012b6c       0xd0 lib/STM32F10x_StdPeriph_Driver/libstm32fw.a(stm32f10x_pwr.o)
                0x08012b70                PWR_BackupAccessCmd
                0x08012b7c                PWR_PVDCmd
                0x08012b88                PWR_PVDLevelConfig
                0x08012b9c                PWR_WakeUpPinCmd
                0x08012ba8                PWR_EnterSTOPMode
                0x08012bd4                PWR_EnterSTANDBYMode
                0x08012bfc                PWR_GetFlagStatus
                0x08012c10                PWR_ClearFlag
                0x08012c20                PWR_DeInit
 .text          0x08012c3c      0x384 lib/STM32F10x_StdPeriph_Driver/libstm32fw.a(stm32f10x_rcc.o)
                0x08012c3c                RCC_DeInit
                0x08012c7c                RCC_HSEConfig
                0x08012cb4                RCC_AdjustHSICalibrationValue
                0x08012cc8                RCC_HSICmd
                0x08012cd4                RCC_PLLConfig
                0x08012cec                RCC_PLLCmd
                0x08012cf8                RCC_SYSCLKConfig
                0x08012d0c                RCC_GetSYSCLKSource
                0x08012d1c                RCC_HCLKConfig
                0x08012d30                RCC_PCLK1Config
                0x08012d44                RCC_PCLK2Config
                0x08012d58                RCC_ITConfig
                0x08012d74                RCC_USBCLKConfig
                0x08012d80                RCC_ADCCLKConfig
                0x08012d94                RCC_LSEConfig
                0x08012db4                RCC_LSICmd
                0x08012dc0                RCC_RTCCLKConfig
                0x08012dd0                RCC_RTCCLKCmd
                0x08012ddc                RCC_GetClocksFreq
                0x08012e8c                RCC_AHBPeriphClockCmd
                0x08012ea8                RCC_APB2PeriphClockCmd
                0x08012ec4                RCC_APB1PeriphClockCmd
                0x08012ee0                RCC_APB2PeriphResetCmd
                0x08012efc                RCC_APB1PeriphResetCmd
                0x08012f18                RCC_BackupResetCmd
                0x08012f24                RCC_ClockSecuritySystemCmd
                0x08012f30                RCC_MCOConfig
                0x08012f3c                RCC_GetFlagStatus
                0x08012f64                RCC_WaitForHSEStartUp
                0x08012f90                RCC_ClearFlag
                0x08012fa0                RCC_GetITStatus
                0x08012fb4                RCC_ClearITPendingBit
 .text          0x08012fc0      0x15c lib/STM32F10x_StdPeriph_Driver/libstm32fw.a(stm32f10x_rtc.o)
                0x08012fc0                RTC_ITConfig
                0x08012fe0                RTC_EnterConfigMode
                0x08012ff4                RTC_ExitConfigMode
                0x08013008                RTC_GetCounter
                0x0801301c                RTC_SetCounter
                0x08013038                RTC_SetPrescaler
                0x08013058                RTC_SetAlarm
                0x08013074                RTC_GetDivider
                0x0801308c                RTC_WaitForLastTask
                0x0801309c                RTC_WaitForSynchro
                0x080130bc                RTC_GetFlagStatus
                0x080130d0                RTC_ClearFlag
                0x080130e4                RTC_GetITStatus
                0x08013108                RTC_ClearITPendingBit
 .text          0x0801311c      0x2f8 lib/STM32F10x_StdPeriph_Driver/libstm32fw.a(stm32f10x_spi.o)
                0x0801311c                SPI_Init
                0x08013176                SPI_StructInit
                0x08013190                I2S_StructInit
                0x080131a4                SPI_Cmd
                0x080131be                I2S_Cmd
                0x080131d8                SPI_I2S_ITConfig
                0x080131f6                SPI_I2S_DMACmd
                0x0801320c                SPI_I2S_SendData
                0x08013210                SPI_I2S_ReceiveData
                0x08013216                SPI_NSSInternalSoftwareConfig
                0x08013230                SPI_SSOutputCmd
                0x0801324a                SPI_DataSizeConfig
                0x08013262                SPI_TransmitCRC
                0x0801326e                SPI_CalculateCRC
                0x08013288                SPI_GetCRC
                0x08013298                SPI_GetCRCPolynomial
                0x0801329e                SPI_BiDirectionalLineConfig
                0x080132ba                SPI_I2S_GetFlagStatus
                0x080132c6                SPI_I2S_ClearFlag
                0x080132ce                SPI_I2S_GetITStatus
                0x080132f8                SPI_I2S_ClearITPendingBit
                0x08013308                I2S_Init
                0x080133b2                SPI_I2S_DeInit
 .text          0x08013414      0xb54 lib/STM32F10x_StdPeriph_Driver/libstm32fw.a(stm32f10x_tim.o)
                0x08013414                TIM_TimeBaseInit
                0x08013454                TIM_OC1Init
                0x080134e8                TIM_OC2Init
                0x08013584                TIM_OC3Init
                0x0801361c                TIM_OC4Init
                0x08013698                TIM_BDTRConfig
                0x080136bc                TIM_TimeBaseStructInit
                0x080136ce                TIM_OCStructInit
                0x080136e2                TIM_ICStructInit
                0x080136f4                TIM_BDTRStructInit
                0x08013706                TIM_Cmd
                0x08013720                TIM_CtrlPWMOutputs
                0x08013740                TIM_ITConfig
                0x08013756                TIM_GenerateEvent
                0x0801375a                TIM_DMAConfig
                0x08013762                TIM_DMACmd
                0x08013778                TIM_InternalClockConfig
                0x08013786                TIM_ETRConfig
                0x080137a4                TIM_ETRClockMode2Config
                0x080137b8                TIM_ETRClockMode1Config
                0x080137d2                TIM_PrescalerConfig
                0x080137d8                TIM_CounterModeConfig
                0x080137ea                TIM_SelectInputTrigger
                0x080137fc                TIM_ITRxExternalClockConfig
                0x08013810                TIM_EncoderInterfaceConfig
                0x08013858                TIM_ForcedOC1Config
                0x0801386a                TIM_ForcedOC2Config
                0x0801387e                TIM_ForcedOC3Config
                0x08013890                TIM_ForcedOC4Config
                0x080138a4                TIM_ARRPreloadConfig
                0x080138be                TIM_SelectCOM
                0x080138d8                TIM_SelectCCDMA
                0x080138f2                TIM_CCPreloadControl
                0x0801390c                TIM_OC1PreloadConfig
                0x0801391e                TIM_OC2PreloadConfig
                0x08013932                TIM_OC3PreloadConfig
                0x08013944                TIM_OC4PreloadConfig
                0x08013958                TIM_OC1FastConfig
                0x0801396a                TIM_OC2FastConfig
                0x0801397e                TIM_OC3FastConfig
                0x08013990                TIM_OC4FastConfig
                0x080139a4                TIM_ClearOC1Ref
                0x080139b6                TIM_ClearOC2Ref
                0x080139c6                TIM_ClearOC3Ref
                0x080139d8                TIM_ClearOC4Ref
                0x080139e8                TIM_OC1PolarityConfig
                0x080139fa                TIM_OC1NPolarityConfig
                0x08013a0c                TIM_OC2PolarityConfig
                0x08013a20                TIM_OC2NPolarityConfig
                0x08013a34                TIM_OC3PolarityConfig
                0x08013a48                TIM_OC3NPolarityConfig
                0x08013a5c                TIM_OC4PolarityConfig
                0x08013a70                TIM_CCxCmd
                0x08013a92                TIM_CCxNCmd
                0x08013ab4                TIM_SelectOCxM
                0x08013b06                TIM_UpdateDisableConfig
                0x08013b20                TIM_UpdateRequestConfig
                0x08013b3a                TIM_SelectHallSensor
                0x08013b54                TIM_SelectOnePulseMode
                0x08013b6c                TIM_SelectOutputTrigger
                0x08013b84                TIM_SelectSlaveMode
                0x08013b9c                TIM_SelectMasterSlaveMode
                0x08013bb4                TIM_SetCounter
                0x08013bb8                TIM_SetAutoreload
                0x08013bbc                TIM_SetCompare1
                0x08013bc0                TIM_SetCompare2
                0x08013bc4                TIM_SetCompare3
                0x08013bc8                TIM_SetCompare4
                0x08013bce                TIM_SetIC1Prescaler
                0x08013be6                TIM_SetIC2Prescaler
                0x08013c00                TIM_SetIC3Prescaler
                0x08013c18                TIM_SetIC4Prescaler
                0x08013c32                TIM_SetClockDivision
                0x08013c44                TIM_GetCapture1
                0x08013c4a                TIM_GetCapture2
                0x08013c50                TIM_GetCapture3
                0x08013c56                TIM_GetCapture4
                0x08013c5e                TIM_GetCounter
                0x08013c64                TIM_GetPrescaler
                0x08013c6a                TIM_GetFlagStatus
                0x08013c76                TIM_ClearFlag
                0x08013c7e                TIM_GetITStatus
                0x08013c94                TIM_ClearITPendingBit
                0x08013d34                TIM_TIxExternalClockConfig
                0x08013d62                TIM_PWMIConfig
                0x08013dce                TIM_ICInit
                0x08013e9e                TIM_DeInit
 .text          0x08013f68      0x384 lib/STM32F10x_StdPeriph_Driver/libstm32fw.a(stm32f10x_usart.o)
                0x08013f68                USART_StructInit
                0x08013f80                USART_ClockInit
                0x08013faa                USART_ClockStructInit
                0x08013fb6                USART_Cmd
                0x08013fd0                USART_ITConfig
                0x08014006                USART_DMACmd
                0x0801401c                USART_SetAddress
                0x08014034                USART_WakeUpConfig
                0x0801404c                USART_ReceiverWakeUpCmd
                0x08014066                USART_LINBreakDetectLengthConfig
                0x0801407e                USART_LINCmd
                0x08014098                USART_SendData
                0x080140a0                USART_ReceiveData
                0x080140a8                USART_SendBreak
                0x080140b4                USART_SetGuardTime
                0x080140c6                USART_SetPrescaler
                0x080140da                USART_SmartCardCmd
                0x080140f4                USART_SmartCardNACKCmd
                0x0801410e                USART_HalfDuplexCmd
                0x08014128                USART_IrDAConfig
                0x08014140                USART_IrDACmd
                0x0801415a                USART_GetFlagStatus
                0x08014166                USART_ClearFlag
                0x0801416e                USART_GetITStatus
                0x080141b4                USART_ClearITPendingBit
                0x080141c2                USART_Init
                0x08014254                USART_DeInit
 .text          0x080142ec       0x98 /home/laurence/CodeSourcery/Sourcery_G++_Lite/bin/../lib/gcc/arm-none-eabi/4.4.1/../../../../arm-none-eabi/lib/thumb2/libm.a(lib_a-s_cos.o)
                0x080142ec                cos
 *fill*         0x08014384        0x4 00
 .text          0x08014388      0x128 /home/laurence/CodeSourcery/Sourcery_G++_Lite/bin/../lib/gcc/arm-none-eabi/4.4.1/../../../../arm-none-eabi/lib/thumb2/libm.a(lib_a-s_floor.o)
                0x08014388                floor
 .text          0x080144b0       0xa0 /home/laurence/CodeSourcery/Sourcery_G++_Lite/bin/../lib/gcc/arm-none-eabi/4.4.1/../../../../arm-none-eabi/lib/thumb2/libm.a(lib_a-s_sin.o)
                0x080144b0                sin
 .text          0x08014550       0xac /home/laurence/CodeSourcery/Sourcery_G++_Lite/bin/../lib/gcc/arm-none-eabi/4.4.1/../../../../arm-none-eabi/lib/thumb2/libm.a(lib_a-w_asin.o)
                0x08014550                asin
 .text          0x080145fc        0x4 /home/laurence/CodeSourcery/Sourcery_G++_Lite/bin/../lib/gcc/arm-none-eabi/4.4.1/../../../../arm-none-eabi/lib/thumb2/libm.a(lib_a-w_atan2.o)
                0x080145fc                atan2
 .text          0x08014600      0x358 /home/laurence/CodeSourcery/Sourcery_G++_Lite/bin/../lib/gcc/arm-none-eabi/4.4.1/../../../../arm-none-eabi/lib/thumb2/libm.a(lib_a-w_pow.o)
                0x08014600                pow
 .text          0x08014958       0xac /home/laurence/CodeSourcery/Sourcery_G++_Lite/bin/../lib/gcc/arm-none-eabi/4.4.1/../../../../arm-none-eabi/lib/thumb2/libm.a(lib_a-w_sqrt.o)
                0x08014958                sqrt
 .text          0x08014a04       0xa8 /home/laurence/CodeSourcery/Sourcery_G++_Lite/bin/../lib/gcc/arm-none-eabi/4.4.1/../../../../arm-none-eabi/lib/thumb2/libm.a(lib_a-wf_asin.o)
                0x08014a04                asinf
 .text          0x08014aac        0x4 /home/laurence/CodeSourcery/Sourcery_G++_Lite/bin/../lib/gcc/arm-none-eabi/4.4.1/../../../../arm-none-eabi/lib/thumb2/libm.a(lib_a-wf_atan2.o)
                0x08014aac                atan2f
 .text          0x08014ab0      0x420 /home/laurence/CodeSourcery/Sourcery_G++_Lite/bin/../lib/gcc/arm-none-eabi/4.4.1/../../../../arm-none-eabi/lib/thumb2/libm.a(lib_a-e_asin.o)
                0x08014ab0                __ieee754_asin
 .text          0x08014ed0      0x220 /home/laurence/CodeSourcery/Sourcery_G++_Lite/bin/../lib/gcc/arm-none-eabi/4.4.1/../../../../arm-none-eabi/lib/thumb2/libm.a(lib_a-e_atan2.o)
                0x08014ed0                __ieee754_atan2
 .text          0x080150f0      0xb60 /home/laurence/CodeSourcery/Sourcery_G++_Lite/bin/../lib/gcc/arm-none-eabi/4.4.1/../../../../arm-none-eabi/lib/thumb2/libm.a(lib_a-e_pow.o)
                0x080150f0                __ieee754_pow
 .text          0x08015c50      0x418 /home/laurence/CodeSourcery/Sourcery_G++_Lite/bin/../lib/gcc/arm-none-eabi/4.4.1/../../../../arm-none-eabi/lib/thumb2/libm.a(lib_a-e_rem_pio2.o)
                0x08015c50                __ieee754_rem_pio2
 .text          0x08016068      0x1dc /home/laurence/CodeSourcery/Sourcery_G++_Lite/bin/../lib/gcc/arm-none-eabi/4.4.1/../../../../arm-none-eabi/lib/thumb2/libm.a(lib_a-e_sqrt.o)
                0x08016068                __ieee754_sqrt
 .text          0x08016244      0x318 /home/laurence/CodeSourcery/Sourcery_G++_Lite/bin/../lib/gcc/arm-none-eabi/4.4.1/../../../../arm-none-eabi/lib/thumb2/libm.a(lib_a-ef_asin.o)
                0x08016244                __ieee754_asinf
 .text          0x0801655c      0x158 /home/laurence/CodeSourcery/Sourcery_G++_Lite/bin/../lib/gcc/arm-none-eabi/4.4.1/../../../../arm-none-eabi/lib/thumb2/libm.a(lib_a-ef_atan2.o)
                0x0801655c                __ieee754_atan2f
 .text          0x080166b4       0xb4 /home/laurence/CodeSourcery/Sourcery_G++_Lite/bin/../lib/gcc/arm-none-eabi/4.4.1/../../../../arm-none-eabi/lib/thumb2/libm.a(lib_a-ef_sqrt.o)
                0x080166b4                __ieee754_sqrtf
 .text          0x08016768      0x250 /home/laurence/CodeSourcery/Sourcery_G++_Lite/bin/../lib/gcc/arm-none-eabi/4.4.1/../../../../arm-none-eabi/lib/thumb2/libm.a(lib_a-k_cos.o)
                0x08016768                __kernel_cos
 .text          0x080169b8      0x7b4 /home/laurence/CodeSourcery/Sourcery_G++_Lite/bin/../lib/gcc/arm-none-eabi/4.4.1/../../../../arm-none-eabi/lib/thumb2/libm.a(lib_a-k_rem_pio2.o)
                0x080169b8                __kernel_rem_pio2
 *fill*         0x0801716c        0x4 00
 .text          0x08017170      0x170 /home/laurence/CodeSourcery/Sourcery_G++_Lite/bin/../lib/gcc/arm-none-eabi/4.4.1/../../../../arm-none-eabi/lib/thumb2/libm.a(lib_a-k_sin.o)
                0x08017170                __kernel_sin
 .text          0x080172e0      0x348 /home/laurence/CodeSourcery/Sourcery_G++_Lite/bin/../lib/gcc/arm-none-eabi/4.4.1/../../../../arm-none-eabi/lib/thumb2/libm.a(lib_a-s_atan.o)
                0x080172e0                atan
 .text          0x08017628        0x8 /home/laurence/CodeSourcery/Sourcery_G++_Lite/bin/../lib/gcc/arm-none-eabi/4.4.1/../../../../arm-none-eabi/lib/thumb2/libm.a(lib_a-s_fabs.o)
                0x08017628                fabs
 .text          0x08017630       0x10 /home/laurence/CodeSourcery/Sourcery_G++_Lite/bin/../lib/gcc/arm-none-eabi/4.4.1/../../../../arm-none-eabi/lib/thumb2/libm.a(lib_a-s_finite.o)
                0x08017630                finite
 .text          0x08017640       0x1c /home/laurence/CodeSourcery/Sourcery_G++_Lite/bin/../lib/gcc/arm-none-eabi/4.4.1/../../../../arm-none-eabi/lib/thumb2/libm.a(lib_a-s_isnand.o)
                0x08017640                __isnand
 .text          0x0801765c        0x4 /home/laurence/CodeSourcery/Sourcery_G++_Lite/bin/../lib/gcc/arm-none-eabi/4.4.1/../../../../arm-none-eabi/lib/thumb2/libm.a(lib_a-s_matherr.o)
                0x0801765c                matherr
 .text          0x08017660        0xc /home/laurence/CodeSourcery/Sourcery_G++_Lite/bin/../lib/gcc/arm-none-eabi/4.4.1/../../../../arm-none-eabi/lib/thumb2/libm.a(lib_a-s_nan.o)
                0x08017660                nan
 .text          0x0801766c      0x134 /home/laurence/CodeSourcery/Sourcery_G++_Lite/bin/../lib/gcc/arm-none-eabi/4.4.1/../../../../arm-none-eabi/lib/thumb2/libm.a(lib_a-s_rint.o)
                0x0801766c                rint
 .text          0x080177a0      0x118 /home/laurence/CodeSourcery/Sourcery_G++_Lite/bin/../lib/gcc/arm-none-eabi/4.4.1/../../../../arm-none-eabi/lib/thumb2/libm.a(lib_a-s_scalbn.o)
                0x080177a0                scalbn
 .text          0x080178b8      0x23c /home/laurence/CodeSourcery/Sourcery_G++_Lite/bin/../lib/gcc/arm-none-eabi/4.4.1/../../../../arm-none-eabi/lib/thumb2/libm.a(lib_a-sf_atan.o)
                0x080178b8                atanf
 .text          0x08017af4        0x8 /home/laurence/CodeSourcery/Sourcery_G++_Lite/bin/../lib/gcc/arm-none-eabi/4.4.1/../../../../arm-none-eabi/lib/thumb2/libm.a(lib_a-sf_fabs.o)
                0x08017af4                fabsf
 .text          0x08017afc       0x10 /home/laurence/CodeSourcery/Sourcery_G++_Lite/bin/../lib/gcc/arm-none-eabi/4.4.1/../../../../arm-none-eabi/lib/thumb2/libm.a(lib_a-sf_isnan.o)
                0x08017afc                isnanf
 .text          0x08017b0c       0x18 /home/laurence/CodeSourcery/Sourcery_G++_Lite/bin/../lib/gcc/arm-none-eabi/4.4.1/../../../../arm-none-eabi/lib/thumb2/libm.a(lib_a-s_copysign.o)
                0x08017b0c                copysign
 *fill*         0x08017b24        0x4 00
 .text          0x08017b28      0x2b0 /home/laurence/CodeSourcery/Sourcery_G++_Lite/bin/../lib/gcc/arm-none-eabi/4.4.1/thumb2/libgcc.a(_divsi3.o)
                0x08017b28                __aeabi_idiv
                0x08017b28                __divsi3
                0x08017dbc                __aeabi_idivmod
 .text          0x08017dd8        0x4 /home/laurence/CodeSourcery/Sourcery_G++_Lite/bin/../lib/gcc/arm-none-eabi/4.4.1/thumb2/libgcc.a(_dvmd_tls.o)
                0x08017dd8                __aeabi_ldiv0
                0x08017dd8                __aeabi_idiv0
 .text          0x08017ddc      0x370 /home/laurence/CodeSourcery/Sourcery_G++_Lite/bin/../lib/gcc/arm-none-eabi/4.4.1/thumb2/libgcc.a(_arm_addsubdf3.o)
                0x08017ddc                __aeabi_drsub
                0x08017de4                __aeabi_dsub
                0x08017de4                __subdf3
                0x08017de8                __adddf3
                0x08017de8                __aeabi_dadd
                0x08018060                __aeabi_ui2d
                0x08018060                __floatunsidf
                0x08018080                __floatsidf
                0x08018080                __aeabi_i2d
                0x080180a4                __extendsfdf2
                0x080180a4                __aeabi_f2d
                0x080180e0                __aeabi_ul2d
                0x080180e0                __floatundidf
                0x080180f0                __floatdidf
                0x080180f0                __aeabi_l2d
 .text          0x0801814c      0x424 /home/laurence/CodeSourcery/Sourcery_G++_Lite/bin/../lib/gcc/arm-none-eabi/4.4.1/thumb2/libgcc.a(_arm_muldivdf3.o)
                0x0801814c                __aeabi_dmul
                0x0801814c                __muldf3
                0x080183a0                __aeabi_ddiv
                0x080183a0                __divdf3
 .text          0x08018570      0x110 /home/laurence/CodeSourcery/Sourcery_G++_Lite/bin/../lib/gcc/arm-none-eabi/4.4.1/thumb2/libgcc.a(_arm_cmpdf2.o)
                0x08018570                __gtdf2
                0x08018570                __gedf2
                0x08018578                __ltdf2
                0x08018578                __ledf2
                0x08018580                __cmpdf2
                0x08018580                __eqdf2
                0x08018580                __nedf2
                0x080185fc                __aeabi_cdrcmple
                0x0801860c                __aeabi_cdcmple
                0x0801860c                __aeabi_cdcmpeq
                0x0801861c                __aeabi_dcmpeq
                0x08018630                __aeabi_dcmplt
                0x08018644                __aeabi_dcmple
                0x08018658                __aeabi_dcmpge
                0x0801866c                __aeabi_dcmpgt
 .text          0x08018680       0x50 /home/laurence/CodeSourcery/Sourcery_G++_Lite/bin/../lib/gcc/arm-none-eabi/4.4.1/thumb2/libgcc.a(_arm_fixdfsi.o)
                0x08018680                __fixdfsi
                0x08018680                __aeabi_d2iz
 .text          0x080186d0       0x40 /home/laurence/CodeSourcery/Sourcery_G++_Lite/bin/../lib/gcc/arm-none-eabi/4.4.1/thumb2/libgcc.a(_arm_fixunsdfsi.o)
                0x080186d0                __fixunsdfsi
                0x080186d0                __aeabi_d2uiz
 .text          0x08018710       0xa0 /home/laurence/CodeSourcery/Sourcery_G++_Lite/bin/../lib/gcc/arm-none-eabi/4.4.1/thumb2/libgcc.a(_arm_truncdfsf2.o)
                0x08018710                __aeabi_d2f
                0x08018710                __truncdfsf2
 .text          0x080187b0      0x21c /home/laurence/CodeSourcery/Sourcery_G++_Lite/bin/../lib/gcc/arm-none-eabi/4.4.1/thumb2/libgcc.a(_arm_addsubsf3.o)
                0x080187b0                __aeabi_frsub
                0x080187b8                __subsf3
                0x080187b8                __aeabi_fsub
                0x080187bc                __aeabi_fadd
                0x080187bc                __addsf3
                0x0801891c                __aeabi_ui2f
                0x0801891c                __floatunsisf
                0x08018924                __aeabi_i2f
                0x08018924                __floatsisf
                0x08018940                __floatundisf
                0x08018940                __aeabi_ul2f
                0x08018950                __floatdisf
                0x08018950                __aeabi_l2f
 .text          0x080189cc      0x2a0 /home/laurence/CodeSourcery/Sourcery_G++_Lite/bin/../lib/gcc/arm-none-eabi/4.4.1/thumb2/libgcc.a(_arm_muldivsf3.o)
                0x080189cc                __mulsf3
                0x080189cc                __aeabi_fmul
                0x08018b34                __divsf3
                0x08018b34                __aeabi_fdiv
 .text          0x08018c6c       0xec /home/laurence/CodeSourcery/Sourcery_G++_Lite/bin/../lib/gcc/arm-none-eabi/4.4.1/thumb2/libgcc.a(_arm_cmpsf2.o)
                0x08018c6c                __gtsf2
                0x08018c6c                __gesf2
                0x08018c74                __lesf2
                0x08018c74                __ltsf2
                0x08018c7c                __nesf2
                0x08018c7c                __eqsf2
                0x08018c7c                __cmpsf2
                0x08018cdc                __aeabi_cfrcmple
                0x08018ce4                __aeabi_cfcmple
                0x08018ce4                __aeabi_cfcmpeq
                0x08018cf4                __aeabi_fcmpeq
                0x08018d08                __aeabi_fcmplt
                0x08018d1c                __aeabi_fcmple
                0x08018d30                __aeabi_fcmpge
                0x08018d44                __aeabi_fcmpgt
 .text          0x08018d58       0x4c /home/laurence/CodeSourcery/Sourcery_G++_Lite/bin/../lib/gcc/arm-none-eabi/4.4.1/thumb2/libgcc.a(_arm_fixsfsi.o)
                0x08018d58                __fixsfsi
                0x08018d58                __aeabi_f2iz
 .text          0x08018da4       0x40 /home/laurence/CodeSourcery/Sourcery_G++_Lite/bin/../lib/gcc/arm-none-eabi/4.4.1/thumb2/libgcc.a(_arm_fixunssfsi.o)
                0x08018da4                __aeabi_f2uiz
                0x08018da4                __fixunssfsi
 .text          0x08018de4       0x38 /home/laurence/CodeSourcery/Sourcery_G++_Lite/bin/../lib/gcc/arm-none-eabi/4.4.1/thumb2/libgcc.a(_aeabi_ldivmod.o)
                0x08018de4                __aeabi_ldivmod
 .text          0x08018e1c       0x2c /home/laurence/CodeSourcery/Sourcery_G++_Lite/bin/../lib/gcc/arm-none-eabi/4.4.1/thumb2/libgcc.a(_fixsfdi.o)
                0x08018e1c                __aeabi_f2lz
                0x08018e1c                __fixsfdi
 .text          0x08018e48       0x48 /home/laurence/CodeSourcery/Sourcery_G++_Lite/bin/../lib/gcc/arm-none-eabi/4.4.1/thumb2/libgcc.a(_fixunssfdi.o)
                0x08018e48                __aeabi_f2ulz
                0x08018e48                __fixunssfdi
 .text          0x08018e90       0x58 /home/laurence/CodeSourcery/Sourcery_G++_Lite/bin/../lib/gcc/arm-none-eabi/4.4.1/thumb2/libgcc.a(bpabi.o)
                0x08018e90                __gnu_uldivmod_helper
                0x08018ebc                __gnu_ldivmod_helper
 .text          0x08018ee8      0x364 /home/laurence/CodeSourcery/Sourcery_G++_Lite/bin/../lib/gcc/arm-none-eabi/4.4.1/thumb2/libgcc.a(_divdi3.o)
                0x08018ee8                __divdi3
 .text          0x0801924c      0x300 /home/laurence/CodeSourcery/Sourcery_G++_Lite/bin/../lib/gcc/arm-none-eabi/4.4.1/thumb2/libgcc.a(_udivdi3.o)
                0x0801924c                __udivdi3
 *fill*         0x0801954c        0x4 00
 .text          0x08019550      0x278 /home/laurence/CodeSourcery/Sourcery_G++_Lite/bin/../lib/gcc/arm-none-eabi/4.4.1/thumb2/libgcc.a(_udivsi3.o)
                0x08019550                __udivsi3
                0x08019550                __aeabi_uidiv
                0x080197ac                __aeabi_uidivmod
 .text          0x080197c8        0xc /home/laurence/CodeSourcery/Sourcery_G++_Lite/bin/../lib/gcc/arm-none-eabi/4.4.1/../../../../arm-none-eabi/lib/thumb2/libc.a(lib_a-errno.o)
                0x080197c8                __errno
 .text          0x080197d4       0x20 /home/laurence/CodeSourcery/Sourcery_G++_Lite/bin/../lib/gcc/arm-none-eabi/4.4.1/../../../../arm-none-eabi/lib/thumb2/libc.a(lib_a-malloc.o)
                0x080197d4                free
                0x080197e4                malloc
 .text          0x080197f4      0x5a4 /home/laurence/CodeSourcery/Sourcery_G++_Lite/bin/../lib/gcc/arm-none-eabi/4.4.1/../../../../arm-none-eabi/lib/thumb2/libc.a(lib_a-mallocr.o)
                0x080197f4                _malloc_r
 .text          0x08019d98      0x190 /home/laurence/CodeSourcery/Sourcery_G++_Lite/bin/../lib/gcc/arm-none-eabi/4.4.1/../../../../arm-none-eabi/lib/thumb2/libc.a(lib_a-memcpy.o)
                0x08019d98                memcpy
 .text          0x08019f28       0xd4 /home/laurence/CodeSourcery/Sourcery_G++_Lite/bin/../lib/gcc/arm-none-eabi/4.4.1/../../../../arm-none-eabi/lib/thumb2/libc.a(lib_a-memset.o)
                0x08019f28                memset
 .text          0x08019ffc        0x8 /home/laurence/CodeSourcery/Sourcery_G++_Lite/bin/../lib/gcc/arm-none-eabi/4.4.1/../../../../arm-none-eabi/lib/thumb2/libc.a(lib_a-mlock.o)
                0x08019ffc                __malloc_lock
                0x0801a000                __malloc_unlock
 *fill*         0x0801a004        0x4 00
 .text          0x0801a008      0x108 /home/laurence/CodeSourcery/Sourcery_G++_Lite/bin/../lib/gcc/arm-none-eabi/4.4.1/../../../../arm-none-eabi/lib/thumb2/libc.a(lib_a-rand.o)
                0x0801a008                rand
                0x0801a0b0                srand
 .text          0x0801a110       0x28 /home/laurence/CodeSourcery/Sourcery_G++_Lite/bin/../lib/gcc/arm-none-eabi/4.4.1/../../../../arm-none-eabi/lib/thumb2/libc.a(lib_a-sbrkr.o)
                0x0801a110                _sbrk_r
 .text          0x0801a138       0xbc /home/laurence/CodeSourcery/Sourcery_G++_Lite/bin/../lib/gcc/arm-none-eabi/4.4.1/../../../../arm-none-eabi/lib/thumb2/libc.a(lib_a-strcpy.o)
                0x0801a138                strcpy
 .text          0x0801a1f4      0x268 /home/laurence/CodeSourcery/Sourcery_G++_Lite/bin/../lib/gcc/arm-none-eabi/4.4.1/../../../../arm-none-eabi/lib/thumb2/libc.a(lib_a-freer.o)
                0x0801a1f4                _malloc_trim_r
                0x0801a29c                _free_r
 .text          0x0801a45c       0x30 /home/laurence/CodeSourcery/Sourcery_G++_Lite/bin/../lib/gcc/arm-none-eabi/4.4.1/../../../../arm-none-eabi/lib/thumb2/libcs3.a(start_c.o)
                0x0801a45c                __cs3_premain
 .text.cs3.init
                0x0801a48c       0x5c /home/laurence/CodeSourcery/Sourcery_G++_Lite/bin/../lib/gcc/arm-none-eabi/4.4.1/../../../../arm-none-eabi/lib/thumb2/libcs3.a(start_c.o)
                0x0801a48c                __cs3_start_c
 .text          0x0801a4e8       0x44 /home/laurence/CodeSourcery/Sourcery_G++_Lite/bin/../lib/gcc/arm-none-eabi/4.4.1/../../../../arm-none-eabi/lib/thumb2/libcs3unhosted.a(unhosted-sbrk.o)
                0x0801a4e8                _sbrk
 .text.cs3.init
                0x0801a52c       0x10 /home/laurence/CodeSourcery/Sourcery_G++_Lite/bin/../lib/gcc/arm-none-eabi/4.4.1/../../../../arm-none-eabi/lib/thumb2/libcs3unhosted.a(unhosted-start.o)
                0x0801a52c                _start
 .text          0x0801a53c        0x2 lib/libcs3-lanchon-stm32.a(lanchon_stm32_isr_interrupt.o)
                0x0801a53c                MemManageException
                0x0801a53c                BusFaultException
                0x0801a53c                DMAChannel7_IRQHandler
                0x0801a53c                DebugMonitor
                0x0801a53c                SVCHandler
                0x0801a53c                HardFaultException
                0x0801a53c                __STM32ReservedException8
                0x0801a53c                USB_HP_CAN_TX_IRQHandler
                0x0801a53c                __STM32DefaultExceptionHandler
                0x0801a53c                DMAChannel1_IRQHandler
                0x0801a53c                CAN_SCE_IRQHandler
                0x0801a53c                __STM32ReservedException10
                0x0801a53c                __STM32ReservedException13
                0x0801a53c                NMIException
                0x0801a53c                DMAChannel4_IRQHandler
                0x0801a53c                SysTickHandler
                0x0801a53c                PendSVC
                0x0801a53c                CAN_RX1_IRQHandler
                0x0801a53c                ADC_IRQHandler
                0x0801a53c                DMAChannel5_IRQHandler
                0x0801a53c                DMAChannel2_IRQHandler
                0x0801a53c                USB_LP_CAN_RX0_IRQHandler
                0x0801a53c                __STM32ReservedException7
                0x0801a53c                UsageFaultException
                0x0801a53c                DMAChannel6_IRQHandler
                0x0801a53c                DMAChannel3_IRQHandler
                0x0801a53c                __STM32ReservedException9
 *fill*         0x0801a53e        0x2 00
 .text          0x0801a540       0x50 /home/laurence/CodeSourcery/Sourcery_G++_Lite/bin/../lib/gcc/arm-none-eabi/4.4.1/../../../../arm-none-eabi/lib/thumb2/libc.a(lib_a-init.o)
                0x0801a540                __libc_init_array
 *(.plt)
 *(.gnu.warning)
 *(.glue_7t)
 .glue_7t       0x00000000        0x0 linker stubs
 *(.glue_7)
 .glue_7        0x00000000        0x0 linker stubs
 *(.vfp11_veneer)
 .vfp11_veneer  0x00000000        0x0 linker stubs
 *(.rodata .rodata.* .gnu.linkonce.r.*)
 .rodata        0x0801a590      0x888 Sensors/earth_field.o
 .rodata.str1.1
                0x0801ae18        0x9 Sensors/earth_field.o
 *fill*         0x0801ae21        0x3 00
 .rodata        0x0801ae24       0x9c Sensors/sensorcal.o
                0x0801ae24                Acc_Cal_Dat
                0x0801ae58                Mag_Cal_Dat
                0x0801ae8c                Gyr_Cal_Dat
 .rodata        0x0801aec0       0xc4 Sensors/ubx.o
 .rodata.str1.1
                0x0801af84      0x13b Sensors/ubx.o
 .rodata.str1.1
                0x0801b0bf        0xf Util/Fatfs/ff.o
 *fill*         0x0801b0ce        0x2 00
 .rodata        0x0801b0d0        0xc Util/Fatfs/rtc.o
 *fill*         0x0801b0dc        0x4 00
 .rodata        0x0801b0e0      0x1d8 Util/RF22/RF22.o
                0x0801b0e0                _ZTV4RF22
 .rodata._ZTV12RF22Datagram
                0x0801b2b8       0x10 Util/RF22/RF22Datagram.o
                0x0801b2b8                _ZTV12RF22Datagram
 .rodata        0x0801b2c8       0x20 Util/RF22/RF22Mesh.o
                0x0801b2c8                _ZTV8RF22Mesh
 .rodata._ZTV20RF22ReliableDatagram
                0x0801b2e8       0x10 Util/RF22/RF22ReliableDatagram.o
                0x0801b2e8                _ZTV20RF22ReliableDatagram
 .rodata        0x0801b2f8       0x18 Util/RF22/RF22Router.o
                0x0801b2f8                _ZTV10RF22Router
 .rodata        0x0801b310      0x100 Util/crc.o
 .rodata        0x0801b410       0x14 Util/rprintf.o
 .rodata.str1.1
                0x0801b424        0x6 Util/rprintf.o
 *fill*         0x0801b42a        0x2 00
 .rodata        0x0801b42c       0x44 Util/uavtalk.o
                0x0801b42c                UAVtalk_objects
                0x0801b44c                UAVtalk_lenghts
                0x0801b454                UAVtalk_stream_objs
                0x0801b45c                UAVtalk_stream_types
                0x0801b464                UAVtalk_stream_timeouts
 .rodata        0x0801b470       0x20 i2c_int.o
                0x0801b470                Magno_config
                0x0801b474                Magno_single
                0x0801b478                Bmp_temperature
                0x0801b47c                Bmp_pressure
                0x0801b480                Accel_config
                0x0801b484                Gyro_config
                0x0801b488                Gyro_clk_config
                0x0801b48c                Pitot_conv
 .rodata        0x0801b490       0x14 lib/CMSIS_CM3/system_stm32f10x.o
                0x0801b490                SystemFrequency
                0x0801b494                SystemFrequency_SysClk
                0x0801b498                SystemFrequency_AHBClk
                0x0801b49c                SystemFrequency_APB1Clk
                0x0801b4a0                SystemFrequency_APB2Clk
 .rodata.str1.1
                0x0801b4a4      0x396 main.o
 *fill*         0x0801b83a        0x2 00
 .rodata.str1.4
                0x0801b83c        0x5 /home/laurence/CodeSourcery/Sourcery_G++_Lite/bin/../lib/gcc/arm-none-eabi/4.4.1/../../../../arm-none-eabi/lib/thumb2/libm.a(lib_a-w_asin.o)
                                  0xc (size before relaxing)
 *fill*         0x0801b841        0x3 00
 .rodata.str1.4
                0x0801b844        0x4 /home/laurence/CodeSourcery/Sourcery_G++_Lite/bin/../lib/gcc/arm-none-eabi/4.4.1/../../../../arm-none-eabi/lib/thumb2/libm.a(lib_a-w_pow.o)
 .rodata.str1.4
                0x0801b848        0x5 /home/laurence/CodeSourcery/Sourcery_G++_Lite/bin/../lib/gcc/arm-none-eabi/4.4.1/../../../../arm-none-eabi/lib/thumb2/libm.a(lib_a-w_sqrt.o)
                                  0x8 (size before relaxing)
 *fill*         0x0801b84d        0x3 00
 .rodata.str1.4
                0x0801b850        0x6 /home/laurence/CodeSourcery/Sourcery_G++_Lite/bin/../lib/gcc/arm-none-eabi/4.4.1/../../../../arm-none-eabi/lib/thumb2/libm.a(lib_a-wf_asin.o)
                                  0xc (size before relaxing)
 *fill*         0x0801b856        0x2 00
 .rodata        0x0801b858       0x30 /home/laurence/CodeSourcery/Sourcery_G++_Lite/bin/../lib/gcc/arm-none-eabi/4.4.1/../../../../arm-none-eabi/lib/thumb2/libm.a(lib_a-e_pow.o)
 .rodata.str1.4
                0x00000000        0x4 /home/laurence/CodeSourcery/Sourcery_G++_Lite/bin/../lib/gcc/arm-none-eabi/4.4.1/../../../../arm-none-eabi/lib/thumb2/libm.a(lib_a-e_pow.o)
 .rodata        0x0801b888      0x188 /home/laurence/CodeSourcery/Sourcery_G++_Lite/bin/../lib/gcc/arm-none-eabi/4.4.1/../../../../arm-none-eabi/lib/thumb2/libm.a(lib_a-e_rem_pio2.o)
 .rodata        0x0801ba10       0x50 /home/laurence/CodeSourcery/Sourcery_G++_Lite/bin/../lib/gcc/arm-none-eabi/4.4.1/../../../../arm-none-eabi/lib/thumb2/libm.a(lib_a-k_rem_pio2.o)
 .rodata        0x0801ba60       0x40 /home/laurence/CodeSourcery/Sourcery_G++_Lite/bin/../lib/gcc/arm-none-eabi/4.4.1/../../../../arm-none-eabi/lib/thumb2/libm.a(lib_a-s_atan.o)
 .rodata        0x0801baa0       0x10 /home/laurence/CodeSourcery/Sourcery_G++_Lite/bin/../lib/gcc/arm-none-eabi/4.4.1/../../../../arm-none-eabi/lib/thumb2/libm.a(lib_a-s_rint.o)
 .rodata        0x0801bab0       0x20 /home/laurence/CodeSourcery/Sourcery_G++_Lite/bin/../lib/gcc/arm-none-eabi/4.4.1/../../../../arm-none-eabi/lib/thumb2/libm.a(lib_a-sf_atan.o)
 .rodata.str1.4
                0x0801bad0        0x4 /home/laurence/CodeSourcery/Sourcery_G++_Lite/bin/../lib/gcc/arm-none-eabi/4.4.1/../../../../arm-none-eabi/lib/thumb2/libc.a(lib_a-impure.o)
 *(.ARM.extab* .gnu.linkonce.armextab.*)
 *(.gcc_except_table)
 *(.eh_frame_hdr)
 *(.eh_frame)
                0x0801bad4                . = ALIGN (0x4)
 *(.init)
 .init          0x0801bad4        0x4 /home/laurence/CodeSourcery/Sourcery_G++_Lite/bin/../lib/gcc/arm-none-eabi/4.4.1/thumb2/crti.o
                0x0801bad4                _init
 .init          0x0801bad8        0x8 /home/laurence/CodeSourcery/Sourcery_G++_Lite/bin/../lib/gcc/arm-none-eabi/4.4.1/thumb2/crtn.o
                0x0801bae0                . = ALIGN (0x4)
                0x0801bae0                __preinit_array_start = .
 *(.preinit_array)
                0x0801bae0                __preinit_array_end = .
                0x0801bae0                . = ALIGN (0x4)
                0x0801bae0                __init_array_start = .
 *(SORT(.init_array.*))
 *(.init_array)
 .init_array    0x0801bae0        0x4 /home/laurence/CodeSourcery/Sourcery_G++_Lite/bin/../lib/gcc/arm-none-eabi/4.4.1/thumb2/crtbegin.o
 .init_array    0x0801bae4        0x4 Util/RF22/ctocpp.o
                0x0801bae8                __init_array_end = .
                0x0801bae8                . = ALIGN (0x4)
 *crtbegin.o(.ctors)
 *(EXCLUDE_FILE(*crtend.o) .ctors)
 *(SORT(.ctors.*))
 *crtend.o(.ctors)
                0x0801bae8                . = ALIGN (0x4)
 *(.fini)
 .fini          0x0801bae8        0x4 /home/laurence/CodeSourcery/Sourcery_G++_Lite/bin/../lib/gcc/arm-none-eabi/4.4.1/thumb2/crti.o
                0x0801bae8                _fini
 .fini          0x0801baec        0x8 /home/laurence/CodeSourcery/Sourcery_G++_Lite/bin/../lib/gcc/arm-none-eabi/4.4.1/thumb2/crtn.o
                0x0801baf4                . = ALIGN (0x4)
                0x0801baf4                __fini_array_start = .
 *(.fini_array)
 .fini_array    0x0801baf4        0x4 /home/laurence/CodeSourcery/Sourcery_G++_Lite/bin/../lib/gcc/arm-none-eabi/4.4.1/thumb2/crtbegin.o
 *(SORT(.fini_array.*))
                0x0801baf8                __fini_array_end = .
 *crtbegin.o(.dtors)
 *(EXCLUDE_FILE(*crtend.o) .dtors)
 *(SORT(.dtors.*))
 *crtend.o(.dtors)
                0x0801baf8                . = ALIGN (0x4)
                0x0801baf8                __cs3_regions = .
                0x0801baf8        0x4 LONG 0x0
                0x0801bafc        0x4 LONG 0x801bb18 __cs3_region_init_ram
                0x0801bb00        0x4 LONG 0x20000000 __cs3_region_start_ram
                0x0801bb04        0x4 LONG 0x680 __cs3_region_init_size_ram
                0x0801bb08        0x4 LONG 0x1b10 __cs3_region_zero_size_ram
                0x0801bb0c                __exidx_start = .

.v4_bx          0x0801bb0c        0x0
 .v4_bx         0x00000000        0x0 linker stubs

.ARM.exidx      0x0801bb0c        0x8
 *(.ARM.exidx* .gnu.linkonce.armexidx.*)
 .ARM.exidx     0x0801bb0c        0x8 /home/laurence/CodeSourcery/Sourcery_G++_Lite/bin/../lib/gcc/arm-none-eabi/4.4.1/thumb2/libgcc.a(_divdi3.o)
 .ARM.exidx     0x0801bb14        0x0 /home/laurence/CodeSourcery/Sourcery_G++_Lite/bin/../lib/gcc/arm-none-eabi/4.4.1/thumb2/libgcc.a(_udivdi3.o)
                                  0x8 (size before relaxing)
                0x0801bb14                __exidx_end = .

.text.align     0x0801bb14        0x4
                0x0801bb18                . = ALIGN (0x8)
 *fill*         0x0801bb14        0x4 00
                0x0801bb18                _etext = .
                0x08020000                __cs3_region_end_rom = (__cs3_region_start_rom + 0x20000)
                0x00020000                __cs3_region_size_rom = 0x20000
                0x00000001                __cs3_region_num = 0x1

.data           0x20000000      0x680 load address 0x0801bb18
                0x20000000                __cs3_region_start_ram = .
 *(.cs3.region-head.ram)
 *(.jcr)
 .jcr           0x20000000        0x0 /home/laurence/CodeSourcery/Sourcery_G++_Lite/bin/../lib/gcc/arm-none-eabi/4.4.1/thumb2/crtbegin.o
 .jcr           0x20000000        0x4 /home/laurence/CodeSourcery/Sourcery_G++_Lite/bin/../lib/gcc/arm-none-eabi/4.4.1/thumb2/crtend.o
 *(.got.plt)
 *(.got)
 *(.shdata)
 *(.data .data.* .gnu.linkonce.d.*)
 .data          0x20000004        0x1 Util/Fatfs/sd_spi_stm32.o
 *fill*         0x20000005        0x3 00
 .data          0x20000008       0x28 Util/uavtalk.o
                0x20000008                UAVtalk_conf
 .data          0x20000030       0x78 i2c_int.o
                0x20000030                I2C_jobs
 .data          0x200000a8        0x4 Control/ekf.o
                0x200000a8                Ge
 .data          0x200000ac       0xb0 Control/imu.o
 .data          0x2000015c       0x14 lib/STM32F10x_StdPeriph_Driver/libstm32fw.a(stm32f10x_rcc.o)
 .data          0x20000170        0x1 /home/laurence/CodeSourcery/Sourcery_G++_Lite/bin/../lib/gcc/arm-none-eabi/4.4.1/../../../../arm-none-eabi/lib/thumb2/libm.a(lib_a-s_lib_ver.o)
                0x20000170                __fdlib_version
 *fill*         0x20000171        0x3 00
 .data          0x20000174       0xf4 /home/laurence/CodeSourcery/Sourcery_G++_Lite/bin/../lib/gcc/arm-none-eabi/4.4.1/../../../../arm-none-eabi/lib/thumb2/libc.a(lib_a-impure.o)
                0x20000174                _impure_ptr
 .data          0x20000268      0x410 /home/laurence/CodeSourcery/Sourcery_G++_Lite/bin/../lib/gcc/arm-none-eabi/4.4.1/../../../../arm-none-eabi/lib/thumb2/libc.a(lib_a-mallocr.o)
                0x20000268                __malloc_av_
                0x20000670                __malloc_sbrk_base
                0x20000674                __malloc_trim_threshold
 .data          0x20000678        0x4 /home/laurence/CodeSourcery/Sourcery_G++_Lite/bin/../lib/gcc/arm-none-eabi/4.4.1/../../../../arm-none-eabi/lib/thumb2/libcs3unhosted.a(unhosted-sbrk.o)
 .data          0x2000067c        0x4 /home/laurence/CodeSourcery/Sourcery_G++_Lite/bin/../lib/gcc/arm-none-eabi/4.4.1/../../../../arm-none-eabi/lib/thumb2/libcs3.a(heap.o)
                0x2000067c                __cs3_heap_limit
 *(.ram)
                0x20000680                . = ALIGN (0x8)
                0x20000680                _edata = .

.bss            0x20000680     0x1b10 load address 0x0801c198
 *(.shbss)
 *(.bss .bss.* .gnu.linkonce.b.*)
 .bss           0x20000680        0x1 /home/laurence/CodeSourcery/Sourcery_G++_Lite/bin/../lib/gcc/arm-none-eabi/4.4.1/thumb2/crtbegin.o
 *fill*         0x20000681        0x3 00
 .bss           0x20000684       0x24 Sensors/accel_down.o
                0x200006a0                Accel_Data_Buffer
 .bss           0x200006a8       0x28 Sensors/bmp085.o
                0x200006a8                Sea_Level_Pressure
                0x200006ac                Our_Sensorcal
                0x200006c4                Bmp_temp
                0x200006c8                Bmp_Temp_Buffer
                0x200006cc                Bmp_Press_Buffer
 .bss           0x200006d0        0xc Sensors/earth_field.o
 .bss           0x200006dc        0x4 Sensors/pitot.o
                0x200006dc                Pitot_Pressure
 .bss           0x200006e0        0xa Sensors/ubx.o
 *fill*         0x200006ea        0x2 00
 .bss           0x200006ec        0x8 Util/Fatfs/ff.o
 .bss           0x200006f4       0x10 Util/Fatfs/sd_spi_stm32.o
 .bss           0x20000704        0x8 Util/RF22/RF22.o
                0x20000704                _ZN4RF2217_RF22ForInterruptE
 .bss           0x2000070c       0x3c Util/RF22/RF22Mesh.o
                0x2000070c                _ZN8RF22Mesh11_tmpMessageE
 .bss           0x20000748       0x40 Util/RF22/RF22Router.o
                0x20000748                _ZN10RF22Router11_tmpMessageE
 .bss           0x20000788      0x180 Util/RF22/ctocpp.o
                0x20000788                rf22
 .bss           0x20000908       0x84 Util/rprintf.o
 .bss           0x2000098c       0x44 Util/uavtalk.o
                0x20000998                UAVtalk_semaphores
                0x200009a0                UAVtalk_pointers
                0x200009c0                UAVtalk_stream_timers
 .bss           0x200009d0       0x10 i2c_int.o
                0x200009d0                Jobs
                0x200009d4                I2C1error
                0x200009d6                job
                0x200009dc                Completed_Jobs
 .bss           0x200009e0        0xc interrupts.o
 .bss           0x200009ec      0x9cc main.o
                0x200009ec                Gps_Buffer
                0x20000af4                Millis
                0x20000af8                Gps
                0x20000b2c                Home_Position
                0x20000b7c                Long_To_Meters_Home
                0x20000db0                f_err_code
                0x20000db1                Spi_Locked
                0x20000db4                FATFS_logfile
                0x20000fd8                Kalman_Enabled
                0x20000fdc                Si4432_buff
                0x200010e4                UAVtalk_Attitude_Array
                0x20001100                Nav_Global
                0x20001134                UAVtalk_Altitude_Array
                0x20001140                Waypoint_Global
                0x2000114c                uavtalk_usart_port
                0x200011e0                Usart1tx
                0x200012e8                Nav_Flag
                0x200012e9                New_Waypoint_Flagged
                0x200012ec                uavtalk_si4432_port
                0x20001380                Ground_Flag
                0x20001384                Balt
                0x20001388                GCS_Telem
                0x200013a0                Flight_Telem
 .bss           0x200013b8       0x1c pwm.o
                0x200013b8                TIM_TimeBaseStructure
                0x200013c4                TIM_OCInitStructure
 .bss           0x200013d4      0x104 usart.o
                0x200013d4                Usart1_rx_buff
 .bss           0x200014d8      0xbf8 Control/ekf.o
                0x200014d8                Be
                0x200014e4                P
                0x20001788                X
                0x200017bc                Q
                0x200017e0                R
                0x20001808                F
                0x20001aac                G
                0x20001c80                K
                0x20001e88                H
                0x20002090                Nav
                0x200020c4                zeros
 .bss           0x200020d0       0x84 Control/imu.o
                0x200020d0                Accel_Access_Flag
                0x200020e0                Gyro_Data_Buffer
                0x20002128                Magno_Data_Buffer
                0x2000214c                Accel_Data_Vector
 .bss           0x20002154       0x34 /home/laurence/CodeSourcery/Sourcery_G++_Lite/bin/../lib/gcc/arm-none-eabi/4.4.1/../../../../arm-none-eabi/lib/thumb2/libc.a(lib_a-mallocr.o)
                0x20002154                __malloc_top_pad
                0x20002158                __malloc_current_mallinfo
                0x20002180                __malloc_max_sbrked_mem
                0x20002184                __malloc_max_total_mem
 *(COMMON)
 COMMON         0x20002188        0x4 /home/laurence/CodeSourcery/Sourcery_G++_Lite/bin/../lib/gcc/arm-none-eabi/4.4.1/../../../../arm-none-eabi/lib/thumb2/libc.a(lib_a-reent.o)
                0x20002188                errno
 *(.ram.b)
                0x20002190                . = ALIGN (0x8)
 *fill*         0x2000218c        0x4 00
                0x20002190                _end = .
                0x20002190                __end = .
                0x20005000                __cs3_region_end_ram = (__cs3_region_start_ram + 0x5000)
                0x00005000                __cs3_region_size_ram = 0x5000
                0x0801bb18                __cs3_region_init_ram = LOADADDR (.data)
                0x00000680                __cs3_region_init_size_ram = (_edata - ADDR (.data))
                0x00001b10                __cs3_region_zero_size_ram = (_end - _edata)
                0x00000001                __cs3_region_num = 0x1

.stab
 *(.stab)

.stabstr
 *(.stabstr)

.debug
 *(.debug)

.line
 *(.line)

.debug_srcinfo
 *(.debug_srcinfo)

.debug_sfnames
 *(.debug_sfnames)

.debug_aranges
 *(.debug_aranges)

.debug_pubnames
 *(.debug_pubnames)

.debug_info
 *(.debug_info .gnu.linkonce.wi.*)

.debug_abbrev
 *(.debug_abbrev)

.debug_line
 *(.debug_line)

.comment        0x00000000      0x891
 .comment       0x00000000       0x2b Sensors/accel_down.o
 .comment       0x0000002b       0x2b Sensors/bmp085.o
 .comment       0x00000056       0x2b Sensors/earth_field.o
 .comment       0x00000081       0x2b Sensors/pitot.o
 .comment       0x000000ac       0x2b Sensors/sensorcal.o
 .comment       0x000000d7       0x2b Sensors/ubx.o
 .comment       0x00000102       0x2b Util/Fatfs/fattime.o
 .comment       0x0000012d       0x2b Util/Fatfs/ff.o
 .comment       0x00000158       0x2b Util/Fatfs/rtc.o
 .comment       0x00000183       0x2b Util/Fatfs/sd_spi_stm32.o
 .comment       0x000001ae       0x2b Util/RF22/RF22.o
 .comment       0x000001d9       0x2b Util/RF22/RF22Datagram.o
 .comment       0x00000204       0x2b Util/RF22/RF22Mesh.o
 .comment       0x0000022f       0x2b Util/RF22/RF22ReliableDatagram.o
 .comment       0x0000025a       0x2b Util/RF22/RF22Router.o
 .comment       0x00000285       0x2b Util/RF22/ctocpp.o
 .comment       0x000002b0       0x2b Util/atmospherics.o
 .comment       0x000002db       0x2b Util/coords.o
 .comment       0x00000306       0x2b Util/crc.o
 .comment       0x00000331       0x2b Util/delay.o
 .comment       0x0000035c       0x2b Util/gravity.o
 .comment       0x00000387       0x2b Util/rprintf.o
 .comment       0x000003b2       0x2b Util/time.o
 .comment       0x000003dd       0x2b Util/uavtalk.o
 .comment       0x00000408       0x2b dma.o
 .comment       0x00000433       0x2b gpio.o
 .comment       0x0000045e       0x2b i2c_int.o
 .comment       0x00000489       0x2b interrupts.o
 .comment       0x000004b4       0x2b lib/CMSIS_CM3/core_cm3.o
 .comment       0x000004df       0x2b lib/CMSIS_CM3/system_stm32f10x.o
 .comment       0x0000050a       0x2b main.o
 .comment       0x00000535       0x2b pwm.o
 .comment       0x00000560       0x2b usart.o
 .comment       0x0000058b       0x2b watchdog.o
 .comment       0x000005b6       0x2b Control/ekf.o
 .comment       0x000005e1       0x2b Control/imu.o
 .comment       0x0000060c       0x2b Control/loops.o
 .comment       0x00000637       0x2b Control/servos.o
 .comment       0x00000662       0x2b lib/STM32F10x_StdPeriph_Driver/libstm32fw.a(misc.o)
 .comment       0x0000068d       0x2b lib/STM32F10x_StdPeriph_Driver/libstm32fw.a(stm32f10x_bkp.o)
 .comment       0x000006b8       0x2b lib/STM32F10x_StdPeriph_Driver/libstm32fw.a(stm32f10x_dma.o)
 .comment       0x000006e3       0x2b lib/STM32F10x_StdPeriph_Driver/libstm32fw.a(stm32f10x_exti.o)
 .comment       0x0000070e       0x2b lib/STM32F10x_StdPeriph_Driver/libstm32fw.a(stm32f10x_gpio.o)
 .comment       0x00000739       0x2b lib/STM32F10x_StdPeriph_Driver/libstm32fw.a(stm32f10x_i2c.o)
 .comment       0x00000764       0x2b lib/STM32F10x_StdPeriph_Driver/libstm32fw.a(stm32f10x_iwdg.o)
 .comment       0x0000078f       0x2b lib/STM32F10x_StdPeriph_Driver/libstm32fw.a(stm32f10x_pwr.o)
 .comment       0x000007ba       0x2b lib/STM32F10x_StdPeriph_Driver/libstm32fw.a(stm32f10x_rcc.o)
 .comment       0x000007e5       0x2b lib/STM32F10x_StdPeriph_Driver/libstm32fw.a(stm32f10x_rtc.o)
 .comment       0x00000810       0x2b lib/STM32F10x_StdPeriph_Driver/libstm32fw.a(stm32f10x_spi.o)
 .comment       0x0000083b       0x2b lib/STM32F10x_StdPeriph_Driver/libstm32fw.a(stm32f10x_tim.o)
 .comment       0x00000866       0x2b lib/STM32F10x_StdPeriph_Driver/libstm32fw.a(stm32f10x_usart.o)

.debug_frame    0x00000000      0xa4c
 *(.debug_frame)
 .debug_frame   0x00000000       0x34 /home/laurence/CodeSourcery/Sourcery_G++_Lite/bin/../lib/gcc/arm-none-eabi/4.4.1/../../../../arm-none-eabi/lib/thumb2/libm.a(lib_a-s_cos.o)
 .debug_frame   0x00000034       0x34 /home/laurence/CodeSourcery/Sourcery_G++_Lite/bin/../lib/gcc/arm-none-eabi/4.4.1/../../../../arm-none-eabi/lib/thumb2/libm.a(lib_a-s_floor.o)
 .debug_frame   0x00000068       0x34 /home/laurence/CodeSourcery/Sourcery_G++_Lite/bin/../lib/gcc/arm-none-eabi/4.4.1/../../../../arm-none-eabi/lib/thumb2/libm.a(lib_a-s_sin.o)
 .debug_frame   0x0000009c       0x38 /home/laurence/CodeSourcery/Sourcery_G++_Lite/bin/../lib/gcc/arm-none-eabi/4.4.1/../../../../arm-none-eabi/lib/thumb2/libm.a(lib_a-w_asin.o)
 .debug_frame   0x000000d4       0x20 /home/laurence/CodeSourcery/Sourcery_G++_Lite/bin/../lib/gcc/arm-none-eabi/4.4.1/../../../../arm-none-eabi/lib/thumb2/libm.a(lib_a-w_atan2.o)
 .debug_frame   0x000000f4       0x3c /home/laurence/CodeSourcery/Sourcery_G++_Lite/bin/../lib/gcc/arm-none-eabi/4.4.1/../../../../arm-none-eabi/lib/thumb2/libm.a(lib_a-w_pow.o)
 .debug_frame   0x00000130       0x3c /home/laurence/CodeSourcery/Sourcery_G++_Lite/bin/../lib/gcc/arm-none-eabi/4.4.1/../../../../arm-none-eabi/lib/thumb2/libm.a(lib_a-w_sqrt.o)
 .debug_frame   0x0000016c       0x34 /home/laurence/CodeSourcery/Sourcery_G++_Lite/bin/../lib/gcc/arm-none-eabi/4.4.1/../../../../arm-none-eabi/lib/thumb2/libm.a(lib_a-wf_asin.o)
 .debug_frame   0x000001a0       0x20 /home/laurence/CodeSourcery/Sourcery_G++_Lite/bin/../lib/gcc/arm-none-eabi/4.4.1/../../../../arm-none-eabi/lib/thumb2/libm.a(lib_a-wf_atan2.o)
 .debug_frame   0x000001c0       0x3c /home/laurence/CodeSourcery/Sourcery_G++_Lite/bin/../lib/gcc/arm-none-eabi/4.4.1/../../../../arm-none-eabi/lib/thumb2/libm.a(lib_a-e_asin.o)
 .debug_frame   0x000001fc       0x3c /home/laurence/CodeSourcery/Sourcery_G++_Lite/bin/../lib/gcc/arm-none-eabi/4.4.1/../../../../arm-none-eabi/lib/thumb2/libm.a(lib_a-e_atan2.o)
 .debug_frame   0x00000238       0x3c /home/laurence/CodeSourcery/Sourcery_G++_Lite/bin/../lib/gcc/arm-none-eabi/4.4.1/../../../../arm-none-eabi/lib/thumb2/libm.a(lib_a-e_pow.o)
 .debug_frame   0x00000274       0x3c /home/laurence/CodeSourcery/Sourcery_G++_Lite/bin/../lib/gcc/arm-none-eabi/4.4.1/../../../../arm-none-eabi/lib/thumb2/libm.a(lib_a-e_rem_pio2.o)
 .debug_frame   0x000002b0       0x34 /home/laurence/CodeSourcery/Sourcery_G++_Lite/bin/../lib/gcc/arm-none-eabi/4.4.1/../../../../arm-none-eabi/lib/thumb2/libm.a(lib_a-e_sqrt.o)
 .debug_frame   0x000002e4       0x34 /home/laurence/CodeSourcery/Sourcery_G++_Lite/bin/../lib/gcc/arm-none-eabi/4.4.1/../../../../arm-none-eabi/lib/thumb2/libm.a(lib_a-ef_asin.o)
 .debug_frame   0x00000318       0x2c /home/laurence/CodeSourcery/Sourcery_G++_Lite/bin/../lib/gcc/arm-none-eabi/4.4.1/../../../../arm-none-eabi/lib/thumb2/libm.a(lib_a-ef_atan2.o)
 .debug_frame   0x00000344       0x2c /home/laurence/CodeSourcery/Sourcery_G++_Lite/bin/../lib/gcc/arm-none-eabi/4.4.1/../../../../arm-none-eabi/lib/thumb2/libm.a(lib_a-ef_sqrt.o)
 .debug_frame   0x00000370       0x3c /home/laurence/CodeSourcery/Sourcery_G++_Lite/bin/../lib/gcc/arm-none-eabi/4.4.1/../../../../arm-none-eabi/lib/thumb2/libm.a(lib_a-k_cos.o)
 .debug_frame   0x000003ac       0x3c /home/laurence/CodeSourcery/Sourcery_G++_Lite/bin/../lib/gcc/arm-none-eabi/4.4.1/../../../../arm-none-eabi/lib/thumb2/libm.a(lib_a-k_rem_pio2.o)
 .debug_frame   0x000003e8       0x3c /home/laurence/CodeSourcery/Sourcery_G++_Lite/bin/../lib/gcc/arm-none-eabi/4.4.1/../../../../arm-none-eabi/lib/thumb2/libm.a(lib_a-k_sin.o)
 .debug_frame   0x00000424       0x38 /home/laurence/CodeSourcery/Sourcery_G++_Lite/bin/../lib/gcc/arm-none-eabi/4.4.1/../../../../arm-none-eabi/lib/thumb2/libm.a(lib_a-s_atan.o)
 .debug_frame   0x0000045c       0x20 /home/laurence/CodeSourcery/Sourcery_G++_Lite/bin/../lib/gcc/arm-none-eabi/4.4.1/../../../../arm-none-eabi/lib/thumb2/libm.a(lib_a-s_fabs.o)
 .debug_frame   0x0000047c       0x20 /home/laurence/CodeSourcery/Sourcery_G++_Lite/bin/../lib/gcc/arm-none-eabi/4.4.1/../../../../arm-none-eabi/lib/thumb2/libm.a(lib_a-s_finite.o)
 .debug_frame   0x0000049c       0x20 /home/laurence/CodeSourcery/Sourcery_G++_Lite/bin/../lib/gcc/arm-none-eabi/4.4.1/../../../../arm-none-eabi/lib/thumb2/libm.a(lib_a-s_isnand.o)
 .debug_frame   0x000004bc       0x20 /home/laurence/CodeSourcery/Sourcery_G++_Lite/bin/../lib/gcc/arm-none-eabi/4.4.1/../../../../arm-none-eabi/lib/thumb2/libm.a(lib_a-s_matherr.o)
 .debug_frame   0x000004dc       0x20 /home/laurence/CodeSourcery/Sourcery_G++_Lite/bin/../lib/gcc/arm-none-eabi/4.4.1/../../../../arm-none-eabi/lib/thumb2/libm.a(lib_a-s_nan.o)
 .debug_frame   0x000004fc       0x38 /home/laurence/CodeSourcery/Sourcery_G++_Lite/bin/../lib/gcc/arm-none-eabi/4.4.1/../../../../arm-none-eabi/lib/thumb2/libm.a(lib_a-s_rint.o)
 .debug_frame   0x00000534       0x30 /home/laurence/CodeSourcery/Sourcery_G++_Lite/bin/../lib/gcc/arm-none-eabi/4.4.1/../../../../arm-none-eabi/lib/thumb2/libm.a(lib_a-s_scalbn.o)
 .debug_frame   0x00000564       0x30 /home/laurence/CodeSourcery/Sourcery_G++_Lite/bin/../lib/gcc/arm-none-eabi/4.4.1/../../../../arm-none-eabi/lib/thumb2/libm.a(lib_a-sf_atan.o)
 .debug_frame   0x00000594       0x20 /home/laurence/CodeSourcery/Sourcery_G++_Lite/bin/../lib/gcc/arm-none-eabi/4.4.1/../../../../arm-none-eabi/lib/thumb2/libm.a(lib_a-sf_fabs.o)
 .debug_frame   0x000005b4       0x20 /home/laurence/CodeSourcery/Sourcery_G++_Lite/bin/../lib/gcc/arm-none-eabi/4.4.1/../../../../arm-none-eabi/lib/thumb2/libm.a(lib_a-sf_isnan.o)
 .debug_frame   0x000005d4       0x28 /home/laurence/CodeSourcery/Sourcery_G++_Lite/bin/../lib/gcc/arm-none-eabi/4.4.1/../../../../arm-none-eabi/lib/thumb2/libm.a(lib_a-s_copysign.o)
 .debug_frame   0x000005fc       0x20 /home/laurence/CodeSourcery/Sourcery_G++_Lite/bin/../lib/gcc/arm-none-eabi/4.4.1/thumb2/libgcc.a(_divsi3.o)
 .debug_frame   0x0000061c       0x28 /home/laurence/CodeSourcery/Sourcery_G++_Lite/bin/../lib/gcc/arm-none-eabi/4.4.1/thumb2/libgcc.a(_fixsfdi.o)
 .debug_frame   0x00000644       0x2c /home/laurence/CodeSourcery/Sourcery_G++_Lite/bin/../lib/gcc/arm-none-eabi/4.4.1/thumb2/libgcc.a(_fixunssfdi.o)
 .debug_frame   0x00000670       0x50 /home/laurence/CodeSourcery/Sourcery_G++_Lite/bin/../lib/gcc/arm-none-eabi/4.4.1/thumb2/libgcc.a(bpabi.o)
 .debug_frame   0x000006c0       0x3c /home/laurence/CodeSourcery/Sourcery_G++_Lite/bin/../lib/gcc/arm-none-eabi/4.4.1/thumb2/libgcc.a(_divdi3.o)
 .debug_frame   0x000006fc       0x3c /home/laurence/CodeSourcery/Sourcery_G++_Lite/bin/../lib/gcc/arm-none-eabi/4.4.1/thumb2/libgcc.a(_udivdi3.o)
 .debug_frame   0x00000738       0x20 /home/laurence/CodeSourcery/Sourcery_G++_Lite/bin/../lib/gcc/arm-none-eabi/4.4.1/thumb2/libgcc.a(_udivsi3.o)
 .debug_frame   0x00000758       0x20 /home/laurence/CodeSourcery/Sourcery_G++_Lite/bin/../lib/gcc/arm-none-eabi/4.4.1/../../../../arm-none-eabi/lib/thumb2/libc.a(lib_a-errno.o)