Archive member included because of file (symbol)

lib/STM32F10x_StdPeriph_Driver/libstm32fw.a(misc.o)
                              interrupts.o (NVIC_PriorityGroupConfig)
lib/STM32F10x_StdPeriph_Driver/libstm32fw.a(stm32f10x_adc.o)
                              adc.o (ADC_DeInit)
lib/STM32F10x_StdPeriph_Driver/libstm32fw.a(stm32f10x_bkp.o)
                              Util/Fatfs/rtc.o (BKP_DeInit)
lib/STM32F10x_StdPeriph_Driver/libstm32fw.a(stm32f10x_dma.o)
                              Util/Fatfs/sd_spi_stm32.o (DMA_DeInit)
lib/STM32F10x_StdPeriph_Driver/libstm32fw.a(stm32f10x_exti.o)
                              interrupts.o (EXTI_Init)
lib/STM32F10x_StdPeriph_Driver/libstm32fw.a(stm32f10x_gpio.o)
                              Util/Fatfs/sd_spi_stm32.o (GPIO_Init)
lib/STM32F10x_StdPeriph_Driver/libstm32fw.a(stm32f10x_i2c.o)
                              i2c_int.o (I2C_DeInit)
lib/STM32F10x_StdPeriph_Driver/libstm32fw.a(stm32f10x_iwdg.o)
                              watchdog.o (IWDG_WriteAccessCmd)
lib/STM32F10x_StdPeriph_Driver/libstm32fw.a(stm32f10x_pwr.o)
                              Util/Fatfs/rtc.o (PWR_BackupAccessCmd)
lib/STM32F10x_StdPeriph_Driver/libstm32fw.a(stm32f10x_rcc.o)
                              adc.o (RCC_ADCCLKConfig)
lib/STM32F10x_StdPeriph_Driver/libstm32fw.a(stm32f10x_rtc.o)
                              Util/Fatfs/rtc.o (RTC_GetCounter)
lib/STM32F10x_StdPeriph_Driver/libstm32fw.a(stm32f10x_spi.o)
                              Util/Fatfs/sd_spi_stm32.o (SPI_I2S_DeInit)
lib/STM32F10x_StdPeriph_Driver/libstm32fw.a(stm32f10x_tim.o)
                              pwm.o (TIM_TimeBaseInit)
lib/STM32F10x_StdPeriph_Driver/libstm32fw.a(stm32f10x_usart.o)
                              usart.o (USART_DeInit)
/home/laurence/CodeSourcery/Sourcery_G++_Lite/bin/../lib/gcc/arm-none-eabi/4.5.2/../../../../arm-none-eabi/lib/thumb2/libm.a(lib_a-s_cos.o)
                              Sensors/earth_field.o (cos)
/home/laurence/CodeSourcery/Sourcery_G++_Lite/bin/../lib/gcc/arm-none-eabi/4.5.2/../../../../arm-none-eabi/lib/thumb2/libm.a(lib_a-s_floor.o)
                              Util/RF22/RF22.o (floor)
/home/laurence/CodeSourcery/Sourcery_G++_Lite/bin/../lib/gcc/arm-none-eabi/4.5.2/../../../../arm-none-eabi/lib/thumb2/libm.a(lib_a-s_sin.o)
                              Sensors/earth_field.o (sin)
/home/laurence/CodeSourcery/Sourcery_G++_Lite/bin/../lib/gcc/arm-none-eabi/4.5.2/../../../../arm-none-eabi/lib/thumb2/libm.a(lib_a-sf_cos.o)
                              Util/coords.o (cosf)
/home/laurence/CodeSourcery/Sourcery_G++_Lite/bin/../lib/gcc/arm-none-eabi/4.5.2/../../../../arm-none-eabi/lib/thumb2/libm.a(lib_a-sf_sin.o)
                              Util/coords.o (sinf)
/home/laurence/CodeSourcery/Sourcery_G++_Lite/bin/../lib/gcc/arm-none-eabi/4.5.2/../../../../arm-none-eabi/lib/thumb2/libm.a(lib_a-w_asin.o)
                              Sensors/earth_field.o (asin)
/home/laurence/CodeSourcery/Sourcery_G++_Lite/bin/../lib/gcc/arm-none-eabi/4.5.2/../../../../arm-none-eabi/lib/thumb2/libm.a(lib_a-w_atan2.o)
                              Sensors/earth_field.o (atan2)
/home/laurence/CodeSourcery/Sourcery_G++_Lite/bin/../lib/gcc/arm-none-eabi/4.5.2/../../../../arm-none-eabi/lib/thumb2/libm.a(lib_a-w_sqrt.o)
                              Sensors/earth_field.o (sqrt)
/home/laurence/CodeSourcery/Sourcery_G++_Lite/bin/../lib/gcc/arm-none-eabi/4.5.2/../../../../arm-none-eabi/lib/thumb2/libm.a(lib_a-wf_acos.o)
                              main.o (acosf)
/home/laurence/CodeSourcery/Sourcery_G++_Lite/bin/../lib/gcc/arm-none-eabi/4.5.2/../../../../arm-none-eabi/lib/thumb2/libm.a(lib_a-wf_asin.o)
                              Util/coords.o (asinf)
/home/laurence/CodeSourcery/Sourcery_G++_Lite/bin/../lib/gcc/arm-none-eabi/4.5.2/../../../../arm-none-eabi/lib/thumb2/libm.a(lib_a-wf_atan2.o)
                              Util/coords.o (atan2f)
/home/laurence/CodeSourcery/Sourcery_G++_Lite/bin/../lib/gcc/arm-none-eabi/4.5.2/../../../../arm-none-eabi/lib/thumb2/libm.a(lib_a-wf_sqrt.o)
                              Sensors/pitot.o (sqrtf)
/home/laurence/CodeSourcery/Sourcery_G++_Lite/bin/../lib/gcc/arm-none-eabi/4.5.2/../../../../arm-none-eabi/lib/thumb2/libm.a(lib_a-e_asin.o)
                              /home/laurence/CodeSourcery/Sourcery_G++_Lite/bin/../lib/gcc/arm-none-eabi/4.5.2/../../../../arm-none-eabi/lib/thumb2/libm.a(lib_a-w_asin.o) (__ieee754_asin)
/home/laurence/CodeSourcery/Sourcery_G++_Lite/bin/../lib/gcc/arm-none-eabi/4.5.2/../../../../arm-none-eabi/lib/thumb2/libm.a(lib_a-e_atan2.o)
                              /home/laurence/CodeSourcery/Sourcery_G++_Lite/bin/../lib/gcc/arm-none-eabi/4.5.2/../../../../arm-none-eabi/lib/thumb2/libm.a(lib_a-w_atan2.o) (__ieee754_atan2)
/home/laurence/CodeSourcery/Sourcery_G++_Lite/bin/../lib/gcc/arm-none-eabi/4.5.2/../../../../arm-none-eabi/lib/thumb2/libm.a(lib_a-e_rem_pio2.o)
[...]
Memory Configuration

Name             Origin             Length             Attributes
ram              0x20000000         0x00005000         xrw
rom              0x08000000         0x00020000         xr
*default*        0x00000000         0xffffffff

Linker script and memory map

LOAD /home/laurence/CodeSourcery/Sourcery_G++_Lite/bin/../lib/gcc/arm-none-eabi/4.5.2/thumb2/crti.o
LOAD /home/laurence/CodeSourcery/Sourcery_G++_Lite/bin/../lib/gcc/arm-none-eabi/4.5.2/thumb2/crtbegin.o
LOAD Sensors/accel_down.o
LOAD Sensors/bmp085.o
LOAD Sensors/earth_field.o
LOAD Sensors/pitot.o
LOAD Sensors/sensorcal.o
LOAD Sensors/ubx.o
LOAD Util/Fatfs/fattime.o
LOAD Util/Fatfs/ff.o
LOAD Util/Fatfs/rtc.o
LOAD Util/Fatfs/sd_spi_stm32.o
LOAD Util/RF22/RF22.o
LOAD Util/RF22/RF22Datagram.o
LOAD Util/RF22/RF22Mesh.o
LOAD Util/RF22/RF22ReliableDatagram.o
LOAD Util/RF22/RF22Router.o
LOAD Util/RF22/ctocpp.o
LOAD Util/atmospherics.o
LOAD Util/coords.o
LOAD Util/crc.o
LOAD Util/delay.o
LOAD Util/gravity.o
LOAD Util/rprintf.o
LOAD Util/time.o
LOAD Util/uavobjconv.o
LOAD Util/uavtalk.o
LOAD adc.o
LOAD dma.o
LOAD gpio.o
LOAD i2c_int.o
LOAD interrupts.o
LOAD lib/CMSIS_CM3/core_cm3.o
LOAD lib/CMSIS_CM3/startup/gcc/startup_stm32f10x_md.o
LOAD lib/CMSIS_CM3/system_stm32f10x.o
LOAD main.o
LOAD pwm.o
LOAD usart.o
LOAD watchdog.o
LOAD Control/ekf.o
LOAD Control/imu.o
LOAD Control/loops.o
LOAD Control/servos.o
LOAD lib/STM32F10x_StdPeriph_Driver/libstm32fw.a
LOAD lib/STM32_USB-FS-Device_Driver/libstm32usb.a
LOAD /home/laurence/CodeSourcery/Sourcery_G++_Lite/bin/../lib/gcc/arm-none-eabi/4.5.2/../../../../arm-none-eabi/lib/thumb2/libm.a
START GROUP
LOAD /home/laurence/CodeSourcery/Sourcery_G++_Lite/bin/../lib/gcc/arm-none-eabi/4.5.2/thumb2/libgcc.a
LOAD /home/laurence/CodeSourcery/Sourcery_G++_Lite/bin/../lib/gcc/arm-none-eabi/4.5.2/../../../../arm-none-eabi/lib/thumb2/libc.a
END GROUP
LOAD /home/laurence/CodeSourcery/Sourcery_G++_Lite/bin/../lib/gcc/arm-none-eabi/4.5.2/thumb2/crtend.o
LOAD /home/laurence/CodeSourcery/Sourcery_G++_Lite/bin/../lib/gcc/arm-none-eabi/4.5.2/thumb2/crtn.o
START GROUP
LOAD /home/laurence/CodeSourcery/Sourcery_G++_Lite/bin/../lib/gcc/arm-none-eabi/4.5.2/thumb2/libgcc.a
LOAD /home/laurence/CodeSourcery/Sourcery_G++_Lite/bin/../lib/gcc/arm-none-eabi/4.5.2/../../../../arm-none-eabi/lib/thumb2/libc.a
LOAD /home/laurence/CodeSourcery/Sourcery_G++_Lite/bin/../lib/gcc/arm-none-eabi/4.5.2/../../../../arm-none-eabi/lib/thumb2/libcs3.a
LOAD /home/laurence/CodeSourcery/Sourcery_G++_Lite/bin/../lib/gcc/arm-none-eabi/4.5.2/../../../../arm-none-eabi/lib/thumb2/libcs3unhosted.a
LOAD lib/libcs3-lanchon-stm32.a
END GROUP
                0x20005000                PROVIDE (__cs3_stack, (__cs3_region_start_ram + __cs3_region_size_ram))
                0x20002218                PROVIDE (__cs3_heap_start, _end)
                0x20005000                PROVIDE (__cs3_heap_end, (__cs3_region_start_ram + __cs3_region_size_ram))

.text           0x08000000    0x1a964
 CREATE_OBJECT_SYMBOLS
                0x08000000                __cs3_region_start_rom = .
 *(.cs3.region-head.rom)
                0x08000000                __cs3_interrupt_vector = __cs3_interrupt_vector_lanchon_stm32
 *(.cs3.interrupt_vector)
 .cs3.interrupt_vector
                0x08000000       0xec lib/libcs3-lanchon-stm32.a(lanchon-stm32-vector.o)
                0x08000000                __cs3_interrupt_vector_lanchon_stm32
                0x08000001                ASSERT ((. != __cs3_interrupt_vector_lanchon_stm32), No interrupt vector)
 *(.rom)
 *(.rom.b)
                0x08018f44                PROVIDE (__cs3_reset_lanchon_stm32, _start)
                0x08018f44                __cs3_reset = __cs3_reset_lanchon_stm32
 *(.cs3.reset)
 *(.text .text.* .gnu.linkonce.t.*)
 .text          0x080000ec       0x30 /home/laurence/CodeSourcery/Sourcery_G++_Lite/bin/../lib/gcc/arm-none-eabi/4.5.2/thumb2/crtbegin.o
 .text          0x0800011c       0xa8 Sensors/accel_down.o
                0x0800011c                Accel_Downconvert
 .text          0x080001c4      0x120 Sensors/bmp085.o
                0x080001c4                Bmp085_Convert
                0x0800027c                flip_sensorcal
                0x08000292                flip_adc24
                0x080002b0                Bmp_Copy_Temp
 *fill*         0x080002e4        0x4 00
 .text          0x080002e8     0x1920 Sensors/earth_field.o
                0x080002e8                WMM_Initialize
                0x0800035c                WMM_ComputeSphericalHarmonicVariables
                0x08000434                WMM_RotateMagneticVector
                0x080004f8                WMM_CalculateGeoMagneticElements
                0x080005c0                WMM_CalculateSecularVariation
                0x080006d8                WMM_PcupHigh
                0x08000b8e                WMM_PcupLow
                0x08000ee0                WMM_AssociatedLegendreFunction
                0x08000f6c                WMM_get_secular_var_coeff_g
                0x08000f84                WMM_get_main_field_coeff_g
                0x08001020                WMM_get_secular_var_coeff_h
                0x08001038                WMM_get_main_field_coeff_h
                0x080010d4                WMM_SummationSpecial
                0x08001274                WMM_Summation
                0x08001464                WMM_SecVarSummationSpecial
                0x08001604                WMM_SecVarSummation
                0x080017a4                WMM_Geomag
                0x0800189c                WMM_DateToYear
                0x080018dc                WMM_GeodeticToSpherical
                0x08001a48                WMM_GetMagVector
 .text          0x08001c08       0x7c Sensors/pitot.o
                0x08001c08                Pitot_Conv
                0x08001c3c                Pitot_convert_Airspeed
 .text          0x08001c84       0xf0 Sensors/sensorcal.o
                0x08001c84                Calibrate_3
 .text          0x08001d74      0x348 Sensors/ubx.o
                0x08001d74                Gps_Process_Byte
                0x08001efc                Get_UBX_Ack
                0x08001fa0                Config_Gps
 .text          0x080020bc       0x44 Util/Fatfs/fattime.o
                0x080020bc                get_fattime
 .text          0x08002100     0x1a60 Util/Fatfs/ff.o
                0x080026c2                clust2sect
                0x080026dc                get_fat
                0x0800285e                put_fat
                0x08002dea                f_mount
                0x08002e08                f_open
                0x08002f54                f_read
                0x080030cc                f_write
                0x08003282                f_sync
                0x08003334                f_close
                0x08003342                f_lseek
                0x080034a6                f_opendir
                0x0800350a                f_readdir
                0x0800355e                f_stat
                0x0800359e                f_getfree
                0x08003690                f_truncate
                0x08003728                f_unlink
                0x080037d8                f_mkdir
                0x0800399e                f_chmod
                0x080039f2                f_utime
                0x08003a4a                f_rename
 .text          0x08003b60      0x2e0 Util/Fatfs/rtc.o
                0x08003c44                rtc_gettime
                0x08003cbc                my_RTC_SetCounter
                0x08003cde                rtc_settime
                0x08003da8                rtc_init
 .text          0x08003e40      0x880 Util/Fatfs/sd_spi_stm32.o
                0x0800419a                disk_initialize
                0x080042bc                disk_status
                0x080042cc                disk_read
                0x08004358                disk_write
                0x08004404                disk_ioctl
                0x08004684                disk_timerproc
 .text          0x080046c0      0x8bc Util/RF22/RF22.o
                0x080046c0                _ZN4RF2223handleExternalInterruptEv
                0x080046c2                _ZN4RF2226handleWakeupTimerInterruptEv
                0x080046c4                _ZN4RF22C1Ehh
                0x080046c4                _ZN4RF22C2Ehh
                0x080046e8                _ZN4RF227spiReadEh
                0x08004748                _ZN4RF228spiWriteEhh
                0x080047a8                _ZN4RF225resetEv
                0x080047be                _ZN4RF2212spiBurstReadEhPhh
                0x08004830                _ZN4RF2213spiBurstWriteEhPhh
                0x08004898                _ZN4RF2210statusReadEv
                0x0800489c                _ZN4RF227adcReadEhhhh
                0x080048da                _ZN4RF2215temperatureReadEhh
                0x08004904                _ZN4RF227wutReadEv
                0x0800491e                _ZN4RF2212setWutPeriodEthh
                0x08004946                _ZN4RF2212setFrequencyEf
                0x08004a18                _ZN4RF2213setFHStepSizeEh
                0x08004a38                _ZN4RF2212setFHChannelEh
                0x08004a58                _ZN4RF228rssiReadEv
                0x08004a5c                _ZN4RF2215ezmacStatusReadEv
                0x08004a60                _ZN4RF227setModeEh
                0x08004a66                _ZN4RF2211setModeIdleEv
                0x08004a7a                _ZN4RF229setModeRxEv
                0x08004a94                _ZN4RF229setModeTxEv
                0x08004aae                _ZN4RF2210setTxPowerEh
                0x08004ab4                _ZN4RF2217setModemRegistersEPNS_11ModemConfigE
                0x08004b0a                _ZN4RF2214setModemConfigENS_17ModemConfigChoiceE
                0x08004b28                _ZN4RF2217setPreambleLengthEh
                0x08004b2e                _ZN4RF2212setSyncWordsEPhh
                0x08004b3e                _ZN4RF2210clearRxBufEv
                0x08004b4a                _ZN4RF229availableEv
                0x08004b58                _ZN4RF2213waitAvailableEv
                0x08004b68                _ZN4RF2220waitAvailableTimeoutEt
                0x08004b90                _ZN4RF2214waitPacketSentEv
                0x08004b9a                _ZN4RF224recvEPhS0_
                0x08004bd0                _ZN4RF2210clearTxBufEv
                0x08004be0                _ZN4RF2211appendTxBufEPhh
                0x08004c10                _ZN4RF229fillTxBufEPhh
                0x08004c28                _ZN4RF2216sendNextFragmentEv
                0x08004c6a                _ZN4RF2213startTransmitEv
                0x08004c86                _ZN4RF224sendEPhh
                0x08004ca6                _ZN4RF2216readNextFragmentEv
                0x08004cce                _ZN4RF2210resetFifosEv
                0x08004ce6                _ZN4RF2211resetRxFifoEv
                0x08004cfe                _ZN4RF2215handleInterruptEv
                0x08004e14                _ZN4RF224isr1Ev
                0x08004e24                _ZN4RF224isr0Ev
                0x08004e34                _ZN4RF2211resetTxFifoEv
                0x08004e4c                _ZN4RF2211setHeaderToEh
                0x08004e52                _ZN4RF2213setHeaderFromEh
                0x08004e58                _ZN4RF2211setHeaderIdEh
                0x08004e5e                _ZN4RF2214setHeaderFlagsEh
                0x08004e64                _ZN4RF228headerToEv
                0x08004e68                _ZN4RF2210headerFromEv
                0x08004e6c                _ZN4RF228headerIdEv
                0x08004e70                _ZN4RF2211headerFlagsEv
                0x08004e74                _ZN4RF228lastRssiEv
                0x08004e7a                _ZN4RF2214setPromiscuousEb
                0x08004e86                _ZN4RF224initEv
 .text          0x08004f7c       0xcc Util/RF22/RF22Datagram.o
                0x08004f7c                _ZN12RF22DatagramC1Ehhh
                0x08004f7c                _ZN12RF22DatagramC2Ehhh
                0x08004f9c                _ZN12RF22Datagram14setThisAddressEh
                0x08004fba                _ZN12RF22Datagram4initEv
                0x08004fd4                _ZN12RF22Datagram6sendtoEPhhh
                0x08004ff0                _ZN12RF22Datagram8recvfromEPhS0_S0_S0_S0_S0_
 .text          0x08005048      0x3d8 Util/RF22/RF22Mesh.o
                0x08005048                _ZN8RF22Mesh17isPhysicalAddressEPhh
                0x08005060                _ZN8RF22Mesh5doArpEh
                0x080050f0                _ZN8RF22Mesh5routeEPN10RF22Router13RoutedMessageEh
                0x08005158                _ZN8RF22Mesh13peekAtMessageEPN10RF22Router13RoutedMessageEh
                0x080051d6                _ZN8RF22MeshC2Ehhh
                0x080051d6                _ZN8RF22MeshC1Ehhh
                0x080051ec                _ZN8RF22Mesh10sendtoWaitEPhhh
                0x08005248                _ZN8RF22Mesh11recvfromAckEPhS0_S0_S0_S0_S0_
                0x080053cc                _ZN8RF22Mesh18recvfromAckTimeoutEPhS0_tS0_S0_S0_S0_
 .text          0x08005420      0x274 Util/RF22/RF22ReliableDatagram.o
                0x08005420                _ZN20RF22ReliableDatagramC2Ehhh
                0x08005420                _ZN20RF22ReliableDatagramC1Ehhh
                0x0800544c                _ZN20RF22ReliableDatagram10setTimeoutEt
                0x08005452                _ZN20RF22ReliableDatagram10setRetriesEh
                0x08005458                _ZN20RF22ReliableDatagram15retransmissionsEv
                0x0800545e                _ZN20RF22ReliableDatagram11acknowledgeEhh
                0x0800548a                _ZN20RF22ReliableDatagram11recvfromAckEPhS0_S0_S0_S0_S0_
                0x0800552a                _ZN20RF22ReliableDatagram18recvfromAckTimeoutEPhS0_tS0_S0_S0_S0_
                0x08005580                _ZN20RF22ReliableDatagram10sendtoWaitEPhhh
 .text          0x08005694      0x300 Util/RF22/RF22Router.o
                0x08005694                _ZN10RF22Router13peekAtMessageEPNS_13RoutedMessageEh
                0x08005696                _ZN10RF22Router4initEv
                0x080056a8                _ZN10RF22Router10setMaxHopsEh
                0x080056ae                _ZN10RF22Router10getRouteToEh
                0x080056dc                _ZN10RF22Router5routeEPNS_13RoutedMessageEh
                0x0800570e                _ZN10RF22Router11deleteRouteEh
                0x08005744                _ZN10RF22Router13deleteRouteToEh
                0x0800576a                _ZN10RF22Router17retireOldestRouteEv
                0x0800576e                _ZN10RF22Router10addRouteToEhhh
                0x080057de                _ZN10RF22Router17clearRoutingTableEv
                0x080057ee                _ZN10RF22RouterC2Ehhh
                0x080057ee                _ZN10RF22RouterC1Ehhh
                0x08005810                _ZN10RF22Router10sendtoWaitEPhhhh
                0x08005854                _ZN10RF22Router10sendtoWaitEPhhh
                0x08005862                _ZN10RF22Router11recvfromAckEPhS0_S0_S0_S0_S0_
                0x08005940                _ZN10RF22Router18recvfromAckTimeoutEPhS0_tS0_S0_S0_S0_
 .text          0x08005994       0x94 Util/RF22/ctocpp.o
                0x08005994                RF22_Init
                0x080059a0                RF22_Sendtowait
                0x080059bc                RF22_recvfromAckTimeout
                0x080059e4                RF22_Reassign
                0x080059f0                RF22_Service_ISR
                0x080059fc                RF22_Sendto
 .text          0x08005a28       0xe0 Util/atmospherics.o
                0x08005a28                US_1976_Temperature
                0x08005ac8                Calc_Air_Density
 .text          0x08005b08      0x928 Util/coords.o
                0x08005b08                LLA2ECEF
                0x08005c1c                RneFromLLA
                0x08005cb8                Quaternion2RPY
                0x08005df0                R2Quaternion
                0x08005fd0                CrossProduct
                0x0800602e                VectorMagnitude
                0x0800606a                RotFrom2Vectors
                0x08006228                VectorNormalize
                0x08006252                quat_inverse
                0x0800626e                quat_copy
                0x08006284                quat_mult
                0x0800638e                rot_mult
 .text          0x08006430       0x24 Util/crc.o
                0x08006430                CRC_updateByte
                0x0800643c                CRC_updateCRC
 .text          0x08006454       0x2c Util/delay.o
                0x08006454                Delay
 .text          0x08006480       0xc8 Util/gravity.o
                0x08006480                Ge_From_Latitude
 .text          0x08006548      0x568 Util/rprintf.o
                0x08006548                rprintfInit
                0x08006554                rprintfChar
                0x08006570                rprintfStr
                0x08006586                rprintfStrLen
                0x080065ba                rprintfCRLF
                0x080065be                rprintfu04
                0x080065c8                rprintfu08
                0x080065da                rprintfu16
                0x080065ec                rprintfu32
                0x080065fe                rprintfNum
                0x080066a4                rprintfFloat
                0x0800675c                Isdigit
                0x0800676a                atoiRamRom
                0x08006790                rStrLen
                0x080067a0                rprintf2RamRom
 .text          0x08006ab0       0x20 Util/time.o
                0x08006ab0                Set_RTC_From_GPS
 .text          0x08006ad0      0x168 Util/uavobjconv.o
                0x08006ad0                GPSPosition_from_UBX
                0x08006bd0                Populate_Attitude
                0x08006bea                Populate_Vector
 .text          0x08006c38      0x5b0 Util/uavtalk.o
                0x08006c38                UAVtalk_Register_Object
                0x08006c4c                UAVtalk_Set_Port
                0x08006c74                memchr_32
                0x08006c9e                UAVtalk_Process_Byte
                0x08006e14                UAVtalk_Generate_Packet
                0x08006f98                UAVtalk_Run_Streams
                0x08007054                updateTelemetryStats
                0x080071d0                UAVtalk_Handle_Protocol
 .text          0x080071e8       0xa0 adc.o
                0x080071e8                ADC_Configuration
                0x08007258                readADC1
 .text          0x08007288      0x128 dma.o
                0x08007288                DMA_USART2_Configuration
                0x080072d0                DMA_USART1_Configuration
                0x08007324                Bytes_In_Buffer
                0x08007350                Get_From_Buffer
                0x08007380                Pop_From_Buffer
                0x0800739e                Flush_Buffer
 .text          0x080073b0      0x1d4 gpio.o
                0x080073b0                GPIO_Config_AF_Periferals
                0x08007404                MEMS_Status_Configuration
                0x0800743c                GPS_IO_Configuration
                0x08007484                SPI_Control_Configuration
                0x080074ec                Aux_Devices_Configuration
                0x08007544                All_IO_Configuration
                0x0800755c                Get_MEMS_DRDY
 .text          0x08007584      0x774 i2c_int.o
                0x08007584                I2C1_Request_Job
                0x080075d8                I2C1_EV_IRQHandler
                0x08007a88                I2C1_Setup_Job
                0x08007a9c                I2C_Config
                0x08007c08                I2C1_ER_IRQHandler
 .text          0x08007cf8      0x1d8 interrupts.o
                0x08007cf8                EXTI_Config
                0x08007dc4                EXTI9_5_IRQHandler
                0x08007e2c                EXTI15_10_IRQHandler
                0x08007e4c                EXTI4_IRQHandler
                0x08007ebc                NMI_Handler
                0x08007ebe                HardFault_Handler
                0x08007ec0                MemManage_Handler
                0x08007ec2                BusFault_Handler
                0x08007ec4                UsageFault_Handler
                0x08007ec6                SVC_Handler
                0x08007ec8                DebugMon_Handler
                0x08007eca                PendSV_Handler
                0x08007ecc                SysTick_Handler
 .text.Default_Handler
                0x08007ed0        0x2 lib/CMSIS_CM3/startup/gcc/startup_stm32f10x_md.o
                0x08007ed0                EXTI2_IRQHandler
                0x08007ed0                TIM1_CC_IRQHandler
                0x08007ed0                PVD_IRQHandler
                0x08007ed0                EXTI3_IRQHandler
                0x08007ed0                EXTI0_IRQHandler
                0x08007ed0                I2C2_EV_IRQHandler
                0x08007ed0                ADC1_2_IRQHandler
                0x08007ed0                SPI1_IRQHandler
                0x08007ed0                TAMPER_IRQHandler
                0x08007ed0                DMA1_Channel4_IRQHandler
                0x08007ed0                USART3_IRQHandler
                0x08007ed0                RTC_IRQHandler
                0x08007ed0                DMA1_Channel7_IRQHandler
                0x08007ed0                CAN1_RX1_IRQHandler
                0x08007ed0                TIM4_IRQHandler
                0x08007ed0                DMA1_Channel6_IRQHandler
                0x08007ed0                TIM3_IRQHandler
                0x08007ed0                RCC_IRQHandler
                0x08007ed0                TIM1_TRG_COM_IRQHandler
                0x08007ed0                DMA1_Channel1_IRQHandler
                0x08007ed0                Default_Handler
                0x08007ed0                SPI2_IRQHandler
                0x08007ed0                DMA1_Channel5_IRQHandler
                0x08007ed0                USB_LP_CAN1_RX0_IRQHandler
                0x08007ed0                USB_HP_CAN1_TX_IRQHandler
                0x08007ed0                DMA1_Channel3_IRQHandler
                0x08007ed0                TIM1_UP_IRQHandler
                0x08007ed0                WWDG_IRQHandler
                0x08007ed0                TIM2_IRQHandler
                0x08007ed0                TIM1_BRK_IRQHandler
                0x08007ed0                EXTI1_IRQHandler
                0x08007ed0                RTCAlarm_IRQHandler
                0x08007ed0                USART2_IRQHandler
                0x08007ed0                I2C2_ER_IRQHandler
                0x08007ed0                DMA1_Channel2_IRQHandler
                0x08007ed0                CAN1_SCE_IRQHandler
                0x08007ed0                FLASH_IRQHandler
                0x08007ed0                USBWakeUp_IRQHandler
 *fill*         0x08007ed2        0x2 00
 .text          0x08007ed4       0xf4 lib/CMSIS_CM3/system_stm32f10x.o
                0x08007ed4                SystemInit
 .text          0x08007fc8     0x10c8 main.o
                0x08007fc8                Initialisation
                0x08008d24                main
 .text          0x08009090      0x1b4 pwm.o
                0x08009090                Timer_RCC_Configuration
                0x080090a8                Init_Timers
                0x08009178                Timer_GPIO_Enable
                0x080091b0                Timer_GPIO_Disable
                0x080091e8                PWM_Set
 .text          0x08009244      0x268 usart.o
                0x08009244                Default_Usart_Config
                0x08009254                USART2_reconf
                0x08009298                Usarts_Init
                0x08009344                usart1_send_data_dma
                0x08009384                usart1_disable_dma
                0x080093b0                Add_To_ISR_Buffer
                0x080093ce                USART1_IRQHandler
                0x08009400                Get_From_ISR_Buffer
                0x08009412                Bytes_In_ISR_Buffer
                0x0800942a                __usart_send_char
                0x08009448                Usart_Send_Str
                0x08009460                __gps_send_char
                0x0800947c                Gps_Send_Str
                0x08009494                Gps_Send_Utf8
 .text          0x080094ac       0x3c watchdog.o
                0x080094ac                Watchdog_Config
                0x080094d6                Watchdog_Reset_Detect
 .text          0x080094e8     0x6e3c Control/ekf.o
                0x080094e8                ins_get_num_states
                0x080094ec                INSGPSInit
                0x08009614                INSResetP
                0x08009664                INSResetRGPS
                0x08009690                INSSetState
                0x080096f0                INSPosVelReset
                0x08009770                INSSetPosVelVar
                0x08009790                INSSetGyroBias
                0x080097ac                INSSetAccelVar
                0x080097c8                INSSetGyroVar
                0x080097e4                INSSetMagVar
                0x08009800                INSSetMagNorth
                0x08009818                INSSetGravity
                0x08009824                CovariancePrediction
                0x0800f0da                INSCovariancePrediction
                0x0800f100                SerialUpdate
                0x0800f268                StateEq
                0x0800f534                RungeKutta
                0x0800f65c                LinearizeFG
                0x0800fade                INSStatePrediction
                0x0800fc50                MeasurementEq
                0x0800fe0c                LinearizeH
                0x080100d4                INSCorrection
                0x08010288                VelBaroCorrection
                0x080102a4                GpsMagCorrection
                0x080102bc                FullCorrection
                0x080102ca                GpsBaroCorrection
                0x080102e8                MagVelBaroCorrection
                0x08010304                MagCorrection
 *fill*         0x08010324        0x4 00
 .text          0x08010328      0xa08 Control/imu.o
                0x08010328                run_imu
 .text          0x08010d30       0x64 Control/loops.o
                0x08010d30                Run_PID
                0x08010d8c                Reset_PID
 .text          0x08010d94       0x64 Control/servos.o
                0x08010d94                Apply_Servos
                0x08010df0                Enable_Servos
                0x08010df4                Disable_Servos
 .text          0x08010df8       0xb8 lib/STM32F10x_StdPeriph_Driver/libstm32fw.a(misc.o)
                0x08010df8                NVIC_PriorityGroupConfig
                0x08010e0c                NVIC_Init
                0x08010e6c                NVIC_SetVectorTable
                0x08010e80                NVIC_SystemLPConfig
                0x08010e98                SysTick_CLKSourceConfig
 .text          0x08010eb0      0x380 lib/STM32F10x_StdPeriph_Driver/libstm32fw.a(stm32f10x_adc.o)
                0x08010eb0                ADC_DeInit
                0x08010f0c                ADC_Init
                0x08010f58                ADC_StructInit
                0x08010f6a                ADC_Cmd
                0x08010f7e                ADC_DMACmd
                0x08010f92                ADC_ITConfig
                0x08010fa6                ADC_ResetCalibration
                0x08010fb0                ADC_GetResetCalibrationStatus
                0x08010fb8                ADC_StartCalibration
                0x08010fc2                ADC_GetCalibrationStatus
                0x08010fca                ADC_SoftwareStartConvCmd
                0x08010fde                ADC_GetSoftwareStartConvStatus
                0x08010fe6                ADC_DiscModeChannelCountConfig
                0x08010ff6                ADC_DiscModeCmd
                0x0801100a                ADC_RegularChannelConfig
                0x08011098                ADC_ExternalTrigConvCmd
                0x080110ac                ADC_GetConversionValue
                0x080110b2                ADC_GetDualModeConversionValue
                0x080110bc                ADC_AutoInjectedConvCmd
                0x080110d0                ADC_InjectedDiscModeCmd
                0x080110e4                ADC_ExternalTrigInjectedConvConfig
                0x080110f2                ADC_ExternalTrigInjectedConvCmd
                0x08011106                ADC_SoftwareStartInjectedConvCmd
                0x0801111a                ADC_GetSoftwareStartInjectedConvCmdStatus
                0x08011122                ADC_InjectedChannelConfig
                0x0801117e                ADC_InjectedSequencerLengthConfig
                0x0801118e                ADC_SetInjectedOffset
                0x080111a4                ADC_GetInjectedConversionValue
                0x080111be                ADC_AnalogWatchdogCmd
                0x080111d0                ADC_AnalogWatchdogThresholdsConfig
                0x080111d6                ADC_AnalogWatchdogSingleChannelConfig
                0x080111e4                ADC_TempSensorVrefintCmd
                0x08011200                ADC_GetFlagStatus
                0x0801120c                ADC_ClearFlag
                0x08011212                ADC_GetITStatus
                0x08011228                ADC_ClearITPendingBit
 .text          0x08011230       0xe0 lib/STM32F10x_StdPeriph_Driver/libstm32fw.a(stm32f10x_bkp.o)
                0x08011230                BKP_DeInit
                0x08011242                BKP_TamperPinLevelConfig
                0x0801124c                BKP_TamperPinCmd
                0x08011258                BKP_ITConfig
                0x08011264                BKP_RTCOutputConfig
                0x0801127c                BKP_SetRTCCalibrationValue
                0x08011294                BKP_WriteBackupRegister
                0x080112b0                BKP_ReadBackupRegister
                0x080112d0                BKP_GetFlagStatus
                0x080112dc                BKP_ClearFlag
                0x080112f0                BKP_GetITStatus
                0x080112fc                BKP_ClearITPendingBit
 .text          0x08011310      0x1f0 lib/STM32F10x_StdPeriph_Driver/libstm32fw.a(stm32f10x_dma.o)
                0x08011310                DMA_DeInit
                0x0801140c                DMA_Init
                0x0801144c                DMA_StructInit
                0x08011466                DMA_Cmd
                0x0801147a                DMA_ITConfig
                0x0801148c                DMA_GetCurrDataCounter
                0x08011492                DMA_GetFlagStatus
                0x080114b0                DMA_ClearFlag
                0x080114c8                DMA_GetITStatus
                0x080114e8                DMA_ClearITPendingBit
 .text          0x08011500      0x108 lib/STM32F10x_StdPeriph_Driver/libstm32fw.a(stm32f10x_exti.o)
                0x08011500                EXTI_DeInit
                0x0801151c                EXTI_Init
                0x080115a0                EXTI_StructInit
                0x080115ae                EXTI_GenerateSWInterrupt
                0x080115c0                EXTI_GetFlagStatus
                0x080115d4                EXTI_ClearFlag
                0x080115e0                EXTI_GetITStatus
                0x080115fc                EXTI_ClearITPendingBit
 .text          0x08011608      0x278 lib/STM32F10x_StdPeriph_Driver/libstm32fw.a(stm32f10x_gpio.o)
                0x08011608                GPIO_DeInit
                0x080116b4                GPIO_AFIODeInit
                0x080116ca                GPIO_Init
                0x08011762                GPIO_StructInit
                0x08011772                GPIO_ReadInputDataBit
                0x0801177e                GPIO_ReadInputData
                0x08011784                GPIO_ReadOutputDataBit
                0x08011790                GPIO_ReadOutputData
                0x08011796                GPIO_SetBits
                0x0801179a                GPIO_ResetBits
                0x0801179e                GPIO_WriteBit
                0x080117a8                GPIO_Write
                0x080117ac                GPIO_PinLockConfig
                0x080117bc                GPIO_EventOutputConfig
                0x080117dc                GPIO_EventOutputCmd
                0x080117e8                GPIO_PinRemapConfig
                0x08011840                GPIO_EXTILineConfig
                0x08011874                GPIO_ETH_MediaInterfaceConfig
 .text          0x08011880      0x3b4 lib/STM32F10x_StdPeriph_Driver/libstm32fw.a(stm32f10x_i2c.o)
                0x08011880                I2C_DeInit
                0x080118b4                I2C_Init
                0x08011984                I2C_StructInit
                0x080119a0                I2C_Cmd
                0x080119ba                I2C_DMACmd
                0x080119d4                I2C_DMALastTransferCmd
                0x080119ee                I2C_GenerateSTART
                0x08011a08                I2C_GenerateSTOP
                0x08011a22                I2C_AcknowledgeConfig
                0x08011a3c                I2C_OwnAddress2Config
                0x08011a52                I2C_DualAddressCmd
                0x08011a6c                I2C_GeneralCallCmd
                0x08011a86                I2C_ITConfig
                0x08011a9c                I2C_SendData
                0x08011aa0                I2C_ReceiveData
                0x08011aa6                I2C_Send7bitAddress
                0x08011ab6                I2C_ReadRegister
                0x08011ace                I2C_SoftwareResetCmd
                0x08011ae6                I2C_SMBusAlertConfig
                0x08011b04                I2C_TransmitPEC
                0x08011b1e                I2C_PECPositionConfig
                0x08011b3c                I2C_CalculatePEC
                0x08011b56                I2C_GetPEC
                0x08011b5e                I2C_ARPCmd
                0x08011b78                I2C_StretchClockCmd
                0x08011b92                I2C_FastModeDutyCycleConfig
                0x08011bb0                I2C_GetLastEvent
                0x08011bc0                I2C_CheckEvent
                0x08011bd8                I2C_GetFlagStatus
                0x08011c0c                I2C_ClearFlag
                0x08011c12                I2C_GetITStatus
                0x08011c2e                I2C_ClearITPendingBit
 .text          0x08011c34       0x58 lib/STM32F10x_StdPeriph_Driver/libstm32fw.a(stm32f10x_iwdg.o)
                0x08011c34                IWDG_WriteAccessCmd
                0x08011c40                IWDG_SetPrescaler
                0x08011c4c                IWDG_SetReload
                0x08011c58                IWDG_ReloadCounter
                0x08011c68                IWDG_Enable
                0x08011c78                IWDG_GetFlagStatus
 .text          0x08011c8c       0xcc lib/STM32F10x_StdPeriph_Driver/libstm32fw.a(stm32f10x_pwr.o)
                0x08011c90                PWR_DeInit
                0x08011caa                PWR_BackupAccessCmd
                0x08011cb4                PWR_PVDCmd
                0x08011cc0                PWR_PVDLevelConfig
                0x08011cd4                PWR_WakeUpPinCmd
                0x08011ce0                PWR_EnterSTOPMode
                0x08011d0c                PWR_EnterSTANDBYMode
                0x08011d34                PWR_GetFlagStatus
                0x08011d48                PWR_ClearFlag
 .text          0x08011d58      0x360 lib/STM32F10x_StdPeriph_Driver/libstm32fw.a(stm32f10x_rcc.o)
                0x08011d58                RCC_DeInit
                0x08011d98                RCC_HSEConfig
                0x08011dd0                RCC_AdjustHSICalibrationValue
                0x08011de4                RCC_HSICmd
                0x08011df0                RCC_PLLConfig
                0x08011e08                RCC_PLLCmd
                0x08011e14                RCC_SYSCLKConfig
                0x08011e28                RCC_GetSYSCLKSource
                0x08011e38                RCC_HCLKConfig
                0x08011e4c                RCC_PCLK1Config
                0x08011e60                RCC_PCLK2Config
                0x08011e74                RCC_ITConfig
                0x08011e8c                RCC_USBCLKConfig
                0x08011e98                RCC_ADCCLKConfig
                0x08011eac                RCC_LSEConfig
                0x08011ecc                RCC_LSICmd
                0x08011ed8                RCC_RTCCLKConfig
                0x08011ee8                RCC_RTCCLKCmd
                0x08011ef4                RCC_GetClocksFreq
                0x08011f98                RCC_AHBPeriphClockCmd
                0x08011fb0                RCC_APB2PeriphClockCmd
                0x08011fc8                RCC_APB1PeriphClockCmd
                0x08011fe0                RCC_APB2PeriphResetCmd
                0x08011ff8                RCC_APB1PeriphResetCmd
                0x08012010                RCC_BackupResetCmd
                0x0801201c                RCC_ClockSecuritySystemCmd
                0x08012028                RCC_MCOConfig
                0x08012034                RCC_GetFlagStatus
                0x0801205c                RCC_WaitForHSEStartUp
                0x08012088                RCC_ClearFlag
                0x08012098                RCC_GetITStatus
                0x080120ac                RCC_ClearITPendingBit
 .text          0x080120b8      0x158 lib/STM32F10x_StdPeriph_Driver/libstm32fw.a(stm32f10x_rtc.o)
                0x080120b8                RTC_ITConfig
                0x080120d4                RTC_EnterConfigMode
                0x080120e8                RTC_ExitConfigMode
                0x080120fc                RTC_GetCounter
                0x08012110                RTC_SetCounter
                0x0801212c                RTC_SetPrescaler
                0x0801214c                RTC_SetAlarm
                0x08012168                RTC_GetDivider
                0x08012180                RTC_WaitForLastTask
                0x08012190                RTC_WaitForSynchro
                0x080121b0                RTC_GetFlagStatus
                0x080121c4                RTC_ClearFlag
                0x080121d8                RTC_GetITStatus
                0x080121fc                RTC_ClearITPendingBit
 .text          0x08012210      0x2d4 lib/STM32F10x_StdPeriph_Driver/libstm32fw.a(stm32f10x_spi.o)
                0x08012210                SPI_I2S_DeInit
                0x08012274                SPI_Init
                0x080122b4                I2S_Init
                0x08012354                SPI_StructInit
                0x0801236c                I2S_StructInit
                0x0801237e                SPI_Cmd
                0x08012398                I2S_Cmd
                0x080123b2                SPI_I2S_ITConfig
                0x080123d0                SPI_I2S_DMACmd
                0x080123e6                SPI_I2S_SendData
                0x080123ea                SPI_I2S_ReceiveData
                0x080123f0                SPI_NSSInternalSoftwareConfig
                0x08012410                SPI_SSOutputCmd
                0x0801242a                SPI_DataSizeConfig
                0x08012442                SPI_TransmitCRC
                0x0801244e                SPI_CalculateCRC
                0x08012468                SPI_GetCRC
                0x08012478                SPI_GetCRCPolynomial
                0x0801247e                SPI_BiDirectionalLineConfig
                0x0801249c                SPI_I2S_GetFlagStatus
                0x080124a8                SPI_I2S_ClearFlag
                0x080124ae                SPI_I2S_GetITStatus
                0x080124d4                SPI_I2S_ClearITPendingBit
 .text          0x080124e4      0xa80 lib/STM32F10x_StdPeriph_Driver/libstm32fw.a(stm32f10x_tim.o)
                0x08012552                TIM_DeInit
                0x0801261c                TIM_TimeBaseInit
                0x08012658                TIM_OC1Init
                0x080126d8                TIM_OC2Init
                0x08012760                TIM_OC3Init
                0x080127e4                TIM_OC4Init
                0x08012848                TIM_BDTRConfig
                0x0801286a                TIM_TimeBaseStructInit
                0x0801287c                TIM_OCStructInit
                0x08012890                TIM_ICStructInit
                0x080128a0                TIM_BDTRStructInit
                0x080128b2                TIM_Cmd
                0x080128cc                TIM_CtrlPWMOutputs
                0x080128ea                TIM_ITConfig
                0x08012900                TIM_GenerateEvent
                0x08012904                TIM_DMAConfig
                0x0801290c                TIM_DMACmd
                0x08012922                TIM_InternalClockConfig
                0x08012930                TIM_ETRConfig
                0x08012946                TIM_ETRClockMode2Config
                0x0801295a                TIM_ETRClockMode1Config
                0x08012974                TIM_PrescalerConfig
                0x0801297a                TIM_CounterModeConfig
                0x0801298c                TIM_SelectInputTrigger
                0x0801299e                TIM_TIxExternalClockConfig
                0x080129cc                TIM_ITRxExternalClockConfig
                0x080129e0                TIM_EncoderInterfaceConfig
                0x08012a1e                TIM_ForcedOC1Config
                0x08012a30                TIM_ForcedOC2Config
                0x08012a42                TIM_ForcedOC3Config
                0x08012a54                TIM_ForcedOC4Config
                0x08012a66                TIM_ARRPreloadConfig
                0x08012a80                TIM_SelectCOM
                0x08012a9a                TIM_SelectCCDMA
                0x08012ab4                TIM_CCPreloadControl
                0x08012ace                TIM_OC1PreloadConfig
                0x08012ae0                TIM_OC2PreloadConfig
                0x08012af2                TIM_OC3PreloadConfig
                0x08012b04                TIM_OC4PreloadConfig
                0x08012b16                TIM_OC1FastConfig
                0x08012b28                TIM_OC2FastConfig
                0x08012b3a                TIM_OC3FastConfig
                0x08012b4c                TIM_OC4FastConfig
                0x08012b5e                TIM_ClearOC1Ref
                0x08012b70                TIM_ClearOC2Ref
                0x08012b7e                TIM_ClearOC3Ref
                0x08012b90                TIM_ClearOC4Ref
                0x08012b9e                TIM_OC1PolarityConfig
                0x08012bb0                TIM_OC1NPolarityConfig
                0x08012bc2                TIM_OC2PolarityConfig
                0x08012bd4                TIM_OC2NPolarityConfig
                0x08012be6                TIM_OC3PolarityConfig
                0x08012bf8                TIM_OC3NPolarityConfig
                0x08012c0a                TIM_OC4PolarityConfig
                0x08012c1c                TIM_CCxCmd
                0x08012c3a                TIM_CCxNCmd
                0x08012c58                TIM_SelectOCxM
                0x08012ca4                TIM_UpdateDisableConfig
                0x08012cbe                TIM_UpdateRequestConfig
                0x08012cd8                TIM_SelectHallSensor
                0x08012cf2                TIM_SelectOnePulseMode
                0x08012d0a                TIM_SelectOutputTrigger
                0x08012d22                TIM_SelectSlaveMode
                0x08012d3a                TIM_SelectMasterSlaveMode
                0x08012d52                TIM_SetCounter
                0x08012d56                TIM_SetAutoreload
                0x08012d5a                TIM_SetCompare1
                0x08012d5e                TIM_SetCompare2
                0x08012d62                TIM_SetCompare3
                0x08012d66                TIM_SetCompare4
                0x08012d6c                TIM_SetIC1Prescaler
                0x08012d84                TIM_SetIC2Prescaler
                0x08012d9c                TIM_PWMIConfig
                0x08012e08                TIM_SetIC3Prescaler
                0x08012e20                TIM_SetIC4Prescaler
                0x08012e38                TIM_ICInit
                0x08012efc                TIM_SetClockDivision
                0x08012f0e                TIM_GetCapture1
                0x08012f14                TIM_GetCapture2
                0x08012f1a                TIM_GetCapture3
                0x08012f20                TIM_GetCapture4
                0x08012f28                TIM_GetCounter
                0x08012f2e                TIM_GetPrescaler
                0x08012f34                TIM_GetFlagStatus
                0x08012f40                TIM_ClearFlag
                0x08012f46                TIM_GetITStatus
                0x08012f5c                TIM_ClearITPendingBit
 .text          0x08012f64      0x374 lib/STM32F10x_StdPeriph_Driver/libstm32fw.a(stm32f10x_usart.o)
                0x08012f64                USART_DeInit
                0x08012ffc                USART_Init
                0x0801308c                USART_StructInit
                0x080130a2                USART_ClockInit
                0x080130c8                USART_ClockStructInit
                0x080130d4                USART_Cmd
                0x080130ee                USART_ITConfig
                0x08013124                USART_DMACmd
                0x0801313a                USART_SetAddress
                0x08013152                USART_WakeUpConfig
                0x0801316a                USART_ReceiverWakeUpCmd
                0x08013184                USART_LINBreakDetectLengthConfig
                0x0801319c                USART_LINCmd
                0x080131b6                USART_SendData
                0x080131be                USART_ReceiveData
                0x080131c6                USART_SendBreak
                0x080131d2                USART_SetGuardTime
                0x080131e4                USART_SetPrescaler
                0x080131f8                USART_SmartCardCmd
                0x08013212                USART_SmartCardNACKCmd
                0x0801322c                USART_HalfDuplexCmd
                0x08013246                USART_IrDAConfig
                0x0801325e                USART_IrDACmd
                0x08013278                USART_GetFlagStatus
                0x08013284                USART_ClearFlag
                0x0801328a                USART_GetITStatus
                0x080132ca                USART_ClearITPendingBit
 .text          0x080132d8       0x90 /home/laurence/CodeSourcery/Sourcery_G++_Lite/bin/../lib/gcc/arm-none-eabi/4.5.2/../../../../arm-none-eabi/lib/thumb2/libm.a(lib_a-s_cos.o)
                0x080132d8                cos
 .text          0x08013368      0x128 /home/laurence/CodeSourcery/Sourcery_G++_Lite/bin/../lib/gcc/arm-none-eabi/4.5.2/../../../../arm-none-eabi/lib/thumb2/libm.a(lib_a-s_floor.o)
                0x08013368                floor
 .text          0x08013490       0x98 /home/laurence/CodeSourcery/Sourcery_G++_Lite/bin/../lib/gcc/arm-none-eabi/4.5.2/../../../../arm-none-eabi/lib/thumb2/libm.a(lib_a-s_sin.o)
                0x08013490                sin
 .text          0x08013528       0x74 /home/laurence/CodeSourcery/Sourcery_G++_Lite/bin/../lib/gcc/arm-none-eabi/4.5.2/../../../../arm-none-eabi/lib/thumb2/libm.a(lib_a-sf_cos.o)
                0x08013528                cosf
 .text          0x0801359c       0x78 /home/laurence/CodeSourcery/Sourcery_G++_Lite/bin/../lib/gcc/arm-none-eabi/4.5.2/../../../../arm-none-eabi/lib/thumb2/libm.a(lib_a-sf_sin.o)
                0x0801359c                sinf
 .text          0x08013614       0xa8 /home/laurence/CodeSourcery/Sourcery_G++_Lite/bin/../lib/gcc/arm-none-eabi/4.5.2/../../../../arm-none-eabi/lib/thumb2/libm.a(lib_a-w_asin.o)
                0x08013614                asin
 .text          0x080136bc        0x4 /home/laurence/CodeSourcery/Sourcery_G++_Lite/bin/../lib/gcc/arm-none-eabi/4.5.2/../../../../arm-none-eabi/lib/thumb2/libm.a(lib_a-w_atan2.o)
                0x080136bc                atan2
 .text          0x080136c0       0xac /home/laurence/CodeSourcery/Sourcery_G++_Lite/bin/../lib/gcc/arm-none-eabi/4.5.2/../../../../arm-none-eabi/lib/thumb2/libm.a(lib_a-w_sqrt.o)
                0x080136c0                sqrt
 .text          0x0801376c       0xa8 /home/laurence/CodeSourcery/Sourcery_G++_Lite/bin/../lib/gcc/arm-none-eabi/4.5.2/../../../../arm-none-eabi/lib/thumb2/libm.a(lib_a-wf_acos.o)
                0x0801376c                acosf
 .text          0x08013814       0xa8 /home/laurence/CodeSourcery/Sourcery_G++_Lite/bin/../lib/gcc/arm-none-eabi/4.5.2/../../../../arm-none-eabi/lib/thumb2/libm.a(lib_a-wf_asin.o)
                0x08013814                asinf
 .text          0x080138bc        0x4 /home/laurence/CodeSourcery/Sourcery_G++_Lite/bin/../lib/gcc/arm-none-eabi/4.5.2/../../../../arm-none-eabi/lib/thumb2/libm.a(lib_a-wf_atan2.o)
                0x080138bc                atan2f
 .text          0x080138c0       0xa4 /home/laurence/CodeSourcery/Sourcery_G++_Lite/bin/../lib/gcc/arm-none-eabi/4.5.2/../../../../arm-none-eabi/lib/thumb2/libm.a(lib_a-wf_sqrt.o)
                0x080138c0                sqrtf
 *fill*         0x08013964        0x4 00
 .text          0x08013968      0x460 /home/laurence/CodeSourcery/Sourcery_G++_Lite/bin/../lib/gcc/arm-none-eabi/4.5.2/../../../../arm-none-eabi/lib/thumb2/libm.a(lib_a-e_asin.o)
                0x08013968                __ieee754_asin
 .text          0x08013dc8      0x218 /home/laurence/CodeSourcery/Sourcery_G++_Lite/bin/../lib/gcc/arm-none-eabi/4.5.2/../../../../arm-none-eabi/lib/thumb2/libm.a(lib_a-e_atan2.o)
                0x08013dc8                __ieee754_atan2
 .text          0x08013fe0      0x450 /home/laurence/CodeSourcery/Sourcery_G++_Lite/bin/../lib/gcc/arm-none-eabi/4.5.2/../../../../arm-none-eabi/lib/thumb2/libm.a(lib_a-e_rem_pio2.o)
                0x08013fe0                __ieee754_rem_pio2
 .text          0x08014430      0x1c0 /home/laurence/CodeSourcery/Sourcery_G++_Lite/bin/../lib/gcc/arm-none-eabi/4.5.2/../../../../arm-none-eabi/lib/thumb2/libm.a(lib_a-e_sqrt.o)
                0x08014430                __ieee754_sqrt
 .text          0x080145f0      0x368 /home/laurence/CodeSourcery/Sourcery_G++_Lite/bin/../lib/gcc/arm-none-eabi/4.5.2/../../../../arm-none-eabi/lib/thumb2/libm.a(lib_a-ef_acos.o)
                0x080145f0                __ieee754_acosf
 .text          0x08014958      0x318 /home/laurence/CodeSourcery/Sourcery_G++_Lite/bin/../lib/gcc/arm-none-eabi/4.5.2/../../../../arm-none-eabi/lib/thumb2/libm.a(lib_a-ef_asin.o)
                0x08014958                __ieee754_asinf
 .text          0x08014c70      0x16c /home/laurence/CodeSourcery/Sourcery_G++_Lite/bin/../lib/gcc/arm-none-eabi/4.5.2/../../../../arm-none-eabi/lib/thumb2/libm.a(lib_a-ef_atan2.o)
                0x08014c70                __ieee754_atan2f
 .text          0x08014ddc      0x358 /home/laurence/CodeSourcery/Sourcery_G++_Lite/bin/../lib/gcc/arm-none-eabi/4.5.2/../../../../arm-none-eabi/lib/thumb2/libm.a(lib_a-ef_rem_pio2.o)
                0x08014ddc                __ieee754_rem_pio2f
 .text          0x08015134       0xb0 /home/laurence/CodeSourcery/Sourcery_G++_Lite/bin/../lib/gcc/arm-none-eabi/4.5.2/../../../../arm-none-eabi/lib/thumb2/libm.a(lib_a-ef_sqrt.o)
                0x08015134                __ieee754_sqrtf
 *fill*         0x080151e4        0x4 00
 .text          0x080151e8      0x250 /home/laurence/CodeSourcery/Sourcery_G++_Lite/bin/../lib/gcc/arm-none-eabi/4.5.2/../../../../arm-none-eabi/lib/thumb2/libm.a(lib_a-k_cos.o)
                0x080151e8                __kernel_cos
 .text          0x08015438      0x7a8 /home/laurence/CodeSourcery/Sourcery_G++_Lite/bin/../lib/gcc/arm-none-eabi/4.5.2/../../../../arm-none-eabi/lib/thumb2/libm.a(lib_a-k_rem_pio2.o)
                0x08015438                __kernel_rem_pio2
 .text          0x08015be0      0x168 /home/laurence/CodeSourcery/Sourcery_G++_Lite/bin/../lib/gcc/arm-none-eabi/4.5.2/../../../../arm-none-eabi/lib/thumb2/libm.a(lib_a-k_sin.o)
                0x08015be0                __kernel_sin
 .text          0x08015d48      0x1b8 /home/laurence/CodeSourcery/Sourcery_G++_Lite/bin/../lib/gcc/arm-none-eabi/4.5.2/../../../../arm-none-eabi/lib/thumb2/libm.a(lib_a-kf_cos.o)
                0x08015d48                __kernel_cosf
 .text          0x08015f00      0x63c /home/laurence/CodeSourcery/Sourcery_G++_Lite/bin/../lib/gcc/arm-none-eabi/4.5.2/../../../../arm-none-eabi/lib/thumb2/libm.a(lib_a-kf_rem_pio2.o)
                0x08015f00                __kernel_rem_pio2f
 .text          0x0801653c      0x100 /home/laurence/CodeSourcery/Sourcery_G++_Lite/bin/../lib/gcc/arm-none-eabi/4.5.2/../../../../arm-none-eabi/lib/thumb2/libm.a(lib_a-kf_sin.o)
                0x0801653c                __kernel_sinf
 *fill*         0x0801663c        0x4 00
 .text          0x08016640      0x338 /home/laurence/CodeSourcery/Sourcery_G++_Lite/bin/../lib/gcc/arm-none-eabi/4.5.2/../../../../arm-none-eabi/lib/thumb2/libm.a(lib_a-s_atan.o)
                0x08016640                atan
 .text          0x08016978        0x8 /home/laurence/CodeSourcery/Sourcery_G++_Lite/bin/../lib/gcc/arm-none-eabi/4.5.2/../../../../arm-none-eabi/lib/thumb2/libm.a(lib_a-s_fabs.o)
                0x08016978                fabs
 .text          0x08016980       0x90 /home/laurence/CodeSourcery/Sourcery_G++_Lite/bin/../lib/gcc/arm-none-eabi/4.5.2/../../../../arm-none-eabi/lib/thumb2/libm.a(lib_a-s_fpclassify.o)
                0x08016980                __fpclassifyd
 .text          0x08016a10        0x4 /home/laurence/CodeSourcery/Sourcery_G++_Lite/bin/../lib/gcc/arm-none-eabi/4.5.2/../../../../arm-none-eabi/lib/thumb2/libm.a(lib_a-s_matherr.o)
                0x08016a10                matherr
 .text          0x08016a14        0xc /home/laurence/CodeSourcery/Sourcery_G++_Lite/bin/../lib/gcc/arm-none-eabi/4.5.2/../../../../arm-none-eabi/lib/thumb2/libm.a(lib_a-s_nan.o)
                0x08016a14                nan
 .text          0x08016a20      0x108 /home/laurence/CodeSourcery/Sourcery_G++_Lite/bin/../lib/gcc/arm-none-eabi/4.5.2/../../../../arm-none-eabi/lib/thumb2/libm.a(lib_a-s_scalbn.o)
                0x08016a20                scalbn
 .text          0x08016b28      0x244 /home/laurence/CodeSourcery/Sourcery_G++_Lite/bin/../lib/gcc/arm-none-eabi/4.5.2/../../../../arm-none-eabi/lib/thumb2/libm.a(lib_a-sf_atan.o)
                0x08016b28                atanf
 .text          0x08016d6c        0x8 /home/laurence/CodeSourcery/Sourcery_G++_Lite/bin/../lib/gcc/arm-none-eabi/4.5.2/../../../../arm-none-eabi/lib/thumb2/libm.a(lib_a-sf_fabs.o)
                0x08016d6c                fabsf
 .text          0x08016d74       0xa0 /home/laurence/CodeSourcery/Sourcery_G++_Lite/bin/../lib/gcc/arm-none-eabi/4.5.2/../../../../arm-none-eabi/lib/thumb2/libm.a(lib_a-sf_floor.o)
                0x08016d74                floorf
 .text          0x08016e14       0x7c /home/laurence/CodeSourcery/Sourcery_G++_Lite/bin/../lib/gcc/arm-none-eabi/4.5.2/../../../../arm-none-eabi/lib/thumb2/libm.a(lib_a-sf_fpclassify.o)
                0x08016e14                __fpclassifyf
 .text          0x08016e90       0xc0 /home/laurence/CodeSourcery/Sourcery_G++_Lite/bin/../lib/gcc/arm-none-eabi/4.5.2/../../../../arm-none-eabi/lib/thumb2/libm.a(lib_a-sf_scalbn.o)
                0x08016e90                scalbnf
 .text          0x08016f50       0x14 /home/laurence/CodeSourcery/Sourcery_G++_Lite/bin/../lib/gcc/arm-none-eabi/4.5.2/../../../../arm-none-eabi/lib/thumb2/libm.a(lib_a-s_copysign.o)
                0x08016f50                copysign
 .text          0x08016f64       0x10 /home/laurence/CodeSourcery/Sourcery_G++_Lite/bin/../lib/gcc/arm-none-eabi/4.5.2/../../../../arm-none-eabi/lib/thumb2/libm.a(lib_a-sf_copysign.o)
                0x08016f64                copysignf
 *fill*         0x08016f74        0x4 00
 .text          0x08016f78      0x2b0 /home/laurence/CodeSourcery/Sourcery_G++_Lite/bin/../lib/gcc/arm-none-eabi/4.5.2/thumb2/libgcc.a(_divsi3.o)
                0x08016f78                __aeabi_idiv
                0x08016f78                __divsi3
                0x0801720c                __aeabi_idivmod
 .text          0x08017228        0x4 /home/laurence/CodeSourcery/Sourcery_G++_Lite/bin/../lib/gcc/arm-none-eabi/4.5.2/thumb2/libgcc.a(_dvmd_tls.o)
                0x08017228                __aeabi_ldiv0
                0x08017228                __aeabi_idiv0
 .text          0x0801722c      0x370 /home/laurence/CodeSourcery/Sourcery_G++_Lite/bin/../lib/gcc/arm-none-eabi/4.5.2/thumb2/libgcc.a(_arm_addsubdf3.o)
                0x0801722c                __aeabi_drsub
                0x08017234                __aeabi_dsub
                0x08017234                __subdf3
                0x08017238                __adddf3
                0x08017238                __aeabi_dadd
                0x080174b0                __aeabi_ui2d
                0x080174b0                __floatunsidf
                0x080174d0                __floatsidf
                0x080174d0                __aeabi_i2d
                0x080174f4                __extendsfdf2
                0x080174f4                __aeabi_f2d
                0x08017530                __aeabi_ul2d
                0x08017530                __floatundidf
                0x08017540                __floatdidf
                0x08017540                __aeabi_l2d
 .text          0x0801759c      0x424 /home/laurence/CodeSourcery/Sourcery_G++_Lite/bin/../lib/gcc/arm-none-eabi/4.5.2/thumb2/libgcc.a(_arm_muldivdf3.o)
                0x0801759c                __aeabi_dmul
                0x0801759c                __muldf3
                0x080177f0                __aeabi_ddiv
                0x080177f0                __divdf3
 .text          0x080179c0      0x110 /home/laurence/CodeSourcery/Sourcery_G++_Lite/bin/../lib/gcc/arm-none-eabi/4.5.2/thumb2/libgcc.a(_arm_cmpdf2.o)
                0x080179c0                __gtdf2
                0x080179c0                __gedf2
                0x080179c8                __ltdf2
                0x080179c8                __ledf2
                0x080179d0                __cmpdf2
                0x080179d0                __eqdf2
                0x080179d0                __nedf2
                0x08017a4c                __aeabi_cdrcmple
                0x08017a5c                __aeabi_cdcmple
                0x08017a5c                __aeabi_cdcmpeq
                0x08017a6c                __aeabi_dcmpeq
                0x08017a80                __aeabi_dcmplt
                0x08017a94                __aeabi_dcmple
                0x08017aa8                __aeabi_dcmpge
                0x08017abc                __aeabi_dcmpgt
 .text          0x08017ad0       0x50 /home/laurence/CodeSourcery/Sourcery_G++_Lite/bin/../lib/gcc/arm-none-eabi/4.5.2/thumb2/libgcc.a(_arm_fixdfsi.o)
                0x08017ad0                __fixdfsi
                0x08017ad0                __aeabi_d2iz
 .text          0x08017b20       0x40 /home/laurence/CodeSourcery/Sourcery_G++_Lite/bin/../lib/gcc/arm-none-eabi/4.5.2/thumb2/libgcc.a(_arm_fixunsdfsi.o)
                0x08017b20                __fixunsdfsi
                0x08017b20                __aeabi_d2uiz
 .text          0x08017b60       0xa0 /home/laurence/CodeSourcery/Sourcery_G++_Lite/bin/../lib/gcc/arm-none-eabi/4.5.2/thumb2/libgcc.a(_arm_truncdfsf2.o)
                0x08017b60                __aeabi_d2f
                0x08017b60                __truncdfsf2
 .text          0x08017c00      0x21c /home/laurence/CodeSourcery/Sourcery_G++_Lite/bin/../lib/gcc/arm-none-eabi/4.5.2/thumb2/libgcc.a(_arm_addsubsf3.o)
                0x08017c00                __aeabi_frsub
                0x08017c08                __subsf3
                0x08017c08                __aeabi_fsub
                0x08017c0c                __aeabi_fadd
                0x08017c0c                __addsf3
                0x08017d6c                __aeabi_ui2f
                0x08017d6c                __floatunsisf
                0x08017d74                __aeabi_i2f
                0x08017d74                __floatsisf
                0x08017d90                __floatundisf
                0x08017d90                __aeabi_ul2f
                0x08017da0                __floatdisf
                0x08017da0                __aeabi_l2f
 .text          0x08017e1c      0x2a0 /home/laurence/CodeSourcery/Sourcery_G++_Lite/bin/../lib/gcc/arm-none-eabi/4.5.2/thumb2/libgcc.a(_arm_muldivsf3.o)
                0x08017e1c                __mulsf3
                0x08017e1c                __aeabi_fmul
                0x08017f84                __divsf3
                0x08017f84                __aeabi_fdiv
 .text          0x080180bc       0xec /home/laurence/CodeSourcery/Sourcery_G++_Lite/bin/../lib/gcc/arm-none-eabi/4.5.2/thumb2/libgcc.a(_arm_cmpsf2.o)
                0x080180bc                __gtsf2
                0x080180bc                __gesf2
                0x080180c4                __lesf2
                0x080180c4                __ltsf2
                0x080180cc                __nesf2
                0x080180cc                __eqsf2
                0x080180cc                __cmpsf2
                0x0801812c                __aeabi_cfrcmple
                0x08018134                __aeabi_cfcmple
                0x08018134                __aeabi_cfcmpeq
                0x08018144                __aeabi_fcmpeq
                0x08018158                __aeabi_fcmplt
                0x0801816c                __aeabi_fcmple
                0x08018180                __aeabi_fcmpge
                0x08018194                __aeabi_fcmpgt
 .text          0x080181a8       0x4c /home/laurence/CodeSourcery/Sourcery_G++_Lite/bin/../lib/gcc/arm-none-eabi/4.5.2/thumb2/libgcc.a(_arm_fixsfsi.o)
                0x080181a8                __fixsfsi
                0x080181a8                __aeabi_f2iz
 .text          0x080181f4       0x40 /home/laurence/CodeSourcery/Sourcery_G++_Lite/bin/../lib/gcc/arm-none-eabi/4.5.2/thumb2/libgcc.a(_arm_fixunssfsi.o)
                0x080181f4                __aeabi_f2uiz
                0x080181f4                __fixunssfsi
 .text          0x08018234       0x2c /home/laurence/CodeSourcery/Sourcery_G++_Lite/bin/../lib/gcc/arm-none-eabi/4.5.2/thumb2/libgcc.a(_fixsfdi.o)
                0x08018234                __aeabi_f2lz
                0x08018234                __fixsfdi
 .text          0x08018260       0x48 /home/laurence/CodeSourcery/Sourcery_G++_Lite/bin/../lib/gcc/arm-none-eabi/4.5.2/thumb2/libgcc.a(_fixunssfdi.o)
                0x08018260                __aeabi_f2ulz
                0x08018260                __fixunssfdi
 .text          0x080182a8        0xc /home/laurence/CodeSourcery/Sourcery_G++_Lite/bin/../lib/gcc/arm-none-eabi/4.5.2/../../../../arm-none-eabi/lib/thumb2/libc.a(lib_a-errno.o)
                0x080182a8                __errno
 .text          0x080182b4       0x20 /home/laurence/CodeSourcery/Sourcery_G++_Lite/bin/../lib/gcc/arm-none-eabi/4.5.2/../../../../arm-none-eabi/lib/thumb2/libc.a(lib_a-malloc.o)
                0x080182b4                malloc
                0x080182c4                free
 .text          0x080182d4      0x57c /home/laurence/CodeSourcery/Sourcery_G++_Lite/bin/../lib/gcc/arm-none-eabi/4.5.2/../../../../arm-none-eabi/lib/thumb2/libc.a(lib_a-mallocr.o)
                0x080182d4                _malloc_r
 .text          0x08018850      0x150 /home/laurence/CodeSourcery/Sourcery_G++_Lite/bin/../lib/gcc/arm-none-eabi/4.5.2/../../../../arm-none-eabi/lib/thumb2/libc.a(lib_a-memcpy.o)
                0x08018850                memcpy
 .text          0x080189a0       0xb4 /home/laurence/CodeSourcery/Sourcery_G++_Lite/bin/../lib/gcc/arm-none-eabi/4.5.2/../../../../arm-none-eabi/lib/thumb2/libc.a(lib_a-memset.o)
                0x080189a0                memset
 .text          0x08018a54        0x8 /home/laurence/CodeSourcery/Sourcery_G++_Lite/bin/../lib/gcc/arm-none-eabi/4.5.2/../../../../arm-none-eabi/lib/thumb2/libc.a(lib_a-mlock.o)
                0x08018a54                __malloc_lock
                0x08018a58                __malloc_unlock
 *fill*         0x08018a5c        0x4 00
 .text          0x08018a60      0x100 /home/laurence/CodeSourcery/Sourcery_G++_Lite/bin/../lib/gcc/arm-none-eabi/4.5.2/../../../../arm-none-eabi/lib/thumb2/libc.a(lib_a-rand.o)
                0x08018a60                srand
                0x08018abc                rand
 .text          0x08018b60       0x28 /home/laurence/CodeSourcery/Sourcery_G++_Lite/bin/../lib/gcc/arm-none-eabi/4.5.2/../../../../arm-none-eabi/lib/thumb2/libc.a(lib_a-sbrkr.o)
                0x08018b60                _sbrk_r
 .text          0x08018b88       0xbc /home/laurence/CodeSourcery/Sourcery_G++_Lite/bin/../lib/gcc/arm-none-eabi/4.5.2/../../../../arm-none-eabi/lib/thumb2/libc.a(lib_a-strcpy.o)
                0x08018b88                strcpy
 .text          0x08018c44      0x240 /home/laurence/CodeSourcery/Sourcery_G++_Lite/bin/../lib/gcc/arm-none-eabi/4.5.2/../../../../arm-none-eabi/lib/thumb2/libc.a(lib_a-freer.o)
                0x08018c44                _malloc_trim_r
                0x08018cec                _free_r
 .text          0x08018e84       0x30 /home/laurence/CodeSourcery/Sourcery_G++_Lite/bin/../lib/gcc/arm-none-eabi/4.5.2/../../../../arm-none-eabi/lib/thumb2/libcs3.a(start_c.o)
                0x08018e84                __cs3_premain
 .text.cs3.init
                0x08018eb4       0x50 /home/laurence/CodeSourcery/Sourcery_G++_Lite/bin/../lib/gcc/arm-none-eabi/4.5.2/../../../../arm-none-eabi/lib/thumb2/libcs3.a(start_c.o)
                0x08018eb4                __cs3_start_c
 .text          0x08018f04       0x40 /home/laurence/CodeSourcery/Sourcery_G++_Lite/bin/../lib/gcc/arm-none-eabi/4.5.2/../../../../arm-none-eabi/lib/thumb2/libcs3unhosted.a(unhosted-sbrk.o)
                0x08018f04                _sbrk
 .text.cs3.init
                0x08018f44       0x10 /home/laurence/CodeSourcery/Sourcery_G++_Lite/bin/../lib/gcc/arm-none-eabi/4.5.2/../../../../arm-none-eabi/lib/thumb2/libcs3unhosted.a(unhosted-start.o)
                0x08018f44                _start
 .text          0x08018f54        0x2 lib/libcs3-lanchon-stm32.a(lanchon_stm32_isr_interrupt.o)
                0x08018f54                MemManageException
                0x08018f54                BusFaultException
                0x08018f54                DMAChannel7_IRQHandler
                0x08018f54                DebugMonitor
                0x08018f54                SVCHandler
                0x08018f54                HardFaultException
                0x08018f54                __STM32ReservedException8
                0x08018f54                USB_HP_CAN_TX_IRQHandler
                0x08018f54                __STM32DefaultExceptionHandler
                0x08018f54                DMAChannel1_IRQHandler
                0x08018f54                CAN_SCE_IRQHandler
                0x08018f54                __STM32ReservedException10
                0x08018f54                __STM32ReservedException13
                0x08018f54                NMIException
                0x08018f54                DMAChannel4_IRQHandler
                0x08018f54                SysTickHandler
                0x08018f54                PendSVC
                0x08018f54                CAN_RX1_IRQHandler
                0x08018f54                ADC_IRQHandler
                0x08018f54                DMAChannel5_IRQHandler
                0x08018f54                DMAChannel2_IRQHandler
                0x08018f54                USB_LP_CAN_RX0_IRQHandler
                0x08018f54                __STM32ReservedException7
                0x08018f54                UsageFaultException
                0x08018f54                DMAChannel6_IRQHandler
                0x08018f54                DMAChannel3_IRQHandler
                0x08018f54                __STM32ReservedException9
 *fill*         0x08018f56        0x2 00
 .text          0x08018f58       0x50 /home/laurence/CodeSourcery/Sourcery_G++_Lite/bin/../lib/gcc/arm-none-eabi/4.5.2/../../../../arm-none-eabi/lib/thumb2/libc.a(lib_a-init.o)
                0x08018f58                __libc_init_array
 *(.plt)
 *(.gnu.warning)
 *(.glue_7t)
 .glue_7t       0x00000000        0x0 linker stubs
 *(.glue_7)
 .glue_7        0x00000000        0x0 linker stubs
 *(.vfp11_veneer)
 .vfp11_veneer  0x00000000        0x0 linker stubs
 *(.rodata .rodata.* .gnu.linkonce.r.*)
 .rodata        0x08018fa8      0x888 Sensors/earth_field.o
 .rodata.str1.1
                0x08019830        0x9 Sensors/earth_field.o
 *fill*         0x08019839        0x3 00
 .rodata        0x0801983c       0x9c Sensors/sensorcal.o
                0x0801983c                Acc_Cal_Dat
                0x08019870                Mag_Cal_Dat
                0x080198a4                Gyr_Cal_Dat
 .rodata        0x080198d8       0x9b Sensors/ubx.o
 .rodata.str1.1
                0x08019973      0x13b Sensors/ubx.o
 .rodata.str1.1
                0x08019aae        0xf Util/Fatfs/ff.o
 .rodata        0x08019abd        0xc Util/Fatfs/rtc.o
 *fill*         0x08019ac9        0x7 00
 .rodata        0x08019ad0      0x1d8 Util/RF22/RF22.o
                0x08019ad0                _ZTV4RF22
 .rodata._ZTV12RF22Datagram
                0x08019ca8       0x10 Util/RF22/RF22Datagram.o
                0x08019ca8                _ZTV12RF22Datagram
 .rodata        0x08019cb8       0x20 Util/RF22/RF22Mesh.o
                0x08019cb8                _ZTV8RF22Mesh
 .rodata._ZTV20RF22ReliableDatagram
                0x08019cd8       0x10 Util/RF22/RF22ReliableDatagram.o
                0x08019cd8                _ZTV20RF22ReliableDatagram
 .rodata        0x08019ce8       0x18 Util/RF22/RF22Router.o
                0x08019ce8                _ZTV10RF22Router
 .rodata        0x08019d00      0x100 Util/crc.o
 .rodata        0x08019e00       0x11 Util/rprintf.o
 .rodata.str1.1
                0x08019e11        0x6 Util/rprintf.o
 *fill*         0x08019e17        0x1 00
 .rodata        0x08019e18       0x54 Util/uavtalk.o
                0x08019e18                UAVtalk_objects
                0x08019e44                UAVtalk_lenghts
                0x08019e4f                UAVtalk_stream_objs
                0x08019e56                UAVtalk_stream_types
                0x08019e5e                UAVtalk_stream_timeouts
 .rodata        0x08019e6c        0xf i2c_int.o
                0x08019e6c                Magno_config
                0x08019e6f                Magno_single
                0x08019e70                Bmp_temperature
                0x08019e71                Bmp_pressure
                0x08019e72                Accel_config
                0x08019e76                Gyro_config
                0x08019e79                Gyro_clk_config
                0x08019e7a                Pitot_conv
 *fill*         0x08019e7b        0x1 00
 .rodata        0x08019e7c       0x14 lib/CMSIS_CM3/system_stm32f10x.o
                0x08019e7c                SystemFrequency
                0x08019e80                SystemFrequency_SysClk
                0x08019e84                SystemFrequency_AHBClk
                0x08019e88                SystemFrequency_APB1Clk
                0x08019e8c                SystemFrequency_APB2Clk
 .rodata.str1.1
                0x08019e90      0x461 main.o
                                0x46e (size before relaxing)
 *fill*         0x0801a2f1        0x3 00
 .rodata.str1.4
                0x0801a2f4        0x5 /home/laurence/CodeSourcery/Sourcery_G++_Lite/bin/../lib/gcc/arm-none-eabi/4.5.2/../../../../arm-none-eabi/lib/thumb2/libm.a(lib_a-w_asin.o)
                                  0xc (size before relaxing)
 *fill*         0x0801a2f9        0x3 00
 .rodata.str1.4
                0x0801a2fc        0x5 /home/laurence/CodeSourcery/Sourcery_G++_Lite/bin/../lib/gcc/arm-none-eabi/4.5.2/../../../../arm-none-eabi/lib/thumb2/libm.a(lib_a-w_sqrt.o)
                                  0x8 (size before relaxing)
 *fill*         0x0801a301        0x3 00
 .rodata.str1.4
                0x0801a304        0x6 /home/laurence/CodeSourcery/Sourcery_G++_Lite/bin/../lib/gcc/arm-none-eabi/4.5.2/../../../../arm-none-eabi/lib/thumb2/libm.a(lib_a-wf_acos.o)
                                  0xc (size before relaxing)
 *fill*         0x0801a30a        0x2 00
 .rodata.str1.4
                0x0801a30c        0x6 /home/laurence/CodeSourcery/Sourcery_G++_Lite/bin/../lib/gcc/arm-none-eabi/4.5.2/../../../../arm-none-eabi/lib/thumb2/libm.a(lib_a-wf_asin.o)
                                  0xc (size before relaxing)
 *fill*         0x0801a312        0x2 00
 .rodata.str1.4
                0x0801a314        0x6 /home/laurence/CodeSourcery/Sourcery_G++_Lite/bin/../lib/gcc/arm-none-eabi/4.5.2/../../../../arm-none-eabi/lib/thumb2/libm.a(lib_a-wf_sqrt.o)
                                  0x8 (size before relaxing)
 *fill*         0x0801a31a        0x2 00
 .rodata        0x0801a31c      0x188 /home/laurence/CodeSourcery/Sourcery_G++_Lite/bin/../lib/gcc/arm-none-eabi/4.5.2/../../../../arm-none-eabi/lib/thumb2/libm.a(lib_a-e_rem_pio2.o)
 .rodata        0x0801a4a4      0x398 /home/laurence/CodeSourcery/Sourcery_G++_Lite/bin/../lib/gcc/arm-none-eabi/4.5.2/../../../../arm-none-eabi/lib/thumb2/libm.a(lib_a-ef_rem_pio2.o)
 *fill*         0x0801a83c        0x4 00
 .rodata        0x0801a840       0x50 /home/laurence/CodeSourcery/Sourcery_G++_Lite/bin/../lib/gcc/arm-none-eabi/4.5.2/../../../../arm-none-eabi/lib/thumb2/libm.a(lib_a-k_rem_pio2.o)
 .rodata        0x0801a890       0x38 /home/laurence/CodeSourcery/Sourcery_G++_Lite/bin/../lib/gcc/arm-none-eabi/4.5.2/../../../../arm-none-eabi/lib/thumb2/libm.a(lib_a-kf_rem_pio2.o)
 .rodata        0x0801a8c8       0x40 /home/laurence/CodeSourcery/Sourcery_G++_Lite/bin/../lib/gcc/arm-none-eabi/4.5.2/../../../../arm-none-eabi/lib/thumb2/libm.a(lib_a-s_atan.o)
 .rodata        0x0801a908       0x20 /home/laurence/CodeSourcery/Sourcery_G++_Lite/bin/../lib/gcc/arm-none-eabi/4.5.2/../../../../arm-none-eabi/lib/thumb2/libm.a(lib_a-sf_atan.o)
 .rodata.str1.4
                0x0801a928        0x4 /home/laurence/CodeSourcery/Sourcery_G++_Lite/bin/../lib/gcc/arm-none-eabi/4.5.2/../../../../arm-none-eabi/lib/thumb2/libc.a(lib_a-impure.o)
 *(.ARM.extab* .gnu.linkonce.armextab.*)
 *(.gcc_except_table)
 *(.eh_frame_hdr)
 *(.eh_frame)
                0x0801a92c                . = ALIGN (0x4)
 *(.init)
 .init          0x0801a92c        0x4 /home/laurence/CodeSourcery/Sourcery_G++_Lite/bin/../lib/gcc/arm-none-eabi/4.5.2/thumb2/crti.o
                0x0801a92c                _init
 .init          0x0801a930        0x8 /home/laurence/CodeSourcery/Sourcery_G++_Lite/bin/../lib/gcc/arm-none-eabi/4.5.2/thumb2/crtn.o
                0x0801a938                . = ALIGN (0x4)
                0x0801a938                __preinit_array_start = .
 *(.preinit_array)
                0x0801a938                __preinit_array_end = .
                0x0801a938                . = ALIGN (0x4)
                0x0801a938                __init_array_start = .
 *(SORT(.init_array.*))
 *(.init_array)
 .init_array    0x0801a938        0x4 /home/laurence/CodeSourcery/Sourcery_G++_Lite/bin/../lib/gcc/arm-none-eabi/4.5.2/thumb2/crtbegin.o
 .init_array    0x0801a93c        0x4 Util/RF22/ctocpp.o
                0x0801a940                __init_array_end = .
                0x0801a940                . = ALIGN (0x4)
 *crtbegin.o(.ctors)
 *(EXCLUDE_FILE(*crtend.o) .ctors)
 *(SORT(.ctors.*))
 *crtend.o(.ctors)
                0x0801a940                . = ALIGN (0x4)
 *(.fini)
 .fini          0x0801a940        0x4 /home/laurence/CodeSourcery/Sourcery_G++_Lite/bin/../lib/gcc/arm-none-eabi/4.5.2/thumb2/crti.o
                0x0801a940                _fini
 .fini          0x0801a944        0x8 /home/laurence/CodeSourcery/Sourcery_G++_Lite/bin/../lib/gcc/arm-none-eabi/4.5.2/thumb2/crtn.o
                0x0801a94c                . = ALIGN (0x4)
                0x0801a94c                __fini_array_start = .
 *(.fini_array)
 .fini_array    0x0801a94c        0x4 /home/laurence/CodeSourcery/Sourcery_G++_Lite/bin/../lib/gcc/arm-none-eabi/4.5.2/thumb2/crtbegin.o
 *(SORT(.fini_array.*))
                0x0801a950                __fini_array_end = .
 *crtbegin.o(.dtors)
 *(EXCLUDE_FILE(*crtend.o) .dtors)
 *(SORT(.dtors.*))
 *crtend.o(.dtors)
                0x0801a950                . = ALIGN (0x4)
                0x0801a950                __cs3_regions = .
                0x0801a950        0x4 LONG 0x0
                0x0801a954        0x4 LONG 0x801a968 __cs3_region_init_ram
                0x0801a958        0x4 LONG 0x20000000 __cs3_region_start_ram
                0x0801a95c        0x4 LONG 0x688 __cs3_region_init_size_ram
                0x0801a960        0x4 LONG 0x1b90 __cs3_region_zero_size_ram
                0x0801a964                __exidx_start = .

.v4_bx          0x0801a964        0x0
 .v4_bx         0x00000000        0x0 linker stubs

.ARM.exidx
 *(.ARM.exidx* .gnu.linkonce.armexidx.*)
                0x0801a964                __exidx_end = .

.text.align     0x0801a964        0x4
                0x0801a968                . = ALIGN (0x8)
 *fill*         0x0801a964        0x4 00
                0x0801a968                _etext = .
                0x08020000                __cs3_region_end_rom = (__cs3_region_start_rom + 0x20000)
                0x00020000                __cs3_region_size_rom = 0x20000
                0x00000001                __cs3_region_num = 0x1

.data           0x20000000      0x688 load address 0x0801a968
                0x20000000                __cs3_region_start_ram = .
 *(.cs3.region-head.ram)
 *(.jcr)
 .jcr           0x20000000        0x0 /home/laurence/CodeSourcery/Sourcery_G++_Lite/bin/../lib/gcc/arm-none-eabi/4.5.2/thumb2/crtbegin.o
 .jcr           0x20000000        0x4 /home/laurence/CodeSourcery/Sourcery_G++_Lite/bin/../lib/gcc/arm-none-eabi/4.5.2/thumb2/crtend.o
 *(.got.plt)
 *(.got)
 *(.shdata)
 *(.data .data.* .gnu.linkonce.d.*)
 .data          0x20000004        0x1 Util/Fatfs/sd_spi_stm32.o
 *fill*         0x20000005        0x3 00
 .data          0x20000008       0x28 Util/uavtalk.o
                0x20000008                UAVtalk_conf
 .data          0x20000030       0x78 i2c_int.o
                0x20000030                I2C_jobs
 .data          0x200000a8        0x1 main.o
                0x200000a8                Spi_Locked
 *fill*         0x200000a9        0x3 00
 .data          0x200000ac        0x4 Control/ekf.o
                0x200000ac                Ge
 .data          0x200000b0       0xb4 Control/imu.o
 .data          0x20000164       0x14 lib/STM32F10x_StdPeriph_Driver/libstm32fw.a(stm32f10x_rcc.o)
 .data          0x20000178        0x1 /home/laurence/CodeSourcery/Sourcery_G++_Lite/bin/../lib/gcc/arm-none-eabi/4.5.2/../../../../arm-none-eabi/lib/thumb2/libm.a(lib_a-s_lib_ver.o)
                0x20000178                __fdlib_version
 *fill*         0x20000179        0x3 00
 .data          0x2000017c       0xf4 /home/laurence/CodeSourcery/Sourcery_G++_Lite/bin/../lib/gcc/arm-none-eabi/4.5.2/../../../../arm-none-eabi/lib/thumb2/libc.a(lib_a-impure.o)
                0x2000017c                _impure_ptr
 .data          0x20000270      0x410 /home/laurence/CodeSourcery/Sourcery_G++_Lite/bin/../lib/gcc/arm-none-eabi/4.5.2/../../../../arm-none-eabi/lib/thumb2/libc.a(lib_a-mallocr.o)
                0x20000270                __malloc_av_
                0x20000678                __malloc_sbrk_base
                0x2000067c                __malloc_trim_threshold
 .data          0x20000680        0x4 /home/laurence/CodeSourcery/Sourcery_G++_Lite/bin/../lib/gcc/arm-none-eabi/4.5.2/../../../../arm-none-eabi/lib/thumb2/libcs3unhosted.a(unhosted-sbrk.o)
 .data          0x20000684        0x4 /home/laurence/CodeSourcery/Sourcery_G++_Lite/bin/../lib/gcc/arm-none-eabi/4.5.2/../../../../arm-none-eabi/lib/thumb2/libcs3.a(heap.o)
                0x20000684                __cs3_heap_limit
 *(.ram)
                0x20000688                . = ALIGN (0x8)
                0x20000688                _edata = .

.bss            0x20000688     0x1b90 load address 0x0801aff0
 *(.shbss)
 *(.bss .bss.* .gnu.linkonce.b.*)
 .bss           0x20000688        0x1 /home/laurence/CodeSourcery/Sourcery_G++_Lite/bin/../lib/gcc/arm-none-eabi/4.5.2/thumb2/crtbegin.o
 *fill*         0x20000689        0x1 00
 .bss           0x2000068a       0x20 Sensors/accel_down.o
                0x200006a4                Accel_Data_Buffer
 *fill*         0x200006aa        0x2 00
 .bss           0x200006ac       0x24 Sensors/bmp085.o
                0x200006ac                Bmp_Temp_Buffer
                0x200006b0                Bmp_temp
                0x200006b4                Our_Sensorcal
                0x200006cc                Bmp_Press_Buffer
 .bss           0x200006d0        0xc Sensors/earth_field.o
 .bss           0x200006dc        0x4 Sensors/pitot.o
                0x200006dc                Pitot_Pressure
 .bss           0x200006e0        0xa Sensors/ubx.o
 *fill*         0x200006ea        0x2 00
 .bss           0x200006ec        0x8 Util/Fatfs/ff.o
 .bss           0x200006f4       0x10 Util/Fatfs/sd_spi_stm32.o
 .bss           0x20000704        0x8 Util/RF22/RF22.o
                0x20000704                _ZN4RF2217_RF22ForInterruptE
 .bss           0x2000070c       0x3b Util/RF22/RF22Mesh.o
                0x2000070c                _ZN8RF22Mesh11_tmpMessageE
 .bss           0x20000747       0x40 Util/RF22/RF22Router.o
                0x20000747                _ZN10RF22Router11_tmpMessageE
 *fill*         0x20000787        0x1 00
 .bss           0x20000788      0x180 Util/RF22/ctocpp.o
                0x20000788                rf22
 .bss           0x20000908        0x4 Util/atmospherics.o
                0x20000908                Air_Density
 .bss           0x2000090c       0x84 Util/rprintf.o
 .bss           0x20000990       0x60 Util/uavtalk.o
                0x2000099c                UAVtalk_semaphores
                0x200009a8                UAVtalk_pointers
                0x200009d4                UAVtalk_stream_timers
 .bss           0x200009f0       0x10 i2c_int.o
                0x200009f0                Jobs
                0x200009f4                job
                0x200009f8                Completed_Jobs
                0x200009fc                I2C1error
 .bss           0x20000a00        0x8 interrupts.o
 .bss           0x20000a08      0xa2c main.o
                0x20000a08                Reset_Cause
                0x20000a0c                Gps_Buffer
                0x20000b14                Usart1tx
                0x20000c1c                Si4432_buff
                0x20000d24                Millis
                0x20000d28                Gps
                0x20000d5b                Operating_Mode
                0x20000d5c                Home_Position
                0x20000dac                Long_To_Meters_Home
                0x20000fe0                f_err_code
                0x20000fe4                FATFS_logfile
                0x20001208                Si4432_connected
                0x20001209                Kalman_Enabled
                0x2000120c                UAVtalk_Attitude_Array
                0x20001228                Position_Actual
                0x20001234                Velocity_Actual
                0x20001240                UAVtalk_Altitude_Array
                0x2000124c                Waypoint_Global
                0x20001258                Battery_State
                0x20001270                Flight_Status
                0x20001272                GPS_Position
                0x20001298                uavtalk_usart_port
                0x20001332                New_Waypoint_Flagged
                0x20001333                Nav_Flag
                0x20001334                Nav_Global
                0x20001368                uavtalk_si4432_port
                0x20001402                Ground_Flag
                0x20001404                Balt
                0x20001408                GCS_Telem
                0x2000141d                Flight_Telem
 .bss           0x20001434       0x1a pwm.o
                0x20001434                TIM_TimeBaseStructure
                0x2000143e                TIM_OCInitStructure
 .bss           0x2000144e      0x104 usart.o
                0x2000144e                Usart1_rx_buff
 *fill*         0x20001552        0x2 00
 .bss           0x20001554      0xbf8 Control/ekf.o
                0x20001554                Be
                0x20001560                P
                0x20001804                X
                0x20001838                Q
                0x2000185c                R
                0x20001884                F
                0x20001b28                G
                0x20001cfc                K
                0x20001f04                Nav
                0x20001f38                H
                0x20002140                zeros
 .bss           0x2000214c       0x90 Control/imu.o
                0x2000214c                Gyro_Data_Buffer
                0x20002154                Accel_Access_Flag
                0x20002164                Accel_Data_Vector
                0x200021a0                Baro_Offset
                0x200021b0                Magno_Data_Buffer
 .bss           0x200021dc       0x34 /home/laurence/CodeSourcery/Sourcery_G++_Lite/bin/../lib/gcc/arm-none-eabi/4.5.2/../../../../arm-none-eabi/lib/thumb2/libc.a(lib_a-mallocr.o)
                0x200021dc                __malloc_top_pad
                0x200021e0                __malloc_current_mallinfo
                0x20002208                __malloc_max_sbrked_mem
                0x2000220c                __malloc_max_total_mem
 *(COMMON)
 COMMON         0x20002210        0x4 /home/laurence/CodeSourcery/Sourcery_G++_Lite/bin/../lib/gcc/arm-none-eabi/4.5.2/../../../../arm-none-eabi/lib/thumb2/libc.a(lib_a-reent.o)
                0x20002210                errno
 *(.ram.b)
                0x20002218                . = ALIGN (0x8)
 *fill*         0x20002214        0x4 00
                0x20002218                _end = .
                0x20002218                __end = .
                0x20005000                __cs3_region_end_ram = (__cs3_region_start_ram + 0x5000)
                0x00005000                __cs3_region_size_ram = 0x5000
                0x0801a968                __cs3_region_init_ram = LOADADDR (.data)
                0x00000688                __cs3_region_init_size_ram = (_edata - ADDR (.data))
                0x00001b90                __cs3_region_zero_size_ram = (_end - _edata)
                0x00000001                __cs3_region_num = 0x1

.stab
 *(.stab)

.stabstr
 *(.stabstr)

.debug
 *(.debug)

.line
 *(.line)

.debug_srcinfo
 *(.debug_srcinfo)

.debug_sfnames
 *(.debug_sfnames)

.debug_aranges
 *(.debug_aranges)

.debug_pubnames
 *(.debug_pubnames)

.debug_info
 *(.debug_info .gnu.linkonce.wi.*)

.debug_abbrev
 *(.debug_abbrev)

.debug_line
 *(.debug_line)

.comment        0x00000000       0x2a
 .comment       0x00000000       0x2a Sensors/accel_down.o
                                 0x2b (size before relaxing)
 .comment       0x00000000       0x2b Sensors/bmp085.o
 .comment       0x00000000       0x2b Sensors/earth_field.o
 .comment       0x00000000       0x2b Sensors/pitot.o
 .comment       0x00000000       0x2b Sensors/sensorcal.o
 .comment       0x00000000       0x2b Sensors/ubx.o
 .comment       0x00000000       0x2b Util/Fatfs/fattime.o
 .comment       0x00000000       0x2b Util/Fatfs/ff.o
 .comment       0x00000000       0x2b Util/Fatfs/rtc.o
 .comment       0x00000000       0x2b Util/Fatfs/sd_spi_stm32.o
 .comment       0x00000000       0x2b Util/RF22/RF22.o
 .comment       0x00000000       0x2b Util/RF22/RF22Datagram.o
 .comment       0x00000000       0x2b Util/RF22/RF22Mesh.o
 .comment       0x00000000       0x2b Util/RF22/RF22ReliableDatagram.o
 .comment       0x00000000       0x2b Util/RF22/RF22Router.o
 .comment       0x00000000       0x2b Util/RF22/ctocpp.o
 .comment       0x00000000       0x2b Util/atmospherics.o
 .comment       0x00000000       0x2b Util/coords.o
 .comment       0x00000000       0x2b Util/crc.o
 .comment       0x00000000       0x2b Util/delay.o
 .comment       0x00000000       0x2b Util/gravity.o
 .comment       0x00000000       0x2b Util/rprintf.o
 .comment       0x00000000       0x2b Util/time.o
 .comment       0x00000000       0x2b Util/uavobjconv.o
 .comment       0x00000000       0x2b Util/uavtalk.o
 .comment       0x00000000       0x2b adc.o
 .comment       0x00000000       0x2b dma.o
 .comment       0x00000000       0x2b gpio.o
 .comment       0x00000000       0x2b i2c_int.o
 .comment       0x00000000       0x2b interrupts.o
 .comment       0x00000000       0x2b lib/CMSIS_CM3/core_cm3.o
 .comment       0x00000000       0x2b lib/CMSIS_CM3/system_stm32f10x.o
 .comment       0x00000000       0x2b main.o
 .comment       0x00000000       0x2b pwm.o
 .comment       0x00000000       0x2b usart.o
 .comment       0x00000000       0x2b watchdog.o
 .comment       0x00000000       0x2b Control/ekf.o
 .comment       0x00000000       0x2b Control/imu.o
 .comment       0x00000000       0x2b Control/loops.o
 .comment       0x00000000       0x2b Control/servos.o
 .comment       0x00000000       0x2b lib/STM32F10x_StdPeriph_Driver/libstm32fw.a(misc.o)
 .comment       0x00000000       0x2b lib/STM32F10x_StdPeriph_Driver/libstm32fw.a(stm32f10x_adc.o)
 .comment       0x00000000       0x2b lib/STM32F10x_StdPeriph_Driver/libstm32fw.a(stm32f10x_bkp.o)
 .comment       0x00000000       0x2b lib/STM32F10x_StdPeriph_Driver/libstm32fw.a(stm32f10x_dma.o)
 .comment       0x00000000       0x2b lib/STM32F10x_StdPeriph_Driver/libstm32fw.a(stm32f10x_exti.o)
 .comment       0x00000000       0x2b lib/STM32F10x_StdPeriph_Driver/libstm32fw.a(stm32f10x_gpio.o)
 .comment       0x00000000       0x2b lib/STM32F10x_StdPeriph_Driver/libstm32fw.a(stm32f10x_i2c.o)
 .comment       0x00000000       0x2b lib/STM32F10x_StdPeriph_Driver/libstm32fw.a(stm32f10x_iwdg.o)
 .comment       0x00000000       0x2b lib/STM32F10x_StdPeriph_Driver/libstm32fw.a(stm32f10x_pwr.o)
 .comment       0x00000000       0x2b lib/STM32F10x_StdPeriph_Driver/libstm32fw.a(stm32f10x_rcc.o)
 .comment       0x00000000       0x2b lib/STM32F10x_StdPeriph_Driver/libstm32fw.a(stm32f10x_rtc.o)
 .comment       0x00000000       0x2b lib/STM32F10x_StdPeriph_Driver/libstm32fw.a(stm32f10x_spi.o)
 .comment       0x00000000       0x2b lib/STM32F10x_StdPeriph_Driver/libstm32fw.a(stm32f10x_tim.o)
 .comment       0x00000000       0x2b lib/STM32F10x_StdPeriph_Driver/libstm32fw.a(stm32f10x_usart.o)

.debug_frame    0x00000000      0xad0
 *(.debug_frame)
 .debug_frame   0x00000000       0x30 /home/laurence/CodeSourcery/Sourcery_G++_Lite/bin/../lib/gcc/arm-none-eabi/4.5.2/../../../../arm-none-eabi/lib/thumb2/libm.a(lib_a-s_cos.o)
 .debug_frame   0x00000030       0x34 /home/laurence/CodeSourcery/Sourcery_G++_Lite/bin/../lib/gcc/arm-none-eabi/4.5.2/../../../../arm-none-eabi/lib/thumb2/libm.a(lib_a-s_floor.o)
 .debug_frame   0x00000064       0x30 /home/laurence/CodeSourcery/Sourcery_G++_Lite/bin/../lib/gcc/arm-none-eabi/4.5.2/../../../../arm-none-eabi/lib/thumb2/libm.a(lib_a-s_sin.o)
 .debug_frame   0x00000094       0x2c /home/laurence/CodeSourcery/Sourcery_G++_Lite/bin/../lib/gcc/arm-none-eabi/4.5.2/../../../../arm-none-eabi/lib/thumb2/libm.a(lib_a-sf_cos.o)
 .debug_frame   0x000000c0       0x2c /home/laurence/CodeSourcery/Sourcery_G++_Lite/bin/../lib/gcc/arm-none-eabi/4.5.2/../../../../arm-none-eabi/lib/thumb2/libm.a(lib_a-sf_sin.o)
 .debug_frame   0x000000ec       0x34 /home/laurence/CodeSourcery/Sourcery_G++_Lite/bin/../lib/gcc/arm-none-eabi/4.5.2/../../../../arm-none-eabi/lib/thumb2/libm.a(lib_a-w_asin.o)
 .debug_frame   0x00000120       0x20 /home/laurence/CodeSourcery/Sourcery_G++_Lite/bin/../lib/gcc/arm-none-eabi/4.5.2/../../../../arm-none-eabi/lib/thumb2/libm.a(lib_a-w_atan2.o)
 .debug_frame   0x00000140       0x38 /home/laurence/CodeSourcery/Sourcery_G++_Lite/bin/../lib/gcc/arm-none-eabi/4.5.2/../../../../arm-none-eabi/lib/thumb2/libm.a(lib_a-w_sqrt.o)
 .debug_frame   0x00000178       0x30 /home/laurence/CodeSourcery/Sourcery_G++_Lite/bin/../lib/gcc/arm-none-eabi/4.5.2/../../../../arm-none-eabi/lib/thumb2/libm.a(lib_a-wf_acos.o)
 .debug_frame   0x000001a8       0x30 /home/laurence/CodeSourcery/Sourcery_G++_Lite/bin/../lib/gcc/arm-none-eabi/4.5.2/../../../../arm-none-eabi/lib/thumb2/libm.a(lib_a-wf_asin.o)
 .debug_frame   0x000001d8       0x20 /home/laurence/CodeSourcery/Sourcery_G++_Lite/bin/../lib/gcc/arm-none-eabi/4.5.2/../../../../arm-none-eabi/lib/thumb2/libm.a(lib_a-wf_atan2.o)
 .debug_frame   0x000001f8       0x30 /home/laurence/CodeSourcery/Sourcery_G++_Lite/bin/../lib/gcc/arm-none-eabi/4.5.2/../../../../arm-none-eabi/lib/thumb2/libm.a(lib_a-wf_sqrt.o)
 .debug_frame   0x00000228       0x3c /home/laurence/CodeSourcery/Sourcery_G++_Lite/bin/../lib/gcc/arm-none-eabi/4.5.2/../../../../arm-none-eabi/lib/thumb2/libm.a(lib_a-e_asin.o)