Archive member included because of file (symbol)

lib/STM32F10x_StdPeriph_Driver/libstm32fw.a(misc.o)
                              interrupts.o (NVIC_PriorityGroupConfig)
lib/STM32F10x_StdPeriph_Driver/libstm32fw.a(stm32f10x_bkp.o)
                              Util/Fatfs/rtc.o (BKP_WriteBackupRegister)
lib/STM32F10x_StdPeriph_Driver/libstm32fw.a(stm32f10x_dma.o)
                              dma.o (DMA_DeInit)
lib/STM32F10x_StdPeriph_Driver/libstm32fw.a(stm32f10x_exti.o)
                              interrupts.o (EXTI_Init)
lib/STM32F10x_StdPeriph_Driver/libstm32fw.a(stm32f10x_gpio.o)
                              Util/Fatfs/sd_spi_stm32.o (GPIO_Init)
lib/STM32F10x_StdPeriph_Driver/libstm32fw.a(stm32f10x_i2c.o)
                              i2c.o (I2C_Cmd)
lib/STM32F10x_StdPeriph_Driver/libstm32fw.a(stm32f10x_pwr.o)
                              Util/Fatfs/rtc.o (PWR_BackupAccessCmd)
lib/STM32F10x_StdPeriph_Driver/libstm32fw.a(stm32f10x_rcc.o)
                              Util/Fatfs/rtc.o (RCC_LSEConfig)
lib/STM32F10x_StdPeriph_Driver/libstm32fw.a(stm32f10x_rtc.o)
                              Util/Fatfs/rtc.o (RTC_GetCounter)
lib/STM32F10x_StdPeriph_Driver/libstm32fw.a(stm32f10x_spi.o)
                              Util/Fatfs/sd_spi_stm32.o (SPI_Init)
lib/STM32F10x_StdPeriph_Driver/libstm32fw.a(stm32f10x_usart.o)
                              usart.o (USART_Cmd)
/home/laurence/CodeSourcery/Sourcery_G++_Lite/bin/../lib/gcc/arm-none-eabi/4.4.1/../../../../arm-none-eabi/lib/thumb2/libm.a(lib_a-s_cos.o)
                              Sensors/earth_field.o (cos)
/home/laurence/CodeSourcery/Sourcery_G++_Lite/bin/../lib/gcc/arm-none-eabi/4.4.1/../../../../arm-none-eabi/lib/thumb2/libm.a(lib_a-s_sin.o)
                              Sensors/earth_field.o (sin)
/home/laurence/CodeSourcery/Sourcery_G++_Lite/bin/../lib/gcc/arm-none-eabi/4.4.1/../../../../arm-none-eabi/lib/thumb2/libm.a(lib_a-w_asin.o)
                              Sensors/earth_field.o (asin)
/home/laurence/CodeSourcery/Sourcery_G++_Lite/bin/../lib/gcc/arm-none-eabi/4.4.1/../../../../arm-none-eabi/lib/thumb2/libm.a(lib_a-w_atan2.o)
                              Sensors/earth_field.o (atan2)
/home/laurence/CodeSourcery/Sourcery_G++_Lite/bin/../lib/gcc/arm-none-eabi/4.4.1/../../../../arm-none-eabi/lib/thumb2/libm.a(lib_a-w_pow.o)
                              Sensors/bmp085.o (pow)
/home/laurence/CodeSourcery/Sourcery_G++_Lite/bin/../lib/gcc/arm-none-eabi/4.4.1/../../../../arm-none-eabi/lib/thumb2/libm.a(lib_a-w_sqrt.o)
                              Control/ekf.o (sqrt)
/home/laurence/CodeSourcery/Sourcery_G++_Lite/bin/../lib/gcc/arm-none-eabi/4.4.1/../../../../arm-none-eabi/lib/thumb2/libm.a(lib_a-e_asin.o)
                              /home/laurence/CodeSourcery/Sourcery_G++_Lite/bin/../lib/gcc/arm-none-eabi/4.4.1/../../../../arm-none-eabi/lib/thumb2/libm.a(lib_a-w_asin.o) (__ieee754_asin)
/home/laurence/CodeSourcery/Sourcery_G++_Lite/bin/../lib/gcc/arm-none-eabi/4.4.1/../../../../arm-none-eabi/lib/thumb2/libm.a(lib_a-e_atan2.o)
                              /home/laurence/CodeSourcery/Sourcery_G++_Lite/bin/../lib/gcc/arm-none-eabi/4.4.1/../../../../arm-none-eabi/lib/thumb2/libm.a(lib_a-w_atan2.o) (__ieee754_atan2)
/home/laurence/CodeSourcery/Sourcery_G++_Lite/bin/../lib/gcc/arm-none-eabi/4.4.1/../../../../arm-none-eabi/lib/thumb2/libm.a(lib_a-e_pow.o)
                              /home/laurence/CodeSourcery/Sourcery_G++_Lite/bin/../lib/gcc/arm-none-eabi/4.4.1/../../../../arm-none-eabi/lib/thumb2/libm.a(lib_a-w_pow.o) (__ieee754_pow)
/home/laurence/CodeSourcery/Sourcery_G++_Lite/bin/../lib/gcc/arm-none-eabi/4.4.1/../../../../arm-none-eabi/lib/thumb2/libm.a(lib_a-e_rem_pio2.o)
                              /home/laurence/CodeSourcery/Sourcery_G++_Lite/bin/../lib/gcc/arm-none-eabi/4.4.1/../../../../arm-none-eabi/lib/thumb2/libm.a(lib_a-s_cos.o) (__ieee754_rem_pio2)
/home/laurence/CodeSourcery/Sourcery_G++_Lite/bin/../lib/gcc/arm-none-eabi/4.4.1/../../../../arm-none-eabi/lib/thumb2/libm.a(lib_a-e_sqrt.o)
                              /home/laurence/CodeSourcery/Sourcery_G++_Lite/bin/../lib/gcc/arm-none-eabi/4.4.1/../../../../arm-none-eabi/lib/thumb2/libm.a(lib_a-w_sqrt.o) (__ieee754_sqrt)
/home/laurence/CodeSourcery/Sourcery_G++_Lite/bin/../lib/gcc/arm-none-eabi/4.4.1/../../../../arm-none-eabi/lib/thumb2/libm.a(lib_a-k_cos.o)
                              /home/laurence/CodeSourcery/Sourcery_G++_Lite/bin/../lib/gcc/arm-none-eabi/4.4.1/../../../../arm-none-eabi/lib/thumb2/libm.a(lib_a-s_cos.o) (__kernel_cos)
/home/laurence/CodeSourcery/Sourcery_G++_Lite/bin/../lib/gcc/arm-none-eabi/4.4.1/../../../../arm-none-eabi/lib/thumb2/libm.a(lib_a-k_rem_pio2.o)
                              /home/laurence/CodeSourcery/Sourcery_G++_Lite/bin/../lib/gcc/arm-none-eabi/4.4.1/../../../../arm-none-eabi/lib/thumb2/libm.a(lib_a-e_rem_pio2.o) (__kernel_rem_pio2)
[...]
Memory Configuration

Name             Origin             Length             Attributes
ram              0x20000000         0x00005000         xrw
rom              0x08000000         0x00020000         xr
*default*        0x00000000         0xffffffff

Linker script and memory map

LOAD /home/laurence/CodeSourcery/Sourcery_G++_Lite/bin/../lib/gcc/arm-none-eabi/4.4.1/thumb2/crti.o
LOAD /home/laurence/CodeSourcery/Sourcery_G++_Lite/bin/../lib/gcc/arm-none-eabi/4.4.1/thumb2/crtbegin.o
LOAD Control/ekf.o
LOAD Control/imu.o
LOAD Control/loops.o
LOAD Control/sensorcal.o
LOAD Sensors/bmp085.o
LOAD Sensors/earth_field.o
LOAD Sensors/pitot.o
LOAD Sensors/ubx.o
LOAD Util/Fatfs/fattime.o
LOAD Util/Fatfs/ff.o
LOAD Util/Fatfs/rtc.o
LOAD Util/Fatfs/sd_spi_stm32.o
LOAD Util/coords.o
LOAD Util/delay.o
LOAD Util/rprintf.o
LOAD Util/time.o
LOAD dma.o
LOAD gpio.o
LOAD i2c.o
LOAD interrupts.o
LOAD lib/CMSIS_CM3/core_cm3.o
LOAD lib/CMSIS_CM3/startup/gcc/startup_stm32f10x_md.o
LOAD lib/CMSIS_CM3/system_stm32f10x.o
LOAD main.o
LOAD usart.o
LOAD lib/STM32F10x_StdPeriph_Driver/libstm32fw.a
LOAD lib/STM32_USB-FS-Device_Driver/libstm32usb.a
LOAD /home/laurence/CodeSourcery/Sourcery_G++_Lite/bin/../lib/gcc/arm-none-eabi/4.4.1/../../../../arm-none-eabi/lib/thumb2/libm.a
START GROUP
LOAD /home/laurence/CodeSourcery/Sourcery_G++_Lite/bin/../lib/gcc/arm-none-eabi/4.4.1/thumb2/libgcc.a
LOAD /home/laurence/CodeSourcery/Sourcery_G++_Lite/bin/../lib/gcc/arm-none-eabi/4.4.1/../../../../arm-none-eabi/lib/thumb2/libc.a
END GROUP
LOAD /home/laurence/CodeSourcery/Sourcery_G++_Lite/bin/../lib/gcc/arm-none-eabi/4.4.1/thumb2/crtend.o
LOAD /home/laurence/CodeSourcery/Sourcery_G++_Lite/bin/../lib/gcc/arm-none-eabi/4.4.1/thumb2/crtn.o
START GROUP
LOAD /home/laurence/CodeSourcery/Sourcery_G++_Lite/bin/../lib/gcc/arm-none-eabi/4.4.1/thumb2/libgcc.a
LOAD /home/laurence/CodeSourcery/Sourcery_G++_Lite/bin/../lib/gcc/arm-none-eabi/4.4.1/../../../../arm-none-eabi/lib/thumb2/libc.a
LOAD /home/laurence/CodeSourcery/Sourcery_G++_Lite/bin/../lib/gcc/arm-none-eabi/4.4.1/../../../../arm-none-eabi/lib/thumb2/libcs3.a
LOAD /home/laurence/CodeSourcery/Sourcery_G++_Lite/bin/../lib/gcc/arm-none-eabi/4.4.1/../../../../arm-none-eabi/lib/thumb2/libcs3unhosted.a
LOAD lib/libcs3-lanchon-stm32.a
END GROUP
                0x20005000                PROVIDE (__cs3_stack, (__cs3_region_start_ram + __cs3_region_size_ram))
                0x200016d8                PROVIDE (__cs3_heap_start, _end)
                0x20005000                PROVIDE (__cs3_heap_end, (__cs3_region_start_ram + __cs3_region_size_ram))

.text           0x08000000    0x16b78
 CREATE_OBJECT_SYMBOLS
                0x08000000                __cs3_region_start_rom = .
 *(.cs3.region-head.rom)
                0x08000000                __cs3_interrupt_vector = __cs3_interrupt_vector_lanchon_stm32
 *(.cs3.interrupt_vector)
 .cs3.interrupt_vector
                0x08000000       0xec lib/libcs3-lanchon-stm32.a(lanchon-stm32-vector.o)
                0x08000000                __cs3_interrupt_vector_lanchon_stm32
                0x08000001                ASSERT ((. != __cs3_interrupt_vector_lanchon_stm32), No interrupt vector)
 *(.rom)
 *(.rom.b)
                0x080159f4                PROVIDE (__cs3_reset_lanchon_stm32, _start)
                0x080159f4                __cs3_reset = __cs3_reset_lanchon_stm32
 *(.cs3.reset)
 *(.text .text.* .gnu.linkonce.t.*)
 .text          0x080000ec       0x30 /home/laurence/CodeSourcery/Sourcery_G++_Lite/bin/../lib/gcc/arm-none-eabi/4.4.1/thumb2/crtbegin.o
 *fill*         0x0800011c        0x4 00
 .text          0x08000120     0x8878 Control/ekf.o
                0x08000120                ins_get_num_states
                0x08000124                INSGPSInit
                0x08000254                INSResetP
                0x08000294                INSSetState
                0x080002f8                INSPosVelReset
                0x08000380                INSSetPosVelVar
                0x0800039c                INSSetGyroBias
                0x080003b8                INSSetAccelVar
                0x080003d4                INSSetGyroVar
                0x080003f0                INSSetMagVar
                0x0800040c                INSSetMagNorth
                0x08000424                CovariancePrediction
                0x0800776e                INSCovariancePrediction
                0x08007794                SerialUpdate
                0x080078ec                StateEq
                0x08007be0                RungeKutta
                0x08007d08                LinearizeFG
                0x0800817c                MeasurementEq
                0x0800833a                LinearizeH
                0x08008604                INSCorrection
                0x080087b4                VelBaroCorrection
                0x080087d0                GpsMagCorrection
                0x080087e8                FullCorrection
                0x080087f6                GpsBaroCorrection
                0x08008814                MagVelBaroCorrection
                0x08008830                MagCorrection
                0x08008850                INSStatePrediction
 .text          0x08008998      0x548 Control/imu.o
                0x08008998                run_imu
 .text          0x08008ee0       0x6a Control/loops.o
                0x08008ee0                Run_PID
                0x08008f42                Reset_PID
 .text          0x08008f4a       0xd0 Control/sensorcal.o
                0x08008f4a                Calibrate_3
 *fill*         0x0800901a        0x6 00
 .text          0x08009020      0x230 Sensors/bmp085.o
                0x08009020                Bmp085_Convert
                0x080090d8                Baro_Convert_Pressure
                0x08009128                Baro_Setup_Temperature
                0x08009148                Baro_Setup_Pressure
                0x08009168                Baro_Read_Full_ADC
                0x08009192                bmp085ReadShort
                0x080091ae                Baro_Read_ADC
                0x080091b4                Bmp085_ReadConfig
 .text          0x08009250     0x1920 Sensors/earth_field.o
                0x08009250                WMM_CalculateSecularVariation
                0x08009358                WMM_get_secular_var_coeff_g
                0x08009370                WMM_get_main_field_coeff_g
                0x0800940c                WMM_get_secular_var_coeff_h
                0x08009424                WMM_get_main_field_coeff_h
                0x080094b8                WMM_DateToYear
                0x080094f4                WMM_RotateMagneticVector
                0x080095b0                WMM_ComputeSphericalHarmonicVariables
                0x08009684                WMM_GeodeticToSpherical
                0x080097e8                WMM_SecVarSummationSpecial
                0x08009984                WMM_SecVarSummation
                0x08009b84                WMM_SummationSpecial
                0x08009d24                WMM_Summation
                0x08009f24                WMM_PcupLow
                0x0800a270                WMM_PcupHigh
                0x0800a716                WMM_AssociatedLegendreFunction
                0x0800a7a4                WMM_CalculateGeoMagneticElements
                0x0800a868                WMM_Geomag
                0x0800a960                WMM_Initialize
                0x0800a9d8                WMM_GetMagVector
 .text          0x0800ab70       0x98 Sensors/pitot.o
                0x0800ab70                Pitot_Conv
                0x0800ab86                Pitot_convert_Airspeed
                0x0800abb0                Pitot_Read_Conv
                0x0800abd8                Pitot_Set_Temp_Conv
                0x0800abf0                Pitot_Set_Press_Conv
 .text          0x0800ac08      0x31c Sensors/ubx.o
                0x0800ac08                Gps_Process_Byte
                0x0800ad74                Get_UBX_Ack
                0x0800ae20                Config_Gps
 .text          0x0800af24       0x42 Util/Fatfs/fattime.o
                0x0800af24                get_fattime
 *fill*         0x0800af66        0x2 00
 .text          0x0800af68     0x1a54 Util/Fatfs/ff.o
                0x0800af8e                clust2sect
                0x0800b03e                f_mount
                0x0800b47c                put_fat
                0x0800b57a                get_fat
                0x0800b7ca                f_truncate
                0x0800ba30                f_readdir
                0x0800ba7e                f_getfree
                0x0800bb5e                f_lseek
                0x0800bcb0                f_write
                0x0800be62                f_read
                0x0800c08c                f_sync
                0x0800c142                f_close
                0x0800c350                f_stat
                0x0800c392                f_opendir
                0x0800c400                f_rename
                0x0800c526                f_utime
                0x0800c588                f_chmod
                0x0800c5e4                f_unlink
                0x0800c6ac                f_mkdir
                0x0800c85e                f_open
 .text          0x0800c9bc      0x2e4 Util/Fatfs/rtc.o
                0x0800ca98                my_RTC_SetCounter
                0x0800caba                rtc_settime
                0x0800cb8c                rtc_init
                0x0800cc26                rtc_gettime
 .text          0x0800cca0      0x7cc Util/Fatfs/sd_spi_stm32.o
                0x0800ccc8                disk_status
                0x0800ccd8                disk_timerproc
                0x0800cf58                disk_initialize
                0x0800d0dc                disk_ioctl
                0x0800d2e0                disk_read
                0x0800d3c0                disk_write
 *fill*         0x0800d46c        0x4 00
 .text          0x0800d470      0x630 Util/coords.o
                0x0800d470                CrossProduct
                0x0800d4ce                quat_inverse
                0x0800d4ea                quat_copy
                0x0800d500                quat_mult
                0x0800d60a                rot_mult
                0x0800d6aa                VectorMagnitude
                0x0800d6ec                RotFrom2Vectors
                0x0800d8b8                R2Quaternion
 .text          0x0800daa0       0x16 Util/delay.o
                0x0800daa0                Delay
 *fill*         0x0800dab6        0x2 00
 .text          0x0800dab8      0x57c Util/rprintf.o
                0x0800dab8                rprintfInit
                0x0800dac4                rprintfChar
                0x0800dae4                rprintfStr
                0x0800dafc                rprintfStrLen
                0x0800db32                rprintfCRLF
                0x0800db36                rprintfu04
                0x0800db40                rprintfu08
                0x0800db52                rprintfu16
                0x0800db64                rprintfu32
                0x0800db76                rprintfNum
                0x0800dc2c                rprintfFloat
                0x0800dce4                Isdigit
                0x0800dcf2                atoiRamRom
                0x0800dd18                rStrLen
                0x0800dd28                rprintf2RamRom
 .text          0x0800e034       0x20 Util/time.o
                0x0800e034                Set_RTC_From_GPS
 .text          0x0800e054       0xd8 dma.o
                0x0800e054                Pop_From_Buffer
                0x0800e070                Bytes_In_Buffer
                0x0800e09c                Get_From_Buffer
                0x0800e0d0                Flush_Buffer
                0x0800e0e2                DMA_Configuration
 .text          0x0800e12c      0x1dc gpio.o
                0x0800e12c                Get_MEMS_DRDY
                0x0800e150                MEMS_Status_Configuration
                0x0800e18c                Aux_Devices_Configuration
                0x0800e1e8                SPI_Control_Configuration
                0x0800e250                GPS_IO_Configuration
                0x0800e29c                GPIO_Config_AF_Periferals
                0x0800e2f0                All_IO_Configuration
 .text          0x0800e308      0x3fc i2c.o
                0x0800e308                Flipbytes
                0x0800e312                I2C_Read
                0x0800e538                Gyr_Stat
                0x0800e552                Gyr_Read
                0x0800e578                Mag_Read
                0x0800e59e                I2C_Conf
                0x0800e644                Gyr_Init
                0x0800e67c                Acc_Init
                0x0800e698                Mag_Init
                0x0800e6b4                I2C_Config
 .text          0x0800e704       0x84 interrupts.o
                0x0800e704                NMI_Handler
                0x0800e706                HardFault_Handler
                0x0800e708                MemManage_Handler
                0x0800e70a                BusFault_Handler
                0x0800e70c                UsageFault_Handler
                0x0800e70e                SVC_Handler
                0x0800e710                DebugMon_Handler
                0x0800e712                PendSV_Handler
                0x0800e714                SysTick_Handler
                0x0800e716                EXTI9_5_IRQHandler
                0x0800e730                EXTI6_Config
 .text.Default_Handler
                0x0800e788        0x2 lib/CMSIS_CM3/startup/gcc/startup_stm32f10x_md.o
                0x0800e788                EXTI2_IRQHandler
                0x0800e788                TIM1_CC_IRQHandler
                0x0800e788                PVD_IRQHandler
                0x0800e788                EXTI3_IRQHandler
                0x0800e788                EXTI0_IRQHandler
                0x0800e788                I2C2_EV_IRQHandler
                0x0800e788                ADC1_2_IRQHandler
                0x0800e788                SPI1_IRQHandler
                0x0800e788                TAMPER_IRQHandler
                0x0800e788                DMA1_Channel4_IRQHandler
                0x0800e788                USART3_IRQHandler
                0x0800e788                RTC_IRQHandler
                0x0800e788                DMA1_Channel7_IRQHandler
                0x0800e788                CAN1_RX1_IRQHandler
                0x0800e788                TIM4_IRQHandler
                0x0800e788                I2C1_EV_IRQHandler
                0x0800e788                DMA1_Channel6_IRQHandler
                0x0800e788                TIM3_IRQHandler
                0x0800e788                RCC_IRQHandler
                0x0800e788                TIM1_TRG_COM_IRQHandler
                0x0800e788                DMA1_Channel1_IRQHandler
                0x0800e788                Default_Handler
                0x0800e788                EXTI15_10_IRQHandler
                0x0800e788                SPI2_IRQHandler
                0x0800e788                DMA1_Channel5_IRQHandler
                0x0800e788                EXTI4_IRQHandler
                0x0800e788                USB_LP_CAN1_RX0_IRQHandler
                0x0800e788                USB_HP_CAN1_TX_IRQHandler
                0x0800e788                DMA1_Channel3_IRQHandler
                0x0800e788                TIM1_UP_IRQHandler
                0x0800e788                WWDG_IRQHandler
                0x0800e788                TIM2_IRQHandler
                0x0800e788                TIM1_BRK_IRQHandler
                0x0800e788                EXTI1_IRQHandler
                0x0800e788                RTCAlarm_IRQHandler
                0x0800e788                USART2_IRQHandler
                0x0800e788                I2C2_ER_IRQHandler
                0x0800e788                DMA1_Channel2_IRQHandler
                0x0800e788                CAN1_SCE_IRQHandler
                0x0800e788                FLASH_IRQHandler
                0x0800e788                USART1_IRQHandler
                0x0800e788                I2C1_ER_IRQHandler
                0x0800e788                USBWakeUp_IRQHandler
 *fill*         0x0800e78a        0x2 00
 .text          0x0800e78c       0xf8 lib/CMSIS_CM3/system_stm32f10x.o
                0x0800e78c                SystemInit
 *fill*         0x0800e884        0x4 00
 .text          0x0800e888      0x698 main.o
                0x0800e888                Initialisation
                0x0800ee54                main
 .text          0x0800ef20      0x17c usart.o
                0x0800ef20                Default_Usart_Config
                0x0800ef32                __gps_send_char
                0x0800ef50                Gps_Send_Str
                0x0800ef68                Gps_Send_Utf8
                0x0800ef82                __usart_send_char
                0x0800efa0                Usart_Send_Str
                0x0800efb8                USART2_reconf
                0x0800effc                Usarts_Init
 .text          0x0800f09c       0xe0 lib/STM32F10x_StdPeriph_Driver/libstm32fw.a(misc.o)
                0x0800f09c                NVIC_PriorityGroupConfig
                0x0800f0b0                NVIC_Init
                0x0800f124                NVIC_SetVectorTable
                0x0800f13c                NVIC_SystemLPConfig
                0x0800f160                SysTick_CLKSourceConfig
 .text          0x0800f17c       0xf8 lib/STM32F10x_StdPeriph_Driver/libstm32fw.a(stm32f10x_bkp.o)
                0x0800f17c                BKP_TamperPinLevelConfig
                0x0800f188                BKP_TamperPinCmd
                0x0800f194                BKP_ITConfig
                0x0800f1a0                BKP_RTCOutputConfig
                0x0800f1bc                BKP_SetRTCCalibrationValue
                0x0800f1d8                BKP_WriteBackupRegister
                0x0800f1f8                BKP_ReadBackupRegister
                0x0800f218                BKP_GetFlagStatus
                0x0800f228                BKP_ClearFlag
                0x0800f23c                BKP_GetITStatus
                0x0800f24c                BKP_ClearITPendingBit
                0x0800f260                BKP_DeInit
 .text          0x0800f274      0x290 lib/STM32F10x_StdPeriph_Driver/libstm32fw.a(stm32f10x_dma.o)
                0x0800f274                DMA_DeInit
                0x0800f3f0                DMA_Init
                0x0800f434                DMA_StructInit
                0x0800f450                DMA_Cmd
                0x0800f468                DMA_ITConfig
                0x0800f47c                DMA_GetCurrDataCounter
                0x0800f484                DMA_GetFlagStatus
                0x0800f4a8                DMA_ClearFlag
                0x0800f4c4                DMA_GetITStatus
                0x0800f4e8                DMA_ClearITPendingBit
 .text          0x0800f504      0x110 lib/STM32F10x_StdPeriph_Driver/libstm32fw.a(stm32f10x_exti.o)
                0x0800f504                EXTI_DeInit
                0x0800f524                EXTI_Init
                0x0800f5a4                EXTI_StructInit
                0x0800f5b4                EXTI_GenerateSWInterrupt
                0x0800f5c8                EXTI_GetFlagStatus
                0x0800f5dc                EXTI_ClearFlag
                0x0800f5e8                EXTI_GetITStatus
                0x0800f608                EXTI_ClearITPendingBit
 .text          0x0800f614      0x53c lib/STM32F10x_StdPeriph_Driver/libstm32fw.a(stm32f10x_gpio.o)
                0x0800f614                GPIO_Init
                0x0800f90c                GPIO_StructInit
                0x0800f91c                GPIO_ReadInputDataBit
                0x0800f928                GPIO_ReadInputData
                0x0800f930                GPIO_ReadOutputDataBit
                0x0800f93c                GPIO_ReadOutputData
                0x0800f944                GPIO_SetBits
                0x0800f948                GPIO_ResetBits
                0x0800f94c                GPIO_WriteBit
                0x0800f958                GPIO_Write
                0x0800f95c                GPIO_PinLockConfig
                0x0800f96c                GPIO_EventOutputConfig
                0x0800f994                GPIO_EventOutputCmd
                0x0800f9a0                GPIO_PinRemapConfig
                0x0800fa0c                GPIO_EXTILineConfig
                0x0800fa44                GPIO_ETH_MediaInterfaceConfig
                0x0800fa50                GPIO_AFIODeInit
                0x0800fa68                GPIO_DeInit
 .text          0x0800fb50      0x44c lib/STM32F10x_StdPeriph_Driver/libstm32fw.a(stm32f10x_i2c.o)
                0x0800fb50                I2C_StructInit
                0x0800fb6c                I2C_Cmd
                0x0800fb8c                I2C_DMACmd
                0x0800fbac                I2C_DMALastTransferCmd
                0x0800fbcc                I2C_GenerateSTART
                0x0800fbec                I2C_GenerateSTOP
                0x0800fc0c                I2C_AcknowledgeConfig
                0x0800fc2c                I2C_OwnAddress2Config
                0x0800fc44                I2C_DualAddressCmd
                0x0800fc64                I2C_GeneralCallCmd
                0x0800fc84                I2C_ITConfig
                0x0800fca0                I2C_SendData
                0x0800fca4                I2C_ReceiveData
                0x0800fcac                I2C_Send7bitAddress
                0x0800fcc0                I2C_ReadRegister
                0x0800fcd8                I2C_SoftwareResetCmd
                0x0800fcf0                I2C_SMBusAlertConfig
                0x0800fd10                I2C_TransmitPEC
                0x0800fd30                I2C_PECPositionConfig
                0x0800fd50                I2C_CalculatePEC
                0x0800fd70                I2C_GetPEC
                0x0800fd78                I2C_ARPCmd
                0x0800fd98                I2C_StretchClockCmd
                0x0800fdb8                I2C_FastModeDutyCycleConfig
                0x0800fdd8                I2C_GetLastEvent
                0x0800fde8                I2C_CheckEvent
                0x0800fe04                I2C_GetFlagStatus
                0x0800fe3c                I2C_ClearFlag
                0x0800fe44                I2C_GetITStatus
                0x0800fe60                I2C_ClearITPendingBit
                0x0800fe68                I2C_Init
                0x0800ff5c                I2C_DeInit
 .text          0x0800ff9c       0xe0 lib/STM32F10x_StdPeriph_Driver/libstm32fw.a(stm32f10x_pwr.o)
                0x0800ff9c                PWR_BackupAccessCmd
                0x0800ffa8                PWR_PVDCmd
                0x0800ffb4                PWR_PVDLevelConfig
                0x0800ffcc                PWR_WakeUpPinCmd
                0x0800ffd8                PWR_EnterSTOPMode
                0x0801000c                PWR_EnterSTANDBYMode
                0x08010038                PWR_GetFlagStatus
                0x0801004c                PWR_ClearFlag
                0x08010060                PWR_DeInit
 .text          0x0801007c      0x410 lib/STM32F10x_StdPeriph_Driver/libstm32fw.a(stm32f10x_rcc.o)
                0x0801007c                RCC_DeInit
                0x080100c0                RCC_HSEConfig
                0x080100f8                RCC_WaitForHSEStartUp
                0x08010130                RCC_AdjustHSICalibrationValue
                0x08010148                RCC_HSICmd
                0x08010154                RCC_PLLConfig
                0x0801016c                RCC_PLLCmd
                0x08010178                RCC_SYSCLKConfig
                0x08010190                RCC_GetSYSCLKSource
                0x080101a0                RCC_HCLKConfig
                0x080101b8                RCC_PCLK1Config
                0x080101d0                RCC_PCLK2Config
                0x080101e8                RCC_ITConfig
                0x08010210                RCC_USBCLKConfig
                0x0801021c                RCC_ADCCLKConfig
                0x08010234                RCC_LSEConfig
                0x08010254                RCC_LSICmd
                0x08010260                RCC_RTCCLKConfig
                0x08010274                RCC_RTCCLKCmd
                0x08010280                RCC_GetClocksFreq
                0x08010344                RCC_AHBPeriphClockCmd
                0x08010368                RCC_APB2PeriphClockCmd
                0x0801038c                RCC_APB1PeriphClockCmd
                0x080103b0                RCC_APB2PeriphResetCmd
                0x080103d4                RCC_APB1PeriphResetCmd
                0x080103f8                RCC_BackupResetCmd
                0x08010404                RCC_ClockSecuritySystemCmd
                0x08010410                RCC_MCOConfig
                0x0801041c                RCC_GetFlagStatus
                0x08010458                RCC_ClearFlag
                0x0801046c                RCC_GetITStatus
                0x08010480                RCC_ClearITPendingBit
 .text          0x0801048c      0x1b0 lib/STM32F10x_StdPeriph_Driver/libstm32fw.a(stm32f10x_rtc.o)
                0x0801048c                RTC_ITConfig
                0x080104b8                RTC_EnterConfigMode
                0x080104cc                RTC_ExitConfigMode
                0x080104e4                RTC_GetCounter
                0x080104f8                RTC_SetCounter
                0x08010524                RTC_SetPrescaler
                0x08010554                RTC_SetAlarm
                0x08010580                RTC_GetDivider
                0x08010598                RTC_WaitForLastTask
                0x080105ac                RTC_WaitForSynchro
                0x080105d0                RTC_GetFlagStatus
                0x080105e4                RTC_ClearFlag
                0x080105fc                RTC_GetITStatus
                0x08010624                RTC_ClearITPendingBit
 .text          0x0801063c      0x35c lib/STM32F10x_StdPeriph_Driver/libstm32fw.a(stm32f10x_spi.o)
                0x0801063c                SPI_Init
                0x08010688                SPI_StructInit
                0x080106a4                I2S_StructInit
                0x080106b8                SPI_Cmd
                0x080106d8                I2S_Cmd
                0x080106f8                SPI_I2S_ITConfig
                0x08010720                SPI_I2S_DMACmd
                0x0801073c                SPI_I2S_SendData
                0x08010740                SPI_I2S_ReceiveData
                0x08010748                SPI_NSSInternalSoftwareConfig
                0x08010764                SPI_SSOutputCmd
                0x08010784                SPI_DataSizeConfig
                0x080107a4                SPI_TransmitCRC
                0x080107b0                SPI_CalculateCRC
                0x080107d0                SPI_GetCRC
                0x080107e0                SPI_GetCRCPolynomial
                0x080107e8                SPI_BiDirectionalLineConfig
                0x08010808                SPI_I2S_GetFlagStatus
                0x08010814                SPI_I2S_ClearFlag
                0x0801081c                SPI_I2S_GetITStatus
                0x08010848                SPI_I2S_ClearITPendingBit
                0x0801085c                I2S_Init
                0x08010928                SPI_I2S_DeInit
 .text          0x08010998      0x424 lib/STM32F10x_StdPeriph_Driver/libstm32fw.a(stm32f10x_usart.o)
                0x08010998                USART_StructInit
                0x080109b0                USART_ClockInit
                0x080109dc                USART_ClockStructInit
                0x080109e8                USART_Cmd
                0x08010a08                USART_ITConfig
                0x08010a40                USART_DMACmd
                0x08010a5c                USART_SetAddress
                0x08010a7c                USART_WakeUpConfig
                0x08010a9c                USART_ReceiverWakeUpCmd
                0x08010abc                USART_LINBreakDetectLengthConfig
                0x08010adc                USART_LINCmd
                0x08010afc                USART_SendData
                0x08010b04                USART_ReceiveData
                0x08010b0c                USART_SendBreak
                0x08010b18                USART_SetGuardTime
                0x08010b30                USART_SetPrescaler
                0x08010b48                USART_SmartCardCmd
                0x08010b68                USART_SmartCardNACKCmd
                0x08010b88                USART_HalfDuplexCmd
                0x08010ba8                USART_IrDAConfig
                0x08010bc8                USART_IrDACmd
                0x08010be8                USART_GetFlagStatus
                0x08010bf4                USART_ClearFlag
                0x08010bfc                USART_GetITStatus
                0x08010c50                USART_ClearITPendingBit
                0x08010c60                USART_Init
                0x08010d04                USART_DeInit
 .text          0x08010dbc       0x98 /home/laurence/CodeSourcery/Sourcery_G++_Lite/bin/../lib/gcc/arm-none-eabi/4.4.1/../../../../arm-none-eabi/lib/thumb2/libm.a(lib_a-s_cos.o)
                0x08010dbc                cos
 .text          0x08010e54       0xa0 /home/laurence/CodeSourcery/Sourcery_G++_Lite/bin/../lib/gcc/arm-none-eabi/4.4.1/../../../../arm-none-eabi/lib/thumb2/libm.a(lib_a-s_sin.o)
                0x08010e54                sin
 .text          0x08010ef4       0xac /home/laurence/CodeSourcery/Sourcery_G++_Lite/bin/../lib/gcc/arm-none-eabi/4.4.1/../../../../arm-none-eabi/lib/thumb2/libm.a(lib_a-w_asin.o)
                0x08010ef4                asin
 .text          0x08010fa0        0x4 /home/laurence/CodeSourcery/Sourcery_G++_Lite/bin/../lib/gcc/arm-none-eabi/4.4.1/../../../../arm-none-eabi/lib/thumb2/libm.a(lib_a-w_atan2.o)
                0x08010fa0                atan2
 .text          0x08010fa4      0x358 /home/laurence/CodeSourcery/Sourcery_G++_Lite/bin/../lib/gcc/arm-none-eabi/4.4.1/../../../../arm-none-eabi/lib/thumb2/libm.a(lib_a-w_pow.o)
                0x08010fa4                pow
 .text          0x080112fc       0xac /home/laurence/CodeSourcery/Sourcery_G++_Lite/bin/../lib/gcc/arm-none-eabi/4.4.1/../../../../arm-none-eabi/lib/thumb2/libm.a(lib_a-w_sqrt.o)
                0x080112fc                sqrt
 .text          0x080113a8      0x420 /home/laurence/CodeSourcery/Sourcery_G++_Lite/bin/../lib/gcc/arm-none-eabi/4.4.1/../../../../arm-none-eabi/lib/thumb2/libm.a(lib_a-e_asin.o)
                0x080113a8                __ieee754_asin
 .text          0x080117c8      0x220 /home/laurence/CodeSourcery/Sourcery_G++_Lite/bin/../lib/gcc/arm-none-eabi/4.4.1/../../../../arm-none-eabi/lib/thumb2/libm.a(lib_a-e_atan2.o)
                0x080117c8                __ieee754_atan2
 .text          0x080119e8      0xb60 /home/laurence/CodeSourcery/Sourcery_G++_Lite/bin/../lib/gcc/arm-none-eabi/4.4.1/../../../../arm-none-eabi/lib/thumb2/libm.a(lib_a-e_pow.o)
                0x080119e8                __ieee754_pow
 .text          0x08012548      0x418 /home/laurence/CodeSourcery/Sourcery_G++_Lite/bin/../lib/gcc/arm-none-eabi/4.4.1/../../../../arm-none-eabi/lib/thumb2/libm.a(lib_a-e_rem_pio2.o)
                0x08012548                __ieee754_rem_pio2
 .text          0x08012960      0x1dc /home/laurence/CodeSourcery/Sourcery_G++_Lite/bin/../lib/gcc/arm-none-eabi/4.4.1/../../../../arm-none-eabi/lib/thumb2/libm.a(lib_a-e_sqrt.o)
                0x08012960                __ieee754_sqrt
 *fill*         0x08012b3c        0x4 00
 .text          0x08012b40      0x250 /home/laurence/CodeSourcery/Sourcery_G++_Lite/bin/../lib/gcc/arm-none-eabi/4.4.1/../../../../arm-none-eabi/lib/thumb2/libm.a(lib_a-k_cos.o)
                0x08012b40                __kernel_cos
 .text          0x08012d90      0x7b4 /home/laurence/CodeSourcery/Sourcery_G++_Lite/bin/../lib/gcc/arm-none-eabi/4.4.1/../../../../arm-none-eabi/lib/thumb2/libm.a(lib_a-k_rem_pio2.o)
                0x08012d90                __kernel_rem_pio2
 *fill*         0x08013544        0x4 00
 .text          0x08013548      0x170 /home/laurence/CodeSourcery/Sourcery_G++_Lite/bin/../lib/gcc/arm-none-eabi/4.4.1/../../../../arm-none-eabi/lib/thumb2/libm.a(lib_a-k_sin.o)
                0x08013548                __kernel_sin
 .text          0x080136b8      0x348 /home/laurence/CodeSourcery/Sourcery_G++_Lite/bin/../lib/gcc/arm-none-eabi/4.4.1/../../../../arm-none-eabi/lib/thumb2/libm.a(lib_a-s_atan.o)
                0x080136b8                atan
 .text          0x08013a00        0x8 /home/laurence/CodeSourcery/Sourcery_G++_Lite/bin/../lib/gcc/arm-none-eabi/4.4.1/../../../../arm-none-eabi/lib/thumb2/libm.a(lib_a-s_fabs.o)
                0x08013a00                fabs
 .text          0x08013a08       0x10 /home/laurence/CodeSourcery/Sourcery_G++_Lite/bin/../lib/gcc/arm-none-eabi/4.4.1/../../../../arm-none-eabi/lib/thumb2/libm.a(lib_a-s_finite.o)
                0x08013a08                finite
 .text          0x08013a18      0x128 /home/laurence/CodeSourcery/Sourcery_G++_Lite/bin/../lib/gcc/arm-none-eabi/4.4.1/../../../../arm-none-eabi/lib/thumb2/libm.a(lib_a-s_floor.o)
                0x08013a18                floor
 .text          0x08013b40       0x1c /home/laurence/CodeSourcery/Sourcery_G++_Lite/bin/../lib/gcc/arm-none-eabi/4.4.1/../../../../arm-none-eabi/lib/thumb2/libm.a(lib_a-s_isnand.o)
                0x08013b40                __isnand
 .text          0x08013b5c        0x4 /home/laurence/CodeSourcery/Sourcery_G++_Lite/bin/../lib/gcc/arm-none-eabi/4.4.1/../../../../arm-none-eabi/lib/thumb2/libm.a(lib_a-s_matherr.o)
                0x08013b5c                matherr
 .text          0x08013b60        0xc /home/laurence/CodeSourcery/Sourcery_G++_Lite/bin/../lib/gcc/arm-none-eabi/4.4.1/../../../../arm-none-eabi/lib/thumb2/libm.a(lib_a-s_nan.o)
                0x08013b60                nan
 .text          0x08013b6c      0x134 /home/laurence/CodeSourcery/Sourcery_G++_Lite/bin/../lib/gcc/arm-none-eabi/4.4.1/../../../../arm-none-eabi/lib/thumb2/libm.a(lib_a-s_rint.o)
                0x08013b6c                rint
 .text          0x08013ca0      0x118 /home/laurence/CodeSourcery/Sourcery_G++_Lite/bin/../lib/gcc/arm-none-eabi/4.4.1/../../../../arm-none-eabi/lib/thumb2/libm.a(lib_a-s_scalbn.o)
                0x08013ca0                scalbn
 .text          0x08013db8       0x18 /home/laurence/CodeSourcery/Sourcery_G++_Lite/bin/../lib/gcc/arm-none-eabi/4.4.1/../../../../arm-none-eabi/lib/thumb2/libm.a(lib_a-s_copysign.o)
                0x08013db8                copysign
 .text          0x08013dd0      0x2b0 /home/laurence/CodeSourcery/Sourcery_G++_Lite/bin/../lib/gcc/arm-none-eabi/4.4.1/thumb2/libgcc.a(_divsi3.o)
                0x08013dd0                __aeabi_idiv
                0x08013dd0                __divsi3
                0x08014064                __aeabi_idivmod
 .text          0x08014080        0x4 /home/laurence/CodeSourcery/Sourcery_G++_Lite/bin/../lib/gcc/arm-none-eabi/4.4.1/thumb2/libgcc.a(_dvmd_tls.o)
                0x08014080                __aeabi_ldiv0
                0x08014080                __aeabi_idiv0
 .text          0x08014084      0x370 /home/laurence/CodeSourcery/Sourcery_G++_Lite/bin/../lib/gcc/arm-none-eabi/4.4.1/thumb2/libgcc.a(_arm_addsubdf3.o)
                0x08014084                __aeabi_drsub
                0x0801408c                __aeabi_dsub
                0x0801408c                __subdf3
                0x08014090                __adddf3
                0x08014090                __aeabi_dadd
                0x08014308                __aeabi_ui2d
                0x08014308                __floatunsidf
                0x08014328                __floatsidf
                0x08014328                __aeabi_i2d
                0x0801434c                __extendsfdf2
                0x0801434c                __aeabi_f2d
                0x08014388                __aeabi_ul2d
                0x08014388                __floatundidf
                0x08014398                __floatdidf
                0x08014398                __aeabi_l2d
 .text          0x080143f4      0x424 /home/laurence/CodeSourcery/Sourcery_G++_Lite/bin/../lib/gcc/arm-none-eabi/4.4.1/thumb2/libgcc.a(_arm_muldivdf3.o)
                0x080143f4                __aeabi_dmul
                0x080143f4                __muldf3
                0x08014648                __aeabi_ddiv
                0x08014648                __divdf3
 .text          0x08014818      0x110 /home/laurence/CodeSourcery/Sourcery_G++_Lite/bin/../lib/gcc/arm-none-eabi/4.4.1/thumb2/libgcc.a(_arm_cmpdf2.o)
                0x08014818                __gtdf2
                0x08014818                __gedf2
                0x08014820                __ltdf2
                0x08014820                __ledf2
                0x08014828                __cmpdf2
                0x08014828                __eqdf2
                0x08014828                __nedf2
                0x080148a4                __aeabi_cdrcmple
                0x080148b4                __aeabi_cdcmple
                0x080148b4                __aeabi_cdcmpeq
                0x080148c4                __aeabi_dcmpeq
                0x080148d8                __aeabi_dcmplt
                0x080148ec                __aeabi_dcmple
                0x08014900                __aeabi_dcmpge
                0x08014914                __aeabi_dcmpgt
 .text          0x08014928       0x50 /home/laurence/CodeSourcery/Sourcery_G++_Lite/bin/../lib/gcc/arm-none-eabi/4.4.1/thumb2/libgcc.a(_arm_fixdfsi.o)
                0x08014928                __fixdfsi
                0x08014928                __aeabi_d2iz
 .text          0x08014978       0xa0 /home/laurence/CodeSourcery/Sourcery_G++_Lite/bin/../lib/gcc/arm-none-eabi/4.4.1/thumb2/libgcc.a(_arm_truncdfsf2.o)
                0x08014978                __aeabi_d2f
                0x08014978                __truncdfsf2
 .text          0x08014a18      0x21c /home/laurence/CodeSourcery/Sourcery_G++_Lite/bin/../lib/gcc/arm-none-eabi/4.4.1/thumb2/libgcc.a(_arm_addsubsf3.o)
                0x08014a18                __aeabi_frsub
                0x08014a20                __subsf3
                0x08014a20                __aeabi_fsub
                0x08014a24                __aeabi_fadd
                0x08014a24                __addsf3
                0x08014b84                __aeabi_ui2f
                0x08014b84                __floatunsisf
                0x08014b8c                __aeabi_i2f
                0x08014b8c                __floatsisf
                0x08014ba8                __floatundisf
                0x08014ba8                __aeabi_ul2f
                0x08014bb8                __floatdisf
                0x08014bb8                __aeabi_l2f
 .text          0x08014c34      0x2a0 /home/laurence/CodeSourcery/Sourcery_G++_Lite/bin/../lib/gcc/arm-none-eabi/4.4.1/thumb2/libgcc.a(_arm_muldivsf3.o)
                0x08014c34                __mulsf3
                0x08014c34                __aeabi_fmul
                0x08014d9c                __divsf3
                0x08014d9c                __aeabi_fdiv
 .text          0x08014ed4       0xec /home/laurence/CodeSourcery/Sourcery_G++_Lite/bin/../lib/gcc/arm-none-eabi/4.4.1/thumb2/libgcc.a(_arm_cmpsf2.o)
                0x08014ed4                __gtsf2
                0x08014ed4                __gesf2
                0x08014edc                __lesf2
                0x08014edc                __ltsf2
                0x08014ee4                __nesf2
                0x08014ee4                __eqsf2
                0x08014ee4                __cmpsf2
                0x08014f44                __aeabi_cfrcmple
                0x08014f4c                __aeabi_cfcmple
                0x08014f4c                __aeabi_cfcmpeq
                0x08014f5c                __aeabi_fcmpeq
                0x08014f70                __aeabi_fcmplt
                0x08014f84                __aeabi_fcmple
                0x08014f98                __aeabi_fcmpge
                0x08014fac                __aeabi_fcmpgt
 .text          0x08014fc0       0x40 /home/laurence/CodeSourcery/Sourcery_G++_Lite/bin/../lib/gcc/arm-none-eabi/4.4.1/thumb2/libgcc.a(_arm_fixunssfsi.o)
                0x08014fc0                __aeabi_f2uiz
                0x08014fc0                __fixunssfsi
 .text          0x08015000        0xc /home/laurence/CodeSourcery/Sourcery_G++_Lite/bin/../lib/gcc/arm-none-eabi/4.4.1/../../../../arm-none-eabi/lib/thumb2/libc.a(lib_a-errno.o)
                0x08015000                __errno
 .text          0x0801500c       0x20 /home/laurence/CodeSourcery/Sourcery_G++_Lite/bin/../lib/gcc/arm-none-eabi/4.4.1/../../../../arm-none-eabi/lib/thumb2/libc.a(lib_a-malloc.o)
                0x0801500c                free
                0x0801501c                malloc
 .text          0x0801502c      0x5a4 /home/laurence/CodeSourcery/Sourcery_G++_Lite/bin/../lib/gcc/arm-none-eabi/4.4.1/../../../../arm-none-eabi/lib/thumb2/libc.a(lib_a-mallocr.o)
                0x0801502c                _malloc_r
 .text          0x080155d0        0x8 /home/laurence/CodeSourcery/Sourcery_G++_Lite/bin/../lib/gcc/arm-none-eabi/4.4.1/../../../../arm-none-eabi/lib/thumb2/libc.a(lib_a-mlock.o)
                0x080155d0                __malloc_lock
                0x080155d4                __malloc_unlock
 .text          0x080155d8       0x28 /home/laurence/CodeSourcery/Sourcery_G++_Lite/bin/../lib/gcc/arm-none-eabi/4.4.1/../../../../arm-none-eabi/lib/thumb2/libc.a(lib_a-sbrkr.o)
                0x080155d8                _sbrk_r
 .text          0x08015600       0xbc /home/laurence/CodeSourcery/Sourcery_G++_Lite/bin/../lib/gcc/arm-none-eabi/4.4.1/../../../../arm-none-eabi/lib/thumb2/libc.a(lib_a-strcpy.o)
                0x08015600                strcpy
 .text          0x080156bc      0x268 /home/laurence/CodeSourcery/Sourcery_G++_Lite/bin/../lib/gcc/arm-none-eabi/4.4.1/../../../../arm-none-eabi/lib/thumb2/libc.a(lib_a-freer.o)
                0x080156bc                _malloc_trim_r
                0x08015764                _free_r
 .text          0x08015924       0x30 /home/laurence/CodeSourcery/Sourcery_G++_Lite/bin/../lib/gcc/arm-none-eabi/4.4.1/../../../../arm-none-eabi/lib/thumb2/libcs3.a(start_c.o)
                0x08015924                __cs3_premain
 .text.cs3.init
                0x08015954       0x5c /home/laurence/CodeSourcery/Sourcery_G++_Lite/bin/../lib/gcc/arm-none-eabi/4.4.1/../../../../arm-none-eabi/lib/thumb2/libcs3.a(start_c.o)
                0x08015954                __cs3_start_c
 .text          0x080159b0       0x44 /home/laurence/CodeSourcery/Sourcery_G++_Lite/bin/../lib/gcc/arm-none-eabi/4.4.1/../../../../arm-none-eabi/lib/thumb2/libcs3unhosted.a(unhosted-sbrk.o)
                0x080159b0                _sbrk
 .text.cs3.init
                0x080159f4       0x10 /home/laurence/CodeSourcery/Sourcery_G++_Lite/bin/../lib/gcc/arm-none-eabi/4.4.1/../../../../arm-none-eabi/lib/thumb2/libcs3unhosted.a(unhosted-start.o)
                0x080159f4                _start
 .text          0x08015a04        0x2 lib/libcs3-lanchon-stm32.a(lanchon_stm32_isr_interrupt.o)
                0x08015a04                MemManageException
                0x08015a04                BusFaultException
                0x08015a04                DMAChannel7_IRQHandler
                0x08015a04                DebugMonitor
                0x08015a04                SVCHandler
                0x08015a04                HardFaultException
                0x08015a04                __STM32ReservedException8
                0x08015a04                USB_HP_CAN_TX_IRQHandler
                0x08015a04                __STM32DefaultExceptionHandler
                0x08015a04                DMAChannel1_IRQHandler
                0x08015a04                CAN_SCE_IRQHandler
                0x08015a04                __STM32ReservedException10
                0x08015a04                __STM32ReservedException13
                0x08015a04                NMIException
                0x08015a04                DMAChannel4_IRQHandler
                0x08015a04                SysTickHandler
                0x08015a04                PendSVC
                0x08015a04                CAN_RX1_IRQHandler
                0x08015a04                ADC_IRQHandler
                0x08015a04                DMAChannel5_IRQHandler
                0x08015a04                DMAChannel2_IRQHandler
                0x08015a04                USB_LP_CAN_RX0_IRQHandler
                0x08015a04                __STM32ReservedException7
                0x08015a04                UsageFaultException
                0x08015a04                DMAChannel6_IRQHandler
                0x08015a04                DMAChannel3_IRQHandler
                0x08015a04                __STM32ReservedException9
 *fill*         0x08015a06        0x2 00
 .text          0x08015a08       0x50 /home/laurence/CodeSourcery/Sourcery_G++_Lite/bin/../lib/gcc/arm-none-eabi/4.4.1/../../../../arm-none-eabi/lib/thumb2/libc.a(lib_a-init.o)
                0x08015a08                __libc_init_array
 *(.plt)
 *(.gnu.warning)
 *(.glue_7t)
 .glue_7t       0x00000000        0x0 linker stubs
 *(.glue_7)
 .glue_7        0x00000000        0x0 linker stubs
 *(.vfp11_veneer)
 .vfp11_veneer  0x00000000        0x0 linker stubs
 *(.rodata .rodata.* .gnu.linkonce.r.*)
 .rodata        0x08015a58       0x90 Control/imu.o
 .rodata        0x08015ae8        0x8 Sensors/bmp085.o
 .rodata        0x08015af0      0x888 Sensors/earth_field.o
 .rodata.str1.1
                0x08016378        0x9 Sensors/earth_field.o
 *fill*         0x08016381        0x3 00
 .rodata        0x08016384        0x8 Sensors/pitot.o
 .rodata        0x0801638c       0xc4 Sensors/ubx.o
 .rodata.str1.1
                0x08016450      0x13b Sensors/ubx.o
 .rodata.str1.1
                0x0801658b        0xf Util/Fatfs/ff.o
 *fill*         0x0801659a        0x2 00
 .rodata        0x0801659c        0xc Util/Fatfs/rtc.o
 .rodata        0x080165a8       0x14 Util/rprintf.o
 .rodata.str1.1
                0x080165bc        0x6 Util/rprintf.o
 *fill*         0x080165c2        0x2 00
 .rodata        0x080165c4       0x1c i2c.o
 .rodata        0x080165e0       0x60 main.o
 .rodata.str1.1
                0x08016640      0x293 main.o
 *fill*         0x080168d3        0x1 00
 .rodata.str1.4
                0x080168d4        0x5 /home/laurence/CodeSourcery/Sourcery_G++_Lite/bin/../lib/gcc/arm-none-eabi/4.4.1/../../../../arm-none-eabi/lib/thumb2/libm.a(lib_a-w_asin.o)
                                  0xc (size before relaxing)
 *fill*         0x080168d9        0x3 00
 .rodata.str1.4
                0x080168dc        0x4 /home/laurence/CodeSourcery/Sourcery_G++_Lite/bin/../lib/gcc/arm-none-eabi/4.4.1/../../../../arm-none-eabi/lib/thumb2/libm.a(lib_a-w_pow.o)
 .rodata.str1.4
                0x080168e0        0x5 /home/laurence/CodeSourcery/Sourcery_G++_Lite/bin/../lib/gcc/arm-none-eabi/4.4.1/../../../../arm-none-eabi/lib/thumb2/libm.a(lib_a-w_sqrt.o)
                                  0x8 (size before relaxing)
 *fill*         0x080168e5        0x3 00
 .rodata        0x080168e8       0x30 /home/laurence/CodeSourcery/Sourcery_G++_Lite/bin/../lib/gcc/arm-none-eabi/4.4.1/../../../../arm-none-eabi/lib/thumb2/libm.a(lib_a-e_pow.o)
 .rodata.str1.4
                0x00000000        0x4 /home/laurence/CodeSourcery/Sourcery_G++_Lite/bin/../lib/gcc/arm-none-eabi/4.4.1/../../../../arm-none-eabi/lib/thumb2/libm.a(lib_a-e_pow.o)
 .rodata        0x08016918      0x188 /home/laurence/CodeSourcery/Sourcery_G++_Lite/bin/../lib/gcc/arm-none-eabi/4.4.1/../../../../arm-none-eabi/lib/thumb2/libm.a(lib_a-e_rem_pio2.o)
 .rodata        0x08016aa0       0x50 /home/laurence/CodeSourcery/Sourcery_G++_Lite/bin/../lib/gcc/arm-none-eabi/4.4.1/../../../../arm-none-eabi/lib/thumb2/libm.a(lib_a-k_rem_pio2.o)
 .rodata        0x08016af0       0x40 /home/laurence/CodeSourcery/Sourcery_G++_Lite/bin/../lib/gcc/arm-none-eabi/4.4.1/../../../../arm-none-eabi/lib/thumb2/libm.a(lib_a-s_atan.o)
 .rodata        0x08016b30       0x10 /home/laurence/CodeSourcery/Sourcery_G++_Lite/bin/../lib/gcc/arm-none-eabi/4.4.1/../../../../arm-none-eabi/lib/thumb2/libm.a(lib_a-s_rint.o)
 .rodata.str1.4
                0x08016b40        0x4 /home/laurence/CodeSourcery/Sourcery_G++_Lite/bin/../lib/gcc/arm-none-eabi/4.4.1/../../../../arm-none-eabi/lib/thumb2/libc.a(lib_a-impure.o)
 *(.ARM.extab* .gnu.linkonce.armextab.*)
 *(.gcc_except_table)
 *(.eh_frame_hdr)
 *(.eh_frame)
                0x08016b44                . = ALIGN (0x4)
 *(.init)
 .init          0x08016b44        0x4 /home/laurence/CodeSourcery/Sourcery_G++_Lite/bin/../lib/gcc/arm-none-eabi/4.4.1/thumb2/crti.o
                0x08016b44                _init
 .init          0x08016b48        0x8 /home/laurence/CodeSourcery/Sourcery_G++_Lite/bin/../lib/gcc/arm-none-eabi/4.4.1/thumb2/crtn.o
                0x08016b50                . = ALIGN (0x4)
                0x08016b50                __preinit_array_start = .
 *(.preinit_array)
                0x08016b50                __preinit_array_end = .
                0x08016b50                . = ALIGN (0x4)
                0x08016b50                __init_array_start = .
 *(SORT(.init_array.*))
 *(.init_array)
 .init_array    0x08016b50        0x4 /home/laurence/CodeSourcery/Sourcery_G++_Lite/bin/../lib/gcc/arm-none-eabi/4.4.1/thumb2/crtbegin.o
                0x08016b54                __init_array_end = .
                0x08016b54                . = ALIGN (0x4)
 *crtbegin.o(.ctors)
 *(EXCLUDE_FILE(*crtend.o) .ctors)
 *(SORT(.ctors.*))
 *crtend.o(.ctors)
                0x08016b54                . = ALIGN (0x4)
 *(.fini)
 .fini          0x08016b54        0x4 /home/laurence/CodeSourcery/Sourcery_G++_Lite/bin/../lib/gcc/arm-none-eabi/4.4.1/thumb2/crti.o
                0x08016b54                _fini
 .fini          0x08016b58        0x8 /home/laurence/CodeSourcery/Sourcery_G++_Lite/bin/../lib/gcc/arm-none-eabi/4.4.1/thumb2/crtn.o
                0x08016b60                . = ALIGN (0x4)
                0x08016b60                __fini_array_start = .
 *(.fini_array)
 .fini_array    0x08016b60        0x4 /home/laurence/CodeSourcery/Sourcery_G++_Lite/bin/../lib/gcc/arm-none-eabi/4.4.1/thumb2/crtbegin.o
 *(SORT(.fini_array.*))
                0x08016b64                __fini_array_end = .
 *crtbegin.o(.dtors)
 *(EXCLUDE_FILE(*crtend.o) .dtors)
 *(SORT(.dtors.*))
 *crtend.o(.dtors)
                0x08016b64                . = ALIGN (0x4)
                0x08016b64                __cs3_regions = .
                0x08016b64        0x4 LONG 0x0
                0x08016b68        0x4 LONG 0x8016b78 __cs3_region_init_ram
                0x08016b6c        0x4 LONG 0x20000000 __cs3_region_start_ram
                0x08016b70        0x4 LONG 0x530 __cs3_region_init_size_ram
                0x08016b74        0x4 LONG 0x11a8 __cs3_region_zero_size_ram
                0x08016b78                __exidx_start = .

.v4_bx          0x08016b78        0x0
 .v4_bx         0x00000000        0x0 linker stubs

.ARM.exidx
 *(.ARM.exidx* .gnu.linkonce.armexidx.*)
                0x08016b78                __exidx_end = .

.text.align     0x08016b78        0x0
                0x08016b78                . = ALIGN (0x8)
                0x08016b78                _etext = .
                0x08020000                __cs3_region_end_rom = (__cs3_region_start_rom + 0x20000)
                0x00020000                __cs3_region_size_rom = 0x20000
                0x00000001                __cs3_region_num = 0x1

.data           0x20000000      0x530 load address 0x08016b78
                0x20000000                __cs3_region_start_ram = .
 *(.cs3.region-head.ram)
 *(.jcr)
 .jcr           0x20000000        0x0 /home/laurence/CodeSourcery/Sourcery_G++_Lite/bin/../lib/gcc/arm-none-eabi/4.4.1/thumb2/crtbegin.o
 .jcr           0x20000000        0x4 /home/laurence/CodeSourcery/Sourcery_G++_Lite/bin/../lib/gcc/arm-none-eabi/4.4.1/thumb2/crtend.o
 *(.got.plt)
 *(.got)
 *(.shdata)
 *(.data .data.* .gnu.linkonce.d.*)
 .data          0x20000004        0x1 Util/Fatfs/sd_spi_stm32.o
 *fill*         0x20000005        0x3 00
 .data          0x20000008       0x14 lib/STM32F10x_StdPeriph_Driver/libstm32fw.a(stm32f10x_rcc.o)
 .data          0x2000001c        0x1 /home/laurence/CodeSourcery/Sourcery_G++_Lite/bin/../lib/gcc/arm-none-eabi/4.4.1/../../../../arm-none-eabi/lib/thumb2/libm.a(lib_a-s_lib_ver.o)
                0x2000001c                __fdlib_version
 *fill*         0x2000001d        0x3 00
 .data          0x20000020       0xf4 /home/laurence/CodeSourcery/Sourcery_G++_Lite/bin/../lib/gcc/arm-none-eabi/4.4.1/../../../../arm-none-eabi/lib/thumb2/libc.a(lib_a-impure.o)
                0x20000020                _impure_ptr
 .data          0x20000114      0x410 /home/laurence/CodeSourcery/Sourcery_G++_Lite/bin/../lib/gcc/arm-none-eabi/4.4.1/../../../../arm-none-eabi/lib/thumb2/libc.a(lib_a-mallocr.o)
                0x20000114                __malloc_av_
                0x2000051c                __malloc_sbrk_base
                0x20000520                __malloc_trim_threshold
 .data          0x20000524        0x4 /home/laurence/CodeSourcery/Sourcery_G++_Lite/bin/../lib/gcc/arm-none-eabi/4.4.1/../../../../arm-none-eabi/lib/thumb2/libcs3unhosted.a(unhosted-sbrk.o)
 .data          0x20000528        0x4 /home/laurence/CodeSourcery/Sourcery_G++_Lite/bin/../lib/gcc/arm-none-eabi/4.4.1/../../../../arm-none-eabi/lib/thumb2/libcs3.a(heap.o)
                0x20000528                __cs3_heap_limit
 *(.ram)
                0x20000530                . = ALIGN (0x8)
 *fill*         0x2000052c        0x4 00
                0x20000530                _edata = .

.bss            0x20000530     0x11a8 load address 0x080170a8
 *(.shbss)
 *(.bss .bss.* .gnu.linkonce.b.*)
 .bss           0x20000530        0x1 /home/laurence/CodeSourcery/Sourcery_G++_Lite/bin/../lib/gcc/arm-none-eabi/4.4.1/thumb2/crtbegin.o
 *fill*         0x20000531        0x3 00
 .bss           0x20000534      0xbf8 Control/ekf.o
                0x20000534                Be
                0x20000540                P
                0x200007e4                X
                0x20000818                Q
                0x2000083c                R
                0x20000864                F
                0x20000b08                G
                0x20000cdc                K
                0x20000ee4                H
                0x200010ec                Nav
                0x20001120                zeros
 .bss           0x2000112c       0xe4 Control/imu.o
 .bss           0x20001210       0x20 Sensors/bmp085.o
                0x20001210                Sea_Level_Pressure
                0x20001214                Our_Sensorcal
                0x2000122c                Bmp_temp
 .bss           0x20001230        0xc Sensors/earth_field.o
 .bss           0x2000123c        0xa Sensors/ubx.o
 *fill*         0x20001246        0x2 00
 .bss           0x20001248        0x8 Util/Fatfs/ff.o
 .bss           0x20001250       0x10 Util/Fatfs/sd_spi_stm32.o
 .bss           0x20001260       0x84 Util/rprintf.o
 .bss           0x200012e4      0x3b8 main.o
                0x200012e4                Gps_Buffer
                0x200013e8                Gps
                0x2000140c                Home_Position
                0x20001418                Long_To_Meters_Home
                0x2000164c                f_err_code
                0x20001650                Nav_Flag
                0x20001654                Nav_Global
                0x20001688                Waypoint_Global
                0x20001694                New_Waypoint_Flagged
                0x20001698                Ground_Flag
 .bss           0x2000169c       0x34 /home/laurence/CodeSourcery/Sourcery_G++_Lite/bin/../lib/gcc/arm-none-eabi/4.4.1/../../../../arm-none-eabi/lib/thumb2/libc.a(lib_a-mallocr.o)
                0x2000169c                __malloc_top_pad
                0x200016a0                __malloc_current_mallinfo
                0x200016c8                __malloc_max_sbrked_mem
                0x200016cc                __malloc_max_total_mem
 *(COMMON)
 COMMON         0x200016d0        0x4 /home/laurence/CodeSourcery/Sourcery_G++_Lite/bin/../lib/gcc/arm-none-eabi/4.4.1/../../../../arm-none-eabi/lib/thumb2/libc.a(lib_a-reent.o)
                0x200016d0                errno
 *(.ram.b)
                0x200016d8                . = ALIGN (0x8)
 *fill*         0x200016d4        0x4 00
                0x200016d8                _end = .
                0x200016d8                __end = .
                0x20005000                __cs3_region_end_ram = (__cs3_region_start_ram + 0x5000)
                0x00005000                __cs3_region_size_ram = 0x5000
                0x08016b78                __cs3_region_init_ram = LOADADDR (.data)
                0x00000530                __cs3_region_init_size_ram = (_edata - ADDR (.data))
                0x000011a8                __cs3_region_zero_size_ram = (_end - _edata)
                0x00000001                __cs3_region_num = 0x1

.stab
 *(.stab)

.stabstr
 *(.stabstr)

.debug
 *(.debug)

.line
 *(.line)

.debug_srcinfo
 *(.debug_srcinfo)

.debug_sfnames
 *(.debug_sfnames)

.debug_aranges
 *(.debug_aranges)

.debug_pubnames
 *(.debug_pubnames)

.debug_info
 *(.debug_info .gnu.linkonce.wi.*)

.debug_abbrev
 *(.debug_abbrev)

.debug_line
 *(.debug_line)

.comment        0x00000000      0x5e1
 .comment       0x00000000       0x2b Control/ekf.o
 .comment       0x0000002b       0x2b Control/imu.o
 .comment       0x00000056       0x2b Control/loops.o
 .comment       0x00000081       0x2b Control/sensorcal.o
 .comment       0x000000ac       0x2b Sensors/bmp085.o
 .comment       0x000000d7       0x2b Sensors/earth_field.o
 .comment       0x00000102       0x2b Sensors/pitot.o
 .comment       0x0000012d       0x2b Sensors/ubx.o
 .comment       0x00000158       0x2b Util/Fatfs/fattime.o
 .comment       0x00000183       0x2b Util/Fatfs/ff.o
 .comment       0x000001ae       0x2b Util/Fatfs/rtc.o
 .comment       0x000001d9       0x2b Util/Fatfs/sd_spi_stm32.o
 .comment       0x00000204       0x2b Util/coords.o
 .comment       0x0000022f       0x2b Util/delay.o
 .comment       0x0000025a       0x2b Util/rprintf.o
 .comment       0x00000285       0x2b Util/time.o
 .comment       0x000002b0       0x2b dma.o
 .comment       0x000002db       0x2b gpio.o
 .comment       0x00000306       0x2b i2c.o
 .comment       0x00000331       0x2b interrupts.o
 .comment       0x0000035c       0x2b lib/CMSIS_CM3/core_cm3.o
 .comment       0x00000387       0x2b lib/CMSIS_CM3/system_stm32f10x.o
 .comment       0x000003b2       0x2b main.o
 .comment       0x000003dd       0x2b usart.o
 .comment       0x00000408       0x2b lib/STM32F10x_StdPeriph_Driver/libstm32fw.a(misc.o)
 .comment       0x00000433       0x2b lib/STM32F10x_StdPeriph_Driver/libstm32fw.a(stm32f10x_bkp.o)
 .comment       0x0000045e       0x2b lib/STM32F10x_StdPeriph_Driver/libstm32fw.a(stm32f10x_dma.o)
 .comment       0x00000489       0x2b lib/STM32F10x_StdPeriph_Driver/libstm32fw.a(stm32f10x_exti.o)
 .comment       0x000004b4       0x2b lib/STM32F10x_StdPeriph_Driver/libstm32fw.a(stm32f10x_gpio.o)
 .comment       0x000004df       0x2b lib/STM32F10x_StdPeriph_Driver/libstm32fw.a(stm32f10x_i2c.o)
 .comment       0x0000050a       0x2b lib/STM32F10x_StdPeriph_Driver/libstm32fw.a(stm32f10x_pwr.o)
 .comment       0x00000535       0x2b lib/STM32F10x_StdPeriph_Driver/libstm32fw.a(stm32f10x_rcc.o)
 .comment       0x00000560       0x2b lib/STM32F10x_StdPeriph_Driver/libstm32fw.a(stm32f10x_rtc.o)
 .comment       0x0000058b       0x2b lib/STM32F10x_StdPeriph_Driver/libstm32fw.a(stm32f10x_spi.o)
 .comment       0x000005b6       0x2b lib/STM32F10x_StdPeriph_Driver/libstm32fw.a(stm32f10x_usart.o)

.debug_frame    0x00000000      0x71c
 *(.debug_frame)
 .debug_frame   0x00000000       0x34 /home/laurence/CodeSourcery/Sourcery_G++_Lite/bin/../lib/gcc/arm-none-eabi/4.4.1/../../../../arm-none-eabi/lib/thumb2/libm.a(lib_a-s_cos.o)
 .debug_frame   0x00000034       0x34 /home/laurence/CodeSourcery/Sourcery_G++_Lite/bin/../lib/gcc/arm-none-eabi/4.4.1/../../../../arm-none-eabi/lib/thumb2/libm.a(lib_a-s_sin.o)
 .debug_frame   0x00000068       0x38 /home/laurence/CodeSourcery/Sourcery_G++_Lite/bin/../lib/gcc/arm-none-eabi/4.4.1/../../../../arm-none-eabi/lib/thumb2/libm.a(lib_a-w_asin.o)
 .debug_frame   0x000000a0       0x20 /home/laurence/CodeSourcery/Sourcery_G++_Lite/bin/../lib/gcc/arm-none-eabi/4.4.1/../../../../arm-none-eabi/lib/thumb2/libm.a(lib_a-w_atan2.o)
 .debug_frame   0x000000c0       0x3c /home/laurence/CodeSourcery/Sourcery_G++_Lite/bin/../lib/gcc/arm-none-eabi/4.4.1/../../../../arm-none-eabi/lib/thumb2/libm.a(lib_a-w_pow.o)
 .debug_frame   0x000000fc       0x3c /home/laurence/CodeSourcery/Sourcery_G++_Lite/bin/../lib/gcc/arm-none-eabi/4.4.1/../../../../arm-none-eabi/lib/thumb2/libm.a(lib_a-w_sqrt.o)
 .debug_frame   0x00000138       0x3c /home/laurence/CodeSourcery/Sourcery_G++_Lite/bin/../lib/gcc/arm-none-eabi/4.4.1/../../../../arm-none-eabi/lib/thumb2/libm.a(lib_a-e_asin.o)
 .debug_frame   0x00000174       0x3c /home/laurence/CodeSourcery/Sourcery_G++_Lite/bin/../lib/gcc/arm-none-eabi/4.4.1/../../../../arm-none-eabi/lib/thumb2/libm.a(lib_a-e_atan2.o)
 .debug_frame   0x000001b0       0x3c /home/laurence/CodeSourcery/Sourcery_G++_Lite/bin/../lib/gcc/arm-none-eabi/4.4.1/../../../../arm-none-eabi/lib/thumb2/libm.a(lib_a-e_pow.o)
 .debug_frame   0x000001ec       0x3c /home/laurence/CodeSourcery/Sourcery_G++_Lite/bin/../lib/gcc/arm-none-eabi/4.4.1/../../../../arm-none-eabi/lib/thumb2/libm.a(lib_a-e_rem_pio2.o)
 .debug_frame   0x00000228       0x34 /home/laurence/CodeSourcery/Sourcery_G++_Lite/bin/../lib/gcc/arm-none-eabi/4.4.1/../../../../arm-none-eabi/lib/thumb2/libm.a(lib_a-e_sqrt.o)
 .debug_frame   0x0000025c       0x3c /home/laurence/CodeSourcery/Sourcery_G++_Lite/bin/../lib/gcc/arm-none-eabi/4.4.1/../../../../arm-none-eabi/lib/thumb2/libm.a(lib_a-k_cos.o)
 .debug_frame   0x00000298       0x3c /home/laurence/CodeSourcery/Sourcery_G++_Lite/bin/../lib/gcc/arm-none-eabi/4.4.1/../../../../arm-none-eabi/lib/thumb2/libm.a(lib_a-k_rem_pio2.o)
 .debug_frame   0x000002d4       0x3c /home/laurence/CodeSourcery/Sourcery_G++_Lite/bin/../lib/gcc/arm-none-eabi/4.4.1/../../../../arm-none-eabi/lib/thumb2/libm.a(lib_a-k_sin.o)
 .debug_frame   0x00000310       0x38 /home/laurence/CodeSourcery/Sourcery_G++_Lite/bin/../lib/gcc/arm-none-eabi/4.4.1/../../../../arm-none-eabi/lib/thumb2/libm.a(lib_a-s_atan.o)
 .debug_frame   0x00000348       0x20 /home/laurence/CodeSourcery/Sourcery_G++_Lite/bin/../lib/gcc/arm-none-eabi/4.4.1/../../../../arm-none-eabi/lib/thumb2/libm.a(lib_a-s_fabs.o)
 .debug_frame   0x00000368       0x20 /home/laurence/CodeSourcery/Sourcery_G++_Lite/bin/../lib/gcc/arm-none-eabi/4.4.1/../../../../arm-none-eabi/lib/thumb2/libm.a(lib_a-s_finite.o)
 .debug_frame   0x00000388       0x34 /home/laurence/CodeSourcery/Sourcery_G++_Lite/bin/../lib/gcc/arm-none-eabi/4.4.1/../../../../arm-none-eabi/lib/thumb2/libm.a(lib_a-s_floor.o)
 .debug_frame   0x000003bc       0x20 /home/laurence/CodeSourcery/Sourcery_G++_Lite/bin/../lib/gcc/arm-none-eabi/4.4.1/../../../../arm-none-eabi/lib/thumb2/libm.a(lib_a-s_isnand.o)
 .debug_frame   0x000003dc       0x20 /home/laurence/CodeSourcery/Sourcery_G++_Lite/bin/../lib/gcc/arm-none-eabi/4.4.1/../../../../arm-none-eabi/lib/thumb2/libm.a(lib_a-s_matherr.o)
 .debug_frame   0x000003fc       0x20 /home/laurence/CodeSourcery/Sourcery_G++_Lite/bin/../lib/gcc/arm-none-eabi/4.4.1/../../../../arm-none-eabi/lib/thumb2/libm.a(lib_a-s_nan.o)
 .debug_frame   0x0000041c       0x38 /home/laurence/CodeSourcery/Sourcery_G++_Lite/bin/../lib/gcc/arm-none-eabi/4.4.1/../../../../arm-none-eabi/lib/thumb2/libm.a(lib_a-s_rint.o)
 .debug_frame   0x00000454       0x30 /home/laurence/CodeSourcery/Sourcery_G++_Lite/bin/../lib/gcc/arm-none-eabi/4.4.1/../../../../arm-none-eabi/lib/thumb2/libm.a(lib_a-s_scalbn.o)
 .debug_frame   0x00000484       0x28 /home/laurence/CodeSourcery/Sourcery_G++_Lite/bin/../lib/gcc/arm-none-eabi/4.4.1/../../../../arm-none-eabi/lib/thumb2/libm.a(lib_a-s_copysign.o)
 .debug_frame   0x000004ac       0x20 /home/laurence/CodeSourcery/Sourcery_G++_Lite/bin/../lib/gcc/arm-none-eabi/4.4.1/thumb2/libgcc.a(_divsi3.o)
 .debug_frame   0x000004cc       0x20 /home/laurence/CodeSourcery/Sourcery_G++_Lite/bin/../lib/gcc/arm-none-eabi/4.4.1/../../../../arm-none-eabi/lib/thumb2/libc.a(lib_a-errno.o)
 .debug_frame   0x000004ec       0x30 /home/laurence/CodeSourcery/Sourcery_G++_Lite/bin/../lib/gcc/arm-none-eabi/4.4.1/../../../../arm-none-eabi/lib/thumb2/libc.a(lib_a-malloc.o)
 .debug_frame   0x0000051c       0x3c /home/laurence/CodeSourcery/Sourcery_G++_Lite/bin/../lib/gcc/arm-none-eabi/4.4.1/../../../../arm-none-eabi/lib/thumb2/libc.a(lib_a-mallocr.o)
 .debug_frame   0x00000558       0x30 /home/laurence/CodeSourcery/Sourcery_G++_Lite/bin/../lib/gcc/arm-none-eabi/4.4.1/../../../../arm-none-eabi/lib/thumb2/libc.a(lib_a-mlock.o)
 .debug_frame   0x00000588       0x2c /home/laurence/CodeSourcery/Sourcery_G++_Lite/bin/../lib/gcc/arm-none-eabi/4.4.1/../../../../arm-none-eabi/lib/thumb2/libc.a(lib_a-sbrkr.o)
 .debug_frame   0x000005b4       0x20 /home/laurence/CodeSourcery/Sourcery_G++_Lite/bin/../lib/gcc/arm-none-eabi/4.4.1/../../../../arm-none-eabi/lib/thumb2/libc.a(lib_a-strcpy.o)
 .debug_frame   0x000005d4       0x50 /home/laurence/CodeSourcery/Sourcery_G++_Lite/bin/../lib/gcc/arm-none-eabi/4.4.1/../../../../arm-none-eabi/lib/thumb2/libc.a(lib_a-freer.o)
 .debug_frame   0x00000624       0x64 /home/laurence/CodeSourcery/Sourcery_G++_Lite/bin/../lib/gcc/arm-none-eabi/4.4.1/../../../../arm-none-eabi/lib/thumb2/libc.a(lib_a-reent.o)
 .debug_frame   0x00000688       0x40 /home/laurence/CodeSourcery/Sourcery_G++_Lite/bin/../lib/gcc/arm-none-eabi/4.4.1/../../../../arm-none-eabi/lib/thumb2/libcs3.a(start_c.o)
 .debug_frame   0x000006c8       0x28 /home/laurence/CodeSourcery/Sourcery_G++_Lite/bin/../lib/gcc/arm-none-eabi/4.4.1/../../../../arm-none-eabi/lib/thumb2/libcs3unhosted.a(unhosted-sbrk.o)
 .debug_frame   0x000006f0       0x2c /home/laurence/CodeSourcery/Sourcery_G++_Lite/bin/../lib/gcc/arm-none-eabi/4.4.1/../../../../arm-none-eabi/lib/thumb2/libc.a(lib_a-init.o)

.debug_str
 *(.debug_str)

.debug_loc
 *(.debug_loc)

.debug_macinfo
 *(.debug_macinfo)

.debug_weaknames
 *(.debug_weaknames)

.debug_funcnames
 *(.debug_funcnames)

.debug_typenames
 *(.debug_typenames)

.debug_varnames
 *(.debug_varnames)

.note.gnu.arm.ident
 *(.note.gnu.arm.ident)

.ARM.attributes
                0x00000000       0x25
 *(.ARM.attributes)
 .ARM.attributes
                0x00000000       0x19 /home/laurence/CodeSourcery/Sourcery_G++_Lite/bin/../lib/gcc/arm-none-eabi/4.4.1/thumb2/crti.o
 .ARM.attributes
                0x00000019       0x29 /home/laurence/CodeSourcery/Sourcery_G++_Lite/bin/../lib/gcc/arm-none-eabi/4.4.1/thumb2/crtbegin.o
 .ARM.attributes
                0x00000042       0x31 Control/ekf.o
 .ARM.attributes
                0x00000073       0x31 Control/imu.o
 .ARM.attributes
                0x000000a4       0x31 Control/loops.o
 .ARM.attributes
                0x000000d5       0x31 Control/sensorcal.o
 .ARM.attributes
                0x00000106       0x31 Sensors/bmp085.o
 .ARM.attributes
                0x00000137       0x31 Sensors/earth_field.o
 .ARM.attributes
                0x00000168       0x31 Sensors/pitot.o
 .ARM.attributes
                0x00000199       0x31 Sensors/ubx.o
 .ARM.attributes
                0x000001ca       0x31 Util/Fatfs/fattime.o
 .ARM.attributes
                0x000001fb       0x31 Util/Fatfs/ff.o
 .ARM.attributes
                0x0000022c       0x31 Util/Fatfs/rtc.o
 .ARM.attributes
                0x0000025d       0x31 Util/Fatfs/sd_spi_stm32.o
 .ARM.attributes
                0x0000028e       0x31 Util/coords.o
 .ARM.attributes
                0x000002bf       0x31 Util/delay.o
 .ARM.attributes
                0x000002f0       0x31 Util/rprintf.o
 .ARM.attributes
                0x00000321       0x31 Util/time.o
 .ARM.attributes
                0x00000352       0x31 dma.o
 .ARM.attributes
                0x00000383       0x31 gpio.o
 .ARM.attributes
                0x000003b4       0x31 i2c.o
 .ARM.attributes
                0x000003e5       0x31 interrupts.o
 .ARM.attributes
                0x00000416       0x31 lib/CMSIS_CM3/core_cm3.o
 .ARM.attributes
                0x00000447       0x21 lib/CMSIS_CM3/startup/gcc/startup_stm32f10x_md.o
 .ARM.attributes
                0x00000468       0x31 lib/CMSIS_CM3/system_stm32f10x.o
 .ARM.attributes
                0x00000499       0x31 main.o
 .ARM.attributes
                0x000004ca       0x31 usart.o
 .ARM.attributes
                0x000004fb       0x31 lib/STM32F10x_StdPeriph_Driver/libstm32fw.a(misc.o)
 .ARM.attributes
                0x0000052c       0x31 lib/STM32F10x_StdPeriph_Driver/libstm32fw.a(stm32f10x_bkp.o)
 .ARM.attributes
                0x0000055d       0x31 lib/STM32F10x_StdPeriph_Driver/libstm32fw.a(stm32f10x_dma.o)
 .ARM.attributes
                0x0000058e       0x31 lib/STM32F10x_StdPeriph_Driver/libstm32fw.a(stm32f10x_exti.o)
 .ARM.attributes
                0x000005bf       0x31 lib/STM32F10x_StdPeriph_Driver/libstm32fw.a(stm32f10x_gpio.o)
 .ARM.attributes
                0x000005f0       0x31 lib/STM32F10x_StdPeriph_Driver/libstm32fw.a(stm32f10x_i2c.o)
 .ARM.attributes
                0x00000621       0x31 lib/STM32F10x_StdPeriph_Driver/libstm32fw.a(stm32f10x_pwr.o)
 .ARM.attributes
                0x00000652       0x31 lib/STM32F10x_StdPeriph_Driver/libstm32fw.a(stm32f10x_rcc.o)
 .ARM.attributes
                0x00000683       0x31 lib/STM32F10x_StdPeriph_Driver/libstm32fw.a(stm32f10x_rtc.o)
 .ARM.attributes
                0x000006b4       0x31 lib/STM32F10x_StdPeriph_Driver/libstm32fw.a(stm32f10x_spi.o)
 .ARM.attributes
                0x000006e5       0x31 lib/STM32F10x_StdPeriph_Driver/libstm32fw.a(stm32f10x_usart.o)
 .ARM.attributes
                0x00000716       0x29 /home/laurence/CodeSourcery/Sourcery_G++_Lite/bin/../lib/gcc/arm-none-eabi/4.4.1/../../../../arm-none-eabi/lib/thumb2/libm.a(lib_a-s_cos.o)
 .ARM.attributes
                0x0000073f       0x29 /home/laurence/CodeSourcery/Sourcery_G++_Lite/bin/../lib/gcc/arm-none-eabi/4.4.1/../../../../arm-none-eabi/lib/thumb2/libm.a(lib_a-s_sin.o)
 .ARM.attributes
                0x00000768       0x29 /home/laurence/CodeSourcery/Sourcery_G++_Lite/bin/../lib/gcc/arm-none-eabi/4.4.1/../../../../arm-none-eabi/lib/thumb2/libm.a(lib_a-w_asin.o)
 .ARM.attributes
                0x00000791       0x29 /home/laurence/CodeSourcery/Sourcery_G++_Lite/bin/../lib/gcc/arm-none-eabi/4.4.1/../../../../arm-none-eabi/lib/thumb2/libm.a(lib_a-w_atan2.o)
 .ARM.attributes
                0x000007ba       0x29 /home/laurence/CodeSourcery/Sourcery_G++_Lite/bin/../lib/gcc/arm-none-eabi/4.4.1/../../../../arm-none-eabi/lib/thumb2/libm.a(lib_a-w_pow.o)
 .ARM.attributes
                0x000007e3       0x29 /home/laurence/CodeSourcery/Sourcery_G++_Lite/bin/../lib/gcc/arm-none-eabi/4.4.1/../../../../arm-none-eabi/lib/thumb2/libm.a(lib_a-w_sqrt.o)
 .ARM.attributes
                0x0000080c       0x29 /home/laurence/CodeSourcery/Sourcery_G++_Lite/bin/../lib/gcc/arm-none-eabi/4.4.1/../../../../arm-none-eabi/lib/thumb2/libm.a(lib_a-e_asin.o)
 .ARM.attributes
                0x00000835       0x29 /home/laurence/CodeSourcery/Sourcery_G++_Lite/bin/../lib/gcc/arm-none-eabi/4.4.1/../../../../arm-none-eabi/lib/thumb2/libm.a(lib_a-e_atan2.o)
 .ARM.attributes
                0x0000085e       0x29 /home/laurence/CodeSourcery/Sourcery_G++_Lite/bin/../lib/gcc/arm-none-eabi/4.4.1/../../../../arm-none-eabi/lib/thumb2/libm.a(lib_a-e_pow.o)
 .ARM.attributes
                0x00000887       0x29 /home/laurence/CodeSourcery/Sourcery_G++_Lite/bin/../lib/gcc/arm-none-eabi/4.4.1/../../../../arm-none-eabi/lib/thumb2/libm.a(lib_a-e_rem_pio2.o)
 .ARM.attributes
                0x000008b0       0x29 /home/laurence/CodeSourcery/Sourcery_G++_Lite/bin/../lib/gcc/arm-none-eabi/4.4.1/../../../../arm-none-eabi/lib/thumb2/libm.a(lib_a-e_sqrt.o)
 .ARM.attributes
                0x000008d9       0x29 /home/laurence/CodeSourcery/Sourcery_G++_Lite/bin/../lib/gcc/arm-none-eabi/4.4.1/../../../../arm-none-eabi/lib/thumb2/libm.a(lib_a-k_cos.o)
 .ARM.attributes
                0x00000902       0x29 /home/laurence/CodeSourcery/Sourcery_G++_Lite/bin/../lib/gcc/arm-none-eabi/4.4.1/../../../../arm-none-eabi/lib/thumb2/libm.a(lib_a-k_rem_pio2.o)
 .ARM.attributes
                0x0000092b       0x29 /home/laurence/CodeSourcery/Sourcery_G++_Lite/bin/../lib/gcc/arm-none-eabi/4.4.1/../../../../arm-none-eabi/lib/thumb2/libm.a(lib_a-k_sin.o)
 .ARM.attributes
                0x00000954       0x29 /home/laurence/CodeSourcery/Sourcery_G++_Lite/bin/../lib/gcc/arm-none-eabi/4.4.1/../../../../arm-none-eabi/lib/thumb2/libm.a(lib_a-s_atan.o)
 .ARM.attributes
                0x0000097d       0x29 /home/laurence/CodeSourcery/Sourcery_G++_Lite/bin/../lib/gcc/arm-none-eabi/4.4.1/../../../../arm-none-eabi/lib/thumb2/libm.a(lib_a-s_fabs.o)
 .ARM.attributes
                0x000009a6       0x29 /home/laurence/CodeSourcery/Sourcery_G++_Lite/bin/../lib/gcc/arm-none-eabi/4.4.1/../../../../arm-none-eabi/lib/thumb2/libm.a(lib_a-s_finite.o)
 .ARM.attributes
                0x000009cf       0x29 /home/laurence/CodeSourcery/Sourcery_G++_Lite/bin/../lib/gcc/arm-none-eabi/4.4.1/../../../../arm-none-eabi/lib/thumb2/libm.a(lib_a-s_floor.o)
 .ARM.attributes
                0x000009f8       0x29 /home/laurence/CodeSourcery/Sourcery_G++_Lite/bin/../lib/gcc/arm-none-eabi/4.4.1/../../../../arm-none-eabi/lib/thumb2/libm.a(lib_a-s_isnand.o)
 .ARM.attributes
                0x00000a21       0x29 /home/laurence/CodeSourcery/Sourcery_G++_Lite/bin/../lib/gcc/arm-none-eabi/4.4.1/../../../../arm-none-eabi/lib/thumb2/libm.a(lib_a-s_lib_ver.o)
 .ARM.attributes
                0x00000a4a       0x29 /home/laurence/CodeSourcery/Sourcery_G++_Lite/bin/../lib/gcc/arm-none-eabi/4.4.1/../../../../arm-none-eabi/lib/thumb2/libm.a(lib_a-s_matherr.o)
 .ARM.attributes
                0x00000a73       0x29 /home/laurence/CodeSourcery/Sourcery_G++_Lite/bin/../lib/gcc/arm-none-eabi/4.4.1/../../../../arm-none-eabi/lib/thumb2/libm.a(lib_a-s_nan.o)
 .ARM.attributes
                0x00000a9c       0x29 /home/laurence/CodeSourcery/Sourcery_G++_Lite/bin/../lib/gcc/arm-none-eabi/4.4.1/../../../../arm-none-eabi/lib/thumb2/libm.a(lib_a-s_rint.o)
 .ARM.attributes
                0x00000ac5       0x29 /home/laurence/CodeSourcery/Sourcery_G++_Lite/bin/../lib/gcc/arm-none-eabi/4.4.1/../../../../arm-none-eabi/lib/thumb2/libm.a(lib_a-s_scalbn.o)
 .ARM.attributes
                0x00000aee       0x29 /home/laurence/CodeSourcery/Sourcery_G++_Lite/bin/../lib/gcc/arm-none-eabi/4.4.1/../../../../arm-none-eabi/lib/thumb2/libm.a(lib_a-s_copysign.o)
 .ARM.attributes
                0x00000b17       0x1b /home/laurence/CodeSourcery/Sourcery_G++_Lite/bin/../lib/gcc/arm-none-eabi/4.4.1/thumb2/libgcc.a(_divsi3.o)
 .ARM.attributes
                0x00000b32       0x1b /home/laurence/CodeSourcery/Sourcery_G++_Lite/bin/../lib/gcc/arm-none-eabi/4.4.1/thumb2/libgcc.a(_dvmd_tls.o)
 .ARM.attributes
                0x00000b4d       0x1b /home/laurence/CodeSourcery/Sourcery_G++_Lite/bin/../lib/gcc/arm-none-eabi/4.4.1/thumb2/libgcc.a(_arm_addsubdf3.o)
 .ARM.attributes
                0x00000b68       0x1b /home/laurence/CodeSourcery/Sourcery_G++_Lite/bin/../lib/gcc/arm-none-eabi/4.4.1/thumb2/libgcc.a(_arm_muldivdf3.o)
 .ARM.attributes
                0x00000b83       0x1b /home/laurence/CodeSourcery/Sourcery_G++_Lite/bin/../lib/gcc/arm-none-eabi/4.4.1/thumb2/libgcc.a(_arm_cmpdf2.o)
 .ARM.attributes
                0x00000b9e       0x1b /home/laurence/CodeSourcery/Sourcery_G++_Lite/bin/../lib/gcc/arm-none-eabi/4.4.1/thumb2/libgcc.a(_arm_fixdfsi.o)
 .ARM.attributes
                0x00000bb9       0x1b /home/laurence/CodeSourcery/Sourcery_G++_Lite/bin/../lib/gcc/arm-none-eabi/4.4.1/thumb2/libgcc.a(_arm_truncdfsf2.o)
 .ARM.attributes
                0x00000bd4       0x1b /home/laurence/CodeSourcery/Sourcery_G++_Lite/bin/../lib/gcc/arm-none-eabi/4.4.1/thumb2/libgcc.a(_arm_addsubsf3.o)
 .ARM.attributes
                0x00000bef       0x1b /home/laurence/CodeSourcery/Sourcery_G++_Lite/bin/../lib/gcc/arm-none-eabi/4.4.1/thumb2/libgcc.a(_arm_muldivsf3.o)
 .ARM.attributes
                0x00000c0a       0x1b /home/laurence/CodeSourcery/Sourcery_G++_Lite/bin/../lib/gcc/arm-none-eabi/4.4.1/thumb2/libgcc.a(_arm_cmpsf2.o)
 .ARM.attributes
                0x00000c25       0x1b /home/laurence/CodeSourcery/Sourcery_G++_Lite/bin/../lib/gcc/arm-none-eabi/4.4.1/thumb2/libgcc.a(_arm_fixunssfsi.o)
 .ARM.attributes
                0x00000c40       0x29 /home/laurence/CodeSourcery/Sourcery_G++_Lite/bin/../lib/gcc/arm-none-eabi/4.4.1/../../../../arm-none-eabi/lib/thumb2/libc.a(lib_a-errno.o)
 .ARM.attributes
                0x00000c69       0x29 /home/laurence/CodeSourcery/Sourcery_G++_Lite/bin/../lib/gcc/arm-none-eabi/4.4.1/../../../../arm-none-eabi/lib/thumb2/libc.a(lib_a-impure.o)
 .ARM.attributes
                0x00000c92       0x29 /home/laurence/CodeSourcery/Sourcery_G++_Lite/bin/../lib/gcc/arm-none-eabi/4.4.1/../../../../arm-none-eabi/lib/thumb2/libc.a(lib_a-malloc.o)
 .ARM.attributes
                0x00000cbb       0x29 /home/laurence/CodeSourcery/Sourcery_G++_Lite/bin/../lib/gcc/arm-none-eabi/4.4.1/../../../../arm-none-eabi/lib/thumb2/libc.a(lib_a-mallocr.o)
 .ARM.attributes
                0x00000ce4       0x29 /home/laurence/CodeSourcery/Sourcery_G++_Lite/bin/../lib/gcc/arm-none-eabi/4.4.1/../../../../arm-none-eabi/lib/thumb2/libc.a(lib_a-mlock.o)
 .ARM.attributes
                0x00000d0d       0x29 /home/laurence/CodeSourcery/Sourcery_G++_Lite/bin/../lib/gcc/arm-none-eabi/4.4.1/../../../../arm-none-eabi/lib/thumb2/libc.a(lib_a-sbrkr.o)
 .ARM.attributes
                0x00000d36       0x29 /home/laurence/CodeSourcery/Sourcery_G++_Lite/bin/../lib/gcc/arm-none-eabi/4.4.1/../../../../arm-none-eabi/lib/thumb2/libc.a(lib_a-strcpy.o)
 .ARM.attributes
                0x00000d5f       0x29 /home/laurence/CodeSourcery/Sourcery_G++_Lite/bin/../lib/gcc/arm-none-eabi/4.4.1/../../../../arm-none-eabi/lib/thumb2/libc.a(lib_a-freer.o)
 .ARM.attributes
                0x00000d88       0x29 /home/laurence/CodeSourcery/Sourcery_G++_Lite/bin/../lib/gcc/arm-none-eabi/4.4.1/../../../../arm-none-eabi/lib/thumb2/libc.a(lib_a-reent.o)
 .ARM.attributes
                0x00000db1       0x29 /home/laurence/CodeSourcery/Sourcery_G++_Lite/bin/../lib/gcc/arm-none-eabi/4.4.1/thumb2/crtend.o
 .ARM.attributes
                0x00000dda       0x19 /home/laurence/CodeSourcery/Sourcery_G++_Lite/bin/../lib/gcc/arm-none-eabi/4.4.1/thumb2/crtn.o
 .ARM.attributes
                0x00000df3       0x29 /home/laurence/CodeSourcery/Sourcery_G++_Lite/bin/../lib/gcc/arm-none-eabi/4.4.1/../../../../arm-none-eabi/lib/thumb2/libcs3.a(start_c.o)
 .ARM.attributes
                0x00000e1c       0x29 /home/laurence/CodeSourcery/Sourcery_G++_Lite/bin/../lib/gcc/arm-none-eabi/4.4.1/../../../../arm-none-eabi/lib/thumb2/libcs3unhosted.a(unhosted-sbrk.o)
 .ARM.attributes
                0x00000e45       0x19 /home/laurence/CodeSourcery/Sourcery_G++_Lite/bin/../lib/gcc/arm-none-eabi/4.4.1/../../../../arm-none-eabi/lib/thumb2/libcs3unhosted.a(unhosted-start.o)
 .ARM.attributes
                0x00000e5e       0x1f lib/libcs3-lanchon-stm32.a(lanchon-stm32-vector.o)
 .ARM.attributes
                0x00000e7d       0x21 lib/libcs3-lanchon-stm32.a(lanchon_stm32_isr_interrupt.o)
 .ARM.attributes
                0x00000e9e       0x29 /home/laurence/CodeSourcery/Sourcery_G++_Lite/bin/../lib/gcc/arm-none-eabi/4.4.1/../../../../arm-none-eabi/lib/thumb2/libc.a(lib_a-init.o)
 .ARM.attributes
                0x00000ec7       0x29 /home/laurence/CodeSourcery/Sourcery_G++_Lite/bin/../lib/gcc/arm-none-eabi/4.4.1/../../../../arm-none-eabi/lib/thumb2/libcs3.a(heap.o)

/DISCARD/
 *(.note.GNU-stack)
OUTPUT(main.elf elf32-littlearm)

Cross Reference Table

Symbol                                            File
ADC1_2_IRQHandler                                 lib/CMSIS_CM3/startup/gcc/startup_stm32f10x_md.o
ADC_IRQHandler                                    lib/libcs3-lanchon-stm32.a(lanchon_stm32_isr_interrupt.o)
                                                  lib/libcs3-lanchon-stm32.a(lanchon-stm32-vector.o)
Acc_Init                                          i2c.o
                                                  main.o
All_IO_Configuration                              gpio.o
                                                  main.o
Aux_Devices_Configuration                         gpio.o
BKP_ClearFlag                                     lib/STM32F10x_StdPeriph_Driver/libstm32fw.a(stm32f10x_bkp.o)
BKP_ClearITPendingBit                             lib/STM32F10x_StdPeriph_Driver/libstm32fw.a(stm32f10x_bkp.o)
BKP_DeInit                                        lib/STM32F10x_StdPeriph_Driver/libstm32fw.a(stm32f10x_bkp.o)
                                                  Util/Fatfs/rtc.o
BKP_GetFlagStatus                                 lib/STM32F10x_StdPeriph_Driver/libstm32fw.a(stm32f10x_bkp.o)
BKP_GetITStatus                                   lib/STM32F10x_StdPeriph_Driver/libstm32fw.a(stm32f10x_bkp.o)
BKP_ITConfig                                      lib/STM32F10x_StdPeriph_Driver/libstm32fw.a(stm32f10x_bkp.o)
BKP_RTCOutputConfig                               lib/STM32F10x_StdPeriph_Driver/libstm32fw.a(stm32f10x_bkp.o)
BKP_ReadBackupRegister                            lib/STM32F10x_StdPeriph_Driver/libstm32fw.a(stm32f10x_bkp.o)
                                                  Util/Fatfs/rtc.o
BKP_SetRTCCalibrationValue                        lib/STM32F10x_StdPeriph_Driver/libstm32fw.a(stm32f10x_bkp.o)
BKP_TamperPinCmd                                  lib/STM32F10x_StdPeriph_Driver/libstm32fw.a(stm32f10x_bkp.o)
BKP_TamperPinLevelConfig                          lib/STM32F10x_StdPeriph_Driver/libstm32fw.a(stm32f10x_bkp.o)
BKP_WriteBackupRegister                           lib/STM32F10x_StdPeriph_Driver/libstm32fw.a(stm32f10x_bkp.o)
                                                  Util/Fatfs/rtc.o
Baro_Convert_Pressure                             Sensors/bmp085.o
                                                  Control/imu.o
Baro_Read_ADC                                     Sensors/bmp085.o
                                                  main.o
                                                  Control/imu.o
Baro_Read_Full_ADC                                Sensors/bmp085.o
                                                  main.o
                                                  Control/imu.o
Baro_Setup_Pressure                               Sensors/bmp085.o
                                                  main.o
                                                  Control/imu.o
Baro_Setup_Temperature                            Sensors/bmp085.o
                                                  main.o
                                                  Control/imu.o
Be                                                Control/ekf.o
Bmp085_Convert                                    Sensors/bmp085.o
                                                  main.o
                                                  Control/imu.o
Bmp085_ReadConfig                                 Sensors/bmp085.o
                                                  main.o
Bmp_temp                                          Sensors/bmp085.o
                                                  main.o
                                                  Control/imu.o
BusFaultException                                 lib/libcs3-lanchon-stm32.a(lanchon_stm32_isr_interrupt.o)
                                                  lib/libcs3-lanchon-stm32.a(lanchon-stm32-vector.o)
BusFault_Handler                                  interrupts.o
Bytes_In_Buffer                                   dma.o
                                                  main.o
                                                  Sensors/ubx.o
                                                  Control/imu.o
CAN1_RX1_IRQHandler                               lib/CMSIS_CM3/startup/gcc/startup_stm32f10x_md.o
CAN1_SCE_IRQHandler                               lib/CMSIS_CM3/startup/gcc/startup_stm32f10x_md.o
CAN_RX1_IRQHandler                                lib/libcs3-lanchon-stm32.a(lanchon_stm32_isr_interrupt.o)
                                                  lib/libcs3-lanchon-stm32.a(lanchon-stm32-vector.o)
CAN_SCE_IRQHandler                                lib/libcs3-lanchon-stm32.a(lanchon_stm32_isr_interrupt.o)
                                                  lib/libcs3-lanchon-stm32.a(lanchon-stm32-vector.o)
Calibrate_3                                       Control/sensorcal.o
                                                  main.o
                                                  Control/imu.o
Config_Gps                                        Sensors/ubx.o
                                                  main.o
CovariancePrediction                              Control/ekf.o
CrossProduct                                      Util/coords.o
DMA1_Channel1_IRQHandler                          lib/CMSIS_CM3/startup/gcc/startup_stm32f10x_md.o
DMA1_Channel2_IRQHandler                          lib/CMSIS_CM3/startup/gcc/startup_stm32f10x_md.o
DMA1_Channel3_IRQHandler                          lib/CMSIS_CM3/startup/gcc/startup_stm32f10x_md.o
DMA1_Channel4_IRQHandler                          lib/CMSIS_CM3/startup/gcc/startup_stm32f10x_md.o
DMA1_Channel5_IRQHandler                          lib/CMSIS_CM3/startup/gcc/startup_stm32f10x_md.o
DMA1_Channel6_IRQHandler                          lib/CMSIS_CM3/startup/gcc/startup_stm32f10x_md.o
DMA1_Channel7_IRQHandler                          lib/CMSIS_CM3/startup/gcc/startup_stm32f10x_md.o
DMAChannel1_IRQHandler                            lib/libcs3-lanchon-stm32.a(lanchon_stm32_isr_interrupt.o)
                                                  lib/libcs3-lanchon-stm32.a(lanchon-stm32-vector.o)
DMAChannel2_IRQHandler                            lib/libcs3-lanchon-stm32.a(lanchon_stm32_isr_interrupt.o)
                                                  lib/libcs3-lanchon-stm32.a(lanchon-stm32-vector.o)
DMAChannel3_IRQHandler                            lib/libcs3-lanchon-stm32.a(lanchon_stm32_isr_interrupt.o)
                                                  lib/libcs3-lanchon-stm32.a(lanchon-stm32-vector.o)
DMAChannel4_IRQHandler                            lib/libcs3-lanchon-stm32.a(lanchon_stm32_isr_interrupt.o)
                                                  lib/libcs3-lanchon-stm32.a(lanchon-stm32-vector.o)
DMAChannel5_IRQHandler                            lib/libcs3-lanchon-stm32.a(lanchon_stm32_isr_interrupt.o)
                                                  lib/libcs3-lanchon-stm32.a(lanchon-stm32-vector.o)
DMAChannel6_IRQHandler                            lib/libcs3-lanchon-stm32.a(lanchon_stm32_isr_interrupt.o)
                                                  lib/libcs3-lanchon-stm32.a(lanchon-stm32-vector.o)
DMAChannel7_IRQHandler                            lib/libcs3-lanchon-stm32.a(lanchon_stm32_isr_interrupt.o)
                                                  lib/libcs3-lanchon-stm32.a(lanchon-stm32-vector.o)
DMA_ClearFlag                                     lib/STM32F10x_StdPeriph_Driver/libstm32fw.a(stm32f10x_dma.o)
DMA_ClearITPendingBit                             lib/STM32F10x_StdPeriph_Driver/libstm32fw.a(stm32f10x_dma.o)
DMA_Cmd                                           lib/STM32F10x_StdPeriph_Driver/libstm32fw.a(stm32f10x_dma.o)
                                                  main.o
DMA_Configuration                                 dma.o
                                                  main.o
DMA_DeInit                                        lib/STM32F10x_StdPeriph_Driver/libstm32fw.a(stm32f10x_dma.o)
                                                  dma.o
DMA_GetCurrDataCounter                            lib/STM32F10x_StdPeriph_Driver/libstm32fw.a(stm32f10x_dma.o)
                                                  dma.o
DMA_GetFlagStatus                                 lib/STM32F10x_StdPeriph_Driver/libstm32fw.a(stm32f10x_dma.o)
DMA_GetITStatus                                   lib/STM32F10x_StdPeriph_Driver/libstm32fw.a(stm32f10x_dma.o)
DMA_ITConfig                                      lib/STM32F10x_StdPeriph_Driver/libstm32fw.a(stm32f10x_dma.o)
DMA_Init                                          lib/STM32F10x_StdPeriph_Driver/libstm32fw.a(stm32f10x_dma.o)
                                                  dma.o
DMA_StructInit                                    lib/STM32F10x_StdPeriph_Driver/libstm32fw.a(stm32f10x_dma.o)
DebugMon_Handler                                  interrupts.o
DebugMonitor                                      lib/libcs3-lanchon-stm32.a(lanchon_stm32_isr_interrupt.o)
                                                  lib/libcs3-lanchon-stm32.a(lanchon-stm32-vector.o)
Default_Handler                                   lib/CMSIS_CM3/startup/gcc/startup_stm32f10x_md.o
Default_Usart_Config                              usart.o
Delay                                             Util/delay.o
                                                  main.o
                                                  Sensors/ubx.o
EXTI0_IRQHandler                                  lib/CMSIS_CM3/startup/gcc/startup_stm32f10x_md.o
                                                  lib/libcs3-lanchon-stm32.a(lanchon-stm32-vector.o)
EXTI15_10_IRQHandler                              lib/CMSIS_CM3/startup/gcc/startup_stm32f10x_md.o
                                                  lib/libcs3-lanchon-stm32.a(lanchon-stm32-vector.o)
EXTI1_IRQHandler                                  lib/CMSIS_CM3/startup/gcc/startup_stm32f10x_md.o
                                                  lib/libcs3-lanchon-stm32.a(lanchon-stm32-vector.o)
EXTI2_IRQHandler                                  lib/CMSIS_CM3/startup/gcc/startup_stm32f10x_md.o
                                                  lib/libcs3-lanchon-stm32.a(lanchon-stm32-vector.o)
EXTI3_IRQHandler                                  lib/CMSIS_CM3/startup/gcc/startup_stm32f10x_md.o
                                                  lib/libcs3-lanchon-stm32.a(lanchon-stm32-vector.o)
EXTI4_IRQHandler                                  lib/CMSIS_CM3/startup/gcc/startup_stm32f10x_md.o
                                                  lib/libcs3-lanchon-stm32.a(lanchon-stm32-vector.o)
EXTI6_Config                                      interrupts.o
                                                  main.o
EXTI9_5_IRQHandler                                interrupts.o
                                                  lib/libcs3-lanchon-stm32.a(lanchon-stm32-vector.o)
EXTI_ClearFlag                                    lib/STM32F10x_StdPeriph_Driver/libstm32fw.a(stm32f10x_exti.o)
EXTI_ClearITPendingBit                            lib/STM32F10x_StdPeriph_Driver/libstm32fw.a(stm32f10x_exti.o)
                                                  interrupts.o
EXTI_DeInit                                       lib/STM32F10x_StdPeriph_Driver/libstm32fw.a(stm32f10x_exti.o)
EXTI_GenerateSWInterrupt                          lib/STM32F10x_StdPeriph_Driver/libstm32fw.a(stm32f10x_exti.o)
EXTI_GetFlagStatus                                lib/STM32F10x_StdPeriph_Driver/libstm32fw.a(stm32f10x_exti.o)
EXTI_GetITStatus                                  lib/STM32F10x_StdPeriph_Driver/libstm32fw.a(stm32f10x_exti.o)
                                                  interrupts.o
EXTI_Init                                         lib/STM32F10x_StdPeriph_Driver/libstm32fw.a(stm32f10x_exti.o)
                                                  interrupts.o
EXTI_StructInit                                   lib/STM32F10x_StdPeriph_Driver/libstm32fw.a(stm32f10x_exti.o)
F                                                 Control/ekf.o
FLASH_IRQHandler                                  lib/CMSIS_CM3/startup/gcc/startup_stm32f10x_md.o
                                                  lib/libcs3-lanchon-stm32.a(lanchon-stm32-vector.o)
Flipbytes                                         i2c.o
                                                  Sensors/bmp085.o
Flush_Buffer                                      dma.o
                                                  Sensors/ubx.o
FullCorrection                                    Control/ekf.o
G                                                 Control/ekf.o
GPIO_AFIODeInit                                   lib/STM32F10x_StdPeriph_Driver/libstm32fw.a(stm32f10x_gpio.o)
GPIO_Config_AF_Periferals                         gpio.o
GPIO_DeInit                                       lib/STM32F10x_StdPeriph_Driver/libstm32fw.a(stm32f10x_gpio.o)
GPIO_ETH_MediaInterfaceConfig                     lib/STM32F10x_StdPeriph_Driver/libstm32fw.a(stm32f10x_gpio.o)
GPIO_EXTILineConfig                               lib/STM32F10x_StdPeriph_Driver/libstm32fw.a(stm32f10x_gpio.o)
                                                  interrupts.o
GPIO_EventOutputCmd                               lib/STM32F10x_StdPeriph_Driver/libstm32fw.a(stm32f10x_gpio.o)
GPIO_EventOutputConfig                            lib/STM32F10x_StdPeriph_Driver/libstm32fw.a(stm32f10x_gpio.o)
GPIO_Init                                         lib/STM32F10x_StdPeriph_Driver/libstm32fw.a(stm32f10x_gpio.o)
                                                  usart.o
                                                  gpio.o
                                                  Util/Fatfs/sd_spi_stm32.o
GPIO_PinLockConfig                                lib/STM32F10x_StdPeriph_Driver/libstm32fw.a(stm32f10x_gpio.o)
GPIO_PinRemapConfig                               lib/STM32F10x_StdPeriph_Driver/libstm32fw.a(stm32f10x_gpio.o)