Archive member included because of file (symbol)

lib/STM32F10x_StdPeriph_Driver/libstm32fw.a(misc.o)
                              interrupts.o (NVIC_PriorityGroupConfig)
lib/STM32F10x_StdPeriph_Driver/libstm32fw.a(stm32f10x_adc.o)
                              adc.o (ADC_DeInit)
lib/STM32F10x_StdPeriph_Driver/libstm32fw.a(stm32f10x_bkp.o)
                              Util/Fatfs/rtc.o (BKP_DeInit)
lib/STM32F10x_StdPeriph_Driver/libstm32fw.a(stm32f10x_dma.o)
                              Util/Fatfs/sd_spi_stm32.o (DMA_DeInit)
lib/STM32F10x_StdPeriph_Driver/libstm32fw.a(stm32f10x_exti.o)
                              interrupts.o (EXTI_Init)
lib/STM32F10x_StdPeriph_Driver/libstm32fw.a(stm32f10x_gpio.o)
                              Util/Fatfs/sd_spi_stm32.o (GPIO_Init)
lib/STM32F10x_StdPeriph_Driver/libstm32fw.a(stm32f10x_i2c.o)
                              i2c_int.o (I2C_DeInit)
lib/STM32F10x_StdPeriph_Driver/libstm32fw.a(stm32f10x_iwdg.o)
                              watchdog.o (IWDG_WriteAccessCmd)
lib/STM32F10x_StdPeriph_Driver/libstm32fw.a(stm32f10x_pwr.o)
                              Util/Fatfs/rtc.o (PWR_BackupAccessCmd)
lib/STM32F10x_StdPeriph_Driver/libstm32fw.a(stm32f10x_rcc.o)
                              adc.o (RCC_ADCCLKConfig)
lib/STM32F10x_StdPeriph_Driver/libstm32fw.a(stm32f10x_rtc.o)
                              Util/Fatfs/rtc.o (RTC_GetCounter)
lib/STM32F10x_StdPeriph_Driver/libstm32fw.a(stm32f10x_spi.o)
                              Util/Fatfs/sd_spi_stm32.o (SPI_I2S_DeInit)
lib/STM32F10x_StdPeriph_Driver/libstm32fw.a(stm32f10x_tim.o)
                              pwm.o (TIM_TimeBaseInit)
lib/STM32F10x_StdPeriph_Driver/libstm32fw.a(stm32f10x_usart.o)
                              usart.o (USART_DeInit)
/home/laurence/CodeSourcery/Sourcery_G++_Lite/bin/../lib/gcc/arm-none-eabi/4.5.2/../../../../arm-none-eabi/lib/thumb2/libm.a(lib_a-s_cos.o)
                              Sensors/earth_field.o (cos)
/home/laurence/CodeSourcery/Sourcery_G++_Lite/bin/../lib/gcc/arm-none-eabi/4.5.2/../../../../arm-none-eabi/lib/thumb2/libm.a(lib_a-s_floor.o)
                              Util/RF22/RF22.o (floor)
/home/laurence/CodeSourcery/Sourcery_G++_Lite/bin/../lib/gcc/arm-none-eabi/4.5.2/../../../../arm-none-eabi/lib/thumb2/libm.a(lib_a-s_sin.o)
                              Sensors/earth_field.o (sin)
/home/laurence/CodeSourcery/Sourcery_G++_Lite/bin/../lib/gcc/arm-none-eabi/4.5.2/../../../../arm-none-eabi/lib/thumb2/libm.a(lib_a-sf_cos.o)
                              Util/coords.o (cosf)
/home/laurence/CodeSourcery/Sourcery_G++_Lite/bin/../lib/gcc/arm-none-eabi/4.5.2/../../../../arm-none-eabi/lib/thumb2/libm.a(lib_a-sf_sin.o)
                              Util/coords.o (sinf)
/home/laurence/CodeSourcery/Sourcery_G++_Lite/bin/../lib/gcc/arm-none-eabi/4.5.2/../../../../arm-none-eabi/lib/thumb2/libm.a(lib_a-w_asin.o)
                              Sensors/earth_field.o (asin)
/home/laurence/CodeSourcery/Sourcery_G++_Lite/bin/../lib/gcc/arm-none-eabi/4.5.2/../../../../arm-none-eabi/lib/thumb2/libm.a(lib_a-w_atan2.o)
                              Sensors/earth_field.o (atan2)
/home/laurence/CodeSourcery/Sourcery_G++_Lite/bin/../lib/gcc/arm-none-eabi/4.5.2/../../../../arm-none-eabi/lib/thumb2/libm.a(lib_a-w_sqrt.o)
                              Sensors/earth_field.o (sqrt)
/home/laurence/CodeSourcery/Sourcery_G++_Lite/bin/../lib/gcc/arm-none-eabi/4.5.2/../../../../arm-none-eabi/lib/thumb2/libm.a(lib_a-wf_acos.o)
                              main.o (acosf)
/home/laurence/CodeSourcery/Sourcery_G++_Lite/bin/../lib/gcc/arm-none-eabi/4.5.2/../../../../arm-none-eabi/lib/thumb2/libm.a(lib_a-wf_asin.o)
                              Util/coords.o (asinf)
/home/laurence/CodeSourcery/Sourcery_G++_Lite/bin/../lib/gcc/arm-none-eabi/4.5.2/../../../../arm-none-eabi/lib/thumb2/libm.a(lib_a-wf_atan2.o)
                              Util/coords.o (atan2f)
/home/laurence/CodeSourcery/Sourcery_G++_Lite/bin/../lib/gcc/arm-none-eabi/4.5.2/../../../../arm-none-eabi/lib/thumb2/libm.a(lib_a-wf_sqrt.o)
                              Sensors/pitot.o (sqrtf)
/home/laurence/CodeSourcery/Sourcery_G++_Lite/bin/../lib/gcc/arm-none-eabi/4.5.2/../../../../arm-none-eabi/lib/thumb2/libm.a(lib_a-e_asin.o)
                              /home/laurence/CodeSourcery/Sourcery_G++_Lite/bin/../lib/gcc/arm-none-eabi/4.5.2/../../../../arm-none-eabi/lib/thumb2/libm.a(lib_a-w_asin.o) (__ieee754_asin)
/home/laurence/CodeSourcery/Sourcery_G++_Lite/bin/../lib/gcc/arm-none-eabi/4.5.2/../../../../arm-none-eabi/lib/thumb2/libm.a(lib_a-e_atan2.o)
                              /home/laurence/CodeSourcery/Sourcery_G++_Lite/bin/../lib/gcc/arm-none-eabi/4.5.2/../../../../arm-none-eabi/lib/thumb2/libm.a(lib_a-w_atan2.o) (__ieee754_atan2)
/home/laurence/CodeSourcery/Sourcery_G++_Lite/bin/../lib/gcc/arm-none-eabi/4.5.2/../../../../arm-none-eabi/lib/thumb2/libm.a(lib_a-e_rem_pio2.o)
[...]
Memory Configuration

Name             Origin             Length             Attributes
ram              0x20000000         0x00005000         xrw
rom              0x08000000         0x00020000         xr
*default*        0x00000000         0xffffffff

Linker script and memory map

LOAD /home/laurence/CodeSourcery/Sourcery_G++_Lite/bin/../lib/gcc/arm-none-eabi/4.5.2/thumb2/crti.o
LOAD /home/laurence/CodeSourcery/Sourcery_G++_Lite/bin/../lib/gcc/arm-none-eabi/4.5.2/thumb2/crtbegin.o
LOAD Sensors/accel_down.o
LOAD Sensors/bmp085.o
LOAD Sensors/earth_field.o
LOAD Sensors/pitot.o
LOAD Sensors/sensorcal.o
LOAD Sensors/ubx.o
LOAD Util/Fatfs/fattime.o
LOAD Util/Fatfs/ff.o
LOAD Util/Fatfs/rtc.o
LOAD Util/Fatfs/sd_spi_stm32.o
LOAD Util/RF22/RF22.o
LOAD Util/RF22/RF22Datagram.o
LOAD Util/RF22/RF22Mesh.o
LOAD Util/RF22/RF22ReliableDatagram.o
LOAD Util/RF22/RF22Router.o
LOAD Util/RF22/ctocpp.o
LOAD Util/atmospherics.o
LOAD Util/coords.o
LOAD Util/crc.o
LOAD Util/delay.o
LOAD Util/gravity.o
LOAD Util/rprintf.o
LOAD Util/time.o
LOAD Util/uavobjconv.o
LOAD Util/uavtalk.o
LOAD adc.o
LOAD dma.o
LOAD gpio.o
LOAD i2c_int.o
LOAD interrupts.o
LOAD lib/CMSIS_CM3/core_cm3.o
LOAD lib/CMSIS_CM3/startup/gcc/startup_stm32f10x_md.o
LOAD lib/CMSIS_CM3/system_stm32f10x.o
LOAD main.o
LOAD pwm.o
LOAD usart.o
LOAD watchdog.o
LOAD Control/ekf.o
LOAD Control/imu.o
LOAD Control/loops.o
LOAD Control/servos.o
LOAD lib/STM32F10x_StdPeriph_Driver/libstm32fw.a
LOAD lib/STM32_USB-FS-Device_Driver/libstm32usb.a
LOAD /home/laurence/CodeSourcery/Sourcery_G++_Lite/bin/../lib/gcc/arm-none-eabi/4.5.2/../../../../arm-none-eabi/lib/thumb2/libm.a
START GROUP
LOAD /home/laurence/CodeSourcery/Sourcery_G++_Lite/bin/../lib/gcc/arm-none-eabi/4.5.2/thumb2/libgcc.a
LOAD /home/laurence/CodeSourcery/Sourcery_G++_Lite/bin/../lib/gcc/arm-none-eabi/4.5.2/../../../../arm-none-eabi/lib/thumb2/libc.a
END GROUP
LOAD /home/laurence/CodeSourcery/Sourcery_G++_Lite/bin/../lib/gcc/arm-none-eabi/4.5.2/thumb2/crtend.o
LOAD /home/laurence/CodeSourcery/Sourcery_G++_Lite/bin/../lib/gcc/arm-none-eabi/4.5.2/thumb2/crtn.o
START GROUP
LOAD /home/laurence/CodeSourcery/Sourcery_G++_Lite/bin/../lib/gcc/arm-none-eabi/4.5.2/thumb2/libgcc.a
LOAD /home/laurence/CodeSourcery/Sourcery_G++_Lite/bin/../lib/gcc/arm-none-eabi/4.5.2/../../../../arm-none-eabi/lib/thumb2/libc.a
LOAD /home/laurence/CodeSourcery/Sourcery_G++_Lite/bin/../lib/gcc/arm-none-eabi/4.5.2/../../../../arm-none-eabi/lib/thumb2/libcs3.a
LOAD /home/laurence/CodeSourcery/Sourcery_G++_Lite/bin/../lib/gcc/arm-none-eabi/4.5.2/../../../../arm-none-eabi/lib/thumb2/libcs3unhosted.a
LOAD lib/libcs3-lanchon-stm32.a
END GROUP
                0x20005000                PROVIDE (__cs3_stack, (__cs3_region_start_ram + __cs3_region_size_ram))
                0x20002220                PROVIDE (__cs3_heap_start, _end)
                0x20005000                PROVIDE (__cs3_heap_end, (__cs3_region_start_ram + __cs3_region_size_ram))

.text           0x08000000    0x1a92c
 CREATE_OBJECT_SYMBOLS
                0x08000000                __cs3_region_start_rom = .
 *(.cs3.region-head.rom)
                0x08000000                __cs3_interrupt_vector = __cs3_interrupt_vector_lanchon_stm32
 *(.cs3.interrupt_vector)
 .cs3.interrupt_vector
                0x08000000       0xec lib/libcs3-lanchon-stm32.a(lanchon-stm32-vector.o)
                0x08000000                __cs3_interrupt_vector_lanchon_stm32
                0x08000001                ASSERT ((. != __cs3_interrupt_vector_lanchon_stm32), No interrupt vector)
 *(.rom)
 *(.rom.b)
                0x08018f0c                PROVIDE (__cs3_reset_lanchon_stm32, _start)
                0x08018f0c                __cs3_reset = __cs3_reset_lanchon_stm32
 *(.cs3.reset)
 *(.text .text.* .gnu.linkonce.t.*)
 .text          0x080000ec       0x30 /home/laurence/CodeSourcery/Sourcery_G++_Lite/bin/../lib/gcc/arm-none-eabi/4.5.2/thumb2/crtbegin.o
 .text          0x0800011c       0xa0 Sensors/accel_down.o
                0x0800011c                Accel_Downconvert
 .text          0x080001bc      0x120 Sensors/bmp085.o
                0x080001bc                Bmp085_Convert
                0x08000274                flip_sensorcal
                0x0800028a                flip_adc24
                0x080002a8                Bmp_Copy_Temp
 *fill*         0x080002dc        0x4 00
 .text          0x080002e0     0x1920 Sensors/earth_field.o
                0x080002e0                WMM_Initialize
                0x08000354                WMM_ComputeSphericalHarmonicVariables
                0x0800042c                WMM_RotateMagneticVector
                0x080004f0                WMM_CalculateGeoMagneticElements
                0x080005b8                WMM_CalculateSecularVariation
                0x080006d0                WMM_PcupHigh
                0x08000b86                WMM_PcupLow
                0x08000ed8                WMM_AssociatedLegendreFunction
                0x08000f64                WMM_get_secular_var_coeff_g
                0x08000f7c                WMM_get_main_field_coeff_g
                0x08001018                WMM_get_secular_var_coeff_h
                0x08001030                WMM_get_main_field_coeff_h
                0x080010cc                WMM_SummationSpecial
                0x0800126c                WMM_Summation
                0x0800145c                WMM_SecVarSummationSpecial
                0x080015fc                WMM_SecVarSummation
                0x0800179c                WMM_Geomag
                0x08001894                WMM_DateToYear
                0x080018d4                WMM_GeodeticToSpherical
                0x08001a40                WMM_GetMagVector
 .text          0x08001c00       0x7c Sensors/pitot.o
                0x08001c00                Pitot_Conv
                0x08001c34                Pitot_convert_Airspeed
 .text          0x08001c7c       0xf0 Sensors/sensorcal.o
                0x08001c7c                Calibrate_3
 .text          0x08001d6c      0x348 Sensors/ubx.o
                0x08001d6c                Gps_Process_Byte
                0x08001ef4                Get_UBX_Ack
                0x08001f98                Config_Gps
 .text          0x080020b4       0x44 Util/Fatfs/fattime.o
                0x080020b4                get_fattime
 .text          0x080020f8     0x1a60 Util/Fatfs/ff.o
                0x080026ba                clust2sect
                0x080026d4                get_fat
                0x08002856                put_fat
                0x08002de2                f_mount
                0x08002e00                f_open
                0x08002f4c                f_read
                0x080030c4                f_write
                0x0800327a                f_sync
                0x0800332c                f_close
                0x0800333a                f_lseek
                0x0800349e                f_opendir
                0x08003502                f_readdir
                0x08003556                f_stat
                0x08003596                f_getfree
                0x08003688                f_truncate
                0x08003720                f_unlink
                0x080037d0                f_mkdir
                0x08003996                f_chmod
                0x080039ea                f_utime
                0x08003a42                f_rename
 .text          0x08003b58      0x2e0 Util/Fatfs/rtc.o
                0x08003c3c                rtc_gettime
                0x08003cb4                my_RTC_SetCounter
                0x08003cd6                rtc_settime
                0x08003da0                rtc_init
 .text          0x08003e38      0x880 Util/Fatfs/sd_spi_stm32.o
                0x08004192                disk_initialize
                0x080042b4                disk_status
                0x080042c4                disk_read
                0x08004350                disk_write
                0x080043fc                disk_ioctl
                0x0800467c                disk_timerproc
 .text          0x080046b8      0x8bc Util/RF22/RF22.o
                0x080046b8                _ZN4RF2223handleExternalInterruptEv
                0x080046ba                _ZN4RF2226handleWakeupTimerInterruptEv
                0x080046bc                _ZN4RF22C1Ehh
                0x080046bc                _ZN4RF22C2Ehh
                0x080046e0                _ZN4RF227spiReadEh
                0x08004740                _ZN4RF228spiWriteEhh
                0x080047a0                _ZN4RF225resetEv
                0x080047b6                _ZN4RF2212spiBurstReadEhPhh
                0x08004828                _ZN4RF2213spiBurstWriteEhPhh
                0x08004890                _ZN4RF2210statusReadEv
                0x08004894                _ZN4RF227adcReadEhhhh
                0x080048d2                _ZN4RF2215temperatureReadEhh
                0x080048fc                _ZN4RF227wutReadEv
                0x08004916                _ZN4RF2212setWutPeriodEthh
                0x0800493e                _ZN4RF2212setFrequencyEf
                0x08004a10                _ZN4RF2213setFHStepSizeEh
                0x08004a30                _ZN4RF2212setFHChannelEh
                0x08004a50                _ZN4RF228rssiReadEv
                0x08004a54                _ZN4RF2215ezmacStatusReadEv
                0x08004a58                _ZN4RF227setModeEh
                0x08004a5e                _ZN4RF2211setModeIdleEv
                0x08004a72                _ZN4RF229setModeRxEv
                0x08004a8c                _ZN4RF229setModeTxEv
                0x08004aa6                _ZN4RF2210setTxPowerEh
                0x08004aac                _ZN4RF2217setModemRegistersEPNS_11ModemConfigE
                0x08004b02                _ZN4RF2214setModemConfigENS_17ModemConfigChoiceE
                0x08004b20                _ZN4RF2217setPreambleLengthEh
                0x08004b26                _ZN4RF2212setSyncWordsEPhh
                0x08004b36                _ZN4RF2210clearRxBufEv
                0x08004b42                _ZN4RF229availableEv
                0x08004b50                _ZN4RF2213waitAvailableEv
                0x08004b60                _ZN4RF2220waitAvailableTimeoutEt
                0x08004b88                _ZN4RF2214waitPacketSentEv
                0x08004b92                _ZN4RF224recvEPhS0_
                0x08004bc8                _ZN4RF2210clearTxBufEv
                0x08004bd8                _ZN4RF2211appendTxBufEPhh
                0x08004c08                _ZN4RF229fillTxBufEPhh
                0x08004c20                _ZN4RF2216sendNextFragmentEv
                0x08004c62                _ZN4RF2213startTransmitEv
                0x08004c7e                _ZN4RF224sendEPhh
                0x08004c9e                _ZN4RF2216readNextFragmentEv
                0x08004cc6                _ZN4RF2210resetFifosEv
                0x08004cde                _ZN4RF2211resetRxFifoEv
                0x08004cf6                _ZN4RF2215handleInterruptEv
                0x08004e0c                _ZN4RF224isr1Ev
                0x08004e1c                _ZN4RF224isr0Ev
                0x08004e2c                _ZN4RF2211resetTxFifoEv
                0x08004e44                _ZN4RF2211setHeaderToEh
                0x08004e4a                _ZN4RF2213setHeaderFromEh
                0x08004e50                _ZN4RF2211setHeaderIdEh
                0x08004e56                _ZN4RF2214setHeaderFlagsEh
                0x08004e5c                _ZN4RF228headerToEv
                0x08004e60                _ZN4RF2210headerFromEv
                0x08004e64                _ZN4RF228headerIdEv
                0x08004e68                _ZN4RF2211headerFlagsEv
                0x08004e6c                _ZN4RF228lastRssiEv
                0x08004e72                _ZN4RF2214setPromiscuousEb
                0x08004e7e                _ZN4RF224initEv
 .text          0x08004f74       0xcc Util/RF22/RF22Datagram.o
                0x08004f74                _ZN12RF22DatagramC1Ehhh
                0x08004f74                _ZN12RF22DatagramC2Ehhh
                0x08004f94                _ZN12RF22Datagram14setThisAddressEh
                0x08004fb2                _ZN12RF22Datagram4initEv
                0x08004fcc                _ZN12RF22Datagram6sendtoEPhhh
                0x08004fe8                _ZN12RF22Datagram8recvfromEPhS0_S0_S0_S0_S0_
 .text          0x08005040      0x3d8 Util/RF22/RF22Mesh.o
                0x08005040                _ZN8RF22Mesh17isPhysicalAddressEPhh
                0x08005058                _ZN8RF22Mesh5doArpEh
                0x080050e8                _ZN8RF22Mesh5routeEPN10RF22Router13RoutedMessageEh
                0x08005150                _ZN8RF22Mesh13peekAtMessageEPN10RF22Router13RoutedMessageEh
                0x080051ce                _ZN8RF22MeshC2Ehhh
                0x080051ce                _ZN8RF22MeshC1Ehhh
                0x080051e4                _ZN8RF22Mesh10sendtoWaitEPhhh
                0x08005240                _ZN8RF22Mesh11recvfromAckEPhS0_S0_S0_S0_S0_
                0x080053c4                _ZN8RF22Mesh18recvfromAckTimeoutEPhS0_tS0_S0_S0_S0_
 .text          0x08005418      0x274 Util/RF22/RF22ReliableDatagram.o
                0x08005418                _ZN20RF22ReliableDatagramC2Ehhh
                0x08005418                _ZN20RF22ReliableDatagramC1Ehhh
                0x08005444                _ZN20RF22ReliableDatagram10setTimeoutEt
                0x0800544a                _ZN20RF22ReliableDatagram10setRetriesEh
                0x08005450                _ZN20RF22ReliableDatagram15retransmissionsEv
                0x08005456                _ZN20RF22ReliableDatagram11acknowledgeEhh
                0x08005482                _ZN20RF22ReliableDatagram11recvfromAckEPhS0_S0_S0_S0_S0_
                0x08005522                _ZN20RF22ReliableDatagram18recvfromAckTimeoutEPhS0_tS0_S0_S0_S0_
                0x08005578                _ZN20RF22ReliableDatagram10sendtoWaitEPhhh
 .text          0x0800568c      0x300 Util/RF22/RF22Router.o
                0x0800568c                _ZN10RF22Router13peekAtMessageEPNS_13RoutedMessageEh
                0x0800568e                _ZN10RF22Router4initEv
                0x080056a0                _ZN10RF22Router10setMaxHopsEh
                0x080056a6                _ZN10RF22Router10getRouteToEh
                0x080056d4                _ZN10RF22Router5routeEPNS_13RoutedMessageEh
                0x08005706                _ZN10RF22Router11deleteRouteEh
                0x0800573c                _ZN10RF22Router13deleteRouteToEh
                0x08005762                _ZN10RF22Router17retireOldestRouteEv
                0x08005766                _ZN10RF22Router10addRouteToEhhh
                0x080057d6                _ZN10RF22Router17clearRoutingTableEv
                0x080057e6                _ZN10RF22RouterC2Ehhh
                0x080057e6                _ZN10RF22RouterC1Ehhh
                0x08005808                _ZN10RF22Router10sendtoWaitEPhhhh
                0x0800584c                _ZN10RF22Router10sendtoWaitEPhhh
                0x0800585a                _ZN10RF22Router11recvfromAckEPhS0_S0_S0_S0_S0_
                0x08005938                _ZN10RF22Router18recvfromAckTimeoutEPhS0_tS0_S0_S0_S0_
 .text          0x0800598c       0x94 Util/RF22/ctocpp.o
                0x0800598c                RF22_Init
                0x08005998                RF22_Sendtowait
                0x080059b4                RF22_recvfromAckTimeout
                0x080059dc                RF22_Reassign
                0x080059e8                RF22_Service_ISR
                0x080059f4                RF22_Sendto
 .text          0x08005a20       0xd8 Util/atmospherics.o
                0x08005a20                US_1976_Temperature
                0x08005ab4                Calc_Air_Density
 .text          0x08005af8      0x928 Util/coords.o
                0x08005af8                LLA2ECEF
                0x08005c0c                RneFromLLA
                0x08005ca8                Quaternion2RPY
                0x08005de0                R2Quaternion
                0x08005fc0                CrossProduct
                0x0800601e                VectorMagnitude
                0x0800605a                RotFrom2Vectors
                0x08006218                VectorNormalize
                0x08006242                quat_inverse
                0x0800625e                quat_copy
                0x08006274                quat_mult
                0x0800637e                rot_mult
 .text          0x08006420       0x24 Util/crc.o
                0x08006420                CRC_updateByte
                0x0800642c                CRC_updateCRC
 .text          0x08006444       0x2c Util/delay.o
                0x08006444                Delay
 .text          0x08006470       0xc8 Util/gravity.o
                0x08006470                Ge_From_Latitude
 .text          0x08006538      0x568 Util/rprintf.o
                0x08006538                rprintfInit
                0x08006544                rprintfChar
                0x08006560                rprintfStr
                0x08006576                rprintfStrLen
                0x080065aa                rprintfCRLF
                0x080065ae                rprintfu04
                0x080065b8                rprintfu08
                0x080065ca                rprintfu16
                0x080065dc                rprintfu32
                0x080065ee                rprintfNum
                0x08006694                rprintfFloat
                0x0800674c                Isdigit
                0x0800675a                atoiRamRom
                0x08006780                rStrLen
                0x08006790                rprintf2RamRom
 .text          0x08006aa0       0x20 Util/time.o
                0x08006aa0                Set_RTC_From_GPS
 .text          0x08006ac0      0x158 Util/uavobjconv.o
                0x08006ac0                GPSPosition_from_UBX
                0x08006bb0                Populate_Attitude
                0x08006bca                Populate_Vector
 .text          0x08006c18      0x5b0 Util/uavtalk.o
                0x08006c18                UAVtalk_Register_Object
                0x08006c2c                UAVtalk_Set_Port
                0x08006c54                memchr_32
                0x08006c7e                UAVtalk_Process_Byte
                0x08006df4                UAVtalk_Generate_Packet
                0x08006f78                UAVtalk_Run_Streams
                0x08007034                updateTelemetryStats
                0x080071b0                UAVtalk_Handle_Protocol
 .text          0x080071c8       0xa0 adc.o
                0x080071c8                ADC_Configuration
                0x08007238                readADC1
 .text          0x08007268      0x128 dma.o
                0x08007268                DMA_USART2_Configuration
                0x080072b0                DMA_USART1_Configuration
                0x08007304                Bytes_In_Buffer
                0x08007330                Get_From_Buffer
                0x08007360                Pop_From_Buffer
                0x0800737e                Flush_Buffer
 .text          0x08007390      0x1d4 gpio.o
                0x08007390                GPIO_Config_AF_Periferals
                0x080073e4                MEMS_Status_Configuration
                0x0800741c                GPS_IO_Configuration
                0x08007464                SPI_Control_Configuration
                0x080074cc                Aux_Devices_Configuration
                0x08007524                All_IO_Configuration
                0x0800753c                Get_MEMS_DRDY
 .text          0x08007564      0x774 i2c_int.o
                0x08007564                I2C1_Request_Job
                0x080075b8                I2C1_EV_IRQHandler
                0x08007a68                I2C1_Setup_Job
                0x08007a7c                I2C_Config
                0x08007be8                I2C1_ER_IRQHandler
 .text          0x08007cd8      0x1d8 interrupts.o
                0x08007cd8                EXTI_Config
                0x08007da4                EXTI9_5_IRQHandler
                0x08007e0c                EXTI15_10_IRQHandler
                0x08007e2c                EXTI4_IRQHandler
                0x08007e9c                NMI_Handler
                0x08007e9e                HardFault_Handler
                0x08007ea0                MemManage_Handler
                0x08007ea2                BusFault_Handler
                0x08007ea4                UsageFault_Handler
                0x08007ea6                SVC_Handler
                0x08007ea8                DebugMon_Handler
                0x08007eaa                PendSV_Handler
                0x08007eac                SysTick_Handler
 .text.Default_Handler
                0x08007eb0        0x2 lib/CMSIS_CM3/startup/gcc/startup_stm32f10x_md.o
                0x08007eb0                EXTI2_IRQHandler
                0x08007eb0                TIM1_CC_IRQHandler
                0x08007eb0                PVD_IRQHandler
                0x08007eb0                EXTI3_IRQHandler
                0x08007eb0                EXTI0_IRQHandler
                0x08007eb0                I2C2_EV_IRQHandler
                0x08007eb0                ADC1_2_IRQHandler
                0x08007eb0                SPI1_IRQHandler
                0x08007eb0                TAMPER_IRQHandler
                0x08007eb0                DMA1_Channel4_IRQHandler
                0x08007eb0                USART3_IRQHandler
                0x08007eb0                RTC_IRQHandler
                0x08007eb0                DMA1_Channel7_IRQHandler
                0x08007eb0                CAN1_RX1_IRQHandler
                0x08007eb0                TIM4_IRQHandler
                0x08007eb0                DMA1_Channel6_IRQHandler
                0x08007eb0                TIM3_IRQHandler
                0x08007eb0                RCC_IRQHandler
                0x08007eb0                TIM1_TRG_COM_IRQHandler
                0x08007eb0                DMA1_Channel1_IRQHandler
                0x08007eb0                Default_Handler
                0x08007eb0                SPI2_IRQHandler
                0x08007eb0                DMA1_Channel5_IRQHandler
                0x08007eb0                USB_LP_CAN1_RX0_IRQHandler
                0x08007eb0                USB_HP_CAN1_TX_IRQHandler
                0x08007eb0                DMA1_Channel3_IRQHandler
                0x08007eb0                TIM1_UP_IRQHandler
                0x08007eb0                WWDG_IRQHandler
                0x08007eb0                TIM2_IRQHandler
                0x08007eb0                TIM1_BRK_IRQHandler
                0x08007eb0                EXTI1_IRQHandler
                0x08007eb0                RTCAlarm_IRQHandler
                0x08007eb0                USART2_IRQHandler
                0x08007eb0                I2C2_ER_IRQHandler
                0x08007eb0                DMA1_Channel2_IRQHandler
                0x08007eb0                CAN1_SCE_IRQHandler
                0x08007eb0                FLASH_IRQHandler
                0x08007eb0                USBWakeUp_IRQHandler
 *fill*         0x08007eb2        0x2 00
 .text          0x08007eb4       0xf4 lib/CMSIS_CM3/system_stm32f10x.o
                0x08007eb4                SystemInit
 .text          0x08007fa8     0x10f0 main.o
                0x08007fa8                Initialisation
                0x08008d1c                main
 .text          0x08009098      0x1d0 pwm.o
                0x08009098                Timer_RCC_Configuration
                0x080090b0                Init_Timers
                0x08009180                Timer_GPIO_Enable
                0x080091b8                Timer_GPIO_Disable
                0x080091f0                PWM_Set
 .text          0x08009268      0x268 usart.o
                0x08009268                Default_Usart_Config
                0x08009278                USART2_reconf
                0x080092bc                Usarts_Init
                0x08009368                usart1_send_data_dma
                0x080093a8                usart1_disable_dma
                0x080093d4                Add_To_ISR_Buffer
                0x080093f2                USART1_IRQHandler
                0x08009424                Get_From_ISR_Buffer
                0x08009436                Bytes_In_ISR_Buffer
                0x0800944e                __usart_send_char
                0x0800946c                Usart_Send_Str
                0x08009484                __gps_send_char
                0x080094a0                Gps_Send_Str
                0x080094b8                Gps_Send_Utf8
 .text          0x080094d0       0x3c watchdog.o
                0x080094d0                Watchdog_Config
                0x080094fa                Watchdog_Reset_Detect
 .text          0x0800950c     0x6e3c Control/ekf.o
                0x0800950c                ins_get_num_states
                0x08009510                INSGPSInit
                0x08009638                INSResetP
                0x08009688                INSResetRGPS
                0x080096b4                INSSetState
                0x08009714                INSPosVelReset
                0x08009794                INSSetPosVelVar
                0x080097b4                INSSetGyroBias
                0x080097d0                INSSetAccelVar
                0x080097ec                INSSetGyroVar
                0x08009808                INSSetMagVar
                0x08009824                INSSetMagNorth
                0x0800983c                INSSetGravity
                0x08009848                CovariancePrediction
                0x0800f0fe                INSCovariancePrediction
                0x0800f124                SerialUpdate
                0x0800f28c                StateEq
                0x0800f558                RungeKutta
                0x0800f680                LinearizeFG
                0x0800fb02                INSStatePrediction
                0x0800fc74                MeasurementEq
                0x0800fe30                LinearizeH
                0x080100f8                INSCorrection
                0x080102ac                VelBaroCorrection
                0x080102c8                GpsMagCorrection
                0x080102e0                FullCorrection
                0x080102ee                GpsBaroCorrection
                0x0801030c                MagVelBaroCorrection
                0x08010328                MagCorrection
 .text          0x08010348      0x9b0 Control/imu.o
                0x08010348                run_imu
 .text          0x08010cf8       0x64 Control/loops.o
                0x08010cf8                Run_PID
                0x08010d54                Reset_PID
 .text          0x08010d5c       0x64 Control/servos.o
                0x08010d5c                Apply_Servos
                0x08010db8                Enable_Servos
                0x08010dbc                Disable_Servos
 .text          0x08010dc0       0xb8 lib/STM32F10x_StdPeriph_Driver/libstm32fw.a(misc.o)
                0x08010dc0                NVIC_PriorityGroupConfig
                0x08010dd4                NVIC_Init
                0x08010e34                NVIC_SetVectorTable
                0x08010e48                NVIC_SystemLPConfig
                0x08010e60                SysTick_CLKSourceConfig
 .text          0x08010e78      0x380 lib/STM32F10x_StdPeriph_Driver/libstm32fw.a(stm32f10x_adc.o)
                0x08010e78                ADC_DeInit
                0x08010ed4                ADC_Init
                0x08010f20                ADC_StructInit
                0x08010f32                ADC_Cmd
                0x08010f46                ADC_DMACmd
                0x08010f5a                ADC_ITConfig
                0x08010f6e                ADC_ResetCalibration
                0x08010f78                ADC_GetResetCalibrationStatus
                0x08010f80                ADC_StartCalibration
                0x08010f8a                ADC_GetCalibrationStatus
                0x08010f92                ADC_SoftwareStartConvCmd
                0x08010fa6                ADC_GetSoftwareStartConvStatus
                0x08010fae                ADC_DiscModeChannelCountConfig
                0x08010fbe                ADC_DiscModeCmd
                0x08010fd2                ADC_RegularChannelConfig
                0x08011060                ADC_ExternalTrigConvCmd
                0x08011074                ADC_GetConversionValue
                0x0801107a                ADC_GetDualModeConversionValue
                0x08011084                ADC_AutoInjectedConvCmd
                0x08011098                ADC_InjectedDiscModeCmd
                0x080110ac                ADC_ExternalTrigInjectedConvConfig
                0x080110ba                ADC_ExternalTrigInjectedConvCmd
                0x080110ce                ADC_SoftwareStartInjectedConvCmd
                0x080110e2                ADC_GetSoftwareStartInjectedConvCmdStatus
                0x080110ea                ADC_InjectedChannelConfig
                0x08011146                ADC_InjectedSequencerLengthConfig
                0x08011156                ADC_SetInjectedOffset
                0x0801116c                ADC_GetInjectedConversionValue
                0x08011186                ADC_AnalogWatchdogCmd
                0x08011198                ADC_AnalogWatchdogThresholdsConfig
                0x0801119e                ADC_AnalogWatchdogSingleChannelConfig
                0x080111ac                ADC_TempSensorVrefintCmd
                0x080111c8                ADC_GetFlagStatus
                0x080111d4                ADC_ClearFlag
                0x080111da                ADC_GetITStatus
                0x080111f0                ADC_ClearITPendingBit
 .text          0x080111f8       0xe0 lib/STM32F10x_StdPeriph_Driver/libstm32fw.a(stm32f10x_bkp.o)
                0x080111f8                BKP_DeInit
                0x0801120a                BKP_TamperPinLevelConfig
                0x08011214                BKP_TamperPinCmd
                0x08011220                BKP_ITConfig
                0x0801122c                BKP_RTCOutputConfig
                0x08011244                BKP_SetRTCCalibrationValue
                0x0801125c                BKP_WriteBackupRegister
                0x08011278                BKP_ReadBackupRegister
                0x08011298                BKP_GetFlagStatus
                0x080112a4                BKP_ClearFlag
                0x080112b8                BKP_GetITStatus
                0x080112c4                BKP_ClearITPendingBit
 .text          0x080112d8      0x1f0 lib/STM32F10x_StdPeriph_Driver/libstm32fw.a(stm32f10x_dma.o)
                0x080112d8                DMA_DeInit
                0x080113d4                DMA_Init
                0x08011414                DMA_StructInit
                0x0801142e                DMA_Cmd
                0x08011442                DMA_ITConfig
                0x08011454                DMA_GetCurrDataCounter
                0x0801145a                DMA_GetFlagStatus
                0x08011478                DMA_ClearFlag
                0x08011490                DMA_GetITStatus
                0x080114b0                DMA_ClearITPendingBit
 .text          0x080114c8      0x108 lib/STM32F10x_StdPeriph_Driver/libstm32fw.a(stm32f10x_exti.o)
                0x080114c8                EXTI_DeInit
                0x080114e4                EXTI_Init
                0x08011568                EXTI_StructInit
                0x08011576                EXTI_GenerateSWInterrupt
                0x08011588                EXTI_GetFlagStatus
                0x0801159c                EXTI_ClearFlag
                0x080115a8                EXTI_GetITStatus
                0x080115c4                EXTI_ClearITPendingBit
 .text          0x080115d0      0x278 lib/STM32F10x_StdPeriph_Driver/libstm32fw.a(stm32f10x_gpio.o)
                0x080115d0                GPIO_DeInit
                0x0801167c                GPIO_AFIODeInit
                0x08011692                GPIO_Init
                0x0801172a                GPIO_StructInit
                0x0801173a                GPIO_ReadInputDataBit
                0x08011746                GPIO_ReadInputData
                0x0801174c                GPIO_ReadOutputDataBit
                0x08011758                GPIO_ReadOutputData
                0x0801175e                GPIO_SetBits
                0x08011762                GPIO_ResetBits
                0x08011766                GPIO_WriteBit
                0x08011770                GPIO_Write
                0x08011774                GPIO_PinLockConfig
                0x08011784                GPIO_EventOutputConfig
                0x080117a4                GPIO_EventOutputCmd
                0x080117b0                GPIO_PinRemapConfig
                0x08011808                GPIO_EXTILineConfig
                0x0801183c                GPIO_ETH_MediaInterfaceConfig
 .text          0x08011848      0x3b4 lib/STM32F10x_StdPeriph_Driver/libstm32fw.a(stm32f10x_i2c.o)
                0x08011848                I2C_DeInit
                0x0801187c                I2C_Init
                0x0801194c                I2C_StructInit
                0x08011968                I2C_Cmd
                0x08011982                I2C_DMACmd
                0x0801199c                I2C_DMALastTransferCmd
                0x080119b6                I2C_GenerateSTART
                0x080119d0                I2C_GenerateSTOP
                0x080119ea                I2C_AcknowledgeConfig
                0x08011a04                I2C_OwnAddress2Config
                0x08011a1a                I2C_DualAddressCmd
                0x08011a34                I2C_GeneralCallCmd
                0x08011a4e                I2C_ITConfig
                0x08011a64                I2C_SendData
                0x08011a68                I2C_ReceiveData
                0x08011a6e                I2C_Send7bitAddress
                0x08011a7e                I2C_ReadRegister
                0x08011a96                I2C_SoftwareResetCmd
                0x08011aae                I2C_SMBusAlertConfig
                0x08011acc                I2C_TransmitPEC
                0x08011ae6                I2C_PECPositionConfig
                0x08011b04                I2C_CalculatePEC
                0x08011b1e                I2C_GetPEC
                0x08011b26                I2C_ARPCmd
                0x08011b40                I2C_StretchClockCmd
                0x08011b5a                I2C_FastModeDutyCycleConfig
                0x08011b78                I2C_GetLastEvent
                0x08011b88                I2C_CheckEvent
                0x08011ba0                I2C_GetFlagStatus
                0x08011bd4                I2C_ClearFlag
                0x08011bda                I2C_GetITStatus
                0x08011bf6                I2C_ClearITPendingBit
 .text          0x08011bfc       0x58 lib/STM32F10x_StdPeriph_Driver/libstm32fw.a(stm32f10x_iwdg.o)
                0x08011bfc                IWDG_WriteAccessCmd
                0x08011c08                IWDG_SetPrescaler
                0x08011c14                IWDG_SetReload
                0x08011c20                IWDG_ReloadCounter
                0x08011c30                IWDG_Enable
                0x08011c40                IWDG_GetFlagStatus
 .text          0x08011c54       0xcc lib/STM32F10x_StdPeriph_Driver/libstm32fw.a(stm32f10x_pwr.o)
                0x08011c58                PWR_DeInit
                0x08011c72                PWR_BackupAccessCmd
                0x08011c7c                PWR_PVDCmd
                0x08011c88                PWR_PVDLevelConfig
                0x08011c9c                PWR_WakeUpPinCmd
                0x08011ca8                PWR_EnterSTOPMode
                0x08011cd4                PWR_EnterSTANDBYMode
                0x08011cfc                PWR_GetFlagStatus
                0x08011d10                PWR_ClearFlag
 .text          0x08011d20      0x360 lib/STM32F10x_StdPeriph_Driver/libstm32fw.a(stm32f10x_rcc.o)
                0x08011d20                RCC_DeInit
                0x08011d60                RCC_HSEConfig
                0x08011d98                RCC_AdjustHSICalibrationValue
                0x08011dac                RCC_HSICmd
                0x08011db8                RCC_PLLConfig
                0x08011dd0                RCC_PLLCmd
                0x08011ddc                RCC_SYSCLKConfig
                0x08011df0                RCC_GetSYSCLKSource
                0x08011e00                RCC_HCLKConfig
                0x08011e14                RCC_PCLK1Config
                0x08011e28                RCC_PCLK2Config
                0x08011e3c                RCC_ITConfig
                0x08011e54                RCC_USBCLKConfig
                0x08011e60                RCC_ADCCLKConfig
                0x08011e74                RCC_LSEConfig
                0x08011e94                RCC_LSICmd
                0x08011ea0                RCC_RTCCLKConfig
                0x08011eb0                RCC_RTCCLKCmd
                0x08011ebc                RCC_GetClocksFreq
                0x08011f60                RCC_AHBPeriphClockCmd
                0x08011f78                RCC_APB2PeriphClockCmd
                0x08011f90                RCC_APB1PeriphClockCmd
                0x08011fa8                RCC_APB2PeriphResetCmd
                0x08011fc0                RCC_APB1PeriphResetCmd
                0x08011fd8                RCC_BackupResetCmd
                0x08011fe4                RCC_ClockSecuritySystemCmd
                0x08011ff0                RCC_MCOConfig
                0x08011ffc                RCC_GetFlagStatus
                0x08012024                RCC_WaitForHSEStartUp
                0x08012050                RCC_ClearFlag
                0x08012060                RCC_GetITStatus
                0x08012074                RCC_ClearITPendingBit
 .text          0x08012080      0x158 lib/STM32F10x_StdPeriph_Driver/libstm32fw.a(stm32f10x_rtc.o)
                0x08012080                RTC_ITConfig
                0x0801209c                RTC_EnterConfigMode
                0x080120b0                RTC_ExitConfigMode
                0x080120c4                RTC_GetCounter
                0x080120d8                RTC_SetCounter
                0x080120f4                RTC_SetPrescaler
                0x08012114                RTC_SetAlarm
                0x08012130                RTC_GetDivider
                0x08012148                RTC_WaitForLastTask
                0x08012158                RTC_WaitForSynchro
                0x08012178                RTC_GetFlagStatus
                0x0801218c                RTC_ClearFlag
                0x080121a0                RTC_GetITStatus
                0x080121c4                RTC_ClearITPendingBit
 .text          0x080121d8      0x2d4 lib/STM32F10x_StdPeriph_Driver/libstm32fw.a(stm32f10x_spi.o)
                0x080121d8                SPI_I2S_DeInit
                0x0801223c                SPI_Init
                0x0801227c                I2S_Init
                0x0801231c                SPI_StructInit
                0x08012334                I2S_StructInit
                0x08012346                SPI_Cmd
                0x08012360                I2S_Cmd
                0x0801237a                SPI_I2S_ITConfig
                0x08012398                SPI_I2S_DMACmd
                0x080123ae                SPI_I2S_SendData
                0x080123b2                SPI_I2S_ReceiveData
                0x080123b8                SPI_NSSInternalSoftwareConfig
                0x080123d8                SPI_SSOutputCmd
                0x080123f2                SPI_DataSizeConfig
                0x0801240a                SPI_TransmitCRC
                0x08012416                SPI_CalculateCRC
                0x08012430                SPI_GetCRC
                0x08012440                SPI_GetCRCPolynomial
                0x08012446                SPI_BiDirectionalLineConfig
                0x08012464                SPI_I2S_GetFlagStatus
                0x08012470                SPI_I2S_ClearFlag
                0x08012476                SPI_I2S_GetITStatus
                0x0801249c                SPI_I2S_ClearITPendingBit
 .text          0x080124ac      0xa80 lib/STM32F10x_StdPeriph_Driver/libstm32fw.a(stm32f10x_tim.o)
                0x0801251a                TIM_DeInit
                0x080125e4                TIM_TimeBaseInit
                0x08012620                TIM_OC1Init
                0x080126a0                TIM_OC2Init
                0x08012728                TIM_OC3Init
                0x080127ac                TIM_OC4Init
                0x08012810                TIM_BDTRConfig
                0x08012832                TIM_TimeBaseStructInit
                0x08012844                TIM_OCStructInit
                0x08012858                TIM_ICStructInit
                0x08012868                TIM_BDTRStructInit
                0x0801287a                TIM_Cmd
                0x08012894                TIM_CtrlPWMOutputs
                0x080128b2                TIM_ITConfig
                0x080128c8                TIM_GenerateEvent
                0x080128cc                TIM_DMAConfig
                0x080128d4                TIM_DMACmd
                0x080128ea                TIM_InternalClockConfig
                0x080128f8                TIM_ETRConfig
                0x0801290e                TIM_ETRClockMode2Config
                0x08012922                TIM_ETRClockMode1Config
                0x0801293c                TIM_PrescalerConfig
                0x08012942                TIM_CounterModeConfig
                0x08012954                TIM_SelectInputTrigger
                0x08012966                TIM_TIxExternalClockConfig
                0x08012994                TIM_ITRxExternalClockConfig
                0x080129a8                TIM_EncoderInterfaceConfig
                0x080129e6                TIM_ForcedOC1Config
                0x080129f8                TIM_ForcedOC2Config
                0x08012a0a                TIM_ForcedOC3Config
                0x08012a1c                TIM_ForcedOC4Config
                0x08012a2e                TIM_ARRPreloadConfig
                0x08012a48                TIM_SelectCOM
                0x08012a62                TIM_SelectCCDMA
                0x08012a7c                TIM_CCPreloadControl
                0x08012a96                TIM_OC1PreloadConfig
                0x08012aa8                TIM_OC2PreloadConfig
                0x08012aba                TIM_OC3PreloadConfig
                0x08012acc                TIM_OC4PreloadConfig
                0x08012ade                TIM_OC1FastConfig
                0x08012af0                TIM_OC2FastConfig
                0x08012b02                TIM_OC3FastConfig
                0x08012b14                TIM_OC4FastConfig
                0x08012b26                TIM_ClearOC1Ref
                0x08012b38                TIM_ClearOC2Ref
                0x08012b46                TIM_ClearOC3Ref
                0x08012b58                TIM_ClearOC4Ref
                0x08012b66                TIM_OC1PolarityConfig
                0x08012b78                TIM_OC1NPolarityConfig
                0x08012b8a                TIM_OC2PolarityConfig
                0x08012b9c                TIM_OC2NPolarityConfig
                0x08012bae                TIM_OC3PolarityConfig
                0x08012bc0                TIM_OC3NPolarityConfig
                0x08012bd2                TIM_OC4PolarityConfig
                0x08012be4                TIM_CCxCmd
                0x08012c02                TIM_CCxNCmd
                0x08012c20                TIM_SelectOCxM
                0x08012c6c                TIM_UpdateDisableConfig
                0x08012c86                TIM_UpdateRequestConfig
                0x08012ca0                TIM_SelectHallSensor
                0x08012cba                TIM_SelectOnePulseMode
                0x08012cd2                TIM_SelectOutputTrigger
                0x08012cea                TIM_SelectSlaveMode
                0x08012d02                TIM_SelectMasterSlaveMode
                0x08012d1a                TIM_SetCounter
                0x08012d1e                TIM_SetAutoreload
                0x08012d22                TIM_SetCompare1
                0x08012d26                TIM_SetCompare2
                0x08012d2a                TIM_SetCompare3
                0x08012d2e                TIM_SetCompare4
                0x08012d34                TIM_SetIC1Prescaler
                0x08012d4c                TIM_SetIC2Prescaler
                0x08012d64                TIM_PWMIConfig
                0x08012dd0                TIM_SetIC3Prescaler
                0x08012de8                TIM_SetIC4Prescaler
                0x08012e00                TIM_ICInit
                0x08012ec4                TIM_SetClockDivision
                0x08012ed6                TIM_GetCapture1
                0x08012edc                TIM_GetCapture2
                0x08012ee2                TIM_GetCapture3
                0x08012ee8                TIM_GetCapture4
                0x08012ef0                TIM_GetCounter
                0x08012ef6                TIM_GetPrescaler
                0x08012efc                TIM_GetFlagStatus
                0x08012f08                TIM_ClearFlag
                0x08012f0e                TIM_GetITStatus
                0x08012f24                TIM_ClearITPendingBit
 .text          0x08012f2c      0x374 lib/STM32F10x_StdPeriph_Driver/libstm32fw.a(stm32f10x_usart.o)
                0x08012f2c                USART_DeInit
                0x08012fc4                USART_Init
                0x08013054                USART_StructInit
                0x0801306a                USART_ClockInit
                0x08013090                USART_ClockStructInit
                0x0801309c                USART_Cmd
                0x080130b6                USART_ITConfig
                0x080130ec                USART_DMACmd
                0x08013102                USART_SetAddress
                0x0801311a                USART_WakeUpConfig
                0x08013132                USART_ReceiverWakeUpCmd
                0x0801314c                USART_LINBreakDetectLengthConfig
                0x08013164                USART_LINCmd
                0x0801317e                USART_SendData
                0x08013186                USART_ReceiveData
                0x0801318e                USART_SendBreak
                0x0801319a                USART_SetGuardTime
                0x080131ac                USART_SetPrescaler
                0x080131c0                USART_SmartCardCmd
                0x080131da                USART_SmartCardNACKCmd
                0x080131f4                USART_HalfDuplexCmd
                0x0801320e                USART_IrDAConfig
                0x08013226                USART_IrDACmd
                0x08013240                USART_GetFlagStatus
                0x0801324c                USART_ClearFlag
                0x08013252                USART_GetITStatus
                0x08013292                USART_ClearITPendingBit
 .text          0x080132a0       0x90 /home/laurence/CodeSourcery/Sourcery_G++_Lite/bin/../lib/gcc/arm-none-eabi/4.5.2/../../../../arm-none-eabi/lib/thumb2/libm.a(lib_a-s_cos.o)
                0x080132a0                cos
 .text          0x08013330      0x128 /home/laurence/CodeSourcery/Sourcery_G++_Lite/bin/../lib/gcc/arm-none-eabi/4.5.2/../../../../arm-none-eabi/lib/thumb2/libm.a(lib_a-s_floor.o)
                0x08013330                floor
 .text          0x08013458       0x98 /home/laurence/CodeSourcery/Sourcery_G++_Lite/bin/../lib/gcc/arm-none-eabi/4.5.2/../../../../arm-none-eabi/lib/thumb2/libm.a(lib_a-s_sin.o)
                0x08013458                sin
 .text          0x080134f0       0x74 /home/laurence/CodeSourcery/Sourcery_G++_Lite/bin/../lib/gcc/arm-none-eabi/4.5.2/../../../../arm-none-eabi/lib/thumb2/libm.a(lib_a-sf_cos.o)
                0x080134f0                cosf
 .text          0x08013564       0x78 /home/laurence/CodeSourcery/Sourcery_G++_Lite/bin/../lib/gcc/arm-none-eabi/4.5.2/../../../../arm-none-eabi/lib/thumb2/libm.a(lib_a-sf_sin.o)
                0x08013564                sinf
 .text          0x080135dc       0xa8 /home/laurence/CodeSourcery/Sourcery_G++_Lite/bin/../lib/gcc/arm-none-eabi/4.5.2/../../../../arm-none-eabi/lib/thumb2/libm.a(lib_a-w_asin.o)
                0x080135dc                asin
 .text          0x08013684        0x4 /home/laurence/CodeSourcery/Sourcery_G++_Lite/bin/../lib/gcc/arm-none-eabi/4.5.2/../../../../arm-none-eabi/lib/thumb2/libm.a(lib_a-w_atan2.o)
                0x08013684                atan2
 .text          0x08013688       0xac /home/laurence/CodeSourcery/Sourcery_G++_Lite/bin/../lib/gcc/arm-none-eabi/4.5.2/../../../../arm-none-eabi/lib/thumb2/libm.a(lib_a-w_sqrt.o)
                0x08013688                sqrt
 .text          0x08013734       0xa8 /home/laurence/CodeSourcery/Sourcery_G++_Lite/bin/../lib/gcc/arm-none-eabi/4.5.2/../../../../arm-none-eabi/lib/thumb2/libm.a(lib_a-wf_acos.o)
                0x08013734                acosf
 .text          0x080137dc       0xa8 /home/laurence/CodeSourcery/Sourcery_G++_Lite/bin/../lib/gcc/arm-none-eabi/4.5.2/../../../../arm-none-eabi/lib/thumb2/libm.a(lib_a-wf_asin.o)
                0x080137dc                asinf
 .text          0x08013884        0x4 /home/laurence/CodeSourcery/Sourcery_G++_Lite/bin/../lib/gcc/arm-none-eabi/4.5.2/../../../../arm-none-eabi/lib/thumb2/libm.a(lib_a-wf_atan2.o)
                0x08013884                atan2f
 .text          0x08013888       0xa4 /home/laurence/CodeSourcery/Sourcery_G++_Lite/bin/../lib/gcc/arm-none-eabi/4.5.2/../../../../arm-none-eabi/lib/thumb2/libm.a(lib_a-wf_sqrt.o)
                0x08013888                sqrtf
 *fill*         0x0801392c        0x4 00
 .text          0x08013930      0x460 /home/laurence/CodeSourcery/Sourcery_G++_Lite/bin/../lib/gcc/arm-none-eabi/4.5.2/../../../../arm-none-eabi/lib/thumb2/libm.a(lib_a-e_asin.o)
                0x08013930                __ieee754_asin
 .text          0x08013d90      0x218 /home/laurence/CodeSourcery/Sourcery_G++_Lite/bin/../lib/gcc/arm-none-eabi/4.5.2/../../../../arm-none-eabi/lib/thumb2/libm.a(lib_a-e_atan2.o)
                0x08013d90                __ieee754_atan2
 .text          0x08013fa8      0x450 /home/laurence/CodeSourcery/Sourcery_G++_Lite/bin/../lib/gcc/arm-none-eabi/4.5.2/../../../../arm-none-eabi/lib/thumb2/libm.a(lib_a-e_rem_pio2.o)
                0x08013fa8                __ieee754_rem_pio2
 .text          0x080143f8      0x1c0 /home/laurence/CodeSourcery/Sourcery_G++_Lite/bin/../lib/gcc/arm-none-eabi/4.5.2/../../../../arm-none-eabi/lib/thumb2/libm.a(lib_a-e_sqrt.o)
                0x080143f8                __ieee754_sqrt
 .text          0x080145b8      0x368 /home/laurence/CodeSourcery/Sourcery_G++_Lite/bin/../lib/gcc/arm-none-eabi/4.5.2/../../../../arm-none-eabi/lib/thumb2/libm.a(lib_a-ef_acos.o)
                0x080145b8                __ieee754_acosf
 .text          0x08014920      0x318 /home/laurence/CodeSourcery/Sourcery_G++_Lite/bin/../lib/gcc/arm-none-eabi/4.5.2/../../../../arm-none-eabi/lib/thumb2/libm.a(lib_a-ef_asin.o)
                0x08014920                __ieee754_asinf
 .text          0x08014c38      0x16c /home/laurence/CodeSourcery/Sourcery_G++_Lite/bin/../lib/gcc/arm-none-eabi/4.5.2/../../../../arm-none-eabi/lib/thumb2/libm.a(lib_a-ef_atan2.o)
                0x08014c38                __ieee754_atan2f
 .text          0x08014da4      0x358 /home/laurence/CodeSourcery/Sourcery_G++_Lite/bin/../lib/gcc/arm-none-eabi/4.5.2/../../../../arm-none-eabi/lib/thumb2/libm.a(lib_a-ef_rem_pio2.o)
                0x08014da4                __ieee754_rem_pio2f
 .text          0x080150fc       0xb0 /home/laurence/CodeSourcery/Sourcery_G++_Lite/bin/../lib/gcc/arm-none-eabi/4.5.2/../../../../arm-none-eabi/lib/thumb2/libm.a(lib_a-ef_sqrt.o)
                0x080150fc                __ieee754_sqrtf
 *fill*         0x080151ac        0x4 00
 .text          0x080151b0      0x250 /home/laurence/CodeSourcery/Sourcery_G++_Lite/bin/../lib/gcc/arm-none-eabi/4.5.2/../../../../arm-none-eabi/lib/thumb2/libm.a(lib_a-k_cos.o)
                0x080151b0                __kernel_cos
 .text          0x08015400      0x7a8 /home/laurence/CodeSourcery/Sourcery_G++_Lite/bin/../lib/gcc/arm-none-eabi/4.5.2/../../../../arm-none-eabi/lib/thumb2/libm.a(lib_a-k_rem_pio2.o)
                0x08015400                __kernel_rem_pio2
 .text          0x08015ba8      0x168 /home/laurence/CodeSourcery/Sourcery_G++_Lite/bin/../lib/gcc/arm-none-eabi/4.5.2/../../../../arm-none-eabi/lib/thumb2/libm.a(lib_a-k_sin.o)
                0x08015ba8                __kernel_sin
 .text          0x08015d10      0x1b8 /home/laurence/CodeSourcery/Sourcery_G++_Lite/bin/../lib/gcc/arm-none-eabi/4.5.2/../../../../arm-none-eabi/lib/thumb2/libm.a(lib_a-kf_cos.o)
                0x08015d10                __kernel_cosf
 .text          0x08015ec8      0x63c /home/laurence/CodeSourcery/Sourcery_G++_Lite/bin/../lib/gcc/arm-none-eabi/4.5.2/../../../../arm-none-eabi/lib/thumb2/libm.a(lib_a-kf_rem_pio2.o)
                0x08015ec8                __kernel_rem_pio2f
 .text          0x08016504      0x100 /home/laurence/CodeSourcery/Sourcery_G++_Lite/bin/../lib/gcc/arm-none-eabi/4.5.2/../../../../arm-none-eabi/lib/thumb2/libm.a(lib_a-kf_sin.o)
                0x08016504                __kernel_sinf
 *fill*         0x08016604        0x4 00
 .text          0x08016608      0x338 /home/laurence/CodeSourcery/Sourcery_G++_Lite/bin/../lib/gcc/arm-none-eabi/4.5.2/../../../../arm-none-eabi/lib/thumb2/libm.a(lib_a-s_atan.o)
                0x08016608                atan
 .text          0x08016940        0x8 /home/laurence/CodeSourcery/Sourcery_G++_Lite/bin/../lib/gcc/arm-none-eabi/4.5.2/../../../../arm-none-eabi/lib/thumb2/libm.a(lib_a-s_fabs.o)
                0x08016940                fabs
 .text          0x08016948       0x90 /home/laurence/CodeSourcery/Sourcery_G++_Lite/bin/../lib/gcc/arm-none-eabi/4.5.2/../../../../arm-none-eabi/lib/thumb2/libm.a(lib_a-s_fpclassify.o)
                0x08016948                __fpclassifyd
 .text          0x080169d8        0x4 /home/laurence/CodeSourcery/Sourcery_G++_Lite/bin/../lib/gcc/arm-none-eabi/4.5.2/../../../../arm-none-eabi/lib/thumb2/libm.a(lib_a-s_matherr.o)
                0x080169d8                matherr
 .text          0x080169dc        0xc /home/laurence/CodeSourcery/Sourcery_G++_Lite/bin/../lib/gcc/arm-none-eabi/4.5.2/../../../../arm-none-eabi/lib/thumb2/libm.a(lib_a-s_nan.o)
                0x080169dc                nan
 .text          0x080169e8      0x108 /home/laurence/CodeSourcery/Sourcery_G++_Lite/bin/../lib/gcc/arm-none-eabi/4.5.2/../../../../arm-none-eabi/lib/thumb2/libm.a(lib_a-s_scalbn.o)
                0x080169e8                scalbn
 .text          0x08016af0      0x244 /home/laurence/CodeSourcery/Sourcery_G++_Lite/bin/../lib/gcc/arm-none-eabi/4.5.2/../../../../arm-none-eabi/lib/thumb2/libm.a(lib_a-sf_atan.o)
                0x08016af0                atanf
 .text          0x08016d34        0x8 /home/laurence/CodeSourcery/Sourcery_G++_Lite/bin/../lib/gcc/arm-none-eabi/4.5.2/../../../../arm-none-eabi/lib/thumb2/libm.a(lib_a-sf_fabs.o)
                0x08016d34                fabsf
 .text          0x08016d3c       0xa0 /home/laurence/CodeSourcery/Sourcery_G++_Lite/bin/../lib/gcc/arm-none-eabi/4.5.2/../../../../arm-none-eabi/lib/thumb2/libm.a(lib_a-sf_floor.o)
                0x08016d3c                floorf
 .text          0x08016ddc       0x7c /home/laurence/CodeSourcery/Sourcery_G++_Lite/bin/../lib/gcc/arm-none-eabi/4.5.2/../../../../arm-none-eabi/lib/thumb2/libm.a(lib_a-sf_fpclassify.o)
                0x08016ddc                __fpclassifyf
 .text          0x08016e58       0xc0 /home/laurence/CodeSourcery/Sourcery_G++_Lite/bin/../lib/gcc/arm-none-eabi/4.5.2/../../../../arm-none-eabi/lib/thumb2/libm.a(lib_a-sf_scalbn.o)
                0x08016e58                scalbnf
 .text          0x08016f18       0x14 /home/laurence/CodeSourcery/Sourcery_G++_Lite/bin/../lib/gcc/arm-none-eabi/4.5.2/../../../../arm-none-eabi/lib/thumb2/libm.a(lib_a-s_copysign.o)
                0x08016f18                copysign
 .text          0x08016f2c       0x10 /home/laurence/CodeSourcery/Sourcery_G++_Lite/bin/../lib/gcc/arm-none-eabi/4.5.2/../../../../arm-none-eabi/lib/thumb2/libm.a(lib_a-sf_copysign.o)
                0x08016f2c                copysignf
 *fill*         0x08016f3c        0x4 00
 .text          0x08016f40      0x2b0 /home/laurence/CodeSourcery/Sourcery_G++_Lite/bin/../lib/gcc/arm-none-eabi/4.5.2/thumb2/libgcc.a(_divsi3.o)
                0x08016f40                __aeabi_idiv
                0x08016f40                __divsi3
                0x080171d4                __aeabi_idivmod
 .text          0x080171f0        0x4 /home/laurence/CodeSourcery/Sourcery_G++_Lite/bin/../lib/gcc/arm-none-eabi/4.5.2/thumb2/libgcc.a(_dvmd_tls.o)
                0x080171f0                __aeabi_ldiv0
                0x080171f0                __aeabi_idiv0
 .text          0x080171f4      0x370 /home/laurence/CodeSourcery/Sourcery_G++_Lite/bin/../lib/gcc/arm-none-eabi/4.5.2/thumb2/libgcc.a(_arm_addsubdf3.o)
                0x080171f4                __aeabi_drsub
                0x080171fc                __aeabi_dsub
                0x080171fc                __subdf3
                0x08017200                __adddf3
                0x08017200                __aeabi_dadd
                0x08017478                __aeabi_ui2d
                0x08017478                __floatunsidf
                0x08017498                __floatsidf
                0x08017498                __aeabi_i2d
                0x080174bc                __extendsfdf2
                0x080174bc                __aeabi_f2d
                0x080174f8                __aeabi_ul2d
                0x080174f8                __floatundidf
                0x08017508                __floatdidf
                0x08017508                __aeabi_l2d
 .text          0x08017564      0x424 /home/laurence/CodeSourcery/Sourcery_G++_Lite/bin/../lib/gcc/arm-none-eabi/4.5.2/thumb2/libgcc.a(_arm_muldivdf3.o)
                0x08017564                __aeabi_dmul
                0x08017564                __muldf3
                0x080177b8                __aeabi_ddiv
                0x080177b8                __divdf3
 .text          0x08017988      0x110 /home/laurence/CodeSourcery/Sourcery_G++_Lite/bin/../lib/gcc/arm-none-eabi/4.5.2/thumb2/libgcc.a(_arm_cmpdf2.o)
                0x08017988                __gtdf2
                0x08017988                __gedf2
                0x08017990                __ltdf2
                0x08017990                __ledf2
                0x08017998                __cmpdf2
                0x08017998                __eqdf2
                0x08017998                __nedf2
                0x08017a14                __aeabi_cdrcmple
                0x08017a24                __aeabi_cdcmple
                0x08017a24                __aeabi_cdcmpeq
                0x08017a34                __aeabi_dcmpeq
                0x08017a48                __aeabi_dcmplt
                0x08017a5c                __aeabi_dcmple
                0x08017a70                __aeabi_dcmpge
                0x08017a84                __aeabi_dcmpgt
 .text          0x08017a98       0x50 /home/laurence/CodeSourcery/Sourcery_G++_Lite/bin/../lib/gcc/arm-none-eabi/4.5.2/thumb2/libgcc.a(_arm_fixdfsi.o)
                0x08017a98                __fixdfsi
                0x08017a98                __aeabi_d2iz
 .text          0x08017ae8       0x40 /home/laurence/CodeSourcery/Sourcery_G++_Lite/bin/../lib/gcc/arm-none-eabi/4.5.2/thumb2/libgcc.a(_arm_fixunsdfsi.o)
                0x08017ae8                __fixunsdfsi
                0x08017ae8                __aeabi_d2uiz
 .text          0x08017b28       0xa0 /home/laurence/CodeSourcery/Sourcery_G++_Lite/bin/../lib/gcc/arm-none-eabi/4.5.2/thumb2/libgcc.a(_arm_truncdfsf2.o)
                0x08017b28                __aeabi_d2f
                0x08017b28                __truncdfsf2
 .text          0x08017bc8      0x21c /home/laurence/CodeSourcery/Sourcery_G++_Lite/bin/../lib/gcc/arm-none-eabi/4.5.2/thumb2/libgcc.a(_arm_addsubsf3.o)
                0x08017bc8                __aeabi_frsub
                0x08017bd0                __subsf3
                0x08017bd0                __aeabi_fsub
                0x08017bd4                __aeabi_fadd
                0x08017bd4                __addsf3
                0x08017d34                __aeabi_ui2f
                0x08017d34                __floatunsisf
                0x08017d3c                __aeabi_i2f
                0x08017d3c                __floatsisf
                0x08017d58                __floatundisf
                0x08017d58                __aeabi_ul2f
                0x08017d68                __floatdisf
                0x08017d68                __aeabi_l2f
 .text          0x08017de4      0x2a0 /home/laurence/CodeSourcery/Sourcery_G++_Lite/bin/../lib/gcc/arm-none-eabi/4.5.2/thumb2/libgcc.a(_arm_muldivsf3.o)
                0x08017de4                __mulsf3
                0x08017de4                __aeabi_fmul
                0x08017f4c                __divsf3
                0x08017f4c                __aeabi_fdiv
 .text          0x08018084       0xec /home/laurence/CodeSourcery/Sourcery_G++_Lite/bin/../lib/gcc/arm-none-eabi/4.5.2/thumb2/libgcc.a(_arm_cmpsf2.o)
                0x08018084                __gtsf2
                0x08018084                __gesf2
                0x0801808c                __lesf2
                0x0801808c                __ltsf2
                0x08018094                __nesf2
                0x08018094                __eqsf2
                0x08018094                __cmpsf2
                0x080180f4                __aeabi_cfrcmple
                0x080180fc                __aeabi_cfcmple
                0x080180fc                __aeabi_cfcmpeq
                0x0801810c                __aeabi_fcmpeq
                0x08018120                __aeabi_fcmplt
                0x08018134                __aeabi_fcmple
                0x08018148                __aeabi_fcmpge
                0x0801815c                __aeabi_fcmpgt
 .text          0x08018170       0x4c /home/laurence/CodeSourcery/Sourcery_G++_Lite/bin/../lib/gcc/arm-none-eabi/4.5.2/thumb2/libgcc.a(_arm_fixsfsi.o)
                0x08018170                __fixsfsi
                0x08018170                __aeabi_f2iz
 .text          0x080181bc       0x40 /home/laurence/CodeSourcery/Sourcery_G++_Lite/bin/../lib/gcc/arm-none-eabi/4.5.2/thumb2/libgcc.a(_arm_fixunssfsi.o)
                0x080181bc                __aeabi_f2uiz
                0x080181bc                __fixunssfsi
 .text          0x080181fc       0x2c /home/laurence/CodeSourcery/Sourcery_G++_Lite/bin/../lib/gcc/arm-none-eabi/4.5.2/thumb2/libgcc.a(_fixsfdi.o)
                0x080181fc                __aeabi_f2lz
                0x080181fc                __fixsfdi
 .text          0x08018228       0x48 /home/laurence/CodeSourcery/Sourcery_G++_Lite/bin/../lib/gcc/arm-none-eabi/4.5.2/thumb2/libgcc.a(_fixunssfdi.o)
                0x08018228                __aeabi_f2ulz
                0x08018228                __fixunssfdi
 .text          0x08018270        0xc /home/laurence/CodeSourcery/Sourcery_G++_Lite/bin/../lib/gcc/arm-none-eabi/4.5.2/../../../../arm-none-eabi/lib/thumb2/libc.a(lib_a-errno.o)
                0x08018270                __errno
 .text          0x0801827c       0x20 /home/laurence/CodeSourcery/Sourcery_G++_Lite/bin/../lib/gcc/arm-none-eabi/4.5.2/../../../../arm-none-eabi/lib/thumb2/libc.a(lib_a-malloc.o)
                0x0801827c                malloc
                0x0801828c                free
 .text          0x0801829c      0x57c /home/laurence/CodeSourcery/Sourcery_G++_Lite/bin/../lib/gcc/arm-none-eabi/4.5.2/../../../../arm-none-eabi/lib/thumb2/libc.a(lib_a-mallocr.o)
                0x0801829c                _malloc_r
 .text          0x08018818      0x150 /home/laurence/CodeSourcery/Sourcery_G++_Lite/bin/../lib/gcc/arm-none-eabi/4.5.2/../../../../arm-none-eabi/lib/thumb2/libc.a(lib_a-memcpy.o)
                0x08018818                memcpy
 .text          0x08018968       0xb4 /home/laurence/CodeSourcery/Sourcery_G++_Lite/bin/../lib/gcc/arm-none-eabi/4.5.2/../../../../arm-none-eabi/lib/thumb2/libc.a(lib_a-memset.o)
                0x08018968                memset
 .text          0x08018a1c        0x8 /home/laurence/CodeSourcery/Sourcery_G++_Lite/bin/../lib/gcc/arm-none-eabi/4.5.2/../../../../arm-none-eabi/lib/thumb2/libc.a(lib_a-mlock.o)
                0x08018a1c                __malloc_lock
                0x08018a20                __malloc_unlock
 *fill*         0x08018a24        0x4 00
 .text          0x08018a28      0x100 /home/laurence/CodeSourcery/Sourcery_G++_Lite/bin/../lib/gcc/arm-none-eabi/4.5.2/../../../../arm-none-eabi/lib/thumb2/libc.a(lib_a-rand.o)
                0x08018a28                srand
                0x08018a84                rand
 .text          0x08018b28       0x28 /home/laurence/CodeSourcery/Sourcery_G++_Lite/bin/../lib/gcc/arm-none-eabi/4.5.2/../../../../arm-none-eabi/lib/thumb2/libc.a(lib_a-sbrkr.o)
                0x08018b28                _sbrk_r
 .text          0x08018b50       0xbc /home/laurence/CodeSourcery/Sourcery_G++_Lite/bin/../lib/gcc/arm-none-eabi/4.5.2/../../../../arm-none-eabi/lib/thumb2/libc.a(lib_a-strcpy.o)
                0x08018b50                strcpy
 .text          0x08018c0c      0x240 /home/laurence/CodeSourcery/Sourcery_G++_Lite/bin/../lib/gcc/arm-none-eabi/4.5.2/../../../../arm-none-eabi/lib/thumb2/libc.a(lib_a-freer.o)
                0x08018c0c                _malloc_trim_r
                0x08018cb4                _free_r
 .text          0x08018e4c       0x30 /home/laurence/CodeSourcery/Sourcery_G++_Lite/bin/../lib/gcc/arm-none-eabi/4.5.2/../../../../arm-none-eabi/lib/thumb2/libcs3.a(start_c.o)
                0x08018e4c                __cs3_premain
 .text.cs3.init
                0x08018e7c       0x50 /home/laurence/CodeSourcery/Sourcery_G++_Lite/bin/../lib/gcc/arm-none-eabi/4.5.2/../../../../arm-none-eabi/lib/thumb2/libcs3.a(start_c.o)
                0x08018e7c                __cs3_start_c
 .text          0x08018ecc       0x40 /home/laurence/CodeSourcery/Sourcery_G++_Lite/bin/../lib/gcc/arm-none-eabi/4.5.2/../../../../arm-none-eabi/lib/thumb2/libcs3unhosted.a(unhosted-sbrk.o)
                0x08018ecc                _sbrk
 .text.cs3.init
                0x08018f0c       0x10 /home/laurence/CodeSourcery/Sourcery_G++_Lite/bin/../lib/gcc/arm-none-eabi/4.5.2/../../../../arm-none-eabi/lib/thumb2/libcs3unhosted.a(unhosted-start.o)
                0x08018f0c                _start
 .text          0x08018f1c        0x2 lib/libcs3-lanchon-stm32.a(lanchon_stm32_isr_interrupt.o)
                0x08018f1c                MemManageException
                0x08018f1c                BusFaultException
                0x08018f1c                DMAChannel7_IRQHandler
                0x08018f1c                DebugMonitor
                0x08018f1c                SVCHandler
                0x08018f1c                HardFaultException
                0x08018f1c                __STM32ReservedException8
                0x08018f1c                USB_HP_CAN_TX_IRQHandler
                0x08018f1c                __STM32DefaultExceptionHandler
                0x08018f1c                DMAChannel1_IRQHandler
                0x08018f1c                CAN_SCE_IRQHandler
                0x08018f1c                __STM32ReservedException10
                0x08018f1c                __STM32ReservedException13
                0x08018f1c                NMIException
                0x08018f1c                DMAChannel4_IRQHandler
                0x08018f1c                SysTickHandler
                0x08018f1c                PendSVC
                0x08018f1c                CAN_RX1_IRQHandler
                0x08018f1c                ADC_IRQHandler
                0x08018f1c                DMAChannel5_IRQHandler
                0x08018f1c                DMAChannel2_IRQHandler
                0x08018f1c                USB_LP_CAN_RX0_IRQHandler
                0x08018f1c                __STM32ReservedException7
                0x08018f1c                UsageFaultException
                0x08018f1c                DMAChannel6_IRQHandler
                0x08018f1c                DMAChannel3_IRQHandler
                0x08018f1c                __STM32ReservedException9
 *fill*         0x08018f1e        0x2 00
 .text          0x08018f20       0x50 /home/laurence/CodeSourcery/Sourcery_G++_Lite/bin/../lib/gcc/arm-none-eabi/4.5.2/../../../../arm-none-eabi/lib/thumb2/libc.a(lib_a-init.o)
                0x08018f20                __libc_init_array
 *(.plt)
 *(.gnu.warning)
 *(.glue_7t)
 .glue_7t       0x00000000        0x0 linker stubs
 *(.glue_7)
 .glue_7        0x00000000        0x0 linker stubs
 *(.vfp11_veneer)
 .vfp11_veneer  0x00000000        0x0 linker stubs
 *(.rodata .rodata.* .gnu.linkonce.r.*)
 .rodata        0x08018f70      0x888 Sensors/earth_field.o
 .rodata.str1.1
                0x080197f8        0x9 Sensors/earth_field.o
 *fill*         0x08019801        0x3 00
 .rodata        0x08019804       0x9c Sensors/sensorcal.o
                0x08019804                Acc_Cal_Dat
                0x08019838                Mag_Cal_Dat
                0x0801986c                Gyr_Cal_Dat
 .rodata        0x080198a0       0x9b Sensors/ubx.o
 .rodata.str1.1
                0x0801993b      0x13b Sensors/ubx.o
 .rodata.str1.1
                0x08019a76        0xf Util/Fatfs/ff.o
 .rodata        0x08019a85        0xc Util/Fatfs/rtc.o
 *fill*         0x08019a91        0x7 00
 .rodata        0x08019a98      0x1d8 Util/RF22/RF22.o
                0x08019a98                _ZTV4RF22
 .rodata._ZTV12RF22Datagram
                0x08019c70       0x10 Util/RF22/RF22Datagram.o
                0x08019c70                _ZTV12RF22Datagram
 .rodata        0x08019c80       0x20 Util/RF22/RF22Mesh.o
                0x08019c80                _ZTV8RF22Mesh
 .rodata._ZTV20RF22ReliableDatagram
                0x08019ca0       0x10 Util/RF22/RF22ReliableDatagram.o
                0x08019ca0                _ZTV20RF22ReliableDatagram
 .rodata        0x08019cb0       0x18 Util/RF22/RF22Router.o
                0x08019cb0                _ZTV10RF22Router
 .rodata        0x08019cc8      0x100 Util/crc.o
 .rodata        0x08019dc8       0x11 Util/rprintf.o
 .rodata.str1.1
                0x08019dd9        0x6 Util/rprintf.o
 *fill*         0x08019ddf        0x1 00
 .rodata        0x08019de0       0x54 Util/uavtalk.o
                0x08019de0                UAVtalk_objects
                0x08019e0c                UAVtalk_lenghts
                0x08019e17                UAVtalk_stream_objs
                0x08019e1e                UAVtalk_stream_types
                0x08019e26                UAVtalk_stream_timeouts
 .rodata        0x08019e34        0xf i2c_int.o
                0x08019e34                Magno_config
                0x08019e37                Magno_single
                0x08019e38                Bmp_temperature
                0x08019e39                Bmp_pressure
                0x08019e3a                Accel_config
                0x08019e3e                Gyro_config
                0x08019e41                Gyro_clk_config
                0x08019e42                Pitot_conv
 *fill*         0x08019e43        0x1 00
 .rodata        0x08019e44       0x14 lib/CMSIS_CM3/system_stm32f10x.o
                0x08019e44                SystemFrequency
                0x08019e48                SystemFrequency_SysClk
                0x08019e4c                SystemFrequency_AHBClk
                0x08019e50                SystemFrequency_APB1Clk
                0x08019e54                SystemFrequency_APB2Clk
 .rodata.str1.1
                0x08019e58      0x461 main.o
                                0x46e (size before relaxing)
 *fill*         0x0801a2b9        0x3 00
 .rodata.str1.4
                0x0801a2bc        0x5 /home/laurence/CodeSourcery/Sourcery_G++_Lite/bin/../lib/gcc/arm-none-eabi/4.5.2/../../../../arm-none-eabi/lib/thumb2/libm.a(lib_a-w_asin.o)
                                  0xc (size before relaxing)
 *fill*         0x0801a2c1        0x3 00
 .rodata.str1.4
                0x0801a2c4        0x5 /home/laurence/CodeSourcery/Sourcery_G++_Lite/bin/../lib/gcc/arm-none-eabi/4.5.2/../../../../arm-none-eabi/lib/thumb2/libm.a(lib_a-w_sqrt.o)
                                  0x8 (size before relaxing)
 *fill*         0x0801a2c9        0x3 00
 .rodata.str1.4
                0x0801a2cc        0x6 /home/laurence/CodeSourcery/Sourcery_G++_Lite/bin/../lib/gcc/arm-none-eabi/4.5.2/../../../../arm-none-eabi/lib/thumb2/libm.a(lib_a-wf_acos.o)
                                  0xc (size before relaxing)
 *fill*         0x0801a2d2        0x2 00
 .rodata.str1.4
                0x0801a2d4        0x6 /home/laurence/CodeSourcery/Sourcery_G++_Lite/bin/../lib/gcc/arm-none-eabi/4.5.2/../../../../arm-none-eabi/lib/thumb2/libm.a(lib_a-wf_asin.o)
                                  0xc (size before relaxing)
 *fill*         0x0801a2da        0x2 00
 .rodata.str1.4
                0x0801a2dc        0x6 /home/laurence/CodeSourcery/Sourcery_G++_Lite/bin/../lib/gcc/arm-none-eabi/4.5.2/../../../../arm-none-eabi/lib/thumb2/libm.a(lib_a-wf_sqrt.o)
                                  0x8 (size before relaxing)
 *fill*         0x0801a2e2        0x2 00
 .rodata        0x0801a2e4      0x188 /home/laurence/CodeSourcery/Sourcery_G++_Lite/bin/../lib/gcc/arm-none-eabi/4.5.2/../../../../arm-none-eabi/lib/thumb2/libm.a(lib_a-e_rem_pio2.o)
 .rodata        0x0801a46c      0x398 /home/laurence/CodeSourcery/Sourcery_G++_Lite/bin/../lib/gcc/arm-none-eabi/4.5.2/../../../../arm-none-eabi/lib/thumb2/libm.a(lib_a-ef_rem_pio2.o)
 *fill*         0x0801a804        0x4 00
 .rodata        0x0801a808       0x50 /home/laurence/CodeSourcery/Sourcery_G++_Lite/bin/../lib/gcc/arm-none-eabi/4.5.2/../../../../arm-none-eabi/lib/thumb2/libm.a(lib_a-k_rem_pio2.o)
 .rodata        0x0801a858       0x38 /home/laurence/CodeSourcery/Sourcery_G++_Lite/bin/../lib/gcc/arm-none-eabi/4.5.2/../../../../arm-none-eabi/lib/thumb2/libm.a(lib_a-kf_rem_pio2.o)
 .rodata        0x0801a890       0x40 /home/laurence/CodeSourcery/Sourcery_G++_Lite/bin/../lib/gcc/arm-none-eabi/4.5.2/../../../../arm-none-eabi/lib/thumb2/libm.a(lib_a-s_atan.o)
 .rodata        0x0801a8d0       0x20 /home/laurence/CodeSourcery/Sourcery_G++_Lite/bin/../lib/gcc/arm-none-eabi/4.5.2/../../../../arm-none-eabi/lib/thumb2/libm.a(lib_a-sf_atan.o)
 .rodata.str1.4
                0x0801a8f0        0x4 /home/laurence/CodeSourcery/Sourcery_G++_Lite/bin/../lib/gcc/arm-none-eabi/4.5.2/../../../../arm-none-eabi/lib/thumb2/libc.a(lib_a-impure.o)
 *(.ARM.extab* .gnu.linkonce.armextab.*)
 *(.gcc_except_table)
 *(.eh_frame_hdr)
 *(.eh_frame)
                0x0801a8f4                . = ALIGN (0x4)
 *(.init)
 .init          0x0801a8f4        0x4 /home/laurence/CodeSourcery/Sourcery_G++_Lite/bin/../lib/gcc/arm-none-eabi/4.5.2/thumb2/crti.o
                0x0801a8f4                _init
 .init          0x0801a8f8        0x8 /home/laurence/CodeSourcery/Sourcery_G++_Lite/bin/../lib/gcc/arm-none-eabi/4.5.2/thumb2/crtn.o
                0x0801a900                . = ALIGN (0x4)
                0x0801a900                __preinit_array_start = .
 *(.preinit_array)
                0x0801a900                __preinit_array_end = .
                0x0801a900                . = ALIGN (0x4)
                0x0801a900                __init_array_start = .
 *(SORT(.init_array.*))
 *(.init_array)
 .init_array    0x0801a900        0x4 /home/laurence/CodeSourcery/Sourcery_G++_Lite/bin/../lib/gcc/arm-none-eabi/4.5.2/thumb2/crtbegin.o
 .init_array    0x0801a904        0x4 Util/RF22/ctocpp.o
                0x0801a908                __init_array_end = .
                0x0801a908                . = ALIGN (0x4)
 *crtbegin.o(.ctors)
 *(EXCLUDE_FILE(*crtend.o) .ctors)
 *(SORT(.ctors.*))
 *crtend.o(.ctors)
                0x0801a908                . = ALIGN (0x4)
 *(.fini)
 .fini          0x0801a908        0x4 /home/laurence/CodeSourcery/Sourcery_G++_Lite/bin/../lib/gcc/arm-none-eabi/4.5.2/thumb2/crti.o
                0x0801a908                _fini
 .fini          0x0801a90c        0x8 /home/laurence/CodeSourcery/Sourcery_G++_Lite/bin/../lib/gcc/arm-none-eabi/4.5.2/thumb2/crtn.o
                0x0801a914                . = ALIGN (0x4)
                0x0801a914                __fini_array_start = .
 *(.fini_array)
 .fini_array    0x0801a914        0x4 /home/laurence/CodeSourcery/Sourcery_G++_Lite/bin/../lib/gcc/arm-none-eabi/4.5.2/thumb2/crtbegin.o
 *(SORT(.fini_array.*))
                0x0801a918                __fini_array_end = .
 *crtbegin.o(.dtors)
 *(EXCLUDE_FILE(*crtend.o) .dtors)
 *(SORT(.dtors.*))
 *crtend.o(.dtors)
                0x0801a918                . = ALIGN (0x4)
                0x0801a918                __cs3_regions = .
                0x0801a918        0x4 LONG 0x0
                0x0801a91c        0x4 LONG 0x801a930 __cs3_region_init_ram
                0x0801a920        0x4 LONG 0x20000000 __cs3_region_start_ram
                0x0801a924        0x4 LONG 0x688 __cs3_region_init_size_ram
                0x0801a928        0x4 LONG 0x1b98 __cs3_region_zero_size_ram
                0x0801a92c                __exidx_start = .

.v4_bx          0x0801a92c        0x0
 .v4_bx         0x00000000        0x0 linker stubs

.ARM.exidx
 *(.ARM.exidx* .gnu.linkonce.armexidx.*)
                0x0801a92c                __exidx_end = .

.text.align     0x0801a92c        0x4
                0x0801a930                . = ALIGN (0x8)
 *fill*         0x0801a92c        0x4 00
                0x0801a930                _etext = .
                0x08020000                __cs3_region_end_rom = (__cs3_region_start_rom + 0x20000)
                0x00020000                __cs3_region_size_rom = 0x20000
                0x00000001                __cs3_region_num = 0x1

.data           0x20000000      0x688 load address 0x0801a930
                0x20000000                __cs3_region_start_ram = .
 *(.cs3.region-head.ram)
 *(.jcr)
 .jcr           0x20000000        0x0 /home/laurence/CodeSourcery/Sourcery_G++_Lite/bin/../lib/gcc/arm-none-eabi/4.5.2/thumb2/crtbegin.o
 .jcr           0x20000000        0x4 /home/laurence/CodeSourcery/Sourcery_G++_Lite/bin/../lib/gcc/arm-none-eabi/4.5.2/thumb2/crtend.o
 *(.got.plt)
 *(.got)
 *(.shdata)
 *(.data .data.* .gnu.linkonce.d.*)
 .data          0x20000004        0x1 Util/Fatfs/sd_spi_stm32.o
 *fill*         0x20000005        0x3 00
 .data          0x20000008       0x28 Util/uavtalk.o
                0x20000008                UAVtalk_conf
 .data          0x20000030       0x78 i2c_int.o
                0x20000030                I2C_jobs
 .data          0x200000a8        0x1 main.o
                0x200000a8                Spi_Locked
 *fill*         0x200000a9        0x3 00
 .data          0x200000ac        0x4 Control/ekf.o
                0x200000ac                Ge
 .data          0x200000b0       0xb4 Control/imu.o
 .data          0x20000164       0x14 lib/STM32F10x_StdPeriph_Driver/libstm32fw.a(stm32f10x_rcc.o)
 .data          0x20000178        0x1 /home/laurence/CodeSourcery/Sourcery_G++_Lite/bin/../lib/gcc/arm-none-eabi/4.5.2/../../../../arm-none-eabi/lib/thumb2/libm.a(lib_a-s_lib_ver.o)
                0x20000178                __fdlib_version
 *fill*         0x20000179        0x3 00
 .data          0x2000017c       0xf4 /home/laurence/CodeSourcery/Sourcery_G++_Lite/bin/../lib/gcc/arm-none-eabi/4.5.2/../../../../arm-none-eabi/lib/thumb2/libc.a(lib_a-impure.o)
                0x2000017c                _impure_ptr
 .data          0x20000270      0x410 /home/laurence/CodeSourcery/Sourcery_G++_Lite/bin/../lib/gcc/arm-none-eabi/4.5.2/../../../../arm-none-eabi/lib/thumb2/libc.a(lib_a-mallocr.o)
                0x20000270                __malloc_av_
                0x20000678                __malloc_sbrk_base
                0x2000067c                __malloc_trim_threshold
 .data          0x20000680        0x4 /home/laurence/CodeSourcery/Sourcery_G++_Lite/bin/../lib/gcc/arm-none-eabi/4.5.2/../../../../arm-none-eabi/lib/thumb2/libcs3unhosted.a(unhosted-sbrk.o)
 .data          0x20000684        0x4 /home/laurence/CodeSourcery/Sourcery_G++_Lite/bin/../lib/gcc/arm-none-eabi/4.5.2/../../../../arm-none-eabi/lib/thumb2/libcs3.a(heap.o)
                0x20000684                __cs3_heap_limit
 *(.ram)
                0x20000688                . = ALIGN (0x8)
                0x20000688                _edata = .

.bss            0x20000688     0x1b98 load address 0x0801afb8
 *(.shbss)
 *(.bss .bss.* .gnu.linkonce.b.*)
 .bss           0x20000688        0x1 /home/laurence/CodeSourcery/Sourcery_G++_Lite/bin/../lib/gcc/arm-none-eabi/4.5.2/thumb2/crtbegin.o
 *fill*         0x20000689        0x1 00
 .bss           0x2000068a       0x20 Sensors/accel_down.o
                0x200006a4                Accel_Data_Buffer
 *fill*         0x200006aa        0x2 00
 .bss           0x200006ac       0x24 Sensors/bmp085.o
                0x200006ac                Bmp_Temp_Buffer
                0x200006b0                Bmp_temp
                0x200006b4                Our_Sensorcal
                0x200006cc                Bmp_Press_Buffer
 .bss           0x200006d0        0xc Sensors/earth_field.o
 .bss           0x200006dc        0x4 Sensors/pitot.o
                0x200006dc                Pitot_Pressure
 .bss           0x200006e0        0xa Sensors/ubx.o
 *fill*         0x200006ea        0x2 00
 .bss           0x200006ec        0x8 Util/Fatfs/ff.o
 .bss           0x200006f4       0x10 Util/Fatfs/sd_spi_stm32.o
 .bss           0x20000704        0x8 Util/RF22/RF22.o
                0x20000704                _ZN4RF2217_RF22ForInterruptE
 .bss           0x2000070c       0x3b Util/RF22/RF22Mesh.o
                0x2000070c                _ZN8RF22Mesh11_tmpMessageE
 .bss           0x20000747       0x40 Util/RF22/RF22Router.o
                0x20000747                _ZN10RF22Router11_tmpMessageE
 *fill*         0x20000787        0x1 00
 .bss           0x20000788      0x180 Util/RF22/ctocpp.o
                0x20000788                rf22
 .bss           0x20000908        0x4 Util/atmospherics.o
                0x20000908                Air_Density
 .bss           0x2000090c       0x84 Util/rprintf.o
 .bss           0x20000990       0x60 Util/uavtalk.o
                0x2000099c                UAVtalk_semaphores
                0x200009a8                UAVtalk_pointers
                0x200009d4                UAVtalk_stream_timers
 .bss           0x200009f0       0x10 i2c_int.o
                0x200009f0                Jobs
                0x200009f4                job
                0x200009f8                Completed_Jobs
                0x200009fc                I2C1error
 .bss           0x20000a00        0x8 interrupts.o
 .bss           0x20000a08      0xa34 main.o
                0x20000a08                Gps_Buffer
                0x20000b10                Usart1tx
                0x20000c18                Si4432_buff
                0x20000d20                Millis
                0x20000d24                Gps
                0x20000d57                Operating_Mode
                0x20000d58                Home_Position
                0x20000da8                Long_To_Meters_Home
                0x20000fdc                f_err_code
                0x20000fe0                FATFS_logfile
                0x20001204                Si4432_connected
                0x20001205                Kalman_Enabled
                0x20001208                UAVtalk_Attitude_Array
                0x20001224                Position_Actual
                0x20001230                Velocity_Actual
                0x2000123c                UAVtalk_Altitude_Array
                0x20001248                Waypoint_Global
                0x20001254                Battery_State
                0x2000126c                Flight_Status
                0x2000126e                GPS_Position
                0x20001294                uavtalk_usart_port
                0x2000132e                New_Waypoint_Flagged
                0x2000132f                Nav_Flag
                0x20001330                Nav_Global
                0x20001364                uavtalk_si4432_port
                0x200013fe                Ground_Flag
                0x20001400                Balt
                0x20001404                GCS_Telem
                0x20001419                Flight_Telem
                0x20001430                quickdebug
 .bss           0x2000143c       0x1a pwm.o
                0x2000143c                TIM_TimeBaseStructure
                0x20001446                TIM_OCInitStructure
 .bss           0x20001456      0x104 usart.o
                0x20001456                Usart1_rx_buff
 *fill*         0x2000155a        0x2 00
 .bss           0x2000155c      0xbf8 Control/ekf.o
                0x2000155c                Be
                0x20001568                P
                0x2000180c                X
                0x20001840                Q
                0x20001864                R
                0x2000188c                F
                0x20001b30                G
                0x20001d04                K
                0x20001f0c                Nav
                0x20001f40                H
                0x20002148                zeros
 .bss           0x20002154       0x90 Control/imu.o
                0x20002154                Gyro_Data_Buffer
                0x2000215c                Accel_Access_Flag
                0x2000216c                Accel_Data_Vector
                0x200021a8                Baro_Offset
                0x200021b8                Magno_Data_Buffer
 .bss           0x200021e4       0x34 /home/laurence/CodeSourcery/Sourcery_G++_Lite/bin/../lib/gcc/arm-none-eabi/4.5.2/../../../../arm-none-eabi/lib/thumb2/libc.a(lib_a-mallocr.o)
                0x200021e4                __malloc_top_pad
                0x200021e8                __malloc_current_mallinfo
                0x20002210                __malloc_max_sbrked_mem
                0x20002214                __malloc_max_total_mem
 *(COMMON)
 COMMON         0x20002218        0x4 /home/laurence/CodeSourcery/Sourcery_G++_Lite/bin/../lib/gcc/arm-none-eabi/4.5.2/../../../../arm-none-eabi/lib/thumb2/libc.a(lib_a-reent.o)
                0x20002218                errno
 *(.ram.b)
                0x20002220                . = ALIGN (0x8)
 *fill*         0x2000221c        0x4 00
                0x20002220                _end = .
                0x20002220                __end = .
                0x20005000                __cs3_region_end_ram = (__cs3_region_start_ram + 0x5000)
                0x00005000                __cs3_region_size_ram = 0x5000
                0x0801a930                __cs3_region_init_ram = LOADADDR (.data)
                0x00000688                __cs3_region_init_size_ram = (_edata - ADDR (.data))
                0x00001b98                __cs3_region_zero_size_ram = (_end - _edata)
                0x00000001                __cs3_region_num = 0x1

.stab
 *(.stab)

.stabstr
 *(.stabstr)

.debug
 *(.debug)

.line
 *(.line)

.debug_srcinfo
 *(.debug_srcinfo)

.debug_sfnames
 *(.debug_sfnames)

.debug_aranges
 *(.debug_aranges)

.debug_pubnames
 *(.debug_pubnames)

.debug_info
 *(.debug_info .gnu.linkonce.wi.*)

.debug_abbrev
 *(.debug_abbrev)

.debug_line
 *(.debug_line)

.comment        0x00000000       0x2a
 .comment       0x00000000       0x2a Sensors/accel_down.o
                                 0x2b (size before relaxing)
 .comment       0x00000000       0x2b Sensors/bmp085.o
 .comment       0x00000000       0x2b Sensors/earth_field.o
 .comment       0x00000000       0x2b Sensors/pitot.o
 .comment       0x00000000       0x2b Sensors/sensorcal.o
 .comment       0x00000000       0x2b Sensors/ubx.o
 .comment       0x00000000       0x2b Util/Fatfs/fattime.o
 .comment       0x00000000       0x2b Util/Fatfs/ff.o
 .comment       0x00000000       0x2b Util/Fatfs/rtc.o
 .comment       0x00000000       0x2b Util/Fatfs/sd_spi_stm32.o
 .comment       0x00000000       0x2b Util/RF22/RF22.o
 .comment       0x00000000       0x2b Util/RF22/RF22Datagram.o
 .comment       0x00000000       0x2b Util/RF22/RF22Mesh.o
 .comment       0x00000000       0x2b Util/RF22/RF22ReliableDatagram.o
 .comment       0x00000000       0x2b Util/RF22/RF22Router.o
 .comment       0x00000000       0x2b Util/RF22/ctocpp.o
 .comment       0x00000000       0x2b Util/atmospherics.o
 .comment       0x00000000       0x2b Util/coords.o
 .comment       0x00000000       0x2b Util/crc.o
 .comment       0x00000000       0x2b Util/delay.o
 .comment       0x00000000       0x2b Util/gravity.o
 .comment       0x00000000       0x2b Util/rprintf.o
 .comment       0x00000000       0x2b Util/time.o
 .comment       0x00000000       0x2b Util/uavobjconv.o
 .comment       0x00000000       0x2b Util/uavtalk.o
 .comment       0x00000000       0x2b adc.o
 .comment       0x00000000       0x2b dma.o
 .comment       0x00000000       0x2b gpio.o
 .comment       0x00000000       0x2b i2c_int.o
 .comment       0x00000000       0x2b interrupts.o
 .comment       0x00000000       0x2b lib/CMSIS_CM3/core_cm3.o
 .comment       0x00000000       0x2b lib/CMSIS_CM3/system_stm32f10x.o
 .comment       0x00000000       0x2b main.o
 .comment       0x00000000       0x2b pwm.o
 .comment       0x00000000       0x2b usart.o
 .comment       0x00000000       0x2b watchdog.o
 .comment       0x00000000       0x2b Control/ekf.o
 .comment       0x00000000       0x2b Control/imu.o
 .comment       0x00000000       0x2b Control/loops.o
 .comment       0x00000000       0x2b Control/servos.o
 .comment       0x00000000       0x2b lib/STM32F10x_StdPeriph_Driver/libstm32fw.a(misc.o)
 .comment       0x00000000       0x2b lib/STM32F10x_StdPeriph_Driver/libstm32fw.a(stm32f10x_adc.o)
 .comment       0x00000000       0x2b lib/STM32F10x_StdPeriph_Driver/libstm32fw.a(stm32f10x_bkp.o)
 .comment       0x00000000       0x2b lib/STM32F10x_StdPeriph_Driver/libstm32fw.a(stm32f10x_dma.o)
 .comment       0x00000000       0x2b lib/STM32F10x_StdPeriph_Driver/libstm32fw.a(stm32f10x_exti.o)
 .comment       0x00000000       0x2b lib/STM32F10x_StdPeriph_Driver/libstm32fw.a(stm32f10x_gpio.o)
 .comment       0x00000000       0x2b lib/STM32F10x_StdPeriph_Driver/libstm32fw.a(stm32f10x_i2c.o)
 .comment       0x00000000       0x2b lib/STM32F10x_StdPeriph_Driver/libstm32fw.a(stm32f10x_iwdg.o)
 .comment       0x00000000       0x2b lib/STM32F10x_StdPeriph_Driver/libstm32fw.a(stm32f10x_pwr.o)
 .comment       0x00000000       0x2b lib/STM32F10x_StdPeriph_Driver/libstm32fw.a(stm32f10x_rcc.o)
 .comment       0x00000000       0x2b lib/STM32F10x_StdPeriph_Driver/libstm32fw.a(stm32f10x_rtc.o)
 .comment       0x00000000       0x2b lib/STM32F10x_StdPeriph_Driver/libstm32fw.a(stm32f10x_spi.o)
 .comment       0x00000000       0x2b lib/STM32F10x_StdPeriph_Driver/libstm32fw.a(stm32f10x_tim.o)
 .comment       0x00000000       0x2b lib/STM32F10x_StdPeriph_Driver/libstm32fw.a(stm32f10x_usart.o)

.debug_frame    0x00000000      0xad0
 *(.debug_frame)
 .debug_frame   0x00000000       0x30 /home/laurence/CodeSourcery/Sourcery_G++_Lite/bin/../lib/gcc/arm-none-eabi/4.5.2/../../../../arm-none-eabi/lib/thumb2/libm.a(lib_a-s_cos.o)
 .debug_frame   0x00000030       0x34 /home/laurence/CodeSourcery/Sourcery_G++_Lite/bin/../lib/gcc/arm-none-eabi/4.5.2/../../../../arm-none-eabi/lib/thumb2/libm.a(lib_a-s_floor.o)
 .debug_frame   0x00000064       0x30 /home/laurence/CodeSourcery/Sourcery_G++_Lite/bin/../lib/gcc/arm-none-eabi/4.5.2/../../../../arm-none-eabi/lib/thumb2/libm.a(lib_a-s_sin.o)
 .debug_frame   0x00000094       0x2c /home/laurence/CodeSourcery/Sourcery_G++_Lite/bin/../lib/gcc/arm-none-eabi/4.5.2/../../../../arm-none-eabi/lib/thumb2/libm.a(lib_a-sf_cos.o)
 .debug_frame   0x000000c0       0x2c /home/laurence/CodeSourcery/Sourcery_G++_Lite/bin/../lib/gcc/arm-none-eabi/4.5.2/../../../../arm-none-eabi/lib/thumb2/libm.a(lib_a-sf_sin.o)
 .debug_frame   0x000000ec       0x34 /home/laurence/CodeSourcery/Sourcery_G++_Lite/bin/../lib/gcc/arm-none-eabi/4.5.2/../../../../arm-none-eabi/lib/thumb2/libm.a(lib_a-w_asin.o)
 .debug_frame   0x00000120       0x20 /home/laurence/CodeSourcery/Sourcery_G++_Lite/bin/../lib/gcc/arm-none-eabi/4.5.2/../../../../arm-none-eabi/lib/thumb2/libm.a(lib_a-w_atan2.o)
 .debug_frame   0x00000140       0x38 /home/laurence/CodeSourcery/Sourcery_G++_Lite/bin/../lib/gcc/arm-none-eabi/4.5.2/../../../../arm-none-eabi/lib/thumb2/libm.a(lib_a-w_sqrt.o)
 .debug_frame   0x00000178       0x30 /home/laurence/CodeSourcery/Sourcery_G++_Lite/bin/../lib/gcc/arm-none-eabi/4.5.2/../../../../arm-none-eabi/lib/thumb2/libm.a(lib_a-wf_acos.o)
 .debug_frame   0x000001a8       0x30 /home/laurence/CodeSourcery/Sourcery_G++_Lite/bin/../lib/gcc/arm-none-eabi/4.5.2/../../../../arm-none-eabi/lib/thumb2/libm.a(lib_a-wf_asin.o)
 .debug_frame   0x000001d8       0x20 /home/laurence/CodeSourcery/Sourcery_G++_Lite/bin/../lib/gcc/arm-none-eabi/4.5.2/../../../../arm-none-eabi/lib/thumb2/libm.a(lib_a-wf_atan2.o)
 .debug_frame   0x000001f8       0x30 /home/laurence/CodeSourcery/Sourcery_G++_Lite/bin/../lib/gcc/arm-none-eabi/4.5.2/../../../../arm-none-eabi/lib/thumb2/libm.a(lib_a-wf_sqrt.o)
 .debug_frame   0x00000228       0x3c /home/laurence/CodeSourcery/Sourcery_G++_Lite/bin/../lib/gcc/arm-none-eabi/4.5.2/../../../../arm-none-eabi/lib/thumb2/libm.a(lib_a-e_asin.o)