Archive member included because of file (symbol)

lib/STM32F10x_StdPeriph_Driver/libstm32fw.a(misc.o)
                              interrupts.o (NVIC_PriorityGroupConfig)
lib/STM32F10x_StdPeriph_Driver/libstm32fw.a(stm32f10x_bkp.o)
                              Util/Fatfs/rtc.o (BKP_WriteBackupRegister)
lib/STM32F10x_StdPeriph_Driver/libstm32fw.a(stm32f10x_dma.o)
                              dma.o (DMA_DeInit)
lib/STM32F10x_StdPeriph_Driver/libstm32fw.a(stm32f10x_exti.o)
                              interrupts.o (EXTI_Init)
lib/STM32F10x_StdPeriph_Driver/libstm32fw.a(stm32f10x_gpio.o)
                              Util/Fatfs/sd_spi_stm32.o (GPIO_Init)
lib/STM32F10x_StdPeriph_Driver/libstm32fw.a(stm32f10x_i2c.o)
                              i2c_int.o (I2C_Cmd)
lib/STM32F10x_StdPeriph_Driver/libstm32fw.a(stm32f10x_iwdg.o)
                              watchdog.o (IWDG_WriteAccessCmd)
lib/STM32F10x_StdPeriph_Driver/libstm32fw.a(stm32f10x_pwr.o)
                              Util/Fatfs/rtc.o (PWR_BackupAccessCmd)
lib/STM32F10x_StdPeriph_Driver/libstm32fw.a(stm32f10x_rcc.o)
                              Util/Fatfs/rtc.o (RCC_LSEConfig)
lib/STM32F10x_StdPeriph_Driver/libstm32fw.a(stm32f10x_rtc.o)
                              Util/Fatfs/rtc.o (RTC_GetCounter)
lib/STM32F10x_StdPeriph_Driver/libstm32fw.a(stm32f10x_spi.o)
                              Util/Fatfs/sd_spi_stm32.o (SPI_Init)
lib/STM32F10x_StdPeriph_Driver/libstm32fw.a(stm32f10x_tim.o)
                              pwm.o (TIM_TimeBaseInit)
lib/STM32F10x_StdPeriph_Driver/libstm32fw.a(stm32f10x_usart.o)
                              usart.o (USART_Cmd)
/home/laurence/CodeSourcery/Sourcery_G++_Lite/bin/../lib/gcc/arm-none-eabi/4.4.1/../../../../arm-none-eabi/lib/thumb2/libm.a(lib_a-s_cos.o)
                              Sensors/earth_field.o (cos)
/home/laurence/CodeSourcery/Sourcery_G++_Lite/bin/../lib/gcc/arm-none-eabi/4.4.1/../../../../arm-none-eabi/lib/thumb2/libm.a(lib_a-s_sin.o)
                              Sensors/earth_field.o (sin)
/home/laurence/CodeSourcery/Sourcery_G++_Lite/bin/../lib/gcc/arm-none-eabi/4.4.1/../../../../arm-none-eabi/lib/thumb2/libm.a(lib_a-w_asin.o)
                              Sensors/earth_field.o (asin)
/home/laurence/CodeSourcery/Sourcery_G++_Lite/bin/../lib/gcc/arm-none-eabi/4.4.1/../../../../arm-none-eabi/lib/thumb2/libm.a(lib_a-w_atan2.o)
                              Sensors/earth_field.o (atan2)
/home/laurence/CodeSourcery/Sourcery_G++_Lite/bin/../lib/gcc/arm-none-eabi/4.4.1/../../../../arm-none-eabi/lib/thumb2/libm.a(lib_a-w_pow.o)
                              Sensors/bmp085.o (pow)
/home/laurence/CodeSourcery/Sourcery_G++_Lite/bin/../lib/gcc/arm-none-eabi/4.4.1/../../../../arm-none-eabi/lib/thumb2/libm.a(lib_a-w_sqrt.o)
                              Sensors/earth_field.o (sqrt)
/home/laurence/CodeSourcery/Sourcery_G++_Lite/bin/../lib/gcc/arm-none-eabi/4.4.1/../../../../arm-none-eabi/lib/thumb2/libm.a(lib_a-wf_asin.o)
                              Util/coords.o (asinf)
/home/laurence/CodeSourcery/Sourcery_G++_Lite/bin/../lib/gcc/arm-none-eabi/4.4.1/../../../../arm-none-eabi/lib/thumb2/libm.a(lib_a-wf_atan2.o)
                              Util/coords.o (atan2f)
/home/laurence/CodeSourcery/Sourcery_G++_Lite/bin/../lib/gcc/arm-none-eabi/4.4.1/../../../../arm-none-eabi/lib/thumb2/libm.a(lib_a-e_asin.o)
                              /home/laurence/CodeSourcery/Sourcery_G++_Lite/bin/../lib/gcc/arm-none-eabi/4.4.1/../../../../arm-none-eabi/lib/thumb2/libm.a(lib_a-w_asin.o) (__ieee754_asin)
/home/laurence/CodeSourcery/Sourcery_G++_Lite/bin/../lib/gcc/arm-none-eabi/4.4.1/../../../../arm-none-eabi/lib/thumb2/libm.a(lib_a-e_atan2.o)
                              /home/laurence/CodeSourcery/Sourcery_G++_Lite/bin/../lib/gcc/arm-none-eabi/4.4.1/../../../../arm-none-eabi/lib/thumb2/libm.a(lib_a-w_atan2.o) (__ieee754_atan2)
/home/laurence/CodeSourcery/Sourcery_G++_Lite/bin/../lib/gcc/arm-none-eabi/4.4.1/../../../../arm-none-eabi/lib/thumb2/libm.a(lib_a-e_pow.o)
                              /home/laurence/CodeSourcery/Sourcery_G++_Lite/bin/../lib/gcc/arm-none-eabi/4.4.1/../../../../arm-none-eabi/lib/thumb2/libm.a(lib_a-w_pow.o) (__ieee754_pow)
/home/laurence/CodeSourcery/Sourcery_G++_Lite/bin/../lib/gcc/arm-none-eabi/4.4.1/../../../../arm-none-eabi/lib/thumb2/libm.a(lib_a-e_rem_pio2.o)
                              /home/laurence/CodeSourcery/Sourcery_G++_Lite/bin/../lib/gcc/arm-none-eabi/4.4.1/../../../../arm-none-eabi/lib/thumb2/libm.a(lib_a-s_cos.o) (__ieee754_rem_pio2)
/home/laurence/CodeSourcery/Sourcery_G++_Lite/bin/../lib/gcc/arm-none-eabi/4.4.1/../../../../arm-none-eabi/lib/thumb2/libm.a(lib_a-e_sqrt.o)
                              /home/laurence/CodeSourcery/Sourcery_G++_Lite/bin/../lib/gcc/arm-none-eabi/4.4.1/../../../../arm-none-eabi/lib/thumb2/libm.a(lib_a-w_sqrt.o) (__ieee754_sqrt)
[...]
Memory Configuration

Name             Origin             Length             Attributes
ram              0x20000000         0x00005000         xrw
rom              0x08000000         0x00020000         xr
*default*        0x00000000         0xffffffff

Linker script and memory map

LOAD /home/laurence/CodeSourcery/Sourcery_G++_Lite/bin/../lib/gcc/arm-none-eabi/4.4.1/thumb2/crti.o
LOAD /home/laurence/CodeSourcery/Sourcery_G++_Lite/bin/../lib/gcc/arm-none-eabi/4.4.1/thumb2/crtbegin.o
LOAD Sensors/accel_down.o
LOAD Sensors/bmp085.o
LOAD Sensors/earth_field.o
LOAD Sensors/pitot.o
LOAD Sensors/sensorcal.o
LOAD Sensors/ubx.o
LOAD Util/Fatfs/fattime.o
LOAD Util/Fatfs/ff.o
LOAD Util/Fatfs/rtc.o
LOAD Util/Fatfs/sd_spi_stm32.o
LOAD Util/RF22/RF22.o
LOAD Util/RF22/RF22Datagram.o
LOAD Util/RF22/RF22Mesh.o
LOAD Util/RF22/RF22ReliableDatagram.o
LOAD Util/RF22/RF22Router.o
LOAD Util/RF22/ctocpp.o
LOAD Util/atmospherics.o
LOAD Util/coords.o
LOAD Util/crc.o
LOAD Util/delay.o
LOAD Util/gravity.o
LOAD Util/rprintf.o
LOAD Util/time.o
LOAD Util/uavtalk.o
LOAD dma.o
LOAD gpio.o
LOAD i2c_int.o
LOAD interrupts.o
LOAD lib/CMSIS_CM3/core_cm3.o
LOAD lib/CMSIS_CM3/startup/gcc/startup_stm32f10x_md.o
LOAD lib/CMSIS_CM3/system_stm32f10x.o
LOAD main.o
LOAD pwm.o
LOAD usart.o
LOAD watchdog.o
LOAD Control/ekf.o
LOAD Control/imu.o
LOAD Control/loops.o
LOAD Control/servos.o
LOAD lib/STM32F10x_StdPeriph_Driver/libstm32fw.a
LOAD lib/STM32_USB-FS-Device_Driver/libstm32usb.a
LOAD /home/laurence/CodeSourcery/Sourcery_G++_Lite/bin/../lib/gcc/arm-none-eabi/4.4.1/../../../../arm-none-eabi/lib/thumb2/libm.a
START GROUP
LOAD /home/laurence/CodeSourcery/Sourcery_G++_Lite/bin/../lib/gcc/arm-none-eabi/4.4.1/thumb2/libgcc.a
LOAD /home/laurence/CodeSourcery/Sourcery_G++_Lite/bin/../lib/gcc/arm-none-eabi/4.4.1/../../../../arm-none-eabi/lib/thumb2/libc.a
END GROUP
LOAD /home/laurence/CodeSourcery/Sourcery_G++_Lite/bin/../lib/gcc/arm-none-eabi/4.4.1/thumb2/crtend.o
LOAD /home/laurence/CodeSourcery/Sourcery_G++_Lite/bin/../lib/gcc/arm-none-eabi/4.4.1/thumb2/crtn.o
START GROUP
LOAD /home/laurence/CodeSourcery/Sourcery_G++_Lite/bin/../lib/gcc/arm-none-eabi/4.4.1/thumb2/libgcc.a
LOAD /home/laurence/CodeSourcery/Sourcery_G++_Lite/bin/../lib/gcc/arm-none-eabi/4.4.1/../../../../arm-none-eabi/lib/thumb2/libc.a
LOAD /home/laurence/CodeSourcery/Sourcery_G++_Lite/bin/../lib/gcc/arm-none-eabi/4.4.1/../../../../arm-none-eabi/lib/thumb2/libcs3.a
LOAD /home/laurence/CodeSourcery/Sourcery_G++_Lite/bin/../lib/gcc/arm-none-eabi/4.4.1/../../../../arm-none-eabi/lib/thumb2/libcs3unhosted.a
LOAD lib/libcs3-lanchon-stm32.a
END GROUP
                0x20005000                PROVIDE (__cs3_stack, (__cs3_region_start_ram + __cs3_region_size_ram))
                0x200022a8                PROVIDE (__cs3_heap_start, _end)
                0x20005000                PROVIDE (__cs3_heap_end, (__cs3_region_start_ram + __cs3_region_size_ram))

.text           0x08000000    0x1ae1c
 CREATE_OBJECT_SYMBOLS
                0x08000000                __cs3_region_start_rom = .
 *(.cs3.region-head.rom)
                0x08000000                __cs3_interrupt_vector = __cs3_interrupt_vector_lanchon_stm32
 *(.cs3.interrupt_vector)
 .cs3.interrupt_vector
                0x08000000       0xec lib/libcs3-lanchon-stm32.a(lanchon-stm32-vector.o)
                0x08000000                __cs3_interrupt_vector_lanchon_stm32
                0x08000001                ASSERT ((. != __cs3_interrupt_vector_lanchon_stm32), No interrupt vector)
 *(.rom)
 *(.rom.b)
                0x08019a8c                PROVIDE (__cs3_reset_lanchon_stm32, _start)
                0x08019a8c                __cs3_reset = __cs3_reset_lanchon_stm32
 *(.cs3.reset)
 *(.text .text.* .gnu.linkonce.t.*)
 .text          0x080000ec       0x30 /home/laurence/CodeSourcery/Sourcery_G++_Lite/bin/../lib/gcc/arm-none-eabi/4.4.1/thumb2/crtbegin.o
 .text          0x0800011c       0xd0 Sensors/accel_down.o
                0x0800011c                Accel_Downconvert
 *fill*         0x080001ec        0x4 00
 .text          0x080001f0      0x108 Sensors/bmp085.o
                0x080001f0                Bmp085_Convert
                0x080002a8                Baro_Convert_Pressure
 .text          0x080002f8     0x1920 Sensors/earth_field.o
                0x080002f8                WMM_CalculateSecularVariation
                0x08000400                WMM_get_secular_var_coeff_g
                0x08000418                WMM_get_main_field_coeff_g
                0x080004b4                WMM_get_secular_var_coeff_h
                0x080004cc                WMM_get_main_field_coeff_h
                0x08000560                WMM_DateToYear
                0x0800059c                WMM_RotateMagneticVector
                0x08000658                WMM_ComputeSphericalHarmonicVariables
                0x0800072c                WMM_GeodeticToSpherical
                0x08000890                WMM_SecVarSummationSpecial
                0x08000a2c                WMM_SecVarSummation
                0x08000c2c                WMM_SummationSpecial
                0x08000dcc                WMM_Summation
                0x08000fcc                WMM_PcupLow
                0x08001318                WMM_PcupHigh
                0x080017be                WMM_AssociatedLegendreFunction
                0x0800184c                WMM_CalculateGeoMagneticElements
                0x08001910                WMM_Geomag
                0x08001a08                WMM_Initialize
                0x08001a80                WMM_GetMagVector
 .text          0x08001c18       0x70 Sensors/pitot.o
                0x08001c18                Pitot_Conv
                0x08001c32                Pitot_convert_Airspeed
 .text          0x08001c88       0xf4 Sensors/sensorcal.o
                0x08001c88                Calibrate_3
 .text          0x08001d7c      0x330 Sensors/ubx.o
                0x08001d7c                Gps_Process_Byte
                0x08001efc                Get_UBX_Ack
                0x08001fa8                Config_Gps
 .text          0x080020ac       0x42 Util/Fatfs/fattime.o
                0x080020ac                get_fattime
 *fill*         0x080020ee        0x2 00
 .text          0x080020f0     0x1a54 Util/Fatfs/ff.o
                0x08002116                clust2sect
                0x080021c6                f_mount
                0x08002604                put_fat
                0x08002702                get_fat
                0x08002952                f_truncate
                0x08002bb8                f_readdir
                0x08002c06                f_getfree
                0x08002ce6                f_lseek
                0x08002e38                f_write
                0x08002fea                f_read
                0x08003214                f_sync
                0x080032ca                f_close
                0x080034d8                f_stat
                0x0800351a                f_opendir
                0x08003588                f_rename
                0x080036ae                f_utime
                0x08003710                f_chmod
                0x0800376c                f_unlink
                0x08003834                f_mkdir
                0x080039e6                f_open
 .text          0x08003b44      0x2e4 Util/Fatfs/rtc.o
                0x08003c20                my_RTC_SetCounter
                0x08003c42                rtc_settime
                0x08003d14                rtc_init
                0x08003dae                rtc_gettime
 .text          0x08003e28      0x7c4 Util/Fatfs/sd_spi_stm32.o
                0x08003e48                disk_status
                0x08003e58                disk_timerproc
                0x080040d8                disk_initialize
                0x0800425c                disk_ioctl
                0x08004460                disk_read
                0x08004540                disk_write
 .text          0x080045ec      0x2bc Util/RF22/RF22.o
                0x080045ec                _ZN4RF22C2Ehh
                0x08004610                _ZN4RF22C1Ehh
                0x08004634                _ZN4RF227spiReadEh
                0x08004636                _ZN4RF228spiWriteEhh
                0x08004638                _ZN4RF2212spiBurstReadEhPhh
                0x0800463a                _ZN4RF2213spiBurstWriteEhPhh
                0x0800463c                _ZN4RF2210statusReadEv
                0x08004640                _ZN4RF227adcReadEhhhh
                0x08004642                _ZN4RF2215temperatureReadEhh
                0x08004652                _ZN4RF227wutReadEv
                0x08004656                _ZN4RF2212setWutPeriodEthh
                0x08004658                _ZN4RF2212setFrequencyEf
                0x0800468c                _ZN4RF2213setFHStepSizeEh
                0x08004690                _ZN4RF2212setFHChannelEh
                0x08004694                _ZN4RF228rssiReadEv
                0x08004698                _ZN4RF2215ezmacStatusReadEv
                0x0800469c                _ZN4RF227setModeEh
                0x0800469e                _ZN4RF2211setModeIdleEv
                0x080046a8                _ZN4RF229setModeRxEv
                0x080046b4                _ZN4RF229setModeTxEv
                0x080046c0                _ZN4RF2210setTxPowerEh
                0x080046c2                _ZN4RF2217setModemRegistersEPNS_11ModemConfigE
                0x080046c4                _ZN4RF2214setModemConfigENS_17ModemConfigChoiceE
                0x080046ce                _ZN4RF2217setPreambleLengthEh
                0x080046d0                _ZN4RF2212setSyncWordsEPhh
                0x080046d2                _ZN4RF2210clearRxBufEv
                0x080046de                _ZN4RF229availableEv
                0x080046ec                _ZN4RF2213waitAvailableEv
                0x080046fc                _ZN4RF2220waitAvailableTimeoutEt
                0x08004724                _ZN4RF2214waitPacketSentEv
                0x0800472e                _ZN4RF2210clearTxBufEv
                0x0800473e                _ZN4RF224initEv
                0x08004750                _ZN4RF2216sendNextFragmentEv
                0x08004786                _ZN4RF2213startTransmitEv
                0x0800479a                _ZN4RF2216readNextFragmentEv
                0x080047b4                _ZN4RF2215handleInterruptEv
                0x080047ba                _ZN4RF224isr1Ev
                0x080047c8                _ZN4RF224isr0Ev
                0x080047d8                _ZN4RF2210resetFifosEv
                0x080047da                _ZN4RF2211resetRxFifoEv
                0x080047dc                _ZN4RF2211resetTxFifoEv
                0x080047de                _ZN4RF2223handleExternalInterruptEv
                0x080047e0                _ZN4RF2226handleWakeupTimerInterruptEv
                0x080047e2                _ZN4RF2211setHeaderToEh
                0x080047e4                _ZN4RF2213setHeaderFromEh
                0x080047e6                _ZN4RF2211setHeaderIdEh
                0x080047e8                _ZN4RF2214setHeaderFlagsEh
                0x080047ea                _ZN4RF228headerToEv
                0x080047ee                _ZN4RF2210headerFromEv
                0x080047f2                _ZN4RF228headerIdEv
                0x080047f6                _ZN4RF2211headerFlagsEv
                0x080047fa                _ZN4RF228lastRssiEv
                0x08004800                _ZN4RF2214setPromiscuousEb
                0x08004802                _ZN4RF2211appendTxBufEPhh
                0x08004832                _ZN4RF229fillTxBufEPhh
                0x0800484a                _ZN4RF224sendEPhh
                0x0800486a                _ZN4RF224recvEPhS0_
                0x080048a2                _ZN4RF225resetEv
 .text          0x080048a8       0xec Util/RF22/RF22Datagram.o
                0x080048a8                _ZN12RF22Datagram8recvfromEPhS0_S0_S0_S0_S0_
                0x08004900                _ZN12RF22Datagram6sendtoEPhhh
                0x0800491c                _ZN12RF22Datagram14setThisAddressEh
                0x0800493a                _ZN12RF22Datagram4initEv
                0x08004954                _ZN12RF22DatagramC1Ehhh
                0x08004974                _ZN12RF22DatagramC2Ehhh
 .text          0x08004994      0x3f4 Util/RF22/RF22Mesh.o
                0x08004994                _ZN8RF22Mesh17isPhysicalAddressEPhh
                0x080049ac                _ZN8RF22Mesh5doArpEh
                0x08004a38                _ZN8RF22Mesh11recvfromAckEPhS0_S0_S0_S0_S0_
                0x08004bc0                _ZN8RF22Mesh18recvfromAckTimeoutEPhS0_tS0_S0_S0_S0_
                0x08004c18                _ZN8RF22Mesh5routeEPN10RF22Router13RoutedMessageEh
                0x08004c80                _ZN8RF22Mesh13peekAtMessageEPN10RF22Router13RoutedMessageEh
                0x08004d06                _ZN8RF22Mesh10sendtoWaitEPhhh
                0x08004d60                _ZN8RF22MeshC1Ehhh
                0x08004d74                _ZN8RF22MeshC2Ehhh
 .text          0x08004d88      0x2b0 Util/RF22/RF22ReliableDatagram.o
                0x08004d88                _ZN20RF22ReliableDatagram10setTimeoutEt
                0x08004d8e                _ZN20RF22ReliableDatagram10setRetriesEh
                0x08004d94                _ZN20RF22ReliableDatagram15retransmissionsEv
                0x08004d9a                _ZN20RF22ReliableDatagram11acknowledgeEhh
                0x08004dc6                _ZN20RF22ReliableDatagram11recvfromAckEPhS0_S0_S0_S0_S0_
                0x08004e72                _ZN20RF22ReliableDatagram18recvfromAckTimeoutEPhS0_tS0_S0_S0_S0_
                0x08004ec8                _ZN20RF22ReliableDatagram10sendtoWaitEPhhh
                0x08004fe0                _ZN20RF22ReliableDatagramC1Ehhh
                0x0800500c                _ZN20RF22ReliableDatagramC2Ehhh
 .text          0x08005038      0x324 Util/RF22/RF22Router.o
                0x08005038                _ZN10RF22Router10setMaxHopsEh
                0x0800503e                _ZN10RF22Router10getRouteToEh
                0x0800506c                _ZN10RF22Router17clearRoutingTableEv
                0x0800507e                _ZN10RF22Router13peekAtMessageEPNS_13RoutedMessageEh
                0x08005080                _ZN10RF22Router11recvfromAckEPhS0_S0_S0_S0_S0_
                0x08005168                _ZN10RF22Router18recvfromAckTimeoutEPhS0_tS0_S0_S0_S0_
                0x080051c0                _ZN10RF22Router10sendtoWaitEPhhhh
                0x08005204                _ZN10RF22Router10sendtoWaitEPhhh
                0x08005212                _ZN10RF22Router11deleteRouteEh
                0x08005244                _ZN10RF22Router17retireOldestRouteEv
                0x08005248                _ZN10RF22Router10addRouteToEhhh
                0x080052ae                _ZN10RF22Router13deleteRouteToEh
                0x080052d4                _ZN10RF22Router5routeEPNS_13RoutedMessageEh
                0x08005306                _ZN10RF22Router4initEv
                0x0800531c                _ZN10RF22RouterC1Ehhh
                0x0800533c                _ZN10RF22RouterC2Ehhh
 .text          0x0800535c       0x78 Util/RF22/ctocpp.o
                0x0800535c                RF22_Service_ISR
                0x08005368                RF22_Reassign
                0x08005374                RF22_recvfromAckTimeout
                0x0800539c                RF22_Sendtowait
                0x080053b8                RF22_Init
 *fill*         0x080053d4        0x4 00
 .text          0x080053d8       0xd8 Util/atmospherics.o
                0x080053d8                US_1976_Temperature
                0x0800546c                Air_Density
 .text          0x080054b0      0x940 Util/coords.o
                0x080054b0                CrossProduct
                0x0800550e                quat_inverse
                0x0800552a                quat_copy
                0x08005540                quat_mult
                0x0800564a                rot_mult
                0x080056ea                VectorMagnitude
                0x0800572c                RotFrom2Vectors
                0x080058f8                R2Quaternion
                0x08005ae0                Quaternion2RPY
                0x08005c18                RneFromLLA
                0x08005cd8                LLA2ECEF
 .text          0x08005df0       0x2c Util/crc.o
                0x08005df0                CRC_updateByte
                0x08005dfc                CRC_updateCRC
 .text          0x08005e1c       0x2c Util/delay.o
                0x08005e1c                Delay
 .text          0x08005e48       0xc8 Util/gravity.o
                0x08005e48                Ge_From_Latitude
 .text          0x08005f10      0x57c Util/rprintf.o
                0x08005f10                rprintfInit
                0x08005f1c                rprintfChar
                0x08005f3c                rprintfStr
                0x08005f54                rprintfStrLen
                0x08005f8a                rprintfCRLF
                0x08005f8e                rprintfu04
                0x08005f98                rprintfu08
                0x08005faa                rprintfu16
                0x08005fbc                rprintfu32
                0x08005fce                rprintfNum
                0x08006084                rprintfFloat
                0x0800613c                Isdigit
                0x0800614a                atoiRamRom
                0x08006170                rStrLen
                0x08006180                rprintf2RamRom
 .text          0x0800648c       0x20 Util/time.o
                0x0800648c                Set_RTC_From_GPS
 .text          0x080064ac      0x384 Util/uavtalk.o
                0x080064ac                UAVtalk_Register_Object
                0x080064c0                memchr_32
                0x080064e4                UAVtalk_Generate_Packet
                0x080065f8                UAVtalk_Run_Streams
                0x08006678                UAVtalk_Process_Byte
 .text          0x08006830      0x128 dma.o
                0x08006830                Pop_From_Buffer
                0x0800684c                Bytes_In_Buffer
                0x08006874                Get_From_Buffer
                0x080068a8                Flush_Buffer
                0x080068ba                DMA_USART2_Configuration
                0x08006904                DMA_USART1_Configuration
 .text          0x08006958      0x1e0 gpio.o
                0x08006958                Get_MEMS_DRDY
                0x08006980                MEMS_Status_Configuration
                0x080069bc                Aux_Devices_Configuration
                0x08006a18                SPI_Control_Configuration
                0x08006a80                GPS_IO_Configuration
                0x08006acc                GPIO_Config_AF_Periferals
                0x08006b20                All_IO_Configuration
 .text          0x08006b38      0x52c i2c_int.o
                0x08006b38                I2C1_Setup_Job
                0x08006b4c                I2C_Config
                0x08006bf4                I2C1_Request_Job
                0x08006c24                I2C1_ER_IRQHandler
                0x08006cb0                I2C1_EV_IRQHandler
 .text          0x08007064      0x1b0 interrupts.o
                0x08007064                NMI_Handler
                0x08007066                HardFault_Handler
                0x08007068                MemManage_Handler
                0x0800706a                BusFault_Handler
                0x0800706c                UsageFault_Handler
                0x0800706e                SVC_Handler
                0x08007070                DebugMon_Handler
                0x08007072                PendSV_Handler
                0x08007074                SysTick_Handler
                0x08007076                EXTI15_10_IRQHandler
                0x08007096                EXTI9_5_IRQHandler
                0x0800710c                EXTI_Config
                0x080071de                EXTI4_IRQHandler
 .text.Default_Handler
                0x08007214        0x2 lib/CMSIS_CM3/startup/gcc/startup_stm32f10x_md.o
                0x08007214                EXTI2_IRQHandler
                0x08007214                TIM1_CC_IRQHandler
                0x08007214                PVD_IRQHandler
                0x08007214                EXTI3_IRQHandler
                0x08007214                EXTI0_IRQHandler
                0x08007214                I2C2_EV_IRQHandler
                0x08007214                ADC1_2_IRQHandler
                0x08007214                SPI1_IRQHandler
                0x08007214                TAMPER_IRQHandler
                0x08007214                DMA1_Channel4_IRQHandler
                0x08007214                USART3_IRQHandler
                0x08007214                RTC_IRQHandler
                0x08007214                DMA1_Channel7_IRQHandler
                0x08007214                CAN1_RX1_IRQHandler
                0x08007214                TIM4_IRQHandler
                0x08007214                DMA1_Channel6_IRQHandler
                0x08007214                TIM3_IRQHandler
                0x08007214                RCC_IRQHandler
                0x08007214                TIM1_TRG_COM_IRQHandler
                0x08007214                DMA1_Channel1_IRQHandler
                0x08007214                Default_Handler
                0x08007214                SPI2_IRQHandler
                0x08007214                DMA1_Channel5_IRQHandler
                0x08007214                USB_LP_CAN1_RX0_IRQHandler
                0x08007214                USB_HP_CAN1_TX_IRQHandler
                0x08007214                DMA1_Channel3_IRQHandler
                0x08007214                TIM1_UP_IRQHandler
                0x08007214                WWDG_IRQHandler
                0x08007214                TIM2_IRQHandler
                0x08007214                TIM1_BRK_IRQHandler
                0x08007214                EXTI1_IRQHandler
                0x08007214                RTCAlarm_IRQHandler
                0x08007214                USART2_IRQHandler
                0x08007214                I2C2_ER_IRQHandler
                0x08007214                DMA1_Channel2_IRQHandler
                0x08007214                CAN1_SCE_IRQHandler
                0x08007214                FLASH_IRQHandler
                0x08007214                USBWakeUp_IRQHandler
 *fill*         0x08007216        0x2 00
 .text          0x08007218       0xf8 lib/CMSIS_CM3/system_stm32f10x.o
                0x08007218                SystemInit
 .text          0x08007310      0xb98 main.o
                0x08007310                Initialisation
                0x08007c66                main
 .text          0x08007ea8      0x1e0 pwm.o
                0x08007ea8                PWM_Set
                0x08007f28                Timer_GPIO_Disable
                0x08007f64                Timer_GPIO_Enable
                0x08007fa0                Timer_RCC_Configuration
                0x08007fb8                Init_Timers
 .text          0x08008088      0x21c usart.o
                0x08008088                Default_Usart_Config
                0x0800809a                Add_To_ISR_Buffer
                0x080080aa                Get_From_ISR_Buffer
                0x080080b6                Bytes_In_ISR_Buffer
                0x080080dc                __gps_send_char
                0x080080f8                Gps_Send_Str
                0x08008110                Gps_Send_Utf8
                0x0800812a                __usart_send_char
                0x08008148                Usart_Send_Str
                0x08008160                USART1_IRQHandler
                0x0800817c                usart1_disable_dma
                0x08008198                usart1_send_data_dma
                0x080081c0                USART2_reconf
                0x08008204                Usarts_Init
 .text          0x080082a4       0x3e watchdog.o
                0x080082a4                Watchdog_Reset_Detect
                0x080082b8                Watchdog_Config
 *fill*         0x080082e2        0x2 00
 .text          0x080082e4     0x8890 Control/ekf.o
                0x080082e4                ins_get_num_states
                0x080082e8                INSGPSInit
                0x08008414                INSResetP
                0x0800845c                INSResetRGPS
                0x08008488                INSSetState
                0x080084ec                INSPosVelReset
                0x08008574                INSSetPosVelVar
                0x08008590                INSSetGyroBias
                0x080085ac                INSSetAccelVar
                0x080085c8                INSSetGyroVar
                0x080085e4                INSSetMagVar
                0x08008600                INSSetMagNorth
                0x08008618                INSSetGravity
                0x08008624                CovariancePrediction
                0x0800f96e                INSCovariancePrediction
                0x0800f994                SerialUpdate
                0x0800faec                StateEq
                0x0800fdc0                RungeKutta
                0x0800fee8                LinearizeFG
                0x0801035c                MeasurementEq
                0x0801051a                LinearizeH
                0x080107e4                INSCorrection
                0x08010994                VelBaroCorrection
                0x080109b0                GpsMagCorrection
                0x080109c8                FullCorrection
                0x080109d6                GpsBaroCorrection
                0x080109f4                MagVelBaroCorrection
                0x08010a10                MagCorrection
                0x08010a30                INSStatePrediction
 *fill*         0x08010b74        0x4 00
 .text          0x08010b78      0x950 Control/imu.o
                0x08010b78                run_imu
 .text          0x080114c8       0x64 Control/loops.o
                0x080114c8                Run_PID
                0x08011524                Reset_PID
 .text          0x0801152c       0x64 Control/servos.o
                0x0801152c                Disable_Servos
                0x08011530                Enable_Servos
                0x08011534                Apply_Servos
 .text          0x08011590       0xc0 lib/STM32F10x_StdPeriph_Driver/libstm32fw.a(misc.o)
                0x08011590                NVIC_PriorityGroupConfig
                0x080115a4                NVIC_Init
                0x08011608                NVIC_SetVectorTable
                0x0801161c                NVIC_SystemLPConfig
                0x08011638                SysTick_CLKSourceConfig
 .text          0x08011650       0xe4 lib/STM32F10x_StdPeriph_Driver/libstm32fw.a(stm32f10x_bkp.o)
                0x08011650                BKP_TamperPinLevelConfig
                0x0801165c                BKP_TamperPinCmd
                0x08011668                BKP_ITConfig
                0x08011674                BKP_RTCOutputConfig
                0x0801168c                BKP_SetRTCCalibrationValue
                0x080116a4                BKP_WriteBackupRegister
                0x080116c0                BKP_ReadBackupRegister
                0x080116e0                BKP_GetFlagStatus
                0x080116ec                BKP_ClearFlag
                0x08011700                BKP_GetITStatus
                0x0801170c                BKP_ClearITPendingBit
                0x08011720                BKP_DeInit
 .text          0x08011734      0x1d4 lib/STM32F10x_StdPeriph_Driver/libstm32fw.a(stm32f10x_dma.o)
                0x08011734                DMA_DeInit
                0x08011814                DMA_Init
                0x08011854                DMA_StructInit
                0x0801186e                DMA_Cmd
                0x08011882                DMA_ITConfig
                0x08011894                DMA_GetCurrDataCounter
                0x0801189a                DMA_GetFlagStatus
                0x080118b8                DMA_ClearFlag
                0x080118d0                DMA_GetITStatus
                0x080118f0                DMA_ClearITPendingBit
 .text          0x08011908      0x104 lib/STM32F10x_StdPeriph_Driver/libstm32fw.a(stm32f10x_exti.o)
                0x08011908                EXTI_DeInit
                0x08011924                EXTI_Init
                0x080119a4                EXTI_StructInit
                0x080119b2                EXTI_GenerateSWInterrupt
                0x080119c4                EXTI_GetFlagStatus
                0x080119d8                EXTI_ClearFlag
                0x080119e4                EXTI_GetITStatus
                0x08011a00                EXTI_ClearITPendingBit
 .text          0x08011a0c      0x29c lib/STM32F10x_StdPeriph_Driver/libstm32fw.a(stm32f10x_gpio.o)
                0x08011a0c                GPIO_Init
                0x08011ac4                GPIO_StructInit
                0x08011ad4                GPIO_ReadInputDataBit
                0x08011ae0                GPIO_ReadInputData
                0x08011ae6                GPIO_ReadOutputDataBit
                0x08011af2                GPIO_ReadOutputData
                0x08011af8                GPIO_SetBits
                0x08011afc                GPIO_ResetBits
                0x08011b00                GPIO_WriteBit
                0x08011b0a                GPIO_Write
                0x08011b0e                GPIO_PinLockConfig
                0x08011b1e                GPIO_EventOutputConfig
                0x08011b3c                GPIO_EventOutputCmd
                0x08011b48                GPIO_PinRemapConfig
                0x08011ba8                GPIO_EXTILineConfig
                0x08011bdc                GPIO_ETH_MediaInterfaceConfig
                0x08011be8                GPIO_AFIODeInit
                0x08011bfe                GPIO_DeInit
 .text          0x08011ca8      0x3cc lib/STM32F10x_StdPeriph_Driver/libstm32fw.a(stm32f10x_i2c.o)
                0x08011ca8                I2C_StructInit
                0x08011cc4                I2C_Cmd
                0x08011cde                I2C_DMACmd
                0x08011cf8                I2C_DMALastTransferCmd
                0x08011d12                I2C_GenerateSTART
                0x08011d2c                I2C_GenerateSTOP
                0x08011d46                I2C_AcknowledgeConfig
                0x08011d60                I2C_OwnAddress2Config
                0x08011d76                I2C_DualAddressCmd
                0x08011d90                I2C_GeneralCallCmd
                0x08011daa                I2C_ITConfig
                0x08011dc0                I2C_SendData
                0x08011dc4                I2C_ReceiveData
                0x08011dca                I2C_Send7bitAddress
                0x08011dda                I2C_ReadRegister
                0x08011df2                I2C_SoftwareResetCmd
                0x08011e0c                I2C_SMBusAlertConfig
                0x08011e28                I2C_TransmitPEC
                0x08011e42                I2C_PECPositionConfig
                0x08011e5e                I2C_CalculatePEC
                0x08011e78                I2C_GetPEC
                0x08011e80                I2C_ARPCmd
                0x08011e9a                I2C_StretchClockCmd
                0x08011eb4                I2C_FastModeDutyCycleConfig
                0x08011ed0                I2C_GetLastEvent
                0x08011ee0                I2C_CheckEvent
                0x08011ef8                I2C_GetFlagStatus
                0x08011f2c                I2C_ClearFlag
                0x08011f34                I2C_GetITStatus
                0x08011f50                I2C_ClearITPendingBit
                0x08011f58                I2C_Init
                0x08012040                I2C_DeInit
 .text          0x08012074       0x58 lib/STM32F10x_StdPeriph_Driver/libstm32fw.a(stm32f10x_iwdg.o)
                0x08012074                IWDG_WriteAccessCmd
                0x08012080                IWDG_SetPrescaler
                0x0801208c                IWDG_SetReload
                0x08012098                IWDG_ReloadCounter
                0x080120a8                IWDG_Enable
                0x080120b8                IWDG_GetFlagStatus
 .text          0x080120cc       0xd0 lib/STM32F10x_StdPeriph_Driver/libstm32fw.a(stm32f10x_pwr.o)
                0x080120d0                PWR_BackupAccessCmd
                0x080120dc                PWR_PVDCmd
                0x080120e8                PWR_PVDLevelConfig
                0x080120fc                PWR_WakeUpPinCmd
                0x08012108                PWR_EnterSTOPMode
                0x08012134                PWR_EnterSTANDBYMode
                0x0801215c                PWR_GetFlagStatus
                0x08012170                PWR_ClearFlag
                0x08012180                PWR_DeInit
 .text          0x0801219c      0x384 lib/STM32F10x_StdPeriph_Driver/libstm32fw.a(stm32f10x_rcc.o)
                0x0801219c                RCC_DeInit
                0x080121dc                RCC_HSEConfig
                0x08012214                RCC_AdjustHSICalibrationValue
                0x08012228                RCC_HSICmd
                0x08012234                RCC_PLLConfig
                0x0801224c                RCC_PLLCmd
                0x08012258                RCC_SYSCLKConfig
                0x0801226c                RCC_GetSYSCLKSource
                0x0801227c                RCC_HCLKConfig
                0x08012290                RCC_PCLK1Config
                0x080122a4                RCC_PCLK2Config
                0x080122b8                RCC_ITConfig
                0x080122d4                RCC_USBCLKConfig
                0x080122e0                RCC_ADCCLKConfig
                0x080122f4                RCC_LSEConfig
                0x08012314                RCC_LSICmd
                0x08012320                RCC_RTCCLKConfig
                0x08012330                RCC_RTCCLKCmd
                0x0801233c                RCC_GetClocksFreq
                0x080123ec                RCC_AHBPeriphClockCmd
                0x08012408                RCC_APB2PeriphClockCmd
                0x08012424                RCC_APB1PeriphClockCmd
                0x08012440                RCC_APB2PeriphResetCmd
                0x0801245c                RCC_APB1PeriphResetCmd
                0x08012478                RCC_BackupResetCmd
                0x08012484                RCC_ClockSecuritySystemCmd
                0x08012490                RCC_MCOConfig
                0x0801249c                RCC_GetFlagStatus
                0x080124c4                RCC_WaitForHSEStartUp
                0x080124f0                RCC_ClearFlag
                0x08012500                RCC_GetITStatus
                0x08012514                RCC_ClearITPendingBit
 .text          0x08012520      0x15c lib/STM32F10x_StdPeriph_Driver/libstm32fw.a(stm32f10x_rtc.o)
                0x08012520                RTC_ITConfig
                0x08012540                RTC_EnterConfigMode
                0x08012554                RTC_ExitConfigMode
                0x08012568                RTC_GetCounter
                0x0801257c                RTC_SetCounter
                0x08012598                RTC_SetPrescaler
                0x080125b8                RTC_SetAlarm
                0x080125d4                RTC_GetDivider
                0x080125ec                RTC_WaitForLastTask
                0x080125fc                RTC_WaitForSynchro
                0x0801261c                RTC_GetFlagStatus
                0x08012630                RTC_ClearFlag
                0x08012644                RTC_GetITStatus
                0x08012668                RTC_ClearITPendingBit
 .text          0x0801267c      0x2f8 lib/STM32F10x_StdPeriph_Driver/libstm32fw.a(stm32f10x_spi.o)
                0x0801267c                SPI_Init
                0x080126d6                SPI_StructInit
                0x080126f0                I2S_StructInit
                0x08012704                SPI_Cmd
                0x0801271e                I2S_Cmd
                0x08012738                SPI_I2S_ITConfig
                0x08012756                SPI_I2S_DMACmd
                0x0801276c                SPI_I2S_SendData
                0x08012770                SPI_I2S_ReceiveData
                0x08012776                SPI_NSSInternalSoftwareConfig
                0x08012790                SPI_SSOutputCmd
                0x080127aa                SPI_DataSizeConfig
                0x080127c2                SPI_TransmitCRC
                0x080127ce                SPI_CalculateCRC
                0x080127e8                SPI_GetCRC
                0x080127f8                SPI_GetCRCPolynomial
                0x080127fe                SPI_BiDirectionalLineConfig
                0x0801281a                SPI_I2S_GetFlagStatus
                0x08012826                SPI_I2S_ClearFlag
                0x0801282e                SPI_I2S_GetITStatus
                0x08012858                SPI_I2S_ClearITPendingBit
                0x08012868                I2S_Init
                0x08012912                SPI_I2S_DeInit
 .text          0x08012974      0xb54 lib/STM32F10x_StdPeriph_Driver/libstm32fw.a(stm32f10x_tim.o)
                0x08012974                TIM_TimeBaseInit
                0x080129b4                TIM_OC1Init
                0x08012a48                TIM_OC2Init
                0x08012ae4                TIM_OC3Init
                0x08012b7c                TIM_OC4Init
                0x08012bf8                TIM_BDTRConfig
                0x08012c1c                TIM_TimeBaseStructInit
                0x08012c2e                TIM_OCStructInit
                0x08012c42                TIM_ICStructInit
                0x08012c54                TIM_BDTRStructInit
                0x08012c66                TIM_Cmd
                0x08012c80                TIM_CtrlPWMOutputs
                0x08012ca0                TIM_ITConfig
                0x08012cb6                TIM_GenerateEvent
                0x08012cba                TIM_DMAConfig
                0x08012cc2                TIM_DMACmd
                0x08012cd8                TIM_InternalClockConfig
                0x08012ce6                TIM_ETRConfig
                0x08012d04                TIM_ETRClockMode2Config
                0x08012d18                TIM_ETRClockMode1Config
                0x08012d32                TIM_PrescalerConfig
                0x08012d38                TIM_CounterModeConfig
                0x08012d4a                TIM_SelectInputTrigger
                0x08012d5c                TIM_ITRxExternalClockConfig
                0x08012d70                TIM_EncoderInterfaceConfig
                0x08012db8                TIM_ForcedOC1Config
                0x08012dca                TIM_ForcedOC2Config
                0x08012dde                TIM_ForcedOC3Config
                0x08012df0                TIM_ForcedOC4Config
                0x08012e04                TIM_ARRPreloadConfig
                0x08012e1e                TIM_SelectCOM
                0x08012e38                TIM_SelectCCDMA
                0x08012e52                TIM_CCPreloadControl
                0x08012e6c                TIM_OC1PreloadConfig
                0x08012e7e                TIM_OC2PreloadConfig
                0x08012e92                TIM_OC3PreloadConfig
                0x08012ea4                TIM_OC4PreloadConfig
                0x08012eb8                TIM_OC1FastConfig
                0x08012eca                TIM_OC2FastConfig
                0x08012ede                TIM_OC3FastConfig
                0x08012ef0                TIM_OC4FastConfig
                0x08012f04                TIM_ClearOC1Ref
                0x08012f16                TIM_ClearOC2Ref
                0x08012f26                TIM_ClearOC3Ref
                0x08012f38                TIM_ClearOC4Ref
                0x08012f48                TIM_OC1PolarityConfig
                0x08012f5a                TIM_OC1NPolarityConfig
                0x08012f6c                TIM_OC2PolarityConfig
                0x08012f80                TIM_OC2NPolarityConfig
                0x08012f94                TIM_OC3PolarityConfig
                0x08012fa8                TIM_OC3NPolarityConfig
                0x08012fbc                TIM_OC4PolarityConfig
                0x08012fd0                TIM_CCxCmd
                0x08012ff2                TIM_CCxNCmd
                0x08013014                TIM_SelectOCxM
                0x08013066                TIM_UpdateDisableConfig
                0x08013080                TIM_UpdateRequestConfig
                0x0801309a                TIM_SelectHallSensor
                0x080130b4                TIM_SelectOnePulseMode
                0x080130cc                TIM_SelectOutputTrigger
                0x080130e4                TIM_SelectSlaveMode
                0x080130fc                TIM_SelectMasterSlaveMode
                0x08013114                TIM_SetCounter
                0x08013118                TIM_SetAutoreload
                0x0801311c                TIM_SetCompare1
                0x08013120                TIM_SetCompare2
                0x08013124                TIM_SetCompare3
                0x08013128                TIM_SetCompare4
                0x0801312e                TIM_SetIC1Prescaler
                0x08013146                TIM_SetIC2Prescaler
                0x08013160                TIM_SetIC3Prescaler
                0x08013178                TIM_SetIC4Prescaler
                0x08013192                TIM_SetClockDivision
                0x080131a4                TIM_GetCapture1
                0x080131aa                TIM_GetCapture2
                0x080131b0                TIM_GetCapture3
                0x080131b6                TIM_GetCapture4
                0x080131be                TIM_GetCounter
                0x080131c4                TIM_GetPrescaler
                0x080131ca                TIM_GetFlagStatus
                0x080131d6                TIM_ClearFlag
                0x080131de                TIM_GetITStatus
                0x080131f4                TIM_ClearITPendingBit
                0x08013294                TIM_TIxExternalClockConfig
                0x080132c2                TIM_PWMIConfig
                0x0801332e                TIM_ICInit
                0x080133fe                TIM_DeInit
 .text          0x080134c8      0x384 lib/STM32F10x_StdPeriph_Driver/libstm32fw.a(stm32f10x_usart.o)
                0x080134c8                USART_StructInit
                0x080134e0                USART_ClockInit
                0x0801350a                USART_ClockStructInit
                0x08013516                USART_Cmd
                0x08013530                USART_ITConfig
                0x08013566                USART_DMACmd
                0x0801357c                USART_SetAddress
                0x08013594                USART_WakeUpConfig
                0x080135ac                USART_ReceiverWakeUpCmd
                0x080135c6                USART_LINBreakDetectLengthConfig
                0x080135de                USART_LINCmd
                0x080135f8                USART_SendData
                0x08013600                USART_ReceiveData
                0x08013608                USART_SendBreak
                0x08013614                USART_SetGuardTime
                0x08013626                USART_SetPrescaler
                0x0801363a                USART_SmartCardCmd
                0x08013654                USART_SmartCardNACKCmd
                0x0801366e                USART_HalfDuplexCmd
                0x08013688                USART_IrDAConfig
                0x080136a0                USART_IrDACmd
                0x080136ba                USART_GetFlagStatus
                0x080136c6                USART_ClearFlag
                0x080136ce                USART_GetITStatus
                0x08013714                USART_ClearITPendingBit
                0x08013722                USART_Init
                0x080137b4                USART_DeInit
 .text          0x0801384c       0x98 /home/laurence/CodeSourcery/Sourcery_G++_Lite/bin/../lib/gcc/arm-none-eabi/4.4.1/../../../../arm-none-eabi/lib/thumb2/libm.a(lib_a-s_cos.o)
                0x0801384c                cos
 .text          0x080138e4       0xa0 /home/laurence/CodeSourcery/Sourcery_G++_Lite/bin/../lib/gcc/arm-none-eabi/4.4.1/../../../../arm-none-eabi/lib/thumb2/libm.a(lib_a-s_sin.o)
                0x080138e4                sin
 .text          0x08013984       0xac /home/laurence/CodeSourcery/Sourcery_G++_Lite/bin/../lib/gcc/arm-none-eabi/4.4.1/../../../../arm-none-eabi/lib/thumb2/libm.a(lib_a-w_asin.o)
                0x08013984                asin
 .text          0x08013a30        0x4 /home/laurence/CodeSourcery/Sourcery_G++_Lite/bin/../lib/gcc/arm-none-eabi/4.4.1/../../../../arm-none-eabi/lib/thumb2/libm.a(lib_a-w_atan2.o)
                0x08013a30                atan2
 .text          0x08013a34      0x358 /home/laurence/CodeSourcery/Sourcery_G++_Lite/bin/../lib/gcc/arm-none-eabi/4.4.1/../../../../arm-none-eabi/lib/thumb2/libm.a(lib_a-w_pow.o)
                0x08013a34                pow
 .text          0x08013d8c       0xac /home/laurence/CodeSourcery/Sourcery_G++_Lite/bin/../lib/gcc/arm-none-eabi/4.4.1/../../../../arm-none-eabi/lib/thumb2/libm.a(lib_a-w_sqrt.o)
                0x08013d8c                sqrt
 .text          0x08013e38       0xa8 /home/laurence/CodeSourcery/Sourcery_G++_Lite/bin/../lib/gcc/arm-none-eabi/4.4.1/../../../../arm-none-eabi/lib/thumb2/libm.a(lib_a-wf_asin.o)
                0x08013e38                asinf
 .text          0x08013ee0        0x4 /home/laurence/CodeSourcery/Sourcery_G++_Lite/bin/../lib/gcc/arm-none-eabi/4.4.1/../../../../arm-none-eabi/lib/thumb2/libm.a(lib_a-wf_atan2.o)
                0x08013ee0                atan2f
 *fill*         0x08013ee4        0x4 00
 .text          0x08013ee8      0x420 /home/laurence/CodeSourcery/Sourcery_G++_Lite/bin/../lib/gcc/arm-none-eabi/4.4.1/../../../../arm-none-eabi/lib/thumb2/libm.a(lib_a-e_asin.o)
                0x08013ee8                __ieee754_asin
 .text          0x08014308      0x220 /home/laurence/CodeSourcery/Sourcery_G++_Lite/bin/../lib/gcc/arm-none-eabi/4.4.1/../../../../arm-none-eabi/lib/thumb2/libm.a(lib_a-e_atan2.o)
                0x08014308                __ieee754_atan2
 .text          0x08014528      0xb60 /home/laurence/CodeSourcery/Sourcery_G++_Lite/bin/../lib/gcc/arm-none-eabi/4.4.1/../../../../arm-none-eabi/lib/thumb2/libm.a(lib_a-e_pow.o)
                0x08014528                __ieee754_pow
 .text          0x08015088      0x418 /home/laurence/CodeSourcery/Sourcery_G++_Lite/bin/../lib/gcc/arm-none-eabi/4.4.1/../../../../arm-none-eabi/lib/thumb2/libm.a(lib_a-e_rem_pio2.o)
                0x08015088                __ieee754_rem_pio2
 .text          0x080154a0      0x1dc /home/laurence/CodeSourcery/Sourcery_G++_Lite/bin/../lib/gcc/arm-none-eabi/4.4.1/../../../../arm-none-eabi/lib/thumb2/libm.a(lib_a-e_sqrt.o)
                0x080154a0                __ieee754_sqrt
 .text          0x0801567c      0x318 /home/laurence/CodeSourcery/Sourcery_G++_Lite/bin/../lib/gcc/arm-none-eabi/4.4.1/../../../../arm-none-eabi/lib/thumb2/libm.a(lib_a-ef_asin.o)
                0x0801567c                __ieee754_asinf
 .text          0x08015994      0x158 /home/laurence/CodeSourcery/Sourcery_G++_Lite/bin/../lib/gcc/arm-none-eabi/4.4.1/../../../../arm-none-eabi/lib/thumb2/libm.a(lib_a-ef_atan2.o)
                0x08015994                __ieee754_atan2f
 .text          0x08015aec       0xb4 /home/laurence/CodeSourcery/Sourcery_G++_Lite/bin/../lib/gcc/arm-none-eabi/4.4.1/../../../../arm-none-eabi/lib/thumb2/libm.a(lib_a-ef_sqrt.o)
                0x08015aec                __ieee754_sqrtf
 .text          0x08015ba0      0x250 /home/laurence/CodeSourcery/Sourcery_G++_Lite/bin/../lib/gcc/arm-none-eabi/4.4.1/../../../../arm-none-eabi/lib/thumb2/libm.a(lib_a-k_cos.o)
                0x08015ba0                __kernel_cos
 .text          0x08015df0      0x7b4 /home/laurence/CodeSourcery/Sourcery_G++_Lite/bin/../lib/gcc/arm-none-eabi/4.4.1/../../../../arm-none-eabi/lib/thumb2/libm.a(lib_a-k_rem_pio2.o)
                0x08015df0                __kernel_rem_pio2
 *fill*         0x080165a4        0x4 00
 .text          0x080165a8      0x170 /home/laurence/CodeSourcery/Sourcery_G++_Lite/bin/../lib/gcc/arm-none-eabi/4.4.1/../../../../arm-none-eabi/lib/thumb2/libm.a(lib_a-k_sin.o)
                0x080165a8                __kernel_sin
 .text          0x08016718      0x348 /home/laurence/CodeSourcery/Sourcery_G++_Lite/bin/../lib/gcc/arm-none-eabi/4.4.1/../../../../arm-none-eabi/lib/thumb2/libm.a(lib_a-s_atan.o)
                0x08016718                atan
 .text          0x08016a60        0x8 /home/laurence/CodeSourcery/Sourcery_G++_Lite/bin/../lib/gcc/arm-none-eabi/4.4.1/../../../../arm-none-eabi/lib/thumb2/libm.a(lib_a-s_fabs.o)
                0x08016a60                fabs
 .text          0x08016a68       0x10 /home/laurence/CodeSourcery/Sourcery_G++_Lite/bin/../lib/gcc/arm-none-eabi/4.4.1/../../../../arm-none-eabi/lib/thumb2/libm.a(lib_a-s_finite.o)
                0x08016a68                finite
 .text          0x08016a78      0x128 /home/laurence/CodeSourcery/Sourcery_G++_Lite/bin/../lib/gcc/arm-none-eabi/4.4.1/../../../../arm-none-eabi/lib/thumb2/libm.a(lib_a-s_floor.o)
                0x08016a78                floor
 .text          0x08016ba0       0x1c /home/laurence/CodeSourcery/Sourcery_G++_Lite/bin/../lib/gcc/arm-none-eabi/4.4.1/../../../../arm-none-eabi/lib/thumb2/libm.a(lib_a-s_isnand.o)
                0x08016ba0                __isnand
 .text          0x08016bbc        0x4 /home/laurence/CodeSourcery/Sourcery_G++_Lite/bin/../lib/gcc/arm-none-eabi/4.4.1/../../../../arm-none-eabi/lib/thumb2/libm.a(lib_a-s_matherr.o)
                0x08016bbc                matherr
 .text          0x08016bc0        0xc /home/laurence/CodeSourcery/Sourcery_G++_Lite/bin/../lib/gcc/arm-none-eabi/4.4.1/../../../../arm-none-eabi/lib/thumb2/libm.a(lib_a-s_nan.o)
                0x08016bc0                nan
 .text          0x08016bcc      0x134 /home/laurence/CodeSourcery/Sourcery_G++_Lite/bin/../lib/gcc/arm-none-eabi/4.4.1/../../../../arm-none-eabi/lib/thumb2/libm.a(lib_a-s_rint.o)
                0x08016bcc                rint
 .text          0x08016d00      0x118 /home/laurence/CodeSourcery/Sourcery_G++_Lite/bin/../lib/gcc/arm-none-eabi/4.4.1/../../../../arm-none-eabi/lib/thumb2/libm.a(lib_a-s_scalbn.o)
                0x08016d00                scalbn
 .text          0x08016e18      0x23c /home/laurence/CodeSourcery/Sourcery_G++_Lite/bin/../lib/gcc/arm-none-eabi/4.4.1/../../../../arm-none-eabi/lib/thumb2/libm.a(lib_a-sf_atan.o)
                0x08016e18                atanf
 .text          0x08017054        0x8 /home/laurence/CodeSourcery/Sourcery_G++_Lite/bin/../lib/gcc/arm-none-eabi/4.4.1/../../../../arm-none-eabi/lib/thumb2/libm.a(lib_a-sf_fabs.o)
                0x08017054                fabsf
 .text          0x0801705c       0x10 /home/laurence/CodeSourcery/Sourcery_G++_Lite/bin/../lib/gcc/arm-none-eabi/4.4.1/../../../../arm-none-eabi/lib/thumb2/libm.a(lib_a-sf_isnan.o)
                0x0801705c                isnanf
 .text          0x0801706c       0x18 /home/laurence/CodeSourcery/Sourcery_G++_Lite/bin/../lib/gcc/arm-none-eabi/4.4.1/../../../../arm-none-eabi/lib/thumb2/libm.a(lib_a-s_copysign.o)
                0x0801706c                copysign
 *fill*         0x08017084        0x4 00
 .text          0x08017088      0x2b0 /home/laurence/CodeSourcery/Sourcery_G++_Lite/bin/../lib/gcc/arm-none-eabi/4.4.1/thumb2/libgcc.a(_divsi3.o)
                0x08017088                __aeabi_idiv
                0x08017088                __divsi3
                0x0801731c                __aeabi_idivmod
 .text          0x08017338        0x4 /home/laurence/CodeSourcery/Sourcery_G++_Lite/bin/../lib/gcc/arm-none-eabi/4.4.1/thumb2/libgcc.a(_dvmd_tls.o)
                0x08017338                __aeabi_ldiv0
                0x08017338                __aeabi_idiv0
 .text          0x0801733c      0x370 /home/laurence/CodeSourcery/Sourcery_G++_Lite/bin/../lib/gcc/arm-none-eabi/4.4.1/thumb2/libgcc.a(_arm_addsubdf3.o)
                0x0801733c                __aeabi_drsub
                0x08017344                __aeabi_dsub
                0x08017344                __subdf3
                0x08017348                __adddf3
                0x08017348                __aeabi_dadd
                0x080175c0                __aeabi_ui2d
                0x080175c0                __floatunsidf
                0x080175e0                __floatsidf
                0x080175e0                __aeabi_i2d
                0x08017604                __extendsfdf2
                0x08017604                __aeabi_f2d
                0x08017640                __aeabi_ul2d
                0x08017640                __floatundidf
                0x08017650                __floatdidf
                0x08017650                __aeabi_l2d
 .text          0x080176ac      0x424 /home/laurence/CodeSourcery/Sourcery_G++_Lite/bin/../lib/gcc/arm-none-eabi/4.4.1/thumb2/libgcc.a(_arm_muldivdf3.o)
                0x080176ac                __aeabi_dmul
                0x080176ac                __muldf3
                0x08017900                __aeabi_ddiv
                0x08017900                __divdf3
 .text          0x08017ad0      0x110 /home/laurence/CodeSourcery/Sourcery_G++_Lite/bin/../lib/gcc/arm-none-eabi/4.4.1/thumb2/libgcc.a(_arm_cmpdf2.o)
                0x08017ad0                __gtdf2
                0x08017ad0                __gedf2
                0x08017ad8                __ltdf2
                0x08017ad8                __ledf2
                0x08017ae0                __cmpdf2
                0x08017ae0                __eqdf2
                0x08017ae0                __nedf2
                0x08017b5c                __aeabi_cdrcmple
                0x08017b6c                __aeabi_cdcmple
                0x08017b6c                __aeabi_cdcmpeq
                0x08017b7c                __aeabi_dcmpeq
                0x08017b90                __aeabi_dcmplt
                0x08017ba4                __aeabi_dcmple
                0x08017bb8                __aeabi_dcmpge
                0x08017bcc                __aeabi_dcmpgt
 .text          0x08017be0       0x50 /home/laurence/CodeSourcery/Sourcery_G++_Lite/bin/../lib/gcc/arm-none-eabi/4.4.1/thumb2/libgcc.a(_arm_fixdfsi.o)
                0x08017be0                __fixdfsi
                0x08017be0                __aeabi_d2iz
 .text          0x08017c30       0x40 /home/laurence/CodeSourcery/Sourcery_G++_Lite/bin/../lib/gcc/arm-none-eabi/4.4.1/thumb2/libgcc.a(_arm_fixunsdfsi.o)
                0x08017c30                __fixunsdfsi
                0x08017c30                __aeabi_d2uiz
 .text          0x08017c70       0xa0 /home/laurence/CodeSourcery/Sourcery_G++_Lite/bin/../lib/gcc/arm-none-eabi/4.4.1/thumb2/libgcc.a(_arm_truncdfsf2.o)
                0x08017c70                __aeabi_d2f
                0x08017c70                __truncdfsf2
 .text          0x08017d10      0x21c /home/laurence/CodeSourcery/Sourcery_G++_Lite/bin/../lib/gcc/arm-none-eabi/4.4.1/thumb2/libgcc.a(_arm_addsubsf3.o)
                0x08017d10                __aeabi_frsub
                0x08017d18                __subsf3
                0x08017d18                __aeabi_fsub
                0x08017d1c                __aeabi_fadd
                0x08017d1c                __addsf3
                0x08017e7c                __aeabi_ui2f
                0x08017e7c                __floatunsisf
                0x08017e84                __aeabi_i2f
                0x08017e84                __floatsisf
                0x08017ea0                __floatundisf
                0x08017ea0                __aeabi_ul2f
                0x08017eb0                __floatdisf
                0x08017eb0                __aeabi_l2f
 .text          0x08017f2c      0x2a0 /home/laurence/CodeSourcery/Sourcery_G++_Lite/bin/../lib/gcc/arm-none-eabi/4.4.1/thumb2/libgcc.a(_arm_muldivsf3.o)
                0x08017f2c                __mulsf3
                0x08017f2c                __aeabi_fmul
                0x08018094                __divsf3
                0x08018094                __aeabi_fdiv
 .text          0x080181cc       0xec /home/laurence/CodeSourcery/Sourcery_G++_Lite/bin/../lib/gcc/arm-none-eabi/4.4.1/thumb2/libgcc.a(_arm_cmpsf2.o)
                0x080181cc                __gtsf2
                0x080181cc                __gesf2
                0x080181d4                __lesf2
                0x080181d4                __ltsf2
                0x080181dc                __nesf2
                0x080181dc                __eqsf2
                0x080181dc                __cmpsf2
                0x0801823c                __aeabi_cfrcmple
                0x08018244                __aeabi_cfcmple
                0x08018244                __aeabi_cfcmpeq
                0x08018254                __aeabi_fcmpeq
                0x08018268                __aeabi_fcmplt
                0x0801827c                __aeabi_fcmple
                0x08018290                __aeabi_fcmpge
                0x080182a4                __aeabi_fcmpgt
 .text          0x080182b8       0x4c /home/laurence/CodeSourcery/Sourcery_G++_Lite/bin/../lib/gcc/arm-none-eabi/4.4.1/thumb2/libgcc.a(_arm_fixsfsi.o)
                0x080182b8                __fixsfsi
                0x080182b8                __aeabi_f2iz
 .text          0x08018304       0x40 /home/laurence/CodeSourcery/Sourcery_G++_Lite/bin/../lib/gcc/arm-none-eabi/4.4.1/thumb2/libgcc.a(_arm_fixunssfsi.o)
                0x08018304                __aeabi_f2uiz
                0x08018304                __fixunssfsi
 .text          0x08018344       0x38 /home/laurence/CodeSourcery/Sourcery_G++_Lite/bin/../lib/gcc/arm-none-eabi/4.4.1/thumb2/libgcc.a(_aeabi_ldivmod.o)
                0x08018344                __aeabi_ldivmod
 .text          0x0801837c       0x2c /home/laurence/CodeSourcery/Sourcery_G++_Lite/bin/../lib/gcc/arm-none-eabi/4.4.1/thumb2/libgcc.a(_fixsfdi.o)
                0x0801837c                __aeabi_f2lz
                0x0801837c                __fixsfdi
 .text          0x080183a8       0x48 /home/laurence/CodeSourcery/Sourcery_G++_Lite/bin/../lib/gcc/arm-none-eabi/4.4.1/thumb2/libgcc.a(_fixunssfdi.o)
                0x080183a8                __aeabi_f2ulz
                0x080183a8                __fixunssfdi
 .text          0x080183f0       0x58 /home/laurence/CodeSourcery/Sourcery_G++_Lite/bin/../lib/gcc/arm-none-eabi/4.4.1/thumb2/libgcc.a(bpabi.o)
                0x080183f0                __gnu_uldivmod_helper
                0x0801841c                __gnu_ldivmod_helper
 .text          0x08018448      0x364 /home/laurence/CodeSourcery/Sourcery_G++_Lite/bin/../lib/gcc/arm-none-eabi/4.4.1/thumb2/libgcc.a(_divdi3.o)
                0x08018448                __divdi3
 .text          0x080187ac      0x300 /home/laurence/CodeSourcery/Sourcery_G++_Lite/bin/../lib/gcc/arm-none-eabi/4.4.1/thumb2/libgcc.a(_udivdi3.o)
                0x080187ac                __udivdi3
 *fill*         0x08018aac        0x4 00
 .text          0x08018ab0      0x278 /home/laurence/CodeSourcery/Sourcery_G++_Lite/bin/../lib/gcc/arm-none-eabi/4.4.1/thumb2/libgcc.a(_udivsi3.o)
                0x08018ab0                __udivsi3
                0x08018ab0                __aeabi_uidiv
                0x08018d0c                __aeabi_uidivmod
 .text          0x08018d28        0xc /home/laurence/CodeSourcery/Sourcery_G++_Lite/bin/../lib/gcc/arm-none-eabi/4.4.1/../../../../arm-none-eabi/lib/thumb2/libc.a(lib_a-errno.o)
                0x08018d28                __errno
 .text          0x08018d34       0x20 /home/laurence/CodeSourcery/Sourcery_G++_Lite/bin/../lib/gcc/arm-none-eabi/4.4.1/../../../../arm-none-eabi/lib/thumb2/libc.a(lib_a-malloc.o)
                0x08018d34                free
                0x08018d44                malloc
 .text          0x08018d54      0x5a4 /home/laurence/CodeSourcery/Sourcery_G++_Lite/bin/../lib/gcc/arm-none-eabi/4.4.1/../../../../arm-none-eabi/lib/thumb2/libc.a(lib_a-mallocr.o)
                0x08018d54                _malloc_r
 .text          0x080192f8      0x190 /home/laurence/CodeSourcery/Sourcery_G++_Lite/bin/../lib/gcc/arm-none-eabi/4.4.1/../../../../arm-none-eabi/lib/thumb2/libc.a(lib_a-memcpy.o)
                0x080192f8                memcpy
 .text          0x08019488       0xd4 /home/laurence/CodeSourcery/Sourcery_G++_Lite/bin/../lib/gcc/arm-none-eabi/4.4.1/../../../../arm-none-eabi/lib/thumb2/libc.a(lib_a-memset.o)
                0x08019488                memset
 .text          0x0801955c        0x8 /home/laurence/CodeSourcery/Sourcery_G++_Lite/bin/../lib/gcc/arm-none-eabi/4.4.1/../../../../arm-none-eabi/lib/thumb2/libc.a(lib_a-mlock.o)
                0x0801955c                __malloc_lock
                0x08019560                __malloc_unlock
 *fill*         0x08019564        0x4 00
 .text          0x08019568      0x108 /home/laurence/CodeSourcery/Sourcery_G++_Lite/bin/../lib/gcc/arm-none-eabi/4.4.1/../../../../arm-none-eabi/lib/thumb2/libc.a(lib_a-rand.o)
                0x08019568                rand
                0x08019610                srand
 .text          0x08019670       0x28 /home/laurence/CodeSourcery/Sourcery_G++_Lite/bin/../lib/gcc/arm-none-eabi/4.4.1/../../../../arm-none-eabi/lib/thumb2/libc.a(lib_a-sbrkr.o)
                0x08019670                _sbrk_r
 .text          0x08019698       0xbc /home/laurence/CodeSourcery/Sourcery_G++_Lite/bin/../lib/gcc/arm-none-eabi/4.4.1/../../../../arm-none-eabi/lib/thumb2/libc.a(lib_a-strcpy.o)
                0x08019698                strcpy
 .text          0x08019754      0x268 /home/laurence/CodeSourcery/Sourcery_G++_Lite/bin/../lib/gcc/arm-none-eabi/4.4.1/../../../../arm-none-eabi/lib/thumb2/libc.a(lib_a-freer.o)
                0x08019754                _malloc_trim_r
                0x080197fc                _free_r
 .text          0x080199bc       0x30 /home/laurence/CodeSourcery/Sourcery_G++_Lite/bin/../lib/gcc/arm-none-eabi/4.4.1/../../../../arm-none-eabi/lib/thumb2/libcs3.a(start_c.o)
                0x080199bc                __cs3_premain
 .text.cs3.init
                0x080199ec       0x5c /home/laurence/CodeSourcery/Sourcery_G++_Lite/bin/../lib/gcc/arm-none-eabi/4.4.1/../../../../arm-none-eabi/lib/thumb2/libcs3.a(start_c.o)
                0x080199ec                __cs3_start_c
 .text          0x08019a48       0x44 /home/laurence/CodeSourcery/Sourcery_G++_Lite/bin/../lib/gcc/arm-none-eabi/4.4.1/../../../../arm-none-eabi/lib/thumb2/libcs3unhosted.a(unhosted-sbrk.o)
                0x08019a48                _sbrk
 .text.cs3.init
                0x08019a8c       0x10 /home/laurence/CodeSourcery/Sourcery_G++_Lite/bin/../lib/gcc/arm-none-eabi/4.4.1/../../../../arm-none-eabi/lib/thumb2/libcs3unhosted.a(unhosted-start.o)
                0x08019a8c                _start
 .text          0x08019a9c        0x2 lib/libcs3-lanchon-stm32.a(lanchon_stm32_isr_interrupt.o)
                0x08019a9c                MemManageException
                0x08019a9c                BusFaultException
                0x08019a9c                DMAChannel7_IRQHandler
                0x08019a9c                DebugMonitor
                0x08019a9c                SVCHandler
                0x08019a9c                HardFaultException
                0x08019a9c                __STM32ReservedException8
                0x08019a9c                USB_HP_CAN_TX_IRQHandler
                0x08019a9c                __STM32DefaultExceptionHandler
                0x08019a9c                DMAChannel1_IRQHandler
                0x08019a9c                CAN_SCE_IRQHandler
                0x08019a9c                __STM32ReservedException10
                0x08019a9c                __STM32ReservedException13
                0x08019a9c                NMIException
                0x08019a9c                DMAChannel4_IRQHandler
                0x08019a9c                SysTickHandler
                0x08019a9c                PendSVC
                0x08019a9c                CAN_RX1_IRQHandler
                0x08019a9c                ADC_IRQHandler
                0x08019a9c                DMAChannel5_IRQHandler
                0x08019a9c                DMAChannel2_IRQHandler
                0x08019a9c                USB_LP_CAN_RX0_IRQHandler
                0x08019a9c                __STM32ReservedException7
                0x08019a9c                UsageFaultException
                0x08019a9c                DMAChannel6_IRQHandler
                0x08019a9c                DMAChannel3_IRQHandler
                0x08019a9c                __STM32ReservedException9
 *fill*         0x08019a9e        0x2 00
 .text          0x08019aa0       0x50 /home/laurence/CodeSourcery/Sourcery_G++_Lite/bin/../lib/gcc/arm-none-eabi/4.4.1/../../../../arm-none-eabi/lib/thumb2/libc.a(lib_a-init.o)
                0x08019aa0                __libc_init_array
 *(.plt)
 *(.gnu.warning)
 *(.glue_7t)
 .glue_7t       0x00000000        0x0 linker stubs
 *(.glue_7)
 .glue_7        0x00000000        0x0 linker stubs
 *(.vfp11_veneer)
 .vfp11_veneer  0x00000000        0x0 linker stubs
 *(.rodata .rodata.* .gnu.linkonce.r.*)
 .rodata        0x08019af0      0x888 Sensors/earth_field.o
 .rodata.str1.1
                0x0801a378        0x9 Sensors/earth_field.o
 *fill*         0x0801a381        0x3 00
 .rodata        0x0801a384       0x9c Sensors/sensorcal.o
                0x0801a384                Acc_Cal_Dat
                0x0801a3b8                Mag_Cal_Dat
                0x0801a3ec                Gyr_Cal_Dat
 .rodata        0x0801a420       0xc4 Sensors/ubx.o
 .rodata.str1.1
                0x0801a4e4      0x13b Sensors/ubx.o
 .rodata.str1.1
                0x0801a61f        0xf Util/Fatfs/ff.o
 *fill*         0x0801a62e        0x2 00
 .rodata        0x0801a630        0xc Util/Fatfs/rtc.o
 *fill*         0x0801a63c        0x4 00
 .rodata        0x0801a640       0x10 Util/RF22/RF22.o
                0x0801a640                _ZTV4RF22
 .rodata._ZTV12RF22Datagram
                0x0801a650       0x10 Util/RF22/RF22Datagram.o
                0x0801a650                _ZTV12RF22Datagram
 .rodata        0x0801a660       0x20 Util/RF22/RF22Mesh.o
                0x0801a660                _ZTV8RF22Mesh
 .rodata._ZTV20RF22ReliableDatagram
                0x0801a680       0x10 Util/RF22/RF22ReliableDatagram.o
                0x0801a680                _ZTV20RF22ReliableDatagram
 .rodata        0x0801a690       0x18 Util/RF22/RF22Router.o
                0x0801a690                _ZTV10RF22Router
 .rodata        0x0801a6a8      0x100 Util/crc.o
 .rodata        0x0801a7a8       0x14 Util/rprintf.o
 .rodata.str1.1
                0x0801a7bc        0x6 Util/rprintf.o
 *fill*         0x0801a7c2        0x2 00
 .rodata        0x0801a7c4       0x38 Util/uavtalk.o
                0x0801a7c4                UAVtalk_objects
                0x0801a7e4                UAVtalk_lenghts
                0x0801a7ec                UAVtalk_stream_objs
                0x0801a7f0                UAVtalk_stream_types
                0x0801a7f4                UAVtalk_stream_timeouts
 .rodata        0x0801a7fc       0x20 i2c_int.o
                0x0801a7fc                Magno_config
                0x0801a800                Magno_single
                0x0801a804                Bmp_temperature
                0x0801a808                Bmp_pressure
                0x0801a80c                Accel_config
                0x0801a810                Gyro_config
                0x0801a814                Gyro_clk_config
                0x0801a818                Pitot_conv
 .rodata        0x0801a81c       0x14 lib/CMSIS_CM3/system_stm32f10x.o
                0x0801a81c                SystemFrequency
                0x0801a820                SystemFrequency_SysClk
                0x0801a824                SystemFrequency_AHBClk
                0x0801a828                SystemFrequency_APB1Clk
                0x0801a82c                SystemFrequency_APB2Clk
 .rodata.str1.1
                0x0801a830      0x318 main.o
 .rodata.str1.4
                0x0801ab48        0x5 /home/laurence/CodeSourcery/Sourcery_G++_Lite/bin/../lib/gcc/arm-none-eabi/4.4.1/../../../../arm-none-eabi/lib/thumb2/libm.a(lib_a-w_asin.o)
                                  0xc (size before relaxing)
 *fill*         0x0801ab4d        0x3 00
 .rodata.str1.4
                0x0801ab50        0x4 /home/laurence/CodeSourcery/Sourcery_G++_Lite/bin/../lib/gcc/arm-none-eabi/4.4.1/../../../../arm-none-eabi/lib/thumb2/libm.a(lib_a-w_pow.o)
 .rodata.str1.4
                0x0801ab54        0x5 /home/laurence/CodeSourcery/Sourcery_G++_Lite/bin/../lib/gcc/arm-none-eabi/4.4.1/../../../../arm-none-eabi/lib/thumb2/libm.a(lib_a-w_sqrt.o)
                                  0x8 (size before relaxing)
 *fill*         0x0801ab59        0x3 00
 .rodata.str1.4
                0x0801ab5c        0x6 /home/laurence/CodeSourcery/Sourcery_G++_Lite/bin/../lib/gcc/arm-none-eabi/4.4.1/../../../../arm-none-eabi/lib/thumb2/libm.a(lib_a-wf_asin.o)
                                  0xc (size before relaxing)
 *fill*         0x0801ab62        0x6 00
 .rodata        0x0801ab68       0x30 /home/laurence/CodeSourcery/Sourcery_G++_Lite/bin/../lib/gcc/arm-none-eabi/4.4.1/../../../../arm-none-eabi/lib/thumb2/libm.a(lib_a-e_pow.o)
 .rodata.str1.4
                0x00000000        0x4 /home/laurence/CodeSourcery/Sourcery_G++_Lite/bin/../lib/gcc/arm-none-eabi/4.4.1/../../../../arm-none-eabi/lib/thumb2/libm.a(lib_a-e_pow.o)
 .rodata        0x0801ab98      0x188 /home/laurence/CodeSourcery/Sourcery_G++_Lite/bin/../lib/gcc/arm-none-eabi/4.4.1/../../../../arm-none-eabi/lib/thumb2/libm.a(lib_a-e_rem_pio2.o)
 .rodata        0x0801ad20       0x50 /home/laurence/CodeSourcery/Sourcery_G++_Lite/bin/../lib/gcc/arm-none-eabi/4.4.1/../../../../arm-none-eabi/lib/thumb2/libm.a(lib_a-k_rem_pio2.o)
 .rodata        0x0801ad70       0x40 /home/laurence/CodeSourcery/Sourcery_G++_Lite/bin/../lib/gcc/arm-none-eabi/4.4.1/../../../../arm-none-eabi/lib/thumb2/libm.a(lib_a-s_atan.o)
 .rodata        0x0801adb0       0x10 /home/laurence/CodeSourcery/Sourcery_G++_Lite/bin/../lib/gcc/arm-none-eabi/4.4.1/../../../../arm-none-eabi/lib/thumb2/libm.a(lib_a-s_rint.o)
 .rodata        0x0801adc0       0x20 /home/laurence/CodeSourcery/Sourcery_G++_Lite/bin/../lib/gcc/arm-none-eabi/4.4.1/../../../../arm-none-eabi/lib/thumb2/libm.a(lib_a-sf_atan.o)
 .rodata.str1.4
                0x0801ade0        0x4 /home/laurence/CodeSourcery/Sourcery_G++_Lite/bin/../lib/gcc/arm-none-eabi/4.4.1/../../../../arm-none-eabi/lib/thumb2/libc.a(lib_a-impure.o)
 *(.ARM.extab* .gnu.linkonce.armextab.*)
 *(.gcc_except_table)
 *(.eh_frame_hdr)
 *(.eh_frame)
                0x0801ade4                . = ALIGN (0x4)
 *(.init)
 .init          0x0801ade4        0x4 /home/laurence/CodeSourcery/Sourcery_G++_Lite/bin/../lib/gcc/arm-none-eabi/4.4.1/thumb2/crti.o
                0x0801ade4                _init
 .init          0x0801ade8        0x8 /home/laurence/CodeSourcery/Sourcery_G++_Lite/bin/../lib/gcc/arm-none-eabi/4.4.1/thumb2/crtn.o
                0x0801adf0                . = ALIGN (0x4)
                0x0801adf0                __preinit_array_start = .
 *(.preinit_array)
                0x0801adf0                __preinit_array_end = .
                0x0801adf0                . = ALIGN (0x4)
                0x0801adf0                __init_array_start = .
 *(SORT(.init_array.*))
 *(.init_array)
 .init_array    0x0801adf0        0x4 /home/laurence/CodeSourcery/Sourcery_G++_Lite/bin/../lib/gcc/arm-none-eabi/4.4.1/thumb2/crtbegin.o
 .init_array    0x0801adf4        0x4 Util/RF22/ctocpp.o
                0x0801adf8                __init_array_end = .
                0x0801adf8                . = ALIGN (0x4)
 *crtbegin.o(.ctors)
 *(EXCLUDE_FILE(*crtend.o) .ctors)
 *(SORT(.ctors.*))
 *crtend.o(.ctors)
                0x0801adf8                . = ALIGN (0x4)
 *(.fini)
 .fini          0x0801adf8        0x4 /home/laurence/CodeSourcery/Sourcery_G++_Lite/bin/../lib/gcc/arm-none-eabi/4.4.1/thumb2/crti.o
                0x0801adf8                _fini
 .fini          0x0801adfc        0x8 /home/laurence/CodeSourcery/Sourcery_G++_Lite/bin/../lib/gcc/arm-none-eabi/4.4.1/thumb2/crtn.o
                0x0801ae04                . = ALIGN (0x4)
                0x0801ae04                __fini_array_start = .
 *(.fini_array)
 .fini_array    0x0801ae04        0x4 /home/laurence/CodeSourcery/Sourcery_G++_Lite/bin/../lib/gcc/arm-none-eabi/4.4.1/thumb2/crtbegin.o
 *(SORT(.fini_array.*))
                0x0801ae08                __fini_array_end = .
 *crtbegin.o(.dtors)
 *(EXCLUDE_FILE(*crtend.o) .dtors)
 *(SORT(.dtors.*))
 *crtend.o(.dtors)
                0x0801ae08                . = ALIGN (0x4)
                0x0801ae08                __cs3_regions = .
                0x0801ae08        0x4 LONG 0x0
                0x0801ae0c        0x4 LONG 0x801ae28 __cs3_region_init_ram
                0x0801ae10        0x4 LONG 0x20000000 __cs3_region_start_ram
                0x0801ae14        0x4 LONG 0x680 __cs3_region_init_size_ram
                0x0801ae18        0x4 LONG 0x1c28 __cs3_region_zero_size_ram
                0x0801ae1c                __exidx_start = .

.v4_bx          0x0801ae1c        0x0
 .v4_bx         0x00000000        0x0 linker stubs

.ARM.exidx      0x0801ae1c        0x8
 *(.ARM.exidx* .gnu.linkonce.armexidx.*)
 .ARM.exidx     0x0801ae1c        0x8 /home/laurence/CodeSourcery/Sourcery_G++_Lite/bin/../lib/gcc/arm-none-eabi/4.4.1/thumb2/libgcc.a(_divdi3.o)
 .ARM.exidx     0x0801ae24        0x0 /home/laurence/CodeSourcery/Sourcery_G++_Lite/bin/../lib/gcc/arm-none-eabi/4.4.1/thumb2/libgcc.a(_udivdi3.o)
                                  0x8 (size before relaxing)
                0x0801ae24                __exidx_end = .

.text.align     0x0801ae24        0x4
                0x0801ae28                . = ALIGN (0x8)
 *fill*         0x0801ae24        0x4 00
                0x0801ae28                _etext = .
                0x08020000                __cs3_region_end_rom = (__cs3_region_start_rom + 0x20000)
                0x00020000                __cs3_region_size_rom = 0x20000
                0x00000001                __cs3_region_num = 0x1

.data           0x20000000      0x680 load address 0x0801ae28
                0x20000000                __cs3_region_start_ram = .
 *(.cs3.region-head.ram)
 *(.jcr)
 .jcr           0x20000000        0x0 /home/laurence/CodeSourcery/Sourcery_G++_Lite/bin/../lib/gcc/arm-none-eabi/4.4.1/thumb2/crtbegin.o
 .jcr           0x20000000        0x4 /home/laurence/CodeSourcery/Sourcery_G++_Lite/bin/../lib/gcc/arm-none-eabi/4.4.1/thumb2/crtend.o
 *(.got.plt)
 *(.got)
 *(.shdata)
 *(.data .data.* .gnu.linkonce.d.*)
 .data          0x20000004        0x1 Util/Fatfs/sd_spi_stm32.o
 *fill*         0x20000005        0x3 00
 .data          0x20000008       0x28 Util/uavtalk.o
                0x20000008                UAVtalk_conf
 .data          0x20000030       0x78 i2c_int.o
                0x20000030                I2C_jobs
 .data          0x200000a8        0x4 Control/ekf.o
                0x200000a8                Ge
 .data          0x200000ac       0xb0 Control/imu.o
 .data          0x2000015c       0x14 lib/STM32F10x_StdPeriph_Driver/libstm32fw.a(stm32f10x_rcc.o)
 .data          0x20000170        0x1 /home/laurence/CodeSourcery/Sourcery_G++_Lite/bin/../lib/gcc/arm-none-eabi/4.4.1/../../../../arm-none-eabi/lib/thumb2/libm.a(lib_a-s_lib_ver.o)
                0x20000170                __fdlib_version
 *fill*         0x20000171        0x3 00
 .data          0x20000174       0xf4 /home/laurence/CodeSourcery/Sourcery_G++_Lite/bin/../lib/gcc/arm-none-eabi/4.4.1/../../../../arm-none-eabi/lib/thumb2/libc.a(lib_a-impure.o)
                0x20000174                _impure_ptr
 .data          0x20000268      0x410 /home/laurence/CodeSourcery/Sourcery_G++_Lite/bin/../lib/gcc/arm-none-eabi/4.4.1/../../../../arm-none-eabi/lib/thumb2/libc.a(lib_a-mallocr.o)
                0x20000268                __malloc_av_
                0x20000670                __malloc_sbrk_base
                0x20000674                __malloc_trim_threshold
 .data          0x20000678        0x4 /home/laurence/CodeSourcery/Sourcery_G++_Lite/bin/../lib/gcc/arm-none-eabi/4.4.1/../../../../arm-none-eabi/lib/thumb2/libcs3unhosted.a(unhosted-sbrk.o)
 .data          0x2000067c        0x4 /home/laurence/CodeSourcery/Sourcery_G++_Lite/bin/../lib/gcc/arm-none-eabi/4.4.1/../../../../arm-none-eabi/lib/thumb2/libcs3.a(heap.o)
                0x2000067c                __cs3_heap_limit
 *(.ram)
                0x20000680                . = ALIGN (0x8)
                0x20000680                _edata = .

.bss            0x20000680     0x1c28 load address 0x0801b4a8
 *(.shbss)
 *(.bss .bss.* .gnu.linkonce.b.*)
 .bss           0x20000680        0x1 /home/laurence/CodeSourcery/Sourcery_G++_Lite/bin/../lib/gcc/arm-none-eabi/4.4.1/thumb2/crtbegin.o
 *fill*         0x20000681        0x3 00
 .bss           0x20000684       0x24 Sensors/accel_down.o
                0x200006a0                Accel_Data_Buffer
 .bss           0x200006a8       0x28 Sensors/bmp085.o
                0x200006a8                Sea_Level_Pressure
                0x200006ac                Our_Sensorcal
                0x200006c4                Bmp_temp
                0x200006c8                Bmp_Temp_Buffer
                0x200006cc                Bmp_Press_Buffer
 .bss           0x200006d0        0xc Sensors/earth_field.o
 .bss           0x200006dc        0x4 Sensors/pitot.o
                0x200006dc                Pitot_Pressure
 .bss           0x200006e0        0xa Sensors/ubx.o
 *fill*         0x200006ea        0x2 00
 .bss           0x200006ec        0x8 Util/Fatfs/ff.o
 .bss           0x200006f4       0x10 Util/Fatfs/sd_spi_stm32.o
 .bss           0x20000704        0x8 Util/RF22/RF22.o
                0x20000704                _ZN4RF2217_RF22ForInterruptE
 .bss           0x2000070c       0xfc Util/RF22/RF22Mesh.o
                0x2000070c                _ZN8RF22Mesh11_tmpMessageE
 .bss           0x20000808      0x100 Util/RF22/RF22Router.o
                0x20000808                _ZN10RF22Router11_tmpMessageE
 .bss           0x20000908      0x23c Util/RF22/ctocpp.o
                0x20000908                rf22
 .bss           0x20000b44       0x84 Util/rprintf.o
 .bss           0x20000bc8       0x3c Util/uavtalk.o
                0x20000bcc                UAVtalk_semaphores
                0x20000bd4                UAVtalk_pointers
                0x20000bf4                UAVtalk_stream_timers
 .bss           0x20000c04       0x10 i2c_int.o
                0x20000c04                Jobs
                0x20000c08                I2C1error
                0x20000c0a                job
                0x20000c10                Completed_Jobs
 .bss           0x20000c14        0xc interrupts.o
 .bss           0x20000c20      0x8b4 main.o
                0x20000c20                Gps_Buffer
                0x20000d28                Millis
                0x20000d2c                Gps
                0x20000d60                Home_Position
                0x20000db0                Long_To_Meters_Home
                0x20000fe4                f_err_code
                0x20000fe8                Kalman_Enabled
                0x20000fec                UAVtalk_Attitude_Array
                0x20001008                Nav_Global
                0x2000103c                UAVtalk_Altitude_Array
                0x20001048                Waypoint_Global
                0x20001054                uavtalk_usart_port
                0x200010e8                Usart1tx
                0x200011f0                Nav_Flag
                0x200011f4                New_Waypoint_Flagged
                0x200011f8                uavtalk_si4432_port
                0x2000128c                Si4432_buff
                0x20001394                Usart1rx
                0x2000149c                Ground_Flag
                0x200014a0                Balt
                0x200014a4                GCS_Telem
                0x200014bc                Flight_Telem
 .bss           0x200014d4       0x1c pwm.o
                0x200014d4                TIM_TimeBaseStructure
                0x200014e0                TIM_OCInitStructure
 .bss           0x200014f0      0x104 usart.o
                0x200014f0                Usart1_rx_buff
 .bss           0x200015f4      0xbf8 Control/ekf.o
                0x200015f4                Be
                0x20001600                P
                0x200018a4                X
                0x200018d8                Q
                0x200018fc                R
                0x20001924                F
                0x20001bc8                G
                0x20001d9c                K
                0x20001fa4                H
                0x200021ac                Nav
                0x200021e0                zeros
 .bss           0x200021ec       0x84 Control/imu.o
                0x200021ec                Accel_Access_Flag
                0x200021fc                Gyro_Data_Buffer
                0x20002244                Magno_Data_Buffer
                0x20002268                Accel_Data_Vector
 .bss           0x20002270       0x34 /home/laurence/CodeSourcery/Sourcery_G++_Lite/bin/../lib/gcc/arm-none-eabi/4.4.1/../../../../arm-none-eabi/lib/thumb2/libc.a(lib_a-mallocr.o)
                0x20002270                __malloc_top_pad
                0x20002274                __malloc_current_mallinfo
                0x2000229c                __malloc_max_sbrked_mem
                0x200022a0                __malloc_max_total_mem
 *(COMMON)
 COMMON         0x200022a4        0x4 /home/laurence/CodeSourcery/Sourcery_G++_Lite/bin/../lib/gcc/arm-none-eabi/4.4.1/../../../../arm-none-eabi/lib/thumb2/libc.a(lib_a-reent.o)
                0x200022a4                errno
 *(.ram.b)
                0x200022a8                . = ALIGN (0x8)
                0x200022a8                _end = .
                0x200022a8                __end = .
                0x20005000                __cs3_region_end_ram = (__cs3_region_start_ram + 0x5000)
                0x00005000                __cs3_region_size_ram = 0x5000
                0x0801ae28                __cs3_region_init_ram = LOADADDR (.data)
                0x00000680                __cs3_region_init_size_ram = (_edata - ADDR (.data))
                0x00001c28                __cs3_region_zero_size_ram = (_end - _edata)
                0x00000001                __cs3_region_num = 0x1

.stab
 *(.stab)

.stabstr
 *(.stabstr)

.debug
 *(.debug)

.line
 *(.line)

.debug_srcinfo
 *(.debug_srcinfo)

.debug_sfnames
 *(.debug_sfnames)

.debug_aranges
 *(.debug_aranges)

.debug_pubnames
 *(.debug_pubnames)

.debug_info
 *(.debug_info .gnu.linkonce.wi.*)

.debug_abbrev
 *(.debug_abbrev)

.debug_line
 *(.debug_line)

.comment        0x00000000      0x891
 .comment       0x00000000       0x2b Sensors/accel_down.o
 .comment       0x0000002b       0x2b Sensors/bmp085.o
 .comment       0x00000056       0x2b Sensors/earth_field.o
 .comment       0x00000081       0x2b Sensors/pitot.o
 .comment       0x000000ac       0x2b Sensors/sensorcal.o
 .comment       0x000000d7       0x2b Sensors/ubx.o
 .comment       0x00000102       0x2b Util/Fatfs/fattime.o
 .comment       0x0000012d       0x2b Util/Fatfs/ff.o
 .comment       0x00000158       0x2b Util/Fatfs/rtc.o
 .comment       0x00000183       0x2b Util/Fatfs/sd_spi_stm32.o
 .comment       0x000001ae       0x2b Util/RF22/RF22.o
 .comment       0x000001d9       0x2b Util/RF22/RF22Datagram.o
 .comment       0x00000204       0x2b Util/RF22/RF22Mesh.o
 .comment       0x0000022f       0x2b Util/RF22/RF22ReliableDatagram.o
 .comment       0x0000025a       0x2b Util/RF22/RF22Router.o
 .comment       0x00000285       0x2b Util/RF22/ctocpp.o
 .comment       0x000002b0       0x2b Util/atmospherics.o
 .comment       0x000002db       0x2b Util/coords.o
 .comment       0x00000306       0x2b Util/crc.o
 .comment       0x00000331       0x2b Util/delay.o
 .comment       0x0000035c       0x2b Util/gravity.o
 .comment       0x00000387       0x2b Util/rprintf.o
 .comment       0x000003b2       0x2b Util/time.o
 .comment       0x000003dd       0x2b Util/uavtalk.o
 .comment       0x00000408       0x2b dma.o
 .comment       0x00000433       0x2b gpio.o
 .comment       0x0000045e       0x2b i2c_int.o
 .comment       0x00000489       0x2b interrupts.o
 .comment       0x000004b4       0x2b lib/CMSIS_CM3/core_cm3.o
 .comment       0x000004df       0x2b lib/CMSIS_CM3/system_stm32f10x.o
 .comment       0x0000050a       0x2b main.o
 .comment       0x00000535       0x2b pwm.o
 .comment       0x00000560       0x2b usart.o
 .comment       0x0000058b       0x2b watchdog.o
 .comment       0x000005b6       0x2b Control/ekf.o
 .comment       0x000005e1       0x2b Control/imu.o
 .comment       0x0000060c       0x2b Control/loops.o
 .comment       0x00000637       0x2b Control/servos.o
 .comment       0x00000662       0x2b lib/STM32F10x_StdPeriph_Driver/libstm32fw.a(misc.o)
 .comment       0x0000068d       0x2b lib/STM32F10x_StdPeriph_Driver/libstm32fw.a(stm32f10x_bkp.o)
 .comment       0x000006b8       0x2b lib/STM32F10x_StdPeriph_Driver/libstm32fw.a(stm32f10x_dma.o)
 .comment       0x000006e3       0x2b lib/STM32F10x_StdPeriph_Driver/libstm32fw.a(stm32f10x_exti.o)
 .comment       0x0000070e       0x2b lib/STM32F10x_StdPeriph_Driver/libstm32fw.a(stm32f10x_gpio.o)
 .comment       0x00000739       0x2b lib/STM32F10x_StdPeriph_Driver/libstm32fw.a(stm32f10x_i2c.o)
 .comment       0x00000764       0x2b lib/STM32F10x_StdPeriph_Driver/libstm32fw.a(stm32f10x_iwdg.o)
 .comment       0x0000078f       0x2b lib/STM32F10x_StdPeriph_Driver/libstm32fw.a(stm32f10x_pwr.o)
 .comment       0x000007ba       0x2b lib/STM32F10x_StdPeriph_Driver/libstm32fw.a(stm32f10x_rcc.o)
 .comment       0x000007e5       0x2b lib/STM32F10x_StdPeriph_Driver/libstm32fw.a(stm32f10x_rtc.o)
 .comment       0x00000810       0x2b lib/STM32F10x_StdPeriph_Driver/libstm32fw.a(stm32f10x_spi.o)
 .comment       0x0000083b       0x2b lib/STM32F10x_StdPeriph_Driver/libstm32fw.a(stm32f10x_tim.o)
 .comment       0x00000866       0x2b lib/STM32F10x_StdPeriph_Driver/libstm32fw.a(stm32f10x_usart.o)

.debug_frame    0x00000000      0xa4c
 *(.debug_frame)
 .debug_frame   0x00000000       0x34 /home/laurence/CodeSourcery/Sourcery_G++_Lite/bin/../lib/gcc/arm-none-eabi/4.4.1/../../../../arm-none-eabi/lib/thumb2/libm.a(lib_a-s_cos.o)
 .debug_frame   0x00000034       0x34 /home/laurence/CodeSourcery/Sourcery_G++_Lite/bin/../lib/gcc/arm-none-eabi/4.4.1/../../../../arm-none-eabi/lib/thumb2/libm.a(lib_a-s_sin.o)
 .debug_frame   0x00000068       0x38 /home/laurence/CodeSourcery/Sourcery_G++_Lite/bin/../lib/gcc/arm-none-eabi/4.4.1/../../../../arm-none-eabi/lib/thumb2/libm.a(lib_a-w_asin.o)
 .debug_frame   0x000000a0       0x20 /home/laurence/CodeSourcery/Sourcery_G++_Lite/bin/../lib/gcc/arm-none-eabi/4.4.1/../../../../arm-none-eabi/lib/thumb2/libm.a(lib_a-w_atan2.o)
 .debug_frame   0x000000c0       0x3c /home/laurence/CodeSourcery/Sourcery_G++_Lite/bin/../lib/gcc/arm-none-eabi/4.4.1/../../../../arm-none-eabi/lib/thumb2/libm.a(lib_a-w_pow.o)
 .debug_frame   0x000000fc       0x3c /home/laurence/CodeSourcery/Sourcery_G++_Lite/bin/../lib/gcc/arm-none-eabi/4.4.1/../../../../arm-none-eabi/lib/thumb2/libm.a(lib_a-w_sqrt.o)
 .debug_frame   0x00000138       0x34 /home/laurence/CodeSourcery/Sourcery_G++_Lite/bin/../lib/gcc/arm-none-eabi/4.4.1/../../../../arm-none-eabi/lib/thumb2/libm.a(lib_a-wf_asin.o)
 .debug_frame   0x0000016c       0x20 /home/laurence/CodeSourcery/Sourcery_G++_Lite/bin/../lib/gcc/arm-none-eabi/4.4.1/../../../../arm-none-eabi/lib/thumb2/libm.a(lib_a-wf_atan2.o)
 .debug_frame   0x0000018c       0x3c /home/laurence/CodeSourcery/Sourcery_G++_Lite/bin/../lib/gcc/arm-none-eabi/4.4.1/../../../../arm-none-eabi/lib/thumb2/libm.a(lib_a-e_asin.o)
 .debug_frame   0x000001c8       0x3c /home/laurence/CodeSourcery/Sourcery_G++_Lite/bin/../lib/gcc/arm-none-eabi/4.4.1/../../../../arm-none-eabi/lib/thumb2/libm.a(lib_a-e_atan2.o)
 .debug_frame   0x00000204       0x3c /home/laurence/CodeSourcery/Sourcery_G++_Lite/bin/../lib/gcc/arm-none-eabi/4.4.1/../../../../arm-none-eabi/lib/thumb2/libm.a(lib_a-e_pow.o)
 .debug_frame   0x00000240       0x3c /home/laurence/CodeSourcery/Sourcery_G++_Lite/bin/../lib/gcc/arm-none-eabi/4.4.1/../../../../arm-none-eabi/lib/thumb2/libm.a(lib_a-e_rem_pio2.o)
 .debug_frame   0x0000027c       0x34 /home/laurence/CodeSourcery/Sourcery_G++_Lite/bin/../lib/gcc/arm-none-eabi/4.4.1/../../../../arm-none-eabi/lib/thumb2/libm.a(lib_a-e_sqrt.o)
 .debug_frame   0x000002b0       0x34 /home/laurence/CodeSourcery/Sourcery_G++_Lite/bin/../lib/gcc/arm-none-eabi/4.4.1/../../../../arm-none-eabi/lib/thumb2/libm.a(lib_a-ef_asin.o)
 .debug_frame   0x000002e4       0x2c /home/laurence/CodeSourcery/Sourcery_G++_Lite/bin/../lib/gcc/arm-none-eabi/4.4.1/../../../../arm-none-eabi/lib/thumb2/libm.a(lib_a-ef_atan2.o)
 .debug_frame   0x00000310       0x2c /home/laurence/CodeSourcery/Sourcery_G++_Lite/bin/../lib/gcc/arm-none-eabi/4.4.1/../../../../arm-none-eabi/lib/thumb2/libm.a(lib_a-ef_sqrt.o)
 .debug_frame   0x0000033c       0x3c /home/laurence/CodeSourcery/Sourcery_G++_Lite/bin/../lib/gcc/arm-none-eabi/4.4.1/../../../../arm-none-eabi/lib/thumb2/libm.a(lib_a-k_cos.o)
 .debug_frame   0x00000378       0x3c /home/laurence/CodeSourcery/Sourcery_G++_Lite/bin/../lib/gcc/arm-none-eabi/4.4.1/../../../../arm-none-eabi/lib/thumb2/libm.a(lib_a-k_rem_pio2.o)
 .debug_frame   0x000003b4       0x3c /home/laurence/CodeSourcery/Sourcery_G++_Lite/bin/../lib/gcc/arm-none-eabi/4.4.1/../../../../arm-none-eabi/lib/thumb2/libm.a(lib_a-k_sin.o)
 .debug_frame   0x000003f0       0x38 /home/laurence/CodeSourcery/Sourcery_G++_Lite/bin/../lib/gcc/arm-none-eabi/4.4.1/../../../../arm-none-eabi/lib/thumb2/libm.a(lib_a-s_atan.o)
 .debug_frame   0x00000428       0x20 /home/laurence/CodeSourcery/Sourcery_G++_Lite/bin/../lib/gcc/arm-none-eabi/4.4.1/../../../../arm-none-eabi/lib/thumb2/libm.a(lib_a-s_fabs.o)
 .debug_frame   0x00000448       0x20 /home/laurence/CodeSourcery/Sourcery_G++_Lite/bin/../lib/gcc/arm-none-eabi/4.4.1/../../../../arm-none-eabi/lib/thumb2/libm.a(lib_a-s_finite.o)
 .debug_frame   0x00000468       0x34 /home/laurence/CodeSourcery/Sourcery_G++_Lite/bin/../lib/gcc/arm-none-eabi/4.4.1/../../../../arm-none-eabi/lib/thumb2/libm.a(lib_a-s_floor.o)
 .debug_frame   0x0000049c       0x20 /home/laurence/CodeSourcery/Sourcery_G++_Lite/bin/../lib/gcc/arm-none-eabi/4.4.1/../../../../arm-none-eabi/lib/thumb2/libm.a(lib_a-s_isnand.o)
 .debug_frame   0x000004bc       0x20 /home/laurence/CodeSourcery/Sourcery_G++_Lite/bin/../lib/gcc/arm-none-eabi/4.4.1/../../../../arm-none-eabi/lib/thumb2/libm.a(lib_a-s_matherr.o)
 .debug_frame   0x000004dc       0x20 /home/laurence/CodeSourcery/Sourcery_G++_Lite/bin/../lib/gcc/arm-none-eabi/4.4.1/../../../../arm-none-eabi/lib/thumb2/libm.a(lib_a-s_nan.o)
 .debug_frame   0x000004fc       0x38 /home/laurence/CodeSourcery/Sourcery_G++_Lite/bin/../lib/gcc/arm-none-eabi/4.4.1/../../../../arm-none-eabi/lib/thumb2/libm.a(lib_a-s_rint.o)
 .debug_frame   0x00000534       0x30 /home/laurence/CodeSourcery/Sourcery_G++_Lite/bin/../lib/gcc/arm-none-eabi/4.4.1/../../../../arm-none-eabi/lib/thumb2/libm.a(lib_a-s_scalbn.o)
 .debug_frame   0x00000564       0x30 /home/laurence/CodeSourcery/Sourcery_G++_Lite/bin/../lib/gcc/arm-none-eabi/4.4.1/../../../../arm-none-eabi/lib/thumb2/libm.a(lib_a-sf_atan.o)
 .debug_frame   0x00000594       0x20 /home/laurence/CodeSourcery/Sourcery_G++_Lite/bin/../lib/gcc/arm-none-eabi/4.4.1/../../../../arm-none-eabi/lib/thumb2/libm.a(lib_a-sf_fabs.o)
 .debug_frame   0x000005b4       0x20 /home/laurence/CodeSourcery/Sourcery_G++_Lite/bin/../lib/gcc/arm-none-eabi/4.4.1/../../../../arm-none-eabi/lib/thumb2/libm.a(lib_a-sf_isnan.o)
 .debug_frame   0x000005d4       0x28 /home/laurence/CodeSourcery/Sourcery_G++_Lite/bin/../lib/gcc/arm-none-eabi/4.4.1/../../../../arm-none-eabi/lib/thumb2/libm.a(lib_a-s_copysign.o)
 .debug_frame   0x000005fc       0x20 /home/laurence/CodeSourcery/Sourcery_G++_Lite/bin/../lib/gcc/arm-none-eabi/4.4.1/thumb2/libgcc.a(_divsi3.o)
 .debug_frame   0x0000061c       0x28 /home/laurence/CodeSourcery/Sourcery_G++_Lite/bin/../lib/gcc/arm-none-eabi/4.4.1/thumb2/libgcc.a(_fixsfdi.o)
 .debug_frame   0x00000644       0x2c /home/laurence/CodeSourcery/Sourcery_G++_Lite/bin/../lib/gcc/arm-none-eabi/4.4.1/thumb2/libgcc.a(_fixunssfdi.o)
 .debug_frame   0x00000670       0x50 /home/laurence/CodeSourcery/Sourcery_G++_Lite/bin/../lib/gcc/arm-none-eabi/4.4.1/thumb2/libgcc.a(bpabi.o)
 .debug_frame   0x000006c0       0x3c /home/laurence/CodeSourcery/Sourcery_G++_Lite/bin/../lib/gcc/arm-none-eabi/4.4.1/thumb2/libgcc.a(_divdi3.o)
 .debug_frame   0x000006fc       0x3c /home/laurence/CodeSourcery/Sourcery_G++_Lite/bin/../lib/gcc/arm-none-eabi/4.4.1/thumb2/libgcc.a(_udivdi3.o)
 .debug_frame   0x00000738       0x20 /home/laurence/CodeSourcery/Sourcery_G++_Lite/bin/../lib/gcc/arm-none-eabi/4.4.1/thumb2/libgcc.a(_udivsi3.o)
 .debug_frame   0x00000758       0x20 /home/laurence/CodeSourcery/Sourcery_G++_Lite/bin/../lib/gcc/arm-none-eabi/4.4.1/../../../../arm-none-eabi/lib/thumb2/libc.a(lib_a-errno.o)
 .debug_frame   0x00000778       0x30 /home/laurence/CodeSourcery/Sourcery_G++_Lite/bin/../lib/gcc/arm-none-eabi/4.4.1/../../../../arm-none-eabi/lib/thumb2/libc.a(lib_a-malloc.o)
 .debug_frame   0x000007a8       0x3c /home/laurence/CodeSourcery/Sourcery_G++_Lite/bin/../lib/gcc/arm-none-eabi/4.4.1/../../../../arm-none-eabi/lib/thumb2/libc.a(lib_a-mallocr.o)