Archive member included because of file (symbol)

lib/STM32F10x_StdPeriph_Driver/libstm32fw.a(misc.o)
                              interrupts.o (NVIC_PriorityGroupConfig)
lib/STM32F10x_StdPeriph_Driver/libstm32fw.a(stm32f10x_bkp.o)
                              Util/Fatfs/rtc.o (BKP_WriteBackupRegister)
lib/STM32F10x_StdPeriph_Driver/libstm32fw.a(stm32f10x_dma.o)
                              dma.o (DMA_DeInit)
lib/STM32F10x_StdPeriph_Driver/libstm32fw.a(stm32f10x_exti.o)
                              interrupts.o (EXTI_Init)
lib/STM32F10x_StdPeriph_Driver/libstm32fw.a(stm32f10x_gpio.o)
                              Util/Fatfs/sd_spi_stm32.o (GPIO_Init)
lib/STM32F10x_StdPeriph_Driver/libstm32fw.a(stm32f10x_i2c.o)
                              i2c.o (I2C_Cmd)
lib/STM32F10x_StdPeriph_Driver/libstm32fw.a(stm32f10x_pwr.o)
                              Util/Fatfs/rtc.o (PWR_BackupAccessCmd)
lib/STM32F10x_StdPeriph_Driver/libstm32fw.a(stm32f10x_rcc.o)
                              Util/Fatfs/rtc.o (RCC_LSEConfig)
lib/STM32F10x_StdPeriph_Driver/libstm32fw.a(stm32f10x_rtc.o)
                              Util/Fatfs/rtc.o (RTC_GetCounter)
lib/STM32F10x_StdPeriph_Driver/libstm32fw.a(stm32f10x_spi.o)
                              Util/Fatfs/sd_spi_stm32.o (SPI_Init)
lib/STM32F10x_StdPeriph_Driver/libstm32fw.a(stm32f10x_tim.o)
                              pwm.o (TIM_TimeBaseInit)
lib/STM32F10x_StdPeriph_Driver/libstm32fw.a(stm32f10x_usart.o)
                              usart.o (USART_Cmd)
/home/laurence/CodeSourcery/Sourcery_G++_Lite/bin/../lib/gcc/arm-none-eabi/4.4.1/../../../../arm-none-eabi/lib/thumb2/libm.a(lib_a-s_cos.o)
                              Sensors/earth_field.o (cos)
/home/laurence/CodeSourcery/Sourcery_G++_Lite/bin/../lib/gcc/arm-none-eabi/4.4.1/../../../../arm-none-eabi/lib/thumb2/libm.a(lib_a-s_sin.o)
                              Sensors/earth_field.o (sin)
/home/laurence/CodeSourcery/Sourcery_G++_Lite/bin/../lib/gcc/arm-none-eabi/4.4.1/../../../../arm-none-eabi/lib/thumb2/libm.a(lib_a-w_asin.o)
                              Sensors/earth_field.o (asin)
/home/laurence/CodeSourcery/Sourcery_G++_Lite/bin/../lib/gcc/arm-none-eabi/4.4.1/../../../../arm-none-eabi/lib/thumb2/libm.a(lib_a-w_atan2.o)
                              Sensors/earth_field.o (atan2)
/home/laurence/CodeSourcery/Sourcery_G++_Lite/bin/../lib/gcc/arm-none-eabi/4.4.1/../../../../arm-none-eabi/lib/thumb2/libm.a(lib_a-w_pow.o)
                              Sensors/bmp085.o (pow)
/home/laurence/CodeSourcery/Sourcery_G++_Lite/bin/../lib/gcc/arm-none-eabi/4.4.1/../../../../arm-none-eabi/lib/thumb2/libm.a(lib_a-w_sqrt.o)
                              Sensors/earth_field.o (sqrt)
/home/laurence/CodeSourcery/Sourcery_G++_Lite/bin/../lib/gcc/arm-none-eabi/4.4.1/../../../../arm-none-eabi/lib/thumb2/libm.a(lib_a-e_asin.o)
                              /home/laurence/CodeSourcery/Sourcery_G++_Lite/bin/../lib/gcc/arm-none-eabi/4.4.1/../../../../arm-none-eabi/lib/thumb2/libm.a(lib_a-w_asin.o) (__ieee754_asin)
/home/laurence/CodeSourcery/Sourcery_G++_Lite/bin/../lib/gcc/arm-none-eabi/4.4.1/../../../../arm-none-eabi/lib/thumb2/libm.a(lib_a-e_atan2.o)
                              /home/laurence/CodeSourcery/Sourcery_G++_Lite/bin/../lib/gcc/arm-none-eabi/4.4.1/../../../../arm-none-eabi/lib/thumb2/libm.a(lib_a-w_atan2.o) (__ieee754_atan2)
/home/laurence/CodeSourcery/Sourcery_G++_Lite/bin/../lib/gcc/arm-none-eabi/4.4.1/../../../../arm-none-eabi/lib/thumb2/libm.a(lib_a-e_pow.o)
                              /home/laurence/CodeSourcery/Sourcery_G++_Lite/bin/../lib/gcc/arm-none-eabi/4.4.1/../../../../arm-none-eabi/lib/thumb2/libm.a(lib_a-w_pow.o) (__ieee754_pow)
/home/laurence/CodeSourcery/Sourcery_G++_Lite/bin/../lib/gcc/arm-none-eabi/4.4.1/../../../../arm-none-eabi/lib/thumb2/libm.a(lib_a-e_rem_pio2.o)
                              /home/laurence/CodeSourcery/Sourcery_G++_Lite/bin/../lib/gcc/arm-none-eabi/4.4.1/../../../../arm-none-eabi/lib/thumb2/libm.a(lib_a-s_cos.o) (__ieee754_rem_pio2)
/home/laurence/CodeSourcery/Sourcery_G++_Lite/bin/../lib/gcc/arm-none-eabi/4.4.1/../../../../arm-none-eabi/lib/thumb2/libm.a(lib_a-e_sqrt.o)
                              /home/laurence/CodeSourcery/Sourcery_G++_Lite/bin/../lib/gcc/arm-none-eabi/4.4.1/../../../../arm-none-eabi/lib/thumb2/libm.a(lib_a-w_sqrt.o) (__ieee754_sqrt)
/home/laurence/CodeSourcery/Sourcery_G++_Lite/bin/../lib/gcc/arm-none-eabi/4.4.1/../../../../arm-none-eabi/lib/thumb2/libm.a(lib_a-k_cos.o)
                              /home/laurence/CodeSourcery/Sourcery_G++_Lite/bin/../lib/gcc/arm-none-eabi/4.4.1/../../../../arm-none-eabi/lib/thumb2/libm.a(lib_a-s_cos.o) (__kernel_cos)
/home/laurence/CodeSourcery/Sourcery_G++_Lite/bin/../lib/gcc/arm-none-eabi/4.4.1/../../../../arm-none-eabi/lib/thumb2/libm.a(lib_a-k_rem_pio2.o)
[...]
Memory Configuration

Name             Origin             Length             Attributes
ram              0x20000000         0x00005000         xrw
rom              0x08000000         0x00020000         xr
*default*        0x00000000         0xffffffff

Linker script and memory map

LOAD /home/laurence/CodeSourcery/Sourcery_G++_Lite/bin/../lib/gcc/arm-none-eabi/4.4.1/thumb2/crti.o
LOAD /home/laurence/CodeSourcery/Sourcery_G++_Lite/bin/../lib/gcc/arm-none-eabi/4.4.1/thumb2/crtbegin.o
LOAD Sensors/bmp085.o
LOAD Sensors/earth_field.o
LOAD Sensors/pitot.o
LOAD Sensors/ubx.o
LOAD Util/Fatfs/fattime.o
LOAD Util/Fatfs/ff.o
LOAD Util/Fatfs/rtc.o
LOAD Util/Fatfs/sd_spi_stm32.o
LOAD Util/Mavlink_expt.o
LOAD Util/atmospherics.o
LOAD Util/coords.o
LOAD Util/delay.o
LOAD Util/rprintf.o
LOAD Util/time.o
LOAD dma.o
LOAD gpio.o
LOAD i2c.o
LOAD interrupts.o
LOAD lib/CMSIS_CM3/core_cm3.o
LOAD lib/CMSIS_CM3/startup/gcc/startup_stm32f10x_md.o
LOAD lib/CMSIS_CM3/system_stm32f10x.o
LOAD main.o
LOAD pwm.o
LOAD usart.o
LOAD Control/ekf.o
LOAD Control/imu.o
LOAD Control/loops.o
LOAD Control/sensorcal.o
LOAD Control/servos.o
LOAD lib/STM32F10x_StdPeriph_Driver/libstm32fw.a
LOAD lib/STM32_USB-FS-Device_Driver/libstm32usb.a
LOAD /home/laurence/CodeSourcery/Sourcery_G++_Lite/bin/../lib/gcc/arm-none-eabi/4.4.1/../../../../arm-none-eabi/lib/thumb2/libm.a
START GROUP
LOAD /home/laurence/CodeSourcery/Sourcery_G++_Lite/bin/../lib/gcc/arm-none-eabi/4.4.1/thumb2/libgcc.a
LOAD /home/laurence/CodeSourcery/Sourcery_G++_Lite/bin/../lib/gcc/arm-none-eabi/4.4.1/../../../../arm-none-eabi/lib/thumb2/libc.a
END GROUP
LOAD /home/laurence/CodeSourcery/Sourcery_G++_Lite/bin/../lib/gcc/arm-none-eabi/4.4.1/thumb2/crtend.o
LOAD /home/laurence/CodeSourcery/Sourcery_G++_Lite/bin/../lib/gcc/arm-none-eabi/4.4.1/thumb2/crtn.o
START GROUP
LOAD /home/laurence/CodeSourcery/Sourcery_G++_Lite/bin/../lib/gcc/arm-none-eabi/4.4.1/thumb2/libgcc.a
LOAD /home/laurence/CodeSourcery/Sourcery_G++_Lite/bin/../lib/gcc/arm-none-eabi/4.4.1/../../../../arm-none-eabi/lib/thumb2/libc.a
LOAD /home/laurence/CodeSourcery/Sourcery_G++_Lite/bin/../lib/gcc/arm-none-eabi/4.4.1/../../../../arm-none-eabi/lib/thumb2/libcs3.a
LOAD /home/laurence/CodeSourcery/Sourcery_G++_Lite/bin/../lib/gcc/arm-none-eabi/4.4.1/../../../../arm-none-eabi/lib/thumb2/libcs3unhosted.a
LOAD lib/libcs3-lanchon-stm32.a
END GROUP
                0x20005000                PROVIDE (__cs3_stack, (__cs3_region_start_ram + __cs3_region_size_ram))
                0x20001748                PROVIDE (__cs3_heap_start, _end)
                0x20005000                PROVIDE (__cs3_heap_end, (__cs3_region_start_ram + __cs3_region_size_ram))

.text           0x08000000    0x17a90
 CREATE_OBJECT_SYMBOLS
                0x08000000                __cs3_region_start_rom = .
 *(.cs3.region-head.rom)
                0x08000000                __cs3_interrupt_vector = __cs3_interrupt_vector_lanchon_stm32
 *(.cs3.interrupt_vector)
 .cs3.interrupt_vector
                0x08000000       0xec lib/libcs3-lanchon-stm32.a(lanchon-stm32-vector.o)
                0x08000000                __cs3_interrupt_vector_lanchon_stm32
                0x08000001                ASSERT ((. != __cs3_interrupt_vector_lanchon_stm32), No interrupt vector)
 *(.rom)
 *(.rom.b)
                0x080168e0                PROVIDE (__cs3_reset_lanchon_stm32, _start)
                0x080168e0                __cs3_reset = __cs3_reset_lanchon_stm32
 *(.cs3.reset)
 *(.text .text.* .gnu.linkonce.t.*)
 .text          0x080000ec       0x30 /home/laurence/CodeSourcery/Sourcery_G++_Lite/bin/../lib/gcc/arm-none-eabi/4.4.1/thumb2/crtbegin.o
 *fill*         0x0800011c        0x4 00
 .text          0x08000120      0x230 Sensors/bmp085.o
                0x08000120                Bmp085_Convert
                0x080001d8                Baro_Convert_Pressure
                0x08000228                Baro_Setup_Temperature
                0x08000248                Baro_Setup_Pressure
                0x08000268                Baro_Read_Full_ADC
                0x08000292                bmp085ReadShort
                0x080002ae                Baro_Read_ADC
                0x080002b4                Bmp085_ReadConfig
 .text          0x08000350     0x1920 Sensors/earth_field.o
                0x08000350                WMM_CalculateSecularVariation
                0x08000458                WMM_get_secular_var_coeff_g
                0x08000470                WMM_get_main_field_coeff_g
                0x0800050c                WMM_get_secular_var_coeff_h
                0x08000524                WMM_get_main_field_coeff_h
                0x080005b8                WMM_DateToYear
                0x080005f4                WMM_RotateMagneticVector
                0x080006b0                WMM_ComputeSphericalHarmonicVariables
                0x08000784                WMM_GeodeticToSpherical
                0x080008e8                WMM_SecVarSummationSpecial
                0x08000a84                WMM_SecVarSummation
                0x08000c84                WMM_SummationSpecial
                0x08000e24                WMM_Summation
                0x08001024                WMM_PcupLow
                0x08001370                WMM_PcupHigh
                0x08001816                WMM_AssociatedLegendreFunction
                0x080018a4                WMM_CalculateGeoMagneticElements
                0x08001968                WMM_Geomag
                0x08001a60                WMM_Initialize
                0x08001ad8                WMM_GetMagVector
 .text          0x08001c70       0xc4 Sensors/pitot.o
                0x08001c70                Pitot_Conv
                0x08001c86                Pitot_convert_Airspeed
                0x08001cdc                Pitot_Read_Conv
                0x08001d04                Pitot_Set_Temp_Conv
                0x08001d1c                Pitot_Set_Press_Conv
 .text          0x08001d34      0x33c Sensors/ubx.o
                0x08001d34                Gps_Process_Byte
                0x08001eb4                Get_UBX_Ack
                0x08001f64                Config_Gps
 .text          0x08002070       0x42 Util/Fatfs/fattime.o
                0x08002070                get_fattime
 *fill*         0x080020b2        0x2 00
 .text          0x080020b4     0x1a54 Util/Fatfs/ff.o
                0x080020da                clust2sect
                0x0800218a                f_mount
                0x080025c8                put_fat
                0x080026c6                get_fat
                0x08002916                f_truncate
                0x08002b7c                f_readdir
                0x08002bca                f_getfree
                0x08002caa                f_lseek
                0x08002dfc                f_write
                0x08002fae                f_read
                0x080031d8                f_sync
                0x0800328e                f_close
                0x0800349c                f_stat
                0x080034de                f_opendir
                0x0800354c                f_rename
                0x08003672                f_utime
                0x080036d4                f_chmod
                0x08003730                f_unlink
                0x080037f8                f_mkdir
                0x080039aa                f_open
 .text          0x08003b08      0x2e4 Util/Fatfs/rtc.o
                0x08003be4                my_RTC_SetCounter
                0x08003c06                rtc_settime
                0x08003cd8                rtc_init
                0x08003d72                rtc_gettime
 .text          0x08003dec      0x7cc Util/Fatfs/sd_spi_stm32.o
                0x08003e14                disk_status
                0x08003e24                disk_timerproc
                0x080040a4                disk_initialize
                0x08004228                disk_ioctl
                0x0800442c                disk_read
                0x0800450c                disk_write
 .text          0x080045b8       0xd8 Util/atmospherics.o
                0x080045b8                US_1976_Temperature
                0x0800464c                Air_Density
 .text          0x08004690      0x630 Util/coords.o
                0x08004690                CrossProduct
                0x080046ee                quat_inverse
                0x0800470a                quat_copy
                0x08004720                quat_mult
                0x0800482a                rot_mult
                0x080048ca                VectorMagnitude
                0x0800490c                RotFrom2Vectors
                0x08004ad8                R2Quaternion
 .text          0x08004cc0       0x16 Util/delay.o
                0x08004cc0                Delay
 *fill*         0x08004cd6        0x2 00
 .text          0x08004cd8      0x57c Util/rprintf.o
                0x08004cd8                rprintfInit
                0x08004ce4                rprintfChar
                0x08004d04                rprintfStr
                0x08004d1c                rprintfStrLen
                0x08004d52                rprintfCRLF
                0x08004d56                rprintfu04
                0x08004d60                rprintfu08
                0x08004d72                rprintfu16
                0x08004d84                rprintfu32
                0x08004d96                rprintfNum
                0x08004e4c                rprintfFloat
                0x08004f04                Isdigit
                0x08004f12                atoiRamRom
                0x08004f38                rStrLen
                0x08004f48                rprintf2RamRom
 .text          0x08005254       0x20 Util/time.o
                0x08005254                Set_RTC_From_GPS
 .text          0x08005274      0x148 dma.o
                0x08005274                Pop_From_Buffer
                0x08005290                Bytes_In_Buffer
                0x080052b6                Get_From_Buffer
                0x080052ea                Flush_Buffer
                0x08005300                DMA_USART1_Configuration
                0x08005374                DMA_Configuration
 .text          0x080053bc      0x1e0 gpio.o
                0x080053bc                Get_MEMS_DRDY
                0x080053e4                MEMS_Status_Configuration
                0x08005420                Aux_Devices_Configuration
                0x0800547c                SPI_Control_Configuration
                0x080054e4                GPS_IO_Configuration
                0x08005530                GPIO_Config_AF_Periferals
                0x08005584                All_IO_Configuration
 .text          0x0800559c      0x464 i2c.o
                0x0800559c                Flipbytes
                0x080055a6                I2C_Conf
                0x08005674                Gyr_Init
                0x080056ac                Acc_Init
                0x080056c8                Mag_Init
                0x080056e4                I2C_Read
                0x0800594c                Gyr_Stat
                0x08005966                Gyr_Read
                0x0800598c                Mag_Read
                0x080059b2                I2C_Config
 .text          0x08005a00       0x84 interrupts.o
                0x08005a00                NMI_Handler
                0x08005a02                HardFault_Handler
                0x08005a04                MemManage_Handler
                0x08005a06                BusFault_Handler
                0x08005a08                UsageFault_Handler
                0x08005a0a                SVC_Handler
                0x08005a0c                DebugMon_Handler
                0x08005a0e                PendSV_Handler
                0x08005a10                SysTick_Handler
                0x08005a12                EXTI9_5_IRQHandler
                0x08005a2c                EXTI6_Config
 .text.Default_Handler
                0x08005a84        0x2 lib/CMSIS_CM3/startup/gcc/startup_stm32f10x_md.o
                0x08005a84                EXTI2_IRQHandler
                0x08005a84                TIM1_CC_IRQHandler
                0x08005a84                PVD_IRQHandler
                0x08005a84                EXTI3_IRQHandler
                0x08005a84                EXTI0_IRQHandler
                0x08005a84                I2C2_EV_IRQHandler
                0x08005a84                ADC1_2_IRQHandler
                0x08005a84                SPI1_IRQHandler
                0x08005a84                TAMPER_IRQHandler
                0x08005a84                DMA1_Channel4_IRQHandler
                0x08005a84                USART3_IRQHandler
                0x08005a84                RTC_IRQHandler
                0x08005a84                DMA1_Channel7_IRQHandler
                0x08005a84                CAN1_RX1_IRQHandler
                0x08005a84                TIM4_IRQHandler
                0x08005a84                I2C1_EV_IRQHandler
                0x08005a84                DMA1_Channel6_IRQHandler
                0x08005a84                TIM3_IRQHandler
                0x08005a84                RCC_IRQHandler
                0x08005a84                TIM1_TRG_COM_IRQHandler
                0x08005a84                DMA1_Channel1_IRQHandler
                0x08005a84                Default_Handler
                0x08005a84                EXTI15_10_IRQHandler
                0x08005a84                SPI2_IRQHandler
                0x08005a84                DMA1_Channel5_IRQHandler
                0x08005a84                EXTI4_IRQHandler
                0x08005a84                USB_LP_CAN1_RX0_IRQHandler
                0x08005a84                USB_HP_CAN1_TX_IRQHandler
                0x08005a84                DMA1_Channel3_IRQHandler
                0x08005a84                TIM1_UP_IRQHandler
                0x08005a84                WWDG_IRQHandler
                0x08005a84                TIM2_IRQHandler
                0x08005a84                TIM1_BRK_IRQHandler
                0x08005a84                EXTI1_IRQHandler
                0x08005a84                RTCAlarm_IRQHandler
                0x08005a84                USART2_IRQHandler
                0x08005a84                I2C2_ER_IRQHandler
                0x08005a84                DMA1_Channel2_IRQHandler
                0x08005a84                CAN1_SCE_IRQHandler
                0x08005a84                FLASH_IRQHandler
                0x08005a84                USART1_IRQHandler
                0x08005a84                I2C1_ER_IRQHandler
                0x08005a84                USBWakeUp_IRQHandler
 *fill*         0x08005a86        0x2 00
 .text          0x08005a88       0xf8 lib/CMSIS_CM3/system_stm32f10x.o
                0x08005a88                SystemInit
 .text          0x08005b80      0x7a0 main.o
                0x08005b80                Initialisation
                0x0800620c                main
 .text          0x08006320      0x1e0 pwm.o
                0x08006320                PWM_Set
                0x080063a0                Timer_GPIO_Disable
                0x080063dc                Timer_GPIO_Enable
                0x08006418                Timer_RCC_Configuration
                0x08006430                Init_Timers
 .text          0x08006500      0x17c usart.o
                0x08006500                Default_Usart_Config
                0x08006512                usart1_send_data_dma
                0x08006514                __gps_send_char
                0x08006530                Gps_Send_Str
                0x08006548                Gps_Send_Utf8
                0x08006562                __usart_send_char
                0x08006580                Usart_Send_Str
                0x08006598                USART2_reconf
                0x080065dc                Usarts_Init
 *fill*         0x0800667c        0x4 00
 .text          0x08006680     0x88a8 Control/ekf.o
                0x08006680                ins_get_num_states
                0x08006684                INSGPSInit
                0x080067b0                INSResetP
                0x080067f8                INSResetRGPS
                0x08006824                INSSetState
                0x08006888                INSPosVelReset
                0x08006910                INSSetPosVelVar
                0x0800692c                INSSetGyroBias
                0x08006948                INSSetAccelVar
                0x08006964                INSSetGyroVar
                0x08006980                INSSetMagVar
                0x0800699c                INSSetMagNorth
                0x080069b4                CovariancePrediction
                0x0800dcfe                INSCovariancePrediction
                0x0800dd24                SerialUpdate
                0x0800de7c                StateEq
                0x0800e170                RungeKutta
                0x0800e298                LinearizeFG
                0x0800e70c                MeasurementEq
                0x0800e8ca                LinearizeH
                0x0800eb94                INSCorrection
                0x0800ed44                VelBaroCorrection
                0x0800ed60                GpsMagCorrection
                0x0800ed78                FullCorrection
                0x0800ed86                GpsBaroCorrection
                0x0800eda4                MagVelBaroCorrection
                0x0800edc0                MagCorrection
                0x0800ede0                INSStatePrediction
 .text          0x0800ef28      0x940 Control/imu.o
                0x0800ef28                run_imu
 .text          0x0800f868       0x64 Control/loops.o
                0x0800f868                Run_PID
                0x0800f8c4                Reset_PID
 .text          0x0800f8cc       0xc8 Control/sensorcal.o
                0x0800f8cc                Calibrate_3
 .text          0x0800f994       0x64 Control/servos.o
                0x0800f994                Disable_Servos
                0x0800f998                Enable_Servos
                0x0800f99c                Apply_Servos
 .text          0x0800f9f8       0xc0 lib/STM32F10x_StdPeriph_Driver/libstm32fw.a(misc.o)
                0x0800f9f8                NVIC_PriorityGroupConfig
                0x0800fa0c                NVIC_Init
                0x0800fa70                NVIC_SetVectorTable
                0x0800fa84                NVIC_SystemLPConfig
                0x0800faa0                SysTick_CLKSourceConfig
 .text          0x0800fab8       0xe4 lib/STM32F10x_StdPeriph_Driver/libstm32fw.a(stm32f10x_bkp.o)
                0x0800fab8                BKP_TamperPinLevelConfig
                0x0800fac4                BKP_TamperPinCmd
                0x0800fad0                BKP_ITConfig
                0x0800fadc                BKP_RTCOutputConfig
                0x0800faf4                BKP_SetRTCCalibrationValue
                0x0800fb0c                BKP_WriteBackupRegister
                0x0800fb28                BKP_ReadBackupRegister
                0x0800fb48                BKP_GetFlagStatus
                0x0800fb54                BKP_ClearFlag
                0x0800fb68                BKP_GetITStatus
                0x0800fb74                BKP_ClearITPendingBit
                0x0800fb88                BKP_DeInit
 .text          0x0800fb9c      0x1d4 lib/STM32F10x_StdPeriph_Driver/libstm32fw.a(stm32f10x_dma.o)
                0x0800fb9c                DMA_DeInit
                0x0800fc7c                DMA_Init
                0x0800fcbc                DMA_StructInit
                0x0800fcd6                DMA_Cmd
                0x0800fcea                DMA_ITConfig
                0x0800fcfc                DMA_GetCurrDataCounter
                0x0800fd02                DMA_GetFlagStatus
                0x0800fd20                DMA_ClearFlag
                0x0800fd38                DMA_GetITStatus
                0x0800fd58                DMA_ClearITPendingBit
 .text          0x0800fd70      0x104 lib/STM32F10x_StdPeriph_Driver/libstm32fw.a(stm32f10x_exti.o)
                0x0800fd70                EXTI_DeInit
                0x0800fd8c                EXTI_Init
                0x0800fe0c                EXTI_StructInit
                0x0800fe1a                EXTI_GenerateSWInterrupt
                0x0800fe2c                EXTI_GetFlagStatus
                0x0800fe40                EXTI_ClearFlag
                0x0800fe4c                EXTI_GetITStatus
                0x0800fe68                EXTI_ClearITPendingBit
 .text          0x0800fe74      0x29c lib/STM32F10x_StdPeriph_Driver/libstm32fw.a(stm32f10x_gpio.o)
                0x0800fe74                GPIO_Init
                0x0800ff2c                GPIO_StructInit
                0x0800ff3c                GPIO_ReadInputDataBit
                0x0800ff48                GPIO_ReadInputData
                0x0800ff4e                GPIO_ReadOutputDataBit
                0x0800ff5a                GPIO_ReadOutputData
                0x0800ff60                GPIO_SetBits
                0x0800ff64                GPIO_ResetBits
                0x0800ff68                GPIO_WriteBit
                0x0800ff72                GPIO_Write
                0x0800ff76                GPIO_PinLockConfig
                0x0800ff86                GPIO_EventOutputConfig
                0x0800ffa4                GPIO_EventOutputCmd
                0x0800ffb0                GPIO_PinRemapConfig
                0x08010010                GPIO_EXTILineConfig
                0x08010044                GPIO_ETH_MediaInterfaceConfig
                0x08010050                GPIO_AFIODeInit
                0x08010066                GPIO_DeInit
 .text          0x08010110      0x3cc lib/STM32F10x_StdPeriph_Driver/libstm32fw.a(stm32f10x_i2c.o)
                0x08010110                I2C_StructInit
                0x0801012c                I2C_Cmd
                0x08010146                I2C_DMACmd
                0x08010160                I2C_DMALastTransferCmd
                0x0801017a                I2C_GenerateSTART
                0x08010194                I2C_GenerateSTOP
                0x080101ae                I2C_AcknowledgeConfig
                0x080101c8                I2C_OwnAddress2Config
                0x080101de                I2C_DualAddressCmd
                0x080101f8                I2C_GeneralCallCmd
                0x08010212                I2C_ITConfig
                0x08010228                I2C_SendData
                0x0801022c                I2C_ReceiveData
                0x08010232                I2C_Send7bitAddress
                0x08010242                I2C_ReadRegister
                0x0801025a                I2C_SoftwareResetCmd
                0x08010274                I2C_SMBusAlertConfig
                0x08010290                I2C_TransmitPEC
                0x080102aa                I2C_PECPositionConfig
                0x080102c6                I2C_CalculatePEC
                0x080102e0                I2C_GetPEC
                0x080102e8                I2C_ARPCmd
                0x08010302                I2C_StretchClockCmd
                0x0801031c                I2C_FastModeDutyCycleConfig
                0x08010338                I2C_GetLastEvent
                0x08010348                I2C_CheckEvent
                0x08010360                I2C_GetFlagStatus
                0x08010394                I2C_ClearFlag
                0x0801039c                I2C_GetITStatus
                0x080103b8                I2C_ClearITPendingBit
                0x080103c0                I2C_Init
                0x080104a8                I2C_DeInit
 .text          0x080104dc       0xd0 lib/STM32F10x_StdPeriph_Driver/libstm32fw.a(stm32f10x_pwr.o)
                0x080104e0                PWR_BackupAccessCmd
                0x080104ec                PWR_PVDCmd
                0x080104f8                PWR_PVDLevelConfig
                0x0801050c                PWR_WakeUpPinCmd
                0x08010518                PWR_EnterSTOPMode
                0x08010544                PWR_EnterSTANDBYMode
                0x0801056c                PWR_GetFlagStatus
                0x08010580                PWR_ClearFlag
                0x08010590                PWR_DeInit
 .text          0x080105ac      0x384 lib/STM32F10x_StdPeriph_Driver/libstm32fw.a(stm32f10x_rcc.o)
                0x080105ac                RCC_DeInit
                0x080105ec                RCC_HSEConfig
                0x08010624                RCC_AdjustHSICalibrationValue
                0x08010638                RCC_HSICmd
                0x08010644                RCC_PLLConfig
                0x0801065c                RCC_PLLCmd
                0x08010668                RCC_SYSCLKConfig
                0x0801067c                RCC_GetSYSCLKSource
                0x0801068c                RCC_HCLKConfig
                0x080106a0                RCC_PCLK1Config
                0x080106b4                RCC_PCLK2Config
                0x080106c8                RCC_ITConfig
                0x080106e4                RCC_USBCLKConfig
                0x080106f0                RCC_ADCCLKConfig
                0x08010704                RCC_LSEConfig
                0x08010724                RCC_LSICmd
                0x08010730                RCC_RTCCLKConfig
                0x08010740                RCC_RTCCLKCmd
                0x0801074c                RCC_GetClocksFreq
                0x080107fc                RCC_AHBPeriphClockCmd
                0x08010818                RCC_APB2PeriphClockCmd
                0x08010834                RCC_APB1PeriphClockCmd
                0x08010850                RCC_APB2PeriphResetCmd
                0x0801086c                RCC_APB1PeriphResetCmd
                0x08010888                RCC_BackupResetCmd
                0x08010894                RCC_ClockSecuritySystemCmd
                0x080108a0                RCC_MCOConfig
                0x080108ac                RCC_GetFlagStatus
                0x080108d4                RCC_WaitForHSEStartUp
                0x08010900                RCC_ClearFlag
                0x08010910                RCC_GetITStatus
                0x08010924                RCC_ClearITPendingBit
 .text          0x08010930      0x15c lib/STM32F10x_StdPeriph_Driver/libstm32fw.a(stm32f10x_rtc.o)
                0x08010930                RTC_ITConfig
                0x08010950                RTC_EnterConfigMode
                0x08010964                RTC_ExitConfigMode
                0x08010978                RTC_GetCounter
                0x0801098c                RTC_SetCounter
                0x080109a8                RTC_SetPrescaler
                0x080109c8                RTC_SetAlarm
                0x080109e4                RTC_GetDivider
                0x080109fc                RTC_WaitForLastTask
                0x08010a0c                RTC_WaitForSynchro
                0x08010a2c                RTC_GetFlagStatus
                0x08010a40                RTC_ClearFlag
                0x08010a54                RTC_GetITStatus
                0x08010a78                RTC_ClearITPendingBit
 .text          0x08010a8c      0x2f8 lib/STM32F10x_StdPeriph_Driver/libstm32fw.a(stm32f10x_spi.o)
                0x08010a8c                SPI_Init
                0x08010ae6                SPI_StructInit
                0x08010b00                I2S_StructInit
                0x08010b14                SPI_Cmd
                0x08010b2e                I2S_Cmd
                0x08010b48                SPI_I2S_ITConfig
                0x08010b66                SPI_I2S_DMACmd
                0x08010b7c                SPI_I2S_SendData
                0x08010b80                SPI_I2S_ReceiveData
                0x08010b86                SPI_NSSInternalSoftwareConfig
                0x08010ba0                SPI_SSOutputCmd
                0x08010bba                SPI_DataSizeConfig
                0x08010bd2                SPI_TransmitCRC
                0x08010bde                SPI_CalculateCRC
                0x08010bf8                SPI_GetCRC
                0x08010c08                SPI_GetCRCPolynomial
                0x08010c0e                SPI_BiDirectionalLineConfig
                0x08010c2a                SPI_I2S_GetFlagStatus
                0x08010c36                SPI_I2S_ClearFlag
                0x08010c3e                SPI_I2S_GetITStatus
                0x08010c68                SPI_I2S_ClearITPendingBit
                0x08010c78                I2S_Init
                0x08010d22                SPI_I2S_DeInit
 .text          0x08010d84      0xb54 lib/STM32F10x_StdPeriph_Driver/libstm32fw.a(stm32f10x_tim.o)
                0x08010d84                TIM_TimeBaseInit
                0x08010dc4                TIM_OC1Init
                0x08010e58                TIM_OC2Init
                0x08010ef4                TIM_OC3Init
                0x08010f8c                TIM_OC4Init
                0x08011008                TIM_BDTRConfig
                0x0801102c                TIM_TimeBaseStructInit
                0x0801103e                TIM_OCStructInit
                0x08011052                TIM_ICStructInit
                0x08011064                TIM_BDTRStructInit
                0x08011076                TIM_Cmd
                0x08011090                TIM_CtrlPWMOutputs
                0x080110b0                TIM_ITConfig
                0x080110c6                TIM_GenerateEvent
                0x080110ca                TIM_DMAConfig
                0x080110d2                TIM_DMACmd
                0x080110e8                TIM_InternalClockConfig
                0x080110f6                TIM_ETRConfig
                0x08011114                TIM_ETRClockMode2Config
                0x08011128                TIM_ETRClockMode1Config
                0x08011142                TIM_PrescalerConfig
                0x08011148                TIM_CounterModeConfig
                0x0801115a                TIM_SelectInputTrigger
                0x0801116c                TIM_ITRxExternalClockConfig
                0x08011180                TIM_EncoderInterfaceConfig
                0x080111c8                TIM_ForcedOC1Config
                0x080111da                TIM_ForcedOC2Config
                0x080111ee                TIM_ForcedOC3Config
                0x08011200                TIM_ForcedOC4Config
                0x08011214                TIM_ARRPreloadConfig
                0x0801122e                TIM_SelectCOM
                0x08011248                TIM_SelectCCDMA
                0x08011262                TIM_CCPreloadControl
                0x0801127c                TIM_OC1PreloadConfig
                0x0801128e                TIM_OC2PreloadConfig
                0x080112a2                TIM_OC3PreloadConfig
                0x080112b4                TIM_OC4PreloadConfig
                0x080112c8                TIM_OC1FastConfig
                0x080112da                TIM_OC2FastConfig
                0x080112ee                TIM_OC3FastConfig
                0x08011300                TIM_OC4FastConfig
                0x08011314                TIM_ClearOC1Ref
                0x08011326                TIM_ClearOC2Ref
                0x08011336                TIM_ClearOC3Ref
                0x08011348                TIM_ClearOC4Ref
                0x08011358                TIM_OC1PolarityConfig
                0x0801136a                TIM_OC1NPolarityConfig
                0x0801137c                TIM_OC2PolarityConfig
                0x08011390                TIM_OC2NPolarityConfig
                0x080113a4                TIM_OC3PolarityConfig
                0x080113b8                TIM_OC3NPolarityConfig
                0x080113cc                TIM_OC4PolarityConfig
                0x080113e0                TIM_CCxCmd
                0x08011402                TIM_CCxNCmd
                0x08011424                TIM_SelectOCxM
                0x08011476                TIM_UpdateDisableConfig
                0x08011490                TIM_UpdateRequestConfig
                0x080114aa                TIM_SelectHallSensor
                0x080114c4                TIM_SelectOnePulseMode
                0x080114dc                TIM_SelectOutputTrigger
                0x080114f4                TIM_SelectSlaveMode
                0x0801150c                TIM_SelectMasterSlaveMode
                0x08011524                TIM_SetCounter
                0x08011528                TIM_SetAutoreload
                0x0801152c                TIM_SetCompare1
                0x08011530                TIM_SetCompare2
                0x08011534                TIM_SetCompare3
                0x08011538                TIM_SetCompare4
                0x0801153e                TIM_SetIC1Prescaler
                0x08011556                TIM_SetIC2Prescaler
                0x08011570                TIM_SetIC3Prescaler
                0x08011588                TIM_SetIC4Prescaler
                0x080115a2                TIM_SetClockDivision
                0x080115b4                TIM_GetCapture1
                0x080115ba                TIM_GetCapture2
                0x080115c0                TIM_GetCapture3
                0x080115c6                TIM_GetCapture4
                0x080115ce                TIM_GetCounter
                0x080115d4                TIM_GetPrescaler
                0x080115da                TIM_GetFlagStatus
                0x080115e6                TIM_ClearFlag
                0x080115ee                TIM_GetITStatus
                0x08011604                TIM_ClearITPendingBit
                0x080116a4                TIM_TIxExternalClockConfig
                0x080116d2                TIM_PWMIConfig
                0x0801173e                TIM_ICInit
                0x0801180e                TIM_DeInit
 .text          0x080118d8      0x384 lib/STM32F10x_StdPeriph_Driver/libstm32fw.a(stm32f10x_usart.o)
                0x080118d8                USART_StructInit
                0x080118f0                USART_ClockInit
                0x0801191a                USART_ClockStructInit
                0x08011926                USART_Cmd
                0x08011940                USART_ITConfig
                0x08011976                USART_DMACmd
                0x0801198c                USART_SetAddress
                0x080119a4                USART_WakeUpConfig
                0x080119bc                USART_ReceiverWakeUpCmd
                0x080119d6                USART_LINBreakDetectLengthConfig
                0x080119ee                USART_LINCmd
                0x08011a08                USART_SendData
                0x08011a10                USART_ReceiveData
                0x08011a18                USART_SendBreak
                0x08011a24                USART_SetGuardTime
                0x08011a36                USART_SetPrescaler
                0x08011a4a                USART_SmartCardCmd
                0x08011a64                USART_SmartCardNACKCmd
                0x08011a7e                USART_HalfDuplexCmd
                0x08011a98                USART_IrDAConfig
                0x08011ab0                USART_IrDACmd
                0x08011aca                USART_GetFlagStatus
                0x08011ad6                USART_ClearFlag
                0x08011ade                USART_GetITStatus
                0x08011b24                USART_ClearITPendingBit
                0x08011b32                USART_Init
                0x08011bc4                USART_DeInit
 .text          0x08011c5c       0x98 /home/laurence/CodeSourcery/Sourcery_G++_Lite/bin/../lib/gcc/arm-none-eabi/4.4.1/../../../../arm-none-eabi/lib/thumb2/libm.a(lib_a-s_cos.o)
                0x08011c5c                cos
 .text          0x08011cf4       0xa0 /home/laurence/CodeSourcery/Sourcery_G++_Lite/bin/../lib/gcc/arm-none-eabi/4.4.1/../../../../arm-none-eabi/lib/thumb2/libm.a(lib_a-s_sin.o)
                0x08011cf4                sin
 .text          0x08011d94       0xac /home/laurence/CodeSourcery/Sourcery_G++_Lite/bin/../lib/gcc/arm-none-eabi/4.4.1/../../../../arm-none-eabi/lib/thumb2/libm.a(lib_a-w_asin.o)
                0x08011d94                asin
 .text          0x08011e40        0x4 /home/laurence/CodeSourcery/Sourcery_G++_Lite/bin/../lib/gcc/arm-none-eabi/4.4.1/../../../../arm-none-eabi/lib/thumb2/libm.a(lib_a-w_atan2.o)
                0x08011e40                atan2
 .text          0x08011e44      0x358 /home/laurence/CodeSourcery/Sourcery_G++_Lite/bin/../lib/gcc/arm-none-eabi/4.4.1/../../../../arm-none-eabi/lib/thumb2/libm.a(lib_a-w_pow.o)
                0x08011e44                pow
 .text          0x0801219c       0xac /home/laurence/CodeSourcery/Sourcery_G++_Lite/bin/../lib/gcc/arm-none-eabi/4.4.1/../../../../arm-none-eabi/lib/thumb2/libm.a(lib_a-w_sqrt.o)
                0x0801219c                sqrt
 .text          0x08012248      0x420 /home/laurence/CodeSourcery/Sourcery_G++_Lite/bin/../lib/gcc/arm-none-eabi/4.4.1/../../../../arm-none-eabi/lib/thumb2/libm.a(lib_a-e_asin.o)
                0x08012248                __ieee754_asin
 .text          0x08012668      0x220 /home/laurence/CodeSourcery/Sourcery_G++_Lite/bin/../lib/gcc/arm-none-eabi/4.4.1/../../../../arm-none-eabi/lib/thumb2/libm.a(lib_a-e_atan2.o)
                0x08012668                __ieee754_atan2
 .text          0x08012888      0xb60 /home/laurence/CodeSourcery/Sourcery_G++_Lite/bin/../lib/gcc/arm-none-eabi/4.4.1/../../../../arm-none-eabi/lib/thumb2/libm.a(lib_a-e_pow.o)
                0x08012888                __ieee754_pow
 .text          0x080133e8      0x418 /home/laurence/CodeSourcery/Sourcery_G++_Lite/bin/../lib/gcc/arm-none-eabi/4.4.1/../../../../arm-none-eabi/lib/thumb2/libm.a(lib_a-e_rem_pio2.o)
                0x080133e8                __ieee754_rem_pio2
 .text          0x08013800      0x1dc /home/laurence/CodeSourcery/Sourcery_G++_Lite/bin/../lib/gcc/arm-none-eabi/4.4.1/../../../../arm-none-eabi/lib/thumb2/libm.a(lib_a-e_sqrt.o)
                0x08013800                __ieee754_sqrt
 *fill*         0x080139dc        0x4 00
 .text          0x080139e0      0x250 /home/laurence/CodeSourcery/Sourcery_G++_Lite/bin/../lib/gcc/arm-none-eabi/4.4.1/../../../../arm-none-eabi/lib/thumb2/libm.a(lib_a-k_cos.o)
                0x080139e0                __kernel_cos
 .text          0x08013c30      0x7b4 /home/laurence/CodeSourcery/Sourcery_G++_Lite/bin/../lib/gcc/arm-none-eabi/4.4.1/../../../../arm-none-eabi/lib/thumb2/libm.a(lib_a-k_rem_pio2.o)
                0x08013c30                __kernel_rem_pio2
 *fill*         0x080143e4        0x4 00
 .text          0x080143e8      0x170 /home/laurence/CodeSourcery/Sourcery_G++_Lite/bin/../lib/gcc/arm-none-eabi/4.4.1/../../../../arm-none-eabi/lib/thumb2/libm.a(lib_a-k_sin.o)
                0x080143e8                __kernel_sin
 .text          0x08014558      0x348 /home/laurence/CodeSourcery/Sourcery_G++_Lite/bin/../lib/gcc/arm-none-eabi/4.4.1/../../../../arm-none-eabi/lib/thumb2/libm.a(lib_a-s_atan.o)
                0x08014558                atan
 .text          0x080148a0        0x8 /home/laurence/CodeSourcery/Sourcery_G++_Lite/bin/../lib/gcc/arm-none-eabi/4.4.1/../../../../arm-none-eabi/lib/thumb2/libm.a(lib_a-s_fabs.o)
                0x080148a0                fabs
 .text          0x080148a8       0x10 /home/laurence/CodeSourcery/Sourcery_G++_Lite/bin/../lib/gcc/arm-none-eabi/4.4.1/../../../../arm-none-eabi/lib/thumb2/libm.a(lib_a-s_finite.o)
                0x080148a8                finite
 .text          0x080148b8      0x128 /home/laurence/CodeSourcery/Sourcery_G++_Lite/bin/../lib/gcc/arm-none-eabi/4.4.1/../../../../arm-none-eabi/lib/thumb2/libm.a(lib_a-s_floor.o)
                0x080148b8                floor
 .text          0x080149e0       0x1c /home/laurence/CodeSourcery/Sourcery_G++_Lite/bin/../lib/gcc/arm-none-eabi/4.4.1/../../../../arm-none-eabi/lib/thumb2/libm.a(lib_a-s_isnand.o)
                0x080149e0                __isnand
 .text          0x080149fc        0x4 /home/laurence/CodeSourcery/Sourcery_G++_Lite/bin/../lib/gcc/arm-none-eabi/4.4.1/../../../../arm-none-eabi/lib/thumb2/libm.a(lib_a-s_matherr.o)
                0x080149fc                matherr
 .text          0x08014a00        0xc /home/laurence/CodeSourcery/Sourcery_G++_Lite/bin/../lib/gcc/arm-none-eabi/4.4.1/../../../../arm-none-eabi/lib/thumb2/libm.a(lib_a-s_nan.o)
                0x08014a00                nan
 .text          0x08014a0c      0x134 /home/laurence/CodeSourcery/Sourcery_G++_Lite/bin/../lib/gcc/arm-none-eabi/4.4.1/../../../../arm-none-eabi/lib/thumb2/libm.a(lib_a-s_rint.o)
                0x08014a0c                rint
 .text          0x08014b40      0x118 /home/laurence/CodeSourcery/Sourcery_G++_Lite/bin/../lib/gcc/arm-none-eabi/4.4.1/../../../../arm-none-eabi/lib/thumb2/libm.a(lib_a-s_scalbn.o)
                0x08014b40                scalbn
 .text          0x08014c58       0x18 /home/laurence/CodeSourcery/Sourcery_G++_Lite/bin/../lib/gcc/arm-none-eabi/4.4.1/../../../../arm-none-eabi/lib/thumb2/libm.a(lib_a-s_copysign.o)
                0x08014c58                copysign
 .text          0x08014c70      0x2b0 /home/laurence/CodeSourcery/Sourcery_G++_Lite/bin/../lib/gcc/arm-none-eabi/4.4.1/thumb2/libgcc.a(_divsi3.o)
                0x08014c70                __aeabi_idiv
                0x08014c70                __divsi3
                0x08014f04                __aeabi_idivmod
 .text          0x08014f20        0x4 /home/laurence/CodeSourcery/Sourcery_G++_Lite/bin/../lib/gcc/arm-none-eabi/4.4.1/thumb2/libgcc.a(_dvmd_tls.o)
                0x08014f20                __aeabi_ldiv0
                0x08014f20                __aeabi_idiv0
 .text          0x08014f24      0x370 /home/laurence/CodeSourcery/Sourcery_G++_Lite/bin/../lib/gcc/arm-none-eabi/4.4.1/thumb2/libgcc.a(_arm_addsubdf3.o)
                0x08014f24                __aeabi_drsub
                0x08014f2c                __aeabi_dsub
                0x08014f2c                __subdf3
                0x08014f30                __adddf3
                0x08014f30                __aeabi_dadd
                0x080151a8                __aeabi_ui2d
                0x080151a8                __floatunsidf
                0x080151c8                __floatsidf
                0x080151c8                __aeabi_i2d
                0x080151ec                __extendsfdf2
                0x080151ec                __aeabi_f2d
                0x08015228                __aeabi_ul2d
                0x08015228                __floatundidf
                0x08015238                __floatdidf
                0x08015238                __aeabi_l2d
 .text          0x08015294      0x424 /home/laurence/CodeSourcery/Sourcery_G++_Lite/bin/../lib/gcc/arm-none-eabi/4.4.1/thumb2/libgcc.a(_arm_muldivdf3.o)
                0x08015294                __aeabi_dmul
                0x08015294                __muldf3
                0x080154e8                __aeabi_ddiv
                0x080154e8                __divdf3
 .text          0x080156b8      0x110 /home/laurence/CodeSourcery/Sourcery_G++_Lite/bin/../lib/gcc/arm-none-eabi/4.4.1/thumb2/libgcc.a(_arm_cmpdf2.o)
                0x080156b8                __gtdf2
                0x080156b8                __gedf2
                0x080156c0                __ltdf2
                0x080156c0                __ledf2
                0x080156c8                __cmpdf2
                0x080156c8                __eqdf2
                0x080156c8                __nedf2
                0x08015744                __aeabi_cdrcmple
                0x08015754                __aeabi_cdcmple
                0x08015754                __aeabi_cdcmpeq
                0x08015764                __aeabi_dcmpeq
                0x08015778                __aeabi_dcmplt
                0x0801578c                __aeabi_dcmple
                0x080157a0                __aeabi_dcmpge
                0x080157b4                __aeabi_dcmpgt
 .text          0x080157c8       0x50 /home/laurence/CodeSourcery/Sourcery_G++_Lite/bin/../lib/gcc/arm-none-eabi/4.4.1/thumb2/libgcc.a(_arm_fixdfsi.o)
                0x080157c8                __fixdfsi
                0x080157c8                __aeabi_d2iz
 .text          0x08015818       0xa0 /home/laurence/CodeSourcery/Sourcery_G++_Lite/bin/../lib/gcc/arm-none-eabi/4.4.1/thumb2/libgcc.a(_arm_truncdfsf2.o)
                0x08015818                __aeabi_d2f
                0x08015818                __truncdfsf2
 .text          0x080158b8      0x21c /home/laurence/CodeSourcery/Sourcery_G++_Lite/bin/../lib/gcc/arm-none-eabi/4.4.1/thumb2/libgcc.a(_arm_addsubsf3.o)
                0x080158b8                __aeabi_frsub
                0x080158c0                __subsf3
                0x080158c0                __aeabi_fsub
                0x080158c4                __aeabi_fadd
                0x080158c4                __addsf3
                0x08015a24                __aeabi_ui2f
                0x08015a24                __floatunsisf
                0x08015a2c                __aeabi_i2f
                0x08015a2c                __floatsisf
                0x08015a48                __floatundisf
                0x08015a48                __aeabi_ul2f
                0x08015a58                __floatdisf
                0x08015a58                __aeabi_l2f
 .text          0x08015ad4      0x2a0 /home/laurence/CodeSourcery/Sourcery_G++_Lite/bin/../lib/gcc/arm-none-eabi/4.4.1/thumb2/libgcc.a(_arm_muldivsf3.o)
                0x08015ad4                __mulsf3
                0x08015ad4                __aeabi_fmul
                0x08015c3c                __divsf3
                0x08015c3c                __aeabi_fdiv
 .text          0x08015d74       0xec /home/laurence/CodeSourcery/Sourcery_G++_Lite/bin/../lib/gcc/arm-none-eabi/4.4.1/thumb2/libgcc.a(_arm_cmpsf2.o)
                0x08015d74                __gtsf2
                0x08015d74                __gesf2
                0x08015d7c                __lesf2
                0x08015d7c                __ltsf2
                0x08015d84                __nesf2
                0x08015d84                __eqsf2
                0x08015d84                __cmpsf2
                0x08015de4                __aeabi_cfrcmple
                0x08015dec                __aeabi_cfcmple
                0x08015dec                __aeabi_cfcmpeq
                0x08015dfc                __aeabi_fcmpeq
                0x08015e10                __aeabi_fcmplt
                0x08015e24                __aeabi_fcmple
                0x08015e38                __aeabi_fcmpge
                0x08015e4c                __aeabi_fcmpgt
 .text          0x08015e60       0x4c /home/laurence/CodeSourcery/Sourcery_G++_Lite/bin/../lib/gcc/arm-none-eabi/4.4.1/thumb2/libgcc.a(_arm_fixsfsi.o)
                0x08015e60                __fixsfsi
                0x08015e60                __aeabi_f2iz
 .text          0x08015eac       0x40 /home/laurence/CodeSourcery/Sourcery_G++_Lite/bin/../lib/gcc/arm-none-eabi/4.4.1/thumb2/libgcc.a(_arm_fixunssfsi.o)
                0x08015eac                __aeabi_f2uiz
                0x08015eac                __fixunssfsi
 .text          0x08015eec        0xc /home/laurence/CodeSourcery/Sourcery_G++_Lite/bin/../lib/gcc/arm-none-eabi/4.4.1/../../../../arm-none-eabi/lib/thumb2/libc.a(lib_a-errno.o)
                0x08015eec                __errno
 .text          0x08015ef8       0x20 /home/laurence/CodeSourcery/Sourcery_G++_Lite/bin/../lib/gcc/arm-none-eabi/4.4.1/../../../../arm-none-eabi/lib/thumb2/libc.a(lib_a-malloc.o)
                0x08015ef8                free
                0x08015f08                malloc
 .text          0x08015f18      0x5a4 /home/laurence/CodeSourcery/Sourcery_G++_Lite/bin/../lib/gcc/arm-none-eabi/4.4.1/../../../../arm-none-eabi/lib/thumb2/libc.a(lib_a-mallocr.o)
                0x08015f18                _malloc_r
 .text          0x080164bc        0x8 /home/laurence/CodeSourcery/Sourcery_G++_Lite/bin/../lib/gcc/arm-none-eabi/4.4.1/../../../../arm-none-eabi/lib/thumb2/libc.a(lib_a-mlock.o)
                0x080164bc                __malloc_lock
                0x080164c0                __malloc_unlock
 .text          0x080164c4       0x28 /home/laurence/CodeSourcery/Sourcery_G++_Lite/bin/../lib/gcc/arm-none-eabi/4.4.1/../../../../arm-none-eabi/lib/thumb2/libc.a(lib_a-sbrkr.o)
                0x080164c4                _sbrk_r
 .text          0x080164ec       0xbc /home/laurence/CodeSourcery/Sourcery_G++_Lite/bin/../lib/gcc/arm-none-eabi/4.4.1/../../../../arm-none-eabi/lib/thumb2/libc.a(lib_a-strcpy.o)
                0x080164ec                strcpy
 .text          0x080165a8      0x268 /home/laurence/CodeSourcery/Sourcery_G++_Lite/bin/../lib/gcc/arm-none-eabi/4.4.1/../../../../arm-none-eabi/lib/thumb2/libc.a(lib_a-freer.o)
                0x080165a8                _malloc_trim_r
                0x08016650                _free_r
 .text          0x08016810       0x30 /home/laurence/CodeSourcery/Sourcery_G++_Lite/bin/../lib/gcc/arm-none-eabi/4.4.1/../../../../arm-none-eabi/lib/thumb2/libcs3.a(start_c.o)
                0x08016810                __cs3_premain
 .text.cs3.init
                0x08016840       0x5c /home/laurence/CodeSourcery/Sourcery_G++_Lite/bin/../lib/gcc/arm-none-eabi/4.4.1/../../../../arm-none-eabi/lib/thumb2/libcs3.a(start_c.o)
                0x08016840                __cs3_start_c
 .text          0x0801689c       0x44 /home/laurence/CodeSourcery/Sourcery_G++_Lite/bin/../lib/gcc/arm-none-eabi/4.4.1/../../../../arm-none-eabi/lib/thumb2/libcs3unhosted.a(unhosted-sbrk.o)
                0x0801689c                _sbrk
 .text.cs3.init
                0x080168e0       0x10 /home/laurence/CodeSourcery/Sourcery_G++_Lite/bin/../lib/gcc/arm-none-eabi/4.4.1/../../../../arm-none-eabi/lib/thumb2/libcs3unhosted.a(unhosted-start.o)
                0x080168e0                _start
 .text          0x080168f0        0x2 lib/libcs3-lanchon-stm32.a(lanchon_stm32_isr_interrupt.o)
                0x080168f0                MemManageException
                0x080168f0                BusFaultException
                0x080168f0                DMAChannel7_IRQHandler
                0x080168f0                DebugMonitor
                0x080168f0                SVCHandler
                0x080168f0                HardFaultException
                0x080168f0                __STM32ReservedException8
                0x080168f0                USB_HP_CAN_TX_IRQHandler
                0x080168f0                __STM32DefaultExceptionHandler
                0x080168f0                DMAChannel1_IRQHandler
                0x080168f0                CAN_SCE_IRQHandler
                0x080168f0                __STM32ReservedException10
                0x080168f0                __STM32ReservedException13
                0x080168f0                NMIException
                0x080168f0                DMAChannel4_IRQHandler
                0x080168f0                SysTickHandler
                0x080168f0                PendSVC
                0x080168f0                CAN_RX1_IRQHandler
                0x080168f0                ADC_IRQHandler
                0x080168f0                DMAChannel5_IRQHandler
                0x080168f0                DMAChannel2_IRQHandler
                0x080168f0                USB_LP_CAN_RX0_IRQHandler
                0x080168f0                __STM32ReservedException7
                0x080168f0                UsageFaultException
                0x080168f0                DMAChannel6_IRQHandler
                0x080168f0                DMAChannel3_IRQHandler
                0x080168f0                __STM32ReservedException9
 *fill*         0x080168f2        0x2 00
 .text          0x080168f4       0x50 /home/laurence/CodeSourcery/Sourcery_G++_Lite/bin/../lib/gcc/arm-none-eabi/4.4.1/../../../../arm-none-eabi/lib/thumb2/libc.a(lib_a-init.o)
                0x080168f4                __libc_init_array
 *(.plt)
 *(.gnu.warning)
 *(.glue_7t)
 .glue_7t       0x00000000        0x0 linker stubs
 *(.glue_7)
 .glue_7        0x00000000        0x0 linker stubs
 *(.vfp11_veneer)
 .vfp11_veneer  0x00000000        0x0 linker stubs
 *(.rodata .rodata.* .gnu.linkonce.r.*)
 .rodata        0x08016944        0x8 Sensors/bmp085.o
 .rodata        0x0801694c      0x888 Sensors/earth_field.o
 .rodata.str1.1
                0x080171d4        0x9 Sensors/earth_field.o
 *fill*         0x080171dd        0x3 00
 .rodata        0x080171e0        0x8 Sensors/pitot.o
 .rodata        0x080171e8       0xc4 Sensors/ubx.o
 .rodata.str1.1
                0x080172ac      0x13b Sensors/ubx.o
 .rodata.str1.1
                0x080173e7        0xf Util/Fatfs/ff.o
 *fill*         0x080173f6        0x2 00
 .rodata        0x080173f8        0xc Util/Fatfs/rtc.o
 .rodata        0x08017404       0x14 Util/rprintf.o
 .rodata.str1.1
                0x08017418        0x6 Util/rprintf.o
 *fill*         0x0801741e        0x2 00
 .rodata        0x08017420       0x1c i2c.o
 .rodata        0x0801743c       0x14 lib/CMSIS_CM3/system_stm32f10x.o
                0x0801743c                SystemFrequency
                0x08017440                SystemFrequency_SysClk
                0x08017444                SystemFrequency_AHBClk
                0x08017448                SystemFrequency_APB1Clk
                0x0801744c                SystemFrequency_APB2Clk
 .rodata        0x08017450       0x60 main.o
 .rodata.str1.1
                0x080174b0      0x2ac main.o
 .rodata        0x0801775c       0x90 Control/imu.o
 .rodata.str1.4
                0x080177ec        0x5 /home/laurence/CodeSourcery/Sourcery_G++_Lite/bin/../lib/gcc/arm-none-eabi/4.4.1/../../../../arm-none-eabi/lib/thumb2/libm.a(lib_a-w_asin.o)
                                  0xc (size before relaxing)
 *fill*         0x080177f1        0x3 00
 .rodata.str1.4
                0x080177f4        0x4 /home/laurence/CodeSourcery/Sourcery_G++_Lite/bin/../lib/gcc/arm-none-eabi/4.4.1/../../../../arm-none-eabi/lib/thumb2/libm.a(lib_a-w_pow.o)
 .rodata.str1.4
                0x080177f8        0x5 /home/laurence/CodeSourcery/Sourcery_G++_Lite/bin/../lib/gcc/arm-none-eabi/4.4.1/../../../../arm-none-eabi/lib/thumb2/libm.a(lib_a-w_sqrt.o)
                                  0x8 (size before relaxing)
 *fill*         0x080177fd        0x3 00
 .rodata        0x08017800       0x30 /home/laurence/CodeSourcery/Sourcery_G++_Lite/bin/../lib/gcc/arm-none-eabi/4.4.1/../../../../arm-none-eabi/lib/thumb2/libm.a(lib_a-e_pow.o)
 .rodata.str1.4
                0x00000000        0x4 /home/laurence/CodeSourcery/Sourcery_G++_Lite/bin/../lib/gcc/arm-none-eabi/4.4.1/../../../../arm-none-eabi/lib/thumb2/libm.a(lib_a-e_pow.o)
 .rodata        0x08017830      0x188 /home/laurence/CodeSourcery/Sourcery_G++_Lite/bin/../lib/gcc/arm-none-eabi/4.4.1/../../../../arm-none-eabi/lib/thumb2/libm.a(lib_a-e_rem_pio2.o)
 .rodata        0x080179b8       0x50 /home/laurence/CodeSourcery/Sourcery_G++_Lite/bin/../lib/gcc/arm-none-eabi/4.4.1/../../../../arm-none-eabi/lib/thumb2/libm.a(lib_a-k_rem_pio2.o)
 .rodata        0x08017a08       0x40 /home/laurence/CodeSourcery/Sourcery_G++_Lite/bin/../lib/gcc/arm-none-eabi/4.4.1/../../../../arm-none-eabi/lib/thumb2/libm.a(lib_a-s_atan.o)
 .rodata        0x08017a48       0x10 /home/laurence/CodeSourcery/Sourcery_G++_Lite/bin/../lib/gcc/arm-none-eabi/4.4.1/../../../../arm-none-eabi/lib/thumb2/libm.a(lib_a-s_rint.o)
 .rodata.str1.4
                0x08017a58        0x4 /home/laurence/CodeSourcery/Sourcery_G++_Lite/bin/../lib/gcc/arm-none-eabi/4.4.1/../../../../arm-none-eabi/lib/thumb2/libc.a(lib_a-impure.o)
 *(.ARM.extab* .gnu.linkonce.armextab.*)
 *(.gcc_except_table)
 *(.eh_frame_hdr)
 *(.eh_frame)
                0x08017a5c                . = ALIGN (0x4)
 *(.init)
 .init          0x08017a5c        0x4 /home/laurence/CodeSourcery/Sourcery_G++_Lite/bin/../lib/gcc/arm-none-eabi/4.4.1/thumb2/crti.o
                0x08017a5c                _init
 .init          0x08017a60        0x8 /home/laurence/CodeSourcery/Sourcery_G++_Lite/bin/../lib/gcc/arm-none-eabi/4.4.1/thumb2/crtn.o
                0x08017a68                . = ALIGN (0x4)
                0x08017a68                __preinit_array_start = .
 *(.preinit_array)
                0x08017a68                __preinit_array_end = .
                0x08017a68                . = ALIGN (0x4)
                0x08017a68                __init_array_start = .
 *(SORT(.init_array.*))
 *(.init_array)
 .init_array    0x08017a68        0x4 /home/laurence/CodeSourcery/Sourcery_G++_Lite/bin/../lib/gcc/arm-none-eabi/4.4.1/thumb2/crtbegin.o
                0x08017a6c                __init_array_end = .
                0x08017a6c                . = ALIGN (0x4)
 *crtbegin.o(.ctors)
 *(EXCLUDE_FILE(*crtend.o) .ctors)
 *(SORT(.ctors.*))
 *crtend.o(.ctors)
                0x08017a6c                . = ALIGN (0x4)
 *(.fini)
 .fini          0x08017a6c        0x4 /home/laurence/CodeSourcery/Sourcery_G++_Lite/bin/../lib/gcc/arm-none-eabi/4.4.1/thumb2/crti.o
                0x08017a6c                _fini
 .fini          0x08017a70        0x8 /home/laurence/CodeSourcery/Sourcery_G++_Lite/bin/../lib/gcc/arm-none-eabi/4.4.1/thumb2/crtn.o
                0x08017a78                . = ALIGN (0x4)
                0x08017a78                __fini_array_start = .
 *(.fini_array)
 .fini_array    0x08017a78        0x4 /home/laurence/CodeSourcery/Sourcery_G++_Lite/bin/../lib/gcc/arm-none-eabi/4.4.1/thumb2/crtbegin.o
 *(SORT(.fini_array.*))
                0x08017a7c                __fini_array_end = .
 *crtbegin.o(.dtors)
 *(EXCLUDE_FILE(*crtend.o) .dtors)
 *(SORT(.dtors.*))
 *crtend.o(.dtors)
                0x08017a7c                . = ALIGN (0x4)
                0x08017a7c                __cs3_regions = .
                0x08017a7c        0x4 LONG 0x0
                0x08017a80        0x4 LONG 0x8017a90 __cs3_region_init_ram
                0x08017a84        0x4 LONG 0x20000000 __cs3_region_start_ram
                0x08017a88        0x4 LONG 0x5e0 __cs3_region_init_size_ram
                0x08017a8c        0x4 LONG 0x1168 __cs3_region_zero_size_ram
                0x08017a90                __exidx_start = .

.v4_bx          0x08017a90        0x0
 .v4_bx         0x00000000        0x0 linker stubs

.ARM.exidx
 *(.ARM.exidx* .gnu.linkonce.armexidx.*)
                0x08017a90                __exidx_end = .

.text.align     0x08017a90        0x0
                0x08017a90                . = ALIGN (0x8)
                0x08017a90                _etext = .
                0x08020000                __cs3_region_end_rom = (__cs3_region_start_rom + 0x20000)
                0x00020000                __cs3_region_size_rom = 0x20000
                0x00000001                __cs3_region_num = 0x1

.data           0x20000000      0x5e0 load address 0x08017a90
                0x20000000                __cs3_region_start_ram = .
 *(.cs3.region-head.ram)
 *(.jcr)
 .jcr           0x20000000        0x0 /home/laurence/CodeSourcery/Sourcery_G++_Lite/bin/../lib/gcc/arm-none-eabi/4.4.1/thumb2/crtbegin.o
 .jcr           0x20000000        0x4 /home/laurence/CodeSourcery/Sourcery_G++_Lite/bin/../lib/gcc/arm-none-eabi/4.4.1/thumb2/crtend.o
 *(.got.plt)
 *(.got)
 *(.shdata)
 *(.data .data.* .gnu.linkonce.d.*)
 .data          0x20000004        0x1 Util/Fatfs/sd_spi_stm32.o
 *fill*         0x20000005        0x3 00
 .data          0x20000008       0xb4 Control/imu.o
 .data          0x200000bc       0x14 lib/STM32F10x_StdPeriph_Driver/libstm32fw.a(stm32f10x_rcc.o)
 .data          0x200000d0        0x1 /home/laurence/CodeSourcery/Sourcery_G++_Lite/bin/../lib/gcc/arm-none-eabi/4.4.1/../../../../arm-none-eabi/lib/thumb2/libm.a(lib_a-s_lib_ver.o)
                0x200000d0                __fdlib_version
 *fill*         0x200000d1        0x3 00
 .data          0x200000d4       0xf4 /home/laurence/CodeSourcery/Sourcery_G++_Lite/bin/../lib/gcc/arm-none-eabi/4.4.1/../../../../arm-none-eabi/lib/thumb2/libc.a(lib_a-impure.o)
                0x200000d4                _impure_ptr
 .data          0x200001c8      0x410 /home/laurence/CodeSourcery/Sourcery_G++_Lite/bin/../lib/gcc/arm-none-eabi/4.4.1/../../../../arm-none-eabi/lib/thumb2/libc.a(lib_a-mallocr.o)
                0x200001c8                __malloc_av_
                0x200005d0                __malloc_sbrk_base
                0x200005d4                __malloc_trim_threshold
 .data          0x200005d8        0x4 /home/laurence/CodeSourcery/Sourcery_G++_Lite/bin/../lib/gcc/arm-none-eabi/4.4.1/../../../../arm-none-eabi/lib/thumb2/libcs3unhosted.a(unhosted-sbrk.o)
 .data          0x200005dc        0x4 /home/laurence/CodeSourcery/Sourcery_G++_Lite/bin/../lib/gcc/arm-none-eabi/4.4.1/../../../../arm-none-eabi/lib/thumb2/libcs3.a(heap.o)
                0x200005dc                __cs3_heap_limit
 *(.ram)
                0x200005e0                . = ALIGN (0x8)
                0x200005e0                _edata = .

.bss            0x200005e0     0x1168 load address 0x08018070
 *(.shbss)
 *(.bss .bss.* .gnu.linkonce.b.*)
 .bss           0x200005e0        0x1 /home/laurence/CodeSourcery/Sourcery_G++_Lite/bin/../lib/gcc/arm-none-eabi/4.4.1/thumb2/crtbegin.o
 *fill*         0x200005e1        0x3 00
 .bss           0x200005e4       0x20 Sensors/bmp085.o
                0x200005e4                Sea_Level_Pressure
                0x200005e8                Our_Sensorcal
                0x20000600                Bmp_temp
 .bss           0x20000604        0xc Sensors/earth_field.o
 .bss           0x20000610        0xa Sensors/ubx.o
 *fill*         0x2000061a        0x2 00
 .bss           0x2000061c        0x8 Util/Fatfs/ff.o
 .bss           0x20000624       0x10 Util/Fatfs/sd_spi_stm32.o
 .bss           0x20000634       0x84 Util/rprintf.o
 .bss           0x200006b8      0x3cc main.o
                0x200006b8                Gps_Buffer
                0x200007bc                Gps
                0x200007f0                Home_Position
                0x200007fc                Long_To_Meters_Home
                0x20000a30                f_err_code
                0x20000a34                Nav_Flag
                0x20000a38                Nav_Global
                0x20000a6c                Balt
                0x20000a70                Waypoint_Global
                0x20000a7c                New_Waypoint_Flagged
                0x20000a80                Ground_Flag
 .bss           0x20000a84       0x1c pwm.o
                0x20000a84                TIM_TimeBaseStructure
                0x20000a90                TIM_OCInitStructure
 .bss           0x20000aa0      0xbf8 Control/ekf.o
                0x20000aa0                Be
                0x20000aac                P
                0x20000d50                X
                0x20000d84                Q
                0x20000da8                R
                0x20000dd0                F
                0x20001074                G
                0x20001248                K
                0x20001450                H
                0x20001658                Nav
                0x2000168c                zeros
 .bss           0x20001698       0x78 Control/imu.o
 .bss           0x20001710       0x34 /home/laurence/CodeSourcery/Sourcery_G++_Lite/bin/../lib/gcc/arm-none-eabi/4.4.1/../../../../arm-none-eabi/lib/thumb2/libc.a(lib_a-mallocr.o)
                0x20001710                __malloc_top_pad
                0x20001714                __malloc_current_mallinfo
                0x2000173c                __malloc_max_sbrked_mem
                0x20001740                __malloc_max_total_mem
 *(COMMON)
 COMMON         0x20001744        0x4 /home/laurence/CodeSourcery/Sourcery_G++_Lite/bin/../lib/gcc/arm-none-eabi/4.4.1/../../../../arm-none-eabi/lib/thumb2/libc.a(lib_a-reent.o)
                0x20001744                errno
 *(.ram.b)
                0x20001748                . = ALIGN (0x8)
                0x20001748                _end = .
                0x20001748                __end = .
                0x20005000                __cs3_region_end_ram = (__cs3_region_start_ram + 0x5000)
                0x00005000                __cs3_region_size_ram = 0x5000
                0x08017a90                __cs3_region_init_ram = LOADADDR (.data)
                0x000005e0                __cs3_region_init_size_ram = (_edata - ADDR (.data))
                0x00001168                __cs3_region_zero_size_ram = (_end - _edata)
                0x00000001                __cs3_region_num = 0x1

.stab
 *(.stab)

.stabstr
 *(.stabstr)

.debug
 *(.debug)

.line
 *(.line)

.debug_srcinfo
 *(.debug_srcinfo)

.debug_sfnames
 *(.debug_sfnames)

.debug_aranges
 *(.debug_aranges)

.debug_pubnames
 *(.debug_pubnames)

.debug_info
 *(.debug_info .gnu.linkonce.wi.*)

.debug_abbrev
 *(.debug_abbrev)

.debug_line
 *(.debug_line)

.comment        0x00000000      0x6b8
 .comment       0x00000000       0x2b Sensors/bmp085.o
 .comment       0x0000002b       0x2b Sensors/earth_field.o
 .comment       0x00000056       0x2b Sensors/pitot.o
 .comment       0x00000081       0x2b Sensors/ubx.o
 .comment       0x000000ac       0x2b Util/Fatfs/fattime.o
 .comment       0x000000d7       0x2b Util/Fatfs/ff.o
 .comment       0x00000102       0x2b Util/Fatfs/rtc.o
 .comment       0x0000012d       0x2b Util/Fatfs/sd_spi_stm32.o
 .comment       0x00000158       0x2b Util/Mavlink_expt.o
 .comment       0x00000183       0x2b Util/atmospherics.o
 .comment       0x000001ae       0x2b Util/coords.o
 .comment       0x000001d9       0x2b Util/delay.o
 .comment       0x00000204       0x2b Util/rprintf.o
 .comment       0x0000022f       0x2b Util/time.o
 .comment       0x0000025a       0x2b dma.o
 .comment       0x00000285       0x2b gpio.o
 .comment       0x000002b0       0x2b i2c.o
 .comment       0x000002db       0x2b interrupts.o
 .comment       0x00000306       0x2b lib/CMSIS_CM3/core_cm3.o
 .comment       0x00000331       0x2b lib/CMSIS_CM3/system_stm32f10x.o
 .comment       0x0000035c       0x2b main.o
 .comment       0x00000387       0x2b pwm.o
 .comment       0x000003b2       0x2b usart.o
 .comment       0x000003dd       0x2b Control/ekf.o
 .comment       0x00000408       0x2b Control/imu.o
 .comment       0x00000433       0x2b Control/loops.o
 .comment       0x0000045e       0x2b Control/sensorcal.o
 .comment       0x00000489       0x2b Control/servos.o
 .comment       0x000004b4       0x2b lib/STM32F10x_StdPeriph_Driver/libstm32fw.a(misc.o)
 .comment       0x000004df       0x2b lib/STM32F10x_StdPeriph_Driver/libstm32fw.a(stm32f10x_bkp.o)
 .comment       0x0000050a       0x2b lib/STM32F10x_StdPeriph_Driver/libstm32fw.a(stm32f10x_dma.o)
 .comment       0x00000535       0x2b lib/STM32F10x_StdPeriph_Driver/libstm32fw.a(stm32f10x_exti.o)
 .comment       0x00000560       0x2b lib/STM32F10x_StdPeriph_Driver/libstm32fw.a(stm32f10x_gpio.o)
 .comment       0x0000058b       0x2b lib/STM32F10x_StdPeriph_Driver/libstm32fw.a(stm32f10x_i2c.o)
 .comment       0x000005b6       0x2b lib/STM32F10x_StdPeriph_Driver/libstm32fw.a(stm32f10x_pwr.o)
 .comment       0x000005e1       0x2b lib/STM32F10x_StdPeriph_Driver/libstm32fw.a(stm32f10x_rcc.o)
 .comment       0x0000060c       0x2b lib/STM32F10x_StdPeriph_Driver/libstm32fw.a(stm32f10x_rtc.o)
 .comment       0x00000637       0x2b lib/STM32F10x_StdPeriph_Driver/libstm32fw.a(stm32f10x_spi.o)
 .comment       0x00000662       0x2b lib/STM32F10x_StdPeriph_Driver/libstm32fw.a(stm32f10x_tim.o)
 .comment       0x0000068d       0x2b lib/STM32F10x_StdPeriph_Driver/libstm32fw.a(stm32f10x_usart.o)

.debug_frame    0x00000000      0x778
 *(.debug_frame)
 .debug_frame   0x00000000       0x34 /home/laurence/CodeSourcery/Sourcery_G++_Lite/bin/../lib/gcc/arm-none-eabi/4.4.1/../../../../arm-none-eabi/lib/thumb2/libm.a(lib_a-s_cos.o)
 .debug_frame   0x00000034       0x34 /home/laurence/CodeSourcery/Sourcery_G++_Lite/bin/../lib/gcc/arm-none-eabi/4.4.1/../../../../arm-none-eabi/lib/thumb2/libm.a(lib_a-s_sin.o)
 .debug_frame   0x00000068       0x38 /home/laurence/CodeSourcery/Sourcery_G++_Lite/bin/../lib/gcc/arm-none-eabi/4.4.1/../../../../arm-none-eabi/lib/thumb2/libm.a(lib_a-w_asin.o)
 .debug_frame   0x000000a0       0x20 /home/laurence/CodeSourcery/Sourcery_G++_Lite/bin/../lib/gcc/arm-none-eabi/4.4.1/../../../../arm-none-eabi/lib/thumb2/libm.a(lib_a-w_atan2.o)
 .debug_frame   0x000000c0       0x3c /home/laurence/CodeSourcery/Sourcery_G++_Lite/bin/../lib/gcc/arm-none-eabi/4.4.1/../../../../arm-none-eabi/lib/thumb2/libm.a(lib_a-w_pow.o)
 .debug_frame   0x000000fc       0x3c /home/laurence/CodeSourcery/Sourcery_G++_Lite/bin/../lib/gcc/arm-none-eabi/4.4.1/../../../../arm-none-eabi/lib/thumb2/libm.a(lib_a-w_sqrt.o)
 .debug_frame   0x00000138       0x3c /home/laurence/CodeSourcery/Sourcery_G++_Lite/bin/../lib/gcc/arm-none-eabi/4.4.1/../../../../arm-none-eabi/lib/thumb2/libm.a(lib_a-e_asin.o)
 .debug_frame   0x00000174       0x3c /home/laurence/CodeSourcery/Sourcery_G++_Lite/bin/../lib/gcc/arm-none-eabi/4.4.1/../../../../arm-none-eabi/lib/thumb2/libm.a(lib_a-e_atan2.o)
 .debug_frame   0x000001b0       0x3c /home/laurence/CodeSourcery/Sourcery_G++_Lite/bin/../lib/gcc/arm-none-eabi/4.4.1/../../../../arm-none-eabi/lib/thumb2/libm.a(lib_a-e_pow.o)
 .debug_frame   0x000001ec       0x3c /home/laurence/CodeSourcery/Sourcery_G++_Lite/bin/../lib/gcc/arm-none-eabi/4.4.1/../../../../arm-none-eabi/lib/thumb2/libm.a(lib_a-e_rem_pio2.o)
 .debug_frame   0x00000228       0x34 /home/laurence/CodeSourcery/Sourcery_G++_Lite/bin/../lib/gcc/arm-none-eabi/4.4.1/../../../../arm-none-eabi/lib/thumb2/libm.a(lib_a-e_sqrt.o)
 .debug_frame   0x0000025c       0x3c /home/laurence/CodeSourcery/Sourcery_G++_Lite/bin/../lib/gcc/arm-none-eabi/4.4.1/../../../../arm-none-eabi/lib/thumb2/libm.a(lib_a-k_cos.o)
 .debug_frame   0x00000298       0x3c /home/laurence/CodeSourcery/Sourcery_G++_Lite/bin/../lib/gcc/arm-none-eabi/4.4.1/../../../../arm-none-eabi/lib/thumb2/libm.a(lib_a-k_rem_pio2.o)
 .debug_frame   0x000002d4       0x3c /home/laurence/CodeSourcery/Sourcery_G++_Lite/bin/../lib/gcc/arm-none-eabi/4.4.1/../../../../arm-none-eabi/lib/thumb2/libm.a(lib_a-k_sin.o)
 .debug_frame   0x00000310       0x38 /home/laurence/CodeSourcery/Sourcery_G++_Lite/bin/../lib/gcc/arm-none-eabi/4.4.1/../../../../arm-none-eabi/lib/thumb2/libm.a(lib_a-s_atan.o)
 .debug_frame   0x00000348       0x20 /home/laurence/CodeSourcery/Sourcery_G++_Lite/bin/../lib/gcc/arm-none-eabi/4.4.1/../../../../arm-none-eabi/lib/thumb2/libm.a(lib_a-s_fabs.o)
 .debug_frame   0x00000368       0x20 /home/laurence/CodeSourcery/Sourcery_G++_Lite/bin/../lib/gcc/arm-none-eabi/4.4.1/../../../../arm-none-eabi/lib/thumb2/libm.a(lib_a-s_finite.o)
 .debug_frame   0x00000388       0x34 /home/laurence/CodeSourcery/Sourcery_G++_Lite/bin/../lib/gcc/arm-none-eabi/4.4.1/../../../../arm-none-eabi/lib/thumb2/libm.a(lib_a-s_floor.o)
 .debug_frame   0x000003bc       0x20 /home/laurence/CodeSourcery/Sourcery_G++_Lite/bin/../lib/gcc/arm-none-eabi/4.4.1/../../../../arm-none-eabi/lib/thumb2/libm.a(lib_a-s_isnand.o)
 .debug_frame   0x000003dc       0x20 /home/laurence/CodeSourcery/Sourcery_G++_Lite/bin/../lib/gcc/arm-none-eabi/4.4.1/../../../../arm-none-eabi/lib/thumb2/libm.a(lib_a-s_matherr.o)
 .debug_frame   0x000003fc       0x20 /home/laurence/CodeSourcery/Sourcery_G++_Lite/bin/../lib/gcc/arm-none-eabi/4.4.1/../../../../arm-none-eabi/lib/thumb2/libm.a(lib_a-s_nan.o)
 .debug_frame   0x0000041c       0x38 /home/laurence/CodeSourcery/Sourcery_G++_Lite/bin/../lib/gcc/arm-none-eabi/4.4.1/../../../../arm-none-eabi/lib/thumb2/libm.a(lib_a-s_rint.o)
 .debug_frame   0x00000454       0x30 /home/laurence/CodeSourcery/Sourcery_G++_Lite/bin/../lib/gcc/arm-none-eabi/4.4.1/../../../../arm-none-eabi/lib/thumb2/libm.a(lib_a-s_scalbn.o)
 .debug_frame   0x00000484       0x28 /home/laurence/CodeSourcery/Sourcery_G++_Lite/bin/../lib/gcc/arm-none-eabi/4.4.1/../../../../arm-none-eabi/lib/thumb2/libm.a(lib_a-s_copysign.o)
 .debug_frame   0x000004ac       0x20 /home/laurence/CodeSourcery/Sourcery_G++_Lite/bin/../lib/gcc/arm-none-eabi/4.4.1/thumb2/libgcc.a(_divsi3.o)
 .debug_frame   0x000004cc       0x20 /home/laurence/CodeSourcery/Sourcery_G++_Lite/bin/../lib/gcc/arm-none-eabi/4.4.1/../../../../arm-none-eabi/lib/thumb2/libc.a(lib_a-errno.o)
 .debug_frame   0x000004ec       0x30 /home/laurence/CodeSourcery/Sourcery_G++_Lite/bin/../lib/gcc/arm-none-eabi/4.4.1/../../../../arm-none-eabi/lib/thumb2/libc.a(lib_a-malloc.o)
 .debug_frame   0x0000051c       0x3c /home/laurence/CodeSourcery/Sourcery_G++_Lite/bin/../lib/gcc/arm-none-eabi/4.4.1/../../../../arm-none-eabi/lib/thumb2/libc.a(lib_a-mallocr.o)
 .debug_frame   0x00000558       0x28 /home/laurence/CodeSourcery/Sourcery_G++_Lite/bin/../lib/gcc/arm-none-eabi/4.4.1/../../../../arm-none-eabi/lib/thumb2/libc.a(lib_a-memchr.o)
 .debug_frame   0x00000580       0x34 /home/laurence/CodeSourcery/Sourcery_G++_Lite/bin/../lib/gcc/arm-none-eabi/4.4.1/../../../../arm-none-eabi/lib/thumb2/libc.a(lib_a-memcpy.o)
 .debug_frame   0x000005b4       0x30 /home/laurence/CodeSourcery/Sourcery_G++_Lite/bin/../lib/gcc/arm-none-eabi/4.4.1/../../../../arm-none-eabi/lib/thumb2/libc.a(lib_a-mlock.o)
 .debug_frame   0x000005e4       0x2c /home/laurence/CodeSourcery/Sourcery_G++_Lite/bin/../lib/gcc/arm-none-eabi/4.4.1/../../../../arm-none-eabi/lib/thumb2/libc.a(lib_a-sbrkr.o)
 .debug_frame   0x00000610       0x20 /home/laurence/CodeSourcery/Sourcery_G++_Lite/bin/../lib/gcc/arm-none-eabi/4.4.1/../../../../arm-none-eabi/lib/thumb2/libc.a(lib_a-strcpy.o)
 .debug_frame   0x00000630       0x50 /home/laurence/CodeSourcery/Sourcery_G++_Lite/bin/../lib/gcc/arm-none-eabi/4.4.1/../../../../arm-none-eabi/lib/thumb2/libc.a(lib_a-freer.o)
 .debug_frame   0x00000680       0x64 /home/laurence/CodeSourcery/Sourcery_G++_Lite/bin/../lib/gcc/arm-none-eabi/4.4.1/../../../../arm-none-eabi/lib/thumb2/libc.a(lib_a-reent.o)
 .debug_frame   0x000006e4       0x40 /home/laurence/CodeSourcery/Sourcery_G++_Lite/bin/../lib/gcc/arm-none-eabi/4.4.1/../../../../arm-none-eabi/lib/thumb2/libcs3.a(start_c.o)
 .debug_frame   0x00000724       0x28 /home/laurence/CodeSourcery/Sourcery_G++_Lite/bin/../lib/gcc/arm-none-eabi/4.4.1/../../../../arm-none-eabi/lib/thumb2/libcs3unhosted.a(unhosted-sbrk.o)
 .debug_frame   0x0000074c       0x2c /home/laurence/CodeSourcery/Sourcery_G++_Lite/bin/../lib/gcc/arm-none-eabi/4.4.1/../../../../arm-none-eabi/lib/thumb2/libc.a(lib_a-init.o)

.debug_str
 *(.debug_str)

.debug_loc
 *(.debug_loc)

.debug_macinfo
 *(.debug_macinfo)

.debug_weaknames
 *(.debug_weaknames)

.debug_funcnames
 *(.debug_funcnames)

.debug_typenames
 *(.debug_typenames)

.debug_varnames
 *(.debug_varnames)

.note.gnu.arm.ident
 *(.note.gnu.arm.ident)

.ARM.attributes
                0x00000000       0x25
 *(.ARM.attributes)
 .ARM.attributes
                0x00000000       0x19 /home/laurence/CodeSourcery/Sourcery_G++_Lite/bin/../lib/gcc/arm-none-eabi/4.4.1/thumb2/crti.o
 .ARM.attributes
                0x00000019       0x29 /home/laurence/CodeSourcery/Sourcery_G++_Lite/bin/../lib/gcc/arm-none-eabi/4.4.1/thumb2/crtbegin.o
 .ARM.attributes
                0x00000042       0x31 Sensors/bmp085.o
 .ARM.attributes
                0x00000073       0x31 Sensors/earth_field.o
 .ARM.attributes
                0x000000a4       0x31 Sensors/pitot.o
 .ARM.attributes
                0x000000d5       0x31 Sensors/ubx.o
 .ARM.attributes
                0x00000106       0x31 Util/Fatfs/fattime.o
 .ARM.attributes
                0x00000137       0x31 Util/Fatfs/ff.o
 .ARM.attributes
                0x00000168       0x31 Util/Fatfs/rtc.o
 .ARM.attributes
                0x00000199       0x31 Util/Fatfs/sd_spi_stm32.o
 .ARM.attributes
                0x000001ca       0x31 Util/Mavlink_expt.o
 .ARM.attributes
                0x000001fb       0x31 Util/atmospherics.o
 .ARM.attributes
                0x0000022c       0x31 Util/coords.o
 .ARM.attributes
                0x0000025d       0x31 Util/delay.o
 .ARM.attributes
                0x0000028e       0x31 Util/rprintf.o
 .ARM.attributes
                0x000002bf       0x31 Util/time.o
 .ARM.attributes
                0x000002f0       0x31 dma.o
 .ARM.attributes
                0x00000321       0x31 gpio.o
 .ARM.attributes
                0x00000352       0x31 i2c.o
 .ARM.attributes
                0x00000383       0x31 interrupts.o
 .ARM.attributes
                0x000003b4       0x31 lib/CMSIS_CM3/core_cm3.o
 .ARM.attributes
                0x000003e5       0x21 lib/CMSIS_CM3/startup/gcc/startup_stm32f10x_md.o
 .ARM.attributes
                0x00000406       0x31 lib/CMSIS_CM3/system_stm32f10x.o
 .ARM.attributes
                0x00000437       0x31 main.o
 .ARM.attributes
                0x00000468       0x31 pwm.o
 .ARM.attributes
                0x00000499       0x31 usart.o
 .ARM.attributes
                0x000004ca       0x31 Control/ekf.o
 .ARM.attributes
                0x000004fb       0x31 Control/imu.o
 .ARM.attributes
                0x0000052c       0x31 Control/loops.o
 .ARM.attributes
                0x0000055d       0x31 Control/sensorcal.o
 .ARM.attributes
                0x0000058e       0x31 Control/servos.o
 .ARM.attributes
                0x000005bf       0x31 lib/STM32F10x_StdPeriph_Driver/libstm32fw.a(misc.o)
 .ARM.attributes
                0x000005f0       0x31 lib/STM32F10x_StdPeriph_Driver/libstm32fw.a(stm32f10x_bkp.o)
 .ARM.attributes
                0x00000621       0x31 lib/STM32F10x_StdPeriph_Driver/libstm32fw.a(stm32f10x_dma.o)
 .ARM.attributes
                0x00000652       0x31 lib/STM32F10x_StdPeriph_Driver/libstm32fw.a(stm32f10x_exti.o)
 .ARM.attributes
                0x00000683       0x31 lib/STM32F10x_StdPeriph_Driver/libstm32fw.a(stm32f10x_gpio.o)
 .ARM.attributes
                0x000006b4       0x31 lib/STM32F10x_StdPeriph_Driver/libstm32fw.a(stm32f10x_i2c.o)
 .ARM.attributes
                0x000006e5       0x31 lib/STM32F10x_StdPeriph_Driver/libstm32fw.a(stm32f10x_pwr.o)
 .ARM.attributes
                0x00000716       0x31 lib/STM32F10x_StdPeriph_Driver/libstm32fw.a(stm32f10x_rcc.o)
 .ARM.attributes
                0x00000747       0x31 lib/STM32F10x_StdPeriph_Driver/libstm32fw.a(stm32f10x_rtc.o)
 .ARM.attributes
                0x00000778       0x31 lib/STM32F10x_StdPeriph_Driver/libstm32fw.a(stm32f10x_spi.o)
 .ARM.attributes
                0x000007a9       0x31 lib/STM32F10x_StdPeriph_Driver/libstm32fw.a(stm32f10x_tim.o)
 .ARM.attributes
                0x000007da       0x31 lib/STM32F10x_StdPeriph_Driver/libstm32fw.a(stm32f10x_usart.o)
 .ARM.attributes
                0x0000080b       0x29 /home/laurence/CodeSourcery/Sourcery_G++_Lite/bin/../lib/gcc/arm-none-eabi/4.4.1/../../../../arm-none-eabi/lib/thumb2/libm.a(lib_a-s_cos.o)
 .ARM.attributes
                0x00000834       0x29 /home/laurence/CodeSourcery/Sourcery_G++_Lite/bin/../lib/gcc/arm-none-eabi/4.4.1/../../../../arm-none-eabi/lib/thumb2/libm.a(lib_a-s_sin.o)
 .ARM.attributes
                0x0000085d       0x29 /home/laurence/CodeSourcery/Sourcery_G++_Lite/bin/../lib/gcc/arm-none-eabi/4.4.1/../../../../arm-none-eabi/lib/thumb2/libm.a(lib_a-w_asin.o)
 .ARM.attributes
                0x00000886       0x29 /home/laurence/CodeSourcery/Sourcery_G++_Lite/bin/../lib/gcc/arm-none-eabi/4.4.1/../../../../arm-none-eabi/lib/thumb2/libm.a(lib_a-w_atan2.o)
 .ARM.attributes
                0x000008af       0x29 /home/laurence/CodeSourcery/Sourcery_G++_Lite/bin/../lib/gcc/arm-none-eabi/4.4.1/../../../../arm-none-eabi/lib/thumb2/libm.a(lib_a-w_pow.o)
 .ARM.attributes
                0x000008d8       0x29 /home/laurence/CodeSourcery/Sourcery_G++_Lite/bin/../lib/gcc/arm-none-eabi/4.4.1/../../../../arm-none-eabi/lib/thumb2/libm.a(lib_a-w_sqrt.o)
 .ARM.attributes
                0x00000901       0x29 /home/laurence/CodeSourcery/Sourcery_G++_Lite/bin/../lib/gcc/arm-none-eabi/4.4.1/../../../../arm-none-eabi/lib/thumb2/libm.a(lib_a-e_asin.o)
 .ARM.attributes
                0x0000092a       0x29 /home/laurence/CodeSourcery/Sourcery_G++_Lite/bin/../lib/gcc/arm-none-eabi/4.4.1/../../../../arm-none-eabi/lib/thumb2/libm.a(lib_a-e_atan2.o)
 .ARM.attributes
                0x00000953       0x29 /home/laurence/CodeSourcery/Sourcery_G++_Lite/bin/../lib/gcc/arm-none-eabi/4.4.1/../../../../arm-none-eabi/lib/thumb2/libm.a(lib_a-e_pow.o)
 .ARM.attributes
                0x0000097c       0x29 /home/laurence/CodeSourcery/Sourcery_G++_Lite/bin/../lib/gcc/arm-none-eabi/4.4.1/../../../../arm-none-eabi/lib/thumb2/libm.a(lib_a-e_rem_pio2.o)
 .ARM.attributes
                0x000009a5       0x29 /home/laurence/CodeSourcery/Sourcery_G++_Lite/bin/../lib/gcc/arm-none-eabi/4.4.1/../../../../arm-none-eabi/lib/thumb2/libm.a(lib_a-e_sqrt.o)
 .ARM.attributes
                0x000009ce       0x29 /home/laurence/CodeSourcery/Sourcery_G++_Lite/bin/../lib/gcc/arm-none-eabi/4.4.1/../../../../arm-none-eabi/lib/thumb2/libm.a(lib_a-k_cos.o)
 .ARM.attributes
                0x000009f7       0x29 /home/laurence/CodeSourcery/Sourcery_G++_Lite/bin/../lib/gcc/arm-none-eabi/4.4.1/../../../../arm-none-eabi/lib/thumb2/libm.a(lib_a-k_rem_pio2.o)
 .ARM.attributes
                0x00000a20       0x29 /home/laurence/CodeSourcery/Sourcery_G++_Lite/bin/../lib/gcc/arm-none-eabi/4.4.1/../../../../arm-none-eabi/lib/thumb2/libm.a(lib_a-k_sin.o)
 .ARM.attributes
                0x00000a49       0x29 /home/laurence/CodeSourcery/Sourcery_G++_Lite/bin/../lib/gcc/arm-none-eabi/4.4.1/../../../../arm-none-eabi/lib/thumb2/libm.a(lib_a-s_atan.o)
 .ARM.attributes
                0x00000a72       0x29 /home/laurence/CodeSourcery/Sourcery_G++_Lite/bin/../lib/gcc/arm-none-eabi/4.4.1/../../../../arm-none-eabi/lib/thumb2/libm.a(lib_a-s_fabs.o)
 .ARM.attributes
                0x00000a9b       0x29 /home/laurence/CodeSourcery/Sourcery_G++_Lite/bin/../lib/gcc/arm-none-eabi/4.4.1/../../../../arm-none-eabi/lib/thumb2/libm.a(lib_a-s_finite.o)
 .ARM.attributes
                0x00000ac4       0x29 /home/laurence/CodeSourcery/Sourcery_G++_Lite/bin/../lib/gcc/arm-none-eabi/4.4.1/../../../../arm-none-eabi/lib/thumb2/libm.a(lib_a-s_floor.o)
 .ARM.attributes
                0x00000aed       0x29 /home/laurence/CodeSourcery/Sourcery_G++_Lite/bin/../lib/gcc/arm-none-eabi/4.4.1/../../../../arm-none-eabi/lib/thumb2/libm.a(lib_a-s_isnand.o)
 .ARM.attributes
                0x00000b16       0x29 /home/laurence/CodeSourcery/Sourcery_G++_Lite/bin/../lib/gcc/arm-none-eabi/4.4.1/../../../../arm-none-eabi/lib/thumb2/libm.a(lib_a-s_lib_ver.o)
 .ARM.attributes
                0x00000b3f       0x29 /home/laurence/CodeSourcery/Sourcery_G++_Lite/bin/../lib/gcc/arm-none-eabi/4.4.1/../../../../arm-none-eabi/lib/thumb2/libm.a(lib_a-s_matherr.o)
 .ARM.attributes
                0x00000b68       0x29 /home/laurence/CodeSourcery/Sourcery_G++_Lite/bin/../lib/gcc/arm-none-eabi/4.4.1/../../../../arm-none-eabi/lib/thumb2/libm.a(lib_a-s_nan.o)
 .ARM.attributes
                0x00000b91       0x29 /home/laurence/CodeSourcery/Sourcery_G++_Lite/bin/../lib/gcc/arm-none-eabi/4.4.1/../../../../arm-none-eabi/lib/thumb2/libm.a(lib_a-s_rint.o)
 .ARM.attributes
                0x00000bba       0x29 /home/laurence/CodeSourcery/Sourcery_G++_Lite/bin/../lib/gcc/arm-none-eabi/4.4.1/../../../../arm-none-eabi/lib/thumb2/libm.a(lib_a-s_scalbn.o)
 .ARM.attributes
                0x00000be3       0x29 /home/laurence/CodeSourcery/Sourcery_G++_Lite/bin/../lib/gcc/arm-none-eabi/4.4.1/../../../../arm-none-eabi/lib/thumb2/libm.a(lib_a-s_copysign.o)
 .ARM.attributes
                0x00000c0c       0x1b /home/laurence/CodeSourcery/Sourcery_G++_Lite/bin/../lib/gcc/arm-none-eabi/4.4.1/thumb2/libgcc.a(_divsi3.o)
 .ARM.attributes
                0x00000c27       0x1b /home/laurence/CodeSourcery/Sourcery_G++_Lite/bin/../lib/gcc/arm-none-eabi/4.4.1/thumb2/libgcc.a(_dvmd_tls.o)
 .ARM.attributes
                0x00000c42       0x1b /home/laurence/CodeSourcery/Sourcery_G++_Lite/bin/../lib/gcc/arm-none-eabi/4.4.1/thumb2/libgcc.a(_arm_addsubdf3.o)
 .ARM.attributes
                0x00000c5d       0x1b /home/laurence/CodeSourcery/Sourcery_G++_Lite/bin/../lib/gcc/arm-none-eabi/4.4.1/thumb2/libgcc.a(_arm_muldivdf3.o)
 .ARM.attributes
                0x00000c78       0x1b /home/laurence/CodeSourcery/Sourcery_G++_Lite/bin/../lib/gcc/arm-none-eabi/4.4.1/thumb2/libgcc.a(_arm_cmpdf2.o)
 .ARM.attributes
                0x00000c93       0x1b /home/laurence/CodeSourcery/Sourcery_G++_Lite/bin/../lib/gcc/arm-none-eabi/4.4.1/thumb2/libgcc.a(_arm_fixdfsi.o)
 .ARM.attributes
                0x00000cae       0x1b /home/laurence/CodeSourcery/Sourcery_G++_Lite/bin/../lib/gcc/arm-none-eabi/4.4.1/thumb2/libgcc.a(_arm_truncdfsf2.o)
 .ARM.attributes
                0x00000cc9       0x1b /home/laurence/CodeSourcery/Sourcery_G++_Lite/bin/../lib/gcc/arm-none-eabi/4.4.1/thumb2/libgcc.a(_arm_addsubsf3.o)
 .ARM.attributes
                0x00000ce4       0x1b /home/laurence/CodeSourcery/Sourcery_G++_Lite/bin/../lib/gcc/arm-none-eabi/4.4.1/thumb2/libgcc.a(_arm_muldivsf3.o)
 .ARM.attributes
                0x00000cff       0x1b /home/laurence/CodeSourcery/Sourcery_G++_Lite/bin/../lib/gcc/arm-none-eabi/4.4.1/thumb2/libgcc.a(_arm_cmpsf2.o)
 .ARM.attributes
                0x00000d1a       0x1b /home/laurence/CodeSourcery/Sourcery_G++_Lite/bin/../lib/gcc/arm-none-eabi/4.4.1/thumb2/libgcc.a(_arm_fixsfsi.o)
 .ARM.attributes
                0x00000d35       0x1b /home/laurence/CodeSourcery/Sourcery_G++_Lite/bin/../lib/gcc/arm-none-eabi/4.4.1/thumb2/libgcc.a(_arm_fixunssfsi.o)
 .ARM.attributes
                0x00000d50       0x29 /home/laurence/CodeSourcery/Sourcery_G++_Lite/bin/../lib/gcc/arm-none-eabi/4.4.1/../../../../arm-none-eabi/lib/thumb2/libc.a(lib_a-errno.o)
 .ARM.attributes
                0x00000d79       0x29 /home/laurence/CodeSourcery/Sourcery_G++_Lite/bin/../lib/gcc/arm-none-eabi/4.4.1/../../../../arm-none-eabi/lib/thumb2/libc.a(lib_a-impure.o)
 .ARM.attributes
                0x00000da2       0x29 /home/laurence/CodeSourcery/Sourcery_G++_Lite/bin/../lib/gcc/arm-none-eabi/4.4.1/../../../../arm-none-eabi/lib/thumb2/libc.a(lib_a-malloc.o)
 .ARM.attributes
                0x00000dcb       0x29 /home/laurence/CodeSourcery/Sourcery_G++_Lite/bin/../lib/gcc/arm-none-eabi/4.4.1/../../../../arm-none-eabi/lib/thumb2/libc.a(lib_a-mallocr.o)
 .ARM.attributes
                0x00000df4       0x29 /home/laurence/CodeSourcery/Sourcery_G++_Lite/bin/../lib/gcc/arm-none-eabi/4.4.1/../../../../arm-none-eabi/lib/thumb2/libc.a(lib_a-memchr.o)
 .ARM.attributes
                0x00000e1d       0x29 /home/laurence/CodeSourcery/Sourcery_G++_Lite/bin/../lib/gcc/arm-none-eabi/4.4.1/../../../../arm-none-eabi/lib/thumb2/libc.a(lib_a-memcpy.o)
 .ARM.attributes
                0x00000e46       0x29 /home/laurence/CodeSourcery/Sourcery_G++_Lite/bin/../lib/gcc/arm-none-eabi/4.4.1/../../../../arm-none-eabi/lib/thumb2/libc.a(lib_a-mlock.o)
 .ARM.attributes
                0x00000e6f       0x29 /home/laurence/CodeSourcery/Sourcery_G++_Lite/bin/../lib/gcc/arm-none-eabi/4.4.1/../../../../arm-none-eabi/lib/thumb2/libc.a(lib_a-sbrkr.o)
 .ARM.attributes
                0x00000e98       0x29 /home/laurence/CodeSourcery/Sourcery_G++_Lite/bin/../lib/gcc/arm-none-eabi/4.4.1/../../../../arm-none-eabi/lib/thumb2/libc.a(lib_a-strcpy.o)
 .ARM.attributes
                0x00000ec1       0x29 /home/laurence/CodeSourcery/Sourcery_G++_Lite/bin/../lib/gcc/arm-none-eabi/4.4.1/../../../../arm-none-eabi/lib/thumb2/libc.a(lib_a-freer.o)
 .ARM.attributes
                0x00000eea       0x29 /home/laurence/CodeSourcery/Sourcery_G++_Lite/bin/../lib/gcc/arm-none-eabi/4.4.1/../../../../arm-none-eabi/lib/thumb2/libc.a(lib_a-reent.o)
 .ARM.attributes
                0x00000f13       0x29 /home/laurence/CodeSourcery/Sourcery_G++_Lite/bin/../lib/gcc/arm-none-eabi/4.4.1/thumb2/crtend.o
 .ARM.attributes
                0x00000f3c       0x19 /home/laurence/CodeSourcery/Sourcery_G++_Lite/bin/../lib/gcc/arm-none-eabi/4.4.1/thumb2/crtn.o
 .ARM.attributes
                0x00000f55       0x29 /home/laurence/CodeSourcery/Sourcery_G++_Lite/bin/../lib/gcc/arm-none-eabi/4.4.1/../../../../arm-none-eabi/lib/thumb2/libcs3.a(start_c.o)
 .ARM.attributes
                0x00000f7e       0x29 /home/laurence/CodeSourcery/Sourcery_G++_Lite/bin/../lib/gcc/arm-none-eabi/4.4.1/../../../../arm-none-eabi/lib/thumb2/libcs3unhosted.a(unhosted-sbrk.o)
 .ARM.attributes
                0x00000fa7       0x19 /home/laurence/CodeSourcery/Sourcery_G++_Lite/bin/../lib/gcc/arm-none-eabi/4.4.1/../../../../arm-none-eabi/lib/thumb2/libcs3unhosted.a(unhosted-start.o)
 .ARM.attributes
                0x00000fc0       0x1f lib/libcs3-lanchon-stm32.a(lanchon-stm32-vector.o)
 .ARM.attributes
                0x00000fdf       0x21 lib/libcs3-lanchon-stm32.a(lanchon_stm32_isr_interrupt.o)
 .ARM.attributes
                0x00001000       0x29 /home/laurence/CodeSourcery/Sourcery_G++_Lite/bin/../lib/gcc/arm-none-eabi/4.4.1/../../../../arm-none-eabi/lib/thumb2/libc.a(lib_a-init.o)
 .ARM.attributes
                0x00001029       0x29 /home/laurence/CodeSourcery/Sourcery_G++_Lite/bin/../lib/gcc/arm-none-eabi/4.4.1/../../../../arm-none-eabi/lib/thumb2/libcs3.a(heap.o)

/DISCARD/
 *(.note.GNU-stack)
OUTPUT(main.elf elf32-littlearm)

Cross Reference Table

Symbol                                            File
ADC1_2_IRQHandler                                 lib/CMSIS_CM3/startup/gcc/startup_stm32f10x_md.o
ADC_IRQHandler                                    lib/libcs3-lanchon-stm32.a(lanchon_stm32_isr_interrupt.o)
                                                  lib/libcs3-lanchon-stm32.a(lanchon-stm32-vector.o)
Acc_Init                                          i2c.o
                                                  main.o
Air_Density                                       Util/atmospherics.o
                                                  Sensors/pitot.o
All_IO_Configuration                              gpio.o
                                                  main.o
Apply_Servos                                      Control/servos.o
                                                  Control/imu.o
Aux_Devices_Configuration                         gpio.o
BKP_ClearFlag                                     lib/STM32F10x_StdPeriph_Driver/libstm32fw.a(stm32f10x_bkp.o)
BKP_ClearITPendingBit                             lib/STM32F10x_StdPeriph_Driver/libstm32fw.a(stm32f10x_bkp.o)
BKP_DeInit                                        lib/STM32F10x_StdPeriph_Driver/libstm32fw.a(stm32f10x_bkp.o)
                                                  Util/Fatfs/rtc.o
BKP_GetFlagStatus                                 lib/STM32F10x_StdPeriph_Driver/libstm32fw.a(stm32f10x_bkp.o)
BKP_GetITStatus                                   lib/STM32F10x_StdPeriph_Driver/libstm32fw.a(stm32f10x_bkp.o)
BKP_ITConfig                                      lib/STM32F10x_StdPeriph_Driver/libstm32fw.a(stm32f10x_bkp.o)
BKP_RTCOutputConfig                               lib/STM32F10x_StdPeriph_Driver/libstm32fw.a(stm32f10x_bkp.o)
BKP_ReadBackupRegister                            lib/STM32F10x_StdPeriph_Driver/libstm32fw.a(stm32f10x_bkp.o)
                                                  Util/Fatfs/rtc.o
BKP_SetRTCCalibrationValue                        lib/STM32F10x_StdPeriph_Driver/libstm32fw.a(stm32f10x_bkp.o)
BKP_TamperPinCmd                                  lib/STM32F10x_StdPeriph_Driver/libstm32fw.a(stm32f10x_bkp.o)
BKP_TamperPinLevelConfig                          lib/STM32F10x_StdPeriph_Driver/libstm32fw.a(stm32f10x_bkp.o)
BKP_WriteBackupRegister                           lib/STM32F10x_StdPeriph_Driver/libstm32fw.a(stm32f10x_bkp.o)
                                                  Util/Fatfs/rtc.o
Balt                                              main.o
                                                  Control/imu.o
Baro_Convert_Pressure                             Sensors/bmp085.o
                                                  Control/imu.o
Baro_Read_ADC                                     Sensors/bmp085.o
                                                  Control/imu.o
                                                  main.o
Baro_Read_Full_ADC                                Sensors/bmp085.o
                                                  Control/imu.o
                                                  main.o
Baro_Setup_Pressure                               Sensors/bmp085.o
                                                  Control/imu.o
                                                  main.o
Baro_Setup_Temperature                            Sensors/bmp085.o
                                                  Control/imu.o
                                                  main.o
Be                                                Control/ekf.o
Bmp085_Convert                                    Sensors/bmp085.o
                                                  Control/imu.o
                                                  main.o
Bmp085_ReadConfig                                 Sensors/bmp085.o
                                                  main.o
Bmp_temp                                          Sensors/bmp085.o
                                                  Control/imu.o
                                                  main.o
BusFaultException                                 lib/libcs3-lanchon-stm32.a(lanchon_stm32_isr_interrupt.o)
                                                  lib/libcs3-lanchon-stm32.a(lanchon-stm32-vector.o)
BusFault_Handler                                  interrupts.o
Bytes_In_Buffer                                   dma.o
                                                  Control/imu.o
                                                  main.o
                                                  Sensors/ubx.o
CAN1_RX1_IRQHandler                               lib/CMSIS_CM3/startup/gcc/startup_stm32f10x_md.o
CAN1_SCE_IRQHandler                               lib/CMSIS_CM3/startup/gcc/startup_stm32f10x_md.o
CAN_RX1_IRQHandler                                lib/libcs3-lanchon-stm32.a(lanchon_stm32_isr_interrupt.o)
                                                  lib/libcs3-lanchon-stm32.a(lanchon-stm32-vector.o)
CAN_SCE_IRQHandler                                lib/libcs3-lanchon-stm32.a(lanchon_stm32_isr_interrupt.o)
                                                  lib/libcs3-lanchon-stm32.a(lanchon-stm32-vector.o)
Calibrate_3                                       Control/sensorcal.o