Archive member included because of file (symbol)

lib/STM32F10x_StdPeriph_Driver/libstm32fw.a(misc.o)
                              interrupts.o (NVIC_PriorityGroupConfig)
lib/STM32F10x_StdPeriph_Driver/libstm32fw.a(stm32f10x_bkp.o)
                              Util/Fatfs/rtc.o (BKP_WriteBackupRegister)
lib/STM32F10x_StdPeriph_Driver/libstm32fw.a(stm32f10x_dma.o)
                              dma.o (DMA_DeInit)
lib/STM32F10x_StdPeriph_Driver/libstm32fw.a(stm32f10x_exti.o)
                              interrupts.o (EXTI_Init)
lib/STM32F10x_StdPeriph_Driver/libstm32fw.a(stm32f10x_gpio.o)
                              Util/Fatfs/sd_spi_stm32.o (GPIO_Init)
lib/STM32F10x_StdPeriph_Driver/libstm32fw.a(stm32f10x_i2c.o)
                              i2c_int.o (I2C_Cmd)
lib/STM32F10x_StdPeriph_Driver/libstm32fw.a(stm32f10x_iwdg.o)
                              watchdog.o (IWDG_WriteAccessCmd)
lib/STM32F10x_StdPeriph_Driver/libstm32fw.a(stm32f10x_pwr.o)
                              Util/Fatfs/rtc.o (PWR_BackupAccessCmd)
lib/STM32F10x_StdPeriph_Driver/libstm32fw.a(stm32f10x_rcc.o)
                              Util/Fatfs/rtc.o (RCC_LSEConfig)
lib/STM32F10x_StdPeriph_Driver/libstm32fw.a(stm32f10x_rtc.o)
                              Util/Fatfs/rtc.o (RTC_GetCounter)
lib/STM32F10x_StdPeriph_Driver/libstm32fw.a(stm32f10x_spi.o)
                              Util/Fatfs/sd_spi_stm32.o (SPI_Init)
lib/STM32F10x_StdPeriph_Driver/libstm32fw.a(stm32f10x_tim.o)
                              pwm.o (TIM_TimeBaseInit)
lib/STM32F10x_StdPeriph_Driver/libstm32fw.a(stm32f10x_usart.o)
                              usart.o (USART_Cmd)
/home/laurence/CodeSourcery/Sourcery_G++_Lite/bin/../lib/gcc/arm-none-eabi/4.4.1/../../../../arm-none-eabi/lib/thumb2/libm.a(lib_a-s_cos.o)
                              Sensors/earth_field.o (cos)
/home/laurence/CodeSourcery/Sourcery_G++_Lite/bin/../lib/gcc/arm-none-eabi/4.4.1/../../../../arm-none-eabi/lib/thumb2/libm.a(lib_a-s_sin.o)
                              Sensors/earth_field.o (sin)
/home/laurence/CodeSourcery/Sourcery_G++_Lite/bin/../lib/gcc/arm-none-eabi/4.4.1/../../../../arm-none-eabi/lib/thumb2/libm.a(lib_a-w_asin.o)
                              Sensors/earth_field.o (asin)
/home/laurence/CodeSourcery/Sourcery_G++_Lite/bin/../lib/gcc/arm-none-eabi/4.4.1/../../../../arm-none-eabi/lib/thumb2/libm.a(lib_a-w_atan2.o)
                              Sensors/earth_field.o (atan2)
/home/laurence/CodeSourcery/Sourcery_G++_Lite/bin/../lib/gcc/arm-none-eabi/4.4.1/../../../../arm-none-eabi/lib/thumb2/libm.a(lib_a-w_pow.o)
                              Sensors/bmp085.o (pow)
/home/laurence/CodeSourcery/Sourcery_G++_Lite/bin/../lib/gcc/arm-none-eabi/4.4.1/../../../../arm-none-eabi/lib/thumb2/libm.a(lib_a-w_sqrt.o)
                              Sensors/earth_field.o (sqrt)
/home/laurence/CodeSourcery/Sourcery_G++_Lite/bin/../lib/gcc/arm-none-eabi/4.4.1/../../../../arm-none-eabi/lib/thumb2/libm.a(lib_a-wf_asin.o)
                              Util/coords.o (asinf)
/home/laurence/CodeSourcery/Sourcery_G++_Lite/bin/../lib/gcc/arm-none-eabi/4.4.1/../../../../arm-none-eabi/lib/thumb2/libm.a(lib_a-wf_atan2.o)
                              Util/coords.o (atan2f)
/home/laurence/CodeSourcery/Sourcery_G++_Lite/bin/../lib/gcc/arm-none-eabi/4.4.1/../../../../arm-none-eabi/lib/thumb2/libm.a(lib_a-e_asin.o)
                              /home/laurence/CodeSourcery/Sourcery_G++_Lite/bin/../lib/gcc/arm-none-eabi/4.4.1/../../../../arm-none-eabi/lib/thumb2/libm.a(lib_a-w_asin.o) (__ieee754_asin)
/home/laurence/CodeSourcery/Sourcery_G++_Lite/bin/../lib/gcc/arm-none-eabi/4.4.1/../../../../arm-none-eabi/lib/thumb2/libm.a(lib_a-e_atan2.o)
                              /home/laurence/CodeSourcery/Sourcery_G++_Lite/bin/../lib/gcc/arm-none-eabi/4.4.1/../../../../arm-none-eabi/lib/thumb2/libm.a(lib_a-w_atan2.o) (__ieee754_atan2)
/home/laurence/CodeSourcery/Sourcery_G++_Lite/bin/../lib/gcc/arm-none-eabi/4.4.1/../../../../arm-none-eabi/lib/thumb2/libm.a(lib_a-e_pow.o)
                              /home/laurence/CodeSourcery/Sourcery_G++_Lite/bin/../lib/gcc/arm-none-eabi/4.4.1/../../../../arm-none-eabi/lib/thumb2/libm.a(lib_a-w_pow.o) (__ieee754_pow)
/home/laurence/CodeSourcery/Sourcery_G++_Lite/bin/../lib/gcc/arm-none-eabi/4.4.1/../../../../arm-none-eabi/lib/thumb2/libm.a(lib_a-e_rem_pio2.o)
                              /home/laurence/CodeSourcery/Sourcery_G++_Lite/bin/../lib/gcc/arm-none-eabi/4.4.1/../../../../arm-none-eabi/lib/thumb2/libm.a(lib_a-s_cos.o) (__ieee754_rem_pio2)
/home/laurence/CodeSourcery/Sourcery_G++_Lite/bin/../lib/gcc/arm-none-eabi/4.4.1/../../../../arm-none-eabi/lib/thumb2/libm.a(lib_a-e_sqrt.o)
                              /home/laurence/CodeSourcery/Sourcery_G++_Lite/bin/../lib/gcc/arm-none-eabi/4.4.1/../../../../arm-none-eabi/lib/thumb2/libm.a(lib_a-w_sqrt.o) (__ieee754_sqrt)
[...]
Memory Configuration

Name             Origin             Length             Attributes
ram              0x20000000         0x00005000         xrw
rom              0x08000000         0x00020000         xr
*default*        0x00000000         0xffffffff

Linker script and memory map

LOAD /home/laurence/CodeSourcery/Sourcery_G++_Lite/bin/../lib/gcc/arm-none-eabi/4.4.1/thumb2/crti.o
LOAD /home/laurence/CodeSourcery/Sourcery_G++_Lite/bin/../lib/gcc/arm-none-eabi/4.4.1/thumb2/crtbegin.o
LOAD Sensors/accel_down.o
LOAD Sensors/bmp085.o
LOAD Sensors/earth_field.o
LOAD Sensors/pitot.o
LOAD Sensors/sensorcal.o
LOAD Sensors/ubx.o
LOAD Util/Fatfs/fattime.o
LOAD Util/Fatfs/ff.o
LOAD Util/Fatfs/rtc.o
LOAD Util/Fatfs/sd_spi_stm32.o
LOAD Util/atmospherics.o
LOAD Util/coords.o
LOAD Util/crc.o
LOAD Util/delay.o
LOAD Util/gravity.o
LOAD Util/rprintf.o
LOAD Util/time.o
LOAD Util/uavtalk.o
LOAD dma.o
LOAD gpio.o
LOAD i2c_int.o
LOAD interrupts.o
LOAD lib/CMSIS_CM3/core_cm3.o
LOAD lib/CMSIS_CM3/startup/gcc/startup_stm32f10x_md.o
LOAD lib/CMSIS_CM3/system_stm32f10x.o
LOAD main.o
LOAD pwm.o
LOAD usart.o
LOAD watchdog.o
LOAD Control/ekf.o
LOAD Control/imu.o
LOAD Control/loops.o
LOAD Control/servos.o
LOAD lib/STM32F10x_StdPeriph_Driver/libstm32fw.a
LOAD lib/STM32_USB-FS-Device_Driver/libstm32usb.a
LOAD /home/laurence/CodeSourcery/Sourcery_G++_Lite/bin/../lib/gcc/arm-none-eabi/4.4.1/../../../../arm-none-eabi/lib/thumb2/libm.a
START GROUP
LOAD /home/laurence/CodeSourcery/Sourcery_G++_Lite/bin/../lib/gcc/arm-none-eabi/4.4.1/thumb2/libgcc.a
LOAD /home/laurence/CodeSourcery/Sourcery_G++_Lite/bin/../lib/gcc/arm-none-eabi/4.4.1/../../../../arm-none-eabi/lib/thumb2/libc.a
END GROUP
LOAD /home/laurence/CodeSourcery/Sourcery_G++_Lite/bin/../lib/gcc/arm-none-eabi/4.4.1/thumb2/crtend.o
LOAD /home/laurence/CodeSourcery/Sourcery_G++_Lite/bin/../lib/gcc/arm-none-eabi/4.4.1/thumb2/crtn.o
START GROUP
LOAD /home/laurence/CodeSourcery/Sourcery_G++_Lite/bin/../lib/gcc/arm-none-eabi/4.4.1/thumb2/libgcc.a
LOAD /home/laurence/CodeSourcery/Sourcery_G++_Lite/bin/../lib/gcc/arm-none-eabi/4.4.1/../../../../arm-none-eabi/lib/thumb2/libc.a
LOAD /home/laurence/CodeSourcery/Sourcery_G++_Lite/bin/../lib/gcc/arm-none-eabi/4.4.1/../../../../arm-none-eabi/lib/thumb2/libcs3.a
LOAD /home/laurence/CodeSourcery/Sourcery_G++_Lite/bin/../lib/gcc/arm-none-eabi/4.4.1/../../../../arm-none-eabi/lib/thumb2/libcs3unhosted.a
LOAD lib/libcs3-lanchon-stm32.a
END GROUP
                0x20005000                PROVIDE (__cs3_stack, (__cs3_region_start_ram + __cs3_region_size_ram))
                0x20001bc8                PROVIDE (__cs3_heap_start, _end)
                0x20005000                PROVIDE (__cs3_heap_end, (__cs3_region_start_ram + __cs3_region_size_ram))

.text           0x08000000    0x19cc8
 CREATE_OBJECT_SYMBOLS
                0x08000000                __cs3_region_start_rom = .
 *(.cs3.region-head.rom)
                0x08000000                __cs3_interrupt_vector = __cs3_interrupt_vector_lanchon_stm32
 *(.cs3.interrupt_vector)
 .cs3.interrupt_vector
                0x08000000       0xec lib/libcs3-lanchon-stm32.a(lanchon-stm32-vector.o)
                0x08000000                __cs3_interrupt_vector_lanchon_stm32
                0x08000001                ASSERT ((. != __cs3_interrupt_vector_lanchon_stm32), No interrupt vector)
 *(.rom)
 *(.rom.b)
                0x08018a50                PROVIDE (__cs3_reset_lanchon_stm32, _start)
                0x08018a50                __cs3_reset = __cs3_reset_lanchon_stm32
 *(.cs3.reset)
 *(.text .text.* .gnu.linkonce.t.*)
 .text          0x080000ec       0x30 /home/laurence/CodeSourcery/Sourcery_G++_Lite/bin/../lib/gcc/arm-none-eabi/4.4.1/thumb2/crtbegin.o
 .text          0x0800011c       0xd0 Sensors/accel_down.o
                0x0800011c                Accel_Downconvert
 *fill*         0x080001ec        0x4 00
 .text          0x080001f0      0x108 Sensors/bmp085.o
                0x080001f0                Bmp085_Convert
                0x080002a8                Baro_Convert_Pressure
 .text          0x080002f8     0x1920 Sensors/earth_field.o
                0x080002f8                WMM_CalculateSecularVariation
                0x08000400                WMM_get_secular_var_coeff_g
                0x08000418                WMM_get_main_field_coeff_g
                0x080004b4                WMM_get_secular_var_coeff_h
                0x080004cc                WMM_get_main_field_coeff_h
                0x08000560                WMM_DateToYear
                0x0800059c                WMM_RotateMagneticVector
                0x08000658                WMM_ComputeSphericalHarmonicVariables
                0x0800072c                WMM_GeodeticToSpherical
                0x08000890                WMM_SecVarSummationSpecial
                0x08000a2c                WMM_SecVarSummation
                0x08000c2c                WMM_SummationSpecial
                0x08000dcc                WMM_Summation
                0x08000fcc                WMM_PcupLow
                0x08001318                WMM_PcupHigh
                0x080017be                WMM_AssociatedLegendreFunction
                0x0800184c                WMM_CalculateGeoMagneticElements
                0x08001910                WMM_Geomag
                0x08001a08                WMM_Initialize
                0x08001a80                WMM_GetMagVector
 .text          0x08001c18       0x70 Sensors/pitot.o
                0x08001c18                Pitot_Conv
                0x08001c32                Pitot_convert_Airspeed
 .text          0x08001c88       0xf4 Sensors/sensorcal.o
                0x08001c88                Calibrate_3
 .text          0x08001d7c      0x330 Sensors/ubx.o
                0x08001d7c                Gps_Process_Byte
                0x08001efc                Get_UBX_Ack
                0x08001fa8                Config_Gps
 .text          0x080020ac       0x42 Util/Fatfs/fattime.o
                0x080020ac                get_fattime
 *fill*         0x080020ee        0x2 00
 .text          0x080020f0     0x1a54 Util/Fatfs/ff.o
                0x08002116                clust2sect
                0x080021c6                f_mount
                0x08002604                put_fat
                0x08002702                get_fat
                0x08002952                f_truncate
                0x08002bb8                f_readdir
                0x08002c06                f_getfree
                0x08002ce6                f_lseek
                0x08002e38                f_write
                0x08002fea                f_read
                0x08003214                f_sync
                0x080032ca                f_close
                0x080034d8                f_stat
                0x0800351a                f_opendir
                0x08003588                f_rename
                0x080036ae                f_utime
                0x08003710                f_chmod
                0x0800376c                f_unlink
                0x08003834                f_mkdir
                0x080039e6                f_open
 .text          0x08003b44      0x2e4 Util/Fatfs/rtc.o
                0x08003c20                my_RTC_SetCounter
                0x08003c42                rtc_settime
                0x08003d14                rtc_init
                0x08003dae                rtc_gettime
 .text          0x08003e28      0x7cc Util/Fatfs/sd_spi_stm32.o
                0x08003e50                disk_status
                0x08003e60                disk_timerproc
                0x080040e0                disk_initialize
                0x08004264                disk_ioctl
                0x08004468                disk_read
                0x08004548                disk_write
 *fill*         0x080045f4        0x4 00
 .text          0x080045f8       0xd8 Util/atmospherics.o
                0x080045f8                US_1976_Temperature
                0x0800468c                Air_Density
 .text          0x080046d0      0x940 Util/coords.o
                0x080046d0                CrossProduct
                0x0800472e                quat_inverse
                0x0800474a                quat_copy
                0x08004760                quat_mult
                0x0800486a                rot_mult
                0x0800490a                VectorMagnitude
                0x0800494c                RotFrom2Vectors
                0x08004b18                R2Quaternion
                0x08004d00                Quaternion2RPY
                0x08004e38                RneFromLLA
                0x08004ef8                LLA2ECEF
 .text          0x08005010       0x2c Util/crc.o
                0x08005010                CRC_updateByte
                0x0800501c                CRC_updateCRC
 .text          0x0800503c       0x16 Util/delay.o
                0x0800503c                Delay
 *fill*         0x08005052        0x6 00
 .text          0x08005058       0xc8 Util/gravity.o
                0x08005058                Ge_From_Latitude
 .text          0x08005120      0x57c Util/rprintf.o
                0x08005120                rprintfInit
                0x0800512c                rprintfChar
                0x0800514c                rprintfStr
                0x08005164                rprintfStrLen
                0x0800519a                rprintfCRLF
                0x0800519e                rprintfu04
                0x080051a8                rprintfu08
                0x080051ba                rprintfu16
                0x080051cc                rprintfu32
                0x080051de                rprintfNum
                0x08005294                rprintfFloat
                0x0800534c                Isdigit
                0x0800535a                atoiRamRom
                0x08005380                rStrLen
                0x08005390                rprintf2RamRom
 .text          0x0800569c       0x20 Util/time.o
                0x0800569c                Set_RTC_From_GPS
 .text          0x080056bc      0x384 Util/uavtalk.o
                0x080056bc                UAVtalk_Register_Object
                0x080056d0                memchr_32
                0x080056f4                UAVtalk_Generate_Packet
                0x08005808                UAVtalk_Run_Streams
                0x08005888                UAVtalk_Process_Byte
 .text          0x08005a40      0x164 dma.o
                0x08005a40                Pop_From_Buffer
                0x08005a5c                Bytes_In_Buffer
                0x08005a84                Get_From_Buffer
                0x08005ab8                Flush_Buffer
                0x08005aca                DMA_USART2_Configuration
                0x08005b14                DMA_USART1_Configuration
 .text          0x08005ba4      0x1e0 gpio.o
                0x08005ba4                Get_MEMS_DRDY
                0x08005bcc                MEMS_Status_Configuration
                0x08005c08                Aux_Devices_Configuration
                0x08005c64                SPI_Control_Configuration
                0x08005ccc                GPS_IO_Configuration
                0x08005d18                GPIO_Config_AF_Periferals
                0x08005d6c                All_IO_Configuration
 .text          0x08005d84      0x52c i2c_int.o
                0x08005d84                I2C1_Setup_Job
                0x08005d98                I2C_Config
                0x08005e40                I2C1_Request_Job
                0x08005e70                I2C1_ER_IRQHandler
                0x08005efc                I2C1_EV_IRQHandler
 .text          0x080062b0      0x1b8 interrupts.o
                0x080062b0                NMI_Handler
                0x080062b2                HardFault_Handler
                0x080062b4                MemManage_Handler
                0x080062b6                BusFault_Handler
                0x080062b8                UsageFault_Handler
                0x080062ba                SVC_Handler
                0x080062bc                DebugMon_Handler
                0x080062be                PendSV_Handler
                0x080062c0                SysTick_Handler
                0x080062c2                EXTI15_10_IRQHandler
                0x080062e2                EXTI9_5_IRQHandler
                0x08006358                EXTI_Config
                0x08006434                EXTI4_IRQHandler
 .text.Default_Handler
                0x08006468        0x2 lib/CMSIS_CM3/startup/gcc/startup_stm32f10x_md.o
                0x08006468                EXTI2_IRQHandler
                0x08006468                TIM1_CC_IRQHandler
                0x08006468                PVD_IRQHandler
                0x08006468                EXTI3_IRQHandler
                0x08006468                EXTI0_IRQHandler
                0x08006468                I2C2_EV_IRQHandler
                0x08006468                ADC1_2_IRQHandler
                0x08006468                SPI1_IRQHandler
                0x08006468                TAMPER_IRQHandler
                0x08006468                DMA1_Channel4_IRQHandler
                0x08006468                USART3_IRQHandler
                0x08006468                RTC_IRQHandler
                0x08006468                DMA1_Channel7_IRQHandler
                0x08006468                CAN1_RX1_IRQHandler
                0x08006468                TIM4_IRQHandler
                0x08006468                DMA1_Channel6_IRQHandler
                0x08006468                TIM3_IRQHandler
                0x08006468                RCC_IRQHandler
                0x08006468                TIM1_TRG_COM_IRQHandler
                0x08006468                DMA1_Channel1_IRQHandler
                0x08006468                Default_Handler
                0x08006468                SPI2_IRQHandler
                0x08006468                DMA1_Channel5_IRQHandler
                0x08006468                USB_LP_CAN1_RX0_IRQHandler
                0x08006468                USB_HP_CAN1_TX_IRQHandler
                0x08006468                DMA1_Channel3_IRQHandler
                0x08006468                TIM1_UP_IRQHandler
                0x08006468                WWDG_IRQHandler
                0x08006468                TIM2_IRQHandler
                0x08006468                TIM1_BRK_IRQHandler
                0x08006468                EXTI1_IRQHandler
                0x08006468                RTCAlarm_IRQHandler
                0x08006468                USART2_IRQHandler
                0x08006468                I2C2_ER_IRQHandler
                0x08006468                DMA1_Channel2_IRQHandler
                0x08006468                CAN1_SCE_IRQHandler
                0x08006468                FLASH_IRQHandler
                0x08006468                USART1_IRQHandler
                0x08006468                USBWakeUp_IRQHandler
 *fill*         0x0800646a        0x2 00
 .text          0x0800646c       0xf8 lib/CMSIS_CM3/system_stm32f10x.o
                0x0800646c                SystemInit
 *fill*         0x08006564        0x4 00
 .text          0x08006568      0xa68 main.o
                0x08006568                Initialisation
                0x08006e66                main
 .text          0x08006fd0      0x1e0 pwm.o
                0x08006fd0                PWM_Set
                0x08007050                Timer_GPIO_Disable
                0x0800708c                Timer_GPIO_Enable
                0x080070c8                Timer_RCC_Configuration
                0x080070e0                Init_Timers
 .text          0x080071b0      0x1c8 usart.o
                0x080071b0                Default_Usart_Config
                0x080071c2                __gps_send_char
                0x080071e0                Gps_Send_Str
                0x080071f8                Gps_Send_Utf8
                0x08007212                __usart_send_char
                0x08007230                Usart_Send_Str
                0x08007248                usart1_disable_dma
                0x08007268                usart1_send_data_dma
                0x08007294                USART2_reconf
                0x080072d8                Usarts_Init
 .text          0x08007378       0x3e watchdog.o
                0x08007378                Watchdog_Reset_Detect
                0x0800738c                Watchdog_Config
 *fill*         0x080073b6        0x2 00
 .text          0x080073b8     0x8890 Control/ekf.o
                0x080073b8                ins_get_num_states
                0x080073bc                INSGPSInit
                0x080074e8                INSResetP
                0x08007530                INSResetRGPS
                0x0800755c                INSSetState
                0x080075c0                INSPosVelReset
                0x08007648                INSSetPosVelVar
                0x08007664                INSSetGyroBias
                0x08007680                INSSetAccelVar
                0x0800769c                INSSetGyroVar
                0x080076b8                INSSetMagVar
                0x080076d4                INSSetMagNorth
                0x080076ec                INSSetGravity
                0x080076f8                CovariancePrediction
                0x0800ea42                INSCovariancePrediction
                0x0800ea68                SerialUpdate
                0x0800ebc0                StateEq
                0x0800ee94                RungeKutta
                0x0800efbc                LinearizeFG
                0x0800f430                MeasurementEq
                0x0800f5ee                LinearizeH
                0x0800f8b8                INSCorrection
                0x0800fa68                VelBaroCorrection
                0x0800fa84                GpsMagCorrection
                0x0800fa9c                FullCorrection
                0x0800faaa                GpsBaroCorrection
                0x0800fac8                MagVelBaroCorrection
                0x0800fae4                MagCorrection
                0x0800fb04                INSStatePrediction
 .text          0x0800fc48      0x950 Control/imu.o
                0x0800fc48                run_imu
 .text          0x08010598       0x64 Control/loops.o
                0x08010598                Run_PID
                0x080105f4                Reset_PID
 .text          0x080105fc       0x64 Control/servos.o
                0x080105fc                Disable_Servos
                0x08010600                Enable_Servos
                0x08010604                Apply_Servos
 .text          0x08010660       0xc0 lib/STM32F10x_StdPeriph_Driver/libstm32fw.a(misc.o)
                0x08010660                NVIC_PriorityGroupConfig
                0x08010674                NVIC_Init
                0x080106d8                NVIC_SetVectorTable
                0x080106ec                NVIC_SystemLPConfig
                0x08010708                SysTick_CLKSourceConfig
 .text          0x08010720       0xe4 lib/STM32F10x_StdPeriph_Driver/libstm32fw.a(stm32f10x_bkp.o)
                0x08010720                BKP_TamperPinLevelConfig
                0x0801072c                BKP_TamperPinCmd
                0x08010738                BKP_ITConfig
                0x08010744                BKP_RTCOutputConfig
                0x0801075c                BKP_SetRTCCalibrationValue
                0x08010774                BKP_WriteBackupRegister
                0x08010790                BKP_ReadBackupRegister
                0x080107b0                BKP_GetFlagStatus
                0x080107bc                BKP_ClearFlag
                0x080107d0                BKP_GetITStatus
                0x080107dc                BKP_ClearITPendingBit
                0x080107f0                BKP_DeInit
 .text          0x08010804      0x1d4 lib/STM32F10x_StdPeriph_Driver/libstm32fw.a(stm32f10x_dma.o)
                0x08010804                DMA_DeInit
                0x080108e4                DMA_Init
                0x08010924                DMA_StructInit
                0x0801093e                DMA_Cmd
                0x08010952                DMA_ITConfig
                0x08010964                DMA_GetCurrDataCounter
                0x0801096a                DMA_GetFlagStatus
                0x08010988                DMA_ClearFlag
                0x080109a0                DMA_GetITStatus
                0x080109c0                DMA_ClearITPendingBit
 .text          0x080109d8      0x104 lib/STM32F10x_StdPeriph_Driver/libstm32fw.a(stm32f10x_exti.o)
                0x080109d8                EXTI_DeInit
                0x080109f4                EXTI_Init
                0x08010a74                EXTI_StructInit
                0x08010a82                EXTI_GenerateSWInterrupt
                0x08010a94                EXTI_GetFlagStatus
                0x08010aa8                EXTI_ClearFlag
                0x08010ab4                EXTI_GetITStatus
                0x08010ad0                EXTI_ClearITPendingBit
 .text          0x08010adc      0x29c lib/STM32F10x_StdPeriph_Driver/libstm32fw.a(stm32f10x_gpio.o)
                0x08010adc                GPIO_Init
                0x08010b94                GPIO_StructInit
                0x08010ba4                GPIO_ReadInputDataBit
                0x08010bb0                GPIO_ReadInputData
                0x08010bb6                GPIO_ReadOutputDataBit
                0x08010bc2                GPIO_ReadOutputData
                0x08010bc8                GPIO_SetBits
                0x08010bcc                GPIO_ResetBits
                0x08010bd0                GPIO_WriteBit
                0x08010bda                GPIO_Write
                0x08010bde                GPIO_PinLockConfig
                0x08010bee                GPIO_EventOutputConfig
                0x08010c0c                GPIO_EventOutputCmd
                0x08010c18                GPIO_PinRemapConfig
                0x08010c78                GPIO_EXTILineConfig
                0x08010cac                GPIO_ETH_MediaInterfaceConfig
                0x08010cb8                GPIO_AFIODeInit
                0x08010cce                GPIO_DeInit
 .text          0x08010d78      0x3cc lib/STM32F10x_StdPeriph_Driver/libstm32fw.a(stm32f10x_i2c.o)
                0x08010d78                I2C_StructInit
                0x08010d94                I2C_Cmd
                0x08010dae                I2C_DMACmd
                0x08010dc8                I2C_DMALastTransferCmd
                0x08010de2                I2C_GenerateSTART
                0x08010dfc                I2C_GenerateSTOP
                0x08010e16                I2C_AcknowledgeConfig
                0x08010e30                I2C_OwnAddress2Config
                0x08010e46                I2C_DualAddressCmd
                0x08010e60                I2C_GeneralCallCmd
                0x08010e7a                I2C_ITConfig
                0x08010e90                I2C_SendData
                0x08010e94                I2C_ReceiveData
                0x08010e9a                I2C_Send7bitAddress
                0x08010eaa                I2C_ReadRegister
                0x08010ec2                I2C_SoftwareResetCmd
                0x08010edc                I2C_SMBusAlertConfig
                0x08010ef8                I2C_TransmitPEC
                0x08010f12                I2C_PECPositionConfig
                0x08010f2e                I2C_CalculatePEC
                0x08010f48                I2C_GetPEC
                0x08010f50                I2C_ARPCmd
                0x08010f6a                I2C_StretchClockCmd
                0x08010f84                I2C_FastModeDutyCycleConfig
                0x08010fa0                I2C_GetLastEvent
                0x08010fb0                I2C_CheckEvent
                0x08010fc8                I2C_GetFlagStatus
                0x08010ffc                I2C_ClearFlag
                0x08011004                I2C_GetITStatus
                0x08011020                I2C_ClearITPendingBit
                0x08011028                I2C_Init
                0x08011110                I2C_DeInit
 .text          0x08011144       0x58 lib/STM32F10x_StdPeriph_Driver/libstm32fw.a(stm32f10x_iwdg.o)
                0x08011144                IWDG_WriteAccessCmd
                0x08011150                IWDG_SetPrescaler
                0x0801115c                IWDG_SetReload
                0x08011168                IWDG_ReloadCounter
                0x08011178                IWDG_Enable
                0x08011188                IWDG_GetFlagStatus
 .text          0x0801119c       0xd0 lib/STM32F10x_StdPeriph_Driver/libstm32fw.a(stm32f10x_pwr.o)
                0x080111a0                PWR_BackupAccessCmd
                0x080111ac                PWR_PVDCmd
                0x080111b8                PWR_PVDLevelConfig
                0x080111cc                PWR_WakeUpPinCmd
                0x080111d8                PWR_EnterSTOPMode
                0x08011204                PWR_EnterSTANDBYMode
                0x0801122c                PWR_GetFlagStatus
                0x08011240                PWR_ClearFlag
                0x08011250                PWR_DeInit
 .text          0x0801126c      0x384 lib/STM32F10x_StdPeriph_Driver/libstm32fw.a(stm32f10x_rcc.o)
                0x0801126c                RCC_DeInit
                0x080112ac                RCC_HSEConfig
                0x080112e4                RCC_AdjustHSICalibrationValue
                0x080112f8                RCC_HSICmd
                0x08011304                RCC_PLLConfig
                0x0801131c                RCC_PLLCmd
                0x08011328                RCC_SYSCLKConfig
                0x0801133c                RCC_GetSYSCLKSource
                0x0801134c                RCC_HCLKConfig
                0x08011360                RCC_PCLK1Config
                0x08011374                RCC_PCLK2Config
                0x08011388                RCC_ITConfig
                0x080113a4                RCC_USBCLKConfig
                0x080113b0                RCC_ADCCLKConfig
                0x080113c4                RCC_LSEConfig
                0x080113e4                RCC_LSICmd
                0x080113f0                RCC_RTCCLKConfig
                0x08011400                RCC_RTCCLKCmd
                0x0801140c                RCC_GetClocksFreq
                0x080114bc                RCC_AHBPeriphClockCmd
                0x080114d8                RCC_APB2PeriphClockCmd
                0x080114f4                RCC_APB1PeriphClockCmd
                0x08011510                RCC_APB2PeriphResetCmd
                0x0801152c                RCC_APB1PeriphResetCmd
                0x08011548                RCC_BackupResetCmd
                0x08011554                RCC_ClockSecuritySystemCmd
                0x08011560                RCC_MCOConfig
                0x0801156c                RCC_GetFlagStatus
                0x08011594                RCC_WaitForHSEStartUp
                0x080115c0                RCC_ClearFlag
                0x080115d0                RCC_GetITStatus
                0x080115e4                RCC_ClearITPendingBit
 .text          0x080115f0      0x15c lib/STM32F10x_StdPeriph_Driver/libstm32fw.a(stm32f10x_rtc.o)
                0x080115f0                RTC_ITConfig
                0x08011610                RTC_EnterConfigMode
                0x08011624                RTC_ExitConfigMode
                0x08011638                RTC_GetCounter
                0x0801164c                RTC_SetCounter
                0x08011668                RTC_SetPrescaler
                0x08011688                RTC_SetAlarm
                0x080116a4                RTC_GetDivider
                0x080116bc                RTC_WaitForLastTask
                0x080116cc                RTC_WaitForSynchro
                0x080116ec                RTC_GetFlagStatus
                0x08011700                RTC_ClearFlag
                0x08011714                RTC_GetITStatus
                0x08011738                RTC_ClearITPendingBit
 .text          0x0801174c      0x2f8 lib/STM32F10x_StdPeriph_Driver/libstm32fw.a(stm32f10x_spi.o)
                0x0801174c                SPI_Init
                0x080117a6                SPI_StructInit
                0x080117c0                I2S_StructInit
                0x080117d4                SPI_Cmd
                0x080117ee                I2S_Cmd
                0x08011808                SPI_I2S_ITConfig
                0x08011826                SPI_I2S_DMACmd
                0x0801183c                SPI_I2S_SendData
                0x08011840                SPI_I2S_ReceiveData
                0x08011846                SPI_NSSInternalSoftwareConfig
                0x08011860                SPI_SSOutputCmd
                0x0801187a                SPI_DataSizeConfig
                0x08011892                SPI_TransmitCRC
                0x0801189e                SPI_CalculateCRC
                0x080118b8                SPI_GetCRC
                0x080118c8                SPI_GetCRCPolynomial
                0x080118ce                SPI_BiDirectionalLineConfig
                0x080118ea                SPI_I2S_GetFlagStatus
                0x080118f6                SPI_I2S_ClearFlag
                0x080118fe                SPI_I2S_GetITStatus
                0x08011928                SPI_I2S_ClearITPendingBit
                0x08011938                I2S_Init
                0x080119e2                SPI_I2S_DeInit
 .text          0x08011a44      0xb54 lib/STM32F10x_StdPeriph_Driver/libstm32fw.a(stm32f10x_tim.o)
                0x08011a44                TIM_TimeBaseInit
                0x08011a84                TIM_OC1Init
                0x08011b18                TIM_OC2Init
                0x08011bb4                TIM_OC3Init
                0x08011c4c                TIM_OC4Init
                0x08011cc8                TIM_BDTRConfig
                0x08011cec                TIM_TimeBaseStructInit
                0x08011cfe                TIM_OCStructInit
                0x08011d12                TIM_ICStructInit
                0x08011d24                TIM_BDTRStructInit
                0x08011d36                TIM_Cmd
                0x08011d50                TIM_CtrlPWMOutputs
                0x08011d70                TIM_ITConfig
                0x08011d86                TIM_GenerateEvent
                0x08011d8a                TIM_DMAConfig
                0x08011d92                TIM_DMACmd
                0x08011da8                TIM_InternalClockConfig
                0x08011db6                TIM_ETRConfig
                0x08011dd4                TIM_ETRClockMode2Config
                0x08011de8                TIM_ETRClockMode1Config
                0x08011e02                TIM_PrescalerConfig
                0x08011e08                TIM_CounterModeConfig
                0x08011e1a                TIM_SelectInputTrigger
                0x08011e2c                TIM_ITRxExternalClockConfig
                0x08011e40                TIM_EncoderInterfaceConfig
                0x08011e88                TIM_ForcedOC1Config
                0x08011e9a                TIM_ForcedOC2Config
                0x08011eae                TIM_ForcedOC3Config
                0x08011ec0                TIM_ForcedOC4Config
                0x08011ed4                TIM_ARRPreloadConfig
                0x08011eee                TIM_SelectCOM
                0x08011f08                TIM_SelectCCDMA
                0x08011f22                TIM_CCPreloadControl
                0x08011f3c                TIM_OC1PreloadConfig
                0x08011f4e                TIM_OC2PreloadConfig
                0x08011f62                TIM_OC3PreloadConfig
                0x08011f74                TIM_OC4PreloadConfig
                0x08011f88                TIM_OC1FastConfig
                0x08011f9a                TIM_OC2FastConfig
                0x08011fae                TIM_OC3FastConfig
                0x08011fc0                TIM_OC4FastConfig
                0x08011fd4                TIM_ClearOC1Ref
                0x08011fe6                TIM_ClearOC2Ref
                0x08011ff6                TIM_ClearOC3Ref
                0x08012008                TIM_ClearOC4Ref
                0x08012018                TIM_OC1PolarityConfig
                0x0801202a                TIM_OC1NPolarityConfig
                0x0801203c                TIM_OC2PolarityConfig
                0x08012050                TIM_OC2NPolarityConfig
                0x08012064                TIM_OC3PolarityConfig
                0x08012078                TIM_OC3NPolarityConfig
                0x0801208c                TIM_OC4PolarityConfig
                0x080120a0                TIM_CCxCmd
                0x080120c2                TIM_CCxNCmd
                0x080120e4                TIM_SelectOCxM
                0x08012136                TIM_UpdateDisableConfig
                0x08012150                TIM_UpdateRequestConfig
                0x0801216a                TIM_SelectHallSensor
                0x08012184                TIM_SelectOnePulseMode
                0x0801219c                TIM_SelectOutputTrigger
                0x080121b4                TIM_SelectSlaveMode
                0x080121cc                TIM_SelectMasterSlaveMode
                0x080121e4                TIM_SetCounter
                0x080121e8                TIM_SetAutoreload
                0x080121ec                TIM_SetCompare1
                0x080121f0                TIM_SetCompare2
                0x080121f4                TIM_SetCompare3
                0x080121f8                TIM_SetCompare4
                0x080121fe                TIM_SetIC1Prescaler
                0x08012216                TIM_SetIC2Prescaler
                0x08012230                TIM_SetIC3Prescaler
                0x08012248                TIM_SetIC4Prescaler
                0x08012262                TIM_SetClockDivision
                0x08012274                TIM_GetCapture1
                0x0801227a                TIM_GetCapture2
                0x08012280                TIM_GetCapture3
                0x08012286                TIM_GetCapture4
                0x0801228e                TIM_GetCounter
                0x08012294                TIM_GetPrescaler
                0x0801229a                TIM_GetFlagStatus
                0x080122a6                TIM_ClearFlag
                0x080122ae                TIM_GetITStatus
                0x080122c4                TIM_ClearITPendingBit
                0x08012364                TIM_TIxExternalClockConfig
                0x08012392                TIM_PWMIConfig
                0x080123fe                TIM_ICInit
                0x080124ce                TIM_DeInit
 .text          0x08012598      0x384 lib/STM32F10x_StdPeriph_Driver/libstm32fw.a(stm32f10x_usart.o)
                0x08012598                USART_StructInit
                0x080125b0                USART_ClockInit
                0x080125da                USART_ClockStructInit
                0x080125e6                USART_Cmd
                0x08012600                USART_ITConfig
                0x08012636                USART_DMACmd
                0x0801264c                USART_SetAddress
                0x08012664                USART_WakeUpConfig
                0x0801267c                USART_ReceiverWakeUpCmd
                0x08012696                USART_LINBreakDetectLengthConfig
                0x080126ae                USART_LINCmd
                0x080126c8                USART_SendData
                0x080126d0                USART_ReceiveData
                0x080126d8                USART_SendBreak
                0x080126e4                USART_SetGuardTime
                0x080126f6                USART_SetPrescaler
                0x0801270a                USART_SmartCardCmd
                0x08012724                USART_SmartCardNACKCmd
                0x0801273e                USART_HalfDuplexCmd
                0x08012758                USART_IrDAConfig
                0x08012770                USART_IrDACmd
                0x0801278a                USART_GetFlagStatus
                0x08012796                USART_ClearFlag
                0x0801279e                USART_GetITStatus
                0x080127e4                USART_ClearITPendingBit
                0x080127f2                USART_Init
                0x08012884                USART_DeInit
 .text          0x0801291c       0x98 /home/laurence/CodeSourcery/Sourcery_G++_Lite/bin/../lib/gcc/arm-none-eabi/4.4.1/../../../../arm-none-eabi/lib/thumb2/libm.a(lib_a-s_cos.o)
                0x0801291c                cos
 .text          0x080129b4       0xa0 /home/laurence/CodeSourcery/Sourcery_G++_Lite/bin/../lib/gcc/arm-none-eabi/4.4.1/../../../../arm-none-eabi/lib/thumb2/libm.a(lib_a-s_sin.o)
                0x080129b4                sin
 .text          0x08012a54       0xac /home/laurence/CodeSourcery/Sourcery_G++_Lite/bin/../lib/gcc/arm-none-eabi/4.4.1/../../../../arm-none-eabi/lib/thumb2/libm.a(lib_a-w_asin.o)
                0x08012a54                asin
 .text          0x08012b00        0x4 /home/laurence/CodeSourcery/Sourcery_G++_Lite/bin/../lib/gcc/arm-none-eabi/4.4.1/../../../../arm-none-eabi/lib/thumb2/libm.a(lib_a-w_atan2.o)
                0x08012b00                atan2
 .text          0x08012b04      0x358 /home/laurence/CodeSourcery/Sourcery_G++_Lite/bin/../lib/gcc/arm-none-eabi/4.4.1/../../../../arm-none-eabi/lib/thumb2/libm.a(lib_a-w_pow.o)
                0x08012b04                pow
 .text          0x08012e5c       0xac /home/laurence/CodeSourcery/Sourcery_G++_Lite/bin/../lib/gcc/arm-none-eabi/4.4.1/../../../../arm-none-eabi/lib/thumb2/libm.a(lib_a-w_sqrt.o)
                0x08012e5c                sqrt
 .text          0x08012f08       0xa8 /home/laurence/CodeSourcery/Sourcery_G++_Lite/bin/../lib/gcc/arm-none-eabi/4.4.1/../../../../arm-none-eabi/lib/thumb2/libm.a(lib_a-wf_asin.o)
                0x08012f08                asinf
 .text          0x08012fb0        0x4 /home/laurence/CodeSourcery/Sourcery_G++_Lite/bin/../lib/gcc/arm-none-eabi/4.4.1/../../../../arm-none-eabi/lib/thumb2/libm.a(lib_a-wf_atan2.o)
                0x08012fb0                atan2f
 *fill*         0x08012fb4        0x4 00
 .text          0x08012fb8      0x420 /home/laurence/CodeSourcery/Sourcery_G++_Lite/bin/../lib/gcc/arm-none-eabi/4.4.1/../../../../arm-none-eabi/lib/thumb2/libm.a(lib_a-e_asin.o)
                0x08012fb8                __ieee754_asin
 .text          0x080133d8      0x220 /home/laurence/CodeSourcery/Sourcery_G++_Lite/bin/../lib/gcc/arm-none-eabi/4.4.1/../../../../arm-none-eabi/lib/thumb2/libm.a(lib_a-e_atan2.o)
                0x080133d8                __ieee754_atan2
 .text          0x080135f8      0xb60 /home/laurence/CodeSourcery/Sourcery_G++_Lite/bin/../lib/gcc/arm-none-eabi/4.4.1/../../../../arm-none-eabi/lib/thumb2/libm.a(lib_a-e_pow.o)
                0x080135f8                __ieee754_pow
 .text          0x08014158      0x418 /home/laurence/CodeSourcery/Sourcery_G++_Lite/bin/../lib/gcc/arm-none-eabi/4.4.1/../../../../arm-none-eabi/lib/thumb2/libm.a(lib_a-e_rem_pio2.o)
                0x08014158                __ieee754_rem_pio2
 .text          0x08014570      0x1dc /home/laurence/CodeSourcery/Sourcery_G++_Lite/bin/../lib/gcc/arm-none-eabi/4.4.1/../../../../arm-none-eabi/lib/thumb2/libm.a(lib_a-e_sqrt.o)
                0x08014570                __ieee754_sqrt
 .text          0x0801474c      0x318 /home/laurence/CodeSourcery/Sourcery_G++_Lite/bin/../lib/gcc/arm-none-eabi/4.4.1/../../../../arm-none-eabi/lib/thumb2/libm.a(lib_a-ef_asin.o)
                0x0801474c                __ieee754_asinf
 .text          0x08014a64      0x158 /home/laurence/CodeSourcery/Sourcery_G++_Lite/bin/../lib/gcc/arm-none-eabi/4.4.1/../../../../arm-none-eabi/lib/thumb2/libm.a(lib_a-ef_atan2.o)
                0x08014a64                __ieee754_atan2f
 .text          0x08014bbc       0xb4 /home/laurence/CodeSourcery/Sourcery_G++_Lite/bin/../lib/gcc/arm-none-eabi/4.4.1/../../../../arm-none-eabi/lib/thumb2/libm.a(lib_a-ef_sqrt.o)
                0x08014bbc                __ieee754_sqrtf
 .text          0x08014c70      0x250 /home/laurence/CodeSourcery/Sourcery_G++_Lite/bin/../lib/gcc/arm-none-eabi/4.4.1/../../../../arm-none-eabi/lib/thumb2/libm.a(lib_a-k_cos.o)
                0x08014c70                __kernel_cos
 .text          0x08014ec0      0x7b4 /home/laurence/CodeSourcery/Sourcery_G++_Lite/bin/../lib/gcc/arm-none-eabi/4.4.1/../../../../arm-none-eabi/lib/thumb2/libm.a(lib_a-k_rem_pio2.o)
                0x08014ec0                __kernel_rem_pio2
 *fill*         0x08015674        0x4 00
 .text          0x08015678      0x170 /home/laurence/CodeSourcery/Sourcery_G++_Lite/bin/../lib/gcc/arm-none-eabi/4.4.1/../../../../arm-none-eabi/lib/thumb2/libm.a(lib_a-k_sin.o)
                0x08015678                __kernel_sin
 .text          0x080157e8      0x348 /home/laurence/CodeSourcery/Sourcery_G++_Lite/bin/../lib/gcc/arm-none-eabi/4.4.1/../../../../arm-none-eabi/lib/thumb2/libm.a(lib_a-s_atan.o)
                0x080157e8                atan
 .text          0x08015b30        0x8 /home/laurence/CodeSourcery/Sourcery_G++_Lite/bin/../lib/gcc/arm-none-eabi/4.4.1/../../../../arm-none-eabi/lib/thumb2/libm.a(lib_a-s_fabs.o)
                0x08015b30                fabs
 .text          0x08015b38       0x10 /home/laurence/CodeSourcery/Sourcery_G++_Lite/bin/../lib/gcc/arm-none-eabi/4.4.1/../../../../arm-none-eabi/lib/thumb2/libm.a(lib_a-s_finite.o)
                0x08015b38                finite
 .text          0x08015b48      0x128 /home/laurence/CodeSourcery/Sourcery_G++_Lite/bin/../lib/gcc/arm-none-eabi/4.4.1/../../../../arm-none-eabi/lib/thumb2/libm.a(lib_a-s_floor.o)
                0x08015b48                floor
 .text          0x08015c70       0x1c /home/laurence/CodeSourcery/Sourcery_G++_Lite/bin/../lib/gcc/arm-none-eabi/4.4.1/../../../../arm-none-eabi/lib/thumb2/libm.a(lib_a-s_isnand.o)
                0x08015c70                __isnand
 .text          0x08015c8c        0x4 /home/laurence/CodeSourcery/Sourcery_G++_Lite/bin/../lib/gcc/arm-none-eabi/4.4.1/../../../../arm-none-eabi/lib/thumb2/libm.a(lib_a-s_matherr.o)
                0x08015c8c                matherr
 .text          0x08015c90        0xc /home/laurence/CodeSourcery/Sourcery_G++_Lite/bin/../lib/gcc/arm-none-eabi/4.4.1/../../../../arm-none-eabi/lib/thumb2/libm.a(lib_a-s_nan.o)
                0x08015c90                nan
 .text          0x08015c9c      0x134 /home/laurence/CodeSourcery/Sourcery_G++_Lite/bin/../lib/gcc/arm-none-eabi/4.4.1/../../../../arm-none-eabi/lib/thumb2/libm.a(lib_a-s_rint.o)
                0x08015c9c                rint
 .text          0x08015dd0      0x118 /home/laurence/CodeSourcery/Sourcery_G++_Lite/bin/../lib/gcc/arm-none-eabi/4.4.1/../../../../arm-none-eabi/lib/thumb2/libm.a(lib_a-s_scalbn.o)
                0x08015dd0                scalbn
 .text          0x08015ee8      0x23c /home/laurence/CodeSourcery/Sourcery_G++_Lite/bin/../lib/gcc/arm-none-eabi/4.4.1/../../../../arm-none-eabi/lib/thumb2/libm.a(lib_a-sf_atan.o)
                0x08015ee8                atanf
 .text          0x08016124        0x8 /home/laurence/CodeSourcery/Sourcery_G++_Lite/bin/../lib/gcc/arm-none-eabi/4.4.1/../../../../arm-none-eabi/lib/thumb2/libm.a(lib_a-sf_fabs.o)
                0x08016124                fabsf
 .text          0x0801612c       0x10 /home/laurence/CodeSourcery/Sourcery_G++_Lite/bin/../lib/gcc/arm-none-eabi/4.4.1/../../../../arm-none-eabi/lib/thumb2/libm.a(lib_a-sf_isnan.o)
                0x0801612c                isnanf
 .text          0x0801613c       0x18 /home/laurence/CodeSourcery/Sourcery_G++_Lite/bin/../lib/gcc/arm-none-eabi/4.4.1/../../../../arm-none-eabi/lib/thumb2/libm.a(lib_a-s_copysign.o)
                0x0801613c                copysign
 *fill*         0x08016154        0x4 00
 .text          0x08016158      0x2b0 /home/laurence/CodeSourcery/Sourcery_G++_Lite/bin/../lib/gcc/arm-none-eabi/4.4.1/thumb2/libgcc.a(_divsi3.o)
                0x08016158                __aeabi_idiv
                0x08016158                __divsi3
                0x080163ec                __aeabi_idivmod
 .text          0x08016408        0x4 /home/laurence/CodeSourcery/Sourcery_G++_Lite/bin/../lib/gcc/arm-none-eabi/4.4.1/thumb2/libgcc.a(_dvmd_tls.o)
                0x08016408                __aeabi_ldiv0
                0x08016408                __aeabi_idiv0
 .text          0x0801640c      0x370 /home/laurence/CodeSourcery/Sourcery_G++_Lite/bin/../lib/gcc/arm-none-eabi/4.4.1/thumb2/libgcc.a(_arm_addsubdf3.o)
                0x0801640c                __aeabi_drsub
                0x08016414                __aeabi_dsub
                0x08016414                __subdf3
                0x08016418                __adddf3
                0x08016418                __aeabi_dadd
                0x08016690                __aeabi_ui2d
                0x08016690                __floatunsidf
                0x080166b0                __floatsidf
                0x080166b0                __aeabi_i2d
                0x080166d4                __extendsfdf2
                0x080166d4                __aeabi_f2d
                0x08016710                __aeabi_ul2d
                0x08016710                __floatundidf
                0x08016720                __floatdidf
                0x08016720                __aeabi_l2d
 .text          0x0801677c      0x424 /home/laurence/CodeSourcery/Sourcery_G++_Lite/bin/../lib/gcc/arm-none-eabi/4.4.1/thumb2/libgcc.a(_arm_muldivdf3.o)
                0x0801677c                __aeabi_dmul
                0x0801677c                __muldf3
                0x080169d0                __aeabi_ddiv
                0x080169d0                __divdf3
 .text          0x08016ba0      0x110 /home/laurence/CodeSourcery/Sourcery_G++_Lite/bin/../lib/gcc/arm-none-eabi/4.4.1/thumb2/libgcc.a(_arm_cmpdf2.o)
                0x08016ba0                __gtdf2
                0x08016ba0                __gedf2
                0x08016ba8                __ltdf2
                0x08016ba8                __ledf2
                0x08016bb0                __cmpdf2
                0x08016bb0                __eqdf2
                0x08016bb0                __nedf2
                0x08016c2c                __aeabi_cdrcmple
                0x08016c3c                __aeabi_cdcmple
                0x08016c3c                __aeabi_cdcmpeq
                0x08016c4c                __aeabi_dcmpeq
                0x08016c60                __aeabi_dcmplt
                0x08016c74                __aeabi_dcmple
                0x08016c88                __aeabi_dcmpge
                0x08016c9c                __aeabi_dcmpgt
 .text          0x08016cb0       0x50 /home/laurence/CodeSourcery/Sourcery_G++_Lite/bin/../lib/gcc/arm-none-eabi/4.4.1/thumb2/libgcc.a(_arm_fixdfsi.o)
                0x08016cb0                __fixdfsi
                0x08016cb0                __aeabi_d2iz
 .text          0x08016d00       0x40 /home/laurence/CodeSourcery/Sourcery_G++_Lite/bin/../lib/gcc/arm-none-eabi/4.4.1/thumb2/libgcc.a(_arm_fixunsdfsi.o)
                0x08016d00                __fixunsdfsi
                0x08016d00                __aeabi_d2uiz
 .text          0x08016d40       0xa0 /home/laurence/CodeSourcery/Sourcery_G++_Lite/bin/../lib/gcc/arm-none-eabi/4.4.1/thumb2/libgcc.a(_arm_truncdfsf2.o)
                0x08016d40                __aeabi_d2f
                0x08016d40                __truncdfsf2
 .text          0x08016de0      0x21c /home/laurence/CodeSourcery/Sourcery_G++_Lite/bin/../lib/gcc/arm-none-eabi/4.4.1/thumb2/libgcc.a(_arm_addsubsf3.o)
                0x08016de0                __aeabi_frsub
                0x08016de8                __subsf3
                0x08016de8                __aeabi_fsub
                0x08016dec                __aeabi_fadd
                0x08016dec                __addsf3
                0x08016f4c                __aeabi_ui2f
                0x08016f4c                __floatunsisf
                0x08016f54                __aeabi_i2f
                0x08016f54                __floatsisf
                0x08016f70                __floatundisf
                0x08016f70                __aeabi_ul2f
                0x08016f80                __floatdisf
                0x08016f80                __aeabi_l2f
 .text          0x08016ffc      0x2a0 /home/laurence/CodeSourcery/Sourcery_G++_Lite/bin/../lib/gcc/arm-none-eabi/4.4.1/thumb2/libgcc.a(_arm_muldivsf3.o)
                0x08016ffc                __mulsf3
                0x08016ffc                __aeabi_fmul
                0x08017164                __divsf3
                0x08017164                __aeabi_fdiv
 .text          0x0801729c       0xec /home/laurence/CodeSourcery/Sourcery_G++_Lite/bin/../lib/gcc/arm-none-eabi/4.4.1/thumb2/libgcc.a(_arm_cmpsf2.o)
                0x0801729c                __gtsf2
                0x0801729c                __gesf2
                0x080172a4                __lesf2
                0x080172a4                __ltsf2
                0x080172ac                __nesf2
                0x080172ac                __eqsf2
                0x080172ac                __cmpsf2
                0x0801730c                __aeabi_cfrcmple
                0x08017314                __aeabi_cfcmple
                0x08017314                __aeabi_cfcmpeq
                0x08017324                __aeabi_fcmpeq
                0x08017338                __aeabi_fcmplt
                0x0801734c                __aeabi_fcmple
                0x08017360                __aeabi_fcmpge
                0x08017374                __aeabi_fcmpgt
 .text          0x08017388       0x4c /home/laurence/CodeSourcery/Sourcery_G++_Lite/bin/../lib/gcc/arm-none-eabi/4.4.1/thumb2/libgcc.a(_arm_fixsfsi.o)
                0x08017388                __fixsfsi
                0x08017388                __aeabi_f2iz
 .text          0x080173d4       0x40 /home/laurence/CodeSourcery/Sourcery_G++_Lite/bin/../lib/gcc/arm-none-eabi/4.4.1/thumb2/libgcc.a(_arm_fixunssfsi.o)
                0x080173d4                __aeabi_f2uiz
                0x080173d4                __fixunssfsi
 .text          0x08017414       0x38 /home/laurence/CodeSourcery/Sourcery_G++_Lite/bin/../lib/gcc/arm-none-eabi/4.4.1/thumb2/libgcc.a(_aeabi_ldivmod.o)
                0x08017414                __aeabi_ldivmod
 .text          0x0801744c       0x2c /home/laurence/CodeSourcery/Sourcery_G++_Lite/bin/../lib/gcc/arm-none-eabi/4.4.1/thumb2/libgcc.a(_fixsfdi.o)
                0x0801744c                __aeabi_f2lz
                0x0801744c                __fixsfdi
 .text          0x08017478       0x48 /home/laurence/CodeSourcery/Sourcery_G++_Lite/bin/../lib/gcc/arm-none-eabi/4.4.1/thumb2/libgcc.a(_fixunssfdi.o)
                0x08017478                __aeabi_f2ulz
                0x08017478                __fixunssfdi
 .text          0x080174c0       0x58 /home/laurence/CodeSourcery/Sourcery_G++_Lite/bin/../lib/gcc/arm-none-eabi/4.4.1/thumb2/libgcc.a(bpabi.o)
                0x080174c0                __gnu_uldivmod_helper
                0x080174ec                __gnu_ldivmod_helper
 .text          0x08017518      0x364 /home/laurence/CodeSourcery/Sourcery_G++_Lite/bin/../lib/gcc/arm-none-eabi/4.4.1/thumb2/libgcc.a(_divdi3.o)
                0x08017518                __divdi3
 .text          0x0801787c      0x300 /home/laurence/CodeSourcery/Sourcery_G++_Lite/bin/../lib/gcc/arm-none-eabi/4.4.1/thumb2/libgcc.a(_udivdi3.o)
                0x0801787c                __udivdi3
 *fill*         0x08017b7c        0x4 00
 .text          0x08017b80      0x278 /home/laurence/CodeSourcery/Sourcery_G++_Lite/bin/../lib/gcc/arm-none-eabi/4.4.1/thumb2/libgcc.a(_udivsi3.o)
                0x08017b80                __udivsi3
                0x08017b80                __aeabi_uidiv
                0x08017ddc                __aeabi_uidivmod
 .text          0x08017df8        0xc /home/laurence/CodeSourcery/Sourcery_G++_Lite/bin/../lib/gcc/arm-none-eabi/4.4.1/../../../../arm-none-eabi/lib/thumb2/libc.a(lib_a-errno.o)
                0x08017df8                __errno
 .text          0x08017e04       0x20 /home/laurence/CodeSourcery/Sourcery_G++_Lite/bin/../lib/gcc/arm-none-eabi/4.4.1/../../../../arm-none-eabi/lib/thumb2/libc.a(lib_a-malloc.o)
                0x08017e04                free
                0x08017e14                malloc
 .text          0x08017e24      0x5a4 /home/laurence/CodeSourcery/Sourcery_G++_Lite/bin/../lib/gcc/arm-none-eabi/4.4.1/../../../../arm-none-eabi/lib/thumb2/libc.a(lib_a-mallocr.o)
                0x08017e24                _malloc_r
 .text          0x080183c8      0x190 /home/laurence/CodeSourcery/Sourcery_G++_Lite/bin/../lib/gcc/arm-none-eabi/4.4.1/../../../../arm-none-eabi/lib/thumb2/libc.a(lib_a-memcpy.o)
                0x080183c8                memcpy
 .text          0x08018558       0xd4 /home/laurence/CodeSourcery/Sourcery_G++_Lite/bin/../lib/gcc/arm-none-eabi/4.4.1/../../../../arm-none-eabi/lib/thumb2/libc.a(lib_a-memset.o)
                0x08018558                memset
 .text          0x0801862c        0x8 /home/laurence/CodeSourcery/Sourcery_G++_Lite/bin/../lib/gcc/arm-none-eabi/4.4.1/../../../../arm-none-eabi/lib/thumb2/libc.a(lib_a-mlock.o)
                0x0801862c                __malloc_lock
                0x08018630                __malloc_unlock
 .text          0x08018634       0x28 /home/laurence/CodeSourcery/Sourcery_G++_Lite/bin/../lib/gcc/arm-none-eabi/4.4.1/../../../../arm-none-eabi/lib/thumb2/libc.a(lib_a-sbrkr.o)
                0x08018634                _sbrk_r
 .text          0x0801865c       0xbc /home/laurence/CodeSourcery/Sourcery_G++_Lite/bin/../lib/gcc/arm-none-eabi/4.4.1/../../../../arm-none-eabi/lib/thumb2/libc.a(lib_a-strcpy.o)
                0x0801865c                strcpy
 .text          0x08018718      0x268 /home/laurence/CodeSourcery/Sourcery_G++_Lite/bin/../lib/gcc/arm-none-eabi/4.4.1/../../../../arm-none-eabi/lib/thumb2/libc.a(lib_a-freer.o)
                0x08018718                _malloc_trim_r
                0x080187c0                _free_r
 .text          0x08018980       0x30 /home/laurence/CodeSourcery/Sourcery_G++_Lite/bin/../lib/gcc/arm-none-eabi/4.4.1/../../../../arm-none-eabi/lib/thumb2/libcs3.a(start_c.o)
                0x08018980                __cs3_premain
 .text.cs3.init
                0x080189b0       0x5c /home/laurence/CodeSourcery/Sourcery_G++_Lite/bin/../lib/gcc/arm-none-eabi/4.4.1/../../../../arm-none-eabi/lib/thumb2/libcs3.a(start_c.o)
                0x080189b0                __cs3_start_c
 .text          0x08018a0c       0x44 /home/laurence/CodeSourcery/Sourcery_G++_Lite/bin/../lib/gcc/arm-none-eabi/4.4.1/../../../../arm-none-eabi/lib/thumb2/libcs3unhosted.a(unhosted-sbrk.o)
                0x08018a0c                _sbrk
 .text.cs3.init
                0x08018a50       0x10 /home/laurence/CodeSourcery/Sourcery_G++_Lite/bin/../lib/gcc/arm-none-eabi/4.4.1/../../../../arm-none-eabi/lib/thumb2/libcs3unhosted.a(unhosted-start.o)
                0x08018a50                _start
 .text          0x08018a60        0x2 lib/libcs3-lanchon-stm32.a(lanchon_stm32_isr_interrupt.o)
                0x08018a60                MemManageException
                0x08018a60                BusFaultException
                0x08018a60                DMAChannel7_IRQHandler
                0x08018a60                DebugMonitor
                0x08018a60                SVCHandler
                0x08018a60                HardFaultException
                0x08018a60                __STM32ReservedException8
                0x08018a60                USB_HP_CAN_TX_IRQHandler
                0x08018a60                __STM32DefaultExceptionHandler
                0x08018a60                DMAChannel1_IRQHandler
                0x08018a60                CAN_SCE_IRQHandler
                0x08018a60                __STM32ReservedException10
                0x08018a60                __STM32ReservedException13
                0x08018a60                NMIException
                0x08018a60                DMAChannel4_IRQHandler
                0x08018a60                SysTickHandler
                0x08018a60                PendSVC
                0x08018a60                CAN_RX1_IRQHandler
                0x08018a60                ADC_IRQHandler
                0x08018a60                DMAChannel5_IRQHandler
                0x08018a60                DMAChannel2_IRQHandler
                0x08018a60                USB_LP_CAN_RX0_IRQHandler
                0x08018a60                __STM32ReservedException7
                0x08018a60                UsageFaultException
                0x08018a60                DMAChannel6_IRQHandler
                0x08018a60                DMAChannel3_IRQHandler
                0x08018a60                __STM32ReservedException9
 *fill*         0x08018a62        0x2 00
 .text          0x08018a64       0x50 /home/laurence/CodeSourcery/Sourcery_G++_Lite/bin/../lib/gcc/arm-none-eabi/4.4.1/../../../../arm-none-eabi/lib/thumb2/libc.a(lib_a-init.o)
                0x08018a64                __libc_init_array
 *(.plt)
 *(.gnu.warning)
 *(.glue_7t)
 .glue_7t       0x00000000        0x0 linker stubs
 *(.glue_7)
 .glue_7        0x00000000        0x0 linker stubs
 *(.vfp11_veneer)
 .vfp11_veneer  0x00000000        0x0 linker stubs
 *(.rodata .rodata.* .gnu.linkonce.r.*)
 .rodata        0x08018ab4      0x888 Sensors/earth_field.o
 .rodata.str1.1
                0x0801933c        0x9 Sensors/earth_field.o
 *fill*         0x08019345        0x3 00
 .rodata        0x08019348       0x9c Sensors/sensorcal.o
                0x08019348                Acc_Cal_Dat
                0x0801937c                Mag_Cal_Dat
                0x080193b0                Gyr_Cal_Dat
 .rodata        0x080193e4       0xc4 Sensors/ubx.o
 .rodata.str1.1
                0x080194a8      0x13b Sensors/ubx.o
 .rodata.str1.1
                0x080195e3        0xf Util/Fatfs/ff.o
 *fill*         0x080195f2        0x2 00
 .rodata        0x080195f4        0xc Util/Fatfs/rtc.o
 .rodata        0x08019600      0x100 Util/crc.o
 .rodata        0x08019700       0x14 Util/rprintf.o
 .rodata.str1.1
                0x08019714        0x6 Util/rprintf.o
 *fill*         0x0801971a        0x2 00
 .rodata        0x0801971c       0x38 Util/uavtalk.o
                0x0801971c                UAVtalk_objects
                0x0801973c                UAVtalk_lenghts
                0x08019744                UAVtalk_stream_objs
                0x08019748                UAVtalk_stream_types
                0x0801974c                UAVtalk_stream_timeouts
 .rodata        0x08019754       0x20 i2c_int.o
                0x08019754                Magno_config
                0x08019758                Magno_single
                0x0801975c                Bmp_temperature
                0x08019760                Bmp_pressure
                0x08019764                Accel_config
                0x08019768                Gyro_config
                0x0801976c                Gyro_clk_config
                0x08019770                Pitot_conv
 .rodata        0x08019774       0x14 lib/CMSIS_CM3/system_stm32f10x.o
                0x08019774                SystemFrequency
                0x08019778                SystemFrequency_SysClk
                0x0801977c                SystemFrequency_AHBClk
                0x08019780                SystemFrequency_APB1Clk
                0x08019784                SystemFrequency_APB2Clk
 .rodata.str1.1
                0x08019788      0x26f main.o
 *fill*         0x080199f7        0x1 00
 .rodata.str1.4
                0x080199f8        0x5 /home/laurence/CodeSourcery/Sourcery_G++_Lite/bin/../lib/gcc/arm-none-eabi/4.4.1/../../../../arm-none-eabi/lib/thumb2/libm.a(lib_a-w_asin.o)
                                  0xc (size before relaxing)
 *fill*         0x080199fd        0x3 00
 .rodata.str1.4
                0x08019a00        0x4 /home/laurence/CodeSourcery/Sourcery_G++_Lite/bin/../lib/gcc/arm-none-eabi/4.4.1/../../../../arm-none-eabi/lib/thumb2/libm.a(lib_a-w_pow.o)
 .rodata.str1.4
                0x08019a04        0x5 /home/laurence/CodeSourcery/Sourcery_G++_Lite/bin/../lib/gcc/arm-none-eabi/4.4.1/../../../../arm-none-eabi/lib/thumb2/libm.a(lib_a-w_sqrt.o)
                                  0x8 (size before relaxing)
 *fill*         0x08019a09        0x3 00
 .rodata.str1.4
                0x08019a0c        0x6 /home/laurence/CodeSourcery/Sourcery_G++_Lite/bin/../lib/gcc/arm-none-eabi/4.4.1/../../../../arm-none-eabi/lib/thumb2/libm.a(lib_a-wf_asin.o)
                                  0xc (size before relaxing)
 *fill*         0x08019a12        0x6 00
 .rodata        0x08019a18       0x30 /home/laurence/CodeSourcery/Sourcery_G++_Lite/bin/../lib/gcc/arm-none-eabi/4.4.1/../../../../arm-none-eabi/lib/thumb2/libm.a(lib_a-e_pow.o)
 .rodata.str1.4
                0x00000000        0x4 /home/laurence/CodeSourcery/Sourcery_G++_Lite/bin/../lib/gcc/arm-none-eabi/4.4.1/../../../../arm-none-eabi/lib/thumb2/libm.a(lib_a-e_pow.o)
 .rodata        0x08019a48      0x188 /home/laurence/CodeSourcery/Sourcery_G++_Lite/bin/../lib/gcc/arm-none-eabi/4.4.1/../../../../arm-none-eabi/lib/thumb2/libm.a(lib_a-e_rem_pio2.o)
 .rodata        0x08019bd0       0x50 /home/laurence/CodeSourcery/Sourcery_G++_Lite/bin/../lib/gcc/arm-none-eabi/4.4.1/../../../../arm-none-eabi/lib/thumb2/libm.a(lib_a-k_rem_pio2.o)
 .rodata        0x08019c20       0x40 /home/laurence/CodeSourcery/Sourcery_G++_Lite/bin/../lib/gcc/arm-none-eabi/4.4.1/../../../../arm-none-eabi/lib/thumb2/libm.a(lib_a-s_atan.o)
 .rodata        0x08019c60       0x10 /home/laurence/CodeSourcery/Sourcery_G++_Lite/bin/../lib/gcc/arm-none-eabi/4.4.1/../../../../arm-none-eabi/lib/thumb2/libm.a(lib_a-s_rint.o)
 .rodata        0x08019c70       0x20 /home/laurence/CodeSourcery/Sourcery_G++_Lite/bin/../lib/gcc/arm-none-eabi/4.4.1/../../../../arm-none-eabi/lib/thumb2/libm.a(lib_a-sf_atan.o)
 .rodata.str1.4
                0x08019c90        0x4 /home/laurence/CodeSourcery/Sourcery_G++_Lite/bin/../lib/gcc/arm-none-eabi/4.4.1/../../../../arm-none-eabi/lib/thumb2/libc.a(lib_a-impure.o)
 *(.ARM.extab* .gnu.linkonce.armextab.*)
 *(.gcc_except_table)
 *(.eh_frame_hdr)
 *(.eh_frame)
                0x08019c94                . = ALIGN (0x4)
 *(.init)
 .init          0x08019c94        0x4 /home/laurence/CodeSourcery/Sourcery_G++_Lite/bin/../lib/gcc/arm-none-eabi/4.4.1/thumb2/crti.o
                0x08019c94                _init
 .init          0x08019c98        0x8 /home/laurence/CodeSourcery/Sourcery_G++_Lite/bin/../lib/gcc/arm-none-eabi/4.4.1/thumb2/crtn.o
                0x08019ca0                . = ALIGN (0x4)
                0x08019ca0                __preinit_array_start = .
 *(.preinit_array)
                0x08019ca0                __preinit_array_end = .
                0x08019ca0                . = ALIGN (0x4)
                0x08019ca0                __init_array_start = .
 *(SORT(.init_array.*))
 *(.init_array)
 .init_array    0x08019ca0        0x4 /home/laurence/CodeSourcery/Sourcery_G++_Lite/bin/../lib/gcc/arm-none-eabi/4.4.1/thumb2/crtbegin.o
                0x08019ca4                __init_array_end = .
                0x08019ca4                . = ALIGN (0x4)
 *crtbegin.o(.ctors)
 *(EXCLUDE_FILE(*crtend.o) .ctors)
 *(SORT(.ctors.*))
 *crtend.o(.ctors)
                0x08019ca4                . = ALIGN (0x4)
 *(.fini)
 .fini          0x08019ca4        0x4 /home/laurence/CodeSourcery/Sourcery_G++_Lite/bin/../lib/gcc/arm-none-eabi/4.4.1/thumb2/crti.o
                0x08019ca4                _fini
 .fini          0x08019ca8        0x8 /home/laurence/CodeSourcery/Sourcery_G++_Lite/bin/../lib/gcc/arm-none-eabi/4.4.1/thumb2/crtn.o
                0x08019cb0                . = ALIGN (0x4)
                0x08019cb0                __fini_array_start = .
 *(.fini_array)
 .fini_array    0x08019cb0        0x4 /home/laurence/CodeSourcery/Sourcery_G++_Lite/bin/../lib/gcc/arm-none-eabi/4.4.1/thumb2/crtbegin.o
 *(SORT(.fini_array.*))
                0x08019cb4                __fini_array_end = .
 *crtbegin.o(.dtors)
 *(EXCLUDE_FILE(*crtend.o) .dtors)
 *(SORT(.dtors.*))
 *crtend.o(.dtors)
                0x08019cb4                . = ALIGN (0x4)
                0x08019cb4                __cs3_regions = .
                0x08019cb4        0x4 LONG 0x0
                0x08019cb8        0x4 LONG 0x8019cd0 __cs3_region_init_ram
                0x08019cbc        0x4 LONG 0x20000000 __cs3_region_start_ram
                0x08019cc0        0x4 LONG 0x680 __cs3_region_init_size_ram
                0x08019cc4        0x4 LONG 0x1548 __cs3_region_zero_size_ram
                0x08019cc8                __exidx_start = .

.v4_bx          0x08019cc8        0x0
 .v4_bx         0x00000000        0x0 linker stubs

.ARM.exidx      0x08019cc8        0x8
 *(.ARM.exidx* .gnu.linkonce.armexidx.*)
 .ARM.exidx     0x08019cc8        0x8 /home/laurence/CodeSourcery/Sourcery_G++_Lite/bin/../lib/gcc/arm-none-eabi/4.4.1/thumb2/libgcc.a(_divdi3.o)
 .ARM.exidx     0x08019cd0        0x0 /home/laurence/CodeSourcery/Sourcery_G++_Lite/bin/../lib/gcc/arm-none-eabi/4.4.1/thumb2/libgcc.a(_udivdi3.o)
                                  0x8 (size before relaxing)
                0x08019cd0                __exidx_end = .

.text.align     0x08019cd0        0x0
                0x08019cd0                . = ALIGN (0x8)
                0x08019cd0                _etext = .
                0x08020000                __cs3_region_end_rom = (__cs3_region_start_rom + 0x20000)
                0x00020000                __cs3_region_size_rom = 0x20000
                0x00000001                __cs3_region_num = 0x1

.data           0x20000000      0x680 load address 0x08019cd0
                0x20000000                __cs3_region_start_ram = .
 *(.cs3.region-head.ram)
 *(.jcr)
 .jcr           0x20000000        0x0 /home/laurence/CodeSourcery/Sourcery_G++_Lite/bin/../lib/gcc/arm-none-eabi/4.4.1/thumb2/crtbegin.o
 .jcr           0x20000000        0x4 /home/laurence/CodeSourcery/Sourcery_G++_Lite/bin/../lib/gcc/arm-none-eabi/4.4.1/thumb2/crtend.o
 *(.got.plt)
 *(.got)
 *(.shdata)
 *(.data .data.* .gnu.linkonce.d.*)
 .data          0x20000004        0x1 Util/Fatfs/sd_spi_stm32.o
 *fill*         0x20000005        0x3 00
 .data          0x20000008       0x28 Util/uavtalk.o
                0x20000008                UAVtalk_conf
 .data          0x20000030       0x78 i2c_int.o
                0x20000030                I2C_jobs
 .data          0x200000a8        0x4 Control/ekf.o
                0x200000a8                Ge
 .data          0x200000ac       0xb0 Control/imu.o
 .data          0x2000015c       0x14 lib/STM32F10x_StdPeriph_Driver/libstm32fw.a(stm32f10x_rcc.o)
 .data          0x20000170        0x1 /home/laurence/CodeSourcery/Sourcery_G++_Lite/bin/../lib/gcc/arm-none-eabi/4.4.1/../../../../arm-none-eabi/lib/thumb2/libm.a(lib_a-s_lib_ver.o)
                0x20000170                __fdlib_version
 *fill*         0x20000171        0x3 00
 .data          0x20000174       0xf4 /home/laurence/CodeSourcery/Sourcery_G++_Lite/bin/../lib/gcc/arm-none-eabi/4.4.1/../../../../arm-none-eabi/lib/thumb2/libc.a(lib_a-impure.o)
                0x20000174                _impure_ptr
 .data          0x20000268      0x410 /home/laurence/CodeSourcery/Sourcery_G++_Lite/bin/../lib/gcc/arm-none-eabi/4.4.1/../../../../arm-none-eabi/lib/thumb2/libc.a(lib_a-mallocr.o)
                0x20000268                __malloc_av_
                0x20000670                __malloc_sbrk_base
                0x20000674                __malloc_trim_threshold
 .data          0x20000678        0x4 /home/laurence/CodeSourcery/Sourcery_G++_Lite/bin/../lib/gcc/arm-none-eabi/4.4.1/../../../../arm-none-eabi/lib/thumb2/libcs3unhosted.a(unhosted-sbrk.o)
 .data          0x2000067c        0x4 /home/laurence/CodeSourcery/Sourcery_G++_Lite/bin/../lib/gcc/arm-none-eabi/4.4.1/../../../../arm-none-eabi/lib/thumb2/libcs3.a(heap.o)
                0x2000067c                __cs3_heap_limit
 *(.ram)
                0x20000680                . = ALIGN (0x8)
                0x20000680                _edata = .

.bss            0x20000680     0x1548 load address 0x0801a350
 *(.shbss)
 *(.bss .bss.* .gnu.linkonce.b.*)
 .bss           0x20000680        0x1 /home/laurence/CodeSourcery/Sourcery_G++_Lite/bin/../lib/gcc/arm-none-eabi/4.4.1/thumb2/crtbegin.o
 *fill*         0x20000681        0x3 00
 .bss           0x20000684       0x24 Sensors/accel_down.o
                0x200006a0                Accel_Data_Buffer
 .bss           0x200006a8       0x28 Sensors/bmp085.o
                0x200006a8                Sea_Level_Pressure
                0x200006ac                Our_Sensorcal
                0x200006c4                Bmp_temp
                0x200006c8                Bmp_Temp_Buffer
                0x200006cc                Bmp_Press_Buffer
 .bss           0x200006d0        0xc Sensors/earth_field.o
 .bss           0x200006dc        0x4 Sensors/pitot.o
                0x200006dc                Pitot_Pressure
 .bss           0x200006e0        0xa Sensors/ubx.o
 *fill*         0x200006ea        0x2 00
 .bss           0x200006ec        0x8 Util/Fatfs/ff.o
 .bss           0x200006f4       0x10 Util/Fatfs/sd_spi_stm32.o
 .bss           0x20000704       0x84 Util/rprintf.o
 .bss           0x20000788       0x3c Util/uavtalk.o
                0x2000078c                UAVtalk_semaphores
                0x20000794                UAVtalk_pointers
                0x200007b4                UAVtalk_stream_timers
 .bss           0x200007c4       0x10 i2c_int.o
                0x200007c4                Jobs
                0x200007c8                I2C1error
                0x200007ca                job
                0x200007d0                Completed_Jobs
 .bss           0x200007d4        0xc interrupts.o
 .bss           0x200007e0      0x718 main.o
                0x200007e0                Gps_Buffer
                0x200008e8                Millis
                0x200008ec                Gps
                0x20000920                Home_Position
                0x20000970                Long_To_Meters_Home
                0x20000ba4                f_err_code
                0x20000ba8                Kalman_Enabled
                0x20000bac                UAVtalk_Attitude_Array
                0x20000bc8                Nav_Global
                0x20000bfc                UAVtalk_Altitude_Array
                0x20000c08                Waypoint_Global
                0x20000c14                uavtalk_usart_port
                0x20000ca8                Usart1tx
                0x20000db0                Usart1rx
                0x20000eb8                Nav_Flag
                0x20000ebc                New_Waypoint_Flagged
                0x20000ec0                Ground_Flag
                0x20000ec4                Balt
                0x20000ec8                GCS_Telem
                0x20000ee0                Flight_Telem
 .bss           0x20000ef8       0x1c pwm.o
                0x20000ef8                TIM_TimeBaseStructure
                0x20000f04                TIM_OCInitStructure
 .bss           0x20000f14      0xbf8 Control/ekf.o
                0x20000f14                Be
                0x20000f20                P
                0x200011c4                X
                0x200011f8                Q
                0x2000121c                R
                0x20001244                F
                0x200014e8                G
                0x200016bc                K
                0x200018c4                H
                0x20001acc                Nav
                0x20001b00                zeros
 .bss           0x20001b0c       0x84 Control/imu.o
                0x20001b0c                Accel_Access_Flag
                0x20001b1c                Gyro_Data_Buffer
                0x20001b64                Magno_Data_Buffer
                0x20001b88                Accel_Data_Vector
 .bss           0x20001b90       0x34 /home/laurence/CodeSourcery/Sourcery_G++_Lite/bin/../lib/gcc/arm-none-eabi/4.4.1/../../../../arm-none-eabi/lib/thumb2/libc.a(lib_a-mallocr.o)
                0x20001b90                __malloc_top_pad
                0x20001b94                __malloc_current_mallinfo
                0x20001bbc                __malloc_max_sbrked_mem
                0x20001bc0                __malloc_max_total_mem
 *(COMMON)
 COMMON         0x20001bc4        0x4 /home/laurence/CodeSourcery/Sourcery_G++_Lite/bin/../lib/gcc/arm-none-eabi/4.4.1/../../../../arm-none-eabi/lib/thumb2/libc.a(lib_a-reent.o)
                0x20001bc4                errno
 *(.ram.b)
                0x20001bc8                . = ALIGN (0x8)
                0x20001bc8                _end = .
                0x20001bc8                __end = .
                0x20005000                __cs3_region_end_ram = (__cs3_region_start_ram + 0x5000)
                0x00005000                __cs3_region_size_ram = 0x5000
                0x08019cd0                __cs3_region_init_ram = LOADADDR (.data)
                0x00000680                __cs3_region_init_size_ram = (_edata - ADDR (.data))
                0x00001548                __cs3_region_zero_size_ram = (_end - _edata)
                0x00000001                __cs3_region_num = 0x1

.stab
 *(.stab)

.stabstr
 *(.stabstr)

.debug
 *(.debug)

.line
 *(.line)

.debug_srcinfo
 *(.debug_srcinfo)

.debug_sfnames
 *(.debug_sfnames)

.debug_aranges
 *(.debug_aranges)

.debug_pubnames
 *(.debug_pubnames)

.debug_info
 *(.debug_info .gnu.linkonce.wi.*)

.debug_abbrev
 *(.debug_abbrev)

.debug_line
 *(.debug_line)

.comment        0x00000000      0x78f
 .comment       0x00000000       0x2b Sensors/accel_down.o
 .comment       0x0000002b       0x2b Sensors/bmp085.o
 .comment       0x00000056       0x2b Sensors/earth_field.o
 .comment       0x00000081       0x2b Sensors/pitot.o
 .comment       0x000000ac       0x2b Sensors/sensorcal.o
 .comment       0x000000d7       0x2b Sensors/ubx.o
 .comment       0x00000102       0x2b Util/Fatfs/fattime.o
 .comment       0x0000012d       0x2b Util/Fatfs/ff.o
 .comment       0x00000158       0x2b Util/Fatfs/rtc.o
 .comment       0x00000183       0x2b Util/Fatfs/sd_spi_stm32.o
 .comment       0x000001ae       0x2b Util/atmospherics.o
 .comment       0x000001d9       0x2b Util/coords.o
 .comment       0x00000204       0x2b Util/crc.o
 .comment       0x0000022f       0x2b Util/delay.o
 .comment       0x0000025a       0x2b Util/gravity.o
 .comment       0x00000285       0x2b Util/rprintf.o
 .comment       0x000002b0       0x2b Util/time.o
 .comment       0x000002db       0x2b Util/uavtalk.o
 .comment       0x00000306       0x2b dma.o
 .comment       0x00000331       0x2b gpio.o
 .comment       0x0000035c       0x2b i2c_int.o
 .comment       0x00000387       0x2b interrupts.o
 .comment       0x000003b2       0x2b lib/CMSIS_CM3/core_cm3.o
 .comment       0x000003dd       0x2b lib/CMSIS_CM3/system_stm32f10x.o
 .comment       0x00000408       0x2b main.o
 .comment       0x00000433       0x2b pwm.o
 .comment       0x0000045e       0x2b usart.o
 .comment       0x00000489       0x2b watchdog.o
 .comment       0x000004b4       0x2b Control/ekf.o
 .comment       0x000004df       0x2b Control/imu.o
 .comment       0x0000050a       0x2b Control/loops.o
 .comment       0x00000535       0x2b Control/servos.o
 .comment       0x00000560       0x2b lib/STM32F10x_StdPeriph_Driver/libstm32fw.a(misc.o)
 .comment       0x0000058b       0x2b lib/STM32F10x_StdPeriph_Driver/libstm32fw.a(stm32f10x_bkp.o)
 .comment       0x000005b6       0x2b lib/STM32F10x_StdPeriph_Driver/libstm32fw.a(stm32f10x_dma.o)
 .comment       0x000005e1       0x2b lib/STM32F10x_StdPeriph_Driver/libstm32fw.a(stm32f10x_exti.o)
 .comment       0x0000060c       0x2b lib/STM32F10x_StdPeriph_Driver/libstm32fw.a(stm32f10x_gpio.o)
 .comment       0x00000637       0x2b lib/STM32F10x_StdPeriph_Driver/libstm32fw.a(stm32f10x_i2c.o)
 .comment       0x00000662       0x2b lib/STM32F10x_StdPeriph_Driver/libstm32fw.a(stm32f10x_iwdg.o)
 .comment       0x0000068d       0x2b lib/STM32F10x_StdPeriph_Driver/libstm32fw.a(stm32f10x_pwr.o)
 .comment       0x000006b8       0x2b lib/STM32F10x_StdPeriph_Driver/libstm32fw.a(stm32f10x_rcc.o)
 .comment       0x000006e3       0x2b lib/STM32F10x_StdPeriph_Driver/libstm32fw.a(stm32f10x_rtc.o)
 .comment       0x0000070e       0x2b lib/STM32F10x_StdPeriph_Driver/libstm32fw.a(stm32f10x_spi.o)
 .comment       0x00000739       0x2b lib/STM32F10x_StdPeriph_Driver/libstm32fw.a(stm32f10x_tim.o)
 .comment       0x00000764       0x2b lib/STM32F10x_StdPeriph_Driver/libstm32fw.a(stm32f10x_usart.o)

.debug_frame    0x00000000      0xa04
 *(.debug_frame)
 .debug_frame   0x00000000       0x34 /home/laurence/CodeSourcery/Sourcery_G++_Lite/bin/../lib/gcc/arm-none-eabi/4.4.1/../../../../arm-none-eabi/lib/thumb2/libm.a(lib_a-s_cos.o)
 .debug_frame   0x00000034       0x34 /home/laurence/CodeSourcery/Sourcery_G++_Lite/bin/../lib/gcc/arm-none-eabi/4.4.1/../../../../arm-none-eabi/lib/thumb2/libm.a(lib_a-s_sin.o)
 .debug_frame   0x00000068       0x38 /home/laurence/CodeSourcery/Sourcery_G++_Lite/bin/../lib/gcc/arm-none-eabi/4.4.1/../../../../arm-none-eabi/lib/thumb2/libm.a(lib_a-w_asin.o)
 .debug_frame   0x000000a0       0x20 /home/laurence/CodeSourcery/Sourcery_G++_Lite/bin/../lib/gcc/arm-none-eabi/4.4.1/../../../../arm-none-eabi/lib/thumb2/libm.a(lib_a-w_atan2.o)
 .debug_frame   0x000000c0       0x3c /home/laurence/CodeSourcery/Sourcery_G++_Lite/bin/../lib/gcc/arm-none-eabi/4.4.1/../../../../arm-none-eabi/lib/thumb2/libm.a(lib_a-w_pow.o)
 .debug_frame   0x000000fc       0x3c /home/laurence/CodeSourcery/Sourcery_G++_Lite/bin/../lib/gcc/arm-none-eabi/4.4.1/../../../../arm-none-eabi/lib/thumb2/libm.a(lib_a-w_sqrt.o)
 .debug_frame   0x00000138       0x34 /home/laurence/CodeSourcery/Sourcery_G++_Lite/bin/../lib/gcc/arm-none-eabi/4.4.1/../../../../arm-none-eabi/lib/thumb2/libm.a(lib_a-wf_asin.o)
 .debug_frame   0x0000016c       0x20 /home/laurence/CodeSourcery/Sourcery_G++_Lite/bin/../lib/gcc/arm-none-eabi/4.4.1/../../../../arm-none-eabi/lib/thumb2/libm.a(lib_a-wf_atan2.o)
 .debug_frame   0x0000018c       0x3c /home/laurence/CodeSourcery/Sourcery_G++_Lite/bin/../lib/gcc/arm-none-eabi/4.4.1/../../../../arm-none-eabi/lib/thumb2/libm.a(lib_a-e_asin.o)
 .debug_frame   0x000001c8       0x3c /home/laurence/CodeSourcery/Sourcery_G++_Lite/bin/../lib/gcc/arm-none-eabi/4.4.1/../../../../arm-none-eabi/lib/thumb2/libm.a(lib_a-e_atan2.o)
 .debug_frame   0x00000204       0x3c /home/laurence/CodeSourcery/Sourcery_G++_Lite/bin/../lib/gcc/arm-none-eabi/4.4.1/../../../../arm-none-eabi/lib/thumb2/libm.a(lib_a-e_pow.o)
 .debug_frame   0x00000240       0x3c /home/laurence/CodeSourcery/Sourcery_G++_Lite/bin/../lib/gcc/arm-none-eabi/4.4.1/../../../../arm-none-eabi/lib/thumb2/libm.a(lib_a-e_rem_pio2.o)
 .debug_frame   0x0000027c       0x34 /home/laurence/CodeSourcery/Sourcery_G++_Lite/bin/../lib/gcc/arm-none-eabi/4.4.1/../../../../arm-none-eabi/lib/thumb2/libm.a(lib_a-e_sqrt.o)
 .debug_frame   0x000002b0       0x34 /home/laurence/CodeSourcery/Sourcery_G++_Lite/bin/../lib/gcc/arm-none-eabi/4.4.1/../../../../arm-none-eabi/lib/thumb2/libm.a(lib_a-ef_asin.o)
 .debug_frame   0x000002e4       0x2c /home/laurence/CodeSourcery/Sourcery_G++_Lite/bin/../lib/gcc/arm-none-eabi/4.4.1/../../../../arm-none-eabi/lib/thumb2/libm.a(lib_a-ef_atan2.o)
 .debug_frame   0x00000310       0x2c /home/laurence/CodeSourcery/Sourcery_G++_Lite/bin/../lib/gcc/arm-none-eabi/4.4.1/../../../../arm-none-eabi/lib/thumb2/libm.a(lib_a-ef_sqrt.o)
 .debug_frame   0x0000033c       0x3c /home/laurence/CodeSourcery/Sourcery_G++_Lite/bin/../lib/gcc/arm-none-eabi/4.4.1/../../../../arm-none-eabi/lib/thumb2/libm.a(lib_a-k_cos.o)
 .debug_frame   0x00000378       0x3c /home/laurence/CodeSourcery/Sourcery_G++_Lite/bin/../lib/gcc/arm-none-eabi/4.4.1/../../../../arm-none-eabi/lib/thumb2/libm.a(lib_a-k_rem_pio2.o)
 .debug_frame   0x000003b4       0x3c /home/laurence/CodeSourcery/Sourcery_G++_Lite/bin/../lib/gcc/arm-none-eabi/4.4.1/../../../../arm-none-eabi/lib/thumb2/libm.a(lib_a-k_sin.o)
 .debug_frame   0x000003f0       0x38 /home/laurence/CodeSourcery/Sourcery_G++_Lite/bin/../lib/gcc/arm-none-eabi/4.4.1/../../../../arm-none-eabi/lib/thumb2/libm.a(lib_a-s_atan.o)
 .debug_frame   0x00000428       0x20 /home/laurence/CodeSourcery/Sourcery_G++_Lite/bin/../lib/gcc/arm-none-eabi/4.4.1/../../../../arm-none-eabi/lib/thumb2/libm.a(lib_a-s_fabs.o)
 .debug_frame   0x00000448       0x20 /home/laurence/CodeSourcery/Sourcery_G++_Lite/bin/../lib/gcc/arm-none-eabi/4.4.1/../../../../arm-none-eabi/lib/thumb2/libm.a(lib_a-s_finite.o)
 .debug_frame   0x00000468       0x34 /home/laurence/CodeSourcery/Sourcery_G++_Lite/bin/../lib/gcc/arm-none-eabi/4.4.1/../../../../arm-none-eabi/lib/thumb2/libm.a(lib_a-s_floor.o)
 .debug_frame   0x0000049c       0x20 /home/laurence/CodeSourcery/Sourcery_G++_Lite/bin/../lib/gcc/arm-none-eabi/4.4.1/../../../../arm-none-eabi/lib/thumb2/libm.a(lib_a-s_isnand.o)
 .debug_frame   0x000004bc       0x20 /home/laurence/CodeSourcery/Sourcery_G++_Lite/bin/../lib/gcc/arm-none-eabi/4.4.1/../../../../arm-none-eabi/lib/thumb2/libm.a(lib_a-s_matherr.o)
 .debug_frame   0x000004dc       0x20 /home/laurence/CodeSourcery/Sourcery_G++_Lite/bin/../lib/gcc/arm-none-eabi/4.4.1/../../../../arm-none-eabi/lib/thumb2/libm.a(lib_a-s_nan.o)
 .debug_frame   0x000004fc       0x38 /home/laurence/CodeSourcery/Sourcery_G++_Lite/bin/../lib/gcc/arm-none-eabi/4.4.1/../../../../arm-none-eabi/lib/thumb2/libm.a(lib_a-s_rint.o)
 .debug_frame   0x00000534       0x30 /home/laurence/CodeSourcery/Sourcery_G++_Lite/bin/../lib/gcc/arm-none-eabi/4.4.1/../../../../arm-none-eabi/lib/thumb2/libm.a(lib_a-s_scalbn.o)
 .debug_frame   0x00000564       0x30 /home/laurence/CodeSourcery/Sourcery_G++_Lite/bin/../lib/gcc/arm-none-eabi/4.4.1/../../../../arm-none-eabi/lib/thumb2/libm.a(lib_a-sf_atan.o)
 .debug_frame   0x00000594       0x20 /home/laurence/CodeSourcery/Sourcery_G++_Lite/bin/../lib/gcc/arm-none-eabi/4.4.1/../../../../arm-none-eabi/lib/thumb2/libm.a(lib_a-sf_fabs.o)
 .debug_frame   0x000005b4       0x20 /home/laurence/CodeSourcery/Sourcery_G++_Lite/bin/../lib/gcc/arm-none-eabi/4.4.1/../../../../arm-none-eabi/lib/thumb2/libm.a(lib_a-sf_isnan.o)
 .debug_frame   0x000005d4       0x28 /home/laurence/CodeSourcery/Sourcery_G++_Lite/bin/../lib/gcc/arm-none-eabi/4.4.1/../../../../arm-none-eabi/lib/thumb2/libm.a(lib_a-s_copysign.o)
 .debug_frame   0x000005fc       0x20 /home/laurence/CodeSourcery/Sourcery_G++_Lite/bin/../lib/gcc/arm-none-eabi/4.4.1/thumb2/libgcc.a(_divsi3.o)
 .debug_frame   0x0000061c       0x28 /home/laurence/CodeSourcery/Sourcery_G++_Lite/bin/../lib/gcc/arm-none-eabi/4.4.1/thumb2/libgcc.a(_fixsfdi.o)
 .debug_frame   0x00000644       0x2c /home/laurence/CodeSourcery/Sourcery_G++_Lite/bin/../lib/gcc/arm-none-eabi/4.4.1/thumb2/libgcc.a(_fixunssfdi.o)
 .debug_frame   0x00000670       0x50 /home/laurence/CodeSourcery/Sourcery_G++_Lite/bin/../lib/gcc/arm-none-eabi/4.4.1/thumb2/libgcc.a(bpabi.o)
 .debug_frame   0x000006c0       0x3c /home/laurence/CodeSourcery/Sourcery_G++_Lite/bin/../lib/gcc/arm-none-eabi/4.4.1/thumb2/libgcc.a(_divdi3.o)
 .debug_frame   0x000006fc       0x3c /home/laurence/CodeSourcery/Sourcery_G++_Lite/bin/../lib/gcc/arm-none-eabi/4.4.1/thumb2/libgcc.a(_udivdi3.o)
 .debug_frame   0x00000738       0x20 /home/laurence/CodeSourcery/Sourcery_G++_Lite/bin/../lib/gcc/arm-none-eabi/4.4.1/thumb2/libgcc.a(_udivsi3.o)
 .debug_frame   0x00000758       0x20 /home/laurence/CodeSourcery/Sourcery_G++_Lite/bin/../lib/gcc/arm-none-eabi/4.4.1/../../../../arm-none-eabi/lib/thumb2/libc.a(lib_a-errno.o)
 .debug_frame   0x00000778       0x30 /home/laurence/CodeSourcery/Sourcery_G++_Lite/bin/../lib/gcc/arm-none-eabi/4.4.1/../../../../arm-none-eabi/lib/thumb2/libc.a(lib_a-malloc.o)
 .debug_frame   0x000007a8       0x3c /home/laurence/CodeSourcery/Sourcery_G++_Lite/bin/../lib/gcc/arm-none-eabi/4.4.1/../../../../arm-none-eabi/lib/thumb2/libc.a(lib_a-mallocr.o)
 .debug_frame   0x000007e4       0x34 /home/laurence/CodeSourcery/Sourcery_G++_Lite/bin/../lib/gcc/arm-none-eabi/4.4.1/../../../../arm-none-eabi/lib/thumb2/libc.a(lib_a-memcpy.o)
 .debug_frame   0x00000818       0x28 /home/laurence/CodeSourcery/Sourcery_G++_Lite/bin/../lib/gcc/arm-none-eabi/4.4.1/../../../../arm-none-eabi/lib/thumb2/libc.a(lib_a-memset.o)
 .debug_frame   0x00000840       0x30 /home/laurence/CodeSourcery/Sourcery_G++_Lite/bin/../lib/gcc/arm-none-eabi/4.4.1/../../../../arm-none-eabi/lib/thumb2/libc.a(lib_a-mlock.o)
 .debug_frame   0x00000870       0x2c /home/laurence/CodeSourcery/Sourcery_G++_Lite/bin/../lib/gcc/arm-none-eabi/4.4.1/../../../../arm-none-eabi/lib/thumb2/libc.a(lib_a-sbrkr.o)
 .debug_frame   0x0000089c       0x20 /home/laurence/CodeSourcery/Sourcery_G++_Lite/bin/../lib/gcc/arm-none-eabi/4.4.1/../../../../arm-none-eabi/lib/thumb2/libc.a(lib_a-strcpy.o)
 .debug_frame   0x000008bc       0x50 /home/laurence/CodeSourcery/Sourcery_G++_Lite/bin/../lib/gcc/arm-none-eabi/4.4.1/../../../../arm-none-eabi/lib/thumb2/libc.a(lib_a-freer.o)
 .debug_frame   0x0000090c       0x64 /home/laurence/CodeSourcery/Sourcery_G++_Lite/bin/../lib/gcc/arm-none-eabi/4.4.1/../../../../arm-none-eabi/lib/thumb2/libc.a(lib_a-reent.o)
 .debug_frame   0x00000970       0x40 /home/laurence/CodeSourcery/Sourcery_G++_Lite/bin/../lib/gcc/arm-none-eabi/4.4.1/../../../../arm-none-eabi/lib/thumb2/libcs3.a(start_c.o)
 .debug_frame   0x000009b0       0x28 /home/laurence/CodeSourcery/Sourcery_G++_Lite/bin/../lib/gcc/arm-none-eabi/4.4.1/../../../../arm-none-eabi/lib/thumb2/libcs3unhosted.a(unhosted-sbrk.o)
 .debug_frame   0x000009d8       0x2c /home/laurence/CodeSourcery/Sourcery_G++_Lite/bin/../lib/gcc/arm-none-eabi/4.4.1/../../../../arm-none-eabi/lib/thumb2/libc.a(lib_a-init.o)

.debug_str
 *(.debug_str)

.debug_loc
 *(.debug_loc)

.debug_macinfo
 *(.debug_macinfo)

.debug_weaknames
 *(.debug_weaknames)

.debug_funcnames
 *(.debug_funcnames)

.debug_typenames
 *(.debug_typenames)

.debug_varnames
 *(.debug_varnames)

.note.gnu.arm.ident
 *(.note.gnu.arm.ident)

.ARM.attributes
                0x00000000       0x25
 *(.ARM.attributes)
 .ARM.attributes
                0x00000000       0x19 /home/laurence/CodeSourcery/Sourcery_G++_Lite/bin/../lib/gcc/arm-none-eabi/4.4.1/thumb2/crti.o
 .ARM.attributes
                0x00000019       0x29 /home/laurence/CodeSourcery/Sourcery_G++_Lite/bin/../lib/gcc/arm-none-eabi/4.4.1/thumb2/crtbegin.o
 .ARM.attributes
                0x00000042       0x31 Sensors/accel_down.o
 .ARM.attributes
                0x00000073       0x31 Sensors/bmp085.o
 .ARM.attributes
                0x000000a4       0x31 Sensors/earth_field.o
 .ARM.attributes
                0x000000d5       0x31 Sensors/pitot.o
 .ARM.attributes
                0x00000106       0x31 Sensors/sensorcal.o
 .ARM.attributes
                0x00000137       0x31 Sensors/ubx.o
 .ARM.attributes
                0x00000168       0x31 Util/Fatfs/fattime.o
 .ARM.attributes
                0x00000199       0x31 Util/Fatfs/ff.o
 .ARM.attributes
                0x000001ca       0x31 Util/Fatfs/rtc.o
 .ARM.attributes
                0x000001fb       0x31 Util/Fatfs/sd_spi_stm32.o
 .ARM.attributes
                0x0000022c       0x31 Util/atmospherics.o
 .ARM.attributes
                0x0000025d       0x31 Util/coords.o
 .ARM.attributes
                0x0000028e       0x31 Util/crc.o
 .ARM.attributes
                0x000002bf       0x31 Util/delay.o
 .ARM.attributes
                0x000002f0       0x31 Util/gravity.o
 .ARM.attributes
                0x00000321       0x31 Util/rprintf.o
 .ARM.attributes
                0x00000352       0x31 Util/time.o
 .ARM.attributes
                0x00000383       0x31 Util/uavtalk.o
 .ARM.attributes
                0x000003b4       0x31 dma.o
 .ARM.attributes
                0x000003e5       0x31 gpio.o
 .ARM.attributes
                0x00000416       0x31 i2c_int.o
 .ARM.attributes
                0x00000447       0x31 interrupts.o
 .ARM.attributes
                0x00000478       0x31 lib/CMSIS_CM3/core_cm3.o
 .ARM.attributes
                0x000004a9       0x21 lib/CMSIS_CM3/startup/gcc/startup_stm32f10x_md.o
 .ARM.attributes
                0x000004ca       0x31 lib/CMSIS_CM3/system_stm32f10x.o
 .ARM.attributes
                0x000004fb       0x31 main.o
 .ARM.attributes
                0x0000052c       0x31 pwm.o
 .ARM.attributes
                0x0000055d       0x31 usart.o
 .ARM.attributes
                0x0000058e       0x31 watchdog.o
 .ARM.attributes
                0x000005bf       0x31 Control/ekf.o
 .ARM.attributes
                0x000005f0       0x31 Control/imu.o
 .ARM.attributes
                0x00000621       0x31 Control/loops.o
 .ARM.attributes
                0x00000652       0x31 Control/servos.o
 .ARM.attributes
                0x00000683       0x31 lib/STM32F10x_StdPeriph_Driver/libstm32fw.a(misc.o)
 .ARM.attributes
                0x000006b4       0x31 lib/STM32F10x_StdPeriph_Driver/libstm32fw.a(stm32f10x_bkp.o)
 .ARM.attributes
                0x000006e5       0x31 lib/STM32F10x_StdPeriph_Driver/libstm32fw.a(stm32f10x_dma.o)
 .ARM.attributes
                0x00000716       0x31 lib/STM32F10x_StdPeriph_Driver/libstm32fw.a(stm32f10x_exti.o)
 .ARM.attributes
                0x00000747       0x31 lib/STM32F10x_StdPeriph_Driver/libstm32fw.a(stm32f10x_gpio.o)
 .ARM.attributes
                0x00000778       0x31 lib/STM32F10x_StdPeriph_Driver/libstm32fw.a(stm32f10x_i2c.o)
 .ARM.attributes
                0x000007a9       0x31 lib/STM32F10x_StdPeriph_Driver/libstm32fw.a(stm32f10x_iwdg.o)
 .ARM.attributes
                0x000007da       0x31 lib/STM32F10x_StdPeriph_Driver/libstm32fw.a(stm32f10x_pwr.o)
 .ARM.attributes
                0x0000080b       0x31 lib/STM32F10x_StdPeriph_Driver/libstm32fw.a(stm32f10x_rcc.o)
 .ARM.attributes
                0x0000083c       0x31 lib/STM32F10x_StdPeriph_Driver/libstm32fw.a(stm32f10x_rtc.o)
 .ARM.attributes
                0x0000086d       0x31 lib/STM32F10x_StdPeriph_Driver/libstm32fw.a(stm32f10x_spi.o)
 .ARM.attributes
                0x0000089e       0x31 lib/STM32F10x_StdPeriph_Driver/libstm32fw.a(stm32f10x_tim.o)
 .ARM.attributes
                0x000008cf       0x31 lib/STM32F10x_StdPeriph_Driver/libstm32fw.a(stm32f10x_usart.o)
 .ARM.attributes
                0x00000900       0x29 /home/laurence/CodeSourcery/Sourcery_G++_Lite/bin/../lib/gcc/arm-none-eabi/4.4.1/../../../../arm-none-eabi/lib/thumb2/libm.a(lib_a-s_cos.o)
 .ARM.attributes
                0x00000929       0x29 /home/laurence/CodeSourcery/Sourcery_G++_Lite/bin/../lib/gcc/arm-none-eabi/4.4.1/../../../../arm-none-eabi/lib/thumb2/libm.a(lib_a-s_sin.o)
 .ARM.attributes
                0x00000952       0x29 /home/laurence/CodeSourcery/Sourcery_G++_Lite/bin/../lib/gcc/arm-none-eabi/4.4.1/../../../../arm-none-eabi/lib/thumb2/libm.a(lib_a-w_asin.o)
 .ARM.attributes
                0x0000097b       0x29 /home/laurence/CodeSourcery/Sourcery_G++_Lite/bin/../lib/gcc/arm-none-eabi/4.4.1/../../../../arm-none-eabi/lib/thumb2/libm.a(lib_a-w_atan2.o)
 .ARM.attributes
                0x000009a4       0x29 /home/laurence/CodeSourcery/Sourcery_G++_Lite/bin/../lib/gcc/arm-none-eabi/4.4.1/../../../../arm-none-eabi/lib/thumb2/libm.a(lib_a-w_pow.o)
 .ARM.attributes
                0x000009cd       0x29 /home/laurence/CodeSourcery/Sourcery_G++_Lite/bin/../lib/gcc/arm-none-eabi/4.4.1/../../../../arm-none-eabi/lib/thumb2/libm.a(lib_a-w_sqrt.o)
 .ARM.attributes
                0x000009f6       0x29 /home/laurence/CodeSourcery/Sourcery_G++_Lite/bin/../lib/gcc/arm-none-eabi/4.4.1/../../../../arm-none-eabi/lib/thumb2/libm.a(lib_a-wf_asin.o)
 .ARM.attributes
                0x00000a1f       0x29 /home/laurence/CodeSourcery/Sourcery_G++_Lite/bin/../lib/gcc/arm-none-eabi/4.4.1/../../../../arm-none-eabi/lib/thumb2/libm.a(lib_a-wf_atan2.o)
 .ARM.attributes
                0x00000a48       0x29 /home/laurence/CodeSourcery/Sourcery_G++_Lite/bin/../lib/gcc/arm-none-eabi/4.4.1/../../../../arm-none-eabi/lib/thumb2/libm.a(lib_a-e_asin.o)
 .ARM.attributes
                0x00000a71       0x29 /home/laurence/CodeSourcery/Sourcery_G++_Lite/bin/../lib/gcc/arm-none-eabi/4.4.1/../../../../arm-none-eabi/lib/thumb2/libm.a(lib_a-e_atan2.o)
 .ARM.attributes
                0x00000a9a       0x29 /home/laurence/CodeSourcery/Sourcery_G++_Lite/bin/../lib/gcc/arm-none-eabi/4.4.1/../../../../arm-none-eabi/lib/thumb2/libm.a(lib_a-e_pow.o)
 .ARM.attributes
                0x00000ac3       0x29 /home/laurence/CodeSourcery/Sourcery_G++_Lite/bin/../lib/gcc/arm-none-eabi/4.4.1/../../../../arm-none-eabi/lib/thumb2/libm.a(lib_a-e_rem_pio2.o)
 .ARM.attributes
                0x00000aec       0x29 /home/laurence/CodeSourcery/Sourcery_G++_Lite/bin/../lib/gcc/arm-none-eabi/4.4.1/../../../../arm-none-eabi/lib/thumb2/libm.a(lib_a-e_sqrt.o)
 .ARM.attributes
                0x00000b15       0x29 /home/laurence/CodeSourcery/Sourcery_G++_Lite/bin/../lib/gcc/arm-none-eabi/4.4.1/../../../../arm-none-eabi/lib/thumb2/libm.a(lib_a-ef_asin.o)
 .ARM.attributes
                0x00000b3e       0x29 /home/laurence/CodeSourcery/Sourcery_G++_Lite/bin/../lib/gcc/arm-none-eabi/4.4.1/../../../../arm-none-eabi/lib/thumb2/libm.a(lib_a-ef_atan2.o)
 .ARM.attributes
                0x00000b67       0x29 /home/laurence/CodeSourcery/Sourcery_G++_Lite/bin/../lib/gcc/arm-none-eabi/4.4.1/../../../../arm-none-eabi/lib/thumb2/libm.a(lib_a-ef_sqrt.o)
 .ARM.attributes
                0x00000b90       0x29 /home/laurence/CodeSourcery/Sourcery_G++_Lite/bin/../lib/gcc/arm-none-eabi/4.4.1/../../../../arm-none-eabi/lib/thumb2/libm.a(lib_a-k_cos.o)
 .ARM.attributes
                0x00000bb9       0x29 /home/laurence/CodeSourcery/Sourcery_G++_Lite/bin/../lib/gcc/arm-none-eabi/4.4.1/../../../../arm-none-eabi/lib/thumb2/libm.a(lib_a-k_rem_pio2.o)
 .ARM.attributes
                0x00000be2       0x29 /home/laurence/CodeSourcery/Sourcery_G++_Lite/bin/../lib/gcc/arm-none-eabi/4.4.1/../../../../arm-none-eabi/lib/thumb2/libm.a(lib_a-k_sin.o)
 .ARM.attributes