Archive member included because of file (symbol)

lib/STM32F10x_StdPeriph_Driver/libstm32fw.a(stm32f10x_dma.o)
                              dma.o (DMA_DeInit)
lib/STM32F10x_StdPeriph_Driver/libstm32fw.a(stm32f10x_gpio.o)
                              gpio.o (GPIO_Init)
lib/STM32F10x_StdPeriph_Driver/libstm32fw.a(stm32f10x_i2c.o)
                              i2c.o (I2C_Cmd)
lib/STM32F10x_StdPeriph_Driver/libstm32fw.a(stm32f10x_rcc.o)
                              lib/STM32F10x_StdPeriph_Driver/libstm32fw.a(stm32f10x_i2c.o) (RCC_GetClocksFreq)
lib/STM32F10x_StdPeriph_Driver/libstm32fw.a(stm32f10x_usart.o)
                              usart.o (USART_Cmd)
/home/laurence/CodeSourcery/Sourcery_G++_Lite/bin/../lib/gcc/arm-none-eabi/4.4.1/../../../../arm-none-eabi/lib/thumb2/libm.a(lib_a-s_cos.o)
                              Sensors/earth_field.o (cos)
/home/laurence/CodeSourcery/Sourcery_G++_Lite/bin/../lib/gcc/arm-none-eabi/4.4.1/../../../../arm-none-eabi/lib/thumb2/libm.a(lib_a-s_sin.o)
                              Sensors/earth_field.o (sin)
/home/laurence/CodeSourcery/Sourcery_G++_Lite/bin/../lib/gcc/arm-none-eabi/4.4.1/../../../../arm-none-eabi/lib/thumb2/libm.a(lib_a-w_asin.o)
                              Sensors/earth_field.o (asin)
/home/laurence/CodeSourcery/Sourcery_G++_Lite/bin/../lib/gcc/arm-none-eabi/4.4.1/../../../../arm-none-eabi/lib/thumb2/libm.a(lib_a-w_atan2.o)
                              Sensors/earth_field.o (atan2)
/home/laurence/CodeSourcery/Sourcery_G++_Lite/bin/../lib/gcc/arm-none-eabi/4.4.1/../../../../arm-none-eabi/lib/thumb2/libm.a(lib_a-w_sqrt.o)
                              Control/ekf.o (sqrt)
/home/laurence/CodeSourcery/Sourcery_G++_Lite/bin/../lib/gcc/arm-none-eabi/4.4.1/../../../../arm-none-eabi/lib/thumb2/libm.a(lib_a-e_asin.o)
                              /home/laurence/CodeSourcery/Sourcery_G++_Lite/bin/../lib/gcc/arm-none-eabi/4.4.1/../../../../arm-none-eabi/lib/thumb2/libm.a(lib_a-w_asin.o) (__ieee754_asin)
/home/laurence/CodeSourcery/Sourcery_G++_Lite/bin/../lib/gcc/arm-none-eabi/4.4.1/../../../../arm-none-eabi/lib/thumb2/libm.a(lib_a-e_atan2.o)
                              /home/laurence/CodeSourcery/Sourcery_G++_Lite/bin/../lib/gcc/arm-none-eabi/4.4.1/../../../../arm-none-eabi/lib/thumb2/libm.a(lib_a-w_atan2.o) (__ieee754_atan2)
/home/laurence/CodeSourcery/Sourcery_G++_Lite/bin/../lib/gcc/arm-none-eabi/4.4.1/../../../../arm-none-eabi/lib/thumb2/libm.a(lib_a-e_rem_pio2.o)
                              /home/laurence/CodeSourcery/Sourcery_G++_Lite/bin/../lib/gcc/arm-none-eabi/4.4.1/../../../../arm-none-eabi/lib/thumb2/libm.a(lib_a-s_cos.o) (__ieee754_rem_pio2)
/home/laurence/CodeSourcery/Sourcery_G++_Lite/bin/../lib/gcc/arm-none-eabi/4.4.1/../../../../arm-none-eabi/lib/thumb2/libm.a(lib_a-e_sqrt.o)
                              /home/laurence/CodeSourcery/Sourcery_G++_Lite/bin/../lib/gcc/arm-none-eabi/4.4.1/../../../../arm-none-eabi/lib/thumb2/libm.a(lib_a-w_sqrt.o) (__ieee754_sqrt)
/home/laurence/CodeSourcery/Sourcery_G++_Lite/bin/../lib/gcc/arm-none-eabi/4.4.1/../../../../arm-none-eabi/lib/thumb2/libm.a(lib_a-k_cos.o)
                              /home/laurence/CodeSourcery/Sourcery_G++_Lite/bin/../lib/gcc/arm-none-eabi/4.4.1/../../../../arm-none-eabi/lib/thumb2/libm.a(lib_a-s_cos.o) (__kernel_cos)
/home/laurence/CodeSourcery/Sourcery_G++_Lite/bin/../lib/gcc/arm-none-eabi/4.4.1/../../../../arm-none-eabi/lib/thumb2/libm.a(lib_a-k_rem_pio2.o)
                              /home/laurence/CodeSourcery/Sourcery_G++_Lite/bin/../lib/gcc/arm-none-eabi/4.4.1/../../../../arm-none-eabi/lib/thumb2/libm.a(lib_a-e_rem_pio2.o) (__kernel_rem_pio2)
/home/laurence/CodeSourcery/Sourcery_G++_Lite/bin/../lib/gcc/arm-none-eabi/4.4.1/../../../../arm-none-eabi/lib/thumb2/libm.a(lib_a-k_sin.o)
                              /home/laurence/CodeSourcery/Sourcery_G++_Lite/bin/../lib/gcc/arm-none-eabi/4.4.1/../../../../arm-none-eabi/lib/thumb2/libm.a(lib_a-s_cos.o) (__kernel_sin)
/home/laurence/CodeSourcery/Sourcery_G++_Lite/bin/../lib/gcc/arm-none-eabi/4.4.1/../../../../arm-none-eabi/lib/thumb2/libm.a(lib_a-s_atan.o)
                              /home/laurence/CodeSourcery/Sourcery_G++_Lite/bin/../lib/gcc/arm-none-eabi/4.4.1/../../../../arm-none-eabi/lib/thumb2/libm.a(lib_a-e_atan2.o) (atan)
/home/laurence/CodeSourcery/Sourcery_G++_Lite/bin/../lib/gcc/arm-none-eabi/4.4.1/../../../../arm-none-eabi/lib/thumb2/libm.a(lib_a-s_fabs.o)
                              /home/laurence/CodeSourcery/Sourcery_G++_Lite/bin/../lib/gcc/arm-none-eabi/4.4.1/../../../../arm-none-eabi/lib/thumb2/libm.a(lib_a-w_asin.o) (fabs)
/home/laurence/CodeSourcery/Sourcery_G++_Lite/bin/../lib/gcc/arm-none-eabi/4.4.1/../../../../arm-none-eabi/lib/thumb2/libm.a(lib_a-s_floor.o)
                              /home/laurence/CodeSourcery/Sourcery_G++_Lite/bin/../lib/gcc/arm-none-eabi/4.4.1/../../../../arm-none-eabi/lib/thumb2/libm.a(lib_a-k_rem_pio2.o) (floor)
[...]
Memory Configuration

Name             Origin             Length             Attributes
ram              0x20000000         0x00005000         xrw
rom              0x08000000         0x00020000         xr
*default*        0x00000000         0xffffffff

Linker script and memory map

LOAD /home/laurence/CodeSourcery/Sourcery_G++_Lite/bin/../lib/gcc/arm-none-eabi/4.4.1/thumb2/crti.o
LOAD /home/laurence/CodeSourcery/Sourcery_G++_Lite/bin/../lib/gcc/arm-none-eabi/4.4.1/thumb2/crtbegin.o
LOAD Control/ekf.o
LOAD Sensors/earth_field.o
LOAD Sensors/ubx.o
LOAD Util/delay.o
LOAD Util/rprintf.o
LOAD dma.o
LOAD gpio.o
LOAD i2c.o
LOAD interrupts.o
LOAD lib/CMSIS_CM3/core_cm3.o
LOAD lib/CMSIS_CM3/startup/gcc/startup_stm32f10x_md.o
LOAD lib/CMSIS_CM3/system_stm32f10x.o
LOAD main.o
LOAD usart.o
LOAD lib/STM32F10x_StdPeriph_Driver/libstm32fw.a
LOAD lib/STM32_USB-FS-Device_Driver/libstm32usb.a
LOAD /home/laurence/CodeSourcery/Sourcery_G++_Lite/bin/../lib/gcc/arm-none-eabi/4.4.1/../../../../arm-none-eabi/lib/thumb2/libm.a
START GROUP
LOAD /home/laurence/CodeSourcery/Sourcery_G++_Lite/bin/../lib/gcc/arm-none-eabi/4.4.1/thumb2/libgcc.a
LOAD /home/laurence/CodeSourcery/Sourcery_G++_Lite/bin/../lib/gcc/arm-none-eabi/4.4.1/../../../../arm-none-eabi/lib/thumb2/libc.a
END GROUP
LOAD /home/laurence/CodeSourcery/Sourcery_G++_Lite/bin/../lib/gcc/arm-none-eabi/4.4.1/thumb2/crtend.o
LOAD /home/laurence/CodeSourcery/Sourcery_G++_Lite/bin/../lib/gcc/arm-none-eabi/4.4.1/thumb2/crtn.o
START GROUP
LOAD /home/laurence/CodeSourcery/Sourcery_G++_Lite/bin/../lib/gcc/arm-none-eabi/4.4.1/thumb2/libgcc.a
LOAD /home/laurence/CodeSourcery/Sourcery_G++_Lite/bin/../lib/gcc/arm-none-eabi/4.4.1/../../../../arm-none-eabi/lib/thumb2/libc.a
LOAD /home/laurence/CodeSourcery/Sourcery_G++_Lite/bin/../lib/gcc/arm-none-eabi/4.4.1/../../../../arm-none-eabi/lib/thumb2/libcs3.a
LOAD /home/laurence/CodeSourcery/Sourcery_G++_Lite/bin/../lib/gcc/arm-none-eabi/4.4.1/../../../../arm-none-eabi/lib/thumb2/libcs3unhosted.a
LOAD lib/libcs3-lanchon-stm32.a
END GROUP
                0x20005000                PROVIDE (__cs3_stack, (__cs3_region_start_ram + __cs3_region_size_ram))
                0x20001330                PROVIDE (__cs3_heap_start, _end)
                0x20005000                PROVIDE (__cs3_heap_end, (__cs3_region_start_ram + __cs3_region_size_ram))

.text           0x08000000    0x11298
 CREATE_OBJECT_SYMBOLS
                0x08000000                __cs3_region_start_rom = .
 *(.cs3.region-head.rom)
                0x08000000                __cs3_interrupt_vector = __cs3_interrupt_vector_lanchon_stm32
 *(.cs3.interrupt_vector)
 .cs3.interrupt_vector
                0x08000000       0xec lib/libcs3-lanchon-stm32.a(lanchon-stm32-vector.o)
                0x08000000                __cs3_interrupt_vector_lanchon_stm32
                0x08000001                ASSERT ((. != __cs3_interrupt_vector_lanchon_stm32), No interrupt vector)
 *(.rom)
 *(.rom.b)
                0x080104cc                PROVIDE (__cs3_reset_lanchon_stm32, _start)
                0x080104cc                __cs3_reset = __cs3_reset_lanchon_stm32
 *(.cs3.reset)
 *(.text .text.* .gnu.linkonce.t.*)
 .text          0x080000ec       0x30 /home/laurence/CodeSourcery/Sourcery_G++_Lite/bin/../lib/gcc/arm-none-eabi/4.4.1/thumb2/crtbegin.o
 *fill*         0x0800011c        0x4 00
 .text          0x08000120     0x8860 Control/ekf.o
                0x08000120                ins_get_num_states
                0x08000124                INSGPSInit
                0x08000254                INSResetP
                0x08000294                INSSetState
                0x080002f8                INSPosVelReset
                0x08000380                INSSetPosVelVar
                0x0800039c                INSSetGyroBias
                0x080003b8                INSSetAccelVar
                0x080003d4                INSSetGyroVar
                0x080003f0                INSSetMagVar
                0x0800040c                INSSetMagNorth
                0x08000424                CovariancePrediction
                0x0800776e                INSCovariancePrediction
                0x08007794                SerialUpdate
                0x080078ec                StateEq
                0x08007be0                RungeKutta
                0x08007d08                LinearizeFG
                0x0800817c                MeasurementEq
                0x0800833a                LinearizeH
                0x08008604                INSCorrection
                0x080087ac                VelBaroCorrection
                0x080087c8                GpsMagCorrection
                0x080087e0                FullCorrection
                0x080087ee                GpsBaroCorrection
                0x0800880c                MagVelBaroCorrection
                0x08008828                MagCorrection
                0x08008848                INSStatePrediction
 .text          0x08008980     0x1920 Sensors/earth_field.o
                0x08008980                WMM_CalculateSecularVariation
                0x08008a88                WMM_get_secular_var_coeff_g
                0x08008aa0                WMM_get_main_field_coeff_g
                0x08008b3c                WMM_get_secular_var_coeff_h
                0x08008b54                WMM_get_main_field_coeff_h
                0x08008be8                WMM_DateToYear
                0x08008c24                WMM_RotateMagneticVector
                0x08008ce0                WMM_ComputeSphericalHarmonicVariables
                0x08008db4                WMM_GeodeticToSpherical
                0x08008f18                WMM_SecVarSummationSpecial
                0x080090b4                WMM_SecVarSummation
                0x080092b4                WMM_SummationSpecial
                0x08009454                WMM_Summation
                0x08009654                WMM_PcupLow
                0x080099a0                WMM_PcupHigh
                0x08009e46                WMM_AssociatedLegendreFunction
                0x08009ed4                WMM_CalculateGeoMagneticElements
                0x08009f98                WMM_Geomag
                0x0800a090                WMM_Initialize
                0x0800a108                WMM_GetMagVector
 .text          0x0800a2a0      0x2c0 Sensors/ubx.o
                0x0800a2a0                Gps_Process_Byte
                0x0800a408                Get_UBX_Ack
                0x0800a4b0                Config_Gps
 .text          0x0800a560        0x2 Util/delay.o
                0x0800a560                Delay
 *fill*         0x0800a562        0x2 00
 .text          0x0800a564      0x560 Util/rprintf.o
                0x0800a564                rprintfInit
                0x0800a570                rprintfChar
                0x0800a590                rprintfStr
                0x0800a5a8                rprintfStrLen
                0x0800a5de                rprintfCRLF
                0x0800a5e2                rprintfu04
                0x0800a5ec                rprintfu08
                0x0800a5fe                rprintfu16
                0x0800a610                rprintfu32
                0x0800a622                rprintfNum
                0x0800a6d8                rprintfFloat
                0x0800a7a8                Isdigit
                0x0800a7b6                atoiRamRom
                0x0800a7dc                rStrLen
                0x0800a7ec                rprintf2RamRom
 .text          0x0800aac4       0xd8 dma.o
                0x0800aac4                Pop_From_Buffer
                0x0800aae0                Bytes_In_Buffer
                0x0800ab0c                Get_From_Buffer
                0x0800ab40                Flush_Buffer
                0x0800ab52                DMA_Configuration
 .text          0x0800ab9c      0x1d0 gpio.o
                0x0800ab9c                Get_MEMS_DRDY
                0x0800abc0                MEMS_Status_Configuration
                0x0800abfc                Aux_Devices_Configuration
                0x0800ac58                SPI_Control_Configuration
                0x0800acc0                GPS_IO_Configuration
                0x0800ad0c                GPIO_Config_AF_Periferals
                0x0800ad54                All_IO_Configuration
 .text          0x0800ad6c      0x3a8 i2c.o
                0x0800ad6c                Flipbytes
                0x0800ad76                I2C_Read
                0x0800af4c                Gyr_Stat
                0x0800af66                Gyr_Read
                0x0800af8c                Mag_Read
                0x0800afb2                I2C_Conf
                0x0800b058                Gyr_Init
                0x0800b090                Acc_Init
                0x0800b0ac                Mag_Init
                0x0800b0c8                I2C_Config
 .text.Default_Handler
                0x0800b114        0x2 lib/CMSIS_CM3/startup/gcc/startup_stm32f10x_md.o
                0x0800b114                EXTI2_IRQHandler
                0x0800b114                TIM1_CC_IRQHandler
                0x0800b114                PVD_IRQHandler
                0x0800b114                EXTI3_IRQHandler
                0x0800b114                EXTI0_IRQHandler
                0x0800b114                I2C2_EV_IRQHandler
                0x0800b114                ADC1_2_IRQHandler
                0x0800b114                SPI1_IRQHandler
                0x0800b114                TAMPER_IRQHandler
                0x0800b114                DMA1_Channel4_IRQHandler
                0x0800b114                USART3_IRQHandler
                0x0800b114                RTC_IRQHandler
                0x0800b114                DMA1_Channel7_IRQHandler
                0x0800b114                CAN1_RX1_IRQHandler
                0x0800b114                TIM4_IRQHandler
                0x0800b114                I2C1_EV_IRQHandler
                0x0800b114                DMA1_Channel6_IRQHandler
                0x0800b114                TIM3_IRQHandler
                0x0800b114                RCC_IRQHandler
                0x0800b114                TIM1_TRG_COM_IRQHandler
                0x0800b114                DMA1_Channel1_IRQHandler
                0x0800b114                Default_Handler
                0x0800b114                EXTI15_10_IRQHandler
                0x0800b114                EXTI9_5_IRQHandler
                0x0800b114                SPI2_IRQHandler
                0x0800b114                DMA1_Channel5_IRQHandler
                0x0800b114                EXTI4_IRQHandler
                0x0800b114                USB_LP_CAN1_RX0_IRQHandler
                0x0800b114                USB_HP_CAN1_TX_IRQHandler
                0x0800b114                DMA1_Channel3_IRQHandler
                0x0800b114                TIM1_UP_IRQHandler
                0x0800b114                WWDG_IRQHandler
                0x0800b114                TIM2_IRQHandler
                0x0800b114                TIM1_BRK_IRQHandler
                0x0800b114                EXTI1_IRQHandler
                0x0800b114                RTCAlarm_IRQHandler
                0x0800b114                USART2_IRQHandler
                0x0800b114                I2C2_ER_IRQHandler
                0x0800b114                DMA1_Channel2_IRQHandler
                0x0800b114                CAN1_SCE_IRQHandler
                0x0800b114                FLASH_IRQHandler
                0x0800b114                USART1_IRQHandler
                0x0800b114                I2C1_ER_IRQHandler
                0x0800b114                USBWakeUp_IRQHandler
 *fill*         0x0800b116        0x2 00
 .text          0x0800b118       0x40 lib/CMSIS_CM3/system_stm32f10x.o
                0x0800b118                SystemInit
 .text          0x0800b158      0x198 main.o
                0x0800b158                Initialisation
                0x0800b1d4                main
 .text          0x0800b2f0      0x160 usart.o
                0x0800b2f0                Default_Usart_Config
                0x0800b302                __gps_send_char
                0x0800b320                Gps_Send_Str
                0x0800b338                Gps_Send_Utf8
                0x0800b352                __usart_send_char
                0x0800b370                Usart_Send_Str
                0x0800b388                USART2_reconf
                0x0800b3b8                Usarts_Init
 .text          0x0800b450      0x290 lib/STM32F10x_StdPeriph_Driver/libstm32fw.a(stm32f10x_dma.o)
                0x0800b450                DMA_DeInit
                0x0800b5cc                DMA_Init
                0x0800b610                DMA_StructInit
                0x0800b62c                DMA_Cmd
                0x0800b644                DMA_ITConfig
                0x0800b658                DMA_GetCurrDataCounter
                0x0800b660                DMA_GetFlagStatus
                0x0800b684                DMA_ClearFlag
                0x0800b6a0                DMA_GetITStatus
                0x0800b6c4                DMA_ClearITPendingBit
 .text          0x0800b6e0      0x53c lib/STM32F10x_StdPeriph_Driver/libstm32fw.a(stm32f10x_gpio.o)
                0x0800b6e0                GPIO_Init
                0x0800b9d8                GPIO_StructInit
                0x0800b9e8                GPIO_ReadInputDataBit
                0x0800b9f4                GPIO_ReadInputData
                0x0800b9fc                GPIO_ReadOutputDataBit
                0x0800ba08                GPIO_ReadOutputData
                0x0800ba10                GPIO_SetBits
                0x0800ba14                GPIO_ResetBits
                0x0800ba18                GPIO_WriteBit
                0x0800ba24                GPIO_Write
                0x0800ba28                GPIO_PinLockConfig
                0x0800ba38                GPIO_EventOutputConfig
                0x0800ba60                GPIO_EventOutputCmd
                0x0800ba6c                GPIO_PinRemapConfig
                0x0800bad8                GPIO_EXTILineConfig
                0x0800bb10                GPIO_ETH_MediaInterfaceConfig
                0x0800bb1c                GPIO_AFIODeInit
                0x0800bb34                GPIO_DeInit
 .text          0x0800bc1c      0x44c lib/STM32F10x_StdPeriph_Driver/libstm32fw.a(stm32f10x_i2c.o)
                0x0800bc1c                I2C_StructInit
                0x0800bc38                I2C_Cmd
                0x0800bc58                I2C_DMACmd
                0x0800bc78                I2C_DMALastTransferCmd
                0x0800bc98                I2C_GenerateSTART
                0x0800bcb8                I2C_GenerateSTOP
                0x0800bcd8                I2C_AcknowledgeConfig
                0x0800bcf8                I2C_OwnAddress2Config
                0x0800bd10                I2C_DualAddressCmd
                0x0800bd30                I2C_GeneralCallCmd
                0x0800bd50                I2C_ITConfig
                0x0800bd6c                I2C_SendData
                0x0800bd70                I2C_ReceiveData
                0x0800bd78                I2C_Send7bitAddress
                0x0800bd8c                I2C_ReadRegister
                0x0800bda4                I2C_SoftwareResetCmd
                0x0800bdbc                I2C_SMBusAlertConfig
                0x0800bddc                I2C_TransmitPEC
                0x0800bdfc                I2C_PECPositionConfig
                0x0800be1c                I2C_CalculatePEC
                0x0800be3c                I2C_GetPEC
                0x0800be44                I2C_ARPCmd
                0x0800be64                I2C_StretchClockCmd
                0x0800be84                I2C_FastModeDutyCycleConfig
                0x0800bea4                I2C_GetLastEvent
                0x0800beb4                I2C_CheckEvent
                0x0800bed0                I2C_GetFlagStatus
                0x0800bf08                I2C_ClearFlag
                0x0800bf10                I2C_GetITStatus
                0x0800bf2c                I2C_ClearITPendingBit
                0x0800bf34                I2C_Init
                0x0800c028                I2C_DeInit
 .text          0x0800c068      0x3fc lib/STM32F10x_StdPeriph_Driver/libstm32fw.a(stm32f10x_rcc.o)
                0x0800c068                RCC_DeInit
                0x0800c0ac                RCC_HSEConfig
                0x0800c0e4                RCC_WaitForHSEStartUp
                0x0800c11c                RCC_AdjustHSICalibrationValue
                0x0800c134                RCC_HSICmd
                0x0800c140                RCC_PLLConfig
                0x0800c158                RCC_PLLCmd
                0x0800c164                RCC_SYSCLKConfig
                0x0800c17c                RCC_GetSYSCLKSource
                0x0800c18c                RCC_HCLKConfig
                0x0800c1a4                RCC_PCLK1Config
                0x0800c1bc                RCC_PCLK2Config
                0x0800c1d4                RCC_ITConfig
                0x0800c1fc                RCC_USBCLKConfig
                0x0800c208                RCC_ADCCLKConfig
                0x0800c220                RCC_LSEConfig
                0x0800c240                RCC_LSICmd
                0x0800c24c                RCC_RTCCLKConfig
                0x0800c260                RCC_RTCCLKCmd
                0x0800c26c                RCC_GetClocksFreq
                0x0800c31c                RCC_AHBPeriphClockCmd
                0x0800c340                RCC_APB2PeriphClockCmd
                0x0800c364                RCC_APB1PeriphClockCmd
                0x0800c388                RCC_APB2PeriphResetCmd
                0x0800c3ac                RCC_APB1PeriphResetCmd
                0x0800c3d0                RCC_BackupResetCmd
                0x0800c3dc                RCC_ClockSecuritySystemCmd
                0x0800c3e8                RCC_MCOConfig
                0x0800c3f4                RCC_GetFlagStatus
                0x0800c430                RCC_ClearFlag
                0x0800c444                RCC_GetITStatus
                0x0800c458                RCC_ClearITPendingBit
 .text          0x0800c464      0x424 lib/STM32F10x_StdPeriph_Driver/libstm32fw.a(stm32f10x_usart.o)
                0x0800c464                USART_StructInit
                0x0800c47c                USART_ClockInit
                0x0800c4a8                USART_ClockStructInit
                0x0800c4b4                USART_Cmd
                0x0800c4d4                USART_ITConfig
                0x0800c50c                USART_DMACmd
                0x0800c528                USART_SetAddress
                0x0800c548                USART_WakeUpConfig
                0x0800c568                USART_ReceiverWakeUpCmd
                0x0800c588                USART_LINBreakDetectLengthConfig
                0x0800c5a8                USART_LINCmd
                0x0800c5c8                USART_SendData
                0x0800c5d0                USART_ReceiveData
                0x0800c5d8                USART_SendBreak
                0x0800c5e4                USART_SetGuardTime
                0x0800c5fc                USART_SetPrescaler
                0x0800c614                USART_SmartCardCmd
                0x0800c634                USART_SmartCardNACKCmd
                0x0800c654                USART_HalfDuplexCmd
                0x0800c674                USART_IrDAConfig
                0x0800c694                USART_IrDACmd
                0x0800c6b4                USART_GetFlagStatus
                0x0800c6c0                USART_ClearFlag
                0x0800c6c8                USART_GetITStatus
                0x0800c71c                USART_ClearITPendingBit
                0x0800c72c                USART_Init
                0x0800c7d0                USART_DeInit
 .text          0x0800c888       0x98 /home/laurence/CodeSourcery/Sourcery_G++_Lite/bin/../lib/gcc/arm-none-eabi/4.4.1/../../../../arm-none-eabi/lib/thumb2/libm.a(lib_a-s_cos.o)
                0x0800c888                cos
 .text          0x0800c920       0xa0 /home/laurence/CodeSourcery/Sourcery_G++_Lite/bin/../lib/gcc/arm-none-eabi/4.4.1/../../../../arm-none-eabi/lib/thumb2/libm.a(lib_a-s_sin.o)
                0x0800c920                sin
 .text          0x0800c9c0       0xac /home/laurence/CodeSourcery/Sourcery_G++_Lite/bin/../lib/gcc/arm-none-eabi/4.4.1/../../../../arm-none-eabi/lib/thumb2/libm.a(lib_a-w_asin.o)
                0x0800c9c0                asin
 .text          0x0800ca6c        0x4 /home/laurence/CodeSourcery/Sourcery_G++_Lite/bin/../lib/gcc/arm-none-eabi/4.4.1/../../../../arm-none-eabi/lib/thumb2/libm.a(lib_a-w_atan2.o)
                0x0800ca6c                atan2
 .text          0x0800ca70       0xac /home/laurence/CodeSourcery/Sourcery_G++_Lite/bin/../lib/gcc/arm-none-eabi/4.4.1/../../../../arm-none-eabi/lib/thumb2/libm.a(lib_a-w_sqrt.o)
                0x0800ca70                sqrt
 *fill*         0x0800cb1c        0x4 00
 .text          0x0800cb20      0x420 /home/laurence/CodeSourcery/Sourcery_G++_Lite/bin/../lib/gcc/arm-none-eabi/4.4.1/../../../../arm-none-eabi/lib/thumb2/libm.a(lib_a-e_asin.o)
                0x0800cb20                __ieee754_asin
 .text          0x0800cf40      0x220 /home/laurence/CodeSourcery/Sourcery_G++_Lite/bin/../lib/gcc/arm-none-eabi/4.4.1/../../../../arm-none-eabi/lib/thumb2/libm.a(lib_a-e_atan2.o)
                0x0800cf40                __ieee754_atan2
 .text          0x0800d160      0x418 /home/laurence/CodeSourcery/Sourcery_G++_Lite/bin/../lib/gcc/arm-none-eabi/4.4.1/../../../../arm-none-eabi/lib/thumb2/libm.a(lib_a-e_rem_pio2.o)
                0x0800d160                __ieee754_rem_pio2
 .text          0x0800d578      0x1dc /home/laurence/CodeSourcery/Sourcery_G++_Lite/bin/../lib/gcc/arm-none-eabi/4.4.1/../../../../arm-none-eabi/lib/thumb2/libm.a(lib_a-e_sqrt.o)
                0x0800d578                __ieee754_sqrt
 *fill*         0x0800d754        0x4 00
 .text          0x0800d758      0x250 /home/laurence/CodeSourcery/Sourcery_G++_Lite/bin/../lib/gcc/arm-none-eabi/4.4.1/../../../../arm-none-eabi/lib/thumb2/libm.a(lib_a-k_cos.o)
                0x0800d758                __kernel_cos
 .text          0x0800d9a8      0x7b4 /home/laurence/CodeSourcery/Sourcery_G++_Lite/bin/../lib/gcc/arm-none-eabi/4.4.1/../../../../arm-none-eabi/lib/thumb2/libm.a(lib_a-k_rem_pio2.o)
                0x0800d9a8                __kernel_rem_pio2
 *fill*         0x0800e15c        0x4 00
 .text          0x0800e160      0x170 /home/laurence/CodeSourcery/Sourcery_G++_Lite/bin/../lib/gcc/arm-none-eabi/4.4.1/../../../../arm-none-eabi/lib/thumb2/libm.a(lib_a-k_sin.o)
                0x0800e160                __kernel_sin
 .text          0x0800e2d0      0x348 /home/laurence/CodeSourcery/Sourcery_G++_Lite/bin/../lib/gcc/arm-none-eabi/4.4.1/../../../../arm-none-eabi/lib/thumb2/libm.a(lib_a-s_atan.o)
                0x0800e2d0                atan
 .text          0x0800e618        0x8 /home/laurence/CodeSourcery/Sourcery_G++_Lite/bin/../lib/gcc/arm-none-eabi/4.4.1/../../../../arm-none-eabi/lib/thumb2/libm.a(lib_a-s_fabs.o)
                0x0800e618                fabs
 .text          0x0800e620      0x128 /home/laurence/CodeSourcery/Sourcery_G++_Lite/bin/../lib/gcc/arm-none-eabi/4.4.1/../../../../arm-none-eabi/lib/thumb2/libm.a(lib_a-s_floor.o)
                0x0800e620                floor
 .text          0x0800e748       0x1c /home/laurence/CodeSourcery/Sourcery_G++_Lite/bin/../lib/gcc/arm-none-eabi/4.4.1/../../../../arm-none-eabi/lib/thumb2/libm.a(lib_a-s_isnand.o)
                0x0800e748                __isnand
 .text          0x0800e764        0x4 /home/laurence/CodeSourcery/Sourcery_G++_Lite/bin/../lib/gcc/arm-none-eabi/4.4.1/../../../../arm-none-eabi/lib/thumb2/libm.a(lib_a-s_matherr.o)
                0x0800e764                matherr
 .text          0x0800e768        0xc /home/laurence/CodeSourcery/Sourcery_G++_Lite/bin/../lib/gcc/arm-none-eabi/4.4.1/../../../../arm-none-eabi/lib/thumb2/libm.a(lib_a-s_nan.o)
                0x0800e768                nan
 *fill*         0x0800e774        0x4 00
 .text          0x0800e778      0x118 /home/laurence/CodeSourcery/Sourcery_G++_Lite/bin/../lib/gcc/arm-none-eabi/4.4.1/../../../../arm-none-eabi/lib/thumb2/libm.a(lib_a-s_scalbn.o)
                0x0800e778                scalbn
 .text          0x0800e890       0x18 /home/laurence/CodeSourcery/Sourcery_G++_Lite/bin/../lib/gcc/arm-none-eabi/4.4.1/../../../../arm-none-eabi/lib/thumb2/libm.a(lib_a-s_copysign.o)
                0x0800e890                copysign
 .text          0x0800e8a8      0x2b0 /home/laurence/CodeSourcery/Sourcery_G++_Lite/bin/../lib/gcc/arm-none-eabi/4.4.1/thumb2/libgcc.a(_divsi3.o)
                0x0800e8a8                __aeabi_idiv
                0x0800e8a8                __divsi3
                0x0800eb3c                __aeabi_idivmod
 .text          0x0800eb58        0x4 /home/laurence/CodeSourcery/Sourcery_G++_Lite/bin/../lib/gcc/arm-none-eabi/4.4.1/thumb2/libgcc.a(_dvmd_tls.o)
                0x0800eb58                __aeabi_ldiv0
                0x0800eb58                __aeabi_idiv0
 .text          0x0800eb5c      0x370 /home/laurence/CodeSourcery/Sourcery_G++_Lite/bin/../lib/gcc/arm-none-eabi/4.4.1/thumb2/libgcc.a(_arm_addsubdf3.o)
                0x0800eb5c                __aeabi_drsub
                0x0800eb64                __aeabi_dsub
                0x0800eb64                __subdf3
                0x0800eb68                __adddf3
                0x0800eb68                __aeabi_dadd
                0x0800ede0                __aeabi_ui2d
                0x0800ede0                __floatunsidf
                0x0800ee00                __floatsidf
                0x0800ee00                __aeabi_i2d
                0x0800ee24                __extendsfdf2
                0x0800ee24                __aeabi_f2d
                0x0800ee60                __aeabi_ul2d
                0x0800ee60                __floatundidf
                0x0800ee70                __floatdidf
                0x0800ee70                __aeabi_l2d
 .text          0x0800eecc      0x424 /home/laurence/CodeSourcery/Sourcery_G++_Lite/bin/../lib/gcc/arm-none-eabi/4.4.1/thumb2/libgcc.a(_arm_muldivdf3.o)
                0x0800eecc                __aeabi_dmul
                0x0800eecc                __muldf3
                0x0800f120                __aeabi_ddiv
                0x0800f120                __divdf3
 .text          0x0800f2f0      0x110 /home/laurence/CodeSourcery/Sourcery_G++_Lite/bin/../lib/gcc/arm-none-eabi/4.4.1/thumb2/libgcc.a(_arm_cmpdf2.o)
                0x0800f2f0                __gtdf2
                0x0800f2f0                __gedf2
                0x0800f2f8                __ltdf2
                0x0800f2f8                __ledf2
                0x0800f300                __cmpdf2
                0x0800f300                __eqdf2
                0x0800f300                __nedf2
                0x0800f37c                __aeabi_cdrcmple
                0x0800f38c                __aeabi_cdcmple
                0x0800f38c                __aeabi_cdcmpeq
                0x0800f39c                __aeabi_dcmpeq
                0x0800f3b0                __aeabi_dcmplt
                0x0800f3c4                __aeabi_dcmple
                0x0800f3d8                __aeabi_dcmpge
                0x0800f3ec                __aeabi_dcmpgt
 .text          0x0800f400       0x50 /home/laurence/CodeSourcery/Sourcery_G++_Lite/bin/../lib/gcc/arm-none-eabi/4.4.1/thumb2/libgcc.a(_arm_fixdfsi.o)
                0x0800f400                __fixdfsi
                0x0800f400                __aeabi_d2iz
 .text          0x0800f450       0xa0 /home/laurence/CodeSourcery/Sourcery_G++_Lite/bin/../lib/gcc/arm-none-eabi/4.4.1/thumb2/libgcc.a(_arm_truncdfsf2.o)
                0x0800f450                __aeabi_d2f
                0x0800f450                __truncdfsf2
 .text          0x0800f4f0      0x21c /home/laurence/CodeSourcery/Sourcery_G++_Lite/bin/../lib/gcc/arm-none-eabi/4.4.1/thumb2/libgcc.a(_arm_addsubsf3.o)
                0x0800f4f0                __aeabi_frsub
                0x0800f4f8                __subsf3
                0x0800f4f8                __aeabi_fsub
                0x0800f4fc                __aeabi_fadd
                0x0800f4fc                __addsf3
                0x0800f65c                __aeabi_ui2f
                0x0800f65c                __floatunsisf
                0x0800f664                __aeabi_i2f
                0x0800f664                __floatsisf
                0x0800f680                __floatundisf
                0x0800f680                __aeabi_ul2f
                0x0800f690                __floatdisf
                0x0800f690                __aeabi_l2f
 .text          0x0800f70c      0x2a0 /home/laurence/CodeSourcery/Sourcery_G++_Lite/bin/../lib/gcc/arm-none-eabi/4.4.1/thumb2/libgcc.a(_arm_muldivsf3.o)
                0x0800f70c                __mulsf3
                0x0800f70c                __aeabi_fmul
                0x0800f874                __divsf3
                0x0800f874                __aeabi_fdiv
 .text          0x0800f9ac       0xec /home/laurence/CodeSourcery/Sourcery_G++_Lite/bin/../lib/gcc/arm-none-eabi/4.4.1/thumb2/libgcc.a(_arm_cmpsf2.o)
                0x0800f9ac                __gtsf2
                0x0800f9ac                __gesf2
                0x0800f9b4                __lesf2
                0x0800f9b4                __ltsf2
                0x0800f9bc                __nesf2
                0x0800f9bc                __eqsf2
                0x0800f9bc                __cmpsf2
                0x0800fa1c                __aeabi_cfrcmple
                0x0800fa24                __aeabi_cfcmple
                0x0800fa24                __aeabi_cfcmpeq
                0x0800fa34                __aeabi_fcmpeq
                0x0800fa48                __aeabi_fcmplt
                0x0800fa5c                __aeabi_fcmple
                0x0800fa70                __aeabi_fcmpge
                0x0800fa84                __aeabi_fcmpgt
 .text          0x0800fa98       0x40 /home/laurence/CodeSourcery/Sourcery_G++_Lite/bin/../lib/gcc/arm-none-eabi/4.4.1/thumb2/libgcc.a(_arm_fixunssfsi.o)
                0x0800fa98                __aeabi_f2uiz
                0x0800fa98                __fixunssfsi
 .text          0x0800fad8        0xc /home/laurence/CodeSourcery/Sourcery_G++_Lite/bin/../lib/gcc/arm-none-eabi/4.4.1/../../../../arm-none-eabi/lib/thumb2/libc.a(lib_a-errno.o)
                0x0800fad8                __errno
 .text          0x0800fae4       0x20 /home/laurence/CodeSourcery/Sourcery_G++_Lite/bin/../lib/gcc/arm-none-eabi/4.4.1/../../../../arm-none-eabi/lib/thumb2/libc.a(lib_a-malloc.o)
                0x0800fae4                free
                0x0800faf4                malloc
 .text          0x0800fb04      0x5a4 /home/laurence/CodeSourcery/Sourcery_G++_Lite/bin/../lib/gcc/arm-none-eabi/4.4.1/../../../../arm-none-eabi/lib/thumb2/libc.a(lib_a-mallocr.o)
                0x0800fb04                _malloc_r
 .text          0x080100a8        0x8 /home/laurence/CodeSourcery/Sourcery_G++_Lite/bin/../lib/gcc/arm-none-eabi/4.4.1/../../../../arm-none-eabi/lib/thumb2/libc.a(lib_a-mlock.o)
                0x080100a8                __malloc_lock
                0x080100ac                __malloc_unlock
 .text          0x080100b0       0x28 /home/laurence/CodeSourcery/Sourcery_G++_Lite/bin/../lib/gcc/arm-none-eabi/4.4.1/../../../../arm-none-eabi/lib/thumb2/libc.a(lib_a-sbrkr.o)
                0x080100b0                _sbrk_r
 .text          0x080100d8       0xbc /home/laurence/CodeSourcery/Sourcery_G++_Lite/bin/../lib/gcc/arm-none-eabi/4.4.1/../../../../arm-none-eabi/lib/thumb2/libc.a(lib_a-strcpy.o)
                0x080100d8                strcpy
 .text          0x08010194      0x268 /home/laurence/CodeSourcery/Sourcery_G++_Lite/bin/../lib/gcc/arm-none-eabi/4.4.1/../../../../arm-none-eabi/lib/thumb2/libc.a(lib_a-freer.o)
                0x08010194                _malloc_trim_r
                0x0801023c                _free_r
 .text          0x080103fc       0x30 /home/laurence/CodeSourcery/Sourcery_G++_Lite/bin/../lib/gcc/arm-none-eabi/4.4.1/../../../../arm-none-eabi/lib/thumb2/libcs3.a(start_c.o)
                0x080103fc                __cs3_premain
 .text.cs3.init
                0x0801042c       0x5c /home/laurence/CodeSourcery/Sourcery_G++_Lite/bin/../lib/gcc/arm-none-eabi/4.4.1/../../../../arm-none-eabi/lib/thumb2/libcs3.a(start_c.o)
                0x0801042c                __cs3_start_c
 .text          0x08010488       0x44 /home/laurence/CodeSourcery/Sourcery_G++_Lite/bin/../lib/gcc/arm-none-eabi/4.4.1/../../../../arm-none-eabi/lib/thumb2/libcs3unhosted.a(unhosted-sbrk.o)
                0x08010488                _sbrk
 .text.cs3.init
                0x080104cc       0x10 /home/laurence/CodeSourcery/Sourcery_G++_Lite/bin/../lib/gcc/arm-none-eabi/4.4.1/../../../../arm-none-eabi/lib/thumb2/libcs3unhosted.a(unhosted-start.o)
                0x080104cc                _start
 .text          0x080104dc        0x2 lib/libcs3-lanchon-stm32.a(lanchon_stm32_isr_interrupt.o)
                0x080104dc                MemManageException
                0x080104dc                BusFaultException
                0x080104dc                DMAChannel7_IRQHandler
                0x080104dc                DebugMonitor
                0x080104dc                SVCHandler
                0x080104dc                HardFaultException
                0x080104dc                __STM32ReservedException8
                0x080104dc                USB_HP_CAN_TX_IRQHandler
                0x080104dc                __STM32DefaultExceptionHandler
                0x080104dc                DMAChannel1_IRQHandler
                0x080104dc                CAN_SCE_IRQHandler
                0x080104dc                __STM32ReservedException10
                0x080104dc                __STM32ReservedException13
                0x080104dc                NMIException
                0x080104dc                DMAChannel4_IRQHandler
                0x080104dc                SysTickHandler
                0x080104dc                PendSVC
                0x080104dc                CAN_RX1_IRQHandler
                0x080104dc                ADC_IRQHandler
                0x080104dc                DMAChannel5_IRQHandler
                0x080104dc                DMAChannel2_IRQHandler
                0x080104dc                USB_LP_CAN_RX0_IRQHandler
                0x080104dc                __STM32ReservedException7
                0x080104dc                UsageFaultException
                0x080104dc                DMAChannel6_IRQHandler
                0x080104dc                DMAChannel3_IRQHandler
                0x080104dc                __STM32ReservedException9
 *fill*         0x080104de        0x2 00
 .text          0x080104e0       0x50 /home/laurence/CodeSourcery/Sourcery_G++_Lite/bin/../lib/gcc/arm-none-eabi/4.4.1/../../../../arm-none-eabi/lib/thumb2/libc.a(lib_a-init.o)
                0x080104e0                __libc_init_array
 *(.plt)
 *(.gnu.warning)
 *(.glue_7t)
 .glue_7t       0x00000000        0x0 linker stubs
 *(.glue_7)
 .glue_7        0x00000000        0x0 linker stubs
 *(.vfp11_veneer)
 .vfp11_veneer  0x00000000        0x0 linker stubs
 *(.rodata .rodata.* .gnu.linkonce.r.*)
 .rodata        0x08010530      0x888 Sensors/earth_field.o
 .rodata.str1.1
                0x08010db8        0x9 Sensors/earth_field.o
 *fill*         0x08010dc1        0x3 00
 .rodata        0x08010dc4       0xac Sensors/ubx.o
 .rodata.str1.1
                0x08010e70      0x11c Sensors/ubx.o
 .rodata        0x08010f8c       0x14 Util/rprintf.o
 .rodata.str1.1
                0x08010fa0        0x6 Util/rprintf.o
 *fill*         0x08010fa6        0x2 00
 .rodata        0x08010fa8       0x1c i2c.o
 .rodata.str1.1
                0x08010fc4       0x70 main.o
                                 0x7a (size before relaxing)
 .rodata.str1.4
                0x08011034        0x5 /home/laurence/CodeSourcery/Sourcery_G++_Lite/bin/../lib/gcc/arm-none-eabi/4.4.1/../../../../arm-none-eabi/lib/thumb2/libm.a(lib_a-w_asin.o)
                                  0xc (size before relaxing)
 *fill*         0x08011039        0x3 00
 .rodata.str1.4
                0x0801103c        0x5 /home/laurence/CodeSourcery/Sourcery_G++_Lite/bin/../lib/gcc/arm-none-eabi/4.4.1/../../../../arm-none-eabi/lib/thumb2/libm.a(lib_a-w_sqrt.o)
                                  0x8 (size before relaxing)
 *fill*         0x08011041        0x3 00
 .rodata        0x08011044      0x188 /home/laurence/CodeSourcery/Sourcery_G++_Lite/bin/../lib/gcc/arm-none-eabi/4.4.1/../../../../arm-none-eabi/lib/thumb2/libm.a(lib_a-e_rem_pio2.o)
 *fill*         0x080111cc        0x4 00
 .rodata        0x080111d0       0x50 /home/laurence/CodeSourcery/Sourcery_G++_Lite/bin/../lib/gcc/arm-none-eabi/4.4.1/../../../../arm-none-eabi/lib/thumb2/libm.a(lib_a-k_rem_pio2.o)
 .rodata        0x08011220       0x40 /home/laurence/CodeSourcery/Sourcery_G++_Lite/bin/../lib/gcc/arm-none-eabi/4.4.1/../../../../arm-none-eabi/lib/thumb2/libm.a(lib_a-s_atan.o)
 .rodata.str1.4
                0x08011260        0x4 /home/laurence/CodeSourcery/Sourcery_G++_Lite/bin/../lib/gcc/arm-none-eabi/4.4.1/../../../../arm-none-eabi/lib/thumb2/libc.a(lib_a-impure.o)
 *(.ARM.extab* .gnu.linkonce.armextab.*)
 *(.gcc_except_table)
 *(.eh_frame_hdr)
 *(.eh_frame)
                0x08011264                . = ALIGN (0x4)
 *(.init)
 .init          0x08011264        0x4 /home/laurence/CodeSourcery/Sourcery_G++_Lite/bin/../lib/gcc/arm-none-eabi/4.4.1/thumb2/crti.o
                0x08011264                _init
 .init          0x08011268        0x8 /home/laurence/CodeSourcery/Sourcery_G++_Lite/bin/../lib/gcc/arm-none-eabi/4.4.1/thumb2/crtn.o
                0x08011270                . = ALIGN (0x4)
                0x08011270                __preinit_array_start = .
 *(.preinit_array)
                0x08011270                __preinit_array_end = .
                0x08011270                . = ALIGN (0x4)
                0x08011270                __init_array_start = .
 *(SORT(.init_array.*))
 *(.init_array)
 .init_array    0x08011270        0x4 /home/laurence/CodeSourcery/Sourcery_G++_Lite/bin/../lib/gcc/arm-none-eabi/4.4.1/thumb2/crtbegin.o
                0x08011274                __init_array_end = .
                0x08011274                . = ALIGN (0x4)
 *crtbegin.o(.ctors)
 *(EXCLUDE_FILE(*crtend.o) .ctors)
 *(SORT(.ctors.*))
 *crtend.o(.ctors)
                0x08011274                . = ALIGN (0x4)
 *(.fini)
 .fini          0x08011274        0x4 /home/laurence/CodeSourcery/Sourcery_G++_Lite/bin/../lib/gcc/arm-none-eabi/4.4.1/thumb2/crti.o
                0x08011274                _fini
 .fini          0x08011278        0x8 /home/laurence/CodeSourcery/Sourcery_G++_Lite/bin/../lib/gcc/arm-none-eabi/4.4.1/thumb2/crtn.o
                0x08011280                . = ALIGN (0x4)
                0x08011280                __fini_array_start = .
 *(.fini_array)
 .fini_array    0x08011280        0x4 /home/laurence/CodeSourcery/Sourcery_G++_Lite/bin/../lib/gcc/arm-none-eabi/4.4.1/thumb2/crtbegin.o
 *(SORT(.fini_array.*))
                0x08011284                __fini_array_end = .
 *crtbegin.o(.dtors)
 *(EXCLUDE_FILE(*crtend.o) .dtors)
 *(SORT(.dtors.*))
 *crtend.o(.dtors)
                0x08011284                . = ALIGN (0x4)
                0x08011284                __cs3_regions = .
                0x08011284        0x4 LONG 0x0
                0x08011288        0x4 LONG 0x8011298 __cs3_region_init_ram
                0x0801128c        0x4 LONG 0x20000000 __cs3_region_start_ram
                0x08011290        0x4 LONG 0x528 __cs3_region_init_size_ram
                0x08011294        0x4 LONG 0xe08 __cs3_region_zero_size_ram
                0x08011298                __exidx_start = .

.v4_bx          0x08011298        0x0
 .v4_bx         0x00000000        0x0 linker stubs

.ARM.exidx
 *(.ARM.exidx* .gnu.linkonce.armexidx.*)
                0x08011298                __exidx_end = .

.text.align     0x08011298        0x0
                0x08011298                . = ALIGN (0x8)
                0x08011298                _etext = .
                0x08020000                __cs3_region_end_rom = (__cs3_region_start_rom + 0x20000)
                0x00020000                __cs3_region_size_rom = 0x20000
                0x00000001                __cs3_region_num = 0x1

.data           0x20000000      0x528 load address 0x08011298
                0x20000000                __cs3_region_start_ram = .
 *(.cs3.region-head.ram)
 *(.jcr)
 .jcr           0x20000000        0x0 /home/laurence/CodeSourcery/Sourcery_G++_Lite/bin/../lib/gcc/arm-none-eabi/4.4.1/thumb2/crtbegin.o
 .jcr           0x20000000        0x4 /home/laurence/CodeSourcery/Sourcery_G++_Lite/bin/../lib/gcc/arm-none-eabi/4.4.1/thumb2/crtend.o
 *(.got.plt)
 *(.got)
 *(.shdata)
 *(.data .data.* .gnu.linkonce.d.*)
 .data          0x20000004       0x14 lib/STM32F10x_StdPeriph_Driver/libstm32fw.a(stm32f10x_rcc.o)
 .data          0x20000018        0x1 /home/laurence/CodeSourcery/Sourcery_G++_Lite/bin/../lib/gcc/arm-none-eabi/4.4.1/../../../../arm-none-eabi/lib/thumb2/libm.a(lib_a-s_lib_ver.o)
                0x20000018                __fdlib_version
 *fill*         0x20000019        0x3 00
 .data          0x2000001c       0xf4 /home/laurence/CodeSourcery/Sourcery_G++_Lite/bin/../lib/gcc/arm-none-eabi/4.4.1/../../../../arm-none-eabi/lib/thumb2/libc.a(lib_a-impure.o)
                0x2000001c                _impure_ptr
 .data          0x20000110      0x410 /home/laurence/CodeSourcery/Sourcery_G++_Lite/bin/../lib/gcc/arm-none-eabi/4.4.1/../../../../arm-none-eabi/lib/thumb2/libc.a(lib_a-mallocr.o)
                0x20000110                __malloc_av_
                0x20000518                __malloc_sbrk_base
                0x2000051c                __malloc_trim_threshold
 .data          0x20000520        0x4 /home/laurence/CodeSourcery/Sourcery_G++_Lite/bin/../lib/gcc/arm-none-eabi/4.4.1/../../../../arm-none-eabi/lib/thumb2/libcs3unhosted.a(unhosted-sbrk.o)
 .data          0x20000524        0x4 /home/laurence/CodeSourcery/Sourcery_G++_Lite/bin/../lib/gcc/arm-none-eabi/4.4.1/../../../../arm-none-eabi/lib/thumb2/libcs3.a(heap.o)
                0x20000524                __cs3_heap_limit
 *(.ram)
                0x20000528                . = ALIGN (0x8)
                0x20000528                _edata = .

.bss            0x20000528      0xe08 load address 0x080117c0
 *(.shbss)
 *(.bss .bss.* .gnu.linkonce.b.*)
 .bss           0x20000528        0x1 /home/laurence/CodeSourcery/Sourcery_G++_Lite/bin/../lib/gcc/arm-none-eabi/4.4.1/thumb2/crtbegin.o
 *fill*         0x20000529        0x3 00
 .bss           0x2000052c      0xbc4 Control/ekf.o
                0x2000052c                Be
                0x20000538                P
                0x200007dc                X
                0x20000810                Q
                0x20000834                R
                0x2000085c                F
                0x20000b00                G
                0x20000cd4                K
                0x20000edc                H
                0x200010e4                zeros
 .bss           0x200010f0        0xc Sensors/earth_field.o
 .bss           0x200010fc        0xa Sensors/ubx.o
 *fill*         0x20001106        0x2 00
 .bss           0x20001108       0x84 Util/rprintf.o
 .bss           0x2000118c      0x168 main.o
                0x2000118c                Gps_Buffer
                0x20001290                Gps
                0x200012b4                Nav
 .bss           0x200012f4       0x34 /home/laurence/CodeSourcery/Sourcery_G++_Lite/bin/../lib/gcc/arm-none-eabi/4.4.1/../../../../arm-none-eabi/lib/thumb2/libc.a(lib_a-mallocr.o)
                0x200012f4                __malloc_top_pad
                0x200012f8                __malloc_current_mallinfo
                0x20001320                __malloc_max_sbrked_mem
                0x20001324                __malloc_max_total_mem
 *(COMMON)
 COMMON         0x20001328        0x4 /home/laurence/CodeSourcery/Sourcery_G++_Lite/bin/../lib/gcc/arm-none-eabi/4.4.1/../../../../arm-none-eabi/lib/thumb2/libc.a(lib_a-reent.o)
                0x20001328                errno
 *(.ram.b)
                0x20001330                . = ALIGN (0x8)
 *fill*         0x2000132c        0x4 00
                0x20001330                _end = .
                0x20001330                __end = .
                0x20005000                __cs3_region_end_ram = (__cs3_region_start_ram + 0x5000)
                0x00005000                __cs3_region_size_ram = 0x5000
                0x08011298                __cs3_region_init_ram = LOADADDR (.data)
                0x00000528                __cs3_region_init_size_ram = (_edata - ADDR (.data))
                0x00000e08                __cs3_region_zero_size_ram = (_end - _edata)
                0x00000001                __cs3_region_num = 0x1

.stab
 *(.stab)

.stabstr
 *(.stabstr)

.debug
 *(.debug)

.line
 *(.line)

.debug_srcinfo
 *(.debug_srcinfo)

.debug_sfnames
 *(.debug_sfnames)

.debug_aranges
 *(.debug_aranges)

.debug_pubnames
 *(.debug_pubnames)

.debug_info
 *(.debug_info .gnu.linkonce.wi.*)

.debug_abbrev
 *(.debug_abbrev)

.debug_line
 *(.debug_line)

.comment        0x00000000      0x306
 .comment       0x00000000       0x2b Control/ekf.o
 .comment       0x0000002b       0x2b Sensors/earth_field.o
 .comment       0x00000056       0x2b Sensors/ubx.o
 .comment       0x00000081       0x2b Util/delay.o
 .comment       0x000000ac       0x2b Util/rprintf.o
 .comment       0x000000d7       0x2b dma.o
 .comment       0x00000102       0x2b gpio.o
 .comment       0x0000012d       0x2b i2c.o
 .comment       0x00000158       0x2b interrupts.o
 .comment       0x00000183       0x2b lib/CMSIS_CM3/core_cm3.o
 .comment       0x000001ae       0x2b lib/CMSIS_CM3/system_stm32f10x.o
 .comment       0x000001d9       0x2b main.o
 .comment       0x00000204       0x2b usart.o
 .comment       0x0000022f       0x2b lib/STM32F10x_StdPeriph_Driver/libstm32fw.a(stm32f10x_dma.o)
 .comment       0x0000025a       0x2b lib/STM32F10x_StdPeriph_Driver/libstm32fw.a(stm32f10x_gpio.o)
 .comment       0x00000285       0x2b lib/STM32F10x_StdPeriph_Driver/libstm32fw.a(stm32f10x_i2c.o)
 .comment       0x000002b0       0x2b lib/STM32F10x_StdPeriph_Driver/libstm32fw.a(stm32f10x_rcc.o)
 .comment       0x000002db       0x2b lib/STM32F10x_StdPeriph_Driver/libstm32fw.a(stm32f10x_usart.o)

.debug_frame    0x00000000      0x64c
 *(.debug_frame)
 .debug_frame   0x00000000       0x34 /home/laurence/CodeSourcery/Sourcery_G++_Lite/bin/../lib/gcc/arm-none-eabi/4.4.1/../../../../arm-none-eabi/lib/thumb2/libm.a(lib_a-s_cos.o)
 .debug_frame   0x00000034       0x34 /home/laurence/CodeSourcery/Sourcery_G++_Lite/bin/../lib/gcc/arm-none-eabi/4.4.1/../../../../arm-none-eabi/lib/thumb2/libm.a(lib_a-s_sin.o)
 .debug_frame   0x00000068       0x38 /home/laurence/CodeSourcery/Sourcery_G++_Lite/bin/../lib/gcc/arm-none-eabi/4.4.1/../../../../arm-none-eabi/lib/thumb2/libm.a(lib_a-w_asin.o)
 .debug_frame   0x000000a0       0x20 /home/laurence/CodeSourcery/Sourcery_G++_Lite/bin/../lib/gcc/arm-none-eabi/4.4.1/../../../../arm-none-eabi/lib/thumb2/libm.a(lib_a-w_atan2.o)
 .debug_frame   0x000000c0       0x3c /home/laurence/CodeSourcery/Sourcery_G++_Lite/bin/../lib/gcc/arm-none-eabi/4.4.1/../../../../arm-none-eabi/lib/thumb2/libm.a(lib_a-w_sqrt.o)
 .debug_frame   0x000000fc       0x3c /home/laurence/CodeSourcery/Sourcery_G++_Lite/bin/../lib/gcc/arm-none-eabi/4.4.1/../../../../arm-none-eabi/lib/thumb2/libm.a(lib_a-e_asin.o)
 .debug_frame   0x00000138       0x3c /home/laurence/CodeSourcery/Sourcery_G++_Lite/bin/../lib/gcc/arm-none-eabi/4.4.1/../../../../arm-none-eabi/lib/thumb2/libm.a(lib_a-e_atan2.o)
 .debug_frame   0x00000174       0x3c /home/laurence/CodeSourcery/Sourcery_G++_Lite/bin/../lib/gcc/arm-none-eabi/4.4.1/../../../../arm-none-eabi/lib/thumb2/libm.a(lib_a-e_rem_pio2.o)
 .debug_frame   0x000001b0       0x34 /home/laurence/CodeSourcery/Sourcery_G++_Lite/bin/../lib/gcc/arm-none-eabi/4.4.1/../../../../arm-none-eabi/lib/thumb2/libm.a(lib_a-e_sqrt.o)
 .debug_frame   0x000001e4       0x3c /home/laurence/CodeSourcery/Sourcery_G++_Lite/bin/../lib/gcc/arm-none-eabi/4.4.1/../../../../arm-none-eabi/lib/thumb2/libm.a(lib_a-k_cos.o)
 .debug_frame   0x00000220       0x3c /home/laurence/CodeSourcery/Sourcery_G++_Lite/bin/../lib/gcc/arm-none-eabi/4.4.1/../../../../arm-none-eabi/lib/thumb2/libm.a(lib_a-k_rem_pio2.o)
 .debug_frame   0x0000025c       0x3c /home/laurence/CodeSourcery/Sourcery_G++_Lite/bin/../lib/gcc/arm-none-eabi/4.4.1/../../../../arm-none-eabi/lib/thumb2/libm.a(lib_a-k_sin.o)
 .debug_frame   0x00000298       0x38 /home/laurence/CodeSourcery/Sourcery_G++_Lite/bin/../lib/gcc/arm-none-eabi/4.4.1/../../../../arm-none-eabi/lib/thumb2/libm.a(lib_a-s_atan.o)
 .debug_frame   0x000002d0       0x20 /home/laurence/CodeSourcery/Sourcery_G++_Lite/bin/../lib/gcc/arm-none-eabi/4.4.1/../../../../arm-none-eabi/lib/thumb2/libm.a(lib_a-s_fabs.o)
 .debug_frame   0x000002f0       0x34 /home/laurence/CodeSourcery/Sourcery_G++_Lite/bin/../lib/gcc/arm-none-eabi/4.4.1/../../../../arm-none-eabi/lib/thumb2/libm.a(lib_a-s_floor.o)
 .debug_frame   0x00000324       0x20 /home/laurence/CodeSourcery/Sourcery_G++_Lite/bin/../lib/gcc/arm-none-eabi/4.4.1/../../../../arm-none-eabi/lib/thumb2/libm.a(lib_a-s_isnand.o)
 .debug_frame   0x00000344       0x20 /home/laurence/CodeSourcery/Sourcery_G++_Lite/bin/../lib/gcc/arm-none-eabi/4.4.1/../../../../arm-none-eabi/lib/thumb2/libm.a(lib_a-s_matherr.o)
 .debug_frame   0x00000364       0x20 /home/laurence/CodeSourcery/Sourcery_G++_Lite/bin/../lib/gcc/arm-none-eabi/4.4.1/../../../../arm-none-eabi/lib/thumb2/libm.a(lib_a-s_nan.o)
 .debug_frame   0x00000384       0x30 /home/laurence/CodeSourcery/Sourcery_G++_Lite/bin/../lib/gcc/arm-none-eabi/4.4.1/../../../../arm-none-eabi/lib/thumb2/libm.a(lib_a-s_scalbn.o)
 .debug_frame   0x000003b4       0x28 /home/laurence/CodeSourcery/Sourcery_G++_Lite/bin/../lib/gcc/arm-none-eabi/4.4.1/../../../../arm-none-eabi/lib/thumb2/libm.a(lib_a-s_copysign.o)
 .debug_frame   0x000003dc       0x20 /home/laurence/CodeSourcery/Sourcery_G++_Lite/bin/../lib/gcc/arm-none-eabi/4.4.1/thumb2/libgcc.a(_divsi3.o)
 .debug_frame   0x000003fc       0x20 /home/laurence/CodeSourcery/Sourcery_G++_Lite/bin/../lib/gcc/arm-none-eabi/4.4.1/../../../../arm-none-eabi/lib/thumb2/libc.a(lib_a-errno.o)
 .debug_frame   0x0000041c       0x30 /home/laurence/CodeSourcery/Sourcery_G++_Lite/bin/../lib/gcc/arm-none-eabi/4.4.1/../../../../arm-none-eabi/lib/thumb2/libc.a(lib_a-malloc.o)
 .debug_frame   0x0000044c       0x3c /home/laurence/CodeSourcery/Sourcery_G++_Lite/bin/../lib/gcc/arm-none-eabi/4.4.1/../../../../arm-none-eabi/lib/thumb2/libc.a(lib_a-mallocr.o)
 .debug_frame   0x00000488       0x30 /home/laurence/CodeSourcery/Sourcery_G++_Lite/bin/../lib/gcc/arm-none-eabi/4.4.1/../../../../arm-none-eabi/lib/thumb2/libc.a(lib_a-mlock.o)
 .debug_frame   0x000004b8       0x2c /home/laurence/CodeSourcery/Sourcery_G++_Lite/bin/../lib/gcc/arm-none-eabi/4.4.1/../../../../arm-none-eabi/lib/thumb2/libc.a(lib_a-sbrkr.o)
 .debug_frame   0x000004e4       0x20 /home/laurence/CodeSourcery/Sourcery_G++_Lite/bin/../lib/gcc/arm-none-eabi/4.4.1/../../../../arm-none-eabi/lib/thumb2/libc.a(lib_a-strcpy.o)
 .debug_frame   0x00000504       0x50 /home/laurence/CodeSourcery/Sourcery_G++_Lite/bin/../lib/gcc/arm-none-eabi/4.4.1/../../../../arm-none-eabi/lib/thumb2/libc.a(lib_a-freer.o)
 .debug_frame   0x00000554       0x64 /home/laurence/CodeSourcery/Sourcery_G++_Lite/bin/../lib/gcc/arm-none-eabi/4.4.1/../../../../arm-none-eabi/lib/thumb2/libc.a(lib_a-reent.o)
 .debug_frame   0x000005b8       0x40 /home/laurence/CodeSourcery/Sourcery_G++_Lite/bin/../lib/gcc/arm-none-eabi/4.4.1/../../../../arm-none-eabi/lib/thumb2/libcs3.a(start_c.o)
 .debug_frame   0x000005f8       0x28 /home/laurence/CodeSourcery/Sourcery_G++_Lite/bin/../lib/gcc/arm-none-eabi/4.4.1/../../../../arm-none-eabi/lib/thumb2/libcs3unhosted.a(unhosted-sbrk.o)
 .debug_frame   0x00000620       0x2c /home/laurence/CodeSourcery/Sourcery_G++_Lite/bin/../lib/gcc/arm-none-eabi/4.4.1/../../../../arm-none-eabi/lib/thumb2/libc.a(lib_a-init.o)

.debug_str
 *(.debug_str)

.debug_loc
 *(.debug_loc)

.debug_macinfo
 *(.debug_macinfo)

.debug_weaknames
 *(.debug_weaknames)

.debug_funcnames
 *(.debug_funcnames)

.debug_typenames
 *(.debug_typenames)

.debug_varnames
 *(.debug_varnames)

.note.gnu.arm.ident
 *(.note.gnu.arm.ident)

.ARM.attributes
                0x00000000       0x25
 *(.ARM.attributes)
 .ARM.attributes
                0x00000000       0x19 /home/laurence/CodeSourcery/Sourcery_G++_Lite/bin/../lib/gcc/arm-none-eabi/4.4.1/thumb2/crti.o
 .ARM.attributes
                0x00000019       0x29 /home/laurence/CodeSourcery/Sourcery_G++_Lite/bin/../lib/gcc/arm-none-eabi/4.4.1/thumb2/crtbegin.o
 .ARM.attributes
                0x00000042       0x31 Control/ekf.o
 .ARM.attributes
                0x00000073       0x31 Sensors/earth_field.o
 .ARM.attributes
                0x000000a4       0x31 Sensors/ubx.o
 .ARM.attributes
                0x000000d5       0x31 Util/delay.o
 .ARM.attributes
                0x00000106       0x31 Util/rprintf.o
 .ARM.attributes
                0x00000137       0x31 dma.o
 .ARM.attributes
                0x00000168       0x31 gpio.o
 .ARM.attributes
                0x00000199       0x31 i2c.o
 .ARM.attributes
                0x000001ca       0x31 interrupts.o
 .ARM.attributes
                0x000001fb       0x31 lib/CMSIS_CM3/core_cm3.o
 .ARM.attributes
                0x0000022c       0x21 lib/CMSIS_CM3/startup/gcc/startup_stm32f10x_md.o
 .ARM.attributes
                0x0000024d       0x31 lib/CMSIS_CM3/system_stm32f10x.o
 .ARM.attributes
                0x0000027e       0x31 main.o
 .ARM.attributes
                0x000002af       0x31 usart.o
 .ARM.attributes
                0x000002e0       0x31 lib/STM32F10x_StdPeriph_Driver/libstm32fw.a(stm32f10x_dma.o)
 .ARM.attributes
                0x00000311       0x31 lib/STM32F10x_StdPeriph_Driver/libstm32fw.a(stm32f10x_gpio.o)
 .ARM.attributes
                0x00000342       0x31 lib/STM32F10x_StdPeriph_Driver/libstm32fw.a(stm32f10x_i2c.o)
 .ARM.attributes
                0x00000373       0x31 lib/STM32F10x_StdPeriph_Driver/libstm32fw.a(stm32f10x_rcc.o)
 .ARM.attributes
                0x000003a4       0x31 lib/STM32F10x_StdPeriph_Driver/libstm32fw.a(stm32f10x_usart.o)
 .ARM.attributes
                0x000003d5       0x29 /home/laurence/CodeSourcery/Sourcery_G++_Lite/bin/../lib/gcc/arm-none-eabi/4.4.1/../../../../arm-none-eabi/lib/thumb2/libm.a(lib_a-s_cos.o)
 .ARM.attributes
                0x000003fe       0x29 /home/laurence/CodeSourcery/Sourcery_G++_Lite/bin/../lib/gcc/arm-none-eabi/4.4.1/../../../../arm-none-eabi/lib/thumb2/libm.a(lib_a-s_sin.o)
 .ARM.attributes
                0x00000427       0x29 /home/laurence/CodeSourcery/Sourcery_G++_Lite/bin/../lib/gcc/arm-none-eabi/4.4.1/../../../../arm-none-eabi/lib/thumb2/libm.a(lib_a-w_asin.o)
 .ARM.attributes
                0x00000450       0x29 /home/laurence/CodeSourcery/Sourcery_G++_Lite/bin/../lib/gcc/arm-none-eabi/4.4.1/../../../../arm-none-eabi/lib/thumb2/libm.a(lib_a-w_atan2.o)
 .ARM.attributes
                0x00000479       0x29 /home/laurence/CodeSourcery/Sourcery_G++_Lite/bin/../lib/gcc/arm-none-eabi/4.4.1/../../../../arm-none-eabi/lib/thumb2/libm.a(lib_a-w_sqrt.o)
 .ARM.attributes
                0x000004a2       0x29 /home/laurence/CodeSourcery/Sourcery_G++_Lite/bin/../lib/gcc/arm-none-eabi/4.4.1/../../../../arm-none-eabi/lib/thumb2/libm.a(lib_a-e_asin.o)
 .ARM.attributes
                0x000004cb       0x29 /home/laurence/CodeSourcery/Sourcery_G++_Lite/bin/../lib/gcc/arm-none-eabi/4.4.1/../../../../arm-none-eabi/lib/thumb2/libm.a(lib_a-e_atan2.o)
 .ARM.attributes
                0x000004f4       0x29 /home/laurence/CodeSourcery/Sourcery_G++_Lite/bin/../lib/gcc/arm-none-eabi/4.4.1/../../../../arm-none-eabi/lib/thumb2/libm.a(lib_a-e_rem_pio2.o)
 .ARM.attributes
                0x0000051d       0x29 /home/laurence/CodeSourcery/Sourcery_G++_Lite/bin/../lib/gcc/arm-none-eabi/4.4.1/../../../../arm-none-eabi/lib/thumb2/libm.a(lib_a-e_sqrt.o)
 .ARM.attributes
                0x00000546       0x29 /home/laurence/CodeSourcery/Sourcery_G++_Lite/bin/../lib/gcc/arm-none-eabi/4.4.1/../../../../arm-none-eabi/lib/thumb2/libm.a(lib_a-k_cos.o)
 .ARM.attributes
                0x0000056f       0x29 /home/laurence/CodeSourcery/Sourcery_G++_Lite/bin/../lib/gcc/arm-none-eabi/4.4.1/../../../../arm-none-eabi/lib/thumb2/libm.a(lib_a-k_rem_pio2.o)
 .ARM.attributes
                0x00000598       0x29 /home/laurence/CodeSourcery/Sourcery_G++_Lite/bin/../lib/gcc/arm-none-eabi/4.4.1/../../../../arm-none-eabi/lib/thumb2/libm.a(lib_a-k_sin.o)
 .ARM.attributes
                0x000005c1       0x29 /home/laurence/CodeSourcery/Sourcery_G++_Lite/bin/../lib/gcc/arm-none-eabi/4.4.1/../../../../arm-none-eabi/lib/thumb2/libm.a(lib_a-s_atan.o)
 .ARM.attributes
                0x000005ea       0x29 /home/laurence/CodeSourcery/Sourcery_G++_Lite/bin/../lib/gcc/arm-none-eabi/4.4.1/../../../../arm-none-eabi/lib/thumb2/libm.a(lib_a-s_fabs.o)
 .ARM.attributes
                0x00000613       0x29 /home/laurence/CodeSourcery/Sourcery_G++_Lite/bin/../lib/gcc/arm-none-eabi/4.4.1/../../../../arm-none-eabi/lib/thumb2/libm.a(lib_a-s_floor.o)
 .ARM.attributes
                0x0000063c       0x29 /home/laurence/CodeSourcery/Sourcery_G++_Lite/bin/../lib/gcc/arm-none-eabi/4.4.1/../../../../arm-none-eabi/lib/thumb2/libm.a(lib_a-s_isnand.o)
 .ARM.attributes
                0x00000665       0x29 /home/laurence/CodeSourcery/Sourcery_G++_Lite/bin/../lib/gcc/arm-none-eabi/4.4.1/../../../../arm-none-eabi/lib/thumb2/libm.a(lib_a-s_lib_ver.o)
 .ARM.attributes
                0x0000068e       0x29 /home/laurence/CodeSourcery/Sourcery_G++_Lite/bin/../lib/gcc/arm-none-eabi/4.4.1/../../../../arm-none-eabi/lib/thumb2/libm.a(lib_a-s_matherr.o)
 .ARM.attributes
                0x000006b7       0x29 /home/laurence/CodeSourcery/Sourcery_G++_Lite/bin/../lib/gcc/arm-none-eabi/4.4.1/../../../../arm-none-eabi/lib/thumb2/libm.a(lib_a-s_nan.o)
 .ARM.attributes
                0x000006e0       0x29 /home/laurence/CodeSourcery/Sourcery_G++_Lite/bin/../lib/gcc/arm-none-eabi/4.4.1/../../../../arm-none-eabi/lib/thumb2/libm.a(lib_a-s_scalbn.o)
 .ARM.attributes
                0x00000709       0x29 /home/laurence/CodeSourcery/Sourcery_G++_Lite/bin/../lib/gcc/arm-none-eabi/4.4.1/../../../../arm-none-eabi/lib/thumb2/libm.a(lib_a-s_copysign.o)
 .ARM.attributes
                0x00000732       0x1b /home/laurence/CodeSourcery/Sourcery_G++_Lite/bin/../lib/gcc/arm-none-eabi/4.4.1/thumb2/libgcc.a(_divsi3.o)
 .ARM.attributes
                0x0000074d       0x1b /home/laurence/CodeSourcery/Sourcery_G++_Lite/bin/../lib/gcc/arm-none-eabi/4.4.1/thumb2/libgcc.a(_dvmd_tls.o)
 .ARM.attributes
                0x00000768       0x1b /home/laurence/CodeSourcery/Sourcery_G++_Lite/bin/../lib/gcc/arm-none-eabi/4.4.1/thumb2/libgcc.a(_arm_addsubdf3.o)
 .ARM.attributes
                0x00000783       0x1b /home/laurence/CodeSourcery/Sourcery_G++_Lite/bin/../lib/gcc/arm-none-eabi/4.4.1/thumb2/libgcc.a(_arm_muldivdf3.o)
 .ARM.attributes
                0x0000079e       0x1b /home/laurence/CodeSourcery/Sourcery_G++_Lite/bin/../lib/gcc/arm-none-eabi/4.4.1/thumb2/libgcc.a(_arm_cmpdf2.o)
 .ARM.attributes
                0x000007b9       0x1b /home/laurence/CodeSourcery/Sourcery_G++_Lite/bin/../lib/gcc/arm-none-eabi/4.4.1/thumb2/libgcc.a(_arm_fixdfsi.o)
 .ARM.attributes
                0x000007d4       0x1b /home/laurence/CodeSourcery/Sourcery_G++_Lite/bin/../lib/gcc/arm-none-eabi/4.4.1/thumb2/libgcc.a(_arm_truncdfsf2.o)
 .ARM.attributes
                0x000007ef       0x1b /home/laurence/CodeSourcery/Sourcery_G++_Lite/bin/../lib/gcc/arm-none-eabi/4.4.1/thumb2/libgcc.a(_arm_addsubsf3.o)
 .ARM.attributes
                0x0000080a       0x1b /home/laurence/CodeSourcery/Sourcery_G++_Lite/bin/../lib/gcc/arm-none-eabi/4.4.1/thumb2/libgcc.a(_arm_muldivsf3.o)
 .ARM.attributes
                0x00000825       0x1b /home/laurence/CodeSourcery/Sourcery_G++_Lite/bin/../lib/gcc/arm-none-eabi/4.4.1/thumb2/libgcc.a(_arm_cmpsf2.o)
 .ARM.attributes
                0x00000840       0x1b /home/laurence/CodeSourcery/Sourcery_G++_Lite/bin/../lib/gcc/arm-none-eabi/4.4.1/thumb2/libgcc.a(_arm_fixunssfsi.o)
 .ARM.attributes
                0x0000085b       0x29 /home/laurence/CodeSourcery/Sourcery_G++_Lite/bin/../lib/gcc/arm-none-eabi/4.4.1/../../../../arm-none-eabi/lib/thumb2/libc.a(lib_a-errno.o)
 .ARM.attributes
                0x00000884       0x29 /home/laurence/CodeSourcery/Sourcery_G++_Lite/bin/../lib/gcc/arm-none-eabi/4.4.1/../../../../arm-none-eabi/lib/thumb2/libc.a(lib_a-impure.o)
 .ARM.attributes
                0x000008ad       0x29 /home/laurence/CodeSourcery/Sourcery_G++_Lite/bin/../lib/gcc/arm-none-eabi/4.4.1/../../../../arm-none-eabi/lib/thumb2/libc.a(lib_a-malloc.o)
 .ARM.attributes
                0x000008d6       0x29 /home/laurence/CodeSourcery/Sourcery_G++_Lite/bin/../lib/gcc/arm-none-eabi/4.4.1/../../../../arm-none-eabi/lib/thumb2/libc.a(lib_a-mallocr.o)
 .ARM.attributes
                0x000008ff       0x29 /home/laurence/CodeSourcery/Sourcery_G++_Lite/bin/../lib/gcc/arm-none-eabi/4.4.1/../../../../arm-none-eabi/lib/thumb2/libc.a(lib_a-mlock.o)
 .ARM.attributes
                0x00000928       0x29 /home/laurence/CodeSourcery/Sourcery_G++_Lite/bin/../lib/gcc/arm-none-eabi/4.4.1/../../../../arm-none-eabi/lib/thumb2/libc.a(lib_a-sbrkr.o)
 .ARM.attributes
                0x00000951       0x29 /home/laurence/CodeSourcery/Sourcery_G++_Lite/bin/../lib/gcc/arm-none-eabi/4.4.1/../../../../arm-none-eabi/lib/thumb2/libc.a(lib_a-strcpy.o)
 .ARM.attributes
                0x0000097a       0x29 /home/laurence/CodeSourcery/Sourcery_G++_Lite/bin/../lib/gcc/arm-none-eabi/4.4.1/../../../../arm-none-eabi/lib/thumb2/libc.a(lib_a-freer.o)
 .ARM.attributes
                0x000009a3       0x29 /home/laurence/CodeSourcery/Sourcery_G++_Lite/bin/../lib/gcc/arm-none-eabi/4.4.1/../../../../arm-none-eabi/lib/thumb2/libc.a(lib_a-reent.o)
 .ARM.attributes
                0x000009cc       0x29 /home/laurence/CodeSourcery/Sourcery_G++_Lite/bin/../lib/gcc/arm-none-eabi/4.4.1/thumb2/crtend.o
 .ARM.attributes
                0x000009f5       0x19 /home/laurence/CodeSourcery/Sourcery_G++_Lite/bin/../lib/gcc/arm-none-eabi/4.4.1/thumb2/crtn.o
 .ARM.attributes
                0x00000a0e       0x29 /home/laurence/CodeSourcery/Sourcery_G++_Lite/bin/../lib/gcc/arm-none-eabi/4.4.1/../../../../arm-none-eabi/lib/thumb2/libcs3.a(start_c.o)
 .ARM.attributes
                0x00000a37       0x29 /home/laurence/CodeSourcery/Sourcery_G++_Lite/bin/../lib/gcc/arm-none-eabi/4.4.1/../../../../arm-none-eabi/lib/thumb2/libcs3unhosted.a(unhosted-sbrk.o)
 .ARM.attributes
                0x00000a60       0x19 /home/laurence/CodeSourcery/Sourcery_G++_Lite/bin/../lib/gcc/arm-none-eabi/4.4.1/../../../../arm-none-eabi/lib/thumb2/libcs3unhosted.a(unhosted-start.o)
 .ARM.attributes
                0x00000a79       0x1f lib/libcs3-lanchon-stm32.a(lanchon-stm32-vector.o)
 .ARM.attributes
                0x00000a98       0x21 lib/libcs3-lanchon-stm32.a(lanchon_stm32_isr_interrupt.o)
 .ARM.attributes
                0x00000ab9       0x29 /home/laurence/CodeSourcery/Sourcery_G++_Lite/bin/../lib/gcc/arm-none-eabi/4.4.1/../../../../arm-none-eabi/lib/thumb2/libc.a(lib_a-init.o)
 .ARM.attributes
                0x00000ae2       0x29 /home/laurence/CodeSourcery/Sourcery_G++_Lite/bin/../lib/gcc/arm-none-eabi/4.4.1/../../../../arm-none-eabi/lib/thumb2/libcs3.a(heap.o)

/DISCARD/
 *(.note.GNU-stack)
OUTPUT(main.elf elf32-littlearm)

Cross Reference Table

Symbol                                            File
ADC1_2_IRQHandler                                 lib/CMSIS_CM3/startup/gcc/startup_stm32f10x_md.o
ADC_IRQHandler                                    lib/libcs3-lanchon-stm32.a(lanchon_stm32_isr_interrupt.o)
                                                  lib/libcs3-lanchon-stm32.a(lanchon-stm32-vector.o)
Acc_Init                                          i2c.o
                                                  main.o
All_IO_Configuration                              gpio.o
                                                  main.o
Aux_Devices_Configuration                         gpio.o
Be                                                Control/ekf.o
BusFaultException                                 lib/libcs3-lanchon-stm32.a(lanchon_stm32_isr_interrupt.o)
                                                  lib/libcs3-lanchon-stm32.a(lanchon-stm32-vector.o)
BusFault_Handler                                  interrupts.o
Bytes_In_Buffer                                   dma.o
                                                  main.o
                                                  Sensors/ubx.o
CAN1_RX1_IRQHandler                               lib/CMSIS_CM3/startup/gcc/startup_stm32f10x_md.o
CAN1_SCE_IRQHandler                               lib/CMSIS_CM3/startup/gcc/startup_stm32f10x_md.o
CAN_RX1_IRQHandler                                lib/libcs3-lanchon-stm32.a(lanchon_stm32_isr_interrupt.o)
                                                  lib/libcs3-lanchon-stm32.a(lanchon-stm32-vector.o)
CAN_SCE_IRQHandler                                lib/libcs3-lanchon-stm32.a(lanchon_stm32_isr_interrupt.o)
                                                  lib/libcs3-lanchon-stm32.a(lanchon-stm32-vector.o)
Config_Gps                                        Sensors/ubx.o
                                                  main.o
CovariancePrediction                              Control/ekf.o
DMA1_Channel1_IRQHandler                          lib/CMSIS_CM3/startup/gcc/startup_stm32f10x_md.o
DMA1_Channel2_IRQHandler                          lib/CMSIS_CM3/startup/gcc/startup_stm32f10x_md.o
DMA1_Channel3_IRQHandler                          lib/CMSIS_CM3/startup/gcc/startup_stm32f10x_md.o
DMA1_Channel4_IRQHandler                          lib/CMSIS_CM3/startup/gcc/startup_stm32f10x_md.o
DMA1_Channel5_IRQHandler                          lib/CMSIS_CM3/startup/gcc/startup_stm32f10x_md.o
DMA1_Channel6_IRQHandler                          lib/CMSIS_CM3/startup/gcc/startup_stm32f10x_md.o
DMA1_Channel7_IRQHandler                          lib/CMSIS_CM3/startup/gcc/startup_stm32f10x_md.o
DMAChannel1_IRQHandler                            lib/libcs3-lanchon-stm32.a(lanchon_stm32_isr_interrupt.o)
                                                  lib/libcs3-lanchon-stm32.a(lanchon-stm32-vector.o)
DMAChannel2_IRQHandler                            lib/libcs3-lanchon-stm32.a(lanchon_stm32_isr_interrupt.o)
                                                  lib/libcs3-lanchon-stm32.a(lanchon-stm32-vector.o)
DMAChannel3_IRQHandler                            lib/libcs3-lanchon-stm32.a(lanchon_stm32_isr_interrupt.o)
                                                  lib/libcs3-lanchon-stm32.a(lanchon-stm32-vector.o)
DMAChannel4_IRQHandler                            lib/libcs3-lanchon-stm32.a(lanchon_stm32_isr_interrupt.o)
                                                  lib/libcs3-lanchon-stm32.a(lanchon-stm32-vector.o)
DMAChannel5_IRQHandler                            lib/libcs3-lanchon-stm32.a(lanchon_stm32_isr_interrupt.o)
                                                  lib/libcs3-lanchon-stm32.a(lanchon-stm32-vector.o)
DMAChannel6_IRQHandler                            lib/libcs3-lanchon-stm32.a(lanchon_stm32_isr_interrupt.o)
                                                  lib/libcs3-lanchon-stm32.a(lanchon-stm32-vector.o)
DMAChannel7_IRQHandler                            lib/libcs3-lanchon-stm32.a(lanchon_stm32_isr_interrupt.o)
                                                  lib/libcs3-lanchon-stm32.a(lanchon-stm32-vector.o)
DMA_ClearFlag                                     lib/STM32F10x_StdPeriph_Driver/libstm32fw.a(stm32f10x_dma.o)
DMA_ClearITPendingBit                             lib/STM32F10x_StdPeriph_Driver/libstm32fw.a(stm32f10x_dma.o)
DMA_Cmd                                           lib/STM32F10x_StdPeriph_Driver/libstm32fw.a(stm32f10x_dma.o)
                                                  main.o
DMA_Configuration                                 dma.o
                                                  main.o
DMA_DeInit                                        lib/STM32F10x_StdPeriph_Driver/libstm32fw.a(stm32f10x_dma.o)
                                                  dma.o
DMA_GetCurrDataCounter                            lib/STM32F10x_StdPeriph_Driver/libstm32fw.a(stm32f10x_dma.o)
                                                  dma.o
DMA_GetFlagStatus                                 lib/STM32F10x_StdPeriph_Driver/libstm32fw.a(stm32f10x_dma.o)
DMA_GetITStatus                                   lib/STM32F10x_StdPeriph_Driver/libstm32fw.a(stm32f10x_dma.o)
DMA_ITConfig                                      lib/STM32F10x_StdPeriph_Driver/libstm32fw.a(stm32f10x_dma.o)
DMA_Init                                          lib/STM32F10x_StdPeriph_Driver/libstm32fw.a(stm32f10x_dma.o)
                                                  dma.o
DMA_StructInit                                    lib/STM32F10x_StdPeriph_Driver/libstm32fw.a(stm32f10x_dma.o)
DebugMon_Handler                                  interrupts.o
DebugMonitor                                      lib/libcs3-lanchon-stm32.a(lanchon_stm32_isr_interrupt.o)
                                                  lib/libcs3-lanchon-stm32.a(lanchon-stm32-vector.o)
Default_Handler                                   lib/CMSIS_CM3/startup/gcc/startup_stm32f10x_md.o
Default_Usart_Config                              usart.o
Delay                                             Util/delay.o
                                                  main.o
                                                  Sensors/ubx.o
EXTI0_IRQHandler                                  lib/CMSIS_CM3/startup/gcc/startup_stm32f10x_md.o
                                                  lib/libcs3-lanchon-stm32.a(lanchon-stm32-vector.o)
EXTI15_10_IRQHandler                              lib/CMSIS_CM3/startup/gcc/startup_stm32f10x_md.o
                                                  lib/libcs3-lanchon-stm32.a(lanchon-stm32-vector.o)
EXTI1_IRQHandler                                  lib/CMSIS_CM3/startup/gcc/startup_stm32f10x_md.o
                                                  lib/libcs3-lanchon-stm32.a(lanchon-stm32-vector.o)
EXTI2_IRQHandler                                  lib/CMSIS_CM3/startup/gcc/startup_stm32f10x_md.o
                                                  lib/libcs3-lanchon-stm32.a(lanchon-stm32-vector.o)
EXTI3_IRQHandler                                  lib/CMSIS_CM3/startup/gcc/startup_stm32f10x_md.o
                                                  lib/libcs3-lanchon-stm32.a(lanchon-stm32-vector.o)
EXTI4_IRQHandler                                  lib/CMSIS_CM3/startup/gcc/startup_stm32f10x_md.o
                                                  lib/libcs3-lanchon-stm32.a(lanchon-stm32-vector.o)
EXTI9_5_IRQHandler                                lib/CMSIS_CM3/startup/gcc/startup_stm32f10x_md.o
                                                  lib/libcs3-lanchon-stm32.a(lanchon-stm32-vector.o)
F                                                 Control/ekf.o
FLASH_IRQHandler                                  lib/CMSIS_CM3/startup/gcc/startup_stm32f10x_md.o
                                                  lib/libcs3-lanchon-stm32.a(lanchon-stm32-vector.o)
Flipbytes                                         i2c.o
Flush_Buffer                                      dma.o
                                                  Sensors/ubx.o
FullCorrection                                    Control/ekf.o
G                                                 Control/ekf.o
GPIO_AFIODeInit                                   lib/STM32F10x_StdPeriph_Driver/libstm32fw.a(stm32f10x_gpio.o)
GPIO_Config_AF_Periferals                         gpio.o
GPIO_DeInit                                       lib/STM32F10x_StdPeriph_Driver/libstm32fw.a(stm32f10x_gpio.o)
GPIO_ETH_MediaInterfaceConfig                     lib/STM32F10x_StdPeriph_Driver/libstm32fw.a(stm32f10x_gpio.o)
GPIO_EXTILineConfig                               lib/STM32F10x_StdPeriph_Driver/libstm32fw.a(stm32f10x_gpio.o)
GPIO_EventOutputCmd                               lib/STM32F10x_StdPeriph_Driver/libstm32fw.a(stm32f10x_gpio.o)
GPIO_EventOutputConfig                            lib/STM32F10x_StdPeriph_Driver/libstm32fw.a(stm32f10x_gpio.o)
GPIO_Init                                         lib/STM32F10x_StdPeriph_Driver/libstm32fw.a(stm32f10x_gpio.o)
                                                  usart.o
                                                  gpio.o
GPIO_PinLockConfig                                lib/STM32F10x_StdPeriph_Driver/libstm32fw.a(stm32f10x_gpio.o)
GPIO_PinRemapConfig                               lib/STM32F10x_StdPeriph_Driver/libstm32fw.a(stm32f10x_gpio.o)
                                                  gpio.o
GPIO_ReadInputData                                lib/STM32F10x_StdPeriph_Driver/libstm32fw.a(stm32f10x_gpio.o)
                                                  gpio.o
GPIO_ReadInputDataBit                             lib/STM32F10x_StdPeriph_Driver/libstm32fw.a(stm32f10x_gpio.o)
GPIO_ReadOutputData                               lib/STM32F10x_StdPeriph_Driver/libstm32fw.a(stm32f10x_gpio.o)
GPIO_ReadOutputDataBit                            lib/STM32F10x_StdPeriph_Driver/libstm32fw.a(stm32f10x_gpio.o)
GPIO_ResetBits                                    lib/STM32F10x_StdPeriph_Driver/libstm32fw.a(stm32f10x_gpio.o)
                                                  main.o
GPIO_SetBits                                      lib/STM32F10x_StdPeriph_Driver/libstm32fw.a(stm32f10x_gpio.o)
                                                  main.o
GPIO_StructInit                                   lib/STM32F10x_StdPeriph_Driver/libstm32fw.a(stm32f10x_gpio.o)
GPIO_Write                                        lib/STM32F10x_StdPeriph_Driver/libstm32fw.a(stm32f10x_gpio.o)
GPIO_WriteBit                                     lib/STM32F10x_StdPeriph_Driver/libstm32fw.a(stm32f10x_gpio.o)
                                                  gpio.o
GPS_IO_Configuration                              gpio.o
Get_From_Buffer                                   dma.o
                                                  main.o
Get_MEMS_DRDY                                     gpio.o
Get_UBX_Ack                                       Sensors/ubx.o
Gps                                               main.o
GpsBaroCorrection                                 Control/ekf.o
GpsMagCorrection                                  Control/ekf.o
Gps_Buffer                                        main.o
                                                  Sensors/ubx.o
Gps_Process_Byte                                  Sensors/ubx.o
                                                  main.o
Gps_Send_Str                                      usart.o
                                                  Sensors/ubx.o
Gps_Send_Utf8                                     usart.o
                                                  Sensors/ubx.o
Gyr_Init                                          i2c.o
                                                  main.o
Gyr_Read                                          i2c.o
                                                  main.o
Gyr_Stat                                          i2c.o
H                                                 Control/ekf.o
HardFaultException                                lib/libcs3-lanchon-stm32.a(lanchon_stm32_isr_interrupt.o)
                                                  lib/libcs3-lanchon-stm32.a(lanchon-stm32-vector.o)
HardFault_Handler                                 interrupts.o
I2C1_ER_IRQHandler                                lib/CMSIS_CM3/startup/gcc/startup_stm32f10x_md.o
                                                  lib/libcs3-lanchon-stm32.a(lanchon-stm32-vector.o)
I2C1_EV_IRQHandler                                lib/CMSIS_CM3/startup/gcc/startup_stm32f10x_md.o
                                                  lib/libcs3-lanchon-stm32.a(lanchon-stm32-vector.o)
I2C2_ER_IRQHandler                                lib/CMSIS_CM3/startup/gcc/startup_stm32f10x_md.o
                                                  lib/libcs3-lanchon-stm32.a(lanchon-stm32-vector.o)
I2C2_EV_IRQHandler                                lib/CMSIS_CM3/startup/gcc/startup_stm32f10x_md.o
                                                  lib/libcs3-lanchon-stm32.a(lanchon-stm32-vector.o)
I2C_ARPCmd                                        lib/STM32F10x_StdPeriph_Driver/libstm32fw.a(stm32f10x_i2c.o)
I2C_AcknowledgeConfig                             lib/STM32F10x_StdPeriph_Driver/libstm32fw.a(stm32f10x_i2c.o)
                                                  i2c.o
I2C_CalculatePEC                                  lib/STM32F10x_StdPeriph_Driver/libstm32fw.a(stm32f10x_i2c.o)
I2C_CheckEvent                                    lib/STM32F10x_StdPeriph_Driver/libstm32fw.a(stm32f10x_i2c.o)
                                                  i2c.o
I2C_ClearFlag                                     lib/STM32F10x_StdPeriph_Driver/libstm32fw.a(stm32f10x_i2c.o)
I2C_ClearITPendingBit                             lib/STM32F10x_StdPeriph_Driver/libstm32fw.a(stm32f10x_i2c.o)
I2C_Cmd                                           lib/STM32F10x_StdPeriph_Driver/libstm32fw.a(stm32f10x_i2c.o)
                                                  i2c.o
I2C_Conf                                          i2c.o
I2C_Config                                        i2c.o
                                                  main.o
I2C_DMACmd                                        lib/STM32F10x_StdPeriph_Driver/libstm32fw.a(stm32f10x_i2c.o)
I2C_DMALastTransferCmd                            lib/STM32F10x_StdPeriph_Driver/libstm32fw.a(stm32f10x_i2c.o)
I2C_DeInit                                        lib/STM32F10x_StdPeriph_Driver/libstm32fw.a(stm32f10x_i2c.o)
I2C_DualAddressCmd                                lib/STM32F10x_StdPeriph_Driver/libstm32fw.a(stm32f10x_i2c.o)
I2C_FastModeDutyCycleConfig                       lib/STM32F10x_StdPeriph_Driver/libstm32fw.a(stm32f10x_i2c.o)
I2C_GeneralCallCmd                                lib/STM32F10x_StdPeriph_Driver/libstm32fw.a(stm32f10x_i2c.o)
I2C_GenerateSTART                                 lib/STM32F10x_StdPeriph_Driver/libstm32fw.a(stm32f10x_i2c.o)
                                                  i2c.o
I2C_GenerateSTOP                                  lib/STM32F10x_StdPeriph_Driver/libstm32fw.a(stm32f10x_i2c.o)
                                                  i2c.o
I2C_GetFlagStatus                                 lib/STM32F10x_StdPeriph_Driver/libstm32fw.a(stm32f10x_i2c.o)
                                                  i2c.o
I2C_GetITStatus                                   lib/STM32F10x_StdPeriph_Driver/libstm32fw.a(stm32f10x_i2c.o)
I2C_GetLastEvent                                  lib/STM32F10x_StdPeriph_Driver/libstm32fw.a(stm32f10x_i2c.o)
I2C_GetPEC                                        lib/STM32F10x_StdPeriph_Driver/libstm32fw.a(stm32f10x_i2c.o)
I2C_ITConfig                                      lib/STM32F10x_StdPeriph_Driver/libstm32fw.a(stm32f10x_i2c.o)
I2C_Init                                          lib/STM32F10x_StdPeriph_Driver/libstm32fw.a(stm32f10x_i2c.o)
                                                  i2c.o
I2C_OwnAddress2Config                             lib/STM32F10x_StdPeriph_Driver/libstm32fw.a(stm32f10x_i2c.o)
I2C_PECPositionConfig                             lib/STM32F10x_StdPeriph_Driver/libstm32fw.a(stm32f10x_i2c.o)
I2C_Read                                          i2c.o
                                                  main.o
I2C_ReadRegister                                  lib/STM32F10x_StdPeriph_Driver/libstm32fw.a(stm32f10x_i2c.o)
I2C_ReceiveData                                   lib/STM32F10x_StdPeriph_Driver/libstm32fw.a(stm32f10x_i2c.o)
                                                  i2c.o
I2C_SMBusAlertConfig                              lib/STM32F10x_StdPeriph_Driver/libstm32fw.a(stm32f10x_i2c.o)
I2C_Send7bitAddress                               lib/STM32F10x_StdPeriph_Driver/libstm32fw.a(stm32f10x_i2c.o)
                                                  i2c.o
I2C_SendData                                      lib/STM32F10x_StdPeriph_Driver/libstm32fw.a(stm32f10x_i2c.o)
                                                  i2c.o
I2C_SoftwareResetCmd                              lib/STM32F10x_StdPeriph_Driver/libstm32fw.a(stm32f10x_i2c.o)
I2C_StretchClockCmd                               lib/STM32F10x_StdPeriph_Driver/libstm32fw.a(stm32f10x_i2c.o)
I2C_StructInit                                    lib/STM32F10x_StdPeriph_Driver/libstm32fw.a(stm32f10x_i2c.o)
I2C_TransmitPEC                                   lib/STM32F10x_StdPeriph_Driver/libstm32fw.a(stm32f10x_i2c.o)
INSCorrection                                     Control/ekf.o
INSCovariancePrediction                           Control/ekf.o
INSGPSInit                                        Control/ekf.o
                                                  main.o
INSPosVelReset                                    Control/ekf.o
INSResetP                                         Control/ekf.o
INSSetAccelVar                                    Control/ekf.o
INSSetGyroBias                                    Control/ekf.o
INSSetGyroVar                                     Control/ekf.o
INSSetMagNorth                                    Control/ekf.o
INSSetMagVar                                      Control/ekf.o
INSSetPosVelVar                                   Control/ekf.o
INSSetState                                       Control/ekf.o
INSStatePrediction                                Control/ekf.o
Initialisation                                    main.o
Isdigit                                           Util/rprintf.o
K                                                 Control/ekf.o
LinearizeFG                                       Control/ekf.o
LinearizeH                                        Control/ekf.o
MEMS_Status_Configuration                         gpio.o
MagCorrection                                     Control/ekf.o
MagVelBaroCorrection                              Control/ekf.o
Mag_Init                                          i2c.o
                                                  main.o
Mag_Read                                          i2c.o
                                                  main.o
MeasurementEq                                     Control/ekf.o
MemManageException                                lib/libcs3-lanchon-stm32.a(lanchon_stm32_isr_interrupt.o)
                                                  lib/libcs3-lanchon-stm32.a(lanchon-stm32-vector.o)
MemManage_Handler                                 interrupts.o
NMIException                                      lib/libcs3-lanchon-stm32.a(lanchon_stm32_isr_interrupt.o)
                                                  lib/libcs3-lanchon-stm32.a(lanchon-stm32-vector.o)
NMI_Handler                                       interrupts.o
Nav                                               main.o
                                                  Control/ekf.o
P                                                 Control/ekf.o
PVD_IRQHandler                                    lib/CMSIS_CM3/startup/gcc/startup_stm32f10x_md.o
                                                  lib/libcs3-lanchon-stm32.a(lanchon-stm32-vector.o)
PendSVC                                           lib/libcs3-lanchon-stm32.a(lanchon_stm32_isr_interrupt.o)
                                                  lib/libcs3-lanchon-stm32.a(lanchon-stm32-vector.o)
PendSV_Handler                                    interrupts.o
Pop_From_Buffer                                   dma.o
                                                  Sensors/ubx.o
Q                                                 Control/ekf.o
R                                                 Control/ekf.o
RCC_ADCCLKConfig                                  lib/STM32F10x_StdPeriph_Driver/libstm32fw.a(stm32f10x_rcc.o)
RCC_AHBPeriphClockCmd                             lib/STM32F10x_StdPeriph_Driver/libstm32fw.a(stm32f10x_rcc.o)
                                                  gpio.o
RCC_APB1PeriphClockCmd                            lib/STM32F10x_StdPeriph_Driver/libstm32fw.a(stm32f10x_rcc.o)
                                                  gpio.o
RCC_APB1PeriphResetCmd                            lib/STM32F10x_StdPeriph_Driver/libstm32fw.a(stm32f10x_rcc.o)
                                                  lib/STM32F10x_StdPeriph_Driver/libstm32fw.a(stm32f10x_usart.o)
                                                  lib/STM32F10x_StdPeriph_Driver/libstm32fw.a(stm32f10x_i2c.o)
RCC_APB2PeriphClockCmd                            lib/STM32F10x_StdPeriph_Driver/libstm32fw.a(stm32f10x_rcc.o)
                                                  usart.o
                                                  gpio.o
RCC_APB2PeriphResetCmd                            lib/STM32F10x_StdPeriph_Driver/libstm32fw.a(stm32f10x_rcc.o)
                                                  lib/STM32F10x_StdPeriph_Driver/libstm32fw.a(stm32f10x_usart.o)
                                                  lib/STM32F10x_StdPeriph_Driver/libstm32fw.a(stm32f10x_gpio.o)
RCC_AdjustHSICalibrationValue                     lib/STM32F10x_StdPeriph_Driver/libstm32fw.a(stm32f10x_rcc.o)
RCC_BackupResetCmd                                lib/STM32F10x_StdPeriph_Driver/libstm32fw.a(stm32f10x_rcc.o)
RCC_ClearFlag                                     lib/STM32F10x_StdPeriph_Driver/libstm32fw.a(stm32f10x_rcc.o)
RCC_ClearITPendingBit                             lib/STM32F10x_StdPeriph_Driver/libstm32fw.a(stm32f10x_rcc.o)
RCC_ClockSecuritySystemCmd                        lib/STM32F10x_StdPeriph_Driver/libstm32fw.a(stm32f10x_rcc.o)
RCC_DeInit                                        lib/STM32F10x_StdPeriph_Driver/libstm32fw.a(stm32f10x_rcc.o)
RCC_GetClocksFreq                                 lib/STM32F10x_StdPeriph_Driver/libstm32fw.a(stm32f10x_rcc.o)
                                                  lib/STM32F10x_StdPeriph_Driver/libstm32fw.a(stm32f10x_usart.o)
                                                  lib/STM32F10x_StdPeriph_Driver/libstm32fw.a(stm32f10x_i2c.o)
RCC_GetFlagStatus                                 lib/STM32F10x_StdPeriph_Driver/libstm32fw.a(stm32f10x_rcc.o)
RCC_GetITStatus                                   lib/STM32F10x_StdPeriph_Driver/libstm32fw.a(stm32f10x_rcc.o)
RCC_GetSYSCLKSource                               lib/STM32F10x_StdPeriph_Driver/libstm32fw.a(stm32f10x_rcc.o)
RCC_HCLKConfig                                    lib/STM32F10x_StdPeriph_Driver/libstm32fw.a(stm32f10x_rcc.o)
RCC_HSEConfig                                     lib/STM32F10x_StdPeriph_Driver/libstm32fw.a(stm32f10x_rcc.o)
RCC_HSICmd                                        lib/STM32F10x_StdPeriph_Driver/libstm32fw.a(stm32f10x_rcc.o)
RCC_IRQHandler                                    lib/CMSIS_CM3/startup/gcc/startup_stm32f10x_md.o
                                                  lib/libcs3-lanchon-stm32.a(lanchon-stm32-vector.o)
RCC_ITConfig                                      lib/STM32F10x_StdPeriph_Driver/libstm32fw.a(stm32f10x_rcc.o)
RCC_LSEConfig                                     lib/STM32F10x_StdPeriph_Driver/libstm32fw.a(stm32f10x_rcc.o)
RCC_LSICmd                                        lib/STM32F10x_StdPeriph_Driver/libstm32fw.a(stm32f10x_rcc.o)
RCC_MCOConfig                                     lib/STM32F10x_StdPeriph_Driver/libstm32fw.a(stm32f10x_rcc.o)
RCC_PCLK1Config                                   lib/STM32F10x_StdPeriph_Driver/libstm32fw.a(stm32f10x_rcc.o)
RCC_PCLK2Config                                   lib/STM32F10x_StdPeriph_Driver/libstm32fw.a(stm32f10x_rcc.o)
RCC_PLLCmd                                        lib/STM32F10x_StdPeriph_Driver/libstm32fw.a(stm32f10x_rcc.o)
RCC_PLLConfig                                     lib/STM32F10x_StdPeriph_Driver/libstm32fw.a(stm32f10x_rcc.o)
RCC_RTCCLKCmd                                     lib/STM32F10x_StdPeriph_Driver/libstm32fw.a(stm32f10x_rcc.o)
RCC_RTCCLKConfig                                  lib/STM32F10x_StdPeriph_Driver/libstm32fw.a(stm32f10x_rcc.o)
RCC_SYSCLKConfig                                  lib/STM32F10x_StdPeriph_Driver/libstm32fw.a(stm32f10x_rcc.o)
RCC_USBCLKConfig                                  lib/STM32F10x_StdPeriph_Driver/libstm32fw.a(stm32f10x_rcc.o)
RCC_WaitForHSEStartUp                             lib/STM32F10x_StdPeriph_Driver/libstm32fw.a(stm32f10x_rcc.o)
RTCAlarm_IRQHandler                               lib/CMSIS_CM3/startup/gcc/startup_stm32f10x_md.o
                                                  lib/libcs3-lanchon-stm32.a(lanchon-stm32-vector.o)
RTC_IRQHandler                                    lib/CMSIS_CM3/startup/gcc/startup_stm32f10x_md.o
                                                  lib/libcs3-lanchon-stm32.a(lanchon-stm32-vector.o)
Reset_Handler                                     lib/CMSIS_CM3/startup/gcc/startup_stm32f10x_md.o
RungeKutta                                        Control/ekf.o
SPI1_IRQHandler                                   lib/CMSIS_CM3/startup/gcc/startup_stm32f10x_md.o
                                                  lib/libcs3-lanchon-stm32.a(lanchon-stm32-vector.o)
SPI2_IRQHandler                                   lib/CMSIS_CM3/startup/gcc/startup_stm32f10x_md.o
                                                  lib/libcs3-lanchon-stm32.a(lanchon-stm32-vector.o)
SPI_Control_Configuration                         gpio.o
SVCHandler                                        lib/libcs3-lanchon-stm32.a(lanchon_stm32_isr_interrupt.o)
                                                  lib/libcs3-lanchon-stm32.a(lanchon-stm32-vector.o)
SVC_Handler                                       interrupts.o
SerialUpdate                                      Control/ekf.o
StateEq                                           Control/ekf.o
SysTickHandler                                    lib/libcs3-lanchon-stm32.a(lanchon_stm32_isr_interrupt.o)
                                                  lib/libcs3-lanchon-stm32.a(lanchon-stm32-vector.o)
SysTick_Handler                                   interrupts.o
SystemFrequency                                   lib/CMSIS_CM3/system_stm32f10x.o
SystemFrequency_AHBClk                            lib/CMSIS_CM3/system_stm32f10x.o
SystemFrequency_APB1Clk                           lib/CMSIS_CM3/system_stm32f10x.o
SystemFrequency_APB2Clk                           lib/CMSIS_CM3/system_stm32f10x.o
SystemFrequency_SysClk                            lib/CMSIS_CM3/system_stm32f10x.o
SystemInit                                        lib/CMSIS_CM3/system_stm32f10x.o
                                                  main.o
SystemInit_ExtMemCtl_Dummy                        lib/CMSIS_CM3/startup/gcc/startup_stm32f10x_md.o
TAMPER_IRQHandler                                 lib/CMSIS_CM3/startup/gcc/startup_stm32f10x_md.o
                                                  lib/libcs3-lanchon-stm32.a(lanchon-stm32-vector.o)
TIM1_BRK_IRQHandler                               lib/CMSIS_CM3/startup/gcc/startup_stm32f10x_md.o
                                                  lib/libcs3-lanchon-stm32.a(lanchon-stm32-vector.o)
TIM1_CC_IRQHandler                                lib/CMSIS_CM3/startup/gcc/startup_stm32f10x_md.o
                                                  lib/libcs3-lanchon-stm32.a(lanchon-stm32-vector.o)
TIM1_TRG_COM_IRQHandler                           lib/CMSIS_CM3/startup/gcc/startup_stm32f10x_md.o
                                                  lib/libcs3-lanchon-stm32.a(lanchon-stm32-vector.o)
TIM1_UP_IRQHandler                                lib/CMSIS_CM3/startup/gcc/startup_stm32f10x_md.o
                                                  lib/libcs3-lanchon-stm32.a(lanchon-stm32-vector.o)
TIM2_IRQHandler                                   lib/CMSIS_CM3/startup/gcc/startup_stm32f10x_md.o
                                                  lib/libcs3-lanchon-stm32.a(lanchon-stm32-vector.o)
TIM3_IRQHandler                                   lib/CMSIS_CM3/startup/gcc/startup_stm32f10x_md.o
                                                  lib/libcs3-lanchon-stm32.a(lanchon-stm32-vector.o)
TIM4_IRQHandler                                   lib/CMSIS_CM3/startup/gcc/startup_stm32f10x_md.o
                                                  lib/libcs3-lanchon-stm32.a(lanchon-stm32-vector.o)
USART1_IRQHandler                                 lib/CMSIS_CM3/startup/gcc/startup_stm32f10x_md.o
                                                  lib/libcs3-lanchon-stm32.a(lanchon-stm32-vector.o)
USART2_IRQHandler                                 lib/CMSIS_CM3/startup/gcc/startup_stm32f10x_md.o
                                                  lib/libcs3-lanchon-stm32.a(lanchon-stm32-vector.o)
USART2_reconf                                     usart.o
                                                  Sensors/ubx.o
USART3_IRQHandler                                 lib/CMSIS_CM3/startup/gcc/startup_stm32f10x_md.o
                                                  lib/libcs3-lanchon-stm32.a(lanchon-stm32-vector.o)
USART_ClearFlag                                   lib/STM32F10x_StdPeriph_Driver/libstm32fw.a(stm32f10x_usart.o)
USART_ClearITPendingBit                           lib/STM32F10x_StdPeriph_Driver/libstm32fw.a(stm32f10x_usart.o)
USART_ClockInit                                   lib/STM32F10x_StdPeriph_Driver/libstm32fw.a(stm32f10x_usart.o)
USART_ClockStructInit                             lib/STM32F10x_StdPeriph_Driver/libstm32fw.a(stm32f10x_usart.o)
USART_Cmd                                         lib/STM32F10x_StdPeriph_Driver/libstm32fw.a(stm32f10x_usart.o)
                                                  usart.o