Archive member included because of file (symbol)

lib/STM32F10x_StdPeriph_Driver/libstm32fw.a(misc.o)
                              interrupts.o (NVIC_PriorityGroupConfig)
lib/STM32F10x_StdPeriph_Driver/libstm32fw.a(stm32f10x_adc.o)
                              adc.o (ADC_DeInit)
lib/STM32F10x_StdPeriph_Driver/libstm32fw.a(stm32f10x_bkp.o)
                              Util/Fatfs/rtc.o (BKP_DeInit)
lib/STM32F10x_StdPeriph_Driver/libstm32fw.a(stm32f10x_dma.o)
                              Util/Fatfs/sd_spi_stm32.o (DMA_DeInit)
lib/STM32F10x_StdPeriph_Driver/libstm32fw.a(stm32f10x_exti.o)
                              interrupts.o (EXTI_Init)
lib/STM32F10x_StdPeriph_Driver/libstm32fw.a(stm32f10x_gpio.o)
                              Util/Fatfs/sd_spi_stm32.o (GPIO_Init)
lib/STM32F10x_StdPeriph_Driver/libstm32fw.a(stm32f10x_i2c.o)
                              i2c_int.o (I2C_DeInit)
lib/STM32F10x_StdPeriph_Driver/libstm32fw.a(stm32f10x_iwdg.o)
                              watchdog.o (IWDG_WriteAccessCmd)
lib/STM32F10x_StdPeriph_Driver/libstm32fw.a(stm32f10x_pwr.o)
                              Util/Fatfs/rtc.o (PWR_BackupAccessCmd)
lib/STM32F10x_StdPeriph_Driver/libstm32fw.a(stm32f10x_rcc.o)
                              adc.o (RCC_ADCCLKConfig)
lib/STM32F10x_StdPeriph_Driver/libstm32fw.a(stm32f10x_rtc.o)
                              Util/Fatfs/rtc.o (RTC_GetCounter)
lib/STM32F10x_StdPeriph_Driver/libstm32fw.a(stm32f10x_spi.o)
                              Util/Fatfs/sd_spi_stm32.o (SPI_I2S_DeInit)
lib/STM32F10x_StdPeriph_Driver/libstm32fw.a(stm32f10x_tim.o)
                              pwm.o (TIM_TimeBaseInit)
lib/STM32F10x_StdPeriph_Driver/libstm32fw.a(stm32f10x_usart.o)
                              usart.o (USART_DeInit)
/home/laurence/CodeSourcery/Sourcery_G++_Lite/bin/../lib/gcc/arm-none-eabi/4.5.2/../../../../arm-none-eabi/lib/thumb2/libm.a(lib_a-s_cos.o)
                              Sensors/earth_field.o (cos)
/home/laurence/CodeSourcery/Sourcery_G++_Lite/bin/../lib/gcc/arm-none-eabi/4.5.2/../../../../arm-none-eabi/lib/thumb2/libm.a(lib_a-s_floor.o)
                              Util/RF22/RF22.o (floor)
/home/laurence/CodeSourcery/Sourcery_G++_Lite/bin/../lib/gcc/arm-none-eabi/4.5.2/../../../../arm-none-eabi/lib/thumb2/libm.a(lib_a-s_sin.o)
                              Sensors/earth_field.o (sin)
/home/laurence/CodeSourcery/Sourcery_G++_Lite/bin/../lib/gcc/arm-none-eabi/4.5.2/../../../../arm-none-eabi/lib/thumb2/libm.a(lib_a-w_asin.o)
                              Sensors/earth_field.o (asin)
/home/laurence/CodeSourcery/Sourcery_G++_Lite/bin/../lib/gcc/arm-none-eabi/4.5.2/../../../../arm-none-eabi/lib/thumb2/libm.a(lib_a-w_atan2.o)
                              Sensors/earth_field.o (atan2)
/home/laurence/CodeSourcery/Sourcery_G++_Lite/bin/../lib/gcc/arm-none-eabi/4.5.2/../../../../arm-none-eabi/lib/thumb2/libm.a(lib_a-w_pow.o)
                              Sensors/bmp085.o (pow)
/home/laurence/CodeSourcery/Sourcery_G++_Lite/bin/../lib/gcc/arm-none-eabi/4.5.2/../../../../arm-none-eabi/lib/thumb2/libm.a(lib_a-w_sqrt.o)
                              Sensors/earth_field.o (sqrt)
/home/laurence/CodeSourcery/Sourcery_G++_Lite/bin/../lib/gcc/arm-none-eabi/4.5.2/../../../../arm-none-eabi/lib/thumb2/libm.a(lib_a-wf_asin.o)
                              Util/coords.o (asinf)
/home/laurence/CodeSourcery/Sourcery_G++_Lite/bin/../lib/gcc/arm-none-eabi/4.5.2/../../../../arm-none-eabi/lib/thumb2/libm.a(lib_a-wf_atan2.o)
                              Util/coords.o (atan2f)
/home/laurence/CodeSourcery/Sourcery_G++_Lite/bin/../lib/gcc/arm-none-eabi/4.5.2/../../../../arm-none-eabi/lib/thumb2/libm.a(lib_a-e_asin.o)
                              /home/laurence/CodeSourcery/Sourcery_G++_Lite/bin/../lib/gcc/arm-none-eabi/4.5.2/../../../../arm-none-eabi/lib/thumb2/libm.a(lib_a-w_asin.o) (__ieee754_asin)
/home/laurence/CodeSourcery/Sourcery_G++_Lite/bin/../lib/gcc/arm-none-eabi/4.5.2/../../../../arm-none-eabi/lib/thumb2/libm.a(lib_a-e_atan2.o)
                              /home/laurence/CodeSourcery/Sourcery_G++_Lite/bin/../lib/gcc/arm-none-eabi/4.5.2/../../../../arm-none-eabi/lib/thumb2/libm.a(lib_a-w_atan2.o) (__ieee754_atan2)
/home/laurence/CodeSourcery/Sourcery_G++_Lite/bin/../lib/gcc/arm-none-eabi/4.5.2/../../../../arm-none-eabi/lib/thumb2/libm.a(lib_a-e_pow.o)
                              /home/laurence/CodeSourcery/Sourcery_G++_Lite/bin/../lib/gcc/arm-none-eabi/4.5.2/../../../../arm-none-eabi/lib/thumb2/libm.a(lib_a-w_pow.o) (__ieee754_pow)
/home/laurence/CodeSourcery/Sourcery_G++_Lite/bin/../lib/gcc/arm-none-eabi/4.5.2/../../../../arm-none-eabi/lib/thumb2/libm.a(lib_a-e_rem_pio2.o)
                              /home/laurence/CodeSourcery/Sourcery_G++_Lite/bin/../lib/gcc/arm-none-eabi/4.5.2/../../../../arm-none-eabi/lib/thumb2/libm.a(lib_a-s_cos.o) (__ieee754_rem_pio2)
/home/laurence/CodeSourcery/Sourcery_G++_Lite/bin/../lib/gcc/arm-none-eabi/4.5.2/../../../../arm-none-eabi/lib/thumb2/libm.a(lib_a-e_sqrt.o)
[...]
Memory Configuration

Name             Origin             Length             Attributes
ram              0x20000000         0x00005000         xrw
rom              0x08000000         0x00020000         xr
*default*        0x00000000         0xffffffff

Linker script and memory map

LOAD /home/laurence/CodeSourcery/Sourcery_G++_Lite/bin/../lib/gcc/arm-none-eabi/4.5.2/thumb2/crti.o
LOAD /home/laurence/CodeSourcery/Sourcery_G++_Lite/bin/../lib/gcc/arm-none-eabi/4.5.2/thumb2/crtbegin.o
LOAD Sensors/accel_down.o
LOAD Sensors/bmp085.o
LOAD Sensors/earth_field.o
LOAD Sensors/pitot.o
LOAD Sensors/sensorcal.o
LOAD Sensors/ubx.o
LOAD Util/Fatfs/fattime.o
LOAD Util/Fatfs/ff.o
LOAD Util/Fatfs/rtc.o
LOAD Util/Fatfs/sd_spi_stm32.o
LOAD Util/RF22/RF22.o
LOAD Util/RF22/RF22Datagram.o
LOAD Util/RF22/RF22Mesh.o
LOAD Util/RF22/RF22ReliableDatagram.o
LOAD Util/RF22/RF22Router.o
LOAD Util/RF22/ctocpp.o
LOAD Util/atmospherics.o
LOAD Util/coords.o
LOAD Util/crc.o
LOAD Util/delay.o
LOAD Util/gravity.o
LOAD Util/rprintf.o
LOAD Util/time.o
LOAD Util/uavobjconv.o
LOAD Util/uavtalk.o
LOAD adc.o
LOAD dma.o
LOAD gpio.o
LOAD i2c_int.o
LOAD interrupts.o
LOAD lib/CMSIS_CM3/core_cm3.o
LOAD lib/CMSIS_CM3/startup/gcc/startup_stm32f10x_md.o
LOAD lib/CMSIS_CM3/system_stm32f10x.o
LOAD main.o
LOAD pwm.o
LOAD usart.o
LOAD watchdog.o
LOAD Control/ekf.o
LOAD Control/imu.o
LOAD Control/loops.o
LOAD Control/servos.o
LOAD lib/STM32F10x_StdPeriph_Driver/libstm32fw.a
LOAD lib/STM32_USB-FS-Device_Driver/libstm32usb.a
LOAD /home/laurence/CodeSourcery/Sourcery_G++_Lite/bin/../lib/gcc/arm-none-eabi/4.5.2/../../../../arm-none-eabi/lib/thumb2/libm.a
START GROUP
LOAD /home/laurence/CodeSourcery/Sourcery_G++_Lite/bin/../lib/gcc/arm-none-eabi/4.5.2/thumb2/libgcc.a
LOAD /home/laurence/CodeSourcery/Sourcery_G++_Lite/bin/../lib/gcc/arm-none-eabi/4.5.2/../../../../arm-none-eabi/lib/thumb2/libc.a
END GROUP
LOAD /home/laurence/CodeSourcery/Sourcery_G++_Lite/bin/../lib/gcc/arm-none-eabi/4.5.2/thumb2/crtend.o
LOAD /home/laurence/CodeSourcery/Sourcery_G++_Lite/bin/../lib/gcc/arm-none-eabi/4.5.2/thumb2/crtn.o
START GROUP
LOAD /home/laurence/CodeSourcery/Sourcery_G++_Lite/bin/../lib/gcc/arm-none-eabi/4.5.2/thumb2/libgcc.a
LOAD /home/laurence/CodeSourcery/Sourcery_G++_Lite/bin/../lib/gcc/arm-none-eabi/4.5.2/../../../../arm-none-eabi/lib/thumb2/libc.a
LOAD /home/laurence/CodeSourcery/Sourcery_G++_Lite/bin/../lib/gcc/arm-none-eabi/4.5.2/../../../../arm-none-eabi/lib/thumb2/libcs3.a
LOAD /home/laurence/CodeSourcery/Sourcery_G++_Lite/bin/../lib/gcc/arm-none-eabi/4.5.2/../../../../arm-none-eabi/lib/thumb2/libcs3unhosted.a
LOAD lib/libcs3-lanchon-stm32.a
END GROUP
                0x20005000                PROVIDE (__cs3_stack, (__cs3_region_start_ram + __cs3_region_size_ram))
                0x20002218                PROVIDE (__cs3_heap_start, _end)
                0x20005000                PROVIDE (__cs3_heap_end, (__cs3_region_start_ram + __cs3_region_size_ram))

.text           0x08000000    0x1a68c
 CREATE_OBJECT_SYMBOLS
                0x08000000                __cs3_region_start_rom = .
 *(.cs3.region-head.rom)
                0x08000000                __cs3_interrupt_vector = __cs3_interrupt_vector_lanchon_stm32
 *(.cs3.interrupt_vector)
 .cs3.interrupt_vector
                0x08000000       0xec lib/libcs3-lanchon-stm32.a(lanchon-stm32-vector.o)
                0x08000000                __cs3_interrupt_vector_lanchon_stm32
                0x08000001                ASSERT ((. != __cs3_interrupt_vector_lanchon_stm32), No interrupt vector)
 *(.rom)
 *(.rom.b)
                0x0801905c                PROVIDE (__cs3_reset_lanchon_stm32, _start)
                0x0801905c                __cs3_reset = __cs3_reset_lanchon_stm32
 *(.cs3.reset)
 *(.text .text.* .gnu.linkonce.t.*)
 .text          0x080000ec       0x30 /home/laurence/CodeSourcery/Sourcery_G++_Lite/bin/../lib/gcc/arm-none-eabi/4.5.2/thumb2/crtbegin.o
 .text          0x0800011c       0xc0 Sensors/accel_down.o
                0x0800011c                Accel_Downconvert
 *fill*         0x080001dc        0x4 00
 .text          0x080001e0      0x148 Sensors/bmp085.o
                0x080001e0                Bmp085_Convert
                0x0800029c                Baro_Convert_Pressure
                0x080002f0                flip_sensorcal
                0x08000306                flip_adc24
 .text          0x08000328     0x1920 Sensors/earth_field.o
                0x08000328                WMM_Initialize
                0x0800039c                WMM_ComputeSphericalHarmonicVariables
                0x08000474                WMM_RotateMagneticVector
                0x08000538                WMM_CalculateGeoMagneticElements
                0x08000600                WMM_CalculateSecularVariation
                0x08000718                WMM_PcupHigh
                0x08000bce                WMM_PcupLow
                0x08000f20                WMM_AssociatedLegendreFunction
                0x08000fac                WMM_get_secular_var_coeff_g
                0x08000fc4                WMM_get_main_field_coeff_g
                0x08001060                WMM_get_secular_var_coeff_h
                0x08001078                WMM_get_main_field_coeff_h
                0x08001114                WMM_SummationSpecial
                0x080012b4                WMM_Summation
                0x080014a4                WMM_SecVarSummationSpecial
                0x08001644                WMM_SecVarSummation
                0x080017e4                WMM_Geomag
                0x080018dc                WMM_DateToYear
                0x0800191c                WMM_GeodeticToSpherical
                0x08001a88                WMM_GetMagVector
 .text          0x08001c48       0x88 Sensors/pitot.o
                0x08001c48                Pitot_Conv
                0x08001c7c                Pitot_convert_Airspeed
 .text          0x08001cd0       0xf6 Sensors/sensorcal.o
                0x08001cd0                Calibrate_3
 *fill*         0x08001dc6        0x2 00
 .text          0x08001dc8      0x348 Sensors/ubx.o
                0x08001dc8                Gps_Process_Byte
                0x08001f50                Get_UBX_Ack
                0x08001ff4                Config_Gps
 .text          0x08002110       0x44 Util/Fatfs/fattime.o
                0x08002110                get_fattime
 .text          0x08002154     0x1a60 Util/Fatfs/ff.o
                0x08002716                clust2sect
                0x08002730                get_fat
                0x080028b2                put_fat
                0x08002e3e                f_mount
                0x08002e5c                f_open
                0x08002fa8                f_read
                0x08003120                f_write
                0x080032d6                f_sync
                0x08003388                f_close
                0x08003396                f_lseek
                0x080034fa                f_opendir
                0x0800355e                f_readdir
                0x080035b2                f_stat
                0x080035f2                f_getfree
                0x080036e4                f_truncate
                0x0800377c                f_unlink
                0x0800382c                f_mkdir
                0x080039f2                f_chmod
                0x08003a46                f_utime
                0x08003a9e                f_rename
 .text          0x08003bb4      0x2e0 Util/Fatfs/rtc.o
                0x08003c98                rtc_gettime
                0x08003d10                my_RTC_SetCounter
                0x08003d32                rtc_settime
                0x08003dfc                rtc_init
 .text          0x08003e94      0x880 Util/Fatfs/sd_spi_stm32.o
                0x080041ee                disk_initialize
                0x08004310                disk_status
                0x08004320                disk_read
                0x080043ac                disk_write
                0x08004458                disk_ioctl
                0x080046d8                disk_timerproc
 .text          0x08004714      0x8bc Util/RF22/RF22.o
                0x08004714                _ZN4RF2223handleExternalInterruptEv
                0x08004716                _ZN4RF2226handleWakeupTimerInterruptEv
                0x08004718                _ZN4RF22C1Ehh
                0x08004718                _ZN4RF22C2Ehh
                0x0800473c                _ZN4RF227spiReadEh
                0x0800479c                _ZN4RF228spiWriteEhh
                0x080047fc                _ZN4RF225resetEv
                0x08004812                _ZN4RF2212spiBurstReadEhPhh
                0x08004884                _ZN4RF2213spiBurstWriteEhPhh
                0x080048ec                _ZN4RF2210statusReadEv
                0x080048f0                _ZN4RF227adcReadEhhhh
                0x0800492e                _ZN4RF2215temperatureReadEhh
                0x08004958                _ZN4RF227wutReadEv
                0x08004972                _ZN4RF2212setWutPeriodEthh
                0x0800499a                _ZN4RF2212setFrequencyEf
                0x08004a6c                _ZN4RF2213setFHStepSizeEh
                0x08004a8c                _ZN4RF2212setFHChannelEh
                0x08004aac                _ZN4RF228rssiReadEv
                0x08004ab0                _ZN4RF2215ezmacStatusReadEv
                0x08004ab4                _ZN4RF227setModeEh
                0x08004aba                _ZN4RF2211setModeIdleEv
                0x08004ace                _ZN4RF229setModeRxEv
                0x08004ae8                _ZN4RF229setModeTxEv
                0x08004b02                _ZN4RF2210setTxPowerEh
                0x08004b08                _ZN4RF2217setModemRegistersEPNS_11ModemConfigE
                0x08004b5e                _ZN4RF2214setModemConfigENS_17ModemConfigChoiceE
                0x08004b7c                _ZN4RF2217setPreambleLengthEh
                0x08004b82                _ZN4RF2212setSyncWordsEPhh
                0x08004b92                _ZN4RF2210clearRxBufEv
                0x08004b9e                _ZN4RF229availableEv
                0x08004bac                _ZN4RF2213waitAvailableEv
                0x08004bbc                _ZN4RF2220waitAvailableTimeoutEt
                0x08004be4                _ZN4RF2214waitPacketSentEv
                0x08004bee                _ZN4RF224recvEPhS0_
                0x08004c24                _ZN4RF2210clearTxBufEv
                0x08004c34                _ZN4RF2211appendTxBufEPhh
                0x08004c64                _ZN4RF229fillTxBufEPhh
                0x08004c7c                _ZN4RF2216sendNextFragmentEv
                0x08004cbe                _ZN4RF2213startTransmitEv
                0x08004cda                _ZN4RF224sendEPhh
                0x08004cfa                _ZN4RF2216readNextFragmentEv
                0x08004d22                _ZN4RF2210resetFifosEv
                0x08004d3a                _ZN4RF2211resetRxFifoEv
                0x08004d52                _ZN4RF2215handleInterruptEv
                0x08004e68                _ZN4RF224isr1Ev
                0x08004e78                _ZN4RF224isr0Ev
                0x08004e88                _ZN4RF2211resetTxFifoEv
                0x08004ea0                _ZN4RF2211setHeaderToEh
                0x08004ea6                _ZN4RF2213setHeaderFromEh
                0x08004eac                _ZN4RF2211setHeaderIdEh
                0x08004eb2                _ZN4RF2214setHeaderFlagsEh
                0x08004eb8                _ZN4RF228headerToEv
                0x08004ebc                _ZN4RF2210headerFromEv
                0x08004ec0                _ZN4RF228headerIdEv
                0x08004ec4                _ZN4RF2211headerFlagsEv
                0x08004ec8                _ZN4RF228lastRssiEv
                0x08004ece                _ZN4RF2214setPromiscuousEb
                0x08004eda                _ZN4RF224initEv
 .text          0x08004fd0       0xcc Util/RF22/RF22Datagram.o
                0x08004fd0                _ZN12RF22DatagramC1Ehhh
                0x08004fd0                _ZN12RF22DatagramC2Ehhh
                0x08004ff0                _ZN12RF22Datagram14setThisAddressEh
                0x0800500e                _ZN12RF22Datagram4initEv
                0x08005028                _ZN12RF22Datagram6sendtoEPhhh
                0x08005044                _ZN12RF22Datagram8recvfromEPhS0_S0_S0_S0_S0_
 .text          0x0800509c      0x3d8 Util/RF22/RF22Mesh.o
                0x0800509c                _ZN8RF22Mesh17isPhysicalAddressEPhh
                0x080050b4                _ZN8RF22Mesh5doArpEh
                0x08005144                _ZN8RF22Mesh5routeEPN10RF22Router13RoutedMessageEh
                0x080051ac                _ZN8RF22Mesh13peekAtMessageEPN10RF22Router13RoutedMessageEh
                0x0800522a                _ZN8RF22MeshC2Ehhh
                0x0800522a                _ZN8RF22MeshC1Ehhh
                0x08005240                _ZN8RF22Mesh10sendtoWaitEPhhh
                0x0800529c                _ZN8RF22Mesh11recvfromAckEPhS0_S0_S0_S0_S0_
                0x08005420                _ZN8RF22Mesh18recvfromAckTimeoutEPhS0_tS0_S0_S0_S0_
 .text          0x08005474      0x274 Util/RF22/RF22ReliableDatagram.o
                0x08005474                _ZN20RF22ReliableDatagramC2Ehhh
                0x08005474                _ZN20RF22ReliableDatagramC1Ehhh
                0x080054a0                _ZN20RF22ReliableDatagram10setTimeoutEt
                0x080054a6                _ZN20RF22ReliableDatagram10setRetriesEh
                0x080054ac                _ZN20RF22ReliableDatagram15retransmissionsEv
                0x080054b2                _ZN20RF22ReliableDatagram11acknowledgeEhh
                0x080054de                _ZN20RF22ReliableDatagram11recvfromAckEPhS0_S0_S0_S0_S0_
                0x0800557e                _ZN20RF22ReliableDatagram18recvfromAckTimeoutEPhS0_tS0_S0_S0_S0_
                0x080055d4                _ZN20RF22ReliableDatagram10sendtoWaitEPhhh
 .text          0x080056e8      0x300 Util/RF22/RF22Router.o
                0x080056e8                _ZN10RF22Router13peekAtMessageEPNS_13RoutedMessageEh
                0x080056ea                _ZN10RF22Router4initEv
                0x080056fc                _ZN10RF22Router10setMaxHopsEh
                0x08005702                _ZN10RF22Router10getRouteToEh
                0x08005730                _ZN10RF22Router5routeEPNS_13RoutedMessageEh
                0x08005762                _ZN10RF22Router11deleteRouteEh
                0x08005798                _ZN10RF22Router13deleteRouteToEh
                0x080057be                _ZN10RF22Router17retireOldestRouteEv
                0x080057c2                _ZN10RF22Router10addRouteToEhhh
                0x08005832                _ZN10RF22Router17clearRoutingTableEv
                0x08005842                _ZN10RF22RouterC2Ehhh
                0x08005842                _ZN10RF22RouterC1Ehhh
                0x08005864                _ZN10RF22Router10sendtoWaitEPhhhh
                0x080058a8                _ZN10RF22Router10sendtoWaitEPhhh
                0x080058b6                _ZN10RF22Router11recvfromAckEPhS0_S0_S0_S0_S0_
                0x08005994                _ZN10RF22Router18recvfromAckTimeoutEPhS0_tS0_S0_S0_S0_
 .text          0x080059e8       0x94 Util/RF22/ctocpp.o
                0x080059e8                RF22_Init
                0x080059f4                RF22_Sendtowait
                0x08005a10                RF22_recvfromAckTimeout
                0x08005a38                RF22_Reassign
                0x08005a44                RF22_Service_ISR
                0x08005a50                RF22_Sendto
 *fill*         0x08005a7c        0x4 00
 .text          0x08005a80       0xd8 Util/atmospherics.o
                0x08005a80                US_1976_Temperature
                0x08005b14                Air_Density
 .text          0x08005b58      0x948 Util/coords.o
                0x08005b58                LLA2ECEF
                0x08005c6c                RneFromLLA
                0x08005d20                Quaternion2RPY
                0x08005e58                R2Quaternion
                0x08006038                CrossProduct
                0x08006096                VectorMagnitude
                0x080060d8                RotFrom2Vectors
                0x08006298                VectorNormalize
                0x080062c2                quat_inverse
                0x080062de                quat_copy
                0x080062f4                quat_mult
                0x080063fe                rot_mult
 .text          0x080064a0       0x24 Util/crc.o
                0x080064a0                CRC_updateByte
                0x080064ac                CRC_updateCRC
 .text          0x080064c4       0x2c Util/delay.o
                0x080064c4                Delay
 .text          0x080064f0       0xc8 Util/gravity.o
                0x080064f0                Ge_From_Latitude
 .text          0x080065b8      0x568 Util/rprintf.o
                0x080065b8                rprintfInit
                0x080065c4                rprintfChar
                0x080065e0                rprintfStr
                0x080065f6                rprintfStrLen
                0x0800662a                rprintfCRLF
                0x0800662e                rprintfu04
                0x08006638                rprintfu08
                0x0800664a                rprintfu16
                0x0800665c                rprintfu32
                0x0800666e                rprintfNum
                0x08006714                rprintfFloat
                0x080067cc                Isdigit
                0x080067da                atoiRamRom
                0x08006800                rStrLen
                0x08006810                rprintf2RamRom
 .text          0x08006b20       0x20 Util/time.o
                0x08006b20                Set_RTC_From_GPS
 .text          0x08006b40      0x190 Util/uavobjconv.o
                0x08006b40                GPSPosition_from_UBX
                0x08006c68                Populate_Attitude
                0x08006c82                Populate_Vector
 .text          0x08006cd0      0x5b0 Util/uavtalk.o
                0x08006cd0                UAVtalk_Register_Object
                0x08006ce4                UAVtalk_Set_Port
                0x08006d0c                memchr_32
                0x08006d36                UAVtalk_Process_Byte
                0x08006eac                UAVtalk_Generate_Packet
                0x08007030                UAVtalk_Run_Streams
                0x080070ec                updateTelemetryStats
                0x08007268                UAVtalk_Handle_Protocol
 .text          0x08007280       0xa0 adc.o
                0x08007280                ADC_Configuration
                0x080072f0                readADC1
 .text          0x08007320      0x128 dma.o
                0x08007320                DMA_USART2_Configuration
                0x08007368                DMA_USART1_Configuration
                0x080073bc                Bytes_In_Buffer
                0x080073e8                Get_From_Buffer
                0x08007418                Pop_From_Buffer
                0x08007436                Flush_Buffer
 .text          0x08007448      0x1d4 gpio.o
                0x08007448                GPIO_Config_AF_Periferals
                0x0800749c                MEMS_Status_Configuration
                0x080074d4                GPS_IO_Configuration
                0x0800751c                SPI_Control_Configuration
                0x08007584                Aux_Devices_Configuration
                0x080075dc                All_IO_Configuration
                0x080075f4                Get_MEMS_DRDY
 .text          0x0800761c      0x598 i2c_int.o
                0x0800761c                I2C1_ER_IRQHandler
                0x080076a8                I2C1_Request_Job
                0x080076d4                I2C1_EV_IRQHandler
                0x08007ae4                I2C1_Setup_Job
                0x08007af8                I2C_Config
 .text          0x08007bb4      0x1d8 interrupts.o
                0x08007bb4                EXTI_Config
                0x08007c80                EXTI9_5_IRQHandler
                0x08007ce8                EXTI15_10_IRQHandler
                0x08007d08                EXTI4_IRQHandler
                0x08007d78                NMI_Handler
                0x08007d7a                HardFault_Handler
                0x08007d7c                MemManage_Handler
                0x08007d7e                BusFault_Handler
                0x08007d80                UsageFault_Handler
                0x08007d82                SVC_Handler
                0x08007d84                DebugMon_Handler
                0x08007d86                PendSV_Handler
                0x08007d88                SysTick_Handler
 .text.Default_Handler
                0x08007d8c        0x2 lib/CMSIS_CM3/startup/gcc/startup_stm32f10x_md.o
                0x08007d8c                EXTI2_IRQHandler
                0x08007d8c                TIM1_CC_IRQHandler
                0x08007d8c                PVD_IRQHandler
                0x08007d8c                EXTI3_IRQHandler
                0x08007d8c                EXTI0_IRQHandler
                0x08007d8c                I2C2_EV_IRQHandler
                0x08007d8c                ADC1_2_IRQHandler
                0x08007d8c                SPI1_IRQHandler
                0x08007d8c                TAMPER_IRQHandler
                0x08007d8c                DMA1_Channel4_IRQHandler
                0x08007d8c                USART3_IRQHandler
                0x08007d8c                RTC_IRQHandler
                0x08007d8c                DMA1_Channel7_IRQHandler
                0x08007d8c                CAN1_RX1_IRQHandler
                0x08007d8c                TIM4_IRQHandler
                0x08007d8c                DMA1_Channel6_IRQHandler
                0x08007d8c                TIM3_IRQHandler
                0x08007d8c                RCC_IRQHandler
                0x08007d8c                TIM1_TRG_COM_IRQHandler
                0x08007d8c                DMA1_Channel1_IRQHandler
                0x08007d8c                Default_Handler
                0x08007d8c                SPI2_IRQHandler
                0x08007d8c                DMA1_Channel5_IRQHandler
                0x08007d8c                USB_LP_CAN1_RX0_IRQHandler
                0x08007d8c                USB_HP_CAN1_TX_IRQHandler
                0x08007d8c                DMA1_Channel3_IRQHandler
                0x08007d8c                TIM1_UP_IRQHandler
                0x08007d8c                WWDG_IRQHandler
                0x08007d8c                TIM2_IRQHandler
                0x08007d8c                TIM1_BRK_IRQHandler
                0x08007d8c                EXTI1_IRQHandler
                0x08007d8c                RTCAlarm_IRQHandler
                0x08007d8c                USART2_IRQHandler
                0x08007d8c                I2C2_ER_IRQHandler
                0x08007d8c                DMA1_Channel2_IRQHandler
                0x08007d8c                CAN1_SCE_IRQHandler
                0x08007d8c                FLASH_IRQHandler
                0x08007d8c                USBWakeUp_IRQHandler
 *fill*         0x08007d8e        0x2 00
 .text          0x08007d90       0xf4 lib/CMSIS_CM3/system_stm32f10x.o
                0x08007d90                SystemInit
 *fill*         0x08007e84        0x4 00
 .text          0x08007e88      0xe68 main.o
                0x08007e88                Initialisation
                0x08008950                main
 .text          0x08008cf0      0x1d0 pwm.o
                0x08008cf0                Timer_RCC_Configuration
                0x08008d08                Init_Timers
                0x08008dd8                Timer_GPIO_Enable
                0x08008e10                Timer_GPIO_Disable
                0x08008e48                PWM_Set
 .text          0x08008ec0      0x268 usart.o
                0x08008ec0                Default_Usart_Config
                0x08008ed0                USART2_reconf
                0x08008f14                Usarts_Init
                0x08008fc0                usart1_send_data_dma
                0x08009000                usart1_disable_dma
                0x0800902c                Add_To_ISR_Buffer
                0x0800904a                USART1_IRQHandler
                0x0800907c                Get_From_ISR_Buffer
                0x0800908e                Bytes_In_ISR_Buffer
                0x080090a6                __usart_send_char
                0x080090c4                Usart_Send_Str
                0x080090dc                __gps_send_char
                0x080090f8                Gps_Send_Str
                0x08009110                Gps_Send_Utf8
 .text          0x08009128       0x3c watchdog.o
                0x08009128                Watchdog_Config
                0x08009152                Watchdog_Reset_Detect
 .text          0x08009164     0x6e08 Control/ekf.o
                0x08009164                ins_get_num_states
                0x08009168                INSGPSInit
                0x0800928c                INSResetP
                0x080092dc                INSResetRGPS
                0x08009308                INSSetState
                0x08009368                INSPosVelReset
                0x080093e8                INSSetPosVelVar
                0x08009404                INSSetGyroBias
                0x08009420                INSSetAccelVar
                0x0800943c                INSSetGyroVar
                0x08009458                INSSetMagVar
                0x08009474                INSSetMagNorth
                0x0800948c                INSSetGravity
                0x08009498                CovariancePrediction
                0x0800ed4e                INSCovariancePrediction
                0x0800ed74                SerialUpdate
                0x0800eedc                StateEq
                0x0800f1a8                RungeKutta
                0x0800f2d0                LinearizeFG
                0x0800f752                INSStatePrediction
                0x0800f898                MeasurementEq
                0x0800fa54                LinearizeH
                0x0800fd1c                INSCorrection
                0x0800fed0                VelBaroCorrection
                0x0800feec                GpsMagCorrection
                0x0800ff04                FullCorrection
                0x0800ff12                GpsBaroCorrection
                0x0800ff30                MagVelBaroCorrection
                0x0800ff4c                MagCorrection
 *fill*         0x0800ff6c        0x4 00
 .text          0x0800ff70      0x8d8 Control/imu.o
                0x0800ff70                run_imu
 .text          0x08010848       0x64 Control/loops.o
                0x08010848                Run_PID
                0x080108a4                Reset_PID
 .text          0x080108ac       0x64 Control/servos.o
                0x080108ac                Apply_Servos
                0x08010908                Enable_Servos
                0x0801090c                Disable_Servos
 .text          0x08010910       0xb8 lib/STM32F10x_StdPeriph_Driver/libstm32fw.a(misc.o)
                0x08010910                NVIC_PriorityGroupConfig
                0x08010924                NVIC_Init
                0x08010984                NVIC_SetVectorTable
                0x08010998                NVIC_SystemLPConfig
                0x080109b0                SysTick_CLKSourceConfig
 .text          0x080109c8      0x380 lib/STM32F10x_StdPeriph_Driver/libstm32fw.a(stm32f10x_adc.o)
                0x080109c8                ADC_DeInit
                0x08010a24                ADC_Init
                0x08010a70                ADC_StructInit
                0x08010a82                ADC_Cmd
                0x08010a96                ADC_DMACmd
                0x08010aaa                ADC_ITConfig
                0x08010abe                ADC_ResetCalibration
                0x08010ac8                ADC_GetResetCalibrationStatus
                0x08010ad0                ADC_StartCalibration
                0x08010ada                ADC_GetCalibrationStatus
                0x08010ae2                ADC_SoftwareStartConvCmd
                0x08010af6                ADC_GetSoftwareStartConvStatus
                0x08010afe                ADC_DiscModeChannelCountConfig
                0x08010b0e                ADC_DiscModeCmd
                0x08010b22                ADC_RegularChannelConfig
                0x08010bb0                ADC_ExternalTrigConvCmd
                0x08010bc4                ADC_GetConversionValue
                0x08010bca                ADC_GetDualModeConversionValue
                0x08010bd4                ADC_AutoInjectedConvCmd
                0x08010be8                ADC_InjectedDiscModeCmd
                0x08010bfc                ADC_ExternalTrigInjectedConvConfig
                0x08010c0a                ADC_ExternalTrigInjectedConvCmd
                0x08010c1e                ADC_SoftwareStartInjectedConvCmd
                0x08010c32                ADC_GetSoftwareStartInjectedConvCmdStatus
                0x08010c3a                ADC_InjectedChannelConfig
                0x08010c96                ADC_InjectedSequencerLengthConfig
                0x08010ca6                ADC_SetInjectedOffset
                0x08010cbc                ADC_GetInjectedConversionValue
                0x08010cd6                ADC_AnalogWatchdogCmd
                0x08010ce8                ADC_AnalogWatchdogThresholdsConfig
                0x08010cee                ADC_AnalogWatchdogSingleChannelConfig
                0x08010cfc                ADC_TempSensorVrefintCmd
                0x08010d18                ADC_GetFlagStatus
                0x08010d24                ADC_ClearFlag
                0x08010d2a                ADC_GetITStatus
                0x08010d40                ADC_ClearITPendingBit
 .text          0x08010d48       0xe0 lib/STM32F10x_StdPeriph_Driver/libstm32fw.a(stm32f10x_bkp.o)
                0x08010d48                BKP_DeInit
                0x08010d5a                BKP_TamperPinLevelConfig
                0x08010d64                BKP_TamperPinCmd
                0x08010d70                BKP_ITConfig
                0x08010d7c                BKP_RTCOutputConfig
                0x08010d94                BKP_SetRTCCalibrationValue
                0x08010dac                BKP_WriteBackupRegister
                0x08010dc8                BKP_ReadBackupRegister
                0x08010de8                BKP_GetFlagStatus
                0x08010df4                BKP_ClearFlag
                0x08010e08                BKP_GetITStatus
                0x08010e14                BKP_ClearITPendingBit
 .text          0x08010e28      0x1f0 lib/STM32F10x_StdPeriph_Driver/libstm32fw.a(stm32f10x_dma.o)
                0x08010e28                DMA_DeInit
                0x08010f24                DMA_Init
                0x08010f64                DMA_StructInit
                0x08010f7e                DMA_Cmd
                0x08010f92                DMA_ITConfig
                0x08010fa4                DMA_GetCurrDataCounter
                0x08010faa                DMA_GetFlagStatus
                0x08010fc8                DMA_ClearFlag
                0x08010fe0                DMA_GetITStatus
                0x08011000                DMA_ClearITPendingBit
 .text          0x08011018      0x108 lib/STM32F10x_StdPeriph_Driver/libstm32fw.a(stm32f10x_exti.o)
                0x08011018                EXTI_DeInit
                0x08011034                EXTI_Init
                0x080110b8                EXTI_StructInit
                0x080110c6                EXTI_GenerateSWInterrupt
                0x080110d8                EXTI_GetFlagStatus
                0x080110ec                EXTI_ClearFlag
                0x080110f8                EXTI_GetITStatus
                0x08011114                EXTI_ClearITPendingBit
 .text          0x08011120      0x278 lib/STM32F10x_StdPeriph_Driver/libstm32fw.a(stm32f10x_gpio.o)
                0x08011120                GPIO_DeInit
                0x080111cc                GPIO_AFIODeInit
                0x080111e2                GPIO_Init
                0x0801127a                GPIO_StructInit
                0x0801128a                GPIO_ReadInputDataBit
                0x08011296                GPIO_ReadInputData
                0x0801129c                GPIO_ReadOutputDataBit
                0x080112a8                GPIO_ReadOutputData
                0x080112ae                GPIO_SetBits
                0x080112b2                GPIO_ResetBits
                0x080112b6                GPIO_WriteBit
                0x080112c0                GPIO_Write
                0x080112c4                GPIO_PinLockConfig
                0x080112d4                GPIO_EventOutputConfig
                0x080112f4                GPIO_EventOutputCmd
                0x08011300                GPIO_PinRemapConfig
                0x08011358                GPIO_EXTILineConfig
                0x0801138c                GPIO_ETH_MediaInterfaceConfig
 .text          0x08011398      0x3b4 lib/STM32F10x_StdPeriph_Driver/libstm32fw.a(stm32f10x_i2c.o)
                0x08011398                I2C_DeInit
                0x080113cc                I2C_Init
                0x0801149c                I2C_StructInit
                0x080114b8                I2C_Cmd
                0x080114d2                I2C_DMACmd
                0x080114ec                I2C_DMALastTransferCmd
                0x08011506                I2C_GenerateSTART
                0x08011520                I2C_GenerateSTOP
                0x0801153a                I2C_AcknowledgeConfig
                0x08011554                I2C_OwnAddress2Config
                0x0801156a                I2C_DualAddressCmd
                0x08011584                I2C_GeneralCallCmd
                0x0801159e                I2C_ITConfig
                0x080115b4                I2C_SendData
                0x080115b8                I2C_ReceiveData
                0x080115be                I2C_Send7bitAddress
                0x080115ce                I2C_ReadRegister
                0x080115e6                I2C_SoftwareResetCmd
                0x080115fe                I2C_SMBusAlertConfig
                0x0801161c                I2C_TransmitPEC
                0x08011636                I2C_PECPositionConfig
                0x08011654                I2C_CalculatePEC
                0x0801166e                I2C_GetPEC
                0x08011676                I2C_ARPCmd
                0x08011690                I2C_StretchClockCmd
                0x080116aa                I2C_FastModeDutyCycleConfig
                0x080116c8                I2C_GetLastEvent
                0x080116d8                I2C_CheckEvent
                0x080116f0                I2C_GetFlagStatus
                0x08011724                I2C_ClearFlag
                0x0801172a                I2C_GetITStatus
                0x08011746                I2C_ClearITPendingBit
 .text          0x0801174c       0x58 lib/STM32F10x_StdPeriph_Driver/libstm32fw.a(stm32f10x_iwdg.o)
                0x0801174c                IWDG_WriteAccessCmd
                0x08011758                IWDG_SetPrescaler
                0x08011764                IWDG_SetReload
                0x08011770                IWDG_ReloadCounter
                0x08011780                IWDG_Enable
                0x08011790                IWDG_GetFlagStatus
 .text          0x080117a4       0xcc lib/STM32F10x_StdPeriph_Driver/libstm32fw.a(stm32f10x_pwr.o)
                0x080117a8                PWR_DeInit
                0x080117c2                PWR_BackupAccessCmd
                0x080117cc                PWR_PVDCmd
                0x080117d8                PWR_PVDLevelConfig
                0x080117ec                PWR_WakeUpPinCmd
                0x080117f8                PWR_EnterSTOPMode
                0x08011824                PWR_EnterSTANDBYMode
                0x0801184c                PWR_GetFlagStatus
                0x08011860                PWR_ClearFlag
 .text          0x08011870      0x360 lib/STM32F10x_StdPeriph_Driver/libstm32fw.a(stm32f10x_rcc.o)
                0x08011870                RCC_DeInit
                0x080118b0                RCC_HSEConfig
                0x080118e8                RCC_AdjustHSICalibrationValue
                0x080118fc                RCC_HSICmd
                0x08011908                RCC_PLLConfig
                0x08011920                RCC_PLLCmd
                0x0801192c                RCC_SYSCLKConfig
                0x08011940                RCC_GetSYSCLKSource
                0x08011950                RCC_HCLKConfig
                0x08011964                RCC_PCLK1Config
                0x08011978                RCC_PCLK2Config
                0x0801198c                RCC_ITConfig
                0x080119a4                RCC_USBCLKConfig
                0x080119b0                RCC_ADCCLKConfig
                0x080119c4                RCC_LSEConfig
                0x080119e4                RCC_LSICmd
                0x080119f0                RCC_RTCCLKConfig
                0x08011a00                RCC_RTCCLKCmd
                0x08011a0c                RCC_GetClocksFreq
                0x08011ab0                RCC_AHBPeriphClockCmd
                0x08011ac8                RCC_APB2PeriphClockCmd
                0x08011ae0                RCC_APB1PeriphClockCmd
                0x08011af8                RCC_APB2PeriphResetCmd
                0x08011b10                RCC_APB1PeriphResetCmd
                0x08011b28                RCC_BackupResetCmd
                0x08011b34                RCC_ClockSecuritySystemCmd
                0x08011b40                RCC_MCOConfig
                0x08011b4c                RCC_GetFlagStatus
                0x08011b74                RCC_WaitForHSEStartUp
                0x08011ba0                RCC_ClearFlag
                0x08011bb0                RCC_GetITStatus
                0x08011bc4                RCC_ClearITPendingBit
 .text          0x08011bd0      0x158 lib/STM32F10x_StdPeriph_Driver/libstm32fw.a(stm32f10x_rtc.o)
                0x08011bd0                RTC_ITConfig
                0x08011bec                RTC_EnterConfigMode
                0x08011c00                RTC_ExitConfigMode
                0x08011c14                RTC_GetCounter
                0x08011c28                RTC_SetCounter
                0x08011c44                RTC_SetPrescaler
                0x08011c64                RTC_SetAlarm
                0x08011c80                RTC_GetDivider
                0x08011c98                RTC_WaitForLastTask
                0x08011ca8                RTC_WaitForSynchro
                0x08011cc8                RTC_GetFlagStatus
                0x08011cdc                RTC_ClearFlag
                0x08011cf0                RTC_GetITStatus
                0x08011d14                RTC_ClearITPendingBit
 .text          0x08011d28      0x2d4 lib/STM32F10x_StdPeriph_Driver/libstm32fw.a(stm32f10x_spi.o)
                0x08011d28                SPI_I2S_DeInit
                0x08011d8c                SPI_Init
                0x08011dcc                I2S_Init
                0x08011e6c                SPI_StructInit
                0x08011e84                I2S_StructInit
                0x08011e96                SPI_Cmd
                0x08011eb0                I2S_Cmd
                0x08011eca                SPI_I2S_ITConfig
                0x08011ee8                SPI_I2S_DMACmd
                0x08011efe                SPI_I2S_SendData
                0x08011f02                SPI_I2S_ReceiveData
                0x08011f08                SPI_NSSInternalSoftwareConfig
                0x08011f28                SPI_SSOutputCmd
                0x08011f42                SPI_DataSizeConfig
                0x08011f5a                SPI_TransmitCRC
                0x08011f66                SPI_CalculateCRC
                0x08011f80                SPI_GetCRC
                0x08011f90                SPI_GetCRCPolynomial
                0x08011f96                SPI_BiDirectionalLineConfig
                0x08011fb4                SPI_I2S_GetFlagStatus
                0x08011fc0                SPI_I2S_ClearFlag
                0x08011fc6                SPI_I2S_GetITStatus
                0x08011fec                SPI_I2S_ClearITPendingBit
 .text          0x08011ffc      0xa80 lib/STM32F10x_StdPeriph_Driver/libstm32fw.a(stm32f10x_tim.o)
                0x0801206a                TIM_DeInit
                0x08012134                TIM_TimeBaseInit
                0x08012170                TIM_OC1Init
                0x080121f0                TIM_OC2Init
                0x08012278                TIM_OC3Init
                0x080122fc                TIM_OC4Init
                0x08012360                TIM_BDTRConfig
                0x08012382                TIM_TimeBaseStructInit
                0x08012394                TIM_OCStructInit
                0x080123a8                TIM_ICStructInit
                0x080123b8                TIM_BDTRStructInit
                0x080123ca                TIM_Cmd
                0x080123e4                TIM_CtrlPWMOutputs
                0x08012402                TIM_ITConfig
                0x08012418                TIM_GenerateEvent
                0x0801241c                TIM_DMAConfig
                0x08012424                TIM_DMACmd
                0x0801243a                TIM_InternalClockConfig
                0x08012448                TIM_ETRConfig
                0x0801245e                TIM_ETRClockMode2Config
                0x08012472                TIM_ETRClockMode1Config
                0x0801248c                TIM_PrescalerConfig
                0x08012492                TIM_CounterModeConfig
                0x080124a4                TIM_SelectInputTrigger
                0x080124b6                TIM_TIxExternalClockConfig
                0x080124e4                TIM_ITRxExternalClockConfig
                0x080124f8                TIM_EncoderInterfaceConfig
                0x08012536                TIM_ForcedOC1Config
                0x08012548                TIM_ForcedOC2Config
                0x0801255a                TIM_ForcedOC3Config
                0x0801256c                TIM_ForcedOC4Config
                0x0801257e                TIM_ARRPreloadConfig
                0x08012598                TIM_SelectCOM
                0x080125b2                TIM_SelectCCDMA
                0x080125cc                TIM_CCPreloadControl
                0x080125e6                TIM_OC1PreloadConfig
                0x080125f8                TIM_OC2PreloadConfig
                0x0801260a                TIM_OC3PreloadConfig
                0x0801261c                TIM_OC4PreloadConfig
                0x0801262e                TIM_OC1FastConfig
                0x08012640                TIM_OC2FastConfig
                0x08012652                TIM_OC3FastConfig
                0x08012664                TIM_OC4FastConfig
                0x08012676                TIM_ClearOC1Ref
                0x08012688                TIM_ClearOC2Ref
                0x08012696                TIM_ClearOC3Ref
                0x080126a8                TIM_ClearOC4Ref
                0x080126b6                TIM_OC1PolarityConfig
                0x080126c8                TIM_OC1NPolarityConfig
                0x080126da                TIM_OC2PolarityConfig
                0x080126ec                TIM_OC2NPolarityConfig
                0x080126fe                TIM_OC3PolarityConfig
                0x08012710                TIM_OC3NPolarityConfig
                0x08012722                TIM_OC4PolarityConfig
                0x08012734                TIM_CCxCmd
                0x08012752                TIM_CCxNCmd
                0x08012770                TIM_SelectOCxM
                0x080127bc                TIM_UpdateDisableConfig
                0x080127d6                TIM_UpdateRequestConfig
                0x080127f0                TIM_SelectHallSensor
                0x0801280a                TIM_SelectOnePulseMode
                0x08012822                TIM_SelectOutputTrigger
                0x0801283a                TIM_SelectSlaveMode
                0x08012852                TIM_SelectMasterSlaveMode
                0x0801286a                TIM_SetCounter
                0x0801286e                TIM_SetAutoreload
                0x08012872                TIM_SetCompare1
                0x08012876                TIM_SetCompare2
                0x0801287a                TIM_SetCompare3
                0x0801287e                TIM_SetCompare4
                0x08012884                TIM_SetIC1Prescaler
                0x0801289c                TIM_SetIC2Prescaler
                0x080128b4                TIM_PWMIConfig
                0x08012920                TIM_SetIC3Prescaler
                0x08012938                TIM_SetIC4Prescaler
                0x08012950                TIM_ICInit
                0x08012a14                TIM_SetClockDivision
                0x08012a26                TIM_GetCapture1
                0x08012a2c                TIM_GetCapture2
                0x08012a32                TIM_GetCapture3
                0x08012a38                TIM_GetCapture4
                0x08012a40                TIM_GetCounter
                0x08012a46                TIM_GetPrescaler
                0x08012a4c                TIM_GetFlagStatus
                0x08012a58                TIM_ClearFlag
                0x08012a5e                TIM_GetITStatus
                0x08012a74                TIM_ClearITPendingBit
 .text          0x08012a7c      0x374 lib/STM32F10x_StdPeriph_Driver/libstm32fw.a(stm32f10x_usart.o)
                0x08012a7c                USART_DeInit
                0x08012b14                USART_Init
                0x08012ba4                USART_StructInit
                0x08012bba                USART_ClockInit
                0x08012be0                USART_ClockStructInit
                0x08012bec                USART_Cmd
                0x08012c06                USART_ITConfig
                0x08012c3c                USART_DMACmd
                0x08012c52                USART_SetAddress
                0x08012c6a                USART_WakeUpConfig
                0x08012c82                USART_ReceiverWakeUpCmd
                0x08012c9c                USART_LINBreakDetectLengthConfig
                0x08012cb4                USART_LINCmd
                0x08012cce                USART_SendData
                0x08012cd6                USART_ReceiveData
                0x08012cde                USART_SendBreak
                0x08012cea                USART_SetGuardTime
                0x08012cfc                USART_SetPrescaler
                0x08012d10                USART_SmartCardCmd
                0x08012d2a                USART_SmartCardNACKCmd
                0x08012d44                USART_HalfDuplexCmd
                0x08012d5e                USART_IrDAConfig
                0x08012d76                USART_IrDACmd
                0x08012d90                USART_GetFlagStatus
                0x08012d9c                USART_ClearFlag
                0x08012da2                USART_GetITStatus
                0x08012de2                USART_ClearITPendingBit
 .text          0x08012df0       0x90 /home/laurence/CodeSourcery/Sourcery_G++_Lite/bin/../lib/gcc/arm-none-eabi/4.5.2/../../../../arm-none-eabi/lib/thumb2/libm.a(lib_a-s_cos.o)
                0x08012df0                cos
 .text          0x08012e80      0x128 /home/laurence/CodeSourcery/Sourcery_G++_Lite/bin/../lib/gcc/arm-none-eabi/4.5.2/../../../../arm-none-eabi/lib/thumb2/libm.a(lib_a-s_floor.o)
                0x08012e80                floor
 .text          0x08012fa8       0x98 /home/laurence/CodeSourcery/Sourcery_G++_Lite/bin/../lib/gcc/arm-none-eabi/4.5.2/../../../../arm-none-eabi/lib/thumb2/libm.a(lib_a-s_sin.o)
                0x08012fa8                sin
 .text          0x08013040       0xa8 /home/laurence/CodeSourcery/Sourcery_G++_Lite/bin/../lib/gcc/arm-none-eabi/4.5.2/../../../../arm-none-eabi/lib/thumb2/libm.a(lib_a-w_asin.o)
                0x08013040                asin
 .text          0x080130e8        0x4 /home/laurence/CodeSourcery/Sourcery_G++_Lite/bin/../lib/gcc/arm-none-eabi/4.5.2/../../../../arm-none-eabi/lib/thumb2/libm.a(lib_a-w_atan2.o)
                0x080130e8                atan2
 .text          0x080130ec      0x348 /home/laurence/CodeSourcery/Sourcery_G++_Lite/bin/../lib/gcc/arm-none-eabi/4.5.2/../../../../arm-none-eabi/lib/thumb2/libm.a(lib_a-w_pow.o)
                0x080130ec                pow
 .text          0x08013434       0xac /home/laurence/CodeSourcery/Sourcery_G++_Lite/bin/../lib/gcc/arm-none-eabi/4.5.2/../../../../arm-none-eabi/lib/thumb2/libm.a(lib_a-w_sqrt.o)
                0x08013434                sqrt
 .text          0x080134e0       0xa8 /home/laurence/CodeSourcery/Sourcery_G++_Lite/bin/../lib/gcc/arm-none-eabi/4.5.2/../../../../arm-none-eabi/lib/thumb2/libm.a(lib_a-wf_asin.o)
                0x080134e0                asinf
 .text          0x08013588        0x4 /home/laurence/CodeSourcery/Sourcery_G++_Lite/bin/../lib/gcc/arm-none-eabi/4.5.2/../../../../arm-none-eabi/lib/thumb2/libm.a(lib_a-wf_atan2.o)
                0x08013588                atan2f
 *fill*         0x0801358c        0x4 00
 .text          0x08013590      0x460 /home/laurence/CodeSourcery/Sourcery_G++_Lite/bin/../lib/gcc/arm-none-eabi/4.5.2/../../../../arm-none-eabi/lib/thumb2/libm.a(lib_a-e_asin.o)
                0x08013590                __ieee754_asin
 .text          0x080139f0      0x218 /home/laurence/CodeSourcery/Sourcery_G++_Lite/bin/../lib/gcc/arm-none-eabi/4.5.2/../../../../arm-none-eabi/lib/thumb2/libm.a(lib_a-e_atan2.o)
                0x080139f0                __ieee754_atan2
 .text          0x08013c08      0xb50 /home/laurence/CodeSourcery/Sourcery_G++_Lite/bin/../lib/gcc/arm-none-eabi/4.5.2/../../../../arm-none-eabi/lib/thumb2/libm.a(lib_a-e_pow.o)
                0x08013c08                __ieee754_pow
 .text          0x08014758      0x450 /home/laurence/CodeSourcery/Sourcery_G++_Lite/bin/../lib/gcc/arm-none-eabi/4.5.2/../../../../arm-none-eabi/lib/thumb2/libm.a(lib_a-e_rem_pio2.o)
                0x08014758                __ieee754_rem_pio2
 .text          0x08014ba8      0x1c0 /home/laurence/CodeSourcery/Sourcery_G++_Lite/bin/../lib/gcc/arm-none-eabi/4.5.2/../../../../arm-none-eabi/lib/thumb2/libm.a(lib_a-e_sqrt.o)
                0x08014ba8                __ieee754_sqrt
 .text          0x08014d68      0x318 /home/laurence/CodeSourcery/Sourcery_G++_Lite/bin/../lib/gcc/arm-none-eabi/4.5.2/../../../../arm-none-eabi/lib/thumb2/libm.a(lib_a-ef_asin.o)
                0x08014d68                __ieee754_asinf
 .text          0x08015080      0x16c /home/laurence/CodeSourcery/Sourcery_G++_Lite/bin/../lib/gcc/arm-none-eabi/4.5.2/../../../../arm-none-eabi/lib/thumb2/libm.a(lib_a-ef_atan2.o)
                0x08015080                __ieee754_atan2f
 .text          0x080151ec       0xb0 /home/laurence/CodeSourcery/Sourcery_G++_Lite/bin/../lib/gcc/arm-none-eabi/4.5.2/../../../../arm-none-eabi/lib/thumb2/libm.a(lib_a-ef_sqrt.o)
                0x080151ec                __ieee754_sqrtf
 *fill*         0x0801529c        0x4 00
 .text          0x080152a0      0x250 /home/laurence/CodeSourcery/Sourcery_G++_Lite/bin/../lib/gcc/arm-none-eabi/4.5.2/../../../../arm-none-eabi/lib/thumb2/libm.a(lib_a-k_cos.o)
                0x080152a0                __kernel_cos
 .text          0x080154f0      0x7a8 /home/laurence/CodeSourcery/Sourcery_G++_Lite/bin/../lib/gcc/arm-none-eabi/4.5.2/../../../../arm-none-eabi/lib/thumb2/libm.a(lib_a-k_rem_pio2.o)
                0x080154f0                __kernel_rem_pio2
 .text          0x08015c98      0x168 /home/laurence/CodeSourcery/Sourcery_G++_Lite/bin/../lib/gcc/arm-none-eabi/4.5.2/../../../../arm-none-eabi/lib/thumb2/libm.a(lib_a-k_sin.o)
                0x08015c98                __kernel_sin
 .text          0x08015e00      0x338 /home/laurence/CodeSourcery/Sourcery_G++_Lite/bin/../lib/gcc/arm-none-eabi/4.5.2/../../../../arm-none-eabi/lib/thumb2/libm.a(lib_a-s_atan.o)
                0x08015e00                atan
 .text          0x08016138        0x8 /home/laurence/CodeSourcery/Sourcery_G++_Lite/bin/../lib/gcc/arm-none-eabi/4.5.2/../../../../arm-none-eabi/lib/thumb2/libm.a(lib_a-s_fabs.o)
                0x08016138                fabs
 .text          0x08016140       0x10 /home/laurence/CodeSourcery/Sourcery_G++_Lite/bin/../lib/gcc/arm-none-eabi/4.5.2/../../../../arm-none-eabi/lib/thumb2/libm.a(lib_a-s_finite.o)
                0x08016140                finite
 .text          0x08016150       0x90 /home/laurence/CodeSourcery/Sourcery_G++_Lite/bin/../lib/gcc/arm-none-eabi/4.5.2/../../../../arm-none-eabi/lib/thumb2/libm.a(lib_a-s_fpclassify.o)
                0x08016150                __fpclassifyd
 .text          0x080161e0        0x4 /home/laurence/CodeSourcery/Sourcery_G++_Lite/bin/../lib/gcc/arm-none-eabi/4.5.2/../../../../arm-none-eabi/lib/thumb2/libm.a(lib_a-s_matherr.o)
                0x080161e0                matherr
 .text          0x080161e4        0xc /home/laurence/CodeSourcery/Sourcery_G++_Lite/bin/../lib/gcc/arm-none-eabi/4.5.2/../../../../arm-none-eabi/lib/thumb2/libm.a(lib_a-s_nan.o)
                0x080161e4                nan
 .text          0x080161f0      0x13c /home/laurence/CodeSourcery/Sourcery_G++_Lite/bin/../lib/gcc/arm-none-eabi/4.5.2/../../../../arm-none-eabi/lib/thumb2/libm.a(lib_a-s_rint.o)
                0x080161f0                rint
 *fill*         0x0801632c        0x4 00
 .text          0x08016330      0x108 /home/laurence/CodeSourcery/Sourcery_G++_Lite/bin/../lib/gcc/arm-none-eabi/4.5.2/../../../../arm-none-eabi/lib/thumb2/libm.a(lib_a-s_scalbn.o)
                0x08016330                scalbn
 .text          0x08016438      0x244 /home/laurence/CodeSourcery/Sourcery_G++_Lite/bin/../lib/gcc/arm-none-eabi/4.5.2/../../../../arm-none-eabi/lib/thumb2/libm.a(lib_a-sf_atan.o)
                0x08016438                atanf
 .text          0x0801667c        0x8 /home/laurence/CodeSourcery/Sourcery_G++_Lite/bin/../lib/gcc/arm-none-eabi/4.5.2/../../../../arm-none-eabi/lib/thumb2/libm.a(lib_a-sf_fabs.o)
                0x0801667c                fabsf
 .text          0x08016684       0x7c /home/laurence/CodeSourcery/Sourcery_G++_Lite/bin/../lib/gcc/arm-none-eabi/4.5.2/../../../../arm-none-eabi/lib/thumb2/libm.a(lib_a-sf_fpclassify.o)
                0x08016684                __fpclassifyf
 .text          0x08016700       0x14 /home/laurence/CodeSourcery/Sourcery_G++_Lite/bin/../lib/gcc/arm-none-eabi/4.5.2/../../../../arm-none-eabi/lib/thumb2/libm.a(lib_a-s_copysign.o)
                0x08016700                copysign
 *fill*         0x08016714        0x4 00
 .text          0x08016718      0x2b0 /home/laurence/CodeSourcery/Sourcery_G++_Lite/bin/../lib/gcc/arm-none-eabi/4.5.2/thumb2/libgcc.a(_divsi3.o)
                0x08016718                __aeabi_idiv
                0x08016718                __divsi3
                0x080169ac                __aeabi_idivmod
 .text          0x080169c8        0x4 /home/laurence/CodeSourcery/Sourcery_G++_Lite/bin/../lib/gcc/arm-none-eabi/4.5.2/thumb2/libgcc.a(_dvmd_tls.o)
                0x080169c8                __aeabi_ldiv0
                0x080169c8                __aeabi_idiv0
 .text          0x080169cc      0x370 /home/laurence/CodeSourcery/Sourcery_G++_Lite/bin/../lib/gcc/arm-none-eabi/4.5.2/thumb2/libgcc.a(_arm_addsubdf3.o)
                0x080169cc                __aeabi_drsub
                0x080169d4                __aeabi_dsub
                0x080169d4                __subdf3
                0x080169d8                __adddf3
                0x080169d8                __aeabi_dadd
                0x08016c50                __aeabi_ui2d
                0x08016c50                __floatunsidf
                0x08016c70                __floatsidf
                0x08016c70                __aeabi_i2d
                0x08016c94                __extendsfdf2
                0x08016c94                __aeabi_f2d
                0x08016cd0                __aeabi_ul2d
                0x08016cd0                __floatundidf
                0x08016ce0                __floatdidf
                0x08016ce0                __aeabi_l2d
 .text          0x08016d3c      0x424 /home/laurence/CodeSourcery/Sourcery_G++_Lite/bin/../lib/gcc/arm-none-eabi/4.5.2/thumb2/libgcc.a(_arm_muldivdf3.o)
                0x08016d3c                __aeabi_dmul
                0x08016d3c                __muldf3
                0x08016f90                __aeabi_ddiv
                0x08016f90                __divdf3
 .text          0x08017160      0x110 /home/laurence/CodeSourcery/Sourcery_G++_Lite/bin/../lib/gcc/arm-none-eabi/4.5.2/thumb2/libgcc.a(_arm_cmpdf2.o)
                0x08017160                __gtdf2
                0x08017160                __gedf2
                0x08017168                __ltdf2
                0x08017168                __ledf2
                0x08017170                __cmpdf2
                0x08017170                __eqdf2
                0x08017170                __nedf2
                0x080171ec                __aeabi_cdrcmple
                0x080171fc                __aeabi_cdcmple
                0x080171fc                __aeabi_cdcmpeq
                0x0801720c                __aeabi_dcmpeq
                0x08017220                __aeabi_dcmplt
                0x08017234                __aeabi_dcmple
                0x08017248                __aeabi_dcmpge
                0x0801725c                __aeabi_dcmpgt
 .text          0x08017270       0x50 /home/laurence/CodeSourcery/Sourcery_G++_Lite/bin/../lib/gcc/arm-none-eabi/4.5.2/thumb2/libgcc.a(_arm_fixdfsi.o)
                0x08017270                __fixdfsi
                0x08017270                __aeabi_d2iz
 .text          0x080172c0       0x40 /home/laurence/CodeSourcery/Sourcery_G++_Lite/bin/../lib/gcc/arm-none-eabi/4.5.2/thumb2/libgcc.a(_arm_fixunsdfsi.o)
                0x080172c0                __fixunsdfsi
                0x080172c0                __aeabi_d2uiz
 .text          0x08017300       0xa0 /home/laurence/CodeSourcery/Sourcery_G++_Lite/bin/../lib/gcc/arm-none-eabi/4.5.2/thumb2/libgcc.a(_arm_truncdfsf2.o)
                0x08017300                __aeabi_d2f
                0x08017300                __truncdfsf2
 .text          0x080173a0      0x21c /home/laurence/CodeSourcery/Sourcery_G++_Lite/bin/../lib/gcc/arm-none-eabi/4.5.2/thumb2/libgcc.a(_arm_addsubsf3.o)
                0x080173a0                __aeabi_frsub
                0x080173a8                __subsf3
                0x080173a8                __aeabi_fsub
                0x080173ac                __aeabi_fadd
                0x080173ac                __addsf3
                0x0801750c                __aeabi_ui2f
                0x0801750c                __floatunsisf
                0x08017514                __aeabi_i2f
                0x08017514                __floatsisf
                0x08017530                __floatundisf
                0x08017530                __aeabi_ul2f
                0x08017540                __floatdisf
                0x08017540                __aeabi_l2f
 .text          0x080175bc      0x2a0 /home/laurence/CodeSourcery/Sourcery_G++_Lite/bin/../lib/gcc/arm-none-eabi/4.5.2/thumb2/libgcc.a(_arm_muldivsf3.o)
                0x080175bc                __mulsf3
                0x080175bc                __aeabi_fmul
                0x08017724                __divsf3
                0x08017724                __aeabi_fdiv
 .text          0x0801785c       0xec /home/laurence/CodeSourcery/Sourcery_G++_Lite/bin/../lib/gcc/arm-none-eabi/4.5.2/thumb2/libgcc.a(_arm_cmpsf2.o)
                0x0801785c                __gtsf2
                0x0801785c                __gesf2
                0x08017864                __lesf2
                0x08017864                __ltsf2
                0x0801786c                __nesf2
                0x0801786c                __eqsf2
                0x0801786c                __cmpsf2
                0x080178cc                __aeabi_cfrcmple
                0x080178d4                __aeabi_cfcmple
                0x080178d4                __aeabi_cfcmpeq
                0x080178e4                __aeabi_fcmpeq
                0x080178f8                __aeabi_fcmplt
                0x0801790c                __aeabi_fcmple
                0x08017920                __aeabi_fcmpge
                0x08017934                __aeabi_fcmpgt
 .text          0x08017948       0x4c /home/laurence/CodeSourcery/Sourcery_G++_Lite/bin/../lib/gcc/arm-none-eabi/4.5.2/thumb2/libgcc.a(_arm_fixsfsi.o)
                0x08017948                __fixsfsi
                0x08017948                __aeabi_f2iz
 .text          0x08017994       0x40 /home/laurence/CodeSourcery/Sourcery_G++_Lite/bin/../lib/gcc/arm-none-eabi/4.5.2/thumb2/libgcc.a(_arm_fixunssfsi.o)
                0x08017994                __aeabi_f2uiz
                0x08017994                __fixunssfsi
 .text          0x080179d4       0x38 /home/laurence/CodeSourcery/Sourcery_G++_Lite/bin/../lib/gcc/arm-none-eabi/4.5.2/thumb2/libgcc.a(_aeabi_ldivmod.o)
                0x080179d4                __aeabi_ldivmod
 .text          0x08017a0c       0x2c /home/laurence/CodeSourcery/Sourcery_G++_Lite/bin/../lib/gcc/arm-none-eabi/4.5.2/thumb2/libgcc.a(_fixsfdi.o)
                0x08017a0c                __aeabi_f2lz
                0x08017a0c                __fixsfdi
 .text          0x08017a38       0x48 /home/laurence/CodeSourcery/Sourcery_G++_Lite/bin/../lib/gcc/arm-none-eabi/4.5.2/thumb2/libgcc.a(_fixunssfdi.o)
                0x08017a38                __aeabi_f2ulz
                0x08017a38                __fixunssfdi
 .text          0x08017a80       0x60 /home/laurence/CodeSourcery/Sourcery_G++_Lite/bin/../lib/gcc/arm-none-eabi/4.5.2/thumb2/libgcc.a(bpabi.o)
                0x08017a80                __gnu_ldivmod_helper
                0x08017ab0                __gnu_uldivmod_helper
 .text          0x08017ae0      0x360 /home/laurence/CodeSourcery/Sourcery_G++_Lite/bin/../lib/gcc/arm-none-eabi/4.5.2/thumb2/libgcc.a(_divdi3.o)
                0x08017ae0                __divdi3
 .text          0x08017e40      0x308 /home/laurence/CodeSourcery/Sourcery_G++_Lite/bin/../lib/gcc/arm-none-eabi/4.5.2/thumb2/libgcc.a(_udivdi3.o)
                0x08017e40                __udivdi3
 .text          0x08018148      0x278 /home/laurence/CodeSourcery/Sourcery_G++_Lite/bin/../lib/gcc/arm-none-eabi/4.5.2/thumb2/libgcc.a(_udivsi3.o)
                0x08018148                __udivsi3
                0x08018148                __aeabi_uidiv
                0x080183a4                __aeabi_uidivmod
 .text          0x080183c0        0xc /home/laurence/CodeSourcery/Sourcery_G++_Lite/bin/../lib/gcc/arm-none-eabi/4.5.2/../../../../arm-none-eabi/lib/thumb2/libc.a(lib_a-errno.o)
                0x080183c0                __errno
 .text          0x080183cc       0x20 /home/laurence/CodeSourcery/Sourcery_G++_Lite/bin/../lib/gcc/arm-none-eabi/4.5.2/../../../../arm-none-eabi/lib/thumb2/libc.a(lib_a-malloc.o)
                0x080183cc                malloc
                0x080183dc                free
 .text          0x080183ec      0x57c /home/laurence/CodeSourcery/Sourcery_G++_Lite/bin/../lib/gcc/arm-none-eabi/4.5.2/../../../../arm-none-eabi/lib/thumb2/libc.a(lib_a-mallocr.o)
                0x080183ec                _malloc_r
 .text          0x08018968      0x150 /home/laurence/CodeSourcery/Sourcery_G++_Lite/bin/../lib/gcc/arm-none-eabi/4.5.2/../../../../arm-none-eabi/lib/thumb2/libc.a(lib_a-memcpy.o)
                0x08018968                memcpy
 .text          0x08018ab8       0xb4 /home/laurence/CodeSourcery/Sourcery_G++_Lite/bin/../lib/gcc/arm-none-eabi/4.5.2/../../../../arm-none-eabi/lib/thumb2/libc.a(lib_a-memset.o)
                0x08018ab8                memset
 .text          0x08018b6c        0x8 /home/laurence/CodeSourcery/Sourcery_G++_Lite/bin/../lib/gcc/arm-none-eabi/4.5.2/../../../../arm-none-eabi/lib/thumb2/libc.a(lib_a-mlock.o)
                0x08018b6c                __malloc_lock
                0x08018b70                __malloc_unlock
 *fill*         0x08018b74        0x4 00
 .text          0x08018b78      0x100 /home/laurence/CodeSourcery/Sourcery_G++_Lite/bin/../lib/gcc/arm-none-eabi/4.5.2/../../../../arm-none-eabi/lib/thumb2/libc.a(lib_a-rand.o)
                0x08018b78                srand
                0x08018bd4                rand
 .text          0x08018c78       0x28 /home/laurence/CodeSourcery/Sourcery_G++_Lite/bin/../lib/gcc/arm-none-eabi/4.5.2/../../../../arm-none-eabi/lib/thumb2/libc.a(lib_a-sbrkr.o)
                0x08018c78                _sbrk_r
 .text          0x08018ca0       0xbc /home/laurence/CodeSourcery/Sourcery_G++_Lite/bin/../lib/gcc/arm-none-eabi/4.5.2/../../../../arm-none-eabi/lib/thumb2/libc.a(lib_a-strcpy.o)
                0x08018ca0                strcpy
 .text          0x08018d5c      0x240 /home/laurence/CodeSourcery/Sourcery_G++_Lite/bin/../lib/gcc/arm-none-eabi/4.5.2/../../../../arm-none-eabi/lib/thumb2/libc.a(lib_a-freer.o)
                0x08018d5c                _malloc_trim_r
                0x08018e04                _free_r
 .text          0x08018f9c       0x30 /home/laurence/CodeSourcery/Sourcery_G++_Lite/bin/../lib/gcc/arm-none-eabi/4.5.2/../../../../arm-none-eabi/lib/thumb2/libcs3.a(start_c.o)
                0x08018f9c                __cs3_premain
 .text.cs3.init
                0x08018fcc       0x50 /home/laurence/CodeSourcery/Sourcery_G++_Lite/bin/../lib/gcc/arm-none-eabi/4.5.2/../../../../arm-none-eabi/lib/thumb2/libcs3.a(start_c.o)
                0x08018fcc                __cs3_start_c
 .text          0x0801901c       0x40 /home/laurence/CodeSourcery/Sourcery_G++_Lite/bin/../lib/gcc/arm-none-eabi/4.5.2/../../../../arm-none-eabi/lib/thumb2/libcs3unhosted.a(unhosted-sbrk.o)
                0x0801901c                _sbrk
 .text.cs3.init
                0x0801905c       0x10 /home/laurence/CodeSourcery/Sourcery_G++_Lite/bin/../lib/gcc/arm-none-eabi/4.5.2/../../../../arm-none-eabi/lib/thumb2/libcs3unhosted.a(unhosted-start.o)
                0x0801905c                _start
 .text          0x0801906c        0x2 lib/libcs3-lanchon-stm32.a(lanchon_stm32_isr_interrupt.o)
                0x0801906c                MemManageException
                0x0801906c                BusFaultException
                0x0801906c                DMAChannel7_IRQHandler
                0x0801906c                DebugMonitor
                0x0801906c                SVCHandler
                0x0801906c                HardFaultException
                0x0801906c                __STM32ReservedException8
                0x0801906c                USB_HP_CAN_TX_IRQHandler
                0x0801906c                __STM32DefaultExceptionHandler
                0x0801906c                DMAChannel1_IRQHandler
                0x0801906c                CAN_SCE_IRQHandler
                0x0801906c                __STM32ReservedException10
                0x0801906c                __STM32ReservedException13
                0x0801906c                NMIException
                0x0801906c                DMAChannel4_IRQHandler
                0x0801906c                SysTickHandler
                0x0801906c                PendSVC
                0x0801906c                CAN_RX1_IRQHandler
                0x0801906c                ADC_IRQHandler
                0x0801906c                DMAChannel5_IRQHandler
                0x0801906c                DMAChannel2_IRQHandler
                0x0801906c                USB_LP_CAN_RX0_IRQHandler
                0x0801906c                __STM32ReservedException7
                0x0801906c                UsageFaultException
                0x0801906c                DMAChannel6_IRQHandler
                0x0801906c                DMAChannel3_IRQHandler
                0x0801906c                __STM32ReservedException9
 *fill*         0x0801906e        0x2 00
 .text          0x08019070       0x50 /home/laurence/CodeSourcery/Sourcery_G++_Lite/bin/../lib/gcc/arm-none-eabi/4.5.2/../../../../arm-none-eabi/lib/thumb2/libc.a(lib_a-init.o)
                0x08019070                __libc_init_array
 *(.plt)
 *(.gnu.warning)
 *(.glue_7t)
 .glue_7t       0x00000000        0x0 linker stubs
 *(.glue_7)
 .glue_7        0x00000000        0x0 linker stubs
 *(.vfp11_veneer)
 .vfp11_veneer  0x00000000        0x0 linker stubs
 *(.rodata .rodata.* .gnu.linkonce.r.*)
 .rodata        0x080190c0      0x888 Sensors/earth_field.o
 .rodata.str1.1
                0x08019948        0x9 Sensors/earth_field.o
 *fill*         0x08019951        0x3 00
 .rodata        0x08019954       0x9c Sensors/sensorcal.o
                0x08019954                Acc_Cal_Dat
                0x08019988                Mag_Cal_Dat
                0x080199bc                Gyr_Cal_Dat
 .rodata        0x080199f0       0x9b Sensors/ubx.o
 .rodata.str1.1
                0x08019a8b      0x13b Sensors/ubx.o
 .rodata.str1.1
                0x08019bc6        0xf Util/Fatfs/ff.o
 .rodata        0x08019bd5        0xc Util/Fatfs/rtc.o
 *fill*         0x08019be1        0x7 00
 .rodata        0x08019be8      0x1d8 Util/RF22/RF22.o
                0x08019be8                _ZTV4RF22
 .rodata._ZTV12RF22Datagram
                0x08019dc0       0x10 Util/RF22/RF22Datagram.o
                0x08019dc0                _ZTV12RF22Datagram
 .rodata        0x08019dd0       0x20 Util/RF22/RF22Mesh.o
                0x08019dd0                _ZTV8RF22Mesh
 .rodata._ZTV20RF22ReliableDatagram
                0x08019df0       0x10 Util/RF22/RF22ReliableDatagram.o
                0x08019df0                _ZTV20RF22ReliableDatagram
 .rodata        0x08019e00       0x18 Util/RF22/RF22Router.o
                0x08019e00                _ZTV10RF22Router
 .rodata        0x08019e18      0x100 Util/crc.o
 .rodata        0x08019f18       0x11 Util/rprintf.o
 .rodata.str1.1
                0x08019f29        0x6 Util/rprintf.o
 *fill*         0x08019f2f        0x1 00
 .rodata        0x08019f30       0x54 Util/uavtalk.o
                0x08019f30                UAVtalk_objects
                0x08019f5c                UAVtalk_lenghts
                0x08019f67                UAVtalk_stream_objs
                0x08019f6e                UAVtalk_stream_types
                0x08019f76                UAVtalk_stream_timeouts
 .rodata        0x08019f84        0xf i2c_int.o
                0x08019f84                Magno_config
                0x08019f87                Magno_single
                0x08019f88                Bmp_temperature
                0x08019f89                Bmp_pressure
                0x08019f8a                Accel_config
                0x08019f8e                Gyro_config
                0x08019f91                Gyro_clk_config
                0x08019f92                Pitot_conv
 *fill*         0x08019f93        0x1 00
 .rodata        0x08019f94       0x14 lib/CMSIS_CM3/system_stm32f10x.o
                0x08019f94                SystemFrequency
                0x08019f98                SystemFrequency_SysClk
                0x08019f9c                SystemFrequency_AHBClk
                0x08019fa0                SystemFrequency_APB1Clk
                0x08019fa4                SystemFrequency_APB2Clk
 .rodata.str1.1
                0x08019fa8      0x40e main.o
                                0x411 (size before relaxing)
 *fill*         0x0801a3b6        0x2 00
 .rodata.str1.4
                0x0801a3b8        0x5 /home/laurence/CodeSourcery/Sourcery_G++_Lite/bin/../lib/gcc/arm-none-eabi/4.5.2/../../../../arm-none-eabi/lib/thumb2/libm.a(lib_a-w_asin.o)
                                  0xc (size before relaxing)
 *fill*         0x0801a3bd        0x3 00
 .rodata.str1.4
                0x0801a3c0        0x4 /home/laurence/CodeSourcery/Sourcery_G++_Lite/bin/../lib/gcc/arm-none-eabi/4.5.2/../../../../arm-none-eabi/lib/thumb2/libm.a(lib_a-w_pow.o)
 .rodata.str1.4
                0x0801a3c4        0x5 /home/laurence/CodeSourcery/Sourcery_G++_Lite/bin/../lib/gcc/arm-none-eabi/4.5.2/../../../../arm-none-eabi/lib/thumb2/libm.a(lib_a-w_sqrt.o)
                                  0x8 (size before relaxing)
 *fill*         0x0801a3c9        0x3 00
 .rodata.str1.4
                0x0801a3cc        0x6 /home/laurence/CodeSourcery/Sourcery_G++_Lite/bin/../lib/gcc/arm-none-eabi/4.5.2/../../../../arm-none-eabi/lib/thumb2/libm.a(lib_a-wf_asin.o)
                                  0xc (size before relaxing)
 *fill*         0x0801a3d2        0x6 00
 .rodata        0x0801a3d8       0x30 /home/laurence/CodeSourcery/Sourcery_G++_Lite/bin/../lib/gcc/arm-none-eabi/4.5.2/../../../../arm-none-eabi/lib/thumb2/libm.a(lib_a-e_pow.o)
 .rodata.str1.4
                0x00000000        0x4 /home/laurence/CodeSourcery/Sourcery_G++_Lite/bin/../lib/gcc/arm-none-eabi/4.5.2/../../../../arm-none-eabi/lib/thumb2/libm.a(lib_a-e_pow.o)
 .rodata        0x0801a408      0x188 /home/laurence/CodeSourcery/Sourcery_G++_Lite/bin/../lib/gcc/arm-none-eabi/4.5.2/../../../../arm-none-eabi/lib/thumb2/libm.a(lib_a-e_rem_pio2.o)
 .rodata        0x0801a590       0x50 /home/laurence/CodeSourcery/Sourcery_G++_Lite/bin/../lib/gcc/arm-none-eabi/4.5.2/../../../../arm-none-eabi/lib/thumb2/libm.a(lib_a-k_rem_pio2.o)
 .rodata        0x0801a5e0       0x40 /home/laurence/CodeSourcery/Sourcery_G++_Lite/bin/../lib/gcc/arm-none-eabi/4.5.2/../../../../arm-none-eabi/lib/thumb2/libm.a(lib_a-s_atan.o)
 .rodata        0x0801a620       0x10 /home/laurence/CodeSourcery/Sourcery_G++_Lite/bin/../lib/gcc/arm-none-eabi/4.5.2/../../../../arm-none-eabi/lib/thumb2/libm.a(lib_a-s_rint.o)
 .rodata        0x0801a630       0x20 /home/laurence/CodeSourcery/Sourcery_G++_Lite/bin/../lib/gcc/arm-none-eabi/4.5.2/../../../../arm-none-eabi/lib/thumb2/libm.a(lib_a-sf_atan.o)
 .rodata.str1.4
                0x0801a650        0x4 /home/laurence/CodeSourcery/Sourcery_G++_Lite/bin/../lib/gcc/arm-none-eabi/4.5.2/../../../../arm-none-eabi/lib/thumb2/libc.a(lib_a-impure.o)
 *(.ARM.extab* .gnu.linkonce.armextab.*)
 *(.gcc_except_table)
 *(.eh_frame_hdr)
 *(.eh_frame)
                0x0801a654                . = ALIGN (0x4)
 *(.init)
 .init          0x0801a654        0x4 /home/laurence/CodeSourcery/Sourcery_G++_Lite/bin/../lib/gcc/arm-none-eabi/4.5.2/thumb2/crti.o
                0x0801a654                _init
 .init          0x0801a658        0x8 /home/laurence/CodeSourcery/Sourcery_G++_Lite/bin/../lib/gcc/arm-none-eabi/4.5.2/thumb2/crtn.o
                0x0801a660                . = ALIGN (0x4)
                0x0801a660                __preinit_array_start = .
 *(.preinit_array)
                0x0801a660                __preinit_array_end = .
                0x0801a660                . = ALIGN (0x4)
                0x0801a660                __init_array_start = .
 *(SORT(.init_array.*))
 *(.init_array)
 .init_array    0x0801a660        0x4 /home/laurence/CodeSourcery/Sourcery_G++_Lite/bin/../lib/gcc/arm-none-eabi/4.5.2/thumb2/crtbegin.o
 .init_array    0x0801a664        0x4 Util/RF22/ctocpp.o
                0x0801a668                __init_array_end = .
                0x0801a668                . = ALIGN (0x4)
 *crtbegin.o(.ctors)
 *(EXCLUDE_FILE(*crtend.o) .ctors)
 *(SORT(.ctors.*))
 *crtend.o(.ctors)
                0x0801a668                . = ALIGN (0x4)
 *(.fini)
 .fini          0x0801a668        0x4 /home/laurence/CodeSourcery/Sourcery_G++_Lite/bin/../lib/gcc/arm-none-eabi/4.5.2/thumb2/crti.o
                0x0801a668                _fini
 .fini          0x0801a66c        0x8 /home/laurence/CodeSourcery/Sourcery_G++_Lite/bin/../lib/gcc/arm-none-eabi/4.5.2/thumb2/crtn.o
                0x0801a674                . = ALIGN (0x4)
                0x0801a674                __fini_array_start = .
 *(.fini_array)
 .fini_array    0x0801a674        0x4 /home/laurence/CodeSourcery/Sourcery_G++_Lite/bin/../lib/gcc/arm-none-eabi/4.5.2/thumb2/crtbegin.o
 *(SORT(.fini_array.*))
                0x0801a678                __fini_array_end = .
 *crtbegin.o(.dtors)
 *(EXCLUDE_FILE(*crtend.o) .dtors)
 *(SORT(.dtors.*))
 *crtend.o(.dtors)
                0x0801a678                . = ALIGN (0x4)
                0x0801a678                __cs3_regions = .
                0x0801a678        0x4 LONG 0x0
                0x0801a67c        0x4 LONG 0x801a698 __cs3_region_init_ram
                0x0801a680        0x4 LONG 0x20000000 __cs3_region_start_ram
                0x0801a684        0x4 LONG 0x688 __cs3_region_init_size_ram
                0x0801a688        0x4 LONG 0x1b90 __cs3_region_zero_size_ram
                0x0801a68c                __exidx_start = .

.v4_bx          0x0801a68c        0x0
 .v4_bx         0x00000000        0x0 linker stubs

.ARM.exidx      0x0801a68c        0x8
 *(.ARM.exidx* .gnu.linkonce.armexidx.*)
 .ARM.exidx     0x0801a68c        0x8 /home/laurence/CodeSourcery/Sourcery_G++_Lite/bin/../lib/gcc/arm-none-eabi/4.5.2/thumb2/libgcc.a(_divdi3.o)
 .ARM.exidx     0x0801a694        0x0 /home/laurence/CodeSourcery/Sourcery_G++_Lite/bin/../lib/gcc/arm-none-eabi/4.5.2/thumb2/libgcc.a(_udivdi3.o)
                                  0x8 (size before relaxing)
                0x0801a694                __exidx_end = .

.text.align     0x0801a694        0x4
                0x0801a698                . = ALIGN (0x8)
 *fill*         0x0801a694        0x4 00
                0x0801a698                _etext = .
                0x08020000                __cs3_region_end_rom = (__cs3_region_start_rom + 0x20000)
                0x00020000                __cs3_region_size_rom = 0x20000
                0x00000001                __cs3_region_num = 0x1

.data           0x20000000      0x688 load address 0x0801a698
                0x20000000                __cs3_region_start_ram = .
 *(.cs3.region-head.ram)
 *(.jcr)
 .jcr           0x20000000        0x0 /home/laurence/CodeSourcery/Sourcery_G++_Lite/bin/../lib/gcc/arm-none-eabi/4.5.2/thumb2/crtbegin.o
 .jcr           0x20000000        0x4 /home/laurence/CodeSourcery/Sourcery_G++_Lite/bin/../lib/gcc/arm-none-eabi/4.5.2/thumb2/crtend.o
 *(.got.plt)
 *(.got)
 *(.shdata)
 *(.data .data.* .gnu.linkonce.d.*)
 .data          0x20000004        0x1 Util/Fatfs/sd_spi_stm32.o
 *fill*         0x20000005        0x3 00
 .data          0x20000008       0x28 Util/uavtalk.o
                0x20000008                UAVtalk_conf
 .data          0x20000030       0x78 i2c_int.o
                0x20000030                I2C_jobs
 .data          0x200000a8        0x1 main.o
                0x200000a8                Spi_Locked
 *fill*         0x200000a9        0x3 00
 .data          0x200000ac        0x4 Control/ekf.o
                0x200000ac                Ge
 .data          0x200000b0       0xb4 Control/imu.o
 .data          0x20000164       0x14 lib/STM32F10x_StdPeriph_Driver/libstm32fw.a(stm32f10x_rcc.o)
 .data          0x20000178        0x1 /home/laurence/CodeSourcery/Sourcery_G++_Lite/bin/../lib/gcc/arm-none-eabi/4.5.2/../../../../arm-none-eabi/lib/thumb2/libm.a(lib_a-s_lib_ver.o)
                0x20000178                __fdlib_version
 *fill*         0x20000179        0x3 00
 .data          0x2000017c       0xf4 /home/laurence/CodeSourcery/Sourcery_G++_Lite/bin/../lib/gcc/arm-none-eabi/4.5.2/../../../../arm-none-eabi/lib/thumb2/libc.a(lib_a-impure.o)
                0x2000017c                _impure_ptr
 .data          0x20000270      0x410 /home/laurence/CodeSourcery/Sourcery_G++_Lite/bin/../lib/gcc/arm-none-eabi/4.5.2/../../../../arm-none-eabi/lib/thumb2/libc.a(lib_a-mallocr.o)
                0x20000270                __malloc_av_
                0x20000678                __malloc_sbrk_base
                0x2000067c                __malloc_trim_threshold
 .data          0x20000680        0x4 /home/laurence/CodeSourcery/Sourcery_G++_Lite/bin/../lib/gcc/arm-none-eabi/4.5.2/../../../../arm-none-eabi/lib/thumb2/libcs3unhosted.a(unhosted-sbrk.o)
 .data          0x20000684        0x4 /home/laurence/CodeSourcery/Sourcery_G++_Lite/bin/../lib/gcc/arm-none-eabi/4.5.2/../../../../arm-none-eabi/lib/thumb2/libcs3.a(heap.o)
                0x20000684                __cs3_heap_limit
 *(.ram)
                0x20000688                . = ALIGN (0x8)
                0x20000688                _edata = .

.bss            0x20000688     0x1b90 load address 0x0801ad20
 *(.shbss)
 *(.bss .bss.* .gnu.linkonce.b.*)
 .bss           0x20000688        0x1 /home/laurence/CodeSourcery/Sourcery_G++_Lite/bin/../lib/gcc/arm-none-eabi/4.5.2/thumb2/crtbegin.o
 *fill*         0x20000689        0x1 00
 .bss           0x2000068a       0x20 Sensors/accel_down.o
                0x200006a4                Accel_Data_Buffer
 *fill*         0x200006aa        0x2 00
 .bss           0x200006ac       0x28 Sensors/bmp085.o
                0x200006ac                Sea_Level_Pressure
                0x200006b0                Our_Sensorcal
                0x200006c8                Bmp_temp
                0x200006cc                Bmp_Temp_Buffer
                0x200006d0                Bmp_Press_Buffer
 .bss           0x200006d4        0xc Sensors/earth_field.o
 .bss           0x200006e0        0x4 Sensors/pitot.o
                0x200006e0                Pitot_Pressure
 .bss           0x200006e4        0xa Sensors/ubx.o
 *fill*         0x200006ee        0x2 00
 .bss           0x200006f0        0x8 Util/Fatfs/ff.o
 .bss           0x200006f8       0x10 Util/Fatfs/sd_spi_stm32.o
 .bss           0x20000708        0x8 Util/RF22/RF22.o
                0x20000708                _ZN4RF2217_RF22ForInterruptE
 .bss           0x20000710       0x3b Util/RF22/RF22Mesh.o
                0x20000710                _ZN8RF22Mesh11_tmpMessageE
 .bss           0x2000074b       0x40 Util/RF22/RF22Router.o
                0x2000074b                _ZN10RF22Router11_tmpMessageE
 *fill*         0x2000078b        0x1 00
 .bss           0x2000078c      0x180 Util/RF22/ctocpp.o
                0x2000078c                rf22
 .bss           0x2000090c       0x84 Util/rprintf.o
 .bss           0x20000990       0x60 Util/uavtalk.o
                0x2000099c                UAVtalk_semaphores
                0x200009a8                UAVtalk_pointers
                0x200009d4                UAVtalk_stream_timers
 .bss           0x200009f0       0x10 i2c_int.o
                0x200009f0                I2C1error
                0x200009f2                job
                0x200009f4                Jobs
                0x200009fc                Completed_Jobs
 .bss           0x20000a00        0x8 interrupts.o
 .bss           0x20000a08      0xa30 main.o
                0x20000a08                Gps_Buffer
                0x20000b10                Usart1tx
                0x20000c18                Si4432_buff
                0x20000d20                Millis
                0x20000d24                Gps
                0x20000d57                Home_Position
                0x20000da4                Long_To_Meters_Home
                0x20000fd8                f_err_code
                0x20000fdc                FATFS_logfile
                0x20001200                Si4432_connected
                0x20001201                Kalman_Enabled
                0x20001204                UAVtalk_Attitude_Array
                0x20001220                Position_Actual
                0x2000122c                Velocity_Actual
                0x20001238                UAVtalk_Altitude_Array
                0x20001244                Waypoint_Global
                0x20001250                Battery_State
                0x20001268                Flight_Status
                0x2000126a                GPS_Position
                0x20001290                uavtalk_usart_port
                0x2000132a                New_Waypoint_Flagged
                0x2000132b                Nav_Flag
                0x2000132c                Nav_Global
                0x20001360                uavtalk_si4432_port
                0x200013fa                Ground_Flag
                0x200013fc                Balt
                0x20001400                GCS_Telem
                0x20001415                Flight_Telem
                0x2000142c                quickdebug
 .bss           0x20001438       0x1a pwm.o
                0x20001438                TIM_TimeBaseStructure
                0x20001442                TIM_OCInitStructure
 .bss           0x20001452      0x104 usart.o
                0x20001452                Usart1_rx_buff
 *fill*         0x20001556        0x2 00
 .bss           0x20001558      0xbf8 Control/ekf.o
                0x20001558                Be
                0x20001564                P
                0x20001808                X
                0x2000183c                Q
                0x20001860                R
                0x20001888                F
                0x20001b2c                G
                0x20001d00                K
                0x20001f08                Nav
                0x20001f3c                H
                0x20002144                zeros
 .bss           0x20002150       0x8c Control/imu.o
                0x20002150                Gyro_Data_Buffer
                0x20002158                Accel_Access_Flag
                0x20002168                Accel_Data_Vector
                0x200021b0                Magno_Data_Buffer
 .bss           0x200021dc       0x34 /home/laurence/CodeSourcery/Sourcery_G++_Lite/bin/../lib/gcc/arm-none-eabi/4.5.2/../../../../arm-none-eabi/lib/thumb2/libc.a(lib_a-mallocr.o)
                0x200021dc                __malloc_top_pad
                0x200021e0                __malloc_current_mallinfo
                0x20002208                __malloc_max_sbrked_mem
                0x2000220c                __malloc_max_total_mem
 *(COMMON)
 COMMON         0x20002210        0x4 /home/laurence/CodeSourcery/Sourcery_G++_Lite/bin/../lib/gcc/arm-none-eabi/4.5.2/../../../../arm-none-eabi/lib/thumb2/libc.a(lib_a-reent.o)
                0x20002210                errno
 *(.ram.b)
                0x20002218                . = ALIGN (0x8)
 *fill*         0x20002214        0x4 00
                0x20002218                _end = .
                0x20002218                __end = .
                0x20005000                __cs3_region_end_ram = (__cs3_region_start_ram + 0x5000)
                0x00005000                __cs3_region_size_ram = 0x5000
                0x0801a698                __cs3_region_init_ram = LOADADDR (.data)
                0x00000688                __cs3_region_init_size_ram = (_edata - ADDR (.data))
                0x00001b90                __cs3_region_zero_size_ram = (_end - _edata)
                0x00000001                __cs3_region_num = 0x1

.stab
 *(.stab)

.stabstr
 *(.stabstr)

.debug
 *(.debug)

.line
 *(.line)

.debug_srcinfo
 *(.debug_srcinfo)

.debug_sfnames
 *(.debug_sfnames)

.debug_aranges
 *(.debug_aranges)

.debug_pubnames
 *(.debug_pubnames)

.debug_info
 *(.debug_info .gnu.linkonce.wi.*)

.debug_abbrev
 *(.debug_abbrev)

.debug_line
 *(.debug_line)

.comment        0x00000000       0x2a
 .comment       0x00000000       0x2a Sensors/accel_down.o
                                 0x2b (size before relaxing)
 .comment       0x00000000       0x2b Sensors/bmp085.o
 .comment       0x00000000       0x2b Sensors/earth_field.o
 .comment       0x00000000       0x2b Sensors/pitot.o
 .comment       0x00000000       0x2b Sensors/sensorcal.o
 .comment       0x00000000       0x2b Sensors/ubx.o
 .comment       0x00000000       0x2b Util/Fatfs/fattime.o
 .comment       0x00000000       0x2b Util/Fatfs/ff.o
 .comment       0x00000000       0x2b Util/Fatfs/rtc.o
 .comment       0x00000000       0x2b Util/Fatfs/sd_spi_stm32.o
 .comment       0x00000000       0x2b Util/RF22/RF22.o
 .comment       0x00000000       0x2b Util/RF22/RF22Datagram.o
 .comment       0x00000000       0x2b Util/RF22/RF22Mesh.o
 .comment       0x00000000       0x2b Util/RF22/RF22ReliableDatagram.o
 .comment       0x00000000       0x2b Util/RF22/RF22Router.o
 .comment       0x00000000       0x2b Util/RF22/ctocpp.o
 .comment       0x00000000       0x2b Util/atmospherics.o
 .comment       0x00000000       0x2b Util/coords.o
 .comment       0x00000000       0x2b Util/crc.o
 .comment       0x00000000       0x2b Util/delay.o
 .comment       0x00000000       0x2b Util/gravity.o
 .comment       0x00000000       0x2b Util/rprintf.o
 .comment       0x00000000       0x2b Util/time.o
 .comment       0x00000000       0x2b Util/uavobjconv.o
 .comment       0x00000000       0x2b Util/uavtalk.o
 .comment       0x00000000       0x2b adc.o
 .comment       0x00000000       0x2b dma.o
 .comment       0x00000000       0x2b gpio.o
 .comment       0x00000000       0x2b i2c_int.o
 .comment       0x00000000       0x2b interrupts.o
 .comment       0x00000000       0x2b lib/CMSIS_CM3/core_cm3.o
 .comment       0x00000000       0x2b lib/CMSIS_CM3/system_stm32f10x.o
 .comment       0x00000000       0x2b main.o
 .comment       0x00000000       0x2b pwm.o
 .comment       0x00000000       0x2b usart.o
 .comment       0x00000000       0x2b watchdog.o
 .comment       0x00000000       0x2b Control/ekf.o
 .comment       0x00000000       0x2b Control/imu.o
 .comment       0x00000000       0x2b Control/loops.o
 .comment       0x00000000       0x2b Control/servos.o
 .comment       0x00000000       0x2b lib/STM32F10x_StdPeriph_Driver/libstm32fw.a(misc.o)
 .comment       0x00000000       0x2b lib/STM32F10x_StdPeriph_Driver/libstm32fw.a(stm32f10x_adc.o)
 .comment       0x00000000       0x2b lib/STM32F10x_StdPeriph_Driver/libstm32fw.a(stm32f10x_bkp.o)
 .comment       0x00000000       0x2b lib/STM32F10x_StdPeriph_Driver/libstm32fw.a(stm32f10x_dma.o)
 .comment       0x00000000       0x2b lib/STM32F10x_StdPeriph_Driver/libstm32fw.a(stm32f10x_exti.o)
 .comment       0x00000000       0x2b lib/STM32F10x_StdPeriph_Driver/libstm32fw.a(stm32f10x_gpio.o)
 .comment       0x00000000       0x2b lib/STM32F10x_StdPeriph_Driver/libstm32fw.a(stm32f10x_i2c.o)
 .comment       0x00000000       0x2b lib/STM32F10x_StdPeriph_Driver/libstm32fw.a(stm32f10x_iwdg.o)
 .comment       0x00000000       0x2b lib/STM32F10x_StdPeriph_Driver/libstm32fw.a(stm32f10x_pwr.o)
 .comment       0x00000000       0x2b lib/STM32F10x_StdPeriph_Driver/libstm32fw.a(stm32f10x_rcc.o)
 .comment       0x00000000       0x2b lib/STM32F10x_StdPeriph_Driver/libstm32fw.a(stm32f10x_rtc.o)
 .comment       0x00000000       0x2b lib/STM32F10x_StdPeriph_Driver/libstm32fw.a(stm32f10x_spi.o)
 .comment       0x00000000       0x2b lib/STM32F10x_StdPeriph_Driver/libstm32fw.a(stm32f10x_tim.o)
 .comment       0x00000000       0x2b lib/STM32F10x_StdPeriph_Driver/libstm32fw.a(stm32f10x_usart.o)

.debug_frame    0x00000000      0xa44
 *(.debug_frame)
 .debug_frame   0x00000000       0x30 /home/laurence/CodeSourcery/Sourcery_G++_Lite/bin/../lib/gcc/arm-none-eabi/4.5.2/../../../../arm-none-eabi/lib/thumb2/libm.a(lib_a-s_cos.o)
 .debug_frame   0x00000030       0x34 /home/laurence/CodeSourcery/Sourcery_G++_Lite/bin/../lib/gcc/arm-none-eabi/4.5.2/../../../../arm-none-eabi/lib/thumb2/libm.a(lib_a-s_floor.o)
 .debug_frame   0x00000064       0x30 /home/laurence/CodeSourcery/Sourcery_G++_Lite/bin/../lib/gcc/arm-none-eabi/4.5.2/../../../../arm-none-eabi/lib/thumb2/libm.a(lib_a-s_sin.o)
 .debug_frame   0x00000094       0x34 /home/laurence/CodeSourcery/Sourcery_G++_Lite/bin/../lib/gcc/arm-none-eabi/4.5.2/../../../../arm-none-eabi/lib/thumb2/libm.a(lib_a-w_asin.o)
 .debug_frame   0x000000c8       0x20 /home/laurence/CodeSourcery/Sourcery_G++_Lite/bin/../lib/gcc/arm-none-eabi/4.5.2/../../../../arm-none-eabi/lib/thumb2/libm.a(lib_a-w_atan2.o)
 .debug_frame   0x000000e8       0x3c /home/laurence/CodeSourcery/Sourcery_G++_Lite/bin/../lib/gcc/arm-none-eabi/4.5.2/../../../../arm-none-eabi/lib/thumb2/libm.a(lib_a-w_pow.o)
 .debug_frame   0x00000124       0x38 /home/laurence/CodeSourcery/Sourcery_G++_Lite/bin/../lib/gcc/arm-none-eabi/4.5.2/../../../../arm-none-eabi/lib/thumb2/libm.a(lib_a-w_sqrt.o)
 .debug_frame   0x0000015c       0x30 /home/laurence/CodeSourcery/Sourcery_G++_Lite/bin/../lib/gcc/arm-none-eabi/4.5.2/../../../../arm-none-eabi/lib/thumb2/libm.a(lib_a-wf_asin.o)
 .debug_frame   0x0000018c       0x20 /home/laurence/CodeSourcery/Sourcery_G++_Lite/bin/../lib/gcc/arm-none-eabi/4.5.2/../../../../arm-none-eabi/lib/thumb2/libm.a(lib_a-wf_atan2.o)
 .debug_frame   0x000001ac       0x3c /home/laurence/CodeSourcery/Sourcery_G++_Lite/bin/../lib/gcc/arm-none-eabi/4.5.2/../../../../arm-none-eabi/lib/thumb2/libm.a(lib_a-e_asin.o)
 .debug_frame   0x000001e8       0x3c /home/laurence/CodeSourcery/Sourcery_G++_Lite/bin/../lib/gcc/arm-none-eabi/4.5.2/../../../../arm-none-eabi/lib/thumb2/libm.a(lib_a-e_atan2.o)
 .debug_frame   0x00000224       0x3c /home/laurence/CodeSourcery/Sourcery_G++_Lite/bin/../lib/gcc/arm-none-eabi/4.5.2/../../../../arm-none-eabi/lib/thumb2/libm.a(lib_a-e_pow.o)
 .debug_frame   0x00000260       0x3c /home/laurence/CodeSourcery/Sourcery_G++_Lite/bin/../lib/gcc/arm-none-eabi/4.5.2/../../../../arm-none-eabi/lib/thumb2/libm.a(lib_a-e_rem_pio2.o)
 .debug_frame   0x0000029c       0x34 /home/laurence/CodeSourcery/Sourcery_G++_Lite/bin/../lib/gcc/arm-none-eabi/4.5.2/../../../../arm-none-eabi/lib/thumb2/libm.a(lib_a-e_sqrt.o)
 .debug_frame   0x000002d0       0x34 /home/laurence/CodeSourcery/Sourcery_G++_Lite/bin/../lib/gcc/arm-none-eabi/4.5.2/../../../../arm-none-eabi/lib/thumb2/libm.a(lib_a-ef_asin.o)
 .debug_frame   0x00000304       0x30 /home/laurence/CodeSourcery/Sourcery_G++_Lite/bin/../lib/gcc/arm-none-eabi/4.5.2/../../../../arm-none-eabi/lib/thumb2/libm.a(lib_a-ef_atan2.o)