Archive member included because of file (symbol)

lib/STM32F10x_StdPeriph_Driver/libstm32fw.a(misc.o)
                              interrupts.o (NVIC_PriorityGroupConfig)
lib/STM32F10x_StdPeriph_Driver/libstm32fw.a(stm32f10x_bkp.o)
                              Util/Fatfs/rtc.o (BKP_WriteBackupRegister)
lib/STM32F10x_StdPeriph_Driver/libstm32fw.a(stm32f10x_dma.o)
                              dma.o (DMA_DeInit)
lib/STM32F10x_StdPeriph_Driver/libstm32fw.a(stm32f10x_exti.o)
                              interrupts.o (EXTI_Init)
lib/STM32F10x_StdPeriph_Driver/libstm32fw.a(stm32f10x_gpio.o)
                              Util/Fatfs/sd_spi_stm32.o (GPIO_Init)
lib/STM32F10x_StdPeriph_Driver/libstm32fw.a(stm32f10x_i2c.o)
                              i2c_int.o (I2C_Cmd)
lib/STM32F10x_StdPeriph_Driver/libstm32fw.a(stm32f10x_iwdg.o)
                              watchdog.o (IWDG_WriteAccessCmd)
lib/STM32F10x_StdPeriph_Driver/libstm32fw.a(stm32f10x_pwr.o)
                              Util/Fatfs/rtc.o (PWR_BackupAccessCmd)
lib/STM32F10x_StdPeriph_Driver/libstm32fw.a(stm32f10x_rcc.o)
                              Util/Fatfs/rtc.o (RCC_LSEConfig)
lib/STM32F10x_StdPeriph_Driver/libstm32fw.a(stm32f10x_rtc.o)
                              Util/Fatfs/rtc.o (RTC_GetCounter)
lib/STM32F10x_StdPeriph_Driver/libstm32fw.a(stm32f10x_spi.o)
                              Util/Fatfs/sd_spi_stm32.o (SPI_Init)
lib/STM32F10x_StdPeriph_Driver/libstm32fw.a(stm32f10x_tim.o)
                              pwm.o (TIM_TimeBaseInit)
lib/STM32F10x_StdPeriph_Driver/libstm32fw.a(stm32f10x_usart.o)
                              usart.o (USART_Cmd)
/home/laurence/CodeSourcery/Sourcery_G++_Lite/bin/../lib/gcc/arm-none-eabi/4.5.2/../../../../arm-none-eabi/lib/thumb2/libm.a(lib_a-s_cos.o)
                              Sensors/earth_field.o (cos)
/home/laurence/CodeSourcery/Sourcery_G++_Lite/bin/../lib/gcc/arm-none-eabi/4.5.2/../../../../arm-none-eabi/lib/thumb2/libm.a(lib_a-s_floor.o)
                              Util/RF22/RF22.o (floor)
/home/laurence/CodeSourcery/Sourcery_G++_Lite/bin/../lib/gcc/arm-none-eabi/4.5.2/../../../../arm-none-eabi/lib/thumb2/libm.a(lib_a-s_sin.o)
                              Sensors/earth_field.o (sin)
/home/laurence/CodeSourcery/Sourcery_G++_Lite/bin/../lib/gcc/arm-none-eabi/4.5.2/../../../../arm-none-eabi/lib/thumb2/libm.a(lib_a-w_asin.o)
                              Sensors/earth_field.o (asin)
/home/laurence/CodeSourcery/Sourcery_G++_Lite/bin/../lib/gcc/arm-none-eabi/4.5.2/../../../../arm-none-eabi/lib/thumb2/libm.a(lib_a-w_atan2.o)
                              Sensors/earth_field.o (atan2)
/home/laurence/CodeSourcery/Sourcery_G++_Lite/bin/../lib/gcc/arm-none-eabi/4.5.2/../../../../arm-none-eabi/lib/thumb2/libm.a(lib_a-w_pow.o)
                              Sensors/bmp085.o (pow)
/home/laurence/CodeSourcery/Sourcery_G++_Lite/bin/../lib/gcc/arm-none-eabi/4.5.2/../../../../arm-none-eabi/lib/thumb2/libm.a(lib_a-w_sqrt.o)
                              Sensors/earth_field.o (sqrt)
/home/laurence/CodeSourcery/Sourcery_G++_Lite/bin/../lib/gcc/arm-none-eabi/4.5.2/../../../../arm-none-eabi/lib/thumb2/libm.a(lib_a-wf_asin.o)
                              Util/coords.o (asinf)
/home/laurence/CodeSourcery/Sourcery_G++_Lite/bin/../lib/gcc/arm-none-eabi/4.5.2/../../../../arm-none-eabi/lib/thumb2/libm.a(lib_a-wf_atan2.o)
                              Util/coords.o (atan2f)
/home/laurence/CodeSourcery/Sourcery_G++_Lite/bin/../lib/gcc/arm-none-eabi/4.5.2/../../../../arm-none-eabi/lib/thumb2/libm.a(lib_a-e_asin.o)
                              /home/laurence/CodeSourcery/Sourcery_G++_Lite/bin/../lib/gcc/arm-none-eabi/4.5.2/../../../../arm-none-eabi/lib/thumb2/libm.a(lib_a-w_asin.o) (__ieee754_asin)
/home/laurence/CodeSourcery/Sourcery_G++_Lite/bin/../lib/gcc/arm-none-eabi/4.5.2/../../../../arm-none-eabi/lib/thumb2/libm.a(lib_a-e_atan2.o)
                              /home/laurence/CodeSourcery/Sourcery_G++_Lite/bin/../lib/gcc/arm-none-eabi/4.5.2/../../../../arm-none-eabi/lib/thumb2/libm.a(lib_a-w_atan2.o) (__ieee754_atan2)
/home/laurence/CodeSourcery/Sourcery_G++_Lite/bin/../lib/gcc/arm-none-eabi/4.5.2/../../../../arm-none-eabi/lib/thumb2/libm.a(lib_a-e_pow.o)
                              /home/laurence/CodeSourcery/Sourcery_G++_Lite/bin/../lib/gcc/arm-none-eabi/4.5.2/../../../../arm-none-eabi/lib/thumb2/libm.a(lib_a-w_pow.o) (__ieee754_pow)
/home/laurence/CodeSourcery/Sourcery_G++_Lite/bin/../lib/gcc/arm-none-eabi/4.5.2/../../../../arm-none-eabi/lib/thumb2/libm.a(lib_a-e_rem_pio2.o)
                              /home/laurence/CodeSourcery/Sourcery_G++_Lite/bin/../lib/gcc/arm-none-eabi/4.5.2/../../../../arm-none-eabi/lib/thumb2/libm.a(lib_a-s_cos.o) (__ieee754_rem_pio2)
/home/laurence/CodeSourcery/Sourcery_G++_Lite/bin/../lib/gcc/arm-none-eabi/4.5.2/../../../../arm-none-eabi/lib/thumb2/libm.a(lib_a-e_sqrt.o)
[...]
Memory Configuration

Name             Origin             Length             Attributes
ram              0x20000000         0x00005000         xrw
rom              0x08000000         0x00020000         xr
*default*        0x00000000         0xffffffff

Linker script and memory map

LOAD /home/laurence/CodeSourcery/Sourcery_G++_Lite/bin/../lib/gcc/arm-none-eabi/4.5.2/thumb2/crti.o
LOAD /home/laurence/CodeSourcery/Sourcery_G++_Lite/bin/../lib/gcc/arm-none-eabi/4.5.2/thumb2/crtbegin.o
LOAD Sensors/accel_down.o
LOAD Sensors/bmp085.o
LOAD Sensors/earth_field.o
LOAD Sensors/pitot.o
LOAD Sensors/sensorcal.o
LOAD Sensors/ubx.o
LOAD Util/Fatfs/fattime.o
LOAD Util/Fatfs/ff.o
LOAD Util/Fatfs/rtc.o
LOAD Util/Fatfs/sd_spi_stm32.o
LOAD Util/RF22/RF22.o
LOAD Util/RF22/RF22Datagram.o
LOAD Util/RF22/RF22Mesh.o
LOAD Util/RF22/RF22ReliableDatagram.o
LOAD Util/RF22/RF22Router.o
LOAD Util/RF22/ctocpp.o
LOAD Util/atmospherics.o
LOAD Util/coords.o
LOAD Util/crc.o
LOAD Util/delay.o
LOAD Util/gravity.o
LOAD Util/rprintf.o
LOAD Util/time.o
LOAD Util/uavtalk.o
LOAD dma.o
LOAD gpio.o
LOAD i2c_int.o
LOAD interrupts.o
LOAD lib/CMSIS_CM3/core_cm3.o
LOAD lib/CMSIS_CM3/startup/gcc/startup_stm32f10x_md.o
LOAD lib/CMSIS_CM3/system_stm32f10x.o
LOAD main.o
LOAD pwm.o
LOAD usart.o
LOAD watchdog.o
LOAD Control/ekf.o
LOAD Control/imu.o
LOAD Control/loops.o
LOAD Control/servos.o
LOAD lib/STM32F10x_StdPeriph_Driver/libstm32fw.a
LOAD lib/STM32_USB-FS-Device_Driver/libstm32usb.a
LOAD /home/laurence/CodeSourcery/Sourcery_G++_Lite/bin/../lib/gcc/arm-none-eabi/4.5.2/../../../../arm-none-eabi/lib/thumb2/libm.a
START GROUP
LOAD /home/laurence/CodeSourcery/Sourcery_G++_Lite/bin/../lib/gcc/arm-none-eabi/4.5.2/thumb2/libgcc.a
LOAD /home/laurence/CodeSourcery/Sourcery_G++_Lite/bin/../lib/gcc/arm-none-eabi/4.5.2/../../../../arm-none-eabi/lib/thumb2/libc.a
END GROUP
LOAD /home/laurence/CodeSourcery/Sourcery_G++_Lite/bin/../lib/gcc/arm-none-eabi/4.5.2/thumb2/crtend.o
LOAD /home/laurence/CodeSourcery/Sourcery_G++_Lite/bin/../lib/gcc/arm-none-eabi/4.5.2/thumb2/crtn.o
START GROUP
LOAD /home/laurence/CodeSourcery/Sourcery_G++_Lite/bin/../lib/gcc/arm-none-eabi/4.5.2/thumb2/libgcc.a
LOAD /home/laurence/CodeSourcery/Sourcery_G++_Lite/bin/../lib/gcc/arm-none-eabi/4.5.2/../../../../arm-none-eabi/lib/thumb2/libc.a
LOAD /home/laurence/CodeSourcery/Sourcery_G++_Lite/bin/../lib/gcc/arm-none-eabi/4.5.2/../../../../arm-none-eabi/lib/thumb2/libcs3.a
LOAD /home/laurence/CodeSourcery/Sourcery_G++_Lite/bin/../lib/gcc/arm-none-eabi/4.5.2/../../../../arm-none-eabi/lib/thumb2/libcs3unhosted.a
LOAD lib/libcs3-lanchon-stm32.a
END GROUP
                0x20005000                PROVIDE (__cs3_stack, (__cs3_region_start_ram + __cs3_region_size_ram))
                0x20002190                PROVIDE (__cs3_heap_start, _end)
                0x20005000                PROVIDE (__cs3_heap_end, (__cs3_region_start_ram + __cs3_region_size_ram))

.text           0x08000000    0x1b9ec
 CREATE_OBJECT_SYMBOLS
                0x08000000                __cs3_region_start_rom = .
 *(.cs3.region-head.rom)
                0x08000000                __cs3_interrupt_vector = __cs3_interrupt_vector_lanchon_stm32
 *(.cs3.interrupt_vector)
 .cs3.interrupt_vector
                0x08000000       0xec lib/libcs3-lanchon-stm32.a(lanchon-stm32-vector.o)
                0x08000000                __cs3_interrupt_vector_lanchon_stm32
                0x08000001                ASSERT ((. != __cs3_interrupt_vector_lanchon_stm32), No interrupt vector)
 *(.rom)
 *(.rom.b)
                0x0801a40c                PROVIDE (__cs3_reset_lanchon_stm32, _start)
                0x0801a40c                __cs3_reset = __cs3_reset_lanchon_stm32
 *(.cs3.reset)
 *(.text .text.* .gnu.linkonce.t.*)
 .text          0x080000ec       0x30 /home/laurence/CodeSourcery/Sourcery_G++_Lite/bin/../lib/gcc/arm-none-eabi/4.5.2/thumb2/crtbegin.o
 .text          0x0800011c       0xc0 Sensors/accel_down.o
                0x0800011c                Accel_Downconvert
 *fill*         0x080001dc        0x4 00
 .text          0x080001e0      0x148 Sensors/bmp085.o
                0x080001e0                Bmp085_Convert
                0x0800029c                Baro_Convert_Pressure
                0x080002f0                flip_sensorcal
                0x08000306                flip_adc24
 .text          0x08000328     0x1920 Sensors/earth_field.o
                0x08000328                WMM_Initialize
                0x0800039c                WMM_ComputeSphericalHarmonicVariables
                0x08000474                WMM_RotateMagneticVector
                0x08000538                WMM_CalculateGeoMagneticElements
                0x08000600                WMM_CalculateSecularVariation
                0x08000718                WMM_PcupHigh
                0x08000bce                WMM_PcupLow
                0x08000f20                WMM_AssociatedLegendreFunction
                0x08000fac                WMM_get_secular_var_coeff_g
                0x08000fc4                WMM_get_main_field_coeff_g
                0x08001060                WMM_get_secular_var_coeff_h
                0x08001078                WMM_get_main_field_coeff_h
                0x08001114                WMM_SummationSpecial
                0x080012b4                WMM_Summation
                0x080014a4                WMM_SecVarSummationSpecial
                0x08001644                WMM_SecVarSummation
                0x080017e4                WMM_Geomag
                0x080018dc                WMM_DateToYear
                0x0800191c                WMM_GeodeticToSpherical
                0x08001a88                WMM_GetMagVector
 .text          0x08001c48       0x88 Sensors/pitot.o
                0x08001c48                Pitot_Conv
                0x08001c7c                Pitot_convert_Airspeed
 .text          0x08001cd0       0xf6 Sensors/sensorcal.o
                0x08001cd0                Calibrate_3
 *fill*         0x08001dc6        0x2 00
 .text          0x08001dc8      0x344 Sensors/ubx.o
                0x08001dc8                Gps_Process_Byte
                0x08001f4c                Get_UBX_Ack
                0x08001ff0                Config_Gps
 .text          0x0800210c       0x44 Util/Fatfs/fattime.o
                0x0800210c                get_fattime
 .text          0x08002150     0x1a60 Util/Fatfs/ff.o
                0x08002712                clust2sect
                0x0800272c                get_fat
                0x080028ae                put_fat
                0x08002e3a                f_mount
                0x08002e58                f_open
                0x08002fa4                f_read
                0x0800311c                f_write
                0x080032d2                f_sync
                0x08003384                f_close
                0x08003392                f_lseek
                0x080034f6                f_opendir
                0x0800355a                f_readdir
                0x080035ae                f_stat
                0x080035ee                f_getfree
                0x080036e0                f_truncate
                0x08003778                f_unlink
                0x08003828                f_mkdir
                0x080039ee                f_chmod
                0x08003a42                f_utime
                0x08003a9a                f_rename
 .text          0x08003bb0      0x2e0 Util/Fatfs/rtc.o
                0x08003c94                rtc_gettime
                0x08003d0c                my_RTC_SetCounter
                0x08003d2e                rtc_settime
                0x08003df8                rtc_init
 .text          0x08003e90      0x7c8 Util/Fatfs/sd_spi_stm32.o
                0x08004134                disk_initialize
                0x08004254                disk_status
                0x08004264                disk_read
                0x080042f0                disk_write
                0x0800439c                disk_ioctl
                0x0800461c                disk_timerproc
 .text          0x08004658      0x8bc Util/RF22/RF22.o
                0x08004658                _ZN4RF2223handleExternalInterruptEv
                0x0800465a                _ZN4RF2226handleWakeupTimerInterruptEv
                0x0800465c                _ZN4RF22C1Ehh
                0x0800465c                _ZN4RF22C2Ehh
                0x08004680                _ZN4RF227spiReadEh
                0x080046e0                _ZN4RF228spiWriteEhh
                0x08004740                _ZN4RF225resetEv
                0x08004756                _ZN4RF2212spiBurstReadEhPhh
                0x080047c8                _ZN4RF2213spiBurstWriteEhPhh
                0x08004830                _ZN4RF2210statusReadEv
                0x08004834                _ZN4RF227adcReadEhhhh
                0x08004872                _ZN4RF2215temperatureReadEhh
                0x0800489c                _ZN4RF227wutReadEv
                0x080048b6                _ZN4RF2212setWutPeriodEthh
                0x080048de                _ZN4RF2212setFrequencyEf
                0x080049b0                _ZN4RF2213setFHStepSizeEh
                0x080049d0                _ZN4RF2212setFHChannelEh
                0x080049f0                _ZN4RF228rssiReadEv
                0x080049f4                _ZN4RF2215ezmacStatusReadEv
                0x080049f8                _ZN4RF227setModeEh
                0x080049fe                _ZN4RF2211setModeIdleEv
                0x08004a12                _ZN4RF229setModeRxEv
                0x08004a2c                _ZN4RF229setModeTxEv
                0x08004a46                _ZN4RF2210setTxPowerEh
                0x08004a4c                _ZN4RF2217setModemRegistersEPNS_11ModemConfigE
                0x08004aa2                _ZN4RF2214setModemConfigENS_17ModemConfigChoiceE
                0x08004ac0                _ZN4RF2217setPreambleLengthEh
                0x08004ac6                _ZN4RF2212setSyncWordsEPhh
                0x08004ad6                _ZN4RF2210clearRxBufEv
                0x08004ae2                _ZN4RF229availableEv
                0x08004af0                _ZN4RF2213waitAvailableEv
                0x08004b00                _ZN4RF2220waitAvailableTimeoutEt
                0x08004b28                _ZN4RF2214waitPacketSentEv
                0x08004b32                _ZN4RF224recvEPhS0_
                0x08004b68                _ZN4RF2210clearTxBufEv
                0x08004b78                _ZN4RF2211appendTxBufEPhh
                0x08004ba8                _ZN4RF229fillTxBufEPhh
                0x08004bc0                _ZN4RF2216sendNextFragmentEv
                0x08004c02                _ZN4RF2213startTransmitEv
                0x08004c1e                _ZN4RF224sendEPhh
                0x08004c3e                _ZN4RF2216readNextFragmentEv
                0x08004c66                _ZN4RF2210resetFifosEv
                0x08004c7e                _ZN4RF2211resetRxFifoEv
                0x08004c96                _ZN4RF2215handleInterruptEv
                0x08004dac                _ZN4RF224isr1Ev
                0x08004dbc                _ZN4RF224isr0Ev
                0x08004dcc                _ZN4RF2211resetTxFifoEv
                0x08004de4                _ZN4RF2211setHeaderToEh
                0x08004dea                _ZN4RF2213setHeaderFromEh
                0x08004df0                _ZN4RF2211setHeaderIdEh
                0x08004df6                _ZN4RF2214setHeaderFlagsEh
                0x08004dfc                _ZN4RF228headerToEv
                0x08004e00                _ZN4RF2210headerFromEv
                0x08004e04                _ZN4RF228headerIdEv
                0x08004e08                _ZN4RF2211headerFlagsEv
                0x08004e0c                _ZN4RF228lastRssiEv
                0x08004e12                _ZN4RF2214setPromiscuousEb
                0x08004e1e                _ZN4RF224initEv
 .text          0x08004f14       0xcc Util/RF22/RF22Datagram.o
                0x08004f14                _ZN12RF22DatagramC1Ehhh
                0x08004f14                _ZN12RF22DatagramC2Ehhh
                0x08004f34                _ZN12RF22Datagram14setThisAddressEh
                0x08004f52                _ZN12RF22Datagram4initEv
                0x08004f6c                _ZN12RF22Datagram6sendtoEPhhh
                0x08004f88                _ZN12RF22Datagram8recvfromEPhS0_S0_S0_S0_S0_
 .text          0x08004fe0      0x3d8 Util/RF22/RF22Mesh.o
                0x08004fe0                _ZN8RF22Mesh17isPhysicalAddressEPhh
                0x08004ff8                _ZN8RF22Mesh5doArpEh
                0x08005088                _ZN8RF22Mesh5routeEPN10RF22Router13RoutedMessageEh
                0x080050f0                _ZN8RF22Mesh13peekAtMessageEPN10RF22Router13RoutedMessageEh
                0x0800516e                _ZN8RF22MeshC2Ehhh
                0x0800516e                _ZN8RF22MeshC1Ehhh
                0x08005184                _ZN8RF22Mesh10sendtoWaitEPhhh
                0x080051e0                _ZN8RF22Mesh11recvfromAckEPhS0_S0_S0_S0_S0_
                0x08005364                _ZN8RF22Mesh18recvfromAckTimeoutEPhS0_tS0_S0_S0_S0_
 .text          0x080053b8      0x274 Util/RF22/RF22ReliableDatagram.o
                0x080053b8                _ZN20RF22ReliableDatagramC2Ehhh
                0x080053b8                _ZN20RF22ReliableDatagramC1Ehhh
                0x080053e4                _ZN20RF22ReliableDatagram10setTimeoutEt
                0x080053ea                _ZN20RF22ReliableDatagram10setRetriesEh
                0x080053f0                _ZN20RF22ReliableDatagram15retransmissionsEv
                0x080053f6                _ZN20RF22ReliableDatagram11acknowledgeEhh
                0x08005422                _ZN20RF22ReliableDatagram11recvfromAckEPhS0_S0_S0_S0_S0_
                0x080054c2                _ZN20RF22ReliableDatagram18recvfromAckTimeoutEPhS0_tS0_S0_S0_S0_
                0x08005518                _ZN20RF22ReliableDatagram10sendtoWaitEPhhh
 .text          0x0800562c      0x300 Util/RF22/RF22Router.o
                0x0800562c                _ZN10RF22Router13peekAtMessageEPNS_13RoutedMessageEh
                0x0800562e                _ZN10RF22Router4initEv
                0x08005640                _ZN10RF22Router10setMaxHopsEh
                0x08005646                _ZN10RF22Router10getRouteToEh
                0x08005674                _ZN10RF22Router5routeEPNS_13RoutedMessageEh
                0x080056a6                _ZN10RF22Router11deleteRouteEh
                0x080056dc                _ZN10RF22Router13deleteRouteToEh
                0x08005702                _ZN10RF22Router17retireOldestRouteEv
                0x08005706                _ZN10RF22Router10addRouteToEhhh
                0x08005776                _ZN10RF22Router17clearRoutingTableEv
                0x08005786                _ZN10RF22RouterC2Ehhh
                0x08005786                _ZN10RF22RouterC1Ehhh
                0x080057a8                _ZN10RF22Router10sendtoWaitEPhhhh
                0x080057ec                _ZN10RF22Router10sendtoWaitEPhhh
                0x080057fa                _ZN10RF22Router11recvfromAckEPhS0_S0_S0_S0_S0_
                0x080058d8                _ZN10RF22Router18recvfromAckTimeoutEPhS0_tS0_S0_S0_S0_
 .text          0x0800592c       0x94 Util/RF22/ctocpp.o
                0x0800592c                RF22_Init
                0x08005938                RF22_Sendtowait
                0x08005954                RF22_recvfromAckTimeout
                0x0800597c                RF22_Reassign
                0x08005988                RF22_Service_ISR
                0x08005994                RF22_Sendto
 .text          0x080059c0       0xd8 Util/atmospherics.o
                0x080059c0                US_1976_Temperature
                0x08005a54                Air_Density
 .text          0x08005a98      0x918 Util/coords.o
                0x08005a98                LLA2ECEF
                0x08005bac                RneFromLLA
                0x08005c60                Quaternion2RPY
                0x08005d98                R2Quaternion
                0x08005f78                CrossProduct
                0x08005fd6                VectorMagnitude
                0x08006018                RotFrom2Vectors
                0x080061d8                quat_inverse
                0x080061f4                quat_copy
                0x0800620a                quat_mult
                0x08006314                rot_mult
 .text          0x080063b0       0x24 Util/crc.o
                0x080063b0                CRC_updateByte
                0x080063bc                CRC_updateCRC
 .text          0x080063d4       0x2c Util/delay.o
                0x080063d4                Delay
 .text          0x08006400       0xc8 Util/gravity.o
                0x08006400                Ge_From_Latitude
 .text          0x080064c8      0x568 Util/rprintf.o
                0x080064c8                rprintfInit
                0x080064d4                rprintfChar
                0x080064f0                rprintfStr
                0x08006506                rprintfStrLen
                0x0800653a                rprintfCRLF
                0x0800653e                rprintfu04
                0x08006548                rprintfu08
                0x0800655a                rprintfu16
                0x0800656c                rprintfu32
                0x0800657e                rprintfNum
                0x08006624                rprintfFloat
                0x080066dc                Isdigit
                0x080066ea                atoiRamRom
                0x08006710                rStrLen
                0x08006720                rprintf2RamRom
 .text          0x08006a30       0x20 Util/time.o
                0x08006a30                Set_RTC_From_GPS
 .text          0x08006a50      0x550 Util/uavtalk.o
                0x08006a50                UAVtalk_Register_Object
                0x08006a64                memchr_32
                0x08006a8e                UAVtalk_Process_Byte
                0x08006c18                UAVtalk_Generate_Packet
                0x08006da8                UAVtalk_Run_Streams
                0x08006e74                updateTelemetryStats
 .text          0x08006fa0      0x124 dma.o
                0x08006fa0                DMA_USART2_Configuration
                0x08006fe8                DMA_USART1_Configuration
                0x0800703c                Bytes_In_Buffer
                0x08007064                Get_From_Buffer
                0x08007094                Pop_From_Buffer
                0x080070b2                Flush_Buffer
 .text          0x080070c4      0x1d4 gpio.o
                0x080070c4                GPIO_Config_AF_Periferals
                0x08007118                MEMS_Status_Configuration
                0x08007150                GPS_IO_Configuration
                0x08007198                SPI_Control_Configuration
                0x08007200                Aux_Devices_Configuration
                0x08007258                All_IO_Configuration
                0x08007270                Get_MEMS_DRDY
 .text          0x08007298      0x59c i2c_int.o
                0x08007298                I2C1_ER_IRQHandler
                0x08007324                I2C1_Request_Job
                0x08007350                I2C1_EV_IRQHandler
                0x08007764                I2C1_Setup_Job
                0x08007778                I2C_Config
 .text          0x08007834      0x1d8 interrupts.o
                0x08007834                EXTI_Config
                0x08007900                EXTI9_5_IRQHandler
                0x08007968                EXTI15_10_IRQHandler
                0x08007988                EXTI4_IRQHandler
                0x080079f8                NMI_Handler
                0x080079fa                HardFault_Handler
                0x080079fc                MemManage_Handler
                0x080079fe                BusFault_Handler
                0x08007a00                UsageFault_Handler
                0x08007a02                SVC_Handler
                0x08007a04                DebugMon_Handler
                0x08007a06                PendSV_Handler
                0x08007a08                SysTick_Handler
 .text.Default_Handler
                0x08007a0c        0x2 lib/CMSIS_CM3/startup/gcc/startup_stm32f10x_md.o
                0x08007a0c                EXTI2_IRQHandler
                0x08007a0c                TIM1_CC_IRQHandler
                0x08007a0c                PVD_IRQHandler
                0x08007a0c                EXTI3_IRQHandler
                0x08007a0c                EXTI0_IRQHandler
                0x08007a0c                I2C2_EV_IRQHandler
                0x08007a0c                ADC1_2_IRQHandler
                0x08007a0c                SPI1_IRQHandler
                0x08007a0c                TAMPER_IRQHandler
                0x08007a0c                DMA1_Channel4_IRQHandler
                0x08007a0c                USART3_IRQHandler
                0x08007a0c                RTC_IRQHandler
                0x08007a0c                DMA1_Channel7_IRQHandler
                0x08007a0c                CAN1_RX1_IRQHandler
                0x08007a0c                TIM4_IRQHandler
                0x08007a0c                DMA1_Channel6_IRQHandler
                0x08007a0c                TIM3_IRQHandler
                0x08007a0c                RCC_IRQHandler
                0x08007a0c                TIM1_TRG_COM_IRQHandler
                0x08007a0c                DMA1_Channel1_IRQHandler
                0x08007a0c                Default_Handler
                0x08007a0c                SPI2_IRQHandler
                0x08007a0c                DMA1_Channel5_IRQHandler
                0x08007a0c                USB_LP_CAN1_RX0_IRQHandler
                0x08007a0c                USB_HP_CAN1_TX_IRQHandler
                0x08007a0c                DMA1_Channel3_IRQHandler
                0x08007a0c                TIM1_UP_IRQHandler
                0x08007a0c                WWDG_IRQHandler
                0x08007a0c                TIM2_IRQHandler
                0x08007a0c                TIM1_BRK_IRQHandler
                0x08007a0c                EXTI1_IRQHandler
                0x08007a0c                RTCAlarm_IRQHandler
                0x08007a0c                USART2_IRQHandler
                0x08007a0c                I2C2_ER_IRQHandler
                0x08007a0c                DMA1_Channel2_IRQHandler
                0x08007a0c                CAN1_SCE_IRQHandler
                0x08007a0c                FLASH_IRQHandler
                0x08007a0c                USBWakeUp_IRQHandler
 *fill*         0x08007a0e        0x2 00
 .text          0x08007a10       0xf4 lib/CMSIS_CM3/system_stm32f10x.o
                0x08007a10                SystemInit
 *fill*         0x08007b04        0x4 00
 .text          0x08007b08      0xce0 main.o
                0x08007b08                Initialisation
                0x08008528                main
 .text          0x080087e8      0x1d0 pwm.o
                0x080087e8                Timer_RCC_Configuration
                0x08008800                Init_Timers
                0x080088d0                Timer_GPIO_Enable
                0x08008908                Timer_GPIO_Disable
                0x08008940                PWM_Set
 .text          0x080089b8      0x22c usart.o
                0x080089b8                Default_Usart_Config
                0x080089c8                USART2_reconf
                0x08008a0c                Usarts_Init
                0x08008aac                usart1_send_data_dma
                0x08008ae8                usart1_disable_dma
                0x08008b04                Add_To_ISR_Buffer
                0x08008b14                USART1_IRQHandler
                0x08008b30                Get_From_ISR_Buffer
                0x08008b42                Bytes_In_ISR_Buffer
                0x08008b64                __usart_send_char
                0x08008b80                Usart_Send_Str
                0x08008b98                __gps_send_char
                0x08008bb4                Gps_Send_Str
                0x08008bcc                Gps_Send_Utf8
 .text          0x08008be4       0x3c watchdog.o
                0x08008be4                Watchdog_Config
                0x08008c0e                Watchdog_Reset_Detect
 .text          0x08008c20     0x8890 Control/ekf.o
                0x08008c20                ins_get_num_states
                0x08008c24                INSGPSInit
                0x08008d50                INSResetP
                0x08008d98                INSResetRGPS
                0x08008dc4                INSSetState
                0x08008e28                INSPosVelReset
                0x08008eb0                INSSetPosVelVar
                0x08008ecc                INSSetGyroBias
                0x08008ee8                INSSetAccelVar
                0x08008f04                INSSetGyroVar
                0x08008f20                INSSetMagVar
                0x08008f3c                INSSetMagNorth
                0x08008f54                INSSetGravity
                0x08008f60                CovariancePrediction
                0x080102aa                INSCovariancePrediction
                0x080102d0                SerialUpdate
                0x08010428                StateEq
                0x080106fc                RungeKutta
                0x08010824                LinearizeFG
                0x08010c98                MeasurementEq
                0x08010e56                LinearizeH
                0x08011120                INSCorrection
                0x080112d0                VelBaroCorrection
                0x080112ec                GpsMagCorrection
                0x08011304                FullCorrection
                0x08011312                GpsBaroCorrection
                0x08011330                MagVelBaroCorrection
                0x0801134c                MagCorrection
                0x0801136c                INSStatePrediction
 .text          0x080114b0      0x968 Control/imu.o
                0x080114b0                run_imu
 .text          0x08011e18       0x64 Control/loops.o
                0x08011e18                Run_PID
                0x08011e74                Reset_PID
 .text          0x08011e7c       0x64 Control/servos.o
                0x08011e7c                Disable_Servos
                0x08011e80                Enable_Servos
                0x08011e84                Apply_Servos
 .text          0x08011ee0       0xc0 lib/STM32F10x_StdPeriph_Driver/libstm32fw.a(misc.o)
                0x08011ee0                NVIC_PriorityGroupConfig
                0x08011ef4                NVIC_Init
                0x08011f58                NVIC_SetVectorTable
                0x08011f6c                NVIC_SystemLPConfig
                0x08011f88                SysTick_CLKSourceConfig
 .text          0x08011fa0       0xe4 lib/STM32F10x_StdPeriph_Driver/libstm32fw.a(stm32f10x_bkp.o)
                0x08011fa0                BKP_TamperPinLevelConfig
                0x08011fac                BKP_TamperPinCmd
                0x08011fb8                BKP_ITConfig
                0x08011fc4                BKP_RTCOutputConfig
                0x08011fdc                BKP_SetRTCCalibrationValue
                0x08011ff4                BKP_WriteBackupRegister
                0x08012010                BKP_ReadBackupRegister
                0x08012030                BKP_GetFlagStatus
                0x0801203c                BKP_ClearFlag
                0x08012050                BKP_GetITStatus
                0x0801205c                BKP_ClearITPendingBit
                0x08012070                BKP_DeInit
 .text          0x08012084      0x1d4 lib/STM32F10x_StdPeriph_Driver/libstm32fw.a(stm32f10x_dma.o)
                0x08012084                DMA_DeInit
                0x08012164                DMA_Init
                0x080121a4                DMA_StructInit
                0x080121be                DMA_Cmd
                0x080121d2                DMA_ITConfig
                0x080121e4                DMA_GetCurrDataCounter
                0x080121ea                DMA_GetFlagStatus
                0x08012208                DMA_ClearFlag
                0x08012220                DMA_GetITStatus
                0x08012240                DMA_ClearITPendingBit
 .text          0x08012258      0x104 lib/STM32F10x_StdPeriph_Driver/libstm32fw.a(stm32f10x_exti.o)
                0x08012258                EXTI_DeInit
                0x08012274                EXTI_Init
                0x080122f4                EXTI_StructInit
                0x08012302                EXTI_GenerateSWInterrupt
                0x08012314                EXTI_GetFlagStatus
                0x08012328                EXTI_ClearFlag
                0x08012334                EXTI_GetITStatus
                0x08012350                EXTI_ClearITPendingBit
 .text          0x0801235c      0x29c lib/STM32F10x_StdPeriph_Driver/libstm32fw.a(stm32f10x_gpio.o)
                0x0801235c                GPIO_Init
                0x08012414                GPIO_StructInit
                0x08012424                GPIO_ReadInputDataBit
                0x08012430                GPIO_ReadInputData
                0x08012436                GPIO_ReadOutputDataBit
                0x08012442                GPIO_ReadOutputData
                0x08012448                GPIO_SetBits
                0x0801244c                GPIO_ResetBits
                0x08012450                GPIO_WriteBit
                0x0801245a                GPIO_Write
                0x0801245e                GPIO_PinLockConfig
                0x0801246e                GPIO_EventOutputConfig
                0x0801248c                GPIO_EventOutputCmd
                0x08012498                GPIO_PinRemapConfig
                0x080124f8                GPIO_EXTILineConfig
                0x0801252c                GPIO_ETH_MediaInterfaceConfig
                0x08012538                GPIO_AFIODeInit
                0x0801254e                GPIO_DeInit
 .text          0x080125f8      0x3cc lib/STM32F10x_StdPeriph_Driver/libstm32fw.a(stm32f10x_i2c.o)
                0x080125f8                I2C_StructInit
                0x08012614                I2C_Cmd
                0x0801262e                I2C_DMACmd
                0x08012648                I2C_DMALastTransferCmd
                0x08012662                I2C_GenerateSTART
                0x0801267c                I2C_GenerateSTOP
                0x08012696                I2C_AcknowledgeConfig
                0x080126b0                I2C_OwnAddress2Config
                0x080126c6                I2C_DualAddressCmd
                0x080126e0                I2C_GeneralCallCmd
                0x080126fa                I2C_ITConfig
                0x08012710                I2C_SendData
                0x08012714                I2C_ReceiveData
                0x0801271a                I2C_Send7bitAddress
                0x0801272a                I2C_ReadRegister
                0x08012742                I2C_SoftwareResetCmd
                0x0801275c                I2C_SMBusAlertConfig
                0x08012778                I2C_TransmitPEC
                0x08012792                I2C_PECPositionConfig
                0x080127ae                I2C_CalculatePEC
                0x080127c8                I2C_GetPEC
                0x080127d0                I2C_ARPCmd
                0x080127ea                I2C_StretchClockCmd
                0x08012804                I2C_FastModeDutyCycleConfig
                0x08012820                I2C_GetLastEvent
                0x08012830                I2C_CheckEvent
                0x08012848                I2C_GetFlagStatus
                0x0801287c                I2C_ClearFlag
                0x08012884                I2C_GetITStatus
                0x080128a0                I2C_ClearITPendingBit
                0x080128a8                I2C_Init
                0x08012990                I2C_DeInit
 .text          0x080129c4       0x58 lib/STM32F10x_StdPeriph_Driver/libstm32fw.a(stm32f10x_iwdg.o)
                0x080129c4                IWDG_WriteAccessCmd
                0x080129d0                IWDG_SetPrescaler
                0x080129dc                IWDG_SetReload
                0x080129e8                IWDG_ReloadCounter
                0x080129f8                IWDG_Enable
                0x08012a08                IWDG_GetFlagStatus
 .text          0x08012a1c       0xd0 lib/STM32F10x_StdPeriph_Driver/libstm32fw.a(stm32f10x_pwr.o)
                0x08012a20                PWR_BackupAccessCmd
                0x08012a2c                PWR_PVDCmd
                0x08012a38                PWR_PVDLevelConfig
                0x08012a4c                PWR_WakeUpPinCmd
                0x08012a58                PWR_EnterSTOPMode
                0x08012a84                PWR_EnterSTANDBYMode
                0x08012aac                PWR_GetFlagStatus
                0x08012ac0                PWR_ClearFlag
                0x08012ad0                PWR_DeInit
 .text          0x08012aec      0x384 lib/STM32F10x_StdPeriph_Driver/libstm32fw.a(stm32f10x_rcc.o)
                0x08012aec                RCC_DeInit
                0x08012b2c                RCC_HSEConfig
                0x08012b64                RCC_AdjustHSICalibrationValue
                0x08012b78                RCC_HSICmd
                0x08012b84                RCC_PLLConfig
                0x08012b9c                RCC_PLLCmd
                0x08012ba8                RCC_SYSCLKConfig
                0x08012bbc                RCC_GetSYSCLKSource
                0x08012bcc                RCC_HCLKConfig
                0x08012be0                RCC_PCLK1Config
                0x08012bf4                RCC_PCLK2Config
                0x08012c08                RCC_ITConfig
                0x08012c24                RCC_USBCLKConfig
                0x08012c30                RCC_ADCCLKConfig
                0x08012c44                RCC_LSEConfig
                0x08012c64                RCC_LSICmd
                0x08012c70                RCC_RTCCLKConfig
                0x08012c80                RCC_RTCCLKCmd
                0x08012c8c                RCC_GetClocksFreq
                0x08012d3c                RCC_AHBPeriphClockCmd
                0x08012d58                RCC_APB2PeriphClockCmd
                0x08012d74                RCC_APB1PeriphClockCmd
                0x08012d90                RCC_APB2PeriphResetCmd
                0x08012dac                RCC_APB1PeriphResetCmd
                0x08012dc8                RCC_BackupResetCmd
                0x08012dd4                RCC_ClockSecuritySystemCmd
                0x08012de0                RCC_MCOConfig
                0x08012dec                RCC_GetFlagStatus
                0x08012e14                RCC_WaitForHSEStartUp
                0x08012e40                RCC_ClearFlag
                0x08012e50                RCC_GetITStatus
                0x08012e64                RCC_ClearITPendingBit
 .text          0x08012e70      0x15c lib/STM32F10x_StdPeriph_Driver/libstm32fw.a(stm32f10x_rtc.o)
                0x08012e70                RTC_ITConfig
                0x08012e90                RTC_EnterConfigMode
                0x08012ea4                RTC_ExitConfigMode
                0x08012eb8                RTC_GetCounter
                0x08012ecc                RTC_SetCounter
                0x08012ee8                RTC_SetPrescaler
                0x08012f08                RTC_SetAlarm
                0x08012f24                RTC_GetDivider
                0x08012f3c                RTC_WaitForLastTask
                0x08012f4c                RTC_WaitForSynchro
                0x08012f6c                RTC_GetFlagStatus
                0x08012f80                RTC_ClearFlag
                0x08012f94                RTC_GetITStatus
                0x08012fb8                RTC_ClearITPendingBit
 .text          0x08012fcc      0x2f8 lib/STM32F10x_StdPeriph_Driver/libstm32fw.a(stm32f10x_spi.o)
                0x08012fcc                SPI_Init
                0x08013026                SPI_StructInit
                0x08013040                I2S_StructInit
                0x08013054                SPI_Cmd
                0x0801306e                I2S_Cmd
                0x08013088                SPI_I2S_ITConfig
                0x080130a6                SPI_I2S_DMACmd
                0x080130bc                SPI_I2S_SendData
                0x080130c0                SPI_I2S_ReceiveData
                0x080130c6                SPI_NSSInternalSoftwareConfig
                0x080130e0                SPI_SSOutputCmd
                0x080130fa                SPI_DataSizeConfig
                0x08013112                SPI_TransmitCRC
                0x0801311e                SPI_CalculateCRC
                0x08013138                SPI_GetCRC
                0x08013148                SPI_GetCRCPolynomial
                0x0801314e                SPI_BiDirectionalLineConfig
                0x0801316a                SPI_I2S_GetFlagStatus
                0x08013176                SPI_I2S_ClearFlag
                0x0801317e                SPI_I2S_GetITStatus
                0x080131a8                SPI_I2S_ClearITPendingBit
                0x080131b8                I2S_Init
                0x08013262                SPI_I2S_DeInit
 .text          0x080132c4      0xb54 lib/STM32F10x_StdPeriph_Driver/libstm32fw.a(stm32f10x_tim.o)
                0x080132c4                TIM_TimeBaseInit
                0x08013304                TIM_OC1Init
                0x08013398                TIM_OC2Init
                0x08013434                TIM_OC3Init
                0x080134cc                TIM_OC4Init
                0x08013548                TIM_BDTRConfig
                0x0801356c                TIM_TimeBaseStructInit
                0x0801357e                TIM_OCStructInit
                0x08013592                TIM_ICStructInit
                0x080135a4                TIM_BDTRStructInit
                0x080135b6                TIM_Cmd
                0x080135d0                TIM_CtrlPWMOutputs
                0x080135f0                TIM_ITConfig
                0x08013606                TIM_GenerateEvent
                0x0801360a                TIM_DMAConfig
                0x08013612                TIM_DMACmd
                0x08013628                TIM_InternalClockConfig
                0x08013636                TIM_ETRConfig
                0x08013654                TIM_ETRClockMode2Config
                0x08013668                TIM_ETRClockMode1Config
                0x08013682                TIM_PrescalerConfig
                0x08013688                TIM_CounterModeConfig
                0x0801369a                TIM_SelectInputTrigger
                0x080136ac                TIM_ITRxExternalClockConfig
                0x080136c0                TIM_EncoderInterfaceConfig
                0x08013708                TIM_ForcedOC1Config
                0x0801371a                TIM_ForcedOC2Config
                0x0801372e                TIM_ForcedOC3Config
                0x08013740                TIM_ForcedOC4Config
                0x08013754                TIM_ARRPreloadConfig
                0x0801376e                TIM_SelectCOM
                0x08013788                TIM_SelectCCDMA
                0x080137a2                TIM_CCPreloadControl
                0x080137bc                TIM_OC1PreloadConfig
                0x080137ce                TIM_OC2PreloadConfig
                0x080137e2                TIM_OC3PreloadConfig
                0x080137f4                TIM_OC4PreloadConfig
                0x08013808                TIM_OC1FastConfig
                0x0801381a                TIM_OC2FastConfig
                0x0801382e                TIM_OC3FastConfig
                0x08013840                TIM_OC4FastConfig
                0x08013854                TIM_ClearOC1Ref
                0x08013866                TIM_ClearOC2Ref
                0x08013876                TIM_ClearOC3Ref
                0x08013888                TIM_ClearOC4Ref
                0x08013898                TIM_OC1PolarityConfig
                0x080138aa                TIM_OC1NPolarityConfig
                0x080138bc                TIM_OC2PolarityConfig
                0x080138d0                TIM_OC2NPolarityConfig
                0x080138e4                TIM_OC3PolarityConfig
                0x080138f8                TIM_OC3NPolarityConfig
                0x0801390c                TIM_OC4PolarityConfig
                0x08013920                TIM_CCxCmd
                0x08013942                TIM_CCxNCmd
                0x08013964                TIM_SelectOCxM
                0x080139b6                TIM_UpdateDisableConfig
                0x080139d0                TIM_UpdateRequestConfig
                0x080139ea                TIM_SelectHallSensor
                0x08013a04                TIM_SelectOnePulseMode
                0x08013a1c                TIM_SelectOutputTrigger
                0x08013a34                TIM_SelectSlaveMode
                0x08013a4c                TIM_SelectMasterSlaveMode
                0x08013a64                TIM_SetCounter
                0x08013a68                TIM_SetAutoreload
                0x08013a6c                TIM_SetCompare1
                0x08013a70                TIM_SetCompare2
                0x08013a74                TIM_SetCompare3
                0x08013a78                TIM_SetCompare4
                0x08013a7e                TIM_SetIC1Prescaler
                0x08013a96                TIM_SetIC2Prescaler
                0x08013ab0                TIM_SetIC3Prescaler
                0x08013ac8                TIM_SetIC4Prescaler
                0x08013ae2                TIM_SetClockDivision
                0x08013af4                TIM_GetCapture1
                0x08013afa                TIM_GetCapture2
                0x08013b00                TIM_GetCapture3
                0x08013b06                TIM_GetCapture4
                0x08013b0e                TIM_GetCounter
                0x08013b14                TIM_GetPrescaler
                0x08013b1a                TIM_GetFlagStatus
                0x08013b26                TIM_ClearFlag
                0x08013b2e                TIM_GetITStatus
                0x08013b44                TIM_ClearITPendingBit
                0x08013be4                TIM_TIxExternalClockConfig
                0x08013c12                TIM_PWMIConfig
                0x08013c7e                TIM_ICInit
                0x08013d4e                TIM_DeInit
 .text          0x08013e18      0x384 lib/STM32F10x_StdPeriph_Driver/libstm32fw.a(stm32f10x_usart.o)
                0x08013e18                USART_StructInit
                0x08013e30                USART_ClockInit
                0x08013e5a                USART_ClockStructInit
                0x08013e66                USART_Cmd
                0x08013e80                USART_ITConfig
                0x08013eb6                USART_DMACmd
                0x08013ecc                USART_SetAddress
                0x08013ee4                USART_WakeUpConfig
                0x08013efc                USART_ReceiverWakeUpCmd
                0x08013f16                USART_LINBreakDetectLengthConfig
                0x08013f2e                USART_LINCmd
                0x08013f48                USART_SendData
                0x08013f50                USART_ReceiveData
                0x08013f58                USART_SendBreak
                0x08013f64                USART_SetGuardTime
                0x08013f76                USART_SetPrescaler
                0x08013f8a                USART_SmartCardCmd
                0x08013fa4                USART_SmartCardNACKCmd
                0x08013fbe                USART_HalfDuplexCmd
                0x08013fd8                USART_IrDAConfig
                0x08013ff0                USART_IrDACmd
                0x0801400a                USART_GetFlagStatus
                0x08014016                USART_ClearFlag
                0x0801401e                USART_GetITStatus
                0x08014064                USART_ClearITPendingBit
                0x08014072                USART_Init
                0x08014104                USART_DeInit
 .text          0x0801419c       0x90 /home/laurence/CodeSourcery/Sourcery_G++_Lite/bin/../lib/gcc/arm-none-eabi/4.5.2/../../../../arm-none-eabi/lib/thumb2/libm.a(lib_a-s_cos.o)
                0x0801419c                cos
 *fill*         0x0801422c        0x4 00
 .text          0x08014230      0x128 /home/laurence/CodeSourcery/Sourcery_G++_Lite/bin/../lib/gcc/arm-none-eabi/4.5.2/../../../../arm-none-eabi/lib/thumb2/libm.a(lib_a-s_floor.o)
                0x08014230                floor
 .text          0x08014358       0x98 /home/laurence/CodeSourcery/Sourcery_G++_Lite/bin/../lib/gcc/arm-none-eabi/4.5.2/../../../../arm-none-eabi/lib/thumb2/libm.a(lib_a-s_sin.o)
                0x08014358                sin
 .text          0x080143f0       0xa8 /home/laurence/CodeSourcery/Sourcery_G++_Lite/bin/../lib/gcc/arm-none-eabi/4.5.2/../../../../arm-none-eabi/lib/thumb2/libm.a(lib_a-w_asin.o)
                0x080143f0                asin
 .text          0x08014498        0x4 /home/laurence/CodeSourcery/Sourcery_G++_Lite/bin/../lib/gcc/arm-none-eabi/4.5.2/../../../../arm-none-eabi/lib/thumb2/libm.a(lib_a-w_atan2.o)
                0x08014498                atan2
 .text          0x0801449c      0x348 /home/laurence/CodeSourcery/Sourcery_G++_Lite/bin/../lib/gcc/arm-none-eabi/4.5.2/../../../../arm-none-eabi/lib/thumb2/libm.a(lib_a-w_pow.o)
                0x0801449c                pow
 .text          0x080147e4       0xac /home/laurence/CodeSourcery/Sourcery_G++_Lite/bin/../lib/gcc/arm-none-eabi/4.5.2/../../../../arm-none-eabi/lib/thumb2/libm.a(lib_a-w_sqrt.o)
                0x080147e4                sqrt
 .text          0x08014890       0xa8 /home/laurence/CodeSourcery/Sourcery_G++_Lite/bin/../lib/gcc/arm-none-eabi/4.5.2/../../../../arm-none-eabi/lib/thumb2/libm.a(lib_a-wf_asin.o)
                0x08014890                asinf
 .text          0x08014938        0x4 /home/laurence/CodeSourcery/Sourcery_G++_Lite/bin/../lib/gcc/arm-none-eabi/4.5.2/../../../../arm-none-eabi/lib/thumb2/libm.a(lib_a-wf_atan2.o)
                0x08014938                atan2f
 *fill*         0x0801493c        0x4 00
 .text          0x08014940      0x460 /home/laurence/CodeSourcery/Sourcery_G++_Lite/bin/../lib/gcc/arm-none-eabi/4.5.2/../../../../arm-none-eabi/lib/thumb2/libm.a(lib_a-e_asin.o)
                0x08014940                __ieee754_asin
 .text          0x08014da0      0x218 /home/laurence/CodeSourcery/Sourcery_G++_Lite/bin/../lib/gcc/arm-none-eabi/4.5.2/../../../../arm-none-eabi/lib/thumb2/libm.a(lib_a-e_atan2.o)
                0x08014da0                __ieee754_atan2
 .text          0x08014fb8      0xb50 /home/laurence/CodeSourcery/Sourcery_G++_Lite/bin/../lib/gcc/arm-none-eabi/4.5.2/../../../../arm-none-eabi/lib/thumb2/libm.a(lib_a-e_pow.o)
                0x08014fb8                __ieee754_pow
 .text          0x08015b08      0x450 /home/laurence/CodeSourcery/Sourcery_G++_Lite/bin/../lib/gcc/arm-none-eabi/4.5.2/../../../../arm-none-eabi/lib/thumb2/libm.a(lib_a-e_rem_pio2.o)
                0x08015b08                __ieee754_rem_pio2
 .text          0x08015f58      0x1c0 /home/laurence/CodeSourcery/Sourcery_G++_Lite/bin/../lib/gcc/arm-none-eabi/4.5.2/../../../../arm-none-eabi/lib/thumb2/libm.a(lib_a-e_sqrt.o)
                0x08015f58                __ieee754_sqrt
 .text          0x08016118      0x318 /home/laurence/CodeSourcery/Sourcery_G++_Lite/bin/../lib/gcc/arm-none-eabi/4.5.2/../../../../arm-none-eabi/lib/thumb2/libm.a(lib_a-ef_asin.o)
                0x08016118                __ieee754_asinf
 .text          0x08016430      0x16c /home/laurence/CodeSourcery/Sourcery_G++_Lite/bin/../lib/gcc/arm-none-eabi/4.5.2/../../../../arm-none-eabi/lib/thumb2/libm.a(lib_a-ef_atan2.o)
                0x08016430                __ieee754_atan2f
 .text          0x0801659c       0xb0 /home/laurence/CodeSourcery/Sourcery_G++_Lite/bin/../lib/gcc/arm-none-eabi/4.5.2/../../../../arm-none-eabi/lib/thumb2/libm.a(lib_a-ef_sqrt.o)
                0x0801659c                __ieee754_sqrtf
 *fill*         0x0801664c        0x4 00
 .text          0x08016650      0x250 /home/laurence/CodeSourcery/Sourcery_G++_Lite/bin/../lib/gcc/arm-none-eabi/4.5.2/../../../../arm-none-eabi/lib/thumb2/libm.a(lib_a-k_cos.o)
                0x08016650                __kernel_cos
 .text          0x080168a0      0x7a8 /home/laurence/CodeSourcery/Sourcery_G++_Lite/bin/../lib/gcc/arm-none-eabi/4.5.2/../../../../arm-none-eabi/lib/thumb2/libm.a(lib_a-k_rem_pio2.o)
                0x080168a0                __kernel_rem_pio2
 .text          0x08017048      0x168 /home/laurence/CodeSourcery/Sourcery_G++_Lite/bin/../lib/gcc/arm-none-eabi/4.5.2/../../../../arm-none-eabi/lib/thumb2/libm.a(lib_a-k_sin.o)
                0x08017048                __kernel_sin
 .text          0x080171b0      0x338 /home/laurence/CodeSourcery/Sourcery_G++_Lite/bin/../lib/gcc/arm-none-eabi/4.5.2/../../../../arm-none-eabi/lib/thumb2/libm.a(lib_a-s_atan.o)
                0x080171b0                atan
 .text          0x080174e8        0x8 /home/laurence/CodeSourcery/Sourcery_G++_Lite/bin/../lib/gcc/arm-none-eabi/4.5.2/../../../../arm-none-eabi/lib/thumb2/libm.a(lib_a-s_fabs.o)
                0x080174e8                fabs
 .text          0x080174f0       0x10 /home/laurence/CodeSourcery/Sourcery_G++_Lite/bin/../lib/gcc/arm-none-eabi/4.5.2/../../../../arm-none-eabi/lib/thumb2/libm.a(lib_a-s_finite.o)
                0x080174f0                finite
 .text          0x08017500       0x90 /home/laurence/CodeSourcery/Sourcery_G++_Lite/bin/../lib/gcc/arm-none-eabi/4.5.2/../../../../arm-none-eabi/lib/thumb2/libm.a(lib_a-s_fpclassify.o)
                0x08017500                __fpclassifyd
 .text          0x08017590        0x4 /home/laurence/CodeSourcery/Sourcery_G++_Lite/bin/../lib/gcc/arm-none-eabi/4.5.2/../../../../arm-none-eabi/lib/thumb2/libm.a(lib_a-s_matherr.o)
                0x08017590                matherr
 .text          0x08017594        0xc /home/laurence/CodeSourcery/Sourcery_G++_Lite/bin/../lib/gcc/arm-none-eabi/4.5.2/../../../../arm-none-eabi/lib/thumb2/libm.a(lib_a-s_nan.o)
                0x08017594                nan
 .text          0x080175a0      0x13c /home/laurence/CodeSourcery/Sourcery_G++_Lite/bin/../lib/gcc/arm-none-eabi/4.5.2/../../../../arm-none-eabi/lib/thumb2/libm.a(lib_a-s_rint.o)
                0x080175a0                rint
 *fill*         0x080176dc        0x4 00
 .text          0x080176e0      0x108 /home/laurence/CodeSourcery/Sourcery_G++_Lite/bin/../lib/gcc/arm-none-eabi/4.5.2/../../../../arm-none-eabi/lib/thumb2/libm.a(lib_a-s_scalbn.o)
                0x080176e0                scalbn
 .text          0x080177e8      0x244 /home/laurence/CodeSourcery/Sourcery_G++_Lite/bin/../lib/gcc/arm-none-eabi/4.5.2/../../../../arm-none-eabi/lib/thumb2/libm.a(lib_a-sf_atan.o)
                0x080177e8                atanf
 .text          0x08017a2c        0x8 /home/laurence/CodeSourcery/Sourcery_G++_Lite/bin/../lib/gcc/arm-none-eabi/4.5.2/../../../../arm-none-eabi/lib/thumb2/libm.a(lib_a-sf_fabs.o)
                0x08017a2c                fabsf
 .text          0x08017a34       0x7c /home/laurence/CodeSourcery/Sourcery_G++_Lite/bin/../lib/gcc/arm-none-eabi/4.5.2/../../../../arm-none-eabi/lib/thumb2/libm.a(lib_a-sf_fpclassify.o)
                0x08017a34                __fpclassifyf
 .text          0x08017ab0       0x14 /home/laurence/CodeSourcery/Sourcery_G++_Lite/bin/../lib/gcc/arm-none-eabi/4.5.2/../../../../arm-none-eabi/lib/thumb2/libm.a(lib_a-s_copysign.o)
                0x08017ab0                copysign
 *fill*         0x08017ac4        0x4 00
 .text          0x08017ac8      0x2b0 /home/laurence/CodeSourcery/Sourcery_G++_Lite/bin/../lib/gcc/arm-none-eabi/4.5.2/thumb2/libgcc.a(_divsi3.o)
                0x08017ac8                __aeabi_idiv
                0x08017ac8                __divsi3
                0x08017d5c                __aeabi_idivmod
 .text          0x08017d78        0x4 /home/laurence/CodeSourcery/Sourcery_G++_Lite/bin/../lib/gcc/arm-none-eabi/4.5.2/thumb2/libgcc.a(_dvmd_tls.o)
                0x08017d78                __aeabi_ldiv0
                0x08017d78                __aeabi_idiv0
 .text          0x08017d7c      0x370 /home/laurence/CodeSourcery/Sourcery_G++_Lite/bin/../lib/gcc/arm-none-eabi/4.5.2/thumb2/libgcc.a(_arm_addsubdf3.o)
                0x08017d7c                __aeabi_drsub
                0x08017d84                __aeabi_dsub
                0x08017d84                __subdf3
                0x08017d88                __adddf3
                0x08017d88                __aeabi_dadd
                0x08018000                __aeabi_ui2d
                0x08018000                __floatunsidf
                0x08018020                __floatsidf
                0x08018020                __aeabi_i2d
                0x08018044                __extendsfdf2
                0x08018044                __aeabi_f2d
                0x08018080                __aeabi_ul2d
                0x08018080                __floatundidf
                0x08018090                __floatdidf
                0x08018090                __aeabi_l2d
 .text          0x080180ec      0x424 /home/laurence/CodeSourcery/Sourcery_G++_Lite/bin/../lib/gcc/arm-none-eabi/4.5.2/thumb2/libgcc.a(_arm_muldivdf3.o)
                0x080180ec                __aeabi_dmul
                0x080180ec                __muldf3
                0x08018340                __aeabi_ddiv
                0x08018340                __divdf3
 .text          0x08018510      0x110 /home/laurence/CodeSourcery/Sourcery_G++_Lite/bin/../lib/gcc/arm-none-eabi/4.5.2/thumb2/libgcc.a(_arm_cmpdf2.o)
                0x08018510                __gtdf2
                0x08018510                __gedf2
                0x08018518                __ltdf2
                0x08018518                __ledf2
                0x08018520                __cmpdf2
                0x08018520                __eqdf2
                0x08018520                __nedf2
                0x0801859c                __aeabi_cdrcmple
                0x080185ac                __aeabi_cdcmple
                0x080185ac                __aeabi_cdcmpeq
                0x080185bc                __aeabi_dcmpeq
                0x080185d0                __aeabi_dcmplt
                0x080185e4                __aeabi_dcmple
                0x080185f8                __aeabi_dcmpge
                0x0801860c                __aeabi_dcmpgt
 .text          0x08018620       0x50 /home/laurence/CodeSourcery/Sourcery_G++_Lite/bin/../lib/gcc/arm-none-eabi/4.5.2/thumb2/libgcc.a(_arm_fixdfsi.o)
                0x08018620                __fixdfsi
                0x08018620                __aeabi_d2iz
 .text          0x08018670       0x40 /home/laurence/CodeSourcery/Sourcery_G++_Lite/bin/../lib/gcc/arm-none-eabi/4.5.2/thumb2/libgcc.a(_arm_fixunsdfsi.o)
                0x08018670                __fixunsdfsi
                0x08018670                __aeabi_d2uiz
 .text          0x080186b0       0xa0 /home/laurence/CodeSourcery/Sourcery_G++_Lite/bin/../lib/gcc/arm-none-eabi/4.5.2/thumb2/libgcc.a(_arm_truncdfsf2.o)
                0x080186b0                __aeabi_d2f
                0x080186b0                __truncdfsf2
 .text          0x08018750      0x21c /home/laurence/CodeSourcery/Sourcery_G++_Lite/bin/../lib/gcc/arm-none-eabi/4.5.2/thumb2/libgcc.a(_arm_addsubsf3.o)
                0x08018750                __aeabi_frsub
                0x08018758                __subsf3
                0x08018758                __aeabi_fsub
                0x0801875c                __aeabi_fadd
                0x0801875c                __addsf3
                0x080188bc                __aeabi_ui2f
                0x080188bc                __floatunsisf
                0x080188c4                __aeabi_i2f
                0x080188c4                __floatsisf
                0x080188e0                __floatundisf
                0x080188e0                __aeabi_ul2f
                0x080188f0                __floatdisf
                0x080188f0                __aeabi_l2f
 .text          0x0801896c      0x2a0 /home/laurence/CodeSourcery/Sourcery_G++_Lite/bin/../lib/gcc/arm-none-eabi/4.5.2/thumb2/libgcc.a(_arm_muldivsf3.o)
                0x0801896c                __mulsf3
                0x0801896c                __aeabi_fmul
                0x08018ad4                __divsf3
                0x08018ad4                __aeabi_fdiv
 .text          0x08018c0c       0xec /home/laurence/CodeSourcery/Sourcery_G++_Lite/bin/../lib/gcc/arm-none-eabi/4.5.2/thumb2/libgcc.a(_arm_cmpsf2.o)
                0x08018c0c                __gtsf2
                0x08018c0c                __gesf2
                0x08018c14                __lesf2
                0x08018c14                __ltsf2
                0x08018c1c                __nesf2
                0x08018c1c                __eqsf2
                0x08018c1c                __cmpsf2
                0x08018c7c                __aeabi_cfrcmple
                0x08018c84                __aeabi_cfcmple
                0x08018c84                __aeabi_cfcmpeq
                0x08018c94                __aeabi_fcmpeq
                0x08018ca8                __aeabi_fcmplt
                0x08018cbc                __aeabi_fcmple
                0x08018cd0                __aeabi_fcmpge
                0x08018ce4                __aeabi_fcmpgt
 .text          0x08018cf8       0x4c /home/laurence/CodeSourcery/Sourcery_G++_Lite/bin/../lib/gcc/arm-none-eabi/4.5.2/thumb2/libgcc.a(_arm_fixsfsi.o)
                0x08018cf8                __fixsfsi
                0x08018cf8                __aeabi_f2iz
 .text          0x08018d44       0x40 /home/laurence/CodeSourcery/Sourcery_G++_Lite/bin/../lib/gcc/arm-none-eabi/4.5.2/thumb2/libgcc.a(_arm_fixunssfsi.o)
                0x08018d44                __aeabi_f2uiz
                0x08018d44                __fixunssfsi
 .text          0x08018d84       0x38 /home/laurence/CodeSourcery/Sourcery_G++_Lite/bin/../lib/gcc/arm-none-eabi/4.5.2/thumb2/libgcc.a(_aeabi_ldivmod.o)
                0x08018d84                __aeabi_ldivmod
 .text          0x08018dbc       0x2c /home/laurence/CodeSourcery/Sourcery_G++_Lite/bin/../lib/gcc/arm-none-eabi/4.5.2/thumb2/libgcc.a(_fixsfdi.o)
                0x08018dbc                __aeabi_f2lz
                0x08018dbc                __fixsfdi
 .text          0x08018de8       0x48 /home/laurence/CodeSourcery/Sourcery_G++_Lite/bin/../lib/gcc/arm-none-eabi/4.5.2/thumb2/libgcc.a(_fixunssfdi.o)
                0x08018de8                __aeabi_f2ulz
                0x08018de8                __fixunssfdi
 .text          0x08018e30       0x60 /home/laurence/CodeSourcery/Sourcery_G++_Lite/bin/../lib/gcc/arm-none-eabi/4.5.2/thumb2/libgcc.a(bpabi.o)
                0x08018e30                __gnu_ldivmod_helper
                0x08018e60                __gnu_uldivmod_helper
 .text          0x08018e90      0x360 /home/laurence/CodeSourcery/Sourcery_G++_Lite/bin/../lib/gcc/arm-none-eabi/4.5.2/thumb2/libgcc.a(_divdi3.o)
                0x08018e90                __divdi3
 .text          0x080191f0      0x308 /home/laurence/CodeSourcery/Sourcery_G++_Lite/bin/../lib/gcc/arm-none-eabi/4.5.2/thumb2/libgcc.a(_udivdi3.o)
                0x080191f0                __udivdi3
 .text          0x080194f8      0x278 /home/laurence/CodeSourcery/Sourcery_G++_Lite/bin/../lib/gcc/arm-none-eabi/4.5.2/thumb2/libgcc.a(_udivsi3.o)
                0x080194f8                __udivsi3
                0x080194f8                __aeabi_uidiv
                0x08019754                __aeabi_uidivmod
 .text          0x08019770        0xc /home/laurence/CodeSourcery/Sourcery_G++_Lite/bin/../lib/gcc/arm-none-eabi/4.5.2/../../../../arm-none-eabi/lib/thumb2/libc.a(lib_a-errno.o)
                0x08019770                __errno
 .text          0x0801977c       0x20 /home/laurence/CodeSourcery/Sourcery_G++_Lite/bin/../lib/gcc/arm-none-eabi/4.5.2/../../../../arm-none-eabi/lib/thumb2/libc.a(lib_a-malloc.o)
                0x0801977c                malloc
                0x0801978c                free
 .text          0x0801979c      0x57c /home/laurence/CodeSourcery/Sourcery_G++_Lite/bin/../lib/gcc/arm-none-eabi/4.5.2/../../../../arm-none-eabi/lib/thumb2/libc.a(lib_a-mallocr.o)
                0x0801979c                _malloc_r
 .text          0x08019d18      0x150 /home/laurence/CodeSourcery/Sourcery_G++_Lite/bin/../lib/gcc/arm-none-eabi/4.5.2/../../../../arm-none-eabi/lib/thumb2/libc.a(lib_a-memcpy.o)
                0x08019d18                memcpy
 .text          0x08019e68       0xb4 /home/laurence/CodeSourcery/Sourcery_G++_Lite/bin/../lib/gcc/arm-none-eabi/4.5.2/../../../../arm-none-eabi/lib/thumb2/libc.a(lib_a-memset.o)
                0x08019e68                memset
 .text          0x08019f1c        0x8 /home/laurence/CodeSourcery/Sourcery_G++_Lite/bin/../lib/gcc/arm-none-eabi/4.5.2/../../../../arm-none-eabi/lib/thumb2/libc.a(lib_a-mlock.o)
                0x08019f1c                __malloc_lock
                0x08019f20                __malloc_unlock
 *fill*         0x08019f24        0x4 00
 .text          0x08019f28      0x100 /home/laurence/CodeSourcery/Sourcery_G++_Lite/bin/../lib/gcc/arm-none-eabi/4.5.2/../../../../arm-none-eabi/lib/thumb2/libc.a(lib_a-rand.o)
                0x08019f28                srand
                0x08019f84                rand
 .text          0x0801a028       0x28 /home/laurence/CodeSourcery/Sourcery_G++_Lite/bin/../lib/gcc/arm-none-eabi/4.5.2/../../../../arm-none-eabi/lib/thumb2/libc.a(lib_a-sbrkr.o)
                0x0801a028                _sbrk_r
 .text          0x0801a050       0xbc /home/laurence/CodeSourcery/Sourcery_G++_Lite/bin/../lib/gcc/arm-none-eabi/4.5.2/../../../../arm-none-eabi/lib/thumb2/libc.a(lib_a-strcpy.o)
                0x0801a050                strcpy
 .text          0x0801a10c      0x240 /home/laurence/CodeSourcery/Sourcery_G++_Lite/bin/../lib/gcc/arm-none-eabi/4.5.2/../../../../arm-none-eabi/lib/thumb2/libc.a(lib_a-freer.o)
                0x0801a10c                _malloc_trim_r
                0x0801a1b4                _free_r
 .text          0x0801a34c       0x30 /home/laurence/CodeSourcery/Sourcery_G++_Lite/bin/../lib/gcc/arm-none-eabi/4.5.2/../../../../arm-none-eabi/lib/thumb2/libcs3.a(start_c.o)
                0x0801a34c                __cs3_premain
 .text.cs3.init
                0x0801a37c       0x50 /home/laurence/CodeSourcery/Sourcery_G++_Lite/bin/../lib/gcc/arm-none-eabi/4.5.2/../../../../arm-none-eabi/lib/thumb2/libcs3.a(start_c.o)
                0x0801a37c                __cs3_start_c
 .text          0x0801a3cc       0x40 /home/laurence/CodeSourcery/Sourcery_G++_Lite/bin/../lib/gcc/arm-none-eabi/4.5.2/../../../../arm-none-eabi/lib/thumb2/libcs3unhosted.a(unhosted-sbrk.o)
                0x0801a3cc                _sbrk
 .text.cs3.init
                0x0801a40c       0x10 /home/laurence/CodeSourcery/Sourcery_G++_Lite/bin/../lib/gcc/arm-none-eabi/4.5.2/../../../../arm-none-eabi/lib/thumb2/libcs3unhosted.a(unhosted-start.o)
                0x0801a40c                _start
 .text          0x0801a41c        0x2 lib/libcs3-lanchon-stm32.a(lanchon_stm32_isr_interrupt.o)
                0x0801a41c                MemManageException
                0x0801a41c                BusFaultException
                0x0801a41c                DMAChannel7_IRQHandler
                0x0801a41c                DebugMonitor
                0x0801a41c                SVCHandler
                0x0801a41c                HardFaultException
                0x0801a41c                __STM32ReservedException8
                0x0801a41c                USB_HP_CAN_TX_IRQHandler
                0x0801a41c                __STM32DefaultExceptionHandler
                0x0801a41c                DMAChannel1_IRQHandler
                0x0801a41c                CAN_SCE_IRQHandler
                0x0801a41c                __STM32ReservedException10
                0x0801a41c                __STM32ReservedException13
                0x0801a41c                NMIException
                0x0801a41c                DMAChannel4_IRQHandler
                0x0801a41c                SysTickHandler
                0x0801a41c                PendSVC
                0x0801a41c                CAN_RX1_IRQHandler
                0x0801a41c                ADC_IRQHandler
                0x0801a41c                DMAChannel5_IRQHandler
                0x0801a41c                DMAChannel2_IRQHandler
                0x0801a41c                USB_LP_CAN_RX0_IRQHandler
                0x0801a41c                __STM32ReservedException7
                0x0801a41c                UsageFaultException
                0x0801a41c                DMAChannel6_IRQHandler
                0x0801a41c                DMAChannel3_IRQHandler
                0x0801a41c                __STM32ReservedException9
 *fill*         0x0801a41e        0x2 00
 .text          0x0801a420       0x50 /home/laurence/CodeSourcery/Sourcery_G++_Lite/bin/../lib/gcc/arm-none-eabi/4.5.2/../../../../arm-none-eabi/lib/thumb2/libc.a(lib_a-init.o)
                0x0801a420                __libc_init_array
 *(.plt)
 *(.gnu.warning)
 *(.glue_7t)
 .glue_7t       0x00000000        0x0 linker stubs
 *(.glue_7)
 .glue_7        0x00000000        0x0 linker stubs
 *(.vfp11_veneer)
 .vfp11_veneer  0x00000000        0x0 linker stubs
 *(.rodata .rodata.* .gnu.linkonce.r.*)
 .rodata        0x0801a470      0x888 Sensors/earth_field.o
 .rodata.str1.1
                0x0801acf8        0x9 Sensors/earth_field.o
 *fill*         0x0801ad01        0x3 00
 .rodata        0x0801ad04       0x9c Sensors/sensorcal.o
                0x0801ad04                Acc_Cal_Dat
                0x0801ad38                Mag_Cal_Dat
                0x0801ad6c                Gyr_Cal_Dat
 .rodata        0x0801ada0       0x9b Sensors/ubx.o
 .rodata.str1.1
                0x0801ae3b      0x13b Sensors/ubx.o
 .rodata.str1.1
                0x0801af76        0xf Util/Fatfs/ff.o
 .rodata        0x0801af85        0xc Util/Fatfs/rtc.o
 *fill*         0x0801af91        0x7 00
 .rodata        0x0801af98      0x1d8 Util/RF22/RF22.o
                0x0801af98                _ZTV4RF22
 .rodata._ZTV12RF22Datagram
                0x0801b170       0x10 Util/RF22/RF22Datagram.o
                0x0801b170                _ZTV12RF22Datagram
 .rodata        0x0801b180       0x20 Util/RF22/RF22Mesh.o
                0x0801b180                _ZTV8RF22Mesh
 .rodata._ZTV20RF22ReliableDatagram
                0x0801b1a0       0x10 Util/RF22/RF22ReliableDatagram.o
                0x0801b1a0                _ZTV20RF22ReliableDatagram
 .rodata        0x0801b1b0       0x18 Util/RF22/RF22Router.o
                0x0801b1b0                _ZTV10RF22Router
 .rodata        0x0801b1c8      0x100 Util/crc.o
 .rodata        0x0801b2c8       0x11 Util/rprintf.o
 .rodata.str1.1
                0x0801b2d9        0x6 Util/rprintf.o
 *fill*         0x0801b2df        0x1 00
 .rodata        0x0801b2e0       0x3c Util/uavtalk.o
                0x0801b2e0                UAVtalk_objects
                0x0801b300                UAVtalk_lenghts
                0x0801b308                UAVtalk_stream_objs
                0x0801b30d                UAVtalk_stream_types
                0x0801b312                UAVtalk_stream_timeouts
 .rodata        0x0801b31c        0xf i2c_int.o
                0x0801b31c                Magno_config
                0x0801b31f                Magno_single
                0x0801b320                Bmp_temperature
                0x0801b321                Bmp_pressure
                0x0801b322                Accel_config
                0x0801b326                Gyro_config
                0x0801b329                Gyro_clk_config
                0x0801b32a                Pitot_conv
 *fill*         0x0801b32b        0x1 00
 .rodata        0x0801b32c       0x14 lib/CMSIS_CM3/system_stm32f10x.o
                0x0801b32c                SystemFrequency
                0x0801b330                SystemFrequency_SysClk
                0x0801b334                SystemFrequency_AHBClk
                0x0801b338                SystemFrequency_APB1Clk
                0x0801b33c                SystemFrequency_APB2Clk
 .rodata.str1.1
                0x0801b340      0x3d7 main.o
 *fill*         0x0801b717        0x1 00
 .rodata.str1.4
                0x0801b718        0x5 /home/laurence/CodeSourcery/Sourcery_G++_Lite/bin/../lib/gcc/arm-none-eabi/4.5.2/../../../../arm-none-eabi/lib/thumb2/libm.a(lib_a-w_asin.o)
                                  0xc (size before relaxing)
 *fill*         0x0801b71d        0x3 00
 .rodata.str1.4
                0x0801b720        0x4 /home/laurence/CodeSourcery/Sourcery_G++_Lite/bin/../lib/gcc/arm-none-eabi/4.5.2/../../../../arm-none-eabi/lib/thumb2/libm.a(lib_a-w_pow.o)
 .rodata.str1.4
                0x0801b724        0x5 /home/laurence/CodeSourcery/Sourcery_G++_Lite/bin/../lib/gcc/arm-none-eabi/4.5.2/../../../../arm-none-eabi/lib/thumb2/libm.a(lib_a-w_sqrt.o)
                                  0x8 (size before relaxing)
 *fill*         0x0801b729        0x3 00
 .rodata.str1.4
                0x0801b72c        0x6 /home/laurence/CodeSourcery/Sourcery_G++_Lite/bin/../lib/gcc/arm-none-eabi/4.5.2/../../../../arm-none-eabi/lib/thumb2/libm.a(lib_a-wf_asin.o)
                                  0xc (size before relaxing)
 *fill*         0x0801b732        0x6 00
 .rodata        0x0801b738       0x30 /home/laurence/CodeSourcery/Sourcery_G++_Lite/bin/../lib/gcc/arm-none-eabi/4.5.2/../../../../arm-none-eabi/lib/thumb2/libm.a(lib_a-e_pow.o)
 .rodata.str1.4
                0x00000000        0x4 /home/laurence/CodeSourcery/Sourcery_G++_Lite/bin/../lib/gcc/arm-none-eabi/4.5.2/../../../../arm-none-eabi/lib/thumb2/libm.a(lib_a-e_pow.o)
 .rodata        0x0801b768      0x188 /home/laurence/CodeSourcery/Sourcery_G++_Lite/bin/../lib/gcc/arm-none-eabi/4.5.2/../../../../arm-none-eabi/lib/thumb2/libm.a(lib_a-e_rem_pio2.o)
 .rodata        0x0801b8f0       0x50 /home/laurence/CodeSourcery/Sourcery_G++_Lite/bin/../lib/gcc/arm-none-eabi/4.5.2/../../../../arm-none-eabi/lib/thumb2/libm.a(lib_a-k_rem_pio2.o)
 .rodata        0x0801b940       0x40 /home/laurence/CodeSourcery/Sourcery_G++_Lite/bin/../lib/gcc/arm-none-eabi/4.5.2/../../../../arm-none-eabi/lib/thumb2/libm.a(lib_a-s_atan.o)
 .rodata        0x0801b980       0x10 /home/laurence/CodeSourcery/Sourcery_G++_Lite/bin/../lib/gcc/arm-none-eabi/4.5.2/../../../../arm-none-eabi/lib/thumb2/libm.a(lib_a-s_rint.o)
 .rodata        0x0801b990       0x20 /home/laurence/CodeSourcery/Sourcery_G++_Lite/bin/../lib/gcc/arm-none-eabi/4.5.2/../../../../arm-none-eabi/lib/thumb2/libm.a(lib_a-sf_atan.o)
 .rodata.str1.4
                0x0801b9b0        0x4 /home/laurence/CodeSourcery/Sourcery_G++_Lite/bin/../lib/gcc/arm-none-eabi/4.5.2/../../../../arm-none-eabi/lib/thumb2/libc.a(lib_a-impure.o)
 *(.ARM.extab* .gnu.linkonce.armextab.*)
 *(.gcc_except_table)
 *(.eh_frame_hdr)
 *(.eh_frame)
                0x0801b9b4                . = ALIGN (0x4)
 *(.init)
 .init          0x0801b9b4        0x4 /home/laurence/CodeSourcery/Sourcery_G++_Lite/bin/../lib/gcc/arm-none-eabi/4.5.2/thumb2/crti.o
                0x0801b9b4                _init
 .init          0x0801b9b8        0x8 /home/laurence/CodeSourcery/Sourcery_G++_Lite/bin/../lib/gcc/arm-none-eabi/4.5.2/thumb2/crtn.o
                0x0801b9c0                . = ALIGN (0x4)
                0x0801b9c0                __preinit_array_start = .
 *(.preinit_array)
                0x0801b9c0                __preinit_array_end = .
                0x0801b9c0                . = ALIGN (0x4)
                0x0801b9c0                __init_array_start = .
 *(SORT(.init_array.*))
 *(.init_array)
 .init_array    0x0801b9c0        0x4 /home/laurence/CodeSourcery/Sourcery_G++_Lite/bin/../lib/gcc/arm-none-eabi/4.5.2/thumb2/crtbegin.o
 .init_array    0x0801b9c4        0x4 Util/RF22/ctocpp.o
                0x0801b9c8                __init_array_end = .
                0x0801b9c8                . = ALIGN (0x4)
 *crtbegin.o(.ctors)
 *(EXCLUDE_FILE(*crtend.o) .ctors)
 *(SORT(.ctors.*))
 *crtend.o(.ctors)
                0x0801b9c8                . = ALIGN (0x4)
 *(.fini)
 .fini          0x0801b9c8        0x4 /home/laurence/CodeSourcery/Sourcery_G++_Lite/bin/../lib/gcc/arm-none-eabi/4.5.2/thumb2/crti.o
                0x0801b9c8                _fini
 .fini          0x0801b9cc        0x8 /home/laurence/CodeSourcery/Sourcery_G++_Lite/bin/../lib/gcc/arm-none-eabi/4.5.2/thumb2/crtn.o
                0x0801b9d4                . = ALIGN (0x4)
                0x0801b9d4                __fini_array_start = .
 *(.fini_array)
 .fini_array    0x0801b9d4        0x4 /home/laurence/CodeSourcery/Sourcery_G++_Lite/bin/../lib/gcc/arm-none-eabi/4.5.2/thumb2/crtbegin.o
 *(SORT(.fini_array.*))
                0x0801b9d8                __fini_array_end = .
 *crtbegin.o(.dtors)
 *(EXCLUDE_FILE(*crtend.o) .dtors)
 *(SORT(.dtors.*))
 *crtend.o(.dtors)
                0x0801b9d8                . = ALIGN (0x4)
                0x0801b9d8                __cs3_regions = .
                0x0801b9d8        0x4 LONG 0x0
                0x0801b9dc        0x4 LONG 0x801b9f8 __cs3_region_init_ram
                0x0801b9e0        0x4 LONG 0x20000000 __cs3_region_start_ram
                0x0801b9e4        0x4 LONG 0x688 __cs3_region_init_size_ram
                0x0801b9e8        0x4 LONG 0x1b08 __cs3_region_zero_size_ram
                0x0801b9ec                __exidx_start = .

.v4_bx          0x0801b9ec        0x0
 .v4_bx         0x00000000        0x0 linker stubs

.ARM.exidx      0x0801b9ec        0x8
 *(.ARM.exidx* .gnu.linkonce.armexidx.*)
 .ARM.exidx     0x0801b9ec        0x8 /home/laurence/CodeSourcery/Sourcery_G++_Lite/bin/../lib/gcc/arm-none-eabi/4.5.2/thumb2/libgcc.a(_divdi3.o)
 .ARM.exidx     0x0801b9f4        0x0 /home/laurence/CodeSourcery/Sourcery_G++_Lite/bin/../lib/gcc/arm-none-eabi/4.5.2/thumb2/libgcc.a(_udivdi3.o)
                                  0x8 (size before relaxing)
                0x0801b9f4                __exidx_end = .

.text.align     0x0801b9f4        0x4
                0x0801b9f8                . = ALIGN (0x8)
 *fill*         0x0801b9f4        0x4 00
                0x0801b9f8                _etext = .
                0x08020000                __cs3_region_end_rom = (__cs3_region_start_rom + 0x20000)
                0x00020000                __cs3_region_size_rom = 0x20000
                0x00000001                __cs3_region_num = 0x1

.data           0x20000000      0x688 load address 0x0801b9f8
                0x20000000                __cs3_region_start_ram = .
 *(.cs3.region-head.ram)
 *(.jcr)
 .jcr           0x20000000        0x0 /home/laurence/CodeSourcery/Sourcery_G++_Lite/bin/../lib/gcc/arm-none-eabi/4.5.2/thumb2/crtbegin.o
 .jcr           0x20000000        0x4 /home/laurence/CodeSourcery/Sourcery_G++_Lite/bin/../lib/gcc/arm-none-eabi/4.5.2/thumb2/crtend.o
 *(.got.plt)
 *(.got)
 *(.shdata)
 *(.data .data.* .gnu.linkonce.d.*)
 .data          0x20000004        0x1 Util/Fatfs/sd_spi_stm32.o
 *fill*         0x20000005        0x3 00
 .data          0x20000008       0x28 Util/uavtalk.o
                0x20000008                UAVtalk_conf
 .data          0x20000030       0x78 i2c_int.o
                0x20000030                I2C_jobs
 .data          0x200000a8        0x1 main.o
                0x200000a8                Spi_Locked
 *fill*         0x200000a9        0x3 00
 .data          0x200000ac        0x4 Control/ekf.o
                0x200000ac                Ge
 .data          0x200000b0       0xb0 Control/imu.o
 .data          0x20000160       0x14 lib/STM32F10x_StdPeriph_Driver/libstm32fw.a(stm32f10x_rcc.o)
 .data          0x20000174        0x1 /home/laurence/CodeSourcery/Sourcery_G++_Lite/bin/../lib/gcc/arm-none-eabi/4.5.2/../../../../arm-none-eabi/lib/thumb2/libm.a(lib_a-s_lib_ver.o)
                0x20000174                __fdlib_version
 *fill*         0x20000175        0x3 00
 .data          0x20000178       0xf4 /home/laurence/CodeSourcery/Sourcery_G++_Lite/bin/../lib/gcc/arm-none-eabi/4.5.2/../../../../arm-none-eabi/lib/thumb2/libc.a(lib_a-impure.o)
                0x20000178                _impure_ptr
 .data          0x2000026c      0x410 /home/laurence/CodeSourcery/Sourcery_G++_Lite/bin/../lib/gcc/arm-none-eabi/4.5.2/../../../../arm-none-eabi/lib/thumb2/libc.a(lib_a-mallocr.o)
                0x2000026c                __malloc_av_
                0x20000674                __malloc_sbrk_base
                0x20000678                __malloc_trim_threshold
 .data          0x2000067c        0x4 /home/laurence/CodeSourcery/Sourcery_G++_Lite/bin/../lib/gcc/arm-none-eabi/4.5.2/../../../../arm-none-eabi/lib/thumb2/libcs3unhosted.a(unhosted-sbrk.o)
 .data          0x20000680        0x4 /home/laurence/CodeSourcery/Sourcery_G++_Lite/bin/../lib/gcc/arm-none-eabi/4.5.2/../../../../arm-none-eabi/lib/thumb2/libcs3.a(heap.o)
                0x20000680                __cs3_heap_limit
 *(.ram)
                0x20000688                . = ALIGN (0x8)
 *fill*         0x20000684        0x4 00
                0x20000688                _edata = .

.bss            0x20000688     0x1b08 load address 0x0801c080
 *(.shbss)
 *(.bss .bss.* .gnu.linkonce.b.*)
 .bss           0x20000688        0x1 /home/laurence/CodeSourcery/Sourcery_G++_Lite/bin/../lib/gcc/arm-none-eabi/4.5.2/thumb2/crtbegin.o
 *fill*         0x20000689        0x1 00
 .bss           0x2000068a       0x20 Sensors/accel_down.o
                0x200006a4                Accel_Data_Buffer
 *fill*         0x200006aa        0x2 00
 .bss           0x200006ac       0x28 Sensors/bmp085.o
                0x200006ac                Sea_Level_Pressure
                0x200006b0                Our_Sensorcal
                0x200006c8                Bmp_temp
                0x200006cc                Bmp_Temp_Buffer
                0x200006d0                Bmp_Press_Buffer
 .bss           0x200006d4        0xc Sensors/earth_field.o
 .bss           0x200006e0        0x4 Sensors/pitot.o
                0x200006e0                Pitot_Pressure
 .bss           0x200006e4        0xa Sensors/ubx.o
 *fill*         0x200006ee        0x2 00
 .bss           0x200006f0        0x8 Util/Fatfs/ff.o
 .bss           0x200006f8       0x10 Util/Fatfs/sd_spi_stm32.o
 .bss           0x20000708        0x8 Util/RF22/RF22.o
                0x20000708                _ZN4RF2217_RF22ForInterruptE
 .bss           0x20000710       0x3b Util/RF22/RF22Mesh.o
                0x20000710                _ZN8RF22Mesh11_tmpMessageE
 .bss           0x2000074b       0x40 Util/RF22/RF22Router.o
                0x2000074b                _ZN10RF22Router11_tmpMessageE
 *fill*         0x2000078b        0x1 00
 .bss           0x2000078c      0x180 Util/RF22/ctocpp.o
                0x2000078c                rf22
 .bss           0x2000090c       0x84 Util/rprintf.o
 .bss           0x20000990       0x44 Util/uavtalk.o
                0x2000099c                UAVtalk_semaphores
                0x200009a4                UAVtalk_pointers
                0x200009c4                UAVtalk_stream_timers
 .bss           0x200009d4       0x10 i2c_int.o
                0x200009d4                I2C1error
                0x200009d6                job
                0x200009d8                Jobs
                0x200009e0                Completed_Jobs
 .bss           0x200009e4        0x8 interrupts.o
 .bss           0x200009ec      0x9c8 main.o
                0x200009ec                Gps_Buffer
                0x20000af4                Millis
                0x20000af8                Gps
                0x20000b2c                Home_Position
                0x20000b7c                Long_To_Meters_Home
                0x20000db0                f_err_code
                0x20000db4                FATFS_logfile
                0x20000fd8                Kalman_Enabled
                0x20000fdc                Si4432_buff
                0x200010e4                UAVtalk_Attitude_Array
                0x20001100                Nav_Global
                0x20001134                UAVtalk_Altitude_Array
                0x20001140                Waypoint_Global
                0x2000114c                uavtalk_usart_port
                0x200011e0                Usart1tx
                0x200012e8                Nav_Flag
                0x200012e9                New_Waypoint_Flagged
                0x200012ec                uavtalk_si4432_port
                0x20001380                Ground_Flag
                0x20001384                Balt
                0x20001388                GCS_Telem
                0x2000139d                Flight_Telem
 .bss           0x200013b4       0x1a pwm.o
                0x200013b4                TIM_TimeBaseStructure
                0x200013be                TIM_OCInitStructure
 .bss           0x200013ce      0x104 usart.o
                0x200013ce                Usart1_rx_buff
 *fill*         0x200014d2        0x2 00
 .bss           0x200014d4      0xbf8 Control/ekf.o
                0x200014d4                Be
                0x200014e0                P
                0x20001784                X
                0x200017b8                Q
                0x200017dc                R
                0x20001804                F
                0x20001aa8                G
                0x20001c7c                K
                0x20001e84                H
                0x2000208c                Nav
                0x200020c0                zeros
 .bss           0x200020cc       0x88 Control/imu.o
                0x200020cc                Accel_Access_Flag
                0x200020dc                Gyro_Data_Buffer
                0x20002124                Magno_Data_Buffer
                0x2000214c                Accel_Data_Vector
 .bss           0x20002154       0x34 /home/laurence/CodeSourcery/Sourcery_G++_Lite/bin/../lib/gcc/arm-none-eabi/4.5.2/../../../../arm-none-eabi/lib/thumb2/libc.a(lib_a-mallocr.o)
                0x20002154                __malloc_top_pad
                0x20002158                __malloc_current_mallinfo
                0x20002180                __malloc_max_sbrked_mem
                0x20002184                __malloc_max_total_mem
 *(COMMON)
 COMMON         0x20002188        0x4 /home/laurence/CodeSourcery/Sourcery_G++_Lite/bin/../lib/gcc/arm-none-eabi/4.5.2/../../../../arm-none-eabi/lib/thumb2/libc.a(lib_a-reent.o)
                0x20002188                errno
 *(.ram.b)
                0x20002190                . = ALIGN (0x8)
 *fill*         0x2000218c        0x4 00
                0x20002190                _end = .
                0x20002190                __end = .
                0x20005000                __cs3_region_end_ram = (__cs3_region_start_ram + 0x5000)
                0x00005000                __cs3_region_size_ram = 0x5000
                0x0801b9f8                __cs3_region_init_ram = LOADADDR (.data)
                0x00000688                __cs3_region_init_size_ram = (_edata - ADDR (.data))
                0x00001b08                __cs3_region_zero_size_ram = (_end - _edata)
                0x00000001                __cs3_region_num = 0x1

.stab
 *(.stab)

.stabstr
 *(.stabstr)

.debug
 *(.debug)

.line
 *(.line)

.debug_srcinfo
 *(.debug_srcinfo)

.debug_sfnames
 *(.debug_sfnames)

.debug_aranges
 *(.debug_aranges)

.debug_pubnames
 *(.debug_pubnames)

.debug_info
 *(.debug_info .gnu.linkonce.wi.*)

.debug_abbrev
 *(.debug_abbrev)

.debug_line
 *(.debug_line)

.comment        0x00000000      0x305
 .comment       0x00000000       0x2a Sensors/accel_down.o
                                 0x2b (size before relaxing)
 .comment       0x00000000       0x2b Sensors/bmp085.o
 .comment       0x00000000       0x2b Sensors/earth_field.o
 .comment       0x00000000       0x2b Sensors/pitot.o
 .comment       0x00000000       0x2b Sensors/sensorcal.o
 .comment       0x00000000       0x2b Sensors/ubx.o
 .comment       0x00000000       0x2b Util/Fatfs/fattime.o
 .comment       0x00000000       0x2b Util/Fatfs/ff.o
 .comment       0x00000000       0x2b Util/Fatfs/rtc.o
 .comment       0x00000000       0x2b Util/Fatfs/sd_spi_stm32.o
 .comment       0x00000000       0x2b Util/RF22/RF22.o
 .comment       0x00000000       0x2b Util/RF22/RF22Datagram.o
 .comment       0x00000000       0x2b Util/RF22/RF22Mesh.o
 .comment       0x00000000       0x2b Util/RF22/RF22ReliableDatagram.o
 .comment       0x00000000       0x2b Util/RF22/RF22Router.o
 .comment       0x00000000       0x2b Util/RF22/ctocpp.o
 .comment       0x00000000       0x2b Util/atmospherics.o
 .comment       0x00000000       0x2b Util/coords.o
 .comment       0x00000000       0x2b Util/crc.o
 .comment       0x00000000       0x2b Util/delay.o
 .comment       0x00000000       0x2b Util/gravity.o
 .comment       0x00000000       0x2b Util/rprintf.o
 .comment       0x00000000       0x2b Util/time.o
 .comment       0x00000000       0x2b Util/uavtalk.o
 .comment       0x00000000       0x2b dma.o
 .comment       0x00000000       0x2b gpio.o
 .comment       0x00000000       0x2b i2c_int.o
 .comment       0x00000000       0x2b interrupts.o
 .comment       0x00000000       0x2b lib/CMSIS_CM3/core_cm3.o
 .comment       0x00000000       0x2b lib/CMSIS_CM3/system_stm32f10x.o
 .comment       0x00000000       0x2b main.o
 .comment       0x00000000       0x2b pwm.o
 .comment       0x00000000       0x2b usart.o
 .comment       0x00000000       0x2b watchdog.o
 .comment       0x0000002a       0x2b Control/ekf.o
 .comment       0x00000055       0x2b Control/imu.o
 .comment       0x00000080       0x2b Control/loops.o
 .comment       0x000000ab       0x2b Control/servos.o
 .comment       0x000000d6       0x2b lib/STM32F10x_StdPeriph_Driver/libstm32fw.a(misc.o)
 .comment       0x00000101       0x2b lib/STM32F10x_StdPeriph_Driver/libstm32fw.a(stm32f10x_bkp.o)
 .comment       0x0000012c       0x2b lib/STM32F10x_StdPeriph_Driver/libstm32fw.a(stm32f10x_dma.o)
 .comment       0x00000157       0x2b lib/STM32F10x_StdPeriph_Driver/libstm32fw.a(stm32f10x_exti.o)
 .comment       0x00000182       0x2b lib/STM32F10x_StdPeriph_Driver/libstm32fw.a(stm32f10x_gpio.o)
 .comment       0x000001ad       0x2b lib/STM32F10x_StdPeriph_Driver/libstm32fw.a(stm32f10x_i2c.o)
 .comment       0x000001d8       0x2b lib/STM32F10x_StdPeriph_Driver/libstm32fw.a(stm32f10x_iwdg.o)
 .comment       0x00000203       0x2b lib/STM32F10x_StdPeriph_Driver/libstm32fw.a(stm32f10x_pwr.o)
 .comment       0x0000022e       0x2b lib/STM32F10x_StdPeriph_Driver/libstm32fw.a(stm32f10x_rcc.o)
 .comment       0x00000259       0x2b lib/STM32F10x_StdPeriph_Driver/libstm32fw.a(stm32f10x_rtc.o)
 .comment       0x00000284       0x2b lib/STM32F10x_StdPeriph_Driver/libstm32fw.a(stm32f10x_spi.o)
 .comment       0x000002af       0x2b lib/STM32F10x_StdPeriph_Driver/libstm32fw.a(stm32f10x_tim.o)
 .comment       0x000002da       0x2b lib/STM32F10x_StdPeriph_Driver/libstm32fw.a(stm32f10x_usart.o)

.debug_frame    0x00000000      0xa44
 *(.debug_frame)
 .debug_frame   0x00000000       0x30 /home/laurence/CodeSourcery/Sourcery_G++_Lite/bin/../lib/gcc/arm-none-eabi/4.5.2/../../../../arm-none-eabi/lib/thumb2/libm.a(lib_a-s_cos.o)
 .debug_frame   0x00000030       0x34 /home/laurence/CodeSourcery/Sourcery_G++_Lite/bin/../lib/gcc/arm-none-eabi/4.5.2/../../../../arm-none-eabi/lib/thumb2/libm.a(lib_a-s_floor.o)
 .debug_frame   0x00000064       0x30 /home/laurence/CodeSourcery/Sourcery_G++_Lite/bin/../lib/gcc/arm-none-eabi/4.5.2/../../../../arm-none-eabi/lib/thumb2/libm.a(lib_a-s_sin.o)
 .debug_frame   0x00000094       0x34 /home/laurence/CodeSourcery/Sourcery_G++_Lite/bin/../lib/gcc/arm-none-eabi/4.5.2/../../../../arm-none-eabi/lib/thumb2/libm.a(lib_a-w_asin.o)
 .debug_frame   0x000000c8       0x20 /home/laurence/CodeSourcery/Sourcery_G++_Lite/bin/../lib/gcc/arm-none-eabi/4.5.2/../../../../arm-none-eabi/lib/thumb2/libm.a(lib_a-w_atan2.o)
 .debug_frame   0x000000e8       0x3c /home/laurence/CodeSourcery/Sourcery_G++_Lite/bin/../lib/gcc/arm-none-eabi/4.5.2/../../../../arm-none-eabi/lib/thumb2/libm.a(lib_a-w_pow.o)
 .debug_frame   0x00000124       0x38 /home/laurence/CodeSourcery/Sourcery_G++_Lite/bin/../lib/gcc/arm-none-eabi/4.5.2/../../../../arm-none-eabi/lib/thumb2/libm.a(lib_a-w_sqrt.o)
 .debug_frame   0x0000015c       0x30 /home/laurence/CodeSourcery/Sourcery_G++_Lite/bin/../lib/gcc/arm-none-eabi/4.5.2/../../../../arm-none-eabi/lib/thumb2/libm.a(lib_a-wf_asin.o)
 .debug_frame   0x0000018c       0x20 /home/laurence/CodeSourcery/Sourcery_G++_Lite/bin/../lib/gcc/arm-none-eabi/4.5.2/../../../../arm-none-eabi/lib/thumb2/libm.a(lib_a-wf_atan2.o)
 .debug_frame   0x000001ac       0x3c /home/laurence/CodeSourcery/Sourcery_G++_Lite/bin/../lib/gcc/arm-none-eabi/4.5.2/../../../../arm-none-eabi/lib/thumb2/libm.a(lib_a-e_asin.o)
 .debug_frame   0x000001e8       0x3c /home/laurence/CodeSourcery/Sourcery_G++_Lite/bin/../lib/gcc/arm-none-eabi/4.5.2/../../../../arm-none-eabi/lib/thumb2/libm.a(lib_a-e_atan2.o)
 .debug_frame   0x00000224       0x3c /home/laurence/CodeSourcery/Sourcery_G++_Lite/bin/../lib/gcc/arm-none-eabi/4.5.2/../../../../arm-none-eabi/lib/thumb2/libm.a(lib_a-e_pow.o)
 .debug_frame   0x00000260       0x3c /home/laurence/CodeSourcery/Sourcery_G++_Lite/bin/../lib/gcc/arm-none-eabi/4.5.2/../../../../arm-none-eabi/lib/thumb2/libm.a(lib_a-e_rem_pio2.o)
 .debug_frame   0x0000029c       0x34 /home/laurence/CodeSourcery/Sourcery_G++_Lite/bin/../lib/gcc/arm-none-eabi/4.5.2/../../../../arm-none-eabi/lib/thumb2/libm.a(lib_a-e_sqrt.o)
 .debug_frame   0x000002d0       0x34 /home/laurence/CodeSourcery/Sourcery_G++_Lite/bin/../lib/gcc/arm-none-eabi/4.5.2/../../../../arm-none-eabi/lib/thumb2/libm.a(lib_a-ef_asin.o)
 .debug_frame   0x00000304       0x30 /home/laurence/CodeSourcery/Sourcery_G++_Lite/bin/../lib/gcc/arm-none-eabi/4.5.2/../../../../arm-none-eabi/lib/thumb2/libm.a(lib_a-ef_atan2.o)
 .debug_frame   0x00000334       0x2c /home/laurence/CodeSourcery/Sourcery_G++_Lite/bin/../lib/gcc/arm-none-eabi/4.5.2/../../../../arm-none-eabi/lib/thumb2/libm.a(lib_a-ef_sqrt.o)
 .debug_frame   0x00000360       0x3c /home/laurence/CodeSourcery/Sourcery_G++_Lite/bin/../lib/gcc/arm-none-eabi/4.5.2/../../../../arm-none-eabi/lib/thumb2/libm.a(lib_a-k_cos.o)
 .debug_frame   0x0000039c       0x3c /home/laurence/CodeSourcery/Sourcery_G++_Lite/bin/../lib/gcc/arm-none-eabi/4.5.2/../../../../arm-none-eabi/lib/thumb2/libm.a(lib_a-k_rem_pio2.o)
 .debug_frame   0x000003d8       0x3c /home/laurence/CodeSourcery/Sourcery_G++_Lite/bin/../lib/gcc/arm-none-eabi/4.5.2/../../../../arm-none-eabi/lib/thumb2/libm.a(lib_a-k_sin.o)
 .debug_frame   0x00000414       0x38 /home/laurence/CodeSourcery/Sourcery_G++_Lite/bin/../lib/gcc/arm-none-eabi/4.5.2/../../../../arm-none-eabi/lib/thumb2/libm.a(lib_a-s_atan.o)
 .debug_frame   0x0000044c       0x20 /home/laurence/CodeSourcery/Sourcery_G++_Lite/bin/../lib/gcc/arm-none-eabi/4.5.2/../../../../arm-none-eabi/lib/thumb2/libm.a(lib_a-s_fabs.o)
 .debug_frame   0x0000046c       0x20 /home/laurence/CodeSourcery/Sourcery_G++_Lite/bin/../lib/gcc/arm-none-eabi/4.5.2/../../../../arm-none-eabi/lib/thumb2/libm.a(lib_a-s_finite.o)
 .debug_frame   0x0000048c       0x28 /home/laurence/CodeSourcery/Sourcery_G++_Lite/bin/../lib/gcc/arm-none-eabi/4.5.2/../../../../arm-none-eabi/lib/thumb2/libm.a(lib_a-s_fpclassify.o)
 .debug_frame   0x000004b4       0x20 /home/laurence/CodeSourcery/Sourcery_G++_Lite/bin/../lib/gcc/arm-none-eabi/4.5.2/../../../../arm-none-eabi/lib/thumb2/libm.a(lib_a-s_matherr.o)
 .debug_frame   0x000004d4       0x20 /home/laurence/CodeSourcery/Sourcery_G++_Lite/bin/../lib/gcc/arm-none-eabi/4.5.2/../../../../arm-none-eabi/lib/thumb2/libm.a(lib_a-s_nan.o)
 .debug_frame   0x000004f4       0x34 /home/laurence/CodeSourcery/Sourcery_G++_Lite/bin/../lib/gcc/arm-none-eabi/4.5.2/../../../../arm-none-eabi/lib/thumb2/libm.a(lib_a-s_rint.o)
 .debug_frame   0x00000528       0x30 /home/laurence/CodeSourcery/Sourcery_G++_Lite/bin/../lib/gcc/arm-none-eabi/4.5.2/../../../../arm-none-eabi/lib/thumb2/libm.a(lib_a-s_scalbn.o)
 .debug_frame   0x00000558       0x30 /home/laurence/CodeSourcery/Sourcery_G++_Lite/bin/../lib/gcc/arm-none-eabi/4.5.2/../../../../arm-none-eabi/lib/thumb2/libm.a(lib_a-sf_atan.o)
 .debug_frame   0x00000588       0x20 /home/laurence/CodeSourcery/Sourcery_G++_Lite/bin/../lib/gcc/arm-none-eabi/4.5.2/../../../../arm-none-eabi/lib/thumb2/libm.a(lib_a-sf_fabs.o)
 .debug_frame   0x000005a8       0x20 /home/laurence/CodeSourcery/Sourcery_G++_Lite/bin/../lib/gcc/arm-none-eabi/4.5.2/../../../../arm-none-eabi/lib/thumb2/libm.a(lib_a-sf_fpclassify.o)
 .debug_frame   0x000005c8       0x28 /home/laurence/CodeSourcery/Sourcery_G++_Lite/bin/../lib/gcc/arm-none-eabi/4.5.2/../../../../arm-none-eabi/lib/thumb2/libm.a(lib_a-s_copysign.o)
 .debug_frame   0x000005f0       0x20 /home/laurence/CodeSourcery/Sourcery_G++_Lite/bin/../lib/gcc/arm-none-eabi/4.5.2/thumb2/libgcc.a(_divsi3.o)
 .debug_frame   0x00000610       0x28 /home/laurence/CodeSourcery/Sourcery_G++_Lite/bin/../lib/gcc/arm-none-eabi/4.5.2/thumb2/libgcc.a(_fixsfdi.o)
 .debug_frame   0x00000638       0x2c /home/laurence/CodeSourcery/Sourcery_G++_Lite/bin/../lib/gcc/arm-none-eabi/4.5.2/thumb2/libgcc.a(_fixunssfdi.o)
 .debug_frame   0x00000664       0x50 /home/laurence/CodeSourcery/Sourcery_G++_Lite/bin/../lib/gcc/arm-none-eabi/4.5.2/thumb2/libgcc.a(bpabi.o)
 .debug_frame   0x000006b4       0x3c /home/laurence/CodeSourcery/Sourcery_G++_Lite/bin/../lib/gcc/arm-none-eabi/4.5.2/thumb2/libgcc.a(_divdi3.o)
 .debug_frame   0x000006f0       0x3c /home/laurence/CodeSourcery/Sourcery_G++_Lite/bin/../lib/gcc/arm-none-eabi/4.5.2/thumb2/libgcc.a(_udivdi3.o)