Archive member included because of file (symbol)

lib/STM32F10x_StdPeriph_Driver/libstm32fw.a(misc.o)
                              interrupts.o (NVIC_PriorityGroupConfig)
lib/STM32F10x_StdPeriph_Driver/libstm32fw.a(stm32f10x_bkp.o)
                              Util/Fatfs/rtc.o (BKP_WriteBackupRegister)
lib/STM32F10x_StdPeriph_Driver/libstm32fw.a(stm32f10x_dma.o)
                              dma.o (DMA_DeInit)
lib/STM32F10x_StdPeriph_Driver/libstm32fw.a(stm32f10x_exti.o)
                              interrupts.o (EXTI_Init)
lib/STM32F10x_StdPeriph_Driver/libstm32fw.a(stm32f10x_gpio.o)
                              Util/Fatfs/sd_spi_stm32.o (GPIO_Init)
lib/STM32F10x_StdPeriph_Driver/libstm32fw.a(stm32f10x_i2c.o)
                              i2c.o (I2C_Cmd)
lib/STM32F10x_StdPeriph_Driver/libstm32fw.a(stm32f10x_iwdg.o)
                              watchdog.o (IWDG_WriteAccessCmd)
lib/STM32F10x_StdPeriph_Driver/libstm32fw.a(stm32f10x_pwr.o)
                              Util/Fatfs/rtc.o (PWR_BackupAccessCmd)
lib/STM32F10x_StdPeriph_Driver/libstm32fw.a(stm32f10x_rcc.o)
                              Util/Fatfs/rtc.o (RCC_LSEConfig)
lib/STM32F10x_StdPeriph_Driver/libstm32fw.a(stm32f10x_rtc.o)
                              Util/Fatfs/rtc.o (RTC_GetCounter)
lib/STM32F10x_StdPeriph_Driver/libstm32fw.a(stm32f10x_spi.o)
                              Util/Fatfs/sd_spi_stm32.o (SPI_Init)
lib/STM32F10x_StdPeriph_Driver/libstm32fw.a(stm32f10x_tim.o)
                              pwm.o (TIM_TimeBaseInit)
lib/STM32F10x_StdPeriph_Driver/libstm32fw.a(stm32f10x_usart.o)
                              usart.o (USART_Cmd)
/home/laurence/CodeSourcery/Sourcery_G++_Lite/bin/../lib/gcc/arm-none-eabi/4.4.1/../../../../arm-none-eabi/lib/thumb2/libm.a(lib_a-s_cos.o)
                              Sensors/earth_field.o (cos)
/home/laurence/CodeSourcery/Sourcery_G++_Lite/bin/../lib/gcc/arm-none-eabi/4.4.1/../../../../arm-none-eabi/lib/thumb2/libm.a(lib_a-s_sin.o)
                              Sensors/earth_field.o (sin)
/home/laurence/CodeSourcery/Sourcery_G++_Lite/bin/../lib/gcc/arm-none-eabi/4.4.1/../../../../arm-none-eabi/lib/thumb2/libm.a(lib_a-w_asin.o)
                              Sensors/earth_field.o (asin)
/home/laurence/CodeSourcery/Sourcery_G++_Lite/bin/../lib/gcc/arm-none-eabi/4.4.1/../../../../arm-none-eabi/lib/thumb2/libm.a(lib_a-w_atan2.o)
                              Sensors/earth_field.o (atan2)
/home/laurence/CodeSourcery/Sourcery_G++_Lite/bin/../lib/gcc/arm-none-eabi/4.4.1/../../../../arm-none-eabi/lib/thumb2/libm.a(lib_a-w_pow.o)
                              Sensors/bmp085.o (pow)
/home/laurence/CodeSourcery/Sourcery_G++_Lite/bin/../lib/gcc/arm-none-eabi/4.4.1/../../../../arm-none-eabi/lib/thumb2/libm.a(lib_a-w_sqrt.o)
                              Sensors/earth_field.o (sqrt)
/home/laurence/CodeSourcery/Sourcery_G++_Lite/bin/../lib/gcc/arm-none-eabi/4.4.1/../../../../arm-none-eabi/lib/thumb2/libm.a(lib_a-wf_asin.o)
                              Util/coords.o (asinf)
/home/laurence/CodeSourcery/Sourcery_G++_Lite/bin/../lib/gcc/arm-none-eabi/4.4.1/../../../../arm-none-eabi/lib/thumb2/libm.a(lib_a-wf_atan2.o)
                              Util/coords.o (atan2f)
/home/laurence/CodeSourcery/Sourcery_G++_Lite/bin/../lib/gcc/arm-none-eabi/4.4.1/../../../../arm-none-eabi/lib/thumb2/libm.a(lib_a-e_asin.o)
                              /home/laurence/CodeSourcery/Sourcery_G++_Lite/bin/../lib/gcc/arm-none-eabi/4.4.1/../../../../arm-none-eabi/lib/thumb2/libm.a(lib_a-w_asin.o) (__ieee754_asin)
/home/laurence/CodeSourcery/Sourcery_G++_Lite/bin/../lib/gcc/arm-none-eabi/4.4.1/../../../../arm-none-eabi/lib/thumb2/libm.a(lib_a-e_atan2.o)
                              /home/laurence/CodeSourcery/Sourcery_G++_Lite/bin/../lib/gcc/arm-none-eabi/4.4.1/../../../../arm-none-eabi/lib/thumb2/libm.a(lib_a-w_atan2.o) (__ieee754_atan2)
/home/laurence/CodeSourcery/Sourcery_G++_Lite/bin/../lib/gcc/arm-none-eabi/4.4.1/../../../../arm-none-eabi/lib/thumb2/libm.a(lib_a-e_pow.o)
                              /home/laurence/CodeSourcery/Sourcery_G++_Lite/bin/../lib/gcc/arm-none-eabi/4.4.1/../../../../arm-none-eabi/lib/thumb2/libm.a(lib_a-w_pow.o) (__ieee754_pow)
/home/laurence/CodeSourcery/Sourcery_G++_Lite/bin/../lib/gcc/arm-none-eabi/4.4.1/../../../../arm-none-eabi/lib/thumb2/libm.a(lib_a-e_rem_pio2.o)
                              /home/laurence/CodeSourcery/Sourcery_G++_Lite/bin/../lib/gcc/arm-none-eabi/4.4.1/../../../../arm-none-eabi/lib/thumb2/libm.a(lib_a-s_cos.o) (__ieee754_rem_pio2)
/home/laurence/CodeSourcery/Sourcery_G++_Lite/bin/../lib/gcc/arm-none-eabi/4.4.1/../../../../arm-none-eabi/lib/thumb2/libm.a(lib_a-e_sqrt.o)
                              /home/laurence/CodeSourcery/Sourcery_G++_Lite/bin/../lib/gcc/arm-none-eabi/4.4.1/../../../../arm-none-eabi/lib/thumb2/libm.a(lib_a-w_sqrt.o) (__ieee754_sqrt)
[...]
Memory Configuration

Name             Origin             Length             Attributes
ram              0x20000000         0x00005000         xrw
rom              0x08000000         0x00020000         xr
*default*        0x00000000         0xffffffff

Linker script and memory map

LOAD /home/laurence/CodeSourcery/Sourcery_G++_Lite/bin/../lib/gcc/arm-none-eabi/4.4.1/thumb2/crti.o
LOAD /home/laurence/CodeSourcery/Sourcery_G++_Lite/bin/../lib/gcc/arm-none-eabi/4.4.1/thumb2/crtbegin.o
LOAD Sensors/bmp085.o
LOAD Sensors/earth_field.o
LOAD Sensors/pitot.o
LOAD Sensors/ubx.o
LOAD Util/Fatfs/fattime.o
LOAD Util/Fatfs/ff.o
LOAD Util/Fatfs/rtc.o
LOAD Util/Fatfs/sd_spi_stm32.o
LOAD Util/atmospherics.o
LOAD Util/coords.o
LOAD Util/crc.o
LOAD Util/delay.o
LOAD Util/gravity.o
LOAD Util/rprintf.o
LOAD Util/time.o
LOAD Util/uavtalk.o
LOAD dma.o
LOAD gpio.o
LOAD i2c.o
LOAD interrupts.o
LOAD lib/CMSIS_CM3/core_cm3.o
LOAD lib/CMSIS_CM3/startup/gcc/startup_stm32f10x_md.o
LOAD lib/CMSIS_CM3/system_stm32f10x.o
LOAD main.o
LOAD pwm.o
LOAD usart.o
LOAD watchdog.o
LOAD Control/ekf.o
LOAD Control/imu.o
LOAD Control/loops.o
LOAD Control/sensorcal.o
LOAD Control/servos.o
LOAD lib/STM32F10x_StdPeriph_Driver/libstm32fw.a
LOAD lib/STM32_USB-FS-Device_Driver/libstm32usb.a
LOAD /home/laurence/CodeSourcery/Sourcery_G++_Lite/bin/../lib/gcc/arm-none-eabi/4.4.1/../../../../arm-none-eabi/lib/thumb2/libm.a
START GROUP
LOAD /home/laurence/CodeSourcery/Sourcery_G++_Lite/bin/../lib/gcc/arm-none-eabi/4.4.1/thumb2/libgcc.a
LOAD /home/laurence/CodeSourcery/Sourcery_G++_Lite/bin/../lib/gcc/arm-none-eabi/4.4.1/../../../../arm-none-eabi/lib/thumb2/libc.a
END GROUP
LOAD /home/laurence/CodeSourcery/Sourcery_G++_Lite/bin/../lib/gcc/arm-none-eabi/4.4.1/thumb2/crtend.o
LOAD /home/laurence/CodeSourcery/Sourcery_G++_Lite/bin/../lib/gcc/arm-none-eabi/4.4.1/thumb2/crtn.o
START GROUP
LOAD /home/laurence/CodeSourcery/Sourcery_G++_Lite/bin/../lib/gcc/arm-none-eabi/4.4.1/thumb2/libgcc.a
LOAD /home/laurence/CodeSourcery/Sourcery_G++_Lite/bin/../lib/gcc/arm-none-eabi/4.4.1/../../../../arm-none-eabi/lib/thumb2/libc.a
LOAD /home/laurence/CodeSourcery/Sourcery_G++_Lite/bin/../lib/gcc/arm-none-eabi/4.4.1/../../../../arm-none-eabi/lib/thumb2/libcs3.a
LOAD /home/laurence/CodeSourcery/Sourcery_G++_Lite/bin/../lib/gcc/arm-none-eabi/4.4.1/../../../../arm-none-eabi/lib/thumb2/libcs3unhosted.a
LOAD lib/libcs3-lanchon-stm32.a
END GROUP
                0x20005000                PROVIDE (__cs3_stack, (__cs3_region_start_ram + __cs3_region_size_ram))
                0x20001af0                PROVIDE (__cs3_heap_start, _end)
                0x20005000                PROVIDE (__cs3_heap_end, (__cs3_region_start_ram + __cs3_region_size_ram))

.text           0x08000000    0x19ac0
 CREATE_OBJECT_SYMBOLS
                0x08000000                __cs3_region_start_rom = .
 *(.cs3.region-head.rom)
                0x08000000                __cs3_interrupt_vector = __cs3_interrupt_vector_lanchon_stm32
 *(.cs3.interrupt_vector)
 .cs3.interrupt_vector
                0x08000000       0xec lib/libcs3-lanchon-stm32.a(lanchon-stm32-vector.o)
                0x08000000                __cs3_interrupt_vector_lanchon_stm32
                0x08000001                ASSERT ((. != __cs3_interrupt_vector_lanchon_stm32), No interrupt vector)
 *(.rom)
 *(.rom.b)
                0x080187e4                PROVIDE (__cs3_reset_lanchon_stm32, _start)
                0x080187e4                __cs3_reset = __cs3_reset_lanchon_stm32
 *(.cs3.reset)
 *(.text .text.* .gnu.linkonce.t.*)
 .text          0x080000ec       0x30 /home/laurence/CodeSourcery/Sourcery_G++_Lite/bin/../lib/gcc/arm-none-eabi/4.4.1/thumb2/crtbegin.o
 *fill*         0x0800011c        0x4 00
 .text          0x08000120      0x230 Sensors/bmp085.o
                0x08000120                Bmp085_Convert
                0x080001d8                Baro_Convert_Pressure
                0x08000228                Baro_Setup_Temperature
                0x08000248                Baro_Setup_Pressure
                0x08000268                Baro_Read_Full_ADC
                0x08000292                bmp085ReadShort
                0x080002ae                Baro_Read_ADC
                0x080002b4                Bmp085_ReadConfig
 .text          0x08000350     0x1920 Sensors/earth_field.o
                0x08000350                WMM_CalculateSecularVariation
                0x08000458                WMM_get_secular_var_coeff_g
                0x08000470                WMM_get_main_field_coeff_g
                0x0800050c                WMM_get_secular_var_coeff_h
                0x08000524                WMM_get_main_field_coeff_h
                0x080005b8                WMM_DateToYear
                0x080005f4                WMM_RotateMagneticVector
                0x080006b0                WMM_ComputeSphericalHarmonicVariables
                0x08000784                WMM_GeodeticToSpherical
                0x080008e8                WMM_SecVarSummationSpecial
                0x08000a84                WMM_SecVarSummation
                0x08000c84                WMM_SummationSpecial
                0x08000e24                WMM_Summation
                0x08001024                WMM_PcupLow
                0x08001370                WMM_PcupHigh
                0x08001816                WMM_AssociatedLegendreFunction
                0x080018a4                WMM_CalculateGeoMagneticElements
                0x08001968                WMM_Geomag
                0x08001a60                WMM_Initialize
                0x08001ad8                WMM_GetMagVector
 .text          0x08001c70       0xc4 Sensors/pitot.o
                0x08001c70                Pitot_Conv
                0x08001c86                Pitot_convert_Airspeed
                0x08001cdc                Pitot_Read_Conv
                0x08001d04                Pitot_Set_Temp_Conv
                0x08001d1c                Pitot_Set_Press_Conv
 .text          0x08001d34      0x33c Sensors/ubx.o
                0x08001d34                Gps_Process_Byte
                0x08001eb4                Get_UBX_Ack
                0x08001f64                Config_Gps
 .text          0x08002070       0x42 Util/Fatfs/fattime.o
                0x08002070                get_fattime
 *fill*         0x080020b2        0x2 00
 .text          0x080020b4     0x1a54 Util/Fatfs/ff.o
                0x080020da                clust2sect
                0x0800218a                f_mount
                0x080025c8                put_fat
                0x080026c6                get_fat
                0x08002916                f_truncate
                0x08002b7c                f_readdir
                0x08002bca                f_getfree
                0x08002caa                f_lseek
                0x08002dfc                f_write
                0x08002fae                f_read
                0x080031d8                f_sync
                0x0800328e                f_close
                0x0800349c                f_stat
                0x080034de                f_opendir
                0x0800354c                f_rename
                0x08003672                f_utime
                0x080036d4                f_chmod
                0x08003730                f_unlink
                0x080037f8                f_mkdir
                0x080039aa                f_open
 .text          0x08003b08      0x2e4 Util/Fatfs/rtc.o
                0x08003be4                my_RTC_SetCounter
                0x08003c06                rtc_settime
                0x08003cd8                rtc_init
                0x08003d72                rtc_gettime
 .text          0x08003dec      0x7cc Util/Fatfs/sd_spi_stm32.o
                0x08003e14                disk_status
                0x08003e24                disk_timerproc
                0x080040a4                disk_initialize
                0x08004228                disk_ioctl
                0x0800442c                disk_read
                0x0800450c                disk_write
 .text          0x080045b8       0xd8 Util/atmospherics.o
                0x080045b8                US_1976_Temperature
                0x0800464c                Air_Density
 .text          0x08004690      0x940 Util/coords.o
                0x08004690                CrossProduct
                0x080046ee                quat_inverse
                0x0800470a                quat_copy
                0x08004720                quat_mult
                0x0800482a                rot_mult
                0x080048ca                VectorMagnitude
                0x0800490c                RotFrom2Vectors
                0x08004ad8                R2Quaternion
                0x08004cc0                Quaternion2RPY
                0x08004df8                RneFromLLA
                0x08004eb8                LLA2ECEF
 .text          0x08004fd0       0x2c Util/crc.o
                0x08004fd0                CRC_updateByte
                0x08004fdc                CRC_updateCRC
 .text          0x08004ffc       0x16 Util/delay.o
                0x08004ffc                Delay
 *fill*         0x08005012        0x6 00
 .text          0x08005018       0xc8 Util/gravity.o
                0x08005018                Ge_From_Latitude
 .text          0x080050e0      0x57c Util/rprintf.o
                0x080050e0                rprintfInit
                0x080050ec                rprintfChar
                0x0800510c                rprintfStr
                0x08005124                rprintfStrLen
                0x0800515a                rprintfCRLF
                0x0800515e                rprintfu04
                0x08005168                rprintfu08
                0x0800517a                rprintfu16
                0x0800518c                rprintfu32
                0x0800519e                rprintfNum
                0x08005254                rprintfFloat
                0x0800530c                Isdigit
                0x0800531a                atoiRamRom
                0x08005340                rStrLen
                0x08005350                rprintf2RamRom
 .text          0x0800565c       0x20 Util/time.o
                0x0800565c                Set_RTC_From_GPS
 .text          0x0800567c      0x384 Util/uavtalk.o
                0x0800567c                UAVtalk_Register_Object
                0x08005690                memchr_32
                0x080056b4                UAVtalk_Generate_Packet
                0x080057c8                UAVtalk_Run_Streams
                0x08005848                UAVtalk_Process_Byte
 .text          0x08005a00      0x164 dma.o
                0x08005a00                Pop_From_Buffer
                0x08005a1c                Bytes_In_Buffer
                0x08005a42                Get_From_Buffer
                0x08005a76                Flush_Buffer
                0x08005a8c                DMA_Configuration
                0x08005ad4                DMA_USART1_Configuration
 .text          0x08005b64      0x1e0 gpio.o
                0x08005b64                Get_MEMS_DRDY
                0x08005b8c                MEMS_Status_Configuration
                0x08005bc8                Aux_Devices_Configuration
                0x08005c24                SPI_Control_Configuration
                0x08005c8c                GPS_IO_Configuration
                0x08005cd8                GPIO_Config_AF_Periferals
                0x08005d2c                All_IO_Configuration
 .text          0x08005d44      0x464 i2c.o
                0x08005d44                Flipbytes
                0x08005d4e                I2C_Conf
                0x08005e1c                Gyr_Init
                0x08005e54                Acc_Init
                0x08005e70                Mag_Init
                0x08005e8c                I2C_Read
                0x080060f4                Gyr_Stat
                0x0800610e                Gyr_Read
                0x08006134                Mag_Read
                0x0800615a                I2C_Config
 .text          0x080061a8       0x84 interrupts.o
                0x080061a8                NMI_Handler
                0x080061aa                HardFault_Handler
                0x080061ac                MemManage_Handler
                0x080061ae                BusFault_Handler
                0x080061b0                UsageFault_Handler
                0x080061b2                SVC_Handler
                0x080061b4                DebugMon_Handler
                0x080061b6                PendSV_Handler
                0x080061b8                SysTick_Handler
                0x080061ba                EXTI9_5_IRQHandler
                0x080061d4                EXTI6_Config
 .text.Default_Handler
                0x0800622c        0x2 lib/CMSIS_CM3/startup/gcc/startup_stm32f10x_md.o
                0x0800622c                EXTI2_IRQHandler
                0x0800622c                TIM1_CC_IRQHandler
                0x0800622c                PVD_IRQHandler
                0x0800622c                EXTI3_IRQHandler
                0x0800622c                EXTI0_IRQHandler
                0x0800622c                I2C2_EV_IRQHandler
                0x0800622c                ADC1_2_IRQHandler
                0x0800622c                SPI1_IRQHandler
                0x0800622c                TAMPER_IRQHandler
                0x0800622c                DMA1_Channel4_IRQHandler
                0x0800622c                USART3_IRQHandler
                0x0800622c                RTC_IRQHandler
                0x0800622c                DMA1_Channel7_IRQHandler
                0x0800622c                CAN1_RX1_IRQHandler
                0x0800622c                TIM4_IRQHandler
                0x0800622c                I2C1_EV_IRQHandler
                0x0800622c                DMA1_Channel6_IRQHandler
                0x0800622c                TIM3_IRQHandler
                0x0800622c                RCC_IRQHandler
                0x0800622c                TIM1_TRG_COM_IRQHandler
                0x0800622c                DMA1_Channel1_IRQHandler
                0x0800622c                Default_Handler
                0x0800622c                EXTI15_10_IRQHandler
                0x0800622c                SPI2_IRQHandler
                0x0800622c                DMA1_Channel5_IRQHandler
                0x0800622c                EXTI4_IRQHandler
                0x0800622c                USB_LP_CAN1_RX0_IRQHandler
                0x0800622c                USB_HP_CAN1_TX_IRQHandler
                0x0800622c                DMA1_Channel3_IRQHandler
                0x0800622c                TIM1_UP_IRQHandler
                0x0800622c                WWDG_IRQHandler
                0x0800622c                TIM2_IRQHandler
                0x0800622c                TIM1_BRK_IRQHandler
                0x0800622c                EXTI1_IRQHandler
                0x0800622c                RTCAlarm_IRQHandler
                0x0800622c                USART2_IRQHandler
                0x0800622c                I2C2_ER_IRQHandler
                0x0800622c                DMA1_Channel2_IRQHandler
                0x0800622c                CAN1_SCE_IRQHandler
                0x0800622c                FLASH_IRQHandler
                0x0800622c                USART1_IRQHandler
                0x0800622c                I2C1_ER_IRQHandler
                0x0800622c                USBWakeUp_IRQHandler
 *fill*         0x0800622e        0x2 00
 .text          0x08006230       0xf8 lib/CMSIS_CM3/system_stm32f10x.o
                0x08006230                SystemInit
 .text          0x08006328      0xa18 main.o
                0x08006328                Initialisation
                0x08006bce                main
 .text          0x08006d40      0x1e0 pwm.o
                0x08006d40                PWM_Set
                0x08006dc0                Timer_GPIO_Disable
                0x08006dfc                Timer_GPIO_Enable
                0x08006e38                Timer_RCC_Configuration
                0x08006e50                Init_Timers
 .text          0x08006f20      0x1c8 usart.o
                0x08006f20                Default_Usart_Config
                0x08006f32                __gps_send_char
                0x08006f50                Gps_Send_Str
                0x08006f68                Gps_Send_Utf8
                0x08006f82                __usart_send_char
                0x08006fa0                Usart_Send_Str
                0x08006fb8                usart1_disable_dma
                0x08006fd8                usart1_send_data_dma
                0x08007004                USART2_reconf
                0x08007048                Usarts_Init
 .text          0x080070e8       0x3e watchdog.o
                0x080070e8                Watchdog_Reset_Detect
                0x080070fc                Watchdog_Config
 *fill*         0x08007126        0x2 00
 .text          0x08007128     0x8890 Control/ekf.o
                0x08007128                ins_get_num_states
                0x0800712c                INSGPSInit
                0x08007258                INSResetP
                0x080072a0                INSResetRGPS
                0x080072cc                INSSetState
                0x08007330                INSPosVelReset
                0x080073b8                INSSetPosVelVar
                0x080073d4                INSSetGyroBias
                0x080073f0                INSSetAccelVar
                0x0800740c                INSSetGyroVar
                0x08007428                INSSetMagVar
                0x08007444                INSSetMagNorth
                0x0800745c                INSSetGravity
                0x08007468                CovariancePrediction
                0x0800e7b2                INSCovariancePrediction
                0x0800e7d8                SerialUpdate
                0x0800e930                StateEq
                0x0800ec04                RungeKutta
                0x0800ed2c                LinearizeFG
                0x0800f1a0                MeasurementEq
                0x0800f35e                LinearizeH
                0x0800f628                INSCorrection
                0x0800f7d8                VelBaroCorrection
                0x0800f7f4                GpsMagCorrection
                0x0800f80c                FullCorrection
                0x0800f81a                GpsBaroCorrection
                0x0800f838                MagVelBaroCorrection
                0x0800f854                MagCorrection
                0x0800f874                INSStatePrediction
 .text          0x0800f9b8      0x980 Control/imu.o
                0x0800f9b8                run_imu
 .text          0x08010338       0x64 Control/loops.o
                0x08010338                Run_PID
                0x08010394                Reset_PID
 .text          0x0801039c       0xc8 Control/sensorcal.o
                0x0801039c                Calibrate_3
 .text          0x08010464       0x64 Control/servos.o
                0x08010464                Disable_Servos
                0x08010468                Enable_Servos
                0x0801046c                Apply_Servos
 .text          0x080104c8       0xc0 lib/STM32F10x_StdPeriph_Driver/libstm32fw.a(misc.o)
                0x080104c8                NVIC_PriorityGroupConfig
                0x080104dc                NVIC_Init
                0x08010540                NVIC_SetVectorTable
                0x08010554                NVIC_SystemLPConfig
                0x08010570                SysTick_CLKSourceConfig
 .text          0x08010588       0xe4 lib/STM32F10x_StdPeriph_Driver/libstm32fw.a(stm32f10x_bkp.o)
                0x08010588                BKP_TamperPinLevelConfig
                0x08010594                BKP_TamperPinCmd
                0x080105a0                BKP_ITConfig
                0x080105ac                BKP_RTCOutputConfig
                0x080105c4                BKP_SetRTCCalibrationValue
                0x080105dc                BKP_WriteBackupRegister
                0x080105f8                BKP_ReadBackupRegister
                0x08010618                BKP_GetFlagStatus
                0x08010624                BKP_ClearFlag
                0x08010638                BKP_GetITStatus
                0x08010644                BKP_ClearITPendingBit
                0x08010658                BKP_DeInit
 .text          0x0801066c      0x1d4 lib/STM32F10x_StdPeriph_Driver/libstm32fw.a(stm32f10x_dma.o)
                0x0801066c                DMA_DeInit
                0x0801074c                DMA_Init
                0x0801078c                DMA_StructInit
                0x080107a6                DMA_Cmd
                0x080107ba                DMA_ITConfig
                0x080107cc                DMA_GetCurrDataCounter
                0x080107d2                DMA_GetFlagStatus
                0x080107f0                DMA_ClearFlag
                0x08010808                DMA_GetITStatus
                0x08010828                DMA_ClearITPendingBit
 .text          0x08010840      0x104 lib/STM32F10x_StdPeriph_Driver/libstm32fw.a(stm32f10x_exti.o)
                0x08010840                EXTI_DeInit
                0x0801085c                EXTI_Init
                0x080108dc                EXTI_StructInit
                0x080108ea                EXTI_GenerateSWInterrupt
                0x080108fc                EXTI_GetFlagStatus
                0x08010910                EXTI_ClearFlag
                0x0801091c                EXTI_GetITStatus
                0x08010938                EXTI_ClearITPendingBit
 .text          0x08010944      0x29c lib/STM32F10x_StdPeriph_Driver/libstm32fw.a(stm32f10x_gpio.o)
                0x08010944                GPIO_Init
                0x080109fc                GPIO_StructInit
                0x08010a0c                GPIO_ReadInputDataBit
                0x08010a18                GPIO_ReadInputData
                0x08010a1e                GPIO_ReadOutputDataBit
                0x08010a2a                GPIO_ReadOutputData
                0x08010a30                GPIO_SetBits
                0x08010a34                GPIO_ResetBits
                0x08010a38                GPIO_WriteBit
                0x08010a42                GPIO_Write
                0x08010a46                GPIO_PinLockConfig
                0x08010a56                GPIO_EventOutputConfig
                0x08010a74                GPIO_EventOutputCmd
                0x08010a80                GPIO_PinRemapConfig
                0x08010ae0                GPIO_EXTILineConfig
                0x08010b14                GPIO_ETH_MediaInterfaceConfig
                0x08010b20                GPIO_AFIODeInit
                0x08010b36                GPIO_DeInit
 .text          0x08010be0      0x3cc lib/STM32F10x_StdPeriph_Driver/libstm32fw.a(stm32f10x_i2c.o)
                0x08010be0                I2C_StructInit
                0x08010bfc                I2C_Cmd
                0x08010c16                I2C_DMACmd
                0x08010c30                I2C_DMALastTransferCmd
                0x08010c4a                I2C_GenerateSTART
                0x08010c64                I2C_GenerateSTOP
                0x08010c7e                I2C_AcknowledgeConfig
                0x08010c98                I2C_OwnAddress2Config
                0x08010cae                I2C_DualAddressCmd
                0x08010cc8                I2C_GeneralCallCmd
                0x08010ce2                I2C_ITConfig
                0x08010cf8                I2C_SendData
                0x08010cfc                I2C_ReceiveData
                0x08010d02                I2C_Send7bitAddress
                0x08010d12                I2C_ReadRegister
                0x08010d2a                I2C_SoftwareResetCmd
                0x08010d44                I2C_SMBusAlertConfig
                0x08010d60                I2C_TransmitPEC
                0x08010d7a                I2C_PECPositionConfig
                0x08010d96                I2C_CalculatePEC
                0x08010db0                I2C_GetPEC
                0x08010db8                I2C_ARPCmd
                0x08010dd2                I2C_StretchClockCmd
                0x08010dec                I2C_FastModeDutyCycleConfig
                0x08010e08                I2C_GetLastEvent
                0x08010e18                I2C_CheckEvent
                0x08010e30                I2C_GetFlagStatus
                0x08010e64                I2C_ClearFlag
                0x08010e6c                I2C_GetITStatus
                0x08010e88                I2C_ClearITPendingBit
                0x08010e90                I2C_Init
                0x08010f78                I2C_DeInit
 .text          0x08010fac       0x58 lib/STM32F10x_StdPeriph_Driver/libstm32fw.a(stm32f10x_iwdg.o)
                0x08010fac                IWDG_WriteAccessCmd
                0x08010fb8                IWDG_SetPrescaler
                0x08010fc4                IWDG_SetReload
                0x08010fd0                IWDG_ReloadCounter
                0x08010fe0                IWDG_Enable
                0x08010ff0                IWDG_GetFlagStatus
 .text          0x08011004       0xd0 lib/STM32F10x_StdPeriph_Driver/libstm32fw.a(stm32f10x_pwr.o)
                0x08011008                PWR_BackupAccessCmd
                0x08011014                PWR_PVDCmd
                0x08011020                PWR_PVDLevelConfig
                0x08011034                PWR_WakeUpPinCmd
                0x08011040                PWR_EnterSTOPMode
                0x0801106c                PWR_EnterSTANDBYMode
                0x08011094                PWR_GetFlagStatus
                0x080110a8                PWR_ClearFlag
                0x080110b8                PWR_DeInit
 .text          0x080110d4      0x384 lib/STM32F10x_StdPeriph_Driver/libstm32fw.a(stm32f10x_rcc.o)
                0x080110d4                RCC_DeInit
                0x08011114                RCC_HSEConfig
                0x0801114c                RCC_AdjustHSICalibrationValue
                0x08011160                RCC_HSICmd
                0x0801116c                RCC_PLLConfig
                0x08011184                RCC_PLLCmd
                0x08011190                RCC_SYSCLKConfig
                0x080111a4                RCC_GetSYSCLKSource
                0x080111b4                RCC_HCLKConfig
                0x080111c8                RCC_PCLK1Config
                0x080111dc                RCC_PCLK2Config
                0x080111f0                RCC_ITConfig
                0x0801120c                RCC_USBCLKConfig
                0x08011218                RCC_ADCCLKConfig
                0x0801122c                RCC_LSEConfig
                0x0801124c                RCC_LSICmd
                0x08011258                RCC_RTCCLKConfig
                0x08011268                RCC_RTCCLKCmd
                0x08011274                RCC_GetClocksFreq
                0x08011324                RCC_AHBPeriphClockCmd
                0x08011340                RCC_APB2PeriphClockCmd
                0x0801135c                RCC_APB1PeriphClockCmd
                0x08011378                RCC_APB2PeriphResetCmd
                0x08011394                RCC_APB1PeriphResetCmd
                0x080113b0                RCC_BackupResetCmd
                0x080113bc                RCC_ClockSecuritySystemCmd
                0x080113c8                RCC_MCOConfig
                0x080113d4                RCC_GetFlagStatus
                0x080113fc                RCC_WaitForHSEStartUp
                0x08011428                RCC_ClearFlag
                0x08011438                RCC_GetITStatus
                0x0801144c                RCC_ClearITPendingBit
 .text          0x08011458      0x15c lib/STM32F10x_StdPeriph_Driver/libstm32fw.a(stm32f10x_rtc.o)
                0x08011458                RTC_ITConfig
                0x08011478                RTC_EnterConfigMode
                0x0801148c                RTC_ExitConfigMode
                0x080114a0                RTC_GetCounter
                0x080114b4                RTC_SetCounter
                0x080114d0                RTC_SetPrescaler
                0x080114f0                RTC_SetAlarm
                0x0801150c                RTC_GetDivider
                0x08011524                RTC_WaitForLastTask
                0x08011534                RTC_WaitForSynchro
                0x08011554                RTC_GetFlagStatus
                0x08011568                RTC_ClearFlag
                0x0801157c                RTC_GetITStatus
                0x080115a0                RTC_ClearITPendingBit
 .text          0x080115b4      0x2f8 lib/STM32F10x_StdPeriph_Driver/libstm32fw.a(stm32f10x_spi.o)
                0x080115b4                SPI_Init
                0x0801160e                SPI_StructInit
                0x08011628                I2S_StructInit
                0x0801163c                SPI_Cmd
                0x08011656                I2S_Cmd
                0x08011670                SPI_I2S_ITConfig
                0x0801168e                SPI_I2S_DMACmd
                0x080116a4                SPI_I2S_SendData
                0x080116a8                SPI_I2S_ReceiveData
                0x080116ae                SPI_NSSInternalSoftwareConfig
                0x080116c8                SPI_SSOutputCmd
                0x080116e2                SPI_DataSizeConfig
                0x080116fa                SPI_TransmitCRC
                0x08011706                SPI_CalculateCRC
                0x08011720                SPI_GetCRC
                0x08011730                SPI_GetCRCPolynomial
                0x08011736                SPI_BiDirectionalLineConfig
                0x08011752                SPI_I2S_GetFlagStatus
                0x0801175e                SPI_I2S_ClearFlag
                0x08011766                SPI_I2S_GetITStatus
                0x08011790                SPI_I2S_ClearITPendingBit
                0x080117a0                I2S_Init
                0x0801184a                SPI_I2S_DeInit
 .text          0x080118ac      0xb54 lib/STM32F10x_StdPeriph_Driver/libstm32fw.a(stm32f10x_tim.o)
                0x080118ac                TIM_TimeBaseInit
                0x080118ec                TIM_OC1Init
                0x08011980                TIM_OC2Init
                0x08011a1c                TIM_OC3Init
                0x08011ab4                TIM_OC4Init
                0x08011b30                TIM_BDTRConfig
                0x08011b54                TIM_TimeBaseStructInit
                0x08011b66                TIM_OCStructInit
                0x08011b7a                TIM_ICStructInit
                0x08011b8c                TIM_BDTRStructInit
                0x08011b9e                TIM_Cmd
                0x08011bb8                TIM_CtrlPWMOutputs
                0x08011bd8                TIM_ITConfig
                0x08011bee                TIM_GenerateEvent
                0x08011bf2                TIM_DMAConfig
                0x08011bfa                TIM_DMACmd
                0x08011c10                TIM_InternalClockConfig
                0x08011c1e                TIM_ETRConfig
                0x08011c3c                TIM_ETRClockMode2Config
                0x08011c50                TIM_ETRClockMode1Config
                0x08011c6a                TIM_PrescalerConfig
                0x08011c70                TIM_CounterModeConfig
                0x08011c82                TIM_SelectInputTrigger
                0x08011c94                TIM_ITRxExternalClockConfig
                0x08011ca8                TIM_EncoderInterfaceConfig
                0x08011cf0                TIM_ForcedOC1Config
                0x08011d02                TIM_ForcedOC2Config
                0x08011d16                TIM_ForcedOC3Config
                0x08011d28                TIM_ForcedOC4Config
                0x08011d3c                TIM_ARRPreloadConfig
                0x08011d56                TIM_SelectCOM
                0x08011d70                TIM_SelectCCDMA
                0x08011d8a                TIM_CCPreloadControl
                0x08011da4                TIM_OC1PreloadConfig
                0x08011db6                TIM_OC2PreloadConfig
                0x08011dca                TIM_OC3PreloadConfig
                0x08011ddc                TIM_OC4PreloadConfig
                0x08011df0                TIM_OC1FastConfig
                0x08011e02                TIM_OC2FastConfig
                0x08011e16                TIM_OC3FastConfig
                0x08011e28                TIM_OC4FastConfig
                0x08011e3c                TIM_ClearOC1Ref
                0x08011e4e                TIM_ClearOC2Ref
                0x08011e5e                TIM_ClearOC3Ref
                0x08011e70                TIM_ClearOC4Ref
                0x08011e80                TIM_OC1PolarityConfig
                0x08011e92                TIM_OC1NPolarityConfig
                0x08011ea4                TIM_OC2PolarityConfig
                0x08011eb8                TIM_OC2NPolarityConfig
                0x08011ecc                TIM_OC3PolarityConfig
                0x08011ee0                TIM_OC3NPolarityConfig
                0x08011ef4                TIM_OC4PolarityConfig
                0x08011f08                TIM_CCxCmd
                0x08011f2a                TIM_CCxNCmd
                0x08011f4c                TIM_SelectOCxM
                0x08011f9e                TIM_UpdateDisableConfig
                0x08011fb8                TIM_UpdateRequestConfig
                0x08011fd2                TIM_SelectHallSensor
                0x08011fec                TIM_SelectOnePulseMode
                0x08012004                TIM_SelectOutputTrigger
                0x0801201c                TIM_SelectSlaveMode
                0x08012034                TIM_SelectMasterSlaveMode
                0x0801204c                TIM_SetCounter
                0x08012050                TIM_SetAutoreload
                0x08012054                TIM_SetCompare1
                0x08012058                TIM_SetCompare2
                0x0801205c                TIM_SetCompare3
                0x08012060                TIM_SetCompare4
                0x08012066                TIM_SetIC1Prescaler
                0x0801207e                TIM_SetIC2Prescaler
                0x08012098                TIM_SetIC3Prescaler
                0x080120b0                TIM_SetIC4Prescaler
                0x080120ca                TIM_SetClockDivision
                0x080120dc                TIM_GetCapture1
                0x080120e2                TIM_GetCapture2
                0x080120e8                TIM_GetCapture3
                0x080120ee                TIM_GetCapture4
                0x080120f6                TIM_GetCounter
                0x080120fc                TIM_GetPrescaler
                0x08012102                TIM_GetFlagStatus
                0x0801210e                TIM_ClearFlag
                0x08012116                TIM_GetITStatus
                0x0801212c                TIM_ClearITPendingBit
                0x080121cc                TIM_TIxExternalClockConfig
                0x080121fa                TIM_PWMIConfig
                0x08012266                TIM_ICInit
                0x08012336                TIM_DeInit
 .text          0x08012400      0x384 lib/STM32F10x_StdPeriph_Driver/libstm32fw.a(stm32f10x_usart.o)
                0x08012400                USART_StructInit
                0x08012418                USART_ClockInit
                0x08012442                USART_ClockStructInit
                0x0801244e                USART_Cmd
                0x08012468                USART_ITConfig
                0x0801249e                USART_DMACmd
                0x080124b4                USART_SetAddress
                0x080124cc                USART_WakeUpConfig
                0x080124e4                USART_ReceiverWakeUpCmd
                0x080124fe                USART_LINBreakDetectLengthConfig
                0x08012516                USART_LINCmd
                0x08012530                USART_SendData
                0x08012538                USART_ReceiveData
                0x08012540                USART_SendBreak
                0x0801254c                USART_SetGuardTime
                0x0801255e                USART_SetPrescaler
                0x08012572                USART_SmartCardCmd
                0x0801258c                USART_SmartCardNACKCmd
                0x080125a6                USART_HalfDuplexCmd
                0x080125c0                USART_IrDAConfig
                0x080125d8                USART_IrDACmd
                0x080125f2                USART_GetFlagStatus
                0x080125fe                USART_ClearFlag
                0x08012606                USART_GetITStatus
                0x0801264c                USART_ClearITPendingBit
                0x0801265a                USART_Init
                0x080126ec                USART_DeInit
 .text          0x08012784       0x98 /home/laurence/CodeSourcery/Sourcery_G++_Lite/bin/../lib/gcc/arm-none-eabi/4.4.1/../../../../arm-none-eabi/lib/thumb2/libm.a(lib_a-s_cos.o)
                0x08012784                cos
 .text          0x0801281c       0xa0 /home/laurence/CodeSourcery/Sourcery_G++_Lite/bin/../lib/gcc/arm-none-eabi/4.4.1/../../../../arm-none-eabi/lib/thumb2/libm.a(lib_a-s_sin.o)
                0x0801281c                sin
 .text          0x080128bc       0xac /home/laurence/CodeSourcery/Sourcery_G++_Lite/bin/../lib/gcc/arm-none-eabi/4.4.1/../../../../arm-none-eabi/lib/thumb2/libm.a(lib_a-w_asin.o)
                0x080128bc                asin
 .text          0x08012968        0x4 /home/laurence/CodeSourcery/Sourcery_G++_Lite/bin/../lib/gcc/arm-none-eabi/4.4.1/../../../../arm-none-eabi/lib/thumb2/libm.a(lib_a-w_atan2.o)
                0x08012968                atan2
 .text          0x0801296c      0x358 /home/laurence/CodeSourcery/Sourcery_G++_Lite/bin/../lib/gcc/arm-none-eabi/4.4.1/../../../../arm-none-eabi/lib/thumb2/libm.a(lib_a-w_pow.o)
                0x0801296c                pow
 .text          0x08012cc4       0xac /home/laurence/CodeSourcery/Sourcery_G++_Lite/bin/../lib/gcc/arm-none-eabi/4.4.1/../../../../arm-none-eabi/lib/thumb2/libm.a(lib_a-w_sqrt.o)
                0x08012cc4                sqrt
 .text          0x08012d70       0xa8 /home/laurence/CodeSourcery/Sourcery_G++_Lite/bin/../lib/gcc/arm-none-eabi/4.4.1/../../../../arm-none-eabi/lib/thumb2/libm.a(lib_a-wf_asin.o)
                0x08012d70                asinf
 .text          0x08012e18        0x4 /home/laurence/CodeSourcery/Sourcery_G++_Lite/bin/../lib/gcc/arm-none-eabi/4.4.1/../../../../arm-none-eabi/lib/thumb2/libm.a(lib_a-wf_atan2.o)
                0x08012e18                atan2f
 *fill*         0x08012e1c        0x4 00
 .text          0x08012e20      0x420 /home/laurence/CodeSourcery/Sourcery_G++_Lite/bin/../lib/gcc/arm-none-eabi/4.4.1/../../../../arm-none-eabi/lib/thumb2/libm.a(lib_a-e_asin.o)
                0x08012e20                __ieee754_asin
 .text          0x08013240      0x220 /home/laurence/CodeSourcery/Sourcery_G++_Lite/bin/../lib/gcc/arm-none-eabi/4.4.1/../../../../arm-none-eabi/lib/thumb2/libm.a(lib_a-e_atan2.o)
                0x08013240                __ieee754_atan2
 .text          0x08013460      0xb60 /home/laurence/CodeSourcery/Sourcery_G++_Lite/bin/../lib/gcc/arm-none-eabi/4.4.1/../../../../arm-none-eabi/lib/thumb2/libm.a(lib_a-e_pow.o)
                0x08013460                __ieee754_pow
 .text          0x08013fc0      0x418 /home/laurence/CodeSourcery/Sourcery_G++_Lite/bin/../lib/gcc/arm-none-eabi/4.4.1/../../../../arm-none-eabi/lib/thumb2/libm.a(lib_a-e_rem_pio2.o)
                0x08013fc0                __ieee754_rem_pio2
 .text          0x080143d8      0x1dc /home/laurence/CodeSourcery/Sourcery_G++_Lite/bin/../lib/gcc/arm-none-eabi/4.4.1/../../../../arm-none-eabi/lib/thumb2/libm.a(lib_a-e_sqrt.o)
                0x080143d8                __ieee754_sqrt
 .text          0x080145b4      0x318 /home/laurence/CodeSourcery/Sourcery_G++_Lite/bin/../lib/gcc/arm-none-eabi/4.4.1/../../../../arm-none-eabi/lib/thumb2/libm.a(lib_a-ef_asin.o)
                0x080145b4                __ieee754_asinf
 .text          0x080148cc      0x158 /home/laurence/CodeSourcery/Sourcery_G++_Lite/bin/../lib/gcc/arm-none-eabi/4.4.1/../../../../arm-none-eabi/lib/thumb2/libm.a(lib_a-ef_atan2.o)
                0x080148cc                __ieee754_atan2f
 .text          0x08014a24       0xb4 /home/laurence/CodeSourcery/Sourcery_G++_Lite/bin/../lib/gcc/arm-none-eabi/4.4.1/../../../../arm-none-eabi/lib/thumb2/libm.a(lib_a-ef_sqrt.o)
                0x08014a24                __ieee754_sqrtf
 .text          0x08014ad8      0x250 /home/laurence/CodeSourcery/Sourcery_G++_Lite/bin/../lib/gcc/arm-none-eabi/4.4.1/../../../../arm-none-eabi/lib/thumb2/libm.a(lib_a-k_cos.o)
                0x08014ad8                __kernel_cos
 .text          0x08014d28      0x7b4 /home/laurence/CodeSourcery/Sourcery_G++_Lite/bin/../lib/gcc/arm-none-eabi/4.4.1/../../../../arm-none-eabi/lib/thumb2/libm.a(lib_a-k_rem_pio2.o)
                0x08014d28                __kernel_rem_pio2
 *fill*         0x080154dc        0x4 00
 .text          0x080154e0      0x170 /home/laurence/CodeSourcery/Sourcery_G++_Lite/bin/../lib/gcc/arm-none-eabi/4.4.1/../../../../arm-none-eabi/lib/thumb2/libm.a(lib_a-k_sin.o)
                0x080154e0                __kernel_sin
 .text          0x08015650      0x348 /home/laurence/CodeSourcery/Sourcery_G++_Lite/bin/../lib/gcc/arm-none-eabi/4.4.1/../../../../arm-none-eabi/lib/thumb2/libm.a(lib_a-s_atan.o)
                0x08015650                atan
 .text          0x08015998        0x8 /home/laurence/CodeSourcery/Sourcery_G++_Lite/bin/../lib/gcc/arm-none-eabi/4.4.1/../../../../arm-none-eabi/lib/thumb2/libm.a(lib_a-s_fabs.o)
                0x08015998                fabs
 .text          0x080159a0       0x10 /home/laurence/CodeSourcery/Sourcery_G++_Lite/bin/../lib/gcc/arm-none-eabi/4.4.1/../../../../arm-none-eabi/lib/thumb2/libm.a(lib_a-s_finite.o)
                0x080159a0                finite
 .text          0x080159b0      0x128 /home/laurence/CodeSourcery/Sourcery_G++_Lite/bin/../lib/gcc/arm-none-eabi/4.4.1/../../../../arm-none-eabi/lib/thumb2/libm.a(lib_a-s_floor.o)
                0x080159b0                floor
 .text          0x08015ad8       0x1c /home/laurence/CodeSourcery/Sourcery_G++_Lite/bin/../lib/gcc/arm-none-eabi/4.4.1/../../../../arm-none-eabi/lib/thumb2/libm.a(lib_a-s_isnand.o)
                0x08015ad8                __isnand
 .text          0x08015af4        0x4 /home/laurence/CodeSourcery/Sourcery_G++_Lite/bin/../lib/gcc/arm-none-eabi/4.4.1/../../../../arm-none-eabi/lib/thumb2/libm.a(lib_a-s_matherr.o)
                0x08015af4                matherr
 .text          0x08015af8        0xc /home/laurence/CodeSourcery/Sourcery_G++_Lite/bin/../lib/gcc/arm-none-eabi/4.4.1/../../../../arm-none-eabi/lib/thumb2/libm.a(lib_a-s_nan.o)
                0x08015af8                nan
 .text          0x08015b04      0x134 /home/laurence/CodeSourcery/Sourcery_G++_Lite/bin/../lib/gcc/arm-none-eabi/4.4.1/../../../../arm-none-eabi/lib/thumb2/libm.a(lib_a-s_rint.o)
                0x08015b04                rint
 .text          0x08015c38      0x118 /home/laurence/CodeSourcery/Sourcery_G++_Lite/bin/../lib/gcc/arm-none-eabi/4.4.1/../../../../arm-none-eabi/lib/thumb2/libm.a(lib_a-s_scalbn.o)
                0x08015c38                scalbn
 .text          0x08015d50      0x23c /home/laurence/CodeSourcery/Sourcery_G++_Lite/bin/../lib/gcc/arm-none-eabi/4.4.1/../../../../arm-none-eabi/lib/thumb2/libm.a(lib_a-sf_atan.o)
                0x08015d50                atanf
 .text          0x08015f8c        0x8 /home/laurence/CodeSourcery/Sourcery_G++_Lite/bin/../lib/gcc/arm-none-eabi/4.4.1/../../../../arm-none-eabi/lib/thumb2/libm.a(lib_a-sf_fabs.o)
                0x08015f8c                fabsf
 .text          0x08015f94       0x10 /home/laurence/CodeSourcery/Sourcery_G++_Lite/bin/../lib/gcc/arm-none-eabi/4.4.1/../../../../arm-none-eabi/lib/thumb2/libm.a(lib_a-sf_isnan.o)
                0x08015f94                isnanf
 .text          0x08015fa4       0x18 /home/laurence/CodeSourcery/Sourcery_G++_Lite/bin/../lib/gcc/arm-none-eabi/4.4.1/../../../../arm-none-eabi/lib/thumb2/libm.a(lib_a-s_copysign.o)
                0x08015fa4                copysign
 *fill*         0x08015fbc        0x4 00
 .text          0x08015fc0      0x2b0 /home/laurence/CodeSourcery/Sourcery_G++_Lite/bin/../lib/gcc/arm-none-eabi/4.4.1/thumb2/libgcc.a(_divsi3.o)
                0x08015fc0                __aeabi_idiv
                0x08015fc0                __divsi3
                0x08016254                __aeabi_idivmod
 .text          0x08016270        0x4 /home/laurence/CodeSourcery/Sourcery_G++_Lite/bin/../lib/gcc/arm-none-eabi/4.4.1/thumb2/libgcc.a(_dvmd_tls.o)
                0x08016270                __aeabi_ldiv0
                0x08016270                __aeabi_idiv0
 .text          0x08016274      0x370 /home/laurence/CodeSourcery/Sourcery_G++_Lite/bin/../lib/gcc/arm-none-eabi/4.4.1/thumb2/libgcc.a(_arm_addsubdf3.o)
                0x08016274                __aeabi_drsub
                0x0801627c                __aeabi_dsub
                0x0801627c                __subdf3
                0x08016280                __adddf3
                0x08016280                __aeabi_dadd
                0x080164f8                __aeabi_ui2d
                0x080164f8                __floatunsidf
                0x08016518                __floatsidf
                0x08016518                __aeabi_i2d
                0x0801653c                __extendsfdf2
                0x0801653c                __aeabi_f2d
                0x08016578                __aeabi_ul2d
                0x08016578                __floatundidf
                0x08016588                __floatdidf
                0x08016588                __aeabi_l2d
 .text          0x080165e4      0x424 /home/laurence/CodeSourcery/Sourcery_G++_Lite/bin/../lib/gcc/arm-none-eabi/4.4.1/thumb2/libgcc.a(_arm_muldivdf3.o)
                0x080165e4                __aeabi_dmul
                0x080165e4                __muldf3
                0x08016838                __aeabi_ddiv
                0x08016838                __divdf3
 .text          0x08016a08      0x110 /home/laurence/CodeSourcery/Sourcery_G++_Lite/bin/../lib/gcc/arm-none-eabi/4.4.1/thumb2/libgcc.a(_arm_cmpdf2.o)
                0x08016a08                __gtdf2
                0x08016a08                __gedf2
                0x08016a10                __ltdf2
                0x08016a10                __ledf2
                0x08016a18                __cmpdf2
                0x08016a18                __eqdf2
                0x08016a18                __nedf2
                0x08016a94                __aeabi_cdrcmple
                0x08016aa4                __aeabi_cdcmple
                0x08016aa4                __aeabi_cdcmpeq
                0x08016ab4                __aeabi_dcmpeq
                0x08016ac8                __aeabi_dcmplt
                0x08016adc                __aeabi_dcmple
                0x08016af0                __aeabi_dcmpge
                0x08016b04                __aeabi_dcmpgt
 .text          0x08016b18       0x50 /home/laurence/CodeSourcery/Sourcery_G++_Lite/bin/../lib/gcc/arm-none-eabi/4.4.1/thumb2/libgcc.a(_arm_fixdfsi.o)
                0x08016b18                __fixdfsi
                0x08016b18                __aeabi_d2iz
 .text          0x08016b68       0x40 /home/laurence/CodeSourcery/Sourcery_G++_Lite/bin/../lib/gcc/arm-none-eabi/4.4.1/thumb2/libgcc.a(_arm_fixunsdfsi.o)
                0x08016b68                __fixunsdfsi
                0x08016b68                __aeabi_d2uiz
 .text          0x08016ba8       0xa0 /home/laurence/CodeSourcery/Sourcery_G++_Lite/bin/../lib/gcc/arm-none-eabi/4.4.1/thumb2/libgcc.a(_arm_truncdfsf2.o)
                0x08016ba8                __aeabi_d2f
                0x08016ba8                __truncdfsf2
 .text          0x08016c48      0x21c /home/laurence/CodeSourcery/Sourcery_G++_Lite/bin/../lib/gcc/arm-none-eabi/4.4.1/thumb2/libgcc.a(_arm_addsubsf3.o)
                0x08016c48                __aeabi_frsub
                0x08016c50                __subsf3
                0x08016c50                __aeabi_fsub
                0x08016c54                __aeabi_fadd
                0x08016c54                __addsf3
                0x08016db4                __aeabi_ui2f
                0x08016db4                __floatunsisf
                0x08016dbc                __aeabi_i2f
                0x08016dbc                __floatsisf
                0x08016dd8                __floatundisf
                0x08016dd8                __aeabi_ul2f
                0x08016de8                __floatdisf
                0x08016de8                __aeabi_l2f
 .text          0x08016e64      0x2a0 /home/laurence/CodeSourcery/Sourcery_G++_Lite/bin/../lib/gcc/arm-none-eabi/4.4.1/thumb2/libgcc.a(_arm_muldivsf3.o)
                0x08016e64                __mulsf3
                0x08016e64                __aeabi_fmul
                0x08016fcc                __divsf3
                0x08016fcc                __aeabi_fdiv
 .text          0x08017104       0xec /home/laurence/CodeSourcery/Sourcery_G++_Lite/bin/../lib/gcc/arm-none-eabi/4.4.1/thumb2/libgcc.a(_arm_cmpsf2.o)
                0x08017104                __gtsf2
                0x08017104                __gesf2
                0x0801710c                __lesf2
                0x0801710c                __ltsf2
                0x08017114                __nesf2
                0x08017114                __eqsf2
                0x08017114                __cmpsf2
                0x08017174                __aeabi_cfrcmple
                0x0801717c                __aeabi_cfcmple
                0x0801717c                __aeabi_cfcmpeq
                0x0801718c                __aeabi_fcmpeq
                0x080171a0                __aeabi_fcmplt
                0x080171b4                __aeabi_fcmple
                0x080171c8                __aeabi_fcmpge
                0x080171dc                __aeabi_fcmpgt
 .text          0x080171f0       0x4c /home/laurence/CodeSourcery/Sourcery_G++_Lite/bin/../lib/gcc/arm-none-eabi/4.4.1/thumb2/libgcc.a(_arm_fixsfsi.o)
                0x080171f0                __fixsfsi
                0x080171f0                __aeabi_f2iz
 .text          0x0801723c       0x40 /home/laurence/CodeSourcery/Sourcery_G++_Lite/bin/../lib/gcc/arm-none-eabi/4.4.1/thumb2/libgcc.a(_arm_fixunssfsi.o)
                0x0801723c                __aeabi_f2uiz
                0x0801723c                __fixunssfsi
 .text          0x0801727c       0x38 /home/laurence/CodeSourcery/Sourcery_G++_Lite/bin/../lib/gcc/arm-none-eabi/4.4.1/thumb2/libgcc.a(_aeabi_ldivmod.o)
                0x0801727c                __aeabi_ldivmod
 .text          0x080172b4       0x2c /home/laurence/CodeSourcery/Sourcery_G++_Lite/bin/../lib/gcc/arm-none-eabi/4.4.1/thumb2/libgcc.a(_fixsfdi.o)
                0x080172b4                __aeabi_f2lz
                0x080172b4                __fixsfdi
 .text          0x080172e0       0x48 /home/laurence/CodeSourcery/Sourcery_G++_Lite/bin/../lib/gcc/arm-none-eabi/4.4.1/thumb2/libgcc.a(_fixunssfdi.o)
                0x080172e0                __aeabi_f2ulz
                0x080172e0                __fixunssfdi
 .text          0x08017328       0x58 /home/laurence/CodeSourcery/Sourcery_G++_Lite/bin/../lib/gcc/arm-none-eabi/4.4.1/thumb2/libgcc.a(bpabi.o)
                0x08017328                __gnu_uldivmod_helper
                0x08017354                __gnu_ldivmod_helper
 .text          0x08017380      0x364 /home/laurence/CodeSourcery/Sourcery_G++_Lite/bin/../lib/gcc/arm-none-eabi/4.4.1/thumb2/libgcc.a(_divdi3.o)
                0x08017380                __divdi3
 .text          0x080176e4      0x300 /home/laurence/CodeSourcery/Sourcery_G++_Lite/bin/../lib/gcc/arm-none-eabi/4.4.1/thumb2/libgcc.a(_udivdi3.o)
                0x080176e4                __udivdi3
 *fill*         0x080179e4        0x4 00
 .text          0x080179e8      0x278 /home/laurence/CodeSourcery/Sourcery_G++_Lite/bin/../lib/gcc/arm-none-eabi/4.4.1/thumb2/libgcc.a(_udivsi3.o)
                0x080179e8                __udivsi3
                0x080179e8                __aeabi_uidiv
                0x08017c44                __aeabi_uidivmod
 .text          0x08017c60        0xc /home/laurence/CodeSourcery/Sourcery_G++_Lite/bin/../lib/gcc/arm-none-eabi/4.4.1/../../../../arm-none-eabi/lib/thumb2/libc.a(lib_a-errno.o)
                0x08017c60                __errno
 .text          0x08017c6c       0x20 /home/laurence/CodeSourcery/Sourcery_G++_Lite/bin/../lib/gcc/arm-none-eabi/4.4.1/../../../../arm-none-eabi/lib/thumb2/libc.a(lib_a-malloc.o)
                0x08017c6c                free
                0x08017c7c                malloc
 .text          0x08017c8c      0x5a4 /home/laurence/CodeSourcery/Sourcery_G++_Lite/bin/../lib/gcc/arm-none-eabi/4.4.1/../../../../arm-none-eabi/lib/thumb2/libc.a(lib_a-mallocr.o)
                0x08017c8c                _malloc_r
 .text          0x08018230      0x190 /home/laurence/CodeSourcery/Sourcery_G++_Lite/bin/../lib/gcc/arm-none-eabi/4.4.1/../../../../arm-none-eabi/lib/thumb2/libc.a(lib_a-memcpy.o)
                0x08018230                memcpy
 .text          0x080183c0        0x8 /home/laurence/CodeSourcery/Sourcery_G++_Lite/bin/../lib/gcc/arm-none-eabi/4.4.1/../../../../arm-none-eabi/lib/thumb2/libc.a(lib_a-mlock.o)
                0x080183c0                __malloc_lock
                0x080183c4                __malloc_unlock
 .text          0x080183c8       0x28 /home/laurence/CodeSourcery/Sourcery_G++_Lite/bin/../lib/gcc/arm-none-eabi/4.4.1/../../../../arm-none-eabi/lib/thumb2/libc.a(lib_a-sbrkr.o)
                0x080183c8                _sbrk_r
 .text          0x080183f0       0xbc /home/laurence/CodeSourcery/Sourcery_G++_Lite/bin/../lib/gcc/arm-none-eabi/4.4.1/../../../../arm-none-eabi/lib/thumb2/libc.a(lib_a-strcpy.o)
                0x080183f0                strcpy
 .text          0x080184ac      0x268 /home/laurence/CodeSourcery/Sourcery_G++_Lite/bin/../lib/gcc/arm-none-eabi/4.4.1/../../../../arm-none-eabi/lib/thumb2/libc.a(lib_a-freer.o)
                0x080184ac                _malloc_trim_r
                0x08018554                _free_r
 .text          0x08018714       0x30 /home/laurence/CodeSourcery/Sourcery_G++_Lite/bin/../lib/gcc/arm-none-eabi/4.4.1/../../../../arm-none-eabi/lib/thumb2/libcs3.a(start_c.o)
                0x08018714                __cs3_premain
 .text.cs3.init
                0x08018744       0x5c /home/laurence/CodeSourcery/Sourcery_G++_Lite/bin/../lib/gcc/arm-none-eabi/4.4.1/../../../../arm-none-eabi/lib/thumb2/libcs3.a(start_c.o)
                0x08018744                __cs3_start_c
 .text          0x080187a0       0x44 /home/laurence/CodeSourcery/Sourcery_G++_Lite/bin/../lib/gcc/arm-none-eabi/4.4.1/../../../../arm-none-eabi/lib/thumb2/libcs3unhosted.a(unhosted-sbrk.o)
                0x080187a0                _sbrk
 .text.cs3.init
                0x080187e4       0x10 /home/laurence/CodeSourcery/Sourcery_G++_Lite/bin/../lib/gcc/arm-none-eabi/4.4.1/../../../../arm-none-eabi/lib/thumb2/libcs3unhosted.a(unhosted-start.o)
                0x080187e4                _start
 .text          0x080187f4        0x2 lib/libcs3-lanchon-stm32.a(lanchon_stm32_isr_interrupt.o)
                0x080187f4                MemManageException
                0x080187f4                BusFaultException
                0x080187f4                DMAChannel7_IRQHandler
                0x080187f4                DebugMonitor
                0x080187f4                SVCHandler
                0x080187f4                HardFaultException
                0x080187f4                __STM32ReservedException8
                0x080187f4                USB_HP_CAN_TX_IRQHandler
                0x080187f4                __STM32DefaultExceptionHandler
                0x080187f4                DMAChannel1_IRQHandler
                0x080187f4                CAN_SCE_IRQHandler
                0x080187f4                __STM32ReservedException10
                0x080187f4                __STM32ReservedException13
                0x080187f4                NMIException
                0x080187f4                DMAChannel4_IRQHandler
                0x080187f4                SysTickHandler
                0x080187f4                PendSVC
                0x080187f4                CAN_RX1_IRQHandler
                0x080187f4                ADC_IRQHandler
                0x080187f4                DMAChannel5_IRQHandler
                0x080187f4                DMAChannel2_IRQHandler
                0x080187f4                USB_LP_CAN_RX0_IRQHandler
                0x080187f4                __STM32ReservedException7
                0x080187f4                UsageFaultException
                0x080187f4                DMAChannel6_IRQHandler
                0x080187f4                DMAChannel3_IRQHandler
                0x080187f4                __STM32ReservedException9
 *fill*         0x080187f6        0x2 00
 .text          0x080187f8       0x50 /home/laurence/CodeSourcery/Sourcery_G++_Lite/bin/../lib/gcc/arm-none-eabi/4.4.1/../../../../arm-none-eabi/lib/thumb2/libc.a(lib_a-init.o)
                0x080187f8                __libc_init_array
 *(.plt)
 *(.gnu.warning)
 *(.glue_7t)
 .glue_7t       0x00000000        0x0 linker stubs
 *(.glue_7)
 .glue_7        0x00000000        0x0 linker stubs
 *(.vfp11_veneer)
 .vfp11_veneer  0x00000000        0x0 linker stubs
 *(.rodata .rodata.* .gnu.linkonce.r.*)
 .rodata        0x08018848        0x8 Sensors/bmp085.o
 .rodata        0x08018850      0x888 Sensors/earth_field.o
 .rodata.str1.1
                0x080190d8        0x9 Sensors/earth_field.o
 *fill*         0x080190e1        0x3 00
 .rodata        0x080190e4        0x8 Sensors/pitot.o
 .rodata        0x080190ec       0xc4 Sensors/ubx.o
 .rodata.str1.1
                0x080191b0      0x13b Sensors/ubx.o
 .rodata.str1.1
                0x080192eb        0xf Util/Fatfs/ff.o
 *fill*         0x080192fa        0x2 00
 .rodata        0x080192fc        0xc Util/Fatfs/rtc.o
 .rodata        0x08019308      0x100 Util/crc.o
 .rodata        0x08019408       0x14 Util/rprintf.o
 .rodata.str1.1
                0x0801941c        0x6 Util/rprintf.o
 *fill*         0x08019422        0x2 00
 .rodata        0x08019424       0x38 Util/uavtalk.o
                0x08019424                UAVtalk_objects
                0x08019444                UAVtalk_lenghts
                0x0801944c                UAVtalk_stream_objs
                0x08019450                UAVtalk_stream_types
                0x08019454                UAVtalk_stream_timeouts
 .rodata        0x0801945c       0x1c i2c.o
 .rodata        0x08019478       0x14 lib/CMSIS_CM3/system_stm32f10x.o
                0x08019478                SystemFrequency
                0x0801947c                SystemFrequency_SysClk
                0x08019480                SystemFrequency_AHBClk
                0x08019484                SystemFrequency_APB1Clk
                0x08019488                SystemFrequency_APB2Clk
 .rodata        0x0801948c       0x60 main.o
 .rodata.str1.1
                0x080194ec      0x271 main.o
 *fill*         0x0801975d        0x3 00
 .rodata        0x08019760       0x90 Control/imu.o
 .rodata.str1.4
                0x080197f0        0x5 /home/laurence/CodeSourcery/Sourcery_G++_Lite/bin/../lib/gcc/arm-none-eabi/4.4.1/../../../../arm-none-eabi/lib/thumb2/libm.a(lib_a-w_asin.o)
                                  0xc (size before relaxing)
 *fill*         0x080197f5        0x3 00
 .rodata.str1.4
                0x080197f8        0x4 /home/laurence/CodeSourcery/Sourcery_G++_Lite/bin/../lib/gcc/arm-none-eabi/4.4.1/../../../../arm-none-eabi/lib/thumb2/libm.a(lib_a-w_pow.o)
 .rodata.str1.4
                0x080197fc        0x5 /home/laurence/CodeSourcery/Sourcery_G++_Lite/bin/../lib/gcc/arm-none-eabi/4.4.1/../../../../arm-none-eabi/lib/thumb2/libm.a(lib_a-w_sqrt.o)
                                  0x8 (size before relaxing)
 *fill*         0x08019801        0x3 00
 .rodata.str1.4
                0x08019804        0x6 /home/laurence/CodeSourcery/Sourcery_G++_Lite/bin/../lib/gcc/arm-none-eabi/4.4.1/../../../../arm-none-eabi/lib/thumb2/libm.a(lib_a-wf_asin.o)
                                  0xc (size before relaxing)
 *fill*         0x0801980a        0x6 00
 .rodata        0x08019810       0x30 /home/laurence/CodeSourcery/Sourcery_G++_Lite/bin/../lib/gcc/arm-none-eabi/4.4.1/../../../../arm-none-eabi/lib/thumb2/libm.a(lib_a-e_pow.o)
 .rodata.str1.4
                0x00000000        0x4 /home/laurence/CodeSourcery/Sourcery_G++_Lite/bin/../lib/gcc/arm-none-eabi/4.4.1/../../../../arm-none-eabi/lib/thumb2/libm.a(lib_a-e_pow.o)
 .rodata        0x08019840      0x188 /home/laurence/CodeSourcery/Sourcery_G++_Lite/bin/../lib/gcc/arm-none-eabi/4.4.1/../../../../arm-none-eabi/lib/thumb2/libm.a(lib_a-e_rem_pio2.o)
 .rodata        0x080199c8       0x50 /home/laurence/CodeSourcery/Sourcery_G++_Lite/bin/../lib/gcc/arm-none-eabi/4.4.1/../../../../arm-none-eabi/lib/thumb2/libm.a(lib_a-k_rem_pio2.o)
 .rodata        0x08019a18       0x40 /home/laurence/CodeSourcery/Sourcery_G++_Lite/bin/../lib/gcc/arm-none-eabi/4.4.1/../../../../arm-none-eabi/lib/thumb2/libm.a(lib_a-s_atan.o)
 .rodata        0x08019a58       0x10 /home/laurence/CodeSourcery/Sourcery_G++_Lite/bin/../lib/gcc/arm-none-eabi/4.4.1/../../../../arm-none-eabi/lib/thumb2/libm.a(lib_a-s_rint.o)
 .rodata        0x08019a68       0x20 /home/laurence/CodeSourcery/Sourcery_G++_Lite/bin/../lib/gcc/arm-none-eabi/4.4.1/../../../../arm-none-eabi/lib/thumb2/libm.a(lib_a-sf_atan.o)
 .rodata.str1.4
                0x08019a88        0x4 /home/laurence/CodeSourcery/Sourcery_G++_Lite/bin/../lib/gcc/arm-none-eabi/4.4.1/../../../../arm-none-eabi/lib/thumb2/libc.a(lib_a-impure.o)
 *(.ARM.extab* .gnu.linkonce.armextab.*)
 *(.gcc_except_table)
 *(.eh_frame_hdr)
 *(.eh_frame)
                0x08019a8c                . = ALIGN (0x4)
 *(.init)
 .init          0x08019a8c        0x4 /home/laurence/CodeSourcery/Sourcery_G++_Lite/bin/../lib/gcc/arm-none-eabi/4.4.1/thumb2/crti.o
                0x08019a8c                _init
 .init          0x08019a90        0x8 /home/laurence/CodeSourcery/Sourcery_G++_Lite/bin/../lib/gcc/arm-none-eabi/4.4.1/thumb2/crtn.o
                0x08019a98                . = ALIGN (0x4)
                0x08019a98                __preinit_array_start = .
 *(.preinit_array)
                0x08019a98                __preinit_array_end = .
                0x08019a98                . = ALIGN (0x4)
                0x08019a98                __init_array_start = .
 *(SORT(.init_array.*))
 *(.init_array)
 .init_array    0x08019a98        0x4 /home/laurence/CodeSourcery/Sourcery_G++_Lite/bin/../lib/gcc/arm-none-eabi/4.4.1/thumb2/crtbegin.o
                0x08019a9c                __init_array_end = .
                0x08019a9c                . = ALIGN (0x4)
 *crtbegin.o(.ctors)
 *(EXCLUDE_FILE(*crtend.o) .ctors)
 *(SORT(.ctors.*))
 *crtend.o(.ctors)
                0x08019a9c                . = ALIGN (0x4)
 *(.fini)
 .fini          0x08019a9c        0x4 /home/laurence/CodeSourcery/Sourcery_G++_Lite/bin/../lib/gcc/arm-none-eabi/4.4.1/thumb2/crti.o
                0x08019a9c                _fini
 .fini          0x08019aa0        0x8 /home/laurence/CodeSourcery/Sourcery_G++_Lite/bin/../lib/gcc/arm-none-eabi/4.4.1/thumb2/crtn.o
                0x08019aa8                . = ALIGN (0x4)
                0x08019aa8                __fini_array_start = .
 *(.fini_array)
 .fini_array    0x08019aa8        0x4 /home/laurence/CodeSourcery/Sourcery_G++_Lite/bin/../lib/gcc/arm-none-eabi/4.4.1/thumb2/crtbegin.o
 *(SORT(.fini_array.*))
                0x08019aac                __fini_array_end = .
 *crtbegin.o(.dtors)
 *(EXCLUDE_FILE(*crtend.o) .dtors)
 *(SORT(.dtors.*))
 *crtend.o(.dtors)
                0x08019aac                . = ALIGN (0x4)
                0x08019aac                __cs3_regions = .
                0x08019aac        0x4 LONG 0x0
                0x08019ab0        0x4 LONG 0x8019ac8 __cs3_region_init_ram
                0x08019ab4        0x4 LONG 0x20000000 __cs3_region_start_ram
                0x08019ab8        0x4 LONG 0x610 __cs3_region_init_size_ram
                0x08019abc        0x4 LONG 0x14e0 __cs3_region_zero_size_ram
                0x08019ac0                __exidx_start = .

.v4_bx          0x08019ac0        0x0
 .v4_bx         0x00000000        0x0 linker stubs

.ARM.exidx      0x08019ac0        0x8
 *(.ARM.exidx* .gnu.linkonce.armexidx.*)
 .ARM.exidx     0x08019ac0        0x8 /home/laurence/CodeSourcery/Sourcery_G++_Lite/bin/../lib/gcc/arm-none-eabi/4.4.1/thumb2/libgcc.a(_divdi3.o)
 .ARM.exidx     0x08019ac8        0x0 /home/laurence/CodeSourcery/Sourcery_G++_Lite/bin/../lib/gcc/arm-none-eabi/4.4.1/thumb2/libgcc.a(_udivdi3.o)
                                  0x8 (size before relaxing)
                0x08019ac8                __exidx_end = .

.text.align     0x08019ac8        0x0
                0x08019ac8                . = ALIGN (0x8)
                0x08019ac8                _etext = .
                0x08020000                __cs3_region_end_rom = (__cs3_region_start_rom + 0x20000)
                0x00020000                __cs3_region_size_rom = 0x20000
                0x00000001                __cs3_region_num = 0x1

.data           0x20000000      0x610 load address 0x08019ac8
                0x20000000                __cs3_region_start_ram = .
 *(.cs3.region-head.ram)
 *(.jcr)
 .jcr           0x20000000        0x0 /home/laurence/CodeSourcery/Sourcery_G++_Lite/bin/../lib/gcc/arm-none-eabi/4.4.1/thumb2/crtbegin.o
 .jcr           0x20000000        0x4 /home/laurence/CodeSourcery/Sourcery_G++_Lite/bin/../lib/gcc/arm-none-eabi/4.4.1/thumb2/crtend.o
 *(.got.plt)
 *(.got)
 *(.shdata)
 *(.data .data.* .gnu.linkonce.d.*)
 .data          0x20000004        0x1 Util/Fatfs/sd_spi_stm32.o
 *fill*         0x20000005        0x3 00
 .data          0x20000008       0x28 Util/uavtalk.o
                0x20000008                UAVtalk_conf
 .data          0x20000030        0x4 Control/ekf.o
                0x20000030                Ge
 .data          0x20000034       0xb4 Control/imu.o
 .data          0x200000e8       0x14 lib/STM32F10x_StdPeriph_Driver/libstm32fw.a(stm32f10x_rcc.o)
 .data          0x200000fc        0x1 /home/laurence/CodeSourcery/Sourcery_G++_Lite/bin/../lib/gcc/arm-none-eabi/4.4.1/../../../../arm-none-eabi/lib/thumb2/libm.a(lib_a-s_lib_ver.o)
                0x200000fc                __fdlib_version
 *fill*         0x200000fd        0x3 00
 .data          0x20000100       0xf4 /home/laurence/CodeSourcery/Sourcery_G++_Lite/bin/../lib/gcc/arm-none-eabi/4.4.1/../../../../arm-none-eabi/lib/thumb2/libc.a(lib_a-impure.o)
                0x20000100                _impure_ptr
 .data          0x200001f4      0x410 /home/laurence/CodeSourcery/Sourcery_G++_Lite/bin/../lib/gcc/arm-none-eabi/4.4.1/../../../../arm-none-eabi/lib/thumb2/libc.a(lib_a-mallocr.o)
                0x200001f4                __malloc_av_
                0x200005fc                __malloc_sbrk_base
                0x20000600                __malloc_trim_threshold
 .data          0x20000604        0x4 /home/laurence/CodeSourcery/Sourcery_G++_Lite/bin/../lib/gcc/arm-none-eabi/4.4.1/../../../../arm-none-eabi/lib/thumb2/libcs3unhosted.a(unhosted-sbrk.o)
 .data          0x20000608        0x4 /home/laurence/CodeSourcery/Sourcery_G++_Lite/bin/../lib/gcc/arm-none-eabi/4.4.1/../../../../arm-none-eabi/lib/thumb2/libcs3.a(heap.o)
                0x20000608                __cs3_heap_limit
 *(.ram)
                0x20000610                . = ALIGN (0x8)
 *fill*         0x2000060c        0x4 00
                0x20000610                _edata = .

.bss            0x20000610     0x14e0 load address 0x0801a0d8
 *(.shbss)
 *(.bss .bss.* .gnu.linkonce.b.*)
 .bss           0x20000610        0x1 /home/laurence/CodeSourcery/Sourcery_G++_Lite/bin/../lib/gcc/arm-none-eabi/4.4.1/thumb2/crtbegin.o
 *fill*         0x20000611        0x3 00
 .bss           0x20000614       0x20 Sensors/bmp085.o
                0x20000614                Sea_Level_Pressure
                0x20000618                Our_Sensorcal
                0x20000630                Bmp_temp
 .bss           0x20000634        0xc Sensors/earth_field.o
 .bss           0x20000640        0xa Sensors/ubx.o
 *fill*         0x2000064a        0x2 00
 .bss           0x2000064c        0x8 Util/Fatfs/ff.o
 .bss           0x20000654       0x10 Util/Fatfs/sd_spi_stm32.o
 .bss           0x20000664       0x84 Util/rprintf.o
 .bss           0x200006e8       0x3c Util/uavtalk.o
                0x200006ec                UAVtalk_semaphores
                0x200006f4                UAVtalk_pointers
                0x20000714                UAVtalk_stream_timers
 .bss           0x20000724      0x708 main.o
                0x20000724                Gps_Buffer
                0x20000828                Gps
                0x2000085c                Home_Position
                0x200008ac                Long_To_Meters_Home
                0x20000ae0                f_err_code
                0x20000ae4                UAVtalk_Attitude_Array
                0x20000b00                Nav_Global
                0x20000b34                UAVtalk_Altitude_Array
                0x20000b40                Waypoint_Global
                0x20000b4c                uavtalk_usart_port
                0x20000be0                Usart1tx
                0x20000ce4                Usart1rx
                0x20000de8                Millis
                0x20000dec                Nav_Flag
                0x20000df0                New_Waypoint_Flagged
                0x20000df4                Ground_Flag
                0x20000df8                Balt
                0x20000dfc                GCS_Telem
                0x20000e14                Flight_Telem
 .bss           0x20000e2c       0x1c pwm.o
                0x20000e2c                TIM_TimeBaseStructure
                0x20000e38                TIM_OCInitStructure
 .bss           0x20000e48      0xbf8 Control/ekf.o
                0x20000e48                Be
                0x20000e54                P
                0x200010f8                X
                0x2000112c                Q
                0x20001150                R
                0x20001178                F
                0x2000141c                G
                0x200015f0                K
                0x200017f8                H
                0x20001a00                Nav
                0x20001a34                zeros
 .bss           0x20001a40       0x78 Control/imu.o
 .bss           0x20001ab8       0x34 /home/laurence/CodeSourcery/Sourcery_G++_Lite/bin/../lib/gcc/arm-none-eabi/4.4.1/../../../../arm-none-eabi/lib/thumb2/libc.a(lib_a-mallocr.o)
                0x20001ab8                __malloc_top_pad
                0x20001abc                __malloc_current_mallinfo
                0x20001ae4                __malloc_max_sbrked_mem
                0x20001ae8                __malloc_max_total_mem
 *(COMMON)
 COMMON         0x20001aec        0x4 /home/laurence/CodeSourcery/Sourcery_G++_Lite/bin/../lib/gcc/arm-none-eabi/4.4.1/../../../../arm-none-eabi/lib/thumb2/libc.a(lib_a-reent.o)
                0x20001aec                errno
 *(.ram.b)
                0x20001af0                . = ALIGN (0x8)
                0x20001af0                _end = .
                0x20001af0                __end = .
                0x20005000                __cs3_region_end_ram = (__cs3_region_start_ram + 0x5000)
                0x00005000                __cs3_region_size_ram = 0x5000
                0x08019ac8                __cs3_region_init_ram = LOADADDR (.data)
                0x00000610                __cs3_region_init_size_ram = (_edata - ADDR (.data))
                0x000014e0                __cs3_region_zero_size_ram = (_end - _edata)
                0x00000001                __cs3_region_num = 0x1

.stab
 *(.stab)

.stabstr
 *(.stabstr)

.debug
 *(.debug)

.line
 *(.line)

.debug_srcinfo
 *(.debug_srcinfo)

.debug_sfnames
 *(.debug_sfnames)

.debug_aranges
 *(.debug_aranges)

.debug_pubnames
 *(.debug_pubnames)

.debug_info
 *(.debug_info .gnu.linkonce.wi.*)

.debug_abbrev
 *(.debug_abbrev)

.debug_line
 *(.debug_line)

.comment        0x00000000      0x764
 .comment       0x00000000       0x2b Sensors/bmp085.o
 .comment       0x0000002b       0x2b Sensors/earth_field.o
 .comment       0x00000056       0x2b Sensors/pitot.o
 .comment       0x00000081       0x2b Sensors/ubx.o
 .comment       0x000000ac       0x2b Util/Fatfs/fattime.o
 .comment       0x000000d7       0x2b Util/Fatfs/ff.o
 .comment       0x00000102       0x2b Util/Fatfs/rtc.o
 .comment       0x0000012d       0x2b Util/Fatfs/sd_spi_stm32.o
 .comment       0x00000158       0x2b Util/atmospherics.o
 .comment       0x00000183       0x2b Util/coords.o
 .comment       0x000001ae       0x2b Util/crc.o
 .comment       0x000001d9       0x2b Util/delay.o
 .comment       0x00000204       0x2b Util/gravity.o
 .comment       0x0000022f       0x2b Util/rprintf.o
 .comment       0x0000025a       0x2b Util/time.o
 .comment       0x00000285       0x2b Util/uavtalk.o
 .comment       0x000002b0       0x2b dma.o
 .comment       0x000002db       0x2b gpio.o
 .comment       0x00000306       0x2b i2c.o
 .comment       0x00000331       0x2b interrupts.o
 .comment       0x0000035c       0x2b lib/CMSIS_CM3/core_cm3.o
 .comment       0x00000387       0x2b lib/CMSIS_CM3/system_stm32f10x.o
 .comment       0x000003b2       0x2b main.o
 .comment       0x000003dd       0x2b pwm.o
 .comment       0x00000408       0x2b usart.o
 .comment       0x00000433       0x2b watchdog.o
 .comment       0x0000045e       0x2b Control/ekf.o
 .comment       0x00000489       0x2b Control/imu.o
 .comment       0x000004b4       0x2b Control/loops.o
 .comment       0x000004df       0x2b Control/sensorcal.o
 .comment       0x0000050a       0x2b Control/servos.o
 .comment       0x00000535       0x2b lib/STM32F10x_StdPeriph_Driver/libstm32fw.a(misc.o)
 .comment       0x00000560       0x2b lib/STM32F10x_StdPeriph_Driver/libstm32fw.a(stm32f10x_bkp.o)
 .comment       0x0000058b       0x2b lib/STM32F10x_StdPeriph_Driver/libstm32fw.a(stm32f10x_dma.o)
 .comment       0x000005b6       0x2b lib/STM32F10x_StdPeriph_Driver/libstm32fw.a(stm32f10x_exti.o)
 .comment       0x000005e1       0x2b lib/STM32F10x_StdPeriph_Driver/libstm32fw.a(stm32f10x_gpio.o)
 .comment       0x0000060c       0x2b lib/STM32F10x_StdPeriph_Driver/libstm32fw.a(stm32f10x_i2c.o)
 .comment       0x00000637       0x2b lib/STM32F10x_StdPeriph_Driver/libstm32fw.a(stm32f10x_iwdg.o)
 .comment       0x00000662       0x2b lib/STM32F10x_StdPeriph_Driver/libstm32fw.a(stm32f10x_pwr.o)
 .comment       0x0000068d       0x2b lib/STM32F10x_StdPeriph_Driver/libstm32fw.a(stm32f10x_rcc.o)
 .comment       0x000006b8       0x2b lib/STM32F10x_StdPeriph_Driver/libstm32fw.a(stm32f10x_rtc.o)
 .comment       0x000006e3       0x2b lib/STM32F10x_StdPeriph_Driver/libstm32fw.a(stm32f10x_spi.o)
 .comment       0x0000070e       0x2b lib/STM32F10x_StdPeriph_Driver/libstm32fw.a(stm32f10x_tim.o)
 .comment       0x00000739       0x2b lib/STM32F10x_StdPeriph_Driver/libstm32fw.a(stm32f10x_usart.o)

.debug_frame    0x00000000      0x9dc
 *(.debug_frame)
 .debug_frame   0x00000000       0x34 /home/laurence/CodeSourcery/Sourcery_G++_Lite/bin/../lib/gcc/arm-none-eabi/4.4.1/../../../../arm-none-eabi/lib/thumb2/libm.a(lib_a-s_cos.o)
 .debug_frame   0x00000034       0x34 /home/laurence/CodeSourcery/Sourcery_G++_Lite/bin/../lib/gcc/arm-none-eabi/4.4.1/../../../../arm-none-eabi/lib/thumb2/libm.a(lib_a-s_sin.o)
 .debug_frame   0x00000068       0x38 /home/laurence/CodeSourcery/Sourcery_G++_Lite/bin/../lib/gcc/arm-none-eabi/4.4.1/../../../../arm-none-eabi/lib/thumb2/libm.a(lib_a-w_asin.o)
 .debug_frame   0x000000a0       0x20 /home/laurence/CodeSourcery/Sourcery_G++_Lite/bin/../lib/gcc/arm-none-eabi/4.4.1/../../../../arm-none-eabi/lib/thumb2/libm.a(lib_a-w_atan2.o)
 .debug_frame   0x000000c0       0x3c /home/laurence/CodeSourcery/Sourcery_G++_Lite/bin/../lib/gcc/arm-none-eabi/4.4.1/../../../../arm-none-eabi/lib/thumb2/libm.a(lib_a-w_pow.o)
 .debug_frame   0x000000fc       0x3c /home/laurence/CodeSourcery/Sourcery_G++_Lite/bin/../lib/gcc/arm-none-eabi/4.4.1/../../../../arm-none-eabi/lib/thumb2/libm.a(lib_a-w_sqrt.o)
 .debug_frame   0x00000138       0x34 /home/laurence/CodeSourcery/Sourcery_G++_Lite/bin/../lib/gcc/arm-none-eabi/4.4.1/../../../../arm-none-eabi/lib/thumb2/libm.a(lib_a-wf_asin.o)
 .debug_frame   0x0000016c       0x20 /home/laurence/CodeSourcery/Sourcery_G++_Lite/bin/../lib/gcc/arm-none-eabi/4.4.1/../../../../arm-none-eabi/lib/thumb2/libm.a(lib_a-wf_atan2.o)
 .debug_frame   0x0000018c       0x3c /home/laurence/CodeSourcery/Sourcery_G++_Lite/bin/../lib/gcc/arm-none-eabi/4.4.1/../../../../arm-none-eabi/lib/thumb2/libm.a(lib_a-e_asin.o)
 .debug_frame   0x000001c8       0x3c /home/laurence/CodeSourcery/Sourcery_G++_Lite/bin/../lib/gcc/arm-none-eabi/4.4.1/../../../../arm-none-eabi/lib/thumb2/libm.a(lib_a-e_atan2.o)
 .debug_frame   0x00000204       0x3c /home/laurence/CodeSourcery/Sourcery_G++_Lite/bin/../lib/gcc/arm-none-eabi/4.4.1/../../../../arm-none-eabi/lib/thumb2/libm.a(lib_a-e_pow.o)
 .debug_frame   0x00000240       0x3c /home/laurence/CodeSourcery/Sourcery_G++_Lite/bin/../lib/gcc/arm-none-eabi/4.4.1/../../../../arm-none-eabi/lib/thumb2/libm.a(lib_a-e_rem_pio2.o)
 .debug_frame   0x0000027c       0x34 /home/laurence/CodeSourcery/Sourcery_G++_Lite/bin/../lib/gcc/arm-none-eabi/4.4.1/../../../../arm-none-eabi/lib/thumb2/libm.a(lib_a-e_sqrt.o)
 .debug_frame   0x000002b0       0x34 /home/laurence/CodeSourcery/Sourcery_G++_Lite/bin/../lib/gcc/arm-none-eabi/4.4.1/../../../../arm-none-eabi/lib/thumb2/libm.a(lib_a-ef_asin.o)
 .debug_frame   0x000002e4       0x2c /home/laurence/CodeSourcery/Sourcery_G++_Lite/bin/../lib/gcc/arm-none-eabi/4.4.1/../../../../arm-none-eabi/lib/thumb2/libm.a(lib_a-ef_atan2.o)
 .debug_frame   0x00000310       0x2c /home/laurence/CodeSourcery/Sourcery_G++_Lite/bin/../lib/gcc/arm-none-eabi/4.4.1/../../../../arm-none-eabi/lib/thumb2/libm.a(lib_a-ef_sqrt.o)
 .debug_frame   0x0000033c       0x3c /home/laurence/CodeSourcery/Sourcery_G++_Lite/bin/../lib/gcc/arm-none-eabi/4.4.1/../../../../arm-none-eabi/lib/thumb2/libm.a(lib_a-k_cos.o)
 .debug_frame   0x00000378       0x3c /home/laurence/CodeSourcery/Sourcery_G++_Lite/bin/../lib/gcc/arm-none-eabi/4.4.1/../../../../arm-none-eabi/lib/thumb2/libm.a(lib_a-k_rem_pio2.o)
 .debug_frame   0x000003b4       0x3c /home/laurence/CodeSourcery/Sourcery_G++_Lite/bin/../lib/gcc/arm-none-eabi/4.4.1/../../../../arm-none-eabi/lib/thumb2/libm.a(lib_a-k_sin.o)
 .debug_frame   0x000003f0       0x38 /home/laurence/CodeSourcery/Sourcery_G++_Lite/bin/../lib/gcc/arm-none-eabi/4.4.1/../../../../arm-none-eabi/lib/thumb2/libm.a(lib_a-s_atan.o)
 .debug_frame   0x00000428       0x20 /home/laurence/CodeSourcery/Sourcery_G++_Lite/bin/../lib/gcc/arm-none-eabi/4.4.1/../../../../arm-none-eabi/lib/thumb2/libm.a(lib_a-s_fabs.o)
 .debug_frame   0x00000448       0x20 /home/laurence/CodeSourcery/Sourcery_G++_Lite/bin/../lib/gcc/arm-none-eabi/4.4.1/../../../../arm-none-eabi/lib/thumb2/libm.a(lib_a-s_finite.o)
 .debug_frame   0x00000468       0x34 /home/laurence/CodeSourcery/Sourcery_G++_Lite/bin/../lib/gcc/arm-none-eabi/4.4.1/../../../../arm-none-eabi/lib/thumb2/libm.a(lib_a-s_floor.o)
 .debug_frame   0x0000049c       0x20 /home/laurence/CodeSourcery/Sourcery_G++_Lite/bin/../lib/gcc/arm-none-eabi/4.4.1/../../../../arm-none-eabi/lib/thumb2/libm.a(lib_a-s_isnand.o)
 .debug_frame   0x000004bc       0x20 /home/laurence/CodeSourcery/Sourcery_G++_Lite/bin/../lib/gcc/arm-none-eabi/4.4.1/../../../../arm-none-eabi/lib/thumb2/libm.a(lib_a-s_matherr.o)
 .debug_frame   0x000004dc       0x20 /home/laurence/CodeSourcery/Sourcery_G++_Lite/bin/../lib/gcc/arm-none-eabi/4.4.1/../../../../arm-none-eabi/lib/thumb2/libm.a(lib_a-s_nan.o)
 .debug_frame   0x000004fc       0x38 /home/laurence/CodeSourcery/Sourcery_G++_Lite/bin/../lib/gcc/arm-none-eabi/4.4.1/../../../../arm-none-eabi/lib/thumb2/libm.a(lib_a-s_rint.o)
 .debug_frame   0x00000534       0x30 /home/laurence/CodeSourcery/Sourcery_G++_Lite/bin/../lib/gcc/arm-none-eabi/4.4.1/../../../../arm-none-eabi/lib/thumb2/libm.a(lib_a-s_scalbn.o)
 .debug_frame   0x00000564       0x30 /home/laurence/CodeSourcery/Sourcery_G++_Lite/bin/../lib/gcc/arm-none-eabi/4.4.1/../../../../arm-none-eabi/lib/thumb2/libm.a(lib_a-sf_atan.o)
 .debug_frame   0x00000594       0x20 /home/laurence/CodeSourcery/Sourcery_G++_Lite/bin/../lib/gcc/arm-none-eabi/4.4.1/../../../../arm-none-eabi/lib/thumb2/libm.a(lib_a-sf_fabs.o)
 .debug_frame   0x000005b4       0x20 /home/laurence/CodeSourcery/Sourcery_G++_Lite/bin/../lib/gcc/arm-none-eabi/4.4.1/../../../../arm-none-eabi/lib/thumb2/libm.a(lib_a-sf_isnan.o)
 .debug_frame   0x000005d4       0x28 /home/laurence/CodeSourcery/Sourcery_G++_Lite/bin/../lib/gcc/arm-none-eabi/4.4.1/../../../../arm-none-eabi/lib/thumb2/libm.a(lib_a-s_copysign.o)
 .debug_frame   0x000005fc       0x20 /home/laurence/CodeSourcery/Sourcery_G++_Lite/bin/../lib/gcc/arm-none-eabi/4.4.1/thumb2/libgcc.a(_divsi3.o)
 .debug_frame   0x0000061c       0x28 /home/laurence/CodeSourcery/Sourcery_G++_Lite/bin/../lib/gcc/arm-none-eabi/4.4.1/thumb2/libgcc.a(_fixsfdi.o)
 .debug_frame   0x00000644       0x2c /home/laurence/CodeSourcery/Sourcery_G++_Lite/bin/../lib/gcc/arm-none-eabi/4.4.1/thumb2/libgcc.a(_fixunssfdi.o)
 .debug_frame   0x00000670       0x50 /home/laurence/CodeSourcery/Sourcery_G++_Lite/bin/../lib/gcc/arm-none-eabi/4.4.1/thumb2/libgcc.a(bpabi.o)
 .debug_frame   0x000006c0       0x3c /home/laurence/CodeSourcery/Sourcery_G++_Lite/bin/../lib/gcc/arm-none-eabi/4.4.1/thumb2/libgcc.a(_divdi3.o)
 .debug_frame   0x000006fc       0x3c /home/laurence/CodeSourcery/Sourcery_G++_Lite/bin/../lib/gcc/arm-none-eabi/4.4.1/thumb2/libgcc.a(_udivdi3.o)
 .debug_frame   0x00000738       0x20 /home/laurence/CodeSourcery/Sourcery_G++_Lite/bin/../lib/gcc/arm-none-eabi/4.4.1/thumb2/libgcc.a(_udivsi3.o)
 .debug_frame   0x00000758       0x20 /home/laurence/CodeSourcery/Sourcery_G++_Lite/bin/../lib/gcc/arm-none-eabi/4.4.1/../../../../arm-none-eabi/lib/thumb2/libc.a(lib_a-errno.o)
 .debug_frame   0x00000778       0x30 /home/laurence/CodeSourcery/Sourcery_G++_Lite/bin/../lib/gcc/arm-none-eabi/4.4.1/../../../../arm-none-eabi/lib/thumb2/libc.a(lib_a-malloc.o)
 .debug_frame   0x000007a8       0x3c /home/laurence/CodeSourcery/Sourcery_G++_Lite/bin/../lib/gcc/arm-none-eabi/4.4.1/../../../../arm-none-eabi/lib/thumb2/libc.a(lib_a-mallocr.o)
 .debug_frame   0x000007e4       0x34 /home/laurence/CodeSourcery/Sourcery_G++_Lite/bin/../lib/gcc/arm-none-eabi/4.4.1/../../../../arm-none-eabi/lib/thumb2/libc.a(lib_a-memcpy.o)
 .debug_frame   0x00000818       0x30 /home/laurence/CodeSourcery/Sourcery_G++_Lite/bin/../lib/gcc/arm-none-eabi/4.4.1/../../../../arm-none-eabi/lib/thumb2/libc.a(lib_a-mlock.o)
 .debug_frame   0x00000848       0x2c /home/laurence/CodeSourcery/Sourcery_G++_Lite/bin/../lib/gcc/arm-none-eabi/4.4.1/../../../../arm-none-eabi/lib/thumb2/libc.a(lib_a-sbrkr.o)
 .debug_frame   0x00000874       0x20 /home/laurence/CodeSourcery/Sourcery_G++_Lite/bin/../lib/gcc/arm-none-eabi/4.4.1/../../../../arm-none-eabi/lib/thumb2/libc.a(lib_a-strcpy.o)
 .debug_frame   0x00000894       0x50 /home/laurence/CodeSourcery/Sourcery_G++_Lite/bin/../lib/gcc/arm-none-eabi/4.4.1/../../../../arm-none-eabi/lib/thumb2/libc.a(lib_a-freer.o)
 .debug_frame   0x000008e4       0x64 /home/laurence/CodeSourcery/Sourcery_G++_Lite/bin/../lib/gcc/arm-none-eabi/4.4.1/../../../../arm-none-eabi/lib/thumb2/libc.a(lib_a-reent.o)
 .debug_frame   0x00000948       0x40 /home/laurence/CodeSourcery/Sourcery_G++_Lite/bin/../lib/gcc/arm-none-eabi/4.4.1/../../../../arm-none-eabi/lib/thumb2/libcs3.a(start_c.o)
 .debug_frame   0x00000988       0x28 /home/laurence/CodeSourcery/Sourcery_G++_Lite/bin/../lib/gcc/arm-none-eabi/4.4.1/../../../../arm-none-eabi/lib/thumb2/libcs3unhosted.a(unhosted-sbrk.o)
 .debug_frame   0x000009b0       0x2c /home/laurence/CodeSourcery/Sourcery_G++_Lite/bin/../lib/gcc/arm-none-eabi/4.4.1/../../../../arm-none-eabi/lib/thumb2/libc.a(lib_a-init.o)

.debug_str
 *(.debug_str)

.debug_loc
 *(.debug_loc)

.debug_macinfo
 *(.debug_macinfo)

.debug_weaknames
 *(.debug_weaknames)

.debug_funcnames
 *(.debug_funcnames)

.debug_typenames
 *(.debug_typenames)

.debug_varnames
 *(.debug_varnames)

.note.gnu.arm.ident
 *(.note.gnu.arm.ident)

.ARM.attributes
                0x00000000       0x25
 *(.ARM.attributes)
 .ARM.attributes
                0x00000000       0x19 /home/laurence/CodeSourcery/Sourcery_G++_Lite/bin/../lib/gcc/arm-none-eabi/4.4.1/thumb2/crti.o
 .ARM.attributes
                0x00000019       0x29 /home/laurence/CodeSourcery/Sourcery_G++_Lite/bin/../lib/gcc/arm-none-eabi/4.4.1/thumb2/crtbegin.o
 .ARM.attributes
                0x00000042       0x31 Sensors/bmp085.o
 .ARM.attributes
                0x00000073       0x31 Sensors/earth_field.o
 .ARM.attributes
                0x000000a4       0x31 Sensors/pitot.o
 .ARM.attributes
                0x000000d5       0x31 Sensors/ubx.o
 .ARM.attributes
                0x00000106       0x31 Util/Fatfs/fattime.o
 .ARM.attributes
                0x00000137       0x31 Util/Fatfs/ff.o
 .ARM.attributes
                0x00000168       0x31 Util/Fatfs/rtc.o
 .ARM.attributes
                0x00000199       0x31 Util/Fatfs/sd_spi_stm32.o
 .ARM.attributes
                0x000001ca       0x31 Util/atmospherics.o
 .ARM.attributes
                0x000001fb       0x31 Util/coords.o
 .ARM.attributes
                0x0000022c       0x31 Util/crc.o
 .ARM.attributes
                0x0000025d       0x31 Util/delay.o
 .ARM.attributes
                0x0000028e       0x31 Util/gravity.o
 .ARM.attributes
                0x000002bf       0x31 Util/rprintf.o
 .ARM.attributes
                0x000002f0       0x31 Util/time.o
 .ARM.attributes
                0x00000321       0x31 Util/uavtalk.o
 .ARM.attributes
                0x00000352       0x31 dma.o
 .ARM.attributes
                0x00000383       0x31 gpio.o
 .ARM.attributes
                0x000003b4       0x31 i2c.o
 .ARM.attributes
                0x000003e5       0x31 interrupts.o
 .ARM.attributes
                0x00000416       0x31 lib/CMSIS_CM3/core_cm3.o
 .ARM.attributes
                0x00000447       0x21 lib/CMSIS_CM3/startup/gcc/startup_stm32f10x_md.o
 .ARM.attributes
                0x00000468       0x31 lib/CMSIS_CM3/system_stm32f10x.o
 .ARM.attributes
                0x00000499       0x31 main.o
 .ARM.attributes
                0x000004ca       0x31 pwm.o
 .ARM.attributes
                0x000004fb       0x31 usart.o
 .ARM.attributes
                0x0000052c       0x31 watchdog.o
 .ARM.attributes
                0x0000055d       0x31 Control/ekf.o
 .ARM.attributes
                0x0000058e       0x31 Control/imu.o
 .ARM.attributes
                0x000005bf       0x31 Control/loops.o
 .ARM.attributes
                0x000005f0       0x31 Control/sensorcal.o
 .ARM.attributes
                0x00000621       0x31 Control/servos.o
 .ARM.attributes
                0x00000652       0x31 lib/STM32F10x_StdPeriph_Driver/libstm32fw.a(misc.o)
 .ARM.attributes
                0x00000683       0x31 lib/STM32F10x_StdPeriph_Driver/libstm32fw.a(stm32f10x_bkp.o)
 .ARM.attributes
                0x000006b4       0x31 lib/STM32F10x_StdPeriph_Driver/libstm32fw.a(stm32f10x_dma.o)
 .ARM.attributes
                0x000006e5       0x31 lib/STM32F10x_StdPeriph_Driver/libstm32fw.a(stm32f10x_exti.o)
 .ARM.attributes
                0x00000716       0x31 lib/STM32F10x_StdPeriph_Driver/libstm32fw.a(stm32f10x_gpio.o)
 .ARM.attributes
                0x00000747       0x31 lib/STM32F10x_StdPeriph_Driver/libstm32fw.a(stm32f10x_i2c.o)
 .ARM.attributes
                0x00000778       0x31 lib/STM32F10x_StdPeriph_Driver/libstm32fw.a(stm32f10x_iwdg.o)
 .ARM.attributes
                0x000007a9       0x31 lib/STM32F10x_StdPeriph_Driver/libstm32fw.a(stm32f10x_pwr.o)
 .ARM.attributes
                0x000007da       0x31 lib/STM32F10x_StdPeriph_Driver/libstm32fw.a(stm32f10x_rcc.o)
 .ARM.attributes
                0x0000080b       0x31 lib/STM32F10x_StdPeriph_Driver/libstm32fw.a(stm32f10x_rtc.o)
 .ARM.attributes
                0x0000083c       0x31 lib/STM32F10x_StdPeriph_Driver/libstm32fw.a(stm32f10x_spi.o)
 .ARM.attributes
                0x0000086d       0x31 lib/STM32F10x_StdPeriph_Driver/libstm32fw.a(stm32f10x_tim.o)
 .ARM.attributes
                0x0000089e       0x31 lib/STM32F10x_StdPeriph_Driver/libstm32fw.a(stm32f10x_usart.o)
 .ARM.attributes
                0x000008cf       0x29 /home/laurence/CodeSourcery/Sourcery_G++_Lite/bin/../lib/gcc/arm-none-eabi/4.4.1/../../../../arm-none-eabi/lib/thumb2/libm.a(lib_a-s_cos.o)
 .ARM.attributes
                0x000008f8       0x29 /home/laurence/CodeSourcery/Sourcery_G++_Lite/bin/../lib/gcc/arm-none-eabi/4.4.1/../../../../arm-none-eabi/lib/thumb2/libm.a(lib_a-s_sin.o)
 .ARM.attributes
                0x00000921       0x29 /home/laurence/CodeSourcery/Sourcery_G++_Lite/bin/../lib/gcc/arm-none-eabi/4.4.1/../../../../arm-none-eabi/lib/thumb2/libm.a(lib_a-w_asin.o)
 .ARM.attributes
                0x0000094a       0x29 /home/laurence/CodeSourcery/Sourcery_G++_Lite/bin/../lib/gcc/arm-none-eabi/4.4.1/../../../../arm-none-eabi/lib/thumb2/libm.a(lib_a-w_atan2.o)
 .ARM.attributes
                0x00000973       0x29 /home/laurence/CodeSourcery/Sourcery_G++_Lite/bin/../lib/gcc/arm-none-eabi/4.4.1/../../../../arm-none-eabi/lib/thumb2/libm.a(lib_a-w_pow.o)
 .ARM.attributes
                0x0000099c       0x29 /home/laurence/CodeSourcery/Sourcery_G++_Lite/bin/../lib/gcc/arm-none-eabi/4.4.1/../../../../arm-none-eabi/lib/thumb2/libm.a(lib_a-w_sqrt.o)
 .ARM.attributes
                0x000009c5       0x29 /home/laurence/CodeSourcery/Sourcery_G++_Lite/bin/../lib/gcc/arm-none-eabi/4.4.1/../../../../arm-none-eabi/lib/thumb2/libm.a(lib_a-wf_asin.o)
 .ARM.attributes
                0x000009ee       0x29 /home/laurence/CodeSourcery/Sourcery_G++_Lite/bin/../lib/gcc/arm-none-eabi/4.4.1/../../../../arm-none-eabi/lib/thumb2/libm.a(lib_a-wf_atan2.o)
 .ARM.attributes
                0x00000a17       0x29 /home/laurence/CodeSourcery/Sourcery_G++_Lite/bin/../lib/gcc/arm-none-eabi/4.4.1/../../../../arm-none-eabi/lib/thumb2/libm.a(lib_a-e_asin.o)
 .ARM.attributes
                0x00000a40       0x29 /home/laurence/CodeSourcery/Sourcery_G++_Lite/bin/../lib/gcc/arm-none-eabi/4.4.1/../../../../arm-none-eabi/lib/thumb2/libm.a(lib_a-e_atan2.o)
 .ARM.attributes
                0x00000a69       0x29 /home/laurence/CodeSourcery/Sourcery_G++_Lite/bin/../lib/gcc/arm-none-eabi/4.4.1/../../../../arm-none-eabi/lib/thumb2/libm.a(lib_a-e_pow.o)
 .ARM.attributes
                0x00000a92       0x29 /home/laurence/CodeSourcery/Sourcery_G++_Lite/bin/../lib/gcc/arm-none-eabi/4.4.1/../../../../arm-none-eabi/lib/thumb2/libm.a(lib_a-e_rem_pio2.o)
 .ARM.attributes
                0x00000abb       0x29 /home/laurence/CodeSourcery/Sourcery_G++_Lite/bin/../lib/gcc/arm-none-eabi/4.4.1/../../../../arm-none-eabi/lib/thumb2/libm.a(lib_a-e_sqrt.o)
 .ARM.attributes
                0x00000ae4       0x29 /home/laurence/CodeSourcery/Sourcery_G++_Lite/bin/../lib/gcc/arm-none-eabi/4.4.1/../../../../arm-none-eabi/lib/thumb2/libm.a(lib_a-ef_asin.o)
 .ARM.attributes
                0x00000b0d       0x29 /home/laurence/CodeSourcery/Sourcery_G++_Lite/bin/../lib/gcc/arm-none-eabi/4.4.1/../../../../arm-none-eabi/lib/thumb2/libm.a(lib_a-ef_atan2.o)
 .ARM.attributes
                0x00000b36       0x29 /home/laurence/CodeSourcery/Sourcery_G++_Lite/bin/../lib/gcc/arm-none-eabi/4.4.1/../../../../arm-none-eabi/lib/thumb2/libm.a(lib_a-ef_sqrt.o)
 .ARM.attributes
                0x00000b5f       0x29 /home/laurence/CodeSourcery/Sourcery_G++_Lite/bin/../lib/gcc/arm-none-eabi/4.4.1/../../../../arm-none-eabi/lib/thumb2/libm.a(lib_a-k_cos.o)
 .ARM.attributes
                0x00000b88       0x29 /home/laurence/CodeSourcery/Sourcery_G++_Lite/bin/../lib/gcc/arm-none-eabi/4.4.1/../../../../arm-none-eabi/lib/thumb2/libm.a(lib_a-k_rem_pio2.o)
 .ARM.attributes
                0x00000bb1       0x29 /home/laurence/CodeSourcery/Sourcery_G++_Lite/bin/../lib/gcc/arm-none-eabi/4.4.1/../../../../arm-none-eabi/lib/thumb2/libm.a(lib_a-k_sin.o)
 .ARM.attributes
                0x00000bda       0x29 /home/laurence/CodeSourcery/Sourcery_G++_Lite/bin/../lib/gcc/arm-none-eabi/4.4.1/../../../../arm-none-eabi/lib/thumb2/libm.a(lib_a-s_atan.o)
 .ARM.attributes
                0x00000c03       0x29 /home/laurence/CodeSourcery/Sourcery_G++_Lite/bin/../lib/gcc/arm-none-eabi/4.4.1/../../../../arm-none-eabi/lib/thumb2/libm.a(lib_a-s_fabs.o)
 .ARM.attributes
                0x00000c2c       0x29 /home/laurence/CodeSourcery/Sourcery_G++_Lite/bin/../lib/gcc/arm-none-eabi/4.4.1/../../../../arm-none-eabi/lib/thumb2/libm.a(lib_a-s_finite.o)
 .ARM.attributes
                0x00000c55       0x29 /home/laurence/CodeSourcery/Sourcery_G++_Lite/bin/../lib/gcc/arm-none-eabi/4.4.1/../../../../arm-none-eabi/lib/thumb2/libm.a(lib_a-s_floor.o)
 .ARM.attributes
                0x00000c7e       0x29 /home/laurence/CodeSourcery/Sourcery_G++_Lite/bin/../lib/gcc/arm-none-eabi/4.4.1/../../../../arm-none-eabi/lib/thumb2/libm.a(lib_a-s_isnand.o)
 .ARM.attributes
                0x00000ca7       0x29 /home/laurence/CodeSourcery/Sourcery_G++_Lite/bin/../lib/gcc/arm-none-eabi/4.4.1/../../../../arm-none-eabi/lib/thumb2/libm.a(lib_a-s_lib_ver.o)
 .ARM.attributes
                0x00000cd0       0x29 /home/laurence/CodeSourcery/Sourcery_G++_Lite/bin/../lib/gcc/arm-none-eabi/4.4.1/../../../../arm-none-eabi/lib/thumb2/libm.a(lib_a-s_matherr.o)
 .ARM.attributes