Archive member included because of file (symbol)

lib/STM32F10x_StdPeriph_Driver/libstm32fw.a(misc.o)
                              interrupts.o (NVIC_PriorityGroupConfig)
lib/STM32F10x_StdPeriph_Driver/libstm32fw.a(stm32f10x_adc.o)
                              adc.o (ADC_DeInit)
lib/STM32F10x_StdPeriph_Driver/libstm32fw.a(stm32f10x_bkp.o)
                              Util/Fatfs/rtc.o (BKP_DeInit)
lib/STM32F10x_StdPeriph_Driver/libstm32fw.a(stm32f10x_dma.o)
                              Util/Fatfs/sd_spi_stm32.o (DMA_DeInit)
lib/STM32F10x_StdPeriph_Driver/libstm32fw.a(stm32f10x_exti.o)
                              interrupts.o (EXTI_Init)
lib/STM32F10x_StdPeriph_Driver/libstm32fw.a(stm32f10x_gpio.o)
                              Util/Fatfs/sd_spi_stm32.o (GPIO_Init)
lib/STM32F10x_StdPeriph_Driver/libstm32fw.a(stm32f10x_i2c.o)
                              i2c_int.o (I2C_DeInit)
lib/STM32F10x_StdPeriph_Driver/libstm32fw.a(stm32f10x_iwdg.o)
                              watchdog.o (IWDG_WriteAccessCmd)
lib/STM32F10x_StdPeriph_Driver/libstm32fw.a(stm32f10x_pwr.o)
                              Util/Fatfs/rtc.o (PWR_BackupAccessCmd)
lib/STM32F10x_StdPeriph_Driver/libstm32fw.a(stm32f10x_rcc.o)
                              adc.o (RCC_ADCCLKConfig)
lib/STM32F10x_StdPeriph_Driver/libstm32fw.a(stm32f10x_rtc.o)
                              Util/Fatfs/rtc.o (RTC_GetCounter)
lib/STM32F10x_StdPeriph_Driver/libstm32fw.a(stm32f10x_spi.o)
                              Util/Fatfs/sd_spi_stm32.o (SPI_I2S_DeInit)
lib/STM32F10x_StdPeriph_Driver/libstm32fw.a(stm32f10x_tim.o)
                              pwm.o (TIM_TimeBaseInit)
lib/STM32F10x_StdPeriph_Driver/libstm32fw.a(stm32f10x_usart.o)
                              usart.o (USART_DeInit)
/home/laurence/CodeSourcery/Sourcery_G++_Lite/bin/../lib/gcc/arm-none-eabi/4.5.2/../../../../arm-none-eabi/lib/thumb2/libm.a(lib_a-s_cos.o)
                              Sensors/earth_field.o (cos)
/home/laurence/CodeSourcery/Sourcery_G++_Lite/bin/../lib/gcc/arm-none-eabi/4.5.2/../../../../arm-none-eabi/lib/thumb2/libm.a(lib_a-s_floor.o)
                              Util/RF22/RF22.o (floor)
/home/laurence/CodeSourcery/Sourcery_G++_Lite/bin/../lib/gcc/arm-none-eabi/4.5.2/../../../../arm-none-eabi/lib/thumb2/libm.a(lib_a-s_sin.o)
                              Sensors/earth_field.o (sin)
/home/laurence/CodeSourcery/Sourcery_G++_Lite/bin/../lib/gcc/arm-none-eabi/4.5.2/../../../../arm-none-eabi/lib/thumb2/libm.a(lib_a-sf_cos.o)
                              Util/coords.o (cosf)
/home/laurence/CodeSourcery/Sourcery_G++_Lite/bin/../lib/gcc/arm-none-eabi/4.5.2/../../../../arm-none-eabi/lib/thumb2/libm.a(lib_a-sf_sin.o)
                              Util/coords.o (sinf)
/home/laurence/CodeSourcery/Sourcery_G++_Lite/bin/../lib/gcc/arm-none-eabi/4.5.2/../../../../arm-none-eabi/lib/thumb2/libm.a(lib_a-w_asin.o)
                              Sensors/earth_field.o (asin)
/home/laurence/CodeSourcery/Sourcery_G++_Lite/bin/../lib/gcc/arm-none-eabi/4.5.2/../../../../arm-none-eabi/lib/thumb2/libm.a(lib_a-w_atan2.o)
                              Sensors/earth_field.o (atan2)
/home/laurence/CodeSourcery/Sourcery_G++_Lite/bin/../lib/gcc/arm-none-eabi/4.5.2/../../../../arm-none-eabi/lib/thumb2/libm.a(lib_a-w_sqrt.o)
                              Sensors/earth_field.o (sqrt)
/home/laurence/CodeSourcery/Sourcery_G++_Lite/bin/../lib/gcc/arm-none-eabi/4.5.2/../../../../arm-none-eabi/lib/thumb2/libm.a(lib_a-wf_asin.o)
                              Util/coords.o (asinf)
/home/laurence/CodeSourcery/Sourcery_G++_Lite/bin/../lib/gcc/arm-none-eabi/4.5.2/../../../../arm-none-eabi/lib/thumb2/libm.a(lib_a-wf_atan2.o)
                              Util/coords.o (atan2f)
/home/laurence/CodeSourcery/Sourcery_G++_Lite/bin/../lib/gcc/arm-none-eabi/4.5.2/../../../../arm-none-eabi/lib/thumb2/libm.a(lib_a-wf_sqrt.o)
                              Sensors/pitot.o (sqrtf)
/home/laurence/CodeSourcery/Sourcery_G++_Lite/bin/../lib/gcc/arm-none-eabi/4.5.2/../../../../arm-none-eabi/lib/thumb2/libm.a(lib_a-e_asin.o)
                              /home/laurence/CodeSourcery/Sourcery_G++_Lite/bin/../lib/gcc/arm-none-eabi/4.5.2/../../../../arm-none-eabi/lib/thumb2/libm.a(lib_a-w_asin.o) (__ieee754_asin)
/home/laurence/CodeSourcery/Sourcery_G++_Lite/bin/../lib/gcc/arm-none-eabi/4.5.2/../../../../arm-none-eabi/lib/thumb2/libm.a(lib_a-e_atan2.o)
                              /home/laurence/CodeSourcery/Sourcery_G++_Lite/bin/../lib/gcc/arm-none-eabi/4.5.2/../../../../arm-none-eabi/lib/thumb2/libm.a(lib_a-w_atan2.o) (__ieee754_atan2)
/home/laurence/CodeSourcery/Sourcery_G++_Lite/bin/../lib/gcc/arm-none-eabi/4.5.2/../../../../arm-none-eabi/lib/thumb2/libm.a(lib_a-e_rem_pio2.o)
                              /home/laurence/CodeSourcery/Sourcery_G++_Lite/bin/../lib/gcc/arm-none-eabi/4.5.2/../../../../arm-none-eabi/lib/thumb2/libm.a(lib_a-s_cos.o) (__ieee754_rem_pio2)
[...]
Memory Configuration

Name             Origin             Length             Attributes
ram              0x20000000         0x00005000         xrw
rom              0x08000000         0x00020000         xr
*default*        0x00000000         0xffffffff

Linker script and memory map

LOAD /home/laurence/CodeSourcery/Sourcery_G++_Lite/bin/../lib/gcc/arm-none-eabi/4.5.2/thumb2/crti.o
LOAD /home/laurence/CodeSourcery/Sourcery_G++_Lite/bin/../lib/gcc/arm-none-eabi/4.5.2/thumb2/crtbegin.o
LOAD Sensors/accel_down.o
LOAD Sensors/bmp085.o
LOAD Sensors/earth_field.o
LOAD Sensors/pitot.o
LOAD Sensors/sensorcal.o
LOAD Sensors/ubx.o
LOAD Util/Fatfs/fattime.o
LOAD Util/Fatfs/ff.o
LOAD Util/Fatfs/rtc.o
LOAD Util/Fatfs/sd_spi_stm32.o
LOAD Util/RF22/RF22.o
LOAD Util/RF22/RF22Datagram.o
LOAD Util/RF22/RF22Mesh.o
LOAD Util/RF22/RF22ReliableDatagram.o
LOAD Util/RF22/RF22Router.o
LOAD Util/RF22/ctocpp.o
LOAD Util/atmospherics.o
LOAD Util/coords.o
LOAD Util/crc.o
LOAD Util/delay.o
LOAD Util/gravity.o
LOAD Util/rprintf.o
LOAD Util/time.o
LOAD Util/uavobjconv.o
LOAD Util/uavtalk.o
LOAD adc.o
LOAD dma.o
LOAD gpio.o
LOAD i2c_int.o
LOAD interrupts.o
LOAD lib/CMSIS_CM3/core_cm3.o
LOAD lib/CMSIS_CM3/startup/gcc/startup_stm32f10x_md.o
LOAD lib/CMSIS_CM3/system_stm32f10x.o
LOAD main.o
LOAD pwm.o
LOAD usart.o
LOAD watchdog.o
LOAD Control/ekf.o
LOAD Control/imu.o
LOAD Control/loops.o
LOAD Control/servos.o
LOAD lib/STM32F10x_StdPeriph_Driver/libstm32fw.a
LOAD lib/STM32_USB-FS-Device_Driver/libstm32usb.a
LOAD /home/laurence/CodeSourcery/Sourcery_G++_Lite/bin/../lib/gcc/arm-none-eabi/4.5.2/../../../../arm-none-eabi/lib/thumb2/libm.a
START GROUP
LOAD /home/laurence/CodeSourcery/Sourcery_G++_Lite/bin/../lib/gcc/arm-none-eabi/4.5.2/thumb2/libgcc.a
LOAD /home/laurence/CodeSourcery/Sourcery_G++_Lite/bin/../lib/gcc/arm-none-eabi/4.5.2/../../../../arm-none-eabi/lib/thumb2/libc.a
END GROUP
LOAD /home/laurence/CodeSourcery/Sourcery_G++_Lite/bin/../lib/gcc/arm-none-eabi/4.5.2/thumb2/crtend.o
LOAD /home/laurence/CodeSourcery/Sourcery_G++_Lite/bin/../lib/gcc/arm-none-eabi/4.5.2/thumb2/crtn.o
START GROUP
LOAD /home/laurence/CodeSourcery/Sourcery_G++_Lite/bin/../lib/gcc/arm-none-eabi/4.5.2/thumb2/libgcc.a
LOAD /home/laurence/CodeSourcery/Sourcery_G++_Lite/bin/../lib/gcc/arm-none-eabi/4.5.2/../../../../arm-none-eabi/lib/thumb2/libc.a
LOAD /home/laurence/CodeSourcery/Sourcery_G++_Lite/bin/../lib/gcc/arm-none-eabi/4.5.2/../../../../arm-none-eabi/lib/thumb2/libcs3.a
LOAD /home/laurence/CodeSourcery/Sourcery_G++_Lite/bin/../lib/gcc/arm-none-eabi/4.5.2/../../../../arm-none-eabi/lib/thumb2/libcs3unhosted.a
LOAD lib/libcs3-lanchon-stm32.a
END GROUP
                0x20005000                PROVIDE (__cs3_stack, (__cs3_region_start_ram + __cs3_region_size_ram))
                0x20002218                PROVIDE (__cs3_heap_start, _end)
                0x20005000                PROVIDE (__cs3_heap_end, (__cs3_region_start_ram + __cs3_region_size_ram))

.text           0x08000000    0x1a9c4
 CREATE_OBJECT_SYMBOLS
                0x08000000                __cs3_region_start_rom = .
 *(.cs3.region-head.rom)
                0x08000000                __cs3_interrupt_vector = __cs3_interrupt_vector_lanchon_stm32
 *(.cs3.interrupt_vector)
 .cs3.interrupt_vector
                0x08000000       0xec lib/libcs3-lanchon-stm32.a(lanchon-stm32-vector.o)
                0x08000000                __cs3_interrupt_vector_lanchon_stm32
                0x08000001                ASSERT ((. != __cs3_interrupt_vector_lanchon_stm32), No interrupt vector)
 *(.rom)
 *(.rom.b)
                0x0801901c                PROVIDE (__cs3_reset_lanchon_stm32, _start)
                0x0801901c                __cs3_reset = __cs3_reset_lanchon_stm32
 *(.cs3.reset)
 *(.text .text.* .gnu.linkonce.t.*)
 .text          0x080000ec       0x30 /home/laurence/CodeSourcery/Sourcery_G++_Lite/bin/../lib/gcc/arm-none-eabi/4.5.2/thumb2/crtbegin.o
 .text          0x0800011c       0xa0 Sensors/accel_down.o
                0x0800011c                Accel_Downconvert
 .text          0x080001bc       0xf0 Sensors/bmp085.o
                0x080001bc                Bmp085_Convert
                0x08000278                flip_sensorcal
                0x0800028e                flip_adc24
 *fill*         0x080002ac        0x4 00
 .text          0x080002b0     0x1920 Sensors/earth_field.o
                0x080002b0                WMM_Initialize
                0x08000324                WMM_ComputeSphericalHarmonicVariables
                0x080003fc                WMM_RotateMagneticVector
                0x080004c0                WMM_CalculateGeoMagneticElements
                0x08000588                WMM_CalculateSecularVariation
                0x080006a0                WMM_PcupHigh
                0x08000b56                WMM_PcupLow
                0x08000ea8                WMM_AssociatedLegendreFunction
                0x08000f34                WMM_get_secular_var_coeff_g
                0x08000f4c                WMM_get_main_field_coeff_g
                0x08000fe8                WMM_get_secular_var_coeff_h
                0x08001000                WMM_get_main_field_coeff_h
                0x0800109c                WMM_SummationSpecial
                0x0800123c                WMM_Summation
                0x0800142c                WMM_SecVarSummationSpecial
                0x080015cc                WMM_SecVarSummation
                0x0800176c                WMM_Geomag
                0x08001864                WMM_DateToYear
                0x080018a4                WMM_GeodeticToSpherical
                0x08001a10                WMM_GetMagVector
 .text          0x08001bd0       0x7c Sensors/pitot.o
                0x08001bd0                Pitot_Conv
                0x08001c04                Pitot_convert_Airspeed
 .text          0x08001c4c       0xf0 Sensors/sensorcal.o
                0x08001c4c                Calibrate_3
 .text          0x08001d3c      0x348 Sensors/ubx.o
                0x08001d3c                Gps_Process_Byte
                0x08001ec4                Get_UBX_Ack
                0x08001f68                Config_Gps
 .text          0x08002084       0x44 Util/Fatfs/fattime.o
                0x08002084                get_fattime
 .text          0x080020c8     0x1a60 Util/Fatfs/ff.o
                0x0800268a                clust2sect
                0x080026a4                get_fat
                0x08002826                put_fat
                0x08002db2                f_mount
                0x08002dd0                f_open
                0x08002f1c                f_read
                0x08003094                f_write
                0x0800324a                f_sync
                0x080032fc                f_close
                0x0800330a                f_lseek
                0x0800346e                f_opendir
                0x080034d2                f_readdir
                0x08003526                f_stat
                0x08003566                f_getfree
                0x08003658                f_truncate
                0x080036f0                f_unlink
                0x080037a0                f_mkdir
                0x08003966                f_chmod
                0x080039ba                f_utime
                0x08003a12                f_rename
 .text          0x08003b28      0x2e0 Util/Fatfs/rtc.o
                0x08003c0c                rtc_gettime
                0x08003c84                my_RTC_SetCounter
                0x08003ca6                rtc_settime
                0x08003d70                rtc_init
 .text          0x08003e08      0x880 Util/Fatfs/sd_spi_stm32.o
                0x08004162                disk_initialize
                0x08004284                disk_status
                0x08004294                disk_read
                0x08004320                disk_write
                0x080043cc                disk_ioctl
                0x0800464c                disk_timerproc
 .text          0x08004688      0x8bc Util/RF22/RF22.o
                0x08004688                _ZN4RF2223handleExternalInterruptEv
                0x0800468a                _ZN4RF2226handleWakeupTimerInterruptEv
                0x0800468c                _ZN4RF22C1Ehh
                0x0800468c                _ZN4RF22C2Ehh
                0x080046b0                _ZN4RF227spiReadEh
                0x08004710                _ZN4RF228spiWriteEhh
                0x08004770                _ZN4RF225resetEv
                0x08004786                _ZN4RF2212spiBurstReadEhPhh
                0x080047f8                _ZN4RF2213spiBurstWriteEhPhh
                0x08004860                _ZN4RF2210statusReadEv
                0x08004864                _ZN4RF227adcReadEhhhh
                0x080048a2                _ZN4RF2215temperatureReadEhh
                0x080048cc                _ZN4RF227wutReadEv
                0x080048e6                _ZN4RF2212setWutPeriodEthh
                0x0800490e                _ZN4RF2212setFrequencyEf
                0x080049e0                _ZN4RF2213setFHStepSizeEh
                0x08004a00                _ZN4RF2212setFHChannelEh
                0x08004a20                _ZN4RF228rssiReadEv
                0x08004a24                _ZN4RF2215ezmacStatusReadEv
                0x08004a28                _ZN4RF227setModeEh
                0x08004a2e                _ZN4RF2211setModeIdleEv
                0x08004a42                _ZN4RF229setModeRxEv
                0x08004a5c                _ZN4RF229setModeTxEv
                0x08004a76                _ZN4RF2210setTxPowerEh
                0x08004a7c                _ZN4RF2217setModemRegistersEPNS_11ModemConfigE
                0x08004ad2                _ZN4RF2214setModemConfigENS_17ModemConfigChoiceE
                0x08004af0                _ZN4RF2217setPreambleLengthEh
                0x08004af6                _ZN4RF2212setSyncWordsEPhh
                0x08004b06                _ZN4RF2210clearRxBufEv
                0x08004b12                _ZN4RF229availableEv
                0x08004b20                _ZN4RF2213waitAvailableEv
                0x08004b30                _ZN4RF2220waitAvailableTimeoutEt
                0x08004b58                _ZN4RF2214waitPacketSentEv
                0x08004b62                _ZN4RF224recvEPhS0_
                0x08004b98                _ZN4RF2210clearTxBufEv
                0x08004ba8                _ZN4RF2211appendTxBufEPhh
                0x08004bd8                _ZN4RF229fillTxBufEPhh
                0x08004bf0                _ZN4RF2216sendNextFragmentEv
                0x08004c32                _ZN4RF2213startTransmitEv
                0x08004c4e                _ZN4RF224sendEPhh
                0x08004c6e                _ZN4RF2216readNextFragmentEv
                0x08004c96                _ZN4RF2210resetFifosEv
                0x08004cae                _ZN4RF2211resetRxFifoEv
                0x08004cc6                _ZN4RF2215handleInterruptEv
                0x08004ddc                _ZN4RF224isr1Ev
                0x08004dec                _ZN4RF224isr0Ev
                0x08004dfc                _ZN4RF2211resetTxFifoEv
                0x08004e14                _ZN4RF2211setHeaderToEh
                0x08004e1a                _ZN4RF2213setHeaderFromEh
                0x08004e20                _ZN4RF2211setHeaderIdEh
                0x08004e26                _ZN4RF2214setHeaderFlagsEh
                0x08004e2c                _ZN4RF228headerToEv
                0x08004e30                _ZN4RF2210headerFromEv
                0x08004e34                _ZN4RF228headerIdEv
                0x08004e38                _ZN4RF2211headerFlagsEv
                0x08004e3c                _ZN4RF228lastRssiEv
                0x08004e42                _ZN4RF2214setPromiscuousEb
                0x08004e4e                _ZN4RF224initEv
 .text          0x08004f44       0xcc Util/RF22/RF22Datagram.o
                0x08004f44                _ZN12RF22DatagramC1Ehhh
                0x08004f44                _ZN12RF22DatagramC2Ehhh
                0x08004f64                _ZN12RF22Datagram14setThisAddressEh
                0x08004f82                _ZN12RF22Datagram4initEv
                0x08004f9c                _ZN12RF22Datagram6sendtoEPhhh
                0x08004fb8                _ZN12RF22Datagram8recvfromEPhS0_S0_S0_S0_S0_
 .text          0x08005010      0x3d8 Util/RF22/RF22Mesh.o
                0x08005010                _ZN8RF22Mesh17isPhysicalAddressEPhh
                0x08005028                _ZN8RF22Mesh5doArpEh
                0x080050b8                _ZN8RF22Mesh5routeEPN10RF22Router13RoutedMessageEh
                0x08005120                _ZN8RF22Mesh13peekAtMessageEPN10RF22Router13RoutedMessageEh
                0x0800519e                _ZN8RF22MeshC2Ehhh
                0x0800519e                _ZN8RF22MeshC1Ehhh
                0x080051b4                _ZN8RF22Mesh10sendtoWaitEPhhh
                0x08005210                _ZN8RF22Mesh11recvfromAckEPhS0_S0_S0_S0_S0_
                0x08005394                _ZN8RF22Mesh18recvfromAckTimeoutEPhS0_tS0_S0_S0_S0_
 .text          0x080053e8      0x274 Util/RF22/RF22ReliableDatagram.o
                0x080053e8                _ZN20RF22ReliableDatagramC2Ehhh
                0x080053e8                _ZN20RF22ReliableDatagramC1Ehhh
                0x08005414                _ZN20RF22ReliableDatagram10setTimeoutEt
                0x0800541a                _ZN20RF22ReliableDatagram10setRetriesEh
                0x08005420                _ZN20RF22ReliableDatagram15retransmissionsEv
                0x08005426                _ZN20RF22ReliableDatagram11acknowledgeEhh
                0x08005452                _ZN20RF22ReliableDatagram11recvfromAckEPhS0_S0_S0_S0_S0_
                0x080054f2                _ZN20RF22ReliableDatagram18recvfromAckTimeoutEPhS0_tS0_S0_S0_S0_
                0x08005548                _ZN20RF22ReliableDatagram10sendtoWaitEPhhh
 .text          0x0800565c      0x300 Util/RF22/RF22Router.o
                0x0800565c                _ZN10RF22Router13peekAtMessageEPNS_13RoutedMessageEh
                0x0800565e                _ZN10RF22Router4initEv
                0x08005670                _ZN10RF22Router10setMaxHopsEh
                0x08005676                _ZN10RF22Router10getRouteToEh
                0x080056a4                _ZN10RF22Router5routeEPNS_13RoutedMessageEh
                0x080056d6                _ZN10RF22Router11deleteRouteEh
                0x0800570c                _ZN10RF22Router13deleteRouteToEh
                0x08005732                _ZN10RF22Router17retireOldestRouteEv
                0x08005736                _ZN10RF22Router10addRouteToEhhh
                0x080057a6                _ZN10RF22Router17clearRoutingTableEv
                0x080057b6                _ZN10RF22RouterC2Ehhh
                0x080057b6                _ZN10RF22RouterC1Ehhh
                0x080057d8                _ZN10RF22Router10sendtoWaitEPhhhh
                0x0800581c                _ZN10RF22Router10sendtoWaitEPhhh
                0x0800582a                _ZN10RF22Router11recvfromAckEPhS0_S0_S0_S0_S0_
                0x08005908                _ZN10RF22Router18recvfromAckTimeoutEPhS0_tS0_S0_S0_S0_
 .text          0x0800595c       0x94 Util/RF22/ctocpp.o
                0x0800595c                RF22_Init
                0x08005968                RF22_Sendtowait
                0x08005984                RF22_recvfromAckTimeout
                0x080059ac                RF22_Reassign
                0x080059b8                RF22_Service_ISR
                0x080059c4                RF22_Sendto
 .text          0x080059f0       0xd8 Util/atmospherics.o
                0x080059f0                US_1976_Temperature
                0x08005a84                Calc_Air_Density
 .text          0x08005ac8      0x928 Util/coords.o
                0x08005ac8                LLA2ECEF
                0x08005bdc                RneFromLLA
                0x08005c78                Quaternion2RPY
                0x08005db0                R2Quaternion
                0x08005f90                CrossProduct
                0x08005fee                VectorMagnitude
                0x0800602a                RotFrom2Vectors
                0x080061e8                VectorNormalize
                0x08006212                quat_inverse
                0x0800622e                quat_copy
                0x08006244                quat_mult
                0x0800634e                rot_mult
 .text          0x080063f0       0x24 Util/crc.o
                0x080063f0                CRC_updateByte
                0x080063fc                CRC_updateCRC
 .text          0x08006414       0x2c Util/delay.o
                0x08006414                Delay
 .text          0x08006440       0xc8 Util/gravity.o
                0x08006440                Ge_From_Latitude
 .text          0x08006508      0x568 Util/rprintf.o
                0x08006508                rprintfInit
                0x08006514                rprintfChar
                0x08006530                rprintfStr
                0x08006546                rprintfStrLen
                0x0800657a                rprintfCRLF
                0x0800657e                rprintfu04
                0x08006588                rprintfu08
                0x0800659a                rprintfu16
                0x080065ac                rprintfu32
                0x080065be                rprintfNum
                0x08006664                rprintfFloat
                0x0800671c                Isdigit
                0x0800672a                atoiRamRom
                0x08006750                rStrLen
                0x08006760                rprintf2RamRom
 .text          0x08006a70       0x20 Util/time.o
                0x08006a70                Set_RTC_From_GPS
 .text          0x08006a90      0x158 Util/uavobjconv.o
                0x08006a90                GPSPosition_from_UBX
                0x08006b80                Populate_Attitude
                0x08006b9a                Populate_Vector
 .text          0x08006be8      0x5b0 Util/uavtalk.o
                0x08006be8                UAVtalk_Register_Object
                0x08006bfc                UAVtalk_Set_Port
                0x08006c24                memchr_32
                0x08006c4e                UAVtalk_Process_Byte
                0x08006dc4                UAVtalk_Generate_Packet
                0x08006f48                UAVtalk_Run_Streams
                0x08007004                updateTelemetryStats
                0x08007180                UAVtalk_Handle_Protocol
 .text          0x08007198       0xa0 adc.o
                0x08007198                ADC_Configuration
                0x08007208                readADC1
 .text          0x08007238      0x128 dma.o
                0x08007238                DMA_USART2_Configuration
                0x08007280                DMA_USART1_Configuration
                0x080072d4                Bytes_In_Buffer
                0x08007300                Get_From_Buffer
                0x08007330                Pop_From_Buffer
                0x0800734e                Flush_Buffer
 .text          0x08007360      0x1d4 gpio.o
                0x08007360                GPIO_Config_AF_Periferals
                0x080073b4                MEMS_Status_Configuration
                0x080073ec                GPS_IO_Configuration
                0x08007434                SPI_Control_Configuration
                0x0800749c                Aux_Devices_Configuration
                0x080074f4                All_IO_Configuration
                0x0800750c                Get_MEMS_DRDY
 .text          0x08007534      0x784 i2c_int.o
                0x08007534                I2C1_Request_Job
                0x0800758c                I2C1_EV_IRQHandler
                0x08007a4c                I2C1_Setup_Job
                0x08007a60                I2C_Config
                0x08007bcc                I2C1_ER_IRQHandler
 .text          0x08007cb8      0x1d8 interrupts.o
                0x08007cb8                EXTI_Config
                0x08007d84                EXTI9_5_IRQHandler
                0x08007dec                EXTI15_10_IRQHandler
                0x08007e0c                EXTI4_IRQHandler
                0x08007e7c                NMI_Handler
                0x08007e7e                HardFault_Handler
                0x08007e80                MemManage_Handler
                0x08007e82                BusFault_Handler
                0x08007e84                UsageFault_Handler
                0x08007e86                SVC_Handler
                0x08007e88                DebugMon_Handler
                0x08007e8a                PendSV_Handler
                0x08007e8c                SysTick_Handler
 .text.Default_Handler
                0x08007e90        0x2 lib/CMSIS_CM3/startup/gcc/startup_stm32f10x_md.o
                0x08007e90                EXTI2_IRQHandler
                0x08007e90                TIM1_CC_IRQHandler
                0x08007e90                PVD_IRQHandler
                0x08007e90                EXTI3_IRQHandler
                0x08007e90                EXTI0_IRQHandler
                0x08007e90                I2C2_EV_IRQHandler
                0x08007e90                ADC1_2_IRQHandler
                0x08007e90                SPI1_IRQHandler
                0x08007e90                TAMPER_IRQHandler
                0x08007e90                DMA1_Channel4_IRQHandler
                0x08007e90                USART3_IRQHandler
                0x08007e90                RTC_IRQHandler
                0x08007e90                DMA1_Channel7_IRQHandler
                0x08007e90                CAN1_RX1_IRQHandler
                0x08007e90                TIM4_IRQHandler
                0x08007e90                DMA1_Channel6_IRQHandler
                0x08007e90                TIM3_IRQHandler
                0x08007e90                RCC_IRQHandler
                0x08007e90                TIM1_TRG_COM_IRQHandler
                0x08007e90                DMA1_Channel1_IRQHandler
                0x08007e90                Default_Handler
                0x08007e90                SPI2_IRQHandler
                0x08007e90                DMA1_Channel5_IRQHandler
                0x08007e90                USB_LP_CAN1_RX0_IRQHandler
                0x08007e90                USB_HP_CAN1_TX_IRQHandler
                0x08007e90                DMA1_Channel3_IRQHandler
                0x08007e90                TIM1_UP_IRQHandler
                0x08007e90                WWDG_IRQHandler
                0x08007e90                TIM2_IRQHandler
                0x08007e90                TIM1_BRK_IRQHandler
                0x08007e90                EXTI1_IRQHandler
                0x08007e90                RTCAlarm_IRQHandler
                0x08007e90                USART2_IRQHandler
                0x08007e90                I2C2_ER_IRQHandler
                0x08007e90                DMA1_Channel2_IRQHandler
                0x08007e90                CAN1_SCE_IRQHandler
                0x08007e90                FLASH_IRQHandler
                0x08007e90                USBWakeUp_IRQHandler
 *fill*         0x08007e92        0x2 00
 .text          0x08007e94       0xf4 lib/CMSIS_CM3/system_stm32f10x.o
                0x08007e94                SystemInit
 .text          0x08007f88      0xdc8 main.o
                0x08007f88                Initialisation
                0x080089d4                main
 .text          0x08008d50      0x1d0 pwm.o
                0x08008d50                Timer_RCC_Configuration
                0x08008d68                Init_Timers
                0x08008e38                Timer_GPIO_Enable
                0x08008e70                Timer_GPIO_Disable
                0x08008ea8                PWM_Set
 .text          0x08008f20      0x268 usart.o
                0x08008f20                Default_Usart_Config
                0x08008f30                USART2_reconf
                0x08008f74                Usarts_Init
                0x08009020                usart1_send_data_dma
                0x08009060                usart1_disable_dma
                0x0800908c                Add_To_ISR_Buffer
                0x080090aa                USART1_IRQHandler
                0x080090dc                Get_From_ISR_Buffer
                0x080090ee                Bytes_In_ISR_Buffer
                0x08009106                __usart_send_char
                0x08009124                Usart_Send_Str
                0x0800913c                __gps_send_char
                0x08009158                Gps_Send_Str
                0x08009170                Gps_Send_Utf8
 .text          0x08009188       0x3c watchdog.o
                0x08009188                Watchdog_Config
                0x080091b2                Watchdog_Reset_Detect
 .text          0x080091c4     0x6e3c Control/ekf.o
                0x080091c4                ins_get_num_states
                0x080091c8                INSGPSInit
                0x080092f0                INSResetP
                0x08009340                INSResetRGPS
                0x0800936c                INSSetState
                0x080093cc                INSPosVelReset
                0x0800944c                INSSetPosVelVar
                0x0800946c                INSSetGyroBias
                0x08009488                INSSetAccelVar
                0x080094a4                INSSetGyroVar
                0x080094c0                INSSetMagVar
                0x080094dc                INSSetMagNorth
                0x080094f4                INSSetGravity
                0x08009500                CovariancePrediction
                0x0800edb6                INSCovariancePrediction
                0x0800eddc                SerialUpdate
                0x0800ef44                StateEq
                0x0800f210                RungeKutta
                0x0800f338                LinearizeFG
                0x0800f7ba                INSStatePrediction
                0x0800f92c                MeasurementEq
                0x0800fae8                LinearizeH
                0x0800fdb0                INSCorrection
                0x0800ff64                VelBaroCorrection
                0x0800ff80                GpsMagCorrection
                0x0800ff98                FullCorrection
                0x0800ffa6                GpsBaroCorrection
                0x0800ffc4                MagVelBaroCorrection
                0x0800ffe0                MagCorrection
 .text          0x08010000      0x8a0 Control/imu.o
                0x08010000                run_imu
 .text          0x080108a0       0x64 Control/loops.o
                0x080108a0                Run_PID
                0x080108fc                Reset_PID
 .text          0x08010904       0x64 Control/servos.o
                0x08010904                Apply_Servos
                0x08010960                Enable_Servos
                0x08010964                Disable_Servos
 .text          0x08010968       0xb8 lib/STM32F10x_StdPeriph_Driver/libstm32fw.a(misc.o)
                0x08010968                NVIC_PriorityGroupConfig
                0x0801097c                NVIC_Init
                0x080109dc                NVIC_SetVectorTable
                0x080109f0                NVIC_SystemLPConfig
                0x08010a08                SysTick_CLKSourceConfig
 .text          0x08010a20      0x380 lib/STM32F10x_StdPeriph_Driver/libstm32fw.a(stm32f10x_adc.o)
                0x08010a20                ADC_DeInit
                0x08010a7c                ADC_Init
                0x08010ac8                ADC_StructInit
                0x08010ada                ADC_Cmd
                0x08010aee                ADC_DMACmd
                0x08010b02                ADC_ITConfig
                0x08010b16                ADC_ResetCalibration
                0x08010b20                ADC_GetResetCalibrationStatus
                0x08010b28                ADC_StartCalibration
                0x08010b32                ADC_GetCalibrationStatus
                0x08010b3a                ADC_SoftwareStartConvCmd
                0x08010b4e                ADC_GetSoftwareStartConvStatus
                0x08010b56                ADC_DiscModeChannelCountConfig
                0x08010b66                ADC_DiscModeCmd
                0x08010b7a                ADC_RegularChannelConfig
                0x08010c08                ADC_ExternalTrigConvCmd
                0x08010c1c                ADC_GetConversionValue
                0x08010c22                ADC_GetDualModeConversionValue
                0x08010c2c                ADC_AutoInjectedConvCmd
                0x08010c40                ADC_InjectedDiscModeCmd
                0x08010c54                ADC_ExternalTrigInjectedConvConfig
                0x08010c62                ADC_ExternalTrigInjectedConvCmd
                0x08010c76                ADC_SoftwareStartInjectedConvCmd
                0x08010c8a                ADC_GetSoftwareStartInjectedConvCmdStatus
                0x08010c92                ADC_InjectedChannelConfig
                0x08010cee                ADC_InjectedSequencerLengthConfig
                0x08010cfe                ADC_SetInjectedOffset
                0x08010d14                ADC_GetInjectedConversionValue
                0x08010d2e                ADC_AnalogWatchdogCmd
                0x08010d40                ADC_AnalogWatchdogThresholdsConfig
                0x08010d46                ADC_AnalogWatchdogSingleChannelConfig
                0x08010d54                ADC_TempSensorVrefintCmd
                0x08010d70                ADC_GetFlagStatus
                0x08010d7c                ADC_ClearFlag
                0x08010d82                ADC_GetITStatus
                0x08010d98                ADC_ClearITPendingBit
 .text          0x08010da0       0xe0 lib/STM32F10x_StdPeriph_Driver/libstm32fw.a(stm32f10x_bkp.o)
                0x08010da0                BKP_DeInit
                0x08010db2                BKP_TamperPinLevelConfig
                0x08010dbc                BKP_TamperPinCmd
                0x08010dc8                BKP_ITConfig
                0x08010dd4                BKP_RTCOutputConfig
                0x08010dec                BKP_SetRTCCalibrationValue
                0x08010e04                BKP_WriteBackupRegister
                0x08010e20                BKP_ReadBackupRegister
                0x08010e40                BKP_GetFlagStatus
                0x08010e4c                BKP_ClearFlag
                0x08010e60                BKP_GetITStatus
                0x08010e6c                BKP_ClearITPendingBit
 .text          0x08010e80      0x1f0 lib/STM32F10x_StdPeriph_Driver/libstm32fw.a(stm32f10x_dma.o)
                0x08010e80                DMA_DeInit
                0x08010f7c                DMA_Init
                0x08010fbc                DMA_StructInit
                0x08010fd6                DMA_Cmd
                0x08010fea                DMA_ITConfig
                0x08010ffc                DMA_GetCurrDataCounter
                0x08011002                DMA_GetFlagStatus
                0x08011020                DMA_ClearFlag
                0x08011038                DMA_GetITStatus
                0x08011058                DMA_ClearITPendingBit
 .text          0x08011070      0x108 lib/STM32F10x_StdPeriph_Driver/libstm32fw.a(stm32f10x_exti.o)
                0x08011070                EXTI_DeInit
                0x0801108c                EXTI_Init
                0x08011110                EXTI_StructInit
                0x0801111e                EXTI_GenerateSWInterrupt
                0x08011130                EXTI_GetFlagStatus
                0x08011144                EXTI_ClearFlag
                0x08011150                EXTI_GetITStatus
                0x0801116c                EXTI_ClearITPendingBit
 .text          0x08011178      0x278 lib/STM32F10x_StdPeriph_Driver/libstm32fw.a(stm32f10x_gpio.o)
                0x08011178                GPIO_DeInit
                0x08011224                GPIO_AFIODeInit
                0x0801123a                GPIO_Init
                0x080112d2                GPIO_StructInit
                0x080112e2                GPIO_ReadInputDataBit
                0x080112ee                GPIO_ReadInputData
                0x080112f4                GPIO_ReadOutputDataBit
                0x08011300                GPIO_ReadOutputData
                0x08011306                GPIO_SetBits
                0x0801130a                GPIO_ResetBits
                0x0801130e                GPIO_WriteBit
                0x08011318                GPIO_Write
                0x0801131c                GPIO_PinLockConfig
                0x0801132c                GPIO_EventOutputConfig
                0x0801134c                GPIO_EventOutputCmd
                0x08011358                GPIO_PinRemapConfig
                0x080113b0                GPIO_EXTILineConfig
                0x080113e4                GPIO_ETH_MediaInterfaceConfig
 .text          0x080113f0      0x3b4 lib/STM32F10x_StdPeriph_Driver/libstm32fw.a(stm32f10x_i2c.o)
                0x080113f0                I2C_DeInit
                0x08011424                I2C_Init
                0x080114f4                I2C_StructInit
                0x08011510                I2C_Cmd
                0x0801152a                I2C_DMACmd
                0x08011544                I2C_DMALastTransferCmd
                0x0801155e                I2C_GenerateSTART
                0x08011578                I2C_GenerateSTOP
                0x08011592                I2C_AcknowledgeConfig
                0x080115ac                I2C_OwnAddress2Config
                0x080115c2                I2C_DualAddressCmd
                0x080115dc                I2C_GeneralCallCmd
                0x080115f6                I2C_ITConfig
                0x0801160c                I2C_SendData
                0x08011610                I2C_ReceiveData
                0x08011616                I2C_Send7bitAddress
                0x08011626                I2C_ReadRegister
                0x0801163e                I2C_SoftwareResetCmd
                0x08011656                I2C_SMBusAlertConfig
                0x08011674                I2C_TransmitPEC
                0x0801168e                I2C_PECPositionConfig
                0x080116ac                I2C_CalculatePEC
                0x080116c6                I2C_GetPEC
                0x080116ce                I2C_ARPCmd
                0x080116e8                I2C_StretchClockCmd
                0x08011702                I2C_FastModeDutyCycleConfig
                0x08011720                I2C_GetLastEvent
                0x08011730                I2C_CheckEvent
                0x08011748                I2C_GetFlagStatus
                0x0801177c                I2C_ClearFlag
                0x08011782                I2C_GetITStatus
                0x0801179e                I2C_ClearITPendingBit
 .text          0x080117a4       0x58 lib/STM32F10x_StdPeriph_Driver/libstm32fw.a(stm32f10x_iwdg.o)
                0x080117a4                IWDG_WriteAccessCmd
                0x080117b0                IWDG_SetPrescaler
                0x080117bc                IWDG_SetReload
                0x080117c8                IWDG_ReloadCounter
                0x080117d8                IWDG_Enable
                0x080117e8                IWDG_GetFlagStatus
 .text          0x080117fc       0xcc lib/STM32F10x_StdPeriph_Driver/libstm32fw.a(stm32f10x_pwr.o)
                0x08011800                PWR_DeInit
                0x0801181a                PWR_BackupAccessCmd
                0x08011824                PWR_PVDCmd
                0x08011830                PWR_PVDLevelConfig
                0x08011844                PWR_WakeUpPinCmd
                0x08011850                PWR_EnterSTOPMode
                0x0801187c                PWR_EnterSTANDBYMode
                0x080118a4                PWR_GetFlagStatus
                0x080118b8                PWR_ClearFlag
 .text          0x080118c8      0x360 lib/STM32F10x_StdPeriph_Driver/libstm32fw.a(stm32f10x_rcc.o)
                0x080118c8                RCC_DeInit
                0x08011908                RCC_HSEConfig
                0x08011940                RCC_AdjustHSICalibrationValue
                0x08011954                RCC_HSICmd
                0x08011960                RCC_PLLConfig
                0x08011978                RCC_PLLCmd
                0x08011984                RCC_SYSCLKConfig
                0x08011998                RCC_GetSYSCLKSource
                0x080119a8                RCC_HCLKConfig
                0x080119bc                RCC_PCLK1Config
                0x080119d0                RCC_PCLK2Config
                0x080119e4                RCC_ITConfig
                0x080119fc                RCC_USBCLKConfig
                0x08011a08                RCC_ADCCLKConfig
                0x08011a1c                RCC_LSEConfig
                0x08011a3c                RCC_LSICmd
                0x08011a48                RCC_RTCCLKConfig
                0x08011a58                RCC_RTCCLKCmd
                0x08011a64                RCC_GetClocksFreq
                0x08011b08                RCC_AHBPeriphClockCmd
                0x08011b20                RCC_APB2PeriphClockCmd
                0x08011b38                RCC_APB1PeriphClockCmd
                0x08011b50                RCC_APB2PeriphResetCmd
                0x08011b68                RCC_APB1PeriphResetCmd
                0x08011b80                RCC_BackupResetCmd
                0x08011b8c                RCC_ClockSecuritySystemCmd
                0x08011b98                RCC_MCOConfig
                0x08011ba4                RCC_GetFlagStatus
                0x08011bcc                RCC_WaitForHSEStartUp
                0x08011bf8                RCC_ClearFlag
                0x08011c08                RCC_GetITStatus
                0x08011c1c                RCC_ClearITPendingBit
 .text          0x08011c28      0x158 lib/STM32F10x_StdPeriph_Driver/libstm32fw.a(stm32f10x_rtc.o)
                0x08011c28                RTC_ITConfig
                0x08011c44                RTC_EnterConfigMode
                0x08011c58                RTC_ExitConfigMode
                0x08011c6c                RTC_GetCounter
                0x08011c80                RTC_SetCounter
                0x08011c9c                RTC_SetPrescaler
                0x08011cbc                RTC_SetAlarm
                0x08011cd8                RTC_GetDivider
                0x08011cf0                RTC_WaitForLastTask
                0x08011d00                RTC_WaitForSynchro
                0x08011d20                RTC_GetFlagStatus
                0x08011d34                RTC_ClearFlag
                0x08011d48                RTC_GetITStatus
                0x08011d6c                RTC_ClearITPendingBit
 .text          0x08011d80      0x2d4 lib/STM32F10x_StdPeriph_Driver/libstm32fw.a(stm32f10x_spi.o)
                0x08011d80                SPI_I2S_DeInit
                0x08011de4                SPI_Init
                0x08011e24                I2S_Init
                0x08011ec4                SPI_StructInit
                0x08011edc                I2S_StructInit
                0x08011eee                SPI_Cmd
                0x08011f08                I2S_Cmd
                0x08011f22                SPI_I2S_ITConfig
                0x08011f40                SPI_I2S_DMACmd
                0x08011f56                SPI_I2S_SendData
                0x08011f5a                SPI_I2S_ReceiveData
                0x08011f60                SPI_NSSInternalSoftwareConfig
                0x08011f80                SPI_SSOutputCmd
                0x08011f9a                SPI_DataSizeConfig
                0x08011fb2                SPI_TransmitCRC
                0x08011fbe                SPI_CalculateCRC
                0x08011fd8                SPI_GetCRC
                0x08011fe8                SPI_GetCRCPolynomial
                0x08011fee                SPI_BiDirectionalLineConfig
                0x0801200c                SPI_I2S_GetFlagStatus
                0x08012018                SPI_I2S_ClearFlag
                0x0801201e                SPI_I2S_GetITStatus
                0x08012044                SPI_I2S_ClearITPendingBit
 .text          0x08012054      0xa80 lib/STM32F10x_StdPeriph_Driver/libstm32fw.a(stm32f10x_tim.o)
                0x080120c2                TIM_DeInit
                0x0801218c                TIM_TimeBaseInit
                0x080121c8                TIM_OC1Init
                0x08012248                TIM_OC2Init
                0x080122d0                TIM_OC3Init
                0x08012354                TIM_OC4Init
                0x080123b8                TIM_BDTRConfig
                0x080123da                TIM_TimeBaseStructInit
                0x080123ec                TIM_OCStructInit
                0x08012400                TIM_ICStructInit
                0x08012410                TIM_BDTRStructInit
                0x08012422                TIM_Cmd
                0x0801243c                TIM_CtrlPWMOutputs
                0x0801245a                TIM_ITConfig
                0x08012470                TIM_GenerateEvent
                0x08012474                TIM_DMAConfig
                0x0801247c                TIM_DMACmd
                0x08012492                TIM_InternalClockConfig
                0x080124a0                TIM_ETRConfig
                0x080124b6                TIM_ETRClockMode2Config
                0x080124ca                TIM_ETRClockMode1Config
                0x080124e4                TIM_PrescalerConfig
                0x080124ea                TIM_CounterModeConfig
                0x080124fc                TIM_SelectInputTrigger
                0x0801250e                TIM_TIxExternalClockConfig
                0x0801253c                TIM_ITRxExternalClockConfig
                0x08012550                TIM_EncoderInterfaceConfig
                0x0801258e                TIM_ForcedOC1Config
                0x080125a0                TIM_ForcedOC2Config
                0x080125b2                TIM_ForcedOC3Config
                0x080125c4                TIM_ForcedOC4Config
                0x080125d6                TIM_ARRPreloadConfig
                0x080125f0                TIM_SelectCOM
                0x0801260a                TIM_SelectCCDMA
                0x08012624                TIM_CCPreloadControl
                0x0801263e                TIM_OC1PreloadConfig
                0x08012650                TIM_OC2PreloadConfig
                0x08012662                TIM_OC3PreloadConfig
                0x08012674                TIM_OC4PreloadConfig
                0x08012686                TIM_OC1FastConfig
                0x08012698                TIM_OC2FastConfig
                0x080126aa                TIM_OC3FastConfig
                0x080126bc                TIM_OC4FastConfig
                0x080126ce                TIM_ClearOC1Ref
                0x080126e0                TIM_ClearOC2Ref
                0x080126ee                TIM_ClearOC3Ref
                0x08012700                TIM_ClearOC4Ref
                0x0801270e                TIM_OC1PolarityConfig
                0x08012720                TIM_OC1NPolarityConfig
                0x08012732                TIM_OC2PolarityConfig
                0x08012744                TIM_OC2NPolarityConfig
                0x08012756                TIM_OC3PolarityConfig
                0x08012768                TIM_OC3NPolarityConfig
                0x0801277a                TIM_OC4PolarityConfig
                0x0801278c                TIM_CCxCmd
                0x080127aa                TIM_CCxNCmd
                0x080127c8                TIM_SelectOCxM
                0x08012814                TIM_UpdateDisableConfig
                0x0801282e                TIM_UpdateRequestConfig
                0x08012848                TIM_SelectHallSensor
                0x08012862                TIM_SelectOnePulseMode
                0x0801287a                TIM_SelectOutputTrigger
                0x08012892                TIM_SelectSlaveMode
                0x080128aa                TIM_SelectMasterSlaveMode
                0x080128c2                TIM_SetCounter
                0x080128c6                TIM_SetAutoreload
                0x080128ca                TIM_SetCompare1
                0x080128ce                TIM_SetCompare2
                0x080128d2                TIM_SetCompare3
                0x080128d6                TIM_SetCompare4
                0x080128dc                TIM_SetIC1Prescaler
                0x080128f4                TIM_SetIC2Prescaler
                0x0801290c                TIM_PWMIConfig
                0x08012978                TIM_SetIC3Prescaler
                0x08012990                TIM_SetIC4Prescaler
                0x080129a8                TIM_ICInit
                0x08012a6c                TIM_SetClockDivision
                0x08012a7e                TIM_GetCapture1
                0x08012a84                TIM_GetCapture2
                0x08012a8a                TIM_GetCapture3
                0x08012a90                TIM_GetCapture4
                0x08012a98                TIM_GetCounter
                0x08012a9e                TIM_GetPrescaler
                0x08012aa4                TIM_GetFlagStatus
                0x08012ab0                TIM_ClearFlag
                0x08012ab6                TIM_GetITStatus
                0x08012acc                TIM_ClearITPendingBit
 .text          0x08012ad4      0x374 lib/STM32F10x_StdPeriph_Driver/libstm32fw.a(stm32f10x_usart.o)
                0x08012ad4                USART_DeInit
                0x08012b6c                USART_Init
                0x08012bfc                USART_StructInit
                0x08012c12                USART_ClockInit
                0x08012c38                USART_ClockStructInit
                0x08012c44                USART_Cmd
                0x08012c5e                USART_ITConfig
                0x08012c94                USART_DMACmd
                0x08012caa                USART_SetAddress
                0x08012cc2                USART_WakeUpConfig
                0x08012cda                USART_ReceiverWakeUpCmd
                0x08012cf4                USART_LINBreakDetectLengthConfig
                0x08012d0c                USART_LINCmd
                0x08012d26                USART_SendData
                0x08012d2e                USART_ReceiveData
                0x08012d36                USART_SendBreak
                0x08012d42                USART_SetGuardTime
                0x08012d54                USART_SetPrescaler
                0x08012d68                USART_SmartCardCmd
                0x08012d82                USART_SmartCardNACKCmd
                0x08012d9c                USART_HalfDuplexCmd
                0x08012db6                USART_IrDAConfig
                0x08012dce                USART_IrDACmd
                0x08012de8                USART_GetFlagStatus
                0x08012df4                USART_ClearFlag
                0x08012dfa                USART_GetITStatus
                0x08012e3a                USART_ClearITPendingBit
 .text          0x08012e48       0x90 /home/laurence/CodeSourcery/Sourcery_G++_Lite/bin/../lib/gcc/arm-none-eabi/4.5.2/../../../../arm-none-eabi/lib/thumb2/libm.a(lib_a-s_cos.o)
                0x08012e48                cos
 .text          0x08012ed8      0x128 /home/laurence/CodeSourcery/Sourcery_G++_Lite/bin/../lib/gcc/arm-none-eabi/4.5.2/../../../../arm-none-eabi/lib/thumb2/libm.a(lib_a-s_floor.o)
                0x08012ed8                floor
 .text          0x08013000       0x98 /home/laurence/CodeSourcery/Sourcery_G++_Lite/bin/../lib/gcc/arm-none-eabi/4.5.2/../../../../arm-none-eabi/lib/thumb2/libm.a(lib_a-s_sin.o)
                0x08013000                sin
 .text          0x08013098       0x74 /home/laurence/CodeSourcery/Sourcery_G++_Lite/bin/../lib/gcc/arm-none-eabi/4.5.2/../../../../arm-none-eabi/lib/thumb2/libm.a(lib_a-sf_cos.o)
                0x08013098                cosf
 .text          0x0801310c       0x78 /home/laurence/CodeSourcery/Sourcery_G++_Lite/bin/../lib/gcc/arm-none-eabi/4.5.2/../../../../arm-none-eabi/lib/thumb2/libm.a(lib_a-sf_sin.o)
                0x0801310c                sinf
 .text          0x08013184       0xa8 /home/laurence/CodeSourcery/Sourcery_G++_Lite/bin/../lib/gcc/arm-none-eabi/4.5.2/../../../../arm-none-eabi/lib/thumb2/libm.a(lib_a-w_asin.o)
                0x08013184                asin
 .text          0x0801322c        0x4 /home/laurence/CodeSourcery/Sourcery_G++_Lite/bin/../lib/gcc/arm-none-eabi/4.5.2/../../../../arm-none-eabi/lib/thumb2/libm.a(lib_a-w_atan2.o)
                0x0801322c                atan2
 .text          0x08013230       0xac /home/laurence/CodeSourcery/Sourcery_G++_Lite/bin/../lib/gcc/arm-none-eabi/4.5.2/../../../../arm-none-eabi/lib/thumb2/libm.a(lib_a-w_sqrt.o)
                0x08013230                sqrt
 .text          0x080132dc       0xa8 /home/laurence/CodeSourcery/Sourcery_G++_Lite/bin/../lib/gcc/arm-none-eabi/4.5.2/../../../../arm-none-eabi/lib/thumb2/libm.a(lib_a-wf_asin.o)
                0x080132dc                asinf
 .text          0x08013384        0x4 /home/laurence/CodeSourcery/Sourcery_G++_Lite/bin/../lib/gcc/arm-none-eabi/4.5.2/../../../../arm-none-eabi/lib/thumb2/libm.a(lib_a-wf_atan2.o)
                0x08013384                atan2f
 .text          0x08013388       0xa4 /home/laurence/CodeSourcery/Sourcery_G++_Lite/bin/../lib/gcc/arm-none-eabi/4.5.2/../../../../arm-none-eabi/lib/thumb2/libm.a(lib_a-wf_sqrt.o)
                0x08013388                sqrtf
 *fill*         0x0801342c        0x4 00
 .text          0x08013430      0x460 /home/laurence/CodeSourcery/Sourcery_G++_Lite/bin/../lib/gcc/arm-none-eabi/4.5.2/../../../../arm-none-eabi/lib/thumb2/libm.a(lib_a-e_asin.o)
                0x08013430                __ieee754_asin
 .text          0x08013890      0x218 /home/laurence/CodeSourcery/Sourcery_G++_Lite/bin/../lib/gcc/arm-none-eabi/4.5.2/../../../../arm-none-eabi/lib/thumb2/libm.a(lib_a-e_atan2.o)
                0x08013890                __ieee754_atan2
 .text          0x08013aa8      0x450 /home/laurence/CodeSourcery/Sourcery_G++_Lite/bin/../lib/gcc/arm-none-eabi/4.5.2/../../../../arm-none-eabi/lib/thumb2/libm.a(lib_a-e_rem_pio2.o)
                0x08013aa8                __ieee754_rem_pio2
 .text          0x08013ef8      0x1c0 /home/laurence/CodeSourcery/Sourcery_G++_Lite/bin/../lib/gcc/arm-none-eabi/4.5.2/../../../../arm-none-eabi/lib/thumb2/libm.a(lib_a-e_sqrt.o)
                0x08013ef8                __ieee754_sqrt
 .text          0x080140b8      0x318 /home/laurence/CodeSourcery/Sourcery_G++_Lite/bin/../lib/gcc/arm-none-eabi/4.5.2/../../../../arm-none-eabi/lib/thumb2/libm.a(lib_a-ef_asin.o)
                0x080140b8                __ieee754_asinf
 .text          0x080143d0      0x16c /home/laurence/CodeSourcery/Sourcery_G++_Lite/bin/../lib/gcc/arm-none-eabi/4.5.2/../../../../arm-none-eabi/lib/thumb2/libm.a(lib_a-ef_atan2.o)
                0x080143d0                __ieee754_atan2f
 .text          0x0801453c      0x358 /home/laurence/CodeSourcery/Sourcery_G++_Lite/bin/../lib/gcc/arm-none-eabi/4.5.2/../../../../arm-none-eabi/lib/thumb2/libm.a(lib_a-ef_rem_pio2.o)
                0x0801453c                __ieee754_rem_pio2f
 .text          0x08014894       0xb0 /home/laurence/CodeSourcery/Sourcery_G++_Lite/bin/../lib/gcc/arm-none-eabi/4.5.2/../../../../arm-none-eabi/lib/thumb2/libm.a(lib_a-ef_sqrt.o)
                0x08014894                __ieee754_sqrtf
 *fill*         0x08014944        0x4 00
 .text          0x08014948      0x250 /home/laurence/CodeSourcery/Sourcery_G++_Lite/bin/../lib/gcc/arm-none-eabi/4.5.2/../../../../arm-none-eabi/lib/thumb2/libm.a(lib_a-k_cos.o)
                0x08014948                __kernel_cos
 .text          0x08014b98      0x7a8 /home/laurence/CodeSourcery/Sourcery_G++_Lite/bin/../lib/gcc/arm-none-eabi/4.5.2/../../../../arm-none-eabi/lib/thumb2/libm.a(lib_a-k_rem_pio2.o)
                0x08014b98                __kernel_rem_pio2
 .text          0x08015340      0x168 /home/laurence/CodeSourcery/Sourcery_G++_Lite/bin/../lib/gcc/arm-none-eabi/4.5.2/../../../../arm-none-eabi/lib/thumb2/libm.a(lib_a-k_sin.o)
                0x08015340                __kernel_sin
 .text          0x080154a8      0x1b8 /home/laurence/CodeSourcery/Sourcery_G++_Lite/bin/../lib/gcc/arm-none-eabi/4.5.2/../../../../arm-none-eabi/lib/thumb2/libm.a(lib_a-kf_cos.o)
                0x080154a8                __kernel_cosf
 .text          0x08015660      0x63c /home/laurence/CodeSourcery/Sourcery_G++_Lite/bin/../lib/gcc/arm-none-eabi/4.5.2/../../../../arm-none-eabi/lib/thumb2/libm.a(lib_a-kf_rem_pio2.o)
                0x08015660                __kernel_rem_pio2f
 .text          0x08015c9c      0x100 /home/laurence/CodeSourcery/Sourcery_G++_Lite/bin/../lib/gcc/arm-none-eabi/4.5.2/../../../../arm-none-eabi/lib/thumb2/libm.a(lib_a-kf_sin.o)
                0x08015c9c                __kernel_sinf
 *fill*         0x08015d9c        0x4 00
 .text          0x08015da0      0x338 /home/laurence/CodeSourcery/Sourcery_G++_Lite/bin/../lib/gcc/arm-none-eabi/4.5.2/../../../../arm-none-eabi/lib/thumb2/libm.a(lib_a-s_atan.o)
                0x08015da0                atan
 .text          0x080160d8        0x8 /home/laurence/CodeSourcery/Sourcery_G++_Lite/bin/../lib/gcc/arm-none-eabi/4.5.2/../../../../arm-none-eabi/lib/thumb2/libm.a(lib_a-s_fabs.o)
                0x080160d8                fabs
 .text          0x080160e0       0x90 /home/laurence/CodeSourcery/Sourcery_G++_Lite/bin/../lib/gcc/arm-none-eabi/4.5.2/../../../../arm-none-eabi/lib/thumb2/libm.a(lib_a-s_fpclassify.o)
                0x080160e0                __fpclassifyd
 .text          0x08016170        0x4 /home/laurence/CodeSourcery/Sourcery_G++_Lite/bin/../lib/gcc/arm-none-eabi/4.5.2/../../../../arm-none-eabi/lib/thumb2/libm.a(lib_a-s_matherr.o)
                0x08016170                matherr
 .text          0x08016174        0xc /home/laurence/CodeSourcery/Sourcery_G++_Lite/bin/../lib/gcc/arm-none-eabi/4.5.2/../../../../arm-none-eabi/lib/thumb2/libm.a(lib_a-s_nan.o)
                0x08016174                nan
 .text          0x08016180      0x108 /home/laurence/CodeSourcery/Sourcery_G++_Lite/bin/../lib/gcc/arm-none-eabi/4.5.2/../../../../arm-none-eabi/lib/thumb2/libm.a(lib_a-s_scalbn.o)
                0x08016180                scalbn
 .text          0x08016288      0x244 /home/laurence/CodeSourcery/Sourcery_G++_Lite/bin/../lib/gcc/arm-none-eabi/4.5.2/../../../../arm-none-eabi/lib/thumb2/libm.a(lib_a-sf_atan.o)
                0x08016288                atanf
 .text          0x080164cc        0x8 /home/laurence/CodeSourcery/Sourcery_G++_Lite/bin/../lib/gcc/arm-none-eabi/4.5.2/../../../../arm-none-eabi/lib/thumb2/libm.a(lib_a-sf_fabs.o)
                0x080164cc                fabsf
 .text          0x080164d4       0xa0 /home/laurence/CodeSourcery/Sourcery_G++_Lite/bin/../lib/gcc/arm-none-eabi/4.5.2/../../../../arm-none-eabi/lib/thumb2/libm.a(lib_a-sf_floor.o)
                0x080164d4                floorf
 .text          0x08016574       0x7c /home/laurence/CodeSourcery/Sourcery_G++_Lite/bin/../lib/gcc/arm-none-eabi/4.5.2/../../../../arm-none-eabi/lib/thumb2/libm.a(lib_a-sf_fpclassify.o)
                0x08016574                __fpclassifyf
 .text          0x080165f0       0xc0 /home/laurence/CodeSourcery/Sourcery_G++_Lite/bin/../lib/gcc/arm-none-eabi/4.5.2/../../../../arm-none-eabi/lib/thumb2/libm.a(lib_a-sf_scalbn.o)
                0x080165f0                scalbnf
 .text          0x080166b0       0x14 /home/laurence/CodeSourcery/Sourcery_G++_Lite/bin/../lib/gcc/arm-none-eabi/4.5.2/../../../../arm-none-eabi/lib/thumb2/libm.a(lib_a-s_copysign.o)
                0x080166b0                copysign
 .text          0x080166c4       0x10 /home/laurence/CodeSourcery/Sourcery_G++_Lite/bin/../lib/gcc/arm-none-eabi/4.5.2/../../../../arm-none-eabi/lib/thumb2/libm.a(lib_a-sf_copysign.o)
                0x080166c4                copysignf
 *fill*         0x080166d4        0x4 00
 .text          0x080166d8      0x2b0 /home/laurence/CodeSourcery/Sourcery_G++_Lite/bin/../lib/gcc/arm-none-eabi/4.5.2/thumb2/libgcc.a(_divsi3.o)
                0x080166d8                __aeabi_idiv
                0x080166d8                __divsi3
                0x0801696c                __aeabi_idivmod
 .text          0x08016988        0x4 /home/laurence/CodeSourcery/Sourcery_G++_Lite/bin/../lib/gcc/arm-none-eabi/4.5.2/thumb2/libgcc.a(_dvmd_tls.o)
                0x08016988                __aeabi_ldiv0
                0x08016988                __aeabi_idiv0
 .text          0x0801698c      0x370 /home/laurence/CodeSourcery/Sourcery_G++_Lite/bin/../lib/gcc/arm-none-eabi/4.5.2/thumb2/libgcc.a(_arm_addsubdf3.o)
                0x0801698c                __aeabi_drsub
                0x08016994                __aeabi_dsub
                0x08016994                __subdf3
                0x08016998                __adddf3
                0x08016998                __aeabi_dadd
                0x08016c10                __aeabi_ui2d
                0x08016c10                __floatunsidf
                0x08016c30                __floatsidf
                0x08016c30                __aeabi_i2d
                0x08016c54                __extendsfdf2
                0x08016c54                __aeabi_f2d
                0x08016c90                __aeabi_ul2d
                0x08016c90                __floatundidf
                0x08016ca0                __floatdidf
                0x08016ca0                __aeabi_l2d
 .text          0x08016cfc      0x424 /home/laurence/CodeSourcery/Sourcery_G++_Lite/bin/../lib/gcc/arm-none-eabi/4.5.2/thumb2/libgcc.a(_arm_muldivdf3.o)
                0x08016cfc                __aeabi_dmul
                0x08016cfc                __muldf3
                0x08016f50                __aeabi_ddiv
                0x08016f50                __divdf3
 .text          0x08017120      0x110 /home/laurence/CodeSourcery/Sourcery_G++_Lite/bin/../lib/gcc/arm-none-eabi/4.5.2/thumb2/libgcc.a(_arm_cmpdf2.o)
                0x08017120                __gtdf2
                0x08017120                __gedf2
                0x08017128                __ltdf2
                0x08017128                __ledf2
                0x08017130                __cmpdf2
                0x08017130                __eqdf2
                0x08017130                __nedf2
                0x080171ac                __aeabi_cdrcmple
                0x080171bc                __aeabi_cdcmple
                0x080171bc                __aeabi_cdcmpeq
                0x080171cc                __aeabi_dcmpeq
                0x080171e0                __aeabi_dcmplt
                0x080171f4                __aeabi_dcmple
                0x08017208                __aeabi_dcmpge
                0x0801721c                __aeabi_dcmpgt
 .text          0x08017230       0x50 /home/laurence/CodeSourcery/Sourcery_G++_Lite/bin/../lib/gcc/arm-none-eabi/4.5.2/thumb2/libgcc.a(_arm_fixdfsi.o)
                0x08017230                __fixdfsi
                0x08017230                __aeabi_d2iz
 .text          0x08017280       0x40 /home/laurence/CodeSourcery/Sourcery_G++_Lite/bin/../lib/gcc/arm-none-eabi/4.5.2/thumb2/libgcc.a(_arm_fixunsdfsi.o)
                0x08017280                __fixunsdfsi
                0x08017280                __aeabi_d2uiz
 .text          0x080172c0       0xa0 /home/laurence/CodeSourcery/Sourcery_G++_Lite/bin/../lib/gcc/arm-none-eabi/4.5.2/thumb2/libgcc.a(_arm_truncdfsf2.o)
                0x080172c0                __aeabi_d2f
                0x080172c0                __truncdfsf2
 .text          0x08017360      0x21c /home/laurence/CodeSourcery/Sourcery_G++_Lite/bin/../lib/gcc/arm-none-eabi/4.5.2/thumb2/libgcc.a(_arm_addsubsf3.o)
                0x08017360                __aeabi_frsub
                0x08017368                __subsf3
                0x08017368                __aeabi_fsub
                0x0801736c                __aeabi_fadd
                0x0801736c                __addsf3
                0x080174cc                __aeabi_ui2f
                0x080174cc                __floatunsisf
                0x080174d4                __aeabi_i2f
                0x080174d4                __floatsisf
                0x080174f0                __floatundisf
                0x080174f0                __aeabi_ul2f
                0x08017500                __floatdisf
                0x08017500                __aeabi_l2f
 .text          0x0801757c      0x2a0 /home/laurence/CodeSourcery/Sourcery_G++_Lite/bin/../lib/gcc/arm-none-eabi/4.5.2/thumb2/libgcc.a(_arm_muldivsf3.o)
                0x0801757c                __mulsf3
                0x0801757c                __aeabi_fmul
                0x080176e4                __divsf3
                0x080176e4                __aeabi_fdiv
 .text          0x0801781c       0xec /home/laurence/CodeSourcery/Sourcery_G++_Lite/bin/../lib/gcc/arm-none-eabi/4.5.2/thumb2/libgcc.a(_arm_cmpsf2.o)
                0x0801781c                __gtsf2
                0x0801781c                __gesf2
                0x08017824                __lesf2
                0x08017824                __ltsf2
                0x0801782c                __nesf2
                0x0801782c                __eqsf2
                0x0801782c                __cmpsf2
                0x0801788c                __aeabi_cfrcmple
                0x08017894                __aeabi_cfcmple
                0x08017894                __aeabi_cfcmpeq
                0x080178a4                __aeabi_fcmpeq
                0x080178b8                __aeabi_fcmplt
                0x080178cc                __aeabi_fcmple
                0x080178e0                __aeabi_fcmpge
                0x080178f4                __aeabi_fcmpgt
 .text          0x08017908       0x4c /home/laurence/CodeSourcery/Sourcery_G++_Lite/bin/../lib/gcc/arm-none-eabi/4.5.2/thumb2/libgcc.a(_arm_fixsfsi.o)
                0x08017908                __fixsfsi
                0x08017908                __aeabi_f2iz
 .text          0x08017954       0x40 /home/laurence/CodeSourcery/Sourcery_G++_Lite/bin/../lib/gcc/arm-none-eabi/4.5.2/thumb2/libgcc.a(_arm_fixunssfsi.o)
                0x08017954                __aeabi_f2uiz
                0x08017954                __fixunssfsi
 .text          0x08017994       0x38 /home/laurence/CodeSourcery/Sourcery_G++_Lite/bin/../lib/gcc/arm-none-eabi/4.5.2/thumb2/libgcc.a(_aeabi_ldivmod.o)
                0x08017994                __aeabi_ldivmod
 .text          0x080179cc       0x2c /home/laurence/CodeSourcery/Sourcery_G++_Lite/bin/../lib/gcc/arm-none-eabi/4.5.2/thumb2/libgcc.a(_fixsfdi.o)
                0x080179cc                __aeabi_f2lz
                0x080179cc                __fixsfdi
 .text          0x080179f8       0x48 /home/laurence/CodeSourcery/Sourcery_G++_Lite/bin/../lib/gcc/arm-none-eabi/4.5.2/thumb2/libgcc.a(_fixunssfdi.o)
                0x080179f8                __aeabi_f2ulz
                0x080179f8                __fixunssfdi
 .text          0x08017a40       0x60 /home/laurence/CodeSourcery/Sourcery_G++_Lite/bin/../lib/gcc/arm-none-eabi/4.5.2/thumb2/libgcc.a(bpabi.o)
                0x08017a40                __gnu_ldivmod_helper
                0x08017a70                __gnu_uldivmod_helper
 .text          0x08017aa0      0x360 /home/laurence/CodeSourcery/Sourcery_G++_Lite/bin/../lib/gcc/arm-none-eabi/4.5.2/thumb2/libgcc.a(_divdi3.o)
                0x08017aa0                __divdi3
 .text          0x08017e00      0x308 /home/laurence/CodeSourcery/Sourcery_G++_Lite/bin/../lib/gcc/arm-none-eabi/4.5.2/thumb2/libgcc.a(_udivdi3.o)
                0x08017e00                __udivdi3
 .text          0x08018108      0x278 /home/laurence/CodeSourcery/Sourcery_G++_Lite/bin/../lib/gcc/arm-none-eabi/4.5.2/thumb2/libgcc.a(_udivsi3.o)
                0x08018108                __udivsi3
                0x08018108                __aeabi_uidiv
                0x08018364                __aeabi_uidivmod
 .text          0x08018380        0xc /home/laurence/CodeSourcery/Sourcery_G++_Lite/bin/../lib/gcc/arm-none-eabi/4.5.2/../../../../arm-none-eabi/lib/thumb2/libc.a(lib_a-errno.o)
                0x08018380                __errno
 .text          0x0801838c       0x20 /home/laurence/CodeSourcery/Sourcery_G++_Lite/bin/../lib/gcc/arm-none-eabi/4.5.2/../../../../arm-none-eabi/lib/thumb2/libc.a(lib_a-malloc.o)
                0x0801838c                malloc
                0x0801839c                free
 .text          0x080183ac      0x57c /home/laurence/CodeSourcery/Sourcery_G++_Lite/bin/../lib/gcc/arm-none-eabi/4.5.2/../../../../arm-none-eabi/lib/thumb2/libc.a(lib_a-mallocr.o)
                0x080183ac                _malloc_r
 .text          0x08018928      0x150 /home/laurence/CodeSourcery/Sourcery_G++_Lite/bin/../lib/gcc/arm-none-eabi/4.5.2/../../../../arm-none-eabi/lib/thumb2/libc.a(lib_a-memcpy.o)
                0x08018928                memcpy
 .text          0x08018a78       0xb4 /home/laurence/CodeSourcery/Sourcery_G++_Lite/bin/../lib/gcc/arm-none-eabi/4.5.2/../../../../arm-none-eabi/lib/thumb2/libc.a(lib_a-memset.o)
                0x08018a78                memset
 .text          0x08018b2c        0x8 /home/laurence/CodeSourcery/Sourcery_G++_Lite/bin/../lib/gcc/arm-none-eabi/4.5.2/../../../../arm-none-eabi/lib/thumb2/libc.a(lib_a-mlock.o)
                0x08018b2c                __malloc_lock
                0x08018b30                __malloc_unlock
 *fill*         0x08018b34        0x4 00
 .text          0x08018b38      0x100 /home/laurence/CodeSourcery/Sourcery_G++_Lite/bin/../lib/gcc/arm-none-eabi/4.5.2/../../../../arm-none-eabi/lib/thumb2/libc.a(lib_a-rand.o)
                0x08018b38                srand
                0x08018b94                rand
 .text          0x08018c38       0x28 /home/laurence/CodeSourcery/Sourcery_G++_Lite/bin/../lib/gcc/arm-none-eabi/4.5.2/../../../../arm-none-eabi/lib/thumb2/libc.a(lib_a-sbrkr.o)
                0x08018c38                _sbrk_r
 .text          0x08018c60       0xbc /home/laurence/CodeSourcery/Sourcery_G++_Lite/bin/../lib/gcc/arm-none-eabi/4.5.2/../../../../arm-none-eabi/lib/thumb2/libc.a(lib_a-strcpy.o)
                0x08018c60                strcpy
 .text          0x08018d1c      0x240 /home/laurence/CodeSourcery/Sourcery_G++_Lite/bin/../lib/gcc/arm-none-eabi/4.5.2/../../../../arm-none-eabi/lib/thumb2/libc.a(lib_a-freer.o)
                0x08018d1c                _malloc_trim_r
                0x08018dc4                _free_r
 .text          0x08018f5c       0x30 /home/laurence/CodeSourcery/Sourcery_G++_Lite/bin/../lib/gcc/arm-none-eabi/4.5.2/../../../../arm-none-eabi/lib/thumb2/libcs3.a(start_c.o)
                0x08018f5c                __cs3_premain
 .text.cs3.init
                0x08018f8c       0x50 /home/laurence/CodeSourcery/Sourcery_G++_Lite/bin/../lib/gcc/arm-none-eabi/4.5.2/../../../../arm-none-eabi/lib/thumb2/libcs3.a(start_c.o)
                0x08018f8c                __cs3_start_c
 .text          0x08018fdc       0x40 /home/laurence/CodeSourcery/Sourcery_G++_Lite/bin/../lib/gcc/arm-none-eabi/4.5.2/../../../../arm-none-eabi/lib/thumb2/libcs3unhosted.a(unhosted-sbrk.o)
                0x08018fdc                _sbrk
 .text.cs3.init
                0x0801901c       0x10 /home/laurence/CodeSourcery/Sourcery_G++_Lite/bin/../lib/gcc/arm-none-eabi/4.5.2/../../../../arm-none-eabi/lib/thumb2/libcs3unhosted.a(unhosted-start.o)
                0x0801901c                _start
 .text          0x0801902c        0x2 lib/libcs3-lanchon-stm32.a(lanchon_stm32_isr_interrupt.o)
                0x0801902c                MemManageException
                0x0801902c                BusFaultException
                0x0801902c                DMAChannel7_IRQHandler
                0x0801902c                DebugMonitor
                0x0801902c                SVCHandler
                0x0801902c                HardFaultException
                0x0801902c                __STM32ReservedException8
                0x0801902c                USB_HP_CAN_TX_IRQHandler
                0x0801902c                __STM32DefaultExceptionHandler
                0x0801902c                DMAChannel1_IRQHandler
                0x0801902c                CAN_SCE_IRQHandler
                0x0801902c                __STM32ReservedException10
                0x0801902c                __STM32ReservedException13
                0x0801902c                NMIException
                0x0801902c                DMAChannel4_IRQHandler
                0x0801902c                SysTickHandler
                0x0801902c                PendSVC
                0x0801902c                CAN_RX1_IRQHandler
                0x0801902c                ADC_IRQHandler
                0x0801902c                DMAChannel5_IRQHandler
                0x0801902c                DMAChannel2_IRQHandler
                0x0801902c                USB_LP_CAN_RX0_IRQHandler
                0x0801902c                __STM32ReservedException7
                0x0801902c                UsageFaultException
                0x0801902c                DMAChannel6_IRQHandler
                0x0801902c                DMAChannel3_IRQHandler
                0x0801902c                __STM32ReservedException9
 *fill*         0x0801902e        0x2 00
 .text          0x08019030       0x50 /home/laurence/CodeSourcery/Sourcery_G++_Lite/bin/../lib/gcc/arm-none-eabi/4.5.2/../../../../arm-none-eabi/lib/thumb2/libc.a(lib_a-init.o)
                0x08019030                __libc_init_array
 *(.plt)
 *(.gnu.warning)
 *(.glue_7t)
 .glue_7t       0x00000000        0x0 linker stubs
 *(.glue_7)
 .glue_7        0x00000000        0x0 linker stubs
 *(.vfp11_veneer)
 .vfp11_veneer  0x00000000        0x0 linker stubs
 *(.rodata .rodata.* .gnu.linkonce.r.*)
 .rodata        0x08019080      0x888 Sensors/earth_field.o
 .rodata.str1.1
                0x08019908        0x9 Sensors/earth_field.o
 *fill*         0x08019911        0x3 00
 .rodata        0x08019914       0x9c Sensors/sensorcal.o
                0x08019914                Acc_Cal_Dat
                0x08019948                Mag_Cal_Dat
                0x0801997c                Gyr_Cal_Dat
 .rodata        0x080199b0       0x9b Sensors/ubx.o
 .rodata.str1.1
                0x08019a4b      0x13b Sensors/ubx.o
 .rodata.str1.1
                0x08019b86        0xf Util/Fatfs/ff.o
 .rodata        0x08019b95        0xc Util/Fatfs/rtc.o
 *fill*         0x08019ba1        0x7 00
 .rodata        0x08019ba8      0x1d8 Util/RF22/RF22.o
                0x08019ba8                _ZTV4RF22
 .rodata._ZTV12RF22Datagram
                0x08019d80       0x10 Util/RF22/RF22Datagram.o
                0x08019d80                _ZTV12RF22Datagram
 .rodata        0x08019d90       0x20 Util/RF22/RF22Mesh.o
                0x08019d90                _ZTV8RF22Mesh
 .rodata._ZTV20RF22ReliableDatagram
                0x08019db0       0x10 Util/RF22/RF22ReliableDatagram.o
                0x08019db0                _ZTV20RF22ReliableDatagram
 .rodata        0x08019dc0       0x18 Util/RF22/RF22Router.o
                0x08019dc0                _ZTV10RF22Router
 .rodata        0x08019dd8      0x100 Util/crc.o
 .rodata        0x08019ed8       0x11 Util/rprintf.o
 .rodata.str1.1
                0x08019ee9        0x6 Util/rprintf.o
 *fill*         0x08019eef        0x1 00
 .rodata        0x08019ef0       0x54 Util/uavtalk.o
                0x08019ef0                UAVtalk_objects
                0x08019f1c                UAVtalk_lenghts
                0x08019f27                UAVtalk_stream_objs
                0x08019f2e                UAVtalk_stream_types
                0x08019f36                UAVtalk_stream_timeouts
 .rodata        0x08019f44        0xf i2c_int.o
                0x08019f44                Magno_config
                0x08019f47                Magno_single
                0x08019f48                Bmp_temperature
                0x08019f49                Bmp_pressure
                0x08019f4a                Accel_config
                0x08019f4e                Gyro_config
                0x08019f51                Gyro_clk_config
                0x08019f52                Pitot_conv
 *fill*         0x08019f53        0x1 00
 .rodata        0x08019f54       0x14 lib/CMSIS_CM3/system_stm32f10x.o
                0x08019f54                SystemFrequency
                0x08019f58                SystemFrequency_SysClk
                0x08019f5c                SystemFrequency_AHBClk
                0x08019f60                SystemFrequency_APB1Clk
                0x08019f64                SystemFrequency_APB2Clk
 .rodata.str1.1
                0x08019f68      0x3f3 main.o
                                0x3f6 (size before relaxing)
 *fill*         0x0801a35b        0x1 00
 .rodata.str1.4
                0x0801a35c        0x5 /home/laurence/CodeSourcery/Sourcery_G++_Lite/bin/../lib/gcc/arm-none-eabi/4.5.2/../../../../arm-none-eabi/lib/thumb2/libm.a(lib_a-w_asin.o)
                                  0xc (size before relaxing)
 *fill*         0x0801a361        0x3 00
 .rodata.str1.4
                0x0801a364        0x5 /home/laurence/CodeSourcery/Sourcery_G++_Lite/bin/../lib/gcc/arm-none-eabi/4.5.2/../../../../arm-none-eabi/lib/thumb2/libm.a(lib_a-w_sqrt.o)
                                  0x8 (size before relaxing)
 *fill*         0x0801a369        0x3 00
 .rodata.str1.4
                0x0801a36c        0x6 /home/laurence/CodeSourcery/Sourcery_G++_Lite/bin/../lib/gcc/arm-none-eabi/4.5.2/../../../../arm-none-eabi/lib/thumb2/libm.a(lib_a-wf_asin.o)
                                  0xc (size before relaxing)
 *fill*         0x0801a372        0x2 00
 .rodata.str1.4
                0x0801a374        0x6 /home/laurence/CodeSourcery/Sourcery_G++_Lite/bin/../lib/gcc/arm-none-eabi/4.5.2/../../../../arm-none-eabi/lib/thumb2/libm.a(lib_a-wf_sqrt.o)
                                  0x8 (size before relaxing)
 *fill*         0x0801a37a        0x2 00
 .rodata        0x0801a37c      0x188 /home/laurence/CodeSourcery/Sourcery_G++_Lite/bin/../lib/gcc/arm-none-eabi/4.5.2/../../../../arm-none-eabi/lib/thumb2/libm.a(lib_a-e_rem_pio2.o)
 .rodata        0x0801a504      0x398 /home/laurence/CodeSourcery/Sourcery_G++_Lite/bin/../lib/gcc/arm-none-eabi/4.5.2/../../../../arm-none-eabi/lib/thumb2/libm.a(lib_a-ef_rem_pio2.o)
 *fill*         0x0801a89c        0x4 00
 .rodata        0x0801a8a0       0x50 /home/laurence/CodeSourcery/Sourcery_G++_Lite/bin/../lib/gcc/arm-none-eabi/4.5.2/../../../../arm-none-eabi/lib/thumb2/libm.a(lib_a-k_rem_pio2.o)
 .rodata        0x0801a8f0       0x38 /home/laurence/CodeSourcery/Sourcery_G++_Lite/bin/../lib/gcc/arm-none-eabi/4.5.2/../../../../arm-none-eabi/lib/thumb2/libm.a(lib_a-kf_rem_pio2.o)
 .rodata        0x0801a928       0x40 /home/laurence/CodeSourcery/Sourcery_G++_Lite/bin/../lib/gcc/arm-none-eabi/4.5.2/../../../../arm-none-eabi/lib/thumb2/libm.a(lib_a-s_atan.o)
 .rodata        0x0801a968       0x20 /home/laurence/CodeSourcery/Sourcery_G++_Lite/bin/../lib/gcc/arm-none-eabi/4.5.2/../../../../arm-none-eabi/lib/thumb2/libm.a(lib_a-sf_atan.o)
 .rodata.str1.4
                0x0801a988        0x4 /home/laurence/CodeSourcery/Sourcery_G++_Lite/bin/../lib/gcc/arm-none-eabi/4.5.2/../../../../arm-none-eabi/lib/thumb2/libc.a(lib_a-impure.o)
 *(.ARM.extab* .gnu.linkonce.armextab.*)
 *(.gcc_except_table)
 *(.eh_frame_hdr)
 *(.eh_frame)
                0x0801a98c                . = ALIGN (0x4)
 *(.init)
 .init          0x0801a98c        0x4 /home/laurence/CodeSourcery/Sourcery_G++_Lite/bin/../lib/gcc/arm-none-eabi/4.5.2/thumb2/crti.o
                0x0801a98c                _init
 .init          0x0801a990        0x8 /home/laurence/CodeSourcery/Sourcery_G++_Lite/bin/../lib/gcc/arm-none-eabi/4.5.2/thumb2/crtn.o
                0x0801a998                . = ALIGN (0x4)
                0x0801a998                __preinit_array_start = .
 *(.preinit_array)
                0x0801a998                __preinit_array_end = .
                0x0801a998                . = ALIGN (0x4)
                0x0801a998                __init_array_start = .
 *(SORT(.init_array.*))
 *(.init_array)
 .init_array    0x0801a998        0x4 /home/laurence/CodeSourcery/Sourcery_G++_Lite/bin/../lib/gcc/arm-none-eabi/4.5.2/thumb2/crtbegin.o
 .init_array    0x0801a99c        0x4 Util/RF22/ctocpp.o
                0x0801a9a0                __init_array_end = .
                0x0801a9a0                . = ALIGN (0x4)
 *crtbegin.o(.ctors)
 *(EXCLUDE_FILE(*crtend.o) .ctors)
 *(SORT(.ctors.*))
 *crtend.o(.ctors)
                0x0801a9a0                . = ALIGN (0x4)
 *(.fini)
 .fini          0x0801a9a0        0x4 /home/laurence/CodeSourcery/Sourcery_G++_Lite/bin/../lib/gcc/arm-none-eabi/4.5.2/thumb2/crti.o
                0x0801a9a0                _fini
 .fini          0x0801a9a4        0x8 /home/laurence/CodeSourcery/Sourcery_G++_Lite/bin/../lib/gcc/arm-none-eabi/4.5.2/thumb2/crtn.o
                0x0801a9ac                . = ALIGN (0x4)
                0x0801a9ac                __fini_array_start = .
 *(.fini_array)
 .fini_array    0x0801a9ac        0x4 /home/laurence/CodeSourcery/Sourcery_G++_Lite/bin/../lib/gcc/arm-none-eabi/4.5.2/thumb2/crtbegin.o
 *(SORT(.fini_array.*))
                0x0801a9b0                __fini_array_end = .
 *crtbegin.o(.dtors)
 *(EXCLUDE_FILE(*crtend.o) .dtors)
 *(SORT(.dtors.*))
 *crtend.o(.dtors)
                0x0801a9b0                . = ALIGN (0x4)
                0x0801a9b0                __cs3_regions = .
                0x0801a9b0        0x4 LONG 0x0
                0x0801a9b4        0x4 LONG 0x801a9d0 __cs3_region_init_ram
                0x0801a9b8        0x4 LONG 0x20000000 __cs3_region_start_ram
                0x0801a9bc        0x4 LONG 0x688 __cs3_region_init_size_ram
                0x0801a9c0        0x4 LONG 0x1b90 __cs3_region_zero_size_ram
                0x0801a9c4                __exidx_start = .

.v4_bx          0x0801a9c4        0x0
 .v4_bx         0x00000000        0x0 linker stubs

.ARM.exidx      0x0801a9c4        0x8
 *(.ARM.exidx* .gnu.linkonce.armexidx.*)
 .ARM.exidx     0x0801a9c4        0x8 /home/laurence/CodeSourcery/Sourcery_G++_Lite/bin/../lib/gcc/arm-none-eabi/4.5.2/thumb2/libgcc.a(_divdi3.o)
 .ARM.exidx     0x0801a9cc        0x0 /home/laurence/CodeSourcery/Sourcery_G++_Lite/bin/../lib/gcc/arm-none-eabi/4.5.2/thumb2/libgcc.a(_udivdi3.o)
                                  0x8 (size before relaxing)
                0x0801a9cc                __exidx_end = .

.text.align     0x0801a9cc        0x4
                0x0801a9d0                . = ALIGN (0x8)
 *fill*         0x0801a9cc        0x4 00
                0x0801a9d0                _etext = .
                0x08020000                __cs3_region_end_rom = (__cs3_region_start_rom + 0x20000)
                0x00020000                __cs3_region_size_rom = 0x20000
                0x00000001                __cs3_region_num = 0x1

.data           0x20000000      0x688 load address 0x0801a9d0
                0x20000000                __cs3_region_start_ram = .
 *(.cs3.region-head.ram)
 *(.jcr)
 .jcr           0x20000000        0x0 /home/laurence/CodeSourcery/Sourcery_G++_Lite/bin/../lib/gcc/arm-none-eabi/4.5.2/thumb2/crtbegin.o
 .jcr           0x20000000        0x4 /home/laurence/CodeSourcery/Sourcery_G++_Lite/bin/../lib/gcc/arm-none-eabi/4.5.2/thumb2/crtend.o
 *(.got.plt)
 *(.got)
 *(.shdata)
 *(.data .data.* .gnu.linkonce.d.*)
 .data          0x20000004        0x1 Util/Fatfs/sd_spi_stm32.o
 *fill*         0x20000005        0x3 00
 .data          0x20000008       0x28 Util/uavtalk.o
                0x20000008                UAVtalk_conf
 .data          0x20000030       0x78 i2c_int.o
                0x20000030                I2C_jobs
 .data          0x200000a8        0x1 main.o
                0x200000a8                Spi_Locked
 *fill*         0x200000a9        0x3 00
 .data          0x200000ac        0x4 Control/ekf.o
                0x200000ac                Ge
 .data          0x200000b0       0xb4 Control/imu.o
 .data          0x20000164       0x14 lib/STM32F10x_StdPeriph_Driver/libstm32fw.a(stm32f10x_rcc.o)
 .data          0x20000178        0x1 /home/laurence/CodeSourcery/Sourcery_G++_Lite/bin/../lib/gcc/arm-none-eabi/4.5.2/../../../../arm-none-eabi/lib/thumb2/libm.a(lib_a-s_lib_ver.o)
                0x20000178                __fdlib_version
 *fill*         0x20000179        0x3 00
 .data          0x2000017c       0xf4 /home/laurence/CodeSourcery/Sourcery_G++_Lite/bin/../lib/gcc/arm-none-eabi/4.5.2/../../../../arm-none-eabi/lib/thumb2/libc.a(lib_a-impure.o)
                0x2000017c                _impure_ptr
 .data          0x20000270      0x410 /home/laurence/CodeSourcery/Sourcery_G++_Lite/bin/../lib/gcc/arm-none-eabi/4.5.2/../../../../arm-none-eabi/lib/thumb2/libc.a(lib_a-mallocr.o)
                0x20000270                __malloc_av_
                0x20000678                __malloc_sbrk_base
                0x2000067c                __malloc_trim_threshold
 .data          0x20000680        0x4 /home/laurence/CodeSourcery/Sourcery_G++_Lite/bin/../lib/gcc/arm-none-eabi/4.5.2/../../../../arm-none-eabi/lib/thumb2/libcs3unhosted.a(unhosted-sbrk.o)
 .data          0x20000684        0x4 /home/laurence/CodeSourcery/Sourcery_G++_Lite/bin/../lib/gcc/arm-none-eabi/4.5.2/../../../../arm-none-eabi/lib/thumb2/libcs3.a(heap.o)
                0x20000684                __cs3_heap_limit
 *(.ram)
                0x20000688                . = ALIGN (0x8)
                0x20000688                _edata = .

.bss            0x20000688     0x1b90 load address 0x0801b058
 *(.shbss)
 *(.bss .bss.* .gnu.linkonce.b.*)
 .bss           0x20000688        0x1 /home/laurence/CodeSourcery/Sourcery_G++_Lite/bin/../lib/gcc/arm-none-eabi/4.5.2/thumb2/crtbegin.o
 *fill*         0x20000689        0x1 00
 .bss           0x2000068a       0x20 Sensors/accel_down.o
                0x200006a4                Accel_Data_Buffer
 *fill*         0x200006aa        0x2 00
 .bss           0x200006ac       0x24 Sensors/bmp085.o
                0x200006ac                Our_Sensorcal
                0x200006c4                Bmp_temp
                0x200006c8                Bmp_Temp_Buffer
                0x200006cc                Bmp_Press_Buffer
 .bss           0x200006d0        0xc Sensors/earth_field.o
 .bss           0x200006dc        0x4 Sensors/pitot.o
                0x200006dc                Pitot_Pressure
 .bss           0x200006e0        0xa Sensors/ubx.o
 *fill*         0x200006ea        0x2 00
 .bss           0x200006ec        0x8 Util/Fatfs/ff.o
 .bss           0x200006f4       0x10 Util/Fatfs/sd_spi_stm32.o
 .bss           0x20000704        0x8 Util/RF22/RF22.o
                0x20000704                _ZN4RF2217_RF22ForInterruptE
 .bss           0x2000070c       0x3b Util/RF22/RF22Mesh.o
                0x2000070c                _ZN8RF22Mesh11_tmpMessageE
 .bss           0x20000747       0x40 Util/RF22/RF22Router.o
                0x20000747                _ZN10RF22Router11_tmpMessageE
 *fill*         0x20000787        0x1 00
 .bss           0x20000788      0x180 Util/RF22/ctocpp.o
                0x20000788                rf22
 .bss           0x20000908        0x4 Util/atmospherics.o
                0x20000908                Air_Density
 .bss           0x2000090c       0x84 Util/rprintf.o
 .bss           0x20000990       0x60 Util/uavtalk.o
                0x2000099c                UAVtalk_semaphores
                0x200009a8                UAVtalk_pointers
                0x200009d4                UAVtalk_stream_timers
 .bss           0x200009f0       0x10 i2c_int.o
                0x200009f0                Jobs
                0x200009f4                job
                0x200009f8                Completed_Jobs
                0x200009fc                I2C1error
 .bss           0x20000a00        0x8 interrupts.o
 .bss           0x20000a08      0xa30 main.o
                0x20000a08                Gps_Buffer
                0x20000b10                Usart1tx
                0x20000c18                Si4432_buff
                0x20000d20                Millis
                0x20000d24                Gps
                0x20000d57                Home_Position
                0x20000da4                Long_To_Meters_Home
                0x20000fd8                f_err_code
                0x20000fdc                FATFS_logfile
                0x20001200                Si4432_connected
                0x20001201                Kalman_Enabled
                0x20001204                UAVtalk_Attitude_Array
                0x20001220                Position_Actual
                0x2000122c                Velocity_Actual
                0x20001238                UAVtalk_Altitude_Array
                0x20001244                Waypoint_Global
                0x20001250                Battery_State
                0x20001268                Flight_Status
                0x2000126a                GPS_Position
                0x20001290                uavtalk_usart_port
                0x2000132a                New_Waypoint_Flagged
                0x2000132b                Nav_Flag
                0x2000132c                Nav_Global
                0x20001360                uavtalk_si4432_port
                0x200013fa                Ground_Flag
                0x200013fc                Balt
                0x20001400                GCS_Telem
                0x20001415                Flight_Telem
                0x2000142c                quickdebug
 .bss           0x20001438       0x1a pwm.o
                0x20001438                TIM_TimeBaseStructure
                0x20001442                TIM_OCInitStructure
 .bss           0x20001452      0x104 usart.o
                0x20001452                Usart1_rx_buff
 *fill*         0x20001556        0x2 00
 .bss           0x20001558      0xbf8 Control/ekf.o
                0x20001558                Be
                0x20001564                P
                0x20001808                X
                0x2000183c                Q
                0x20001860                R
                0x20001888                F
                0x20001b2c                G
                0x20001d00                K
                0x20001f08                Nav
                0x20001f3c                H
                0x20002144                zeros
 .bss           0x20002150       0x90 Control/imu.o
                0x20002150                Gyro_Data_Buffer
                0x20002158                Accel_Access_Flag
                0x20002168                Accel_Data_Vector
                0x200021a4                Baro_Offset
                0x200021b4                Magno_Data_Buffer
 .bss           0x200021e0       0x34 /home/laurence/CodeSourcery/Sourcery_G++_Lite/bin/../lib/gcc/arm-none-eabi/4.5.2/../../../../arm-none-eabi/lib/thumb2/libc.a(lib_a-mallocr.o)
                0x200021e0                __malloc_top_pad
                0x200021e4                __malloc_current_mallinfo
                0x2000220c                __malloc_max_sbrked_mem
                0x20002210                __malloc_max_total_mem
 *(COMMON)
 COMMON         0x20002214        0x4 /home/laurence/CodeSourcery/Sourcery_G++_Lite/bin/../lib/gcc/arm-none-eabi/4.5.2/../../../../arm-none-eabi/lib/thumb2/libc.a(lib_a-reent.o)
                0x20002214                errno
 *(.ram.b)
                0x20002218                . = ALIGN (0x8)
                0x20002218                _end = .
                0x20002218                __end = .
                0x20005000                __cs3_region_end_ram = (__cs3_region_start_ram + 0x5000)
                0x00005000                __cs3_region_size_ram = 0x5000
                0x0801a9d0                __cs3_region_init_ram = LOADADDR (.data)
                0x00000688                __cs3_region_init_size_ram = (_edata - ADDR (.data))
                0x00001b90                __cs3_region_zero_size_ram = (_end - _edata)
                0x00000001                __cs3_region_num = 0x1

.stab
 *(.stab)

.stabstr
 *(.stabstr)

.debug
 *(.debug)

.line
 *(.line)

.debug_srcinfo
 *(.debug_srcinfo)

.debug_sfnames
 *(.debug_sfnames)

.debug_aranges
 *(.debug_aranges)

.debug_pubnames
 *(.debug_pubnames)

.debug_info
 *(.debug_info .gnu.linkonce.wi.*)

.debug_abbrev
 *(.debug_abbrev)

.debug_line
 *(.debug_line)

.comment        0x00000000       0x2a
 .comment       0x00000000       0x2a Sensors/accel_down.o
                                 0x2b (size before relaxing)
 .comment       0x00000000       0x2b Sensors/bmp085.o
 .comment       0x00000000       0x2b Sensors/earth_field.o
 .comment       0x00000000       0x2b Sensors/pitot.o
 .comment       0x00000000       0x2b Sensors/sensorcal.o
 .comment       0x00000000       0x2b Sensors/ubx.o
 .comment       0x00000000       0x2b Util/Fatfs/fattime.o
 .comment       0x00000000       0x2b Util/Fatfs/ff.o
 .comment       0x00000000       0x2b Util/Fatfs/rtc.o
 .comment       0x00000000       0x2b Util/Fatfs/sd_spi_stm32.o
 .comment       0x00000000       0x2b Util/RF22/RF22.o
 .comment       0x00000000       0x2b Util/RF22/RF22Datagram.o
 .comment       0x00000000       0x2b Util/RF22/RF22Mesh.o
 .comment       0x00000000       0x2b Util/RF22/RF22ReliableDatagram.o
 .comment       0x00000000       0x2b Util/RF22/RF22Router.o
 .comment       0x00000000       0x2b Util/RF22/ctocpp.o
 .comment       0x00000000       0x2b Util/atmospherics.o
 .comment       0x00000000       0x2b Util/coords.o
 .comment       0x00000000       0x2b Util/crc.o
 .comment       0x00000000       0x2b Util/delay.o
 .comment       0x00000000       0x2b Util/gravity.o
 .comment       0x00000000       0x2b Util/rprintf.o
 .comment       0x00000000       0x2b Util/time.o
 .comment       0x00000000       0x2b Util/uavobjconv.o
 .comment       0x00000000       0x2b Util/uavtalk.o
 .comment       0x00000000       0x2b adc.o
 .comment       0x00000000       0x2b dma.o
 .comment       0x00000000       0x2b gpio.o
 .comment       0x00000000       0x2b i2c_int.o
 .comment       0x00000000       0x2b interrupts.o
 .comment       0x00000000       0x2b lib/CMSIS_CM3/core_cm3.o
 .comment       0x00000000       0x2b lib/CMSIS_CM3/system_stm32f10x.o
 .comment       0x00000000       0x2b main.o
 .comment       0x00000000       0x2b pwm.o
 .comment       0x00000000       0x2b usart.o
 .comment       0x00000000       0x2b watchdog.o
 .comment       0x00000000       0x2b Control/ekf.o
 .comment       0x00000000       0x2b Control/imu.o
 .comment       0x00000000       0x2b Control/loops.o
 .comment       0x00000000       0x2b Control/servos.o
 .comment       0x00000000       0x2b lib/STM32F10x_StdPeriph_Driver/libstm32fw.a(misc.o)
 .comment       0x00000000       0x2b lib/STM32F10x_StdPeriph_Driver/libstm32fw.a(stm32f10x_adc.o)
 .comment       0x00000000       0x2b lib/STM32F10x_StdPeriph_Driver/libstm32fw.a(stm32f10x_bkp.o)
 .comment       0x00000000       0x2b lib/STM32F10x_StdPeriph_Driver/libstm32fw.a(stm32f10x_dma.o)
 .comment       0x00000000       0x2b lib/STM32F10x_StdPeriph_Driver/libstm32fw.a(stm32f10x_exti.o)
 .comment       0x00000000       0x2b lib/STM32F10x_StdPeriph_Driver/libstm32fw.a(stm32f10x_gpio.o)
 .comment       0x00000000       0x2b lib/STM32F10x_StdPeriph_Driver/libstm32fw.a(stm32f10x_i2c.o)
 .comment       0x00000000       0x2b lib/STM32F10x_StdPeriph_Driver/libstm32fw.a(stm32f10x_iwdg.o)
 .comment       0x00000000       0x2b lib/STM32F10x_StdPeriph_Driver/libstm32fw.a(stm32f10x_pwr.o)
 .comment       0x00000000       0x2b lib/STM32F10x_StdPeriph_Driver/libstm32fw.a(stm32f10x_rcc.o)
 .comment       0x00000000       0x2b lib/STM32F10x_StdPeriph_Driver/libstm32fw.a(stm32f10x_rtc.o)
 .comment       0x00000000       0x2b lib/STM32F10x_StdPeriph_Driver/libstm32fw.a(stm32f10x_spi.o)
 .comment       0x00000000       0x2b lib/STM32F10x_StdPeriph_Driver/libstm32fw.a(stm32f10x_tim.o)
 .comment       0x00000000       0x2b lib/STM32F10x_StdPeriph_Driver/libstm32fw.a(stm32f10x_usart.o)

.debug_frame    0x00000000      0xb58
 *(.debug_frame)
 .debug_frame   0x00000000       0x30 /home/laurence/CodeSourcery/Sourcery_G++_Lite/bin/../lib/gcc/arm-none-eabi/4.5.2/../../../../arm-none-eabi/lib/thumb2/libm.a(lib_a-s_cos.o)
 .debug_frame   0x00000030       0x34 /home/laurence/CodeSourcery/Sourcery_G++_Lite/bin/../lib/gcc/arm-none-eabi/4.5.2/../../../../arm-none-eabi/lib/thumb2/libm.a(lib_a-s_floor.o)
 .debug_frame   0x00000064       0x30 /home/laurence/CodeSourcery/Sourcery_G++_Lite/bin/../lib/gcc/arm-none-eabi/4.5.2/../../../../arm-none-eabi/lib/thumb2/libm.a(lib_a-s_sin.o)
 .debug_frame   0x00000094       0x2c /home/laurence/CodeSourcery/Sourcery_G++_Lite/bin/../lib/gcc/arm-none-eabi/4.5.2/../../../../arm-none-eabi/lib/thumb2/libm.a(lib_a-sf_cos.o)
 .debug_frame   0x000000c0       0x2c /home/laurence/CodeSourcery/Sourcery_G++_Lite/bin/../lib/gcc/arm-none-eabi/4.5.2/../../../../arm-none-eabi/lib/thumb2/libm.a(lib_a-sf_sin.o)
 .debug_frame   0x000000ec       0x34 /home/laurence/CodeSourcery/Sourcery_G++_Lite/bin/../lib/gcc/arm-none-eabi/4.5.2/../../../../arm-none-eabi/lib/thumb2/libm.a(lib_a-w_asin.o)
 .debug_frame   0x00000120       0x20 /home/laurence/CodeSourcery/Sourcery_G++_Lite/bin/../lib/gcc/arm-none-eabi/4.5.2/../../../../arm-none-eabi/lib/thumb2/libm.a(lib_a-w_atan2.o)
 .debug_frame   0x00000140       0x38 /home/laurence/CodeSourcery/Sourcery_G++_Lite/bin/../lib/gcc/arm-none-eabi/4.5.2/../../../../arm-none-eabi/lib/thumb2/libm.a(lib_a-w_sqrt.o)
 .debug_frame   0x00000178       0x30 /home/laurence/CodeSourcery/Sourcery_G++_Lite/bin/../lib/gcc/arm-none-eabi/4.5.2/../../../../arm-none-eabi/lib/thumb2/libm.a(lib_a-wf_asin.o)