Archive member included because of file (symbol)

lib/STM32F10x_StdPeriph_Driver/libstm32fw.a(misc.o)
                              interrupts.o (NVIC_PriorityGroupConfig)
lib/STM32F10x_StdPeriph_Driver/libstm32fw.a(stm32f10x_bkp.o)
                              Util/Fatfs/rtc.o (BKP_WriteBackupRegister)
lib/STM32F10x_StdPeriph_Driver/libstm32fw.a(stm32f10x_dma.o)
                              dma.o (DMA_DeInit)
lib/STM32F10x_StdPeriph_Driver/libstm32fw.a(stm32f10x_exti.o)
                              interrupts.o (EXTI_Init)
lib/STM32F10x_StdPeriph_Driver/libstm32fw.a(stm32f10x_gpio.o)
                              Util/Fatfs/sd_spi_stm32.o (GPIO_Init)
lib/STM32F10x_StdPeriph_Driver/libstm32fw.a(stm32f10x_i2c.o)
                              i2c_int.o (I2C_Cmd)
lib/STM32F10x_StdPeriph_Driver/libstm32fw.a(stm32f10x_iwdg.o)
                              watchdog.o (IWDG_WriteAccessCmd)
lib/STM32F10x_StdPeriph_Driver/libstm32fw.a(stm32f10x_pwr.o)
                              Util/Fatfs/rtc.o (PWR_BackupAccessCmd)
lib/STM32F10x_StdPeriph_Driver/libstm32fw.a(stm32f10x_rcc.o)
                              Util/Fatfs/rtc.o (RCC_LSEConfig)
lib/STM32F10x_StdPeriph_Driver/libstm32fw.a(stm32f10x_rtc.o)
                              Util/Fatfs/rtc.o (RTC_GetCounter)
lib/STM32F10x_StdPeriph_Driver/libstm32fw.a(stm32f10x_spi.o)
                              Util/Fatfs/sd_spi_stm32.o (SPI_Init)
lib/STM32F10x_StdPeriph_Driver/libstm32fw.a(stm32f10x_tim.o)
                              pwm.o (TIM_TimeBaseInit)
lib/STM32F10x_StdPeriph_Driver/libstm32fw.a(stm32f10x_usart.o)
                              usart.o (USART_Cmd)
/home/laurence/CodeSourcery/Sourcery_G++_Lite/bin/../lib/gcc/arm-none-eabi/4.4.1/../../../../arm-none-eabi/lib/thumb2/libm.a(lib_a-s_cos.o)
                              Sensors/earth_field.o (cos)
/home/laurence/CodeSourcery/Sourcery_G++_Lite/bin/../lib/gcc/arm-none-eabi/4.4.1/../../../../arm-none-eabi/lib/thumb2/libm.a(lib_a-s_floor.o)
                              Util/RF22/RF22.o (floor)
/home/laurence/CodeSourcery/Sourcery_G++_Lite/bin/../lib/gcc/arm-none-eabi/4.4.1/../../../../arm-none-eabi/lib/thumb2/libm.a(lib_a-s_sin.o)
                              Sensors/earth_field.o (sin)
/home/laurence/CodeSourcery/Sourcery_G++_Lite/bin/../lib/gcc/arm-none-eabi/4.4.1/../../../../arm-none-eabi/lib/thumb2/libm.a(lib_a-w_asin.o)
                              Sensors/earth_field.o (asin)
/home/laurence/CodeSourcery/Sourcery_G++_Lite/bin/../lib/gcc/arm-none-eabi/4.4.1/../../../../arm-none-eabi/lib/thumb2/libm.a(lib_a-w_atan2.o)
                              Sensors/earth_field.o (atan2)
/home/laurence/CodeSourcery/Sourcery_G++_Lite/bin/../lib/gcc/arm-none-eabi/4.4.1/../../../../arm-none-eabi/lib/thumb2/libm.a(lib_a-w_pow.o)
                              Sensors/bmp085.o (pow)
/home/laurence/CodeSourcery/Sourcery_G++_Lite/bin/../lib/gcc/arm-none-eabi/4.4.1/../../../../arm-none-eabi/lib/thumb2/libm.a(lib_a-w_sqrt.o)
                              Sensors/earth_field.o (sqrt)
/home/laurence/CodeSourcery/Sourcery_G++_Lite/bin/../lib/gcc/arm-none-eabi/4.4.1/../../../../arm-none-eabi/lib/thumb2/libm.a(lib_a-wf_asin.o)
                              Util/coords.o (asinf)
/home/laurence/CodeSourcery/Sourcery_G++_Lite/bin/../lib/gcc/arm-none-eabi/4.4.1/../../../../arm-none-eabi/lib/thumb2/libm.a(lib_a-wf_atan2.o)
                              Util/coords.o (atan2f)
/home/laurence/CodeSourcery/Sourcery_G++_Lite/bin/../lib/gcc/arm-none-eabi/4.4.1/../../../../arm-none-eabi/lib/thumb2/libm.a(lib_a-e_asin.o)
                              /home/laurence/CodeSourcery/Sourcery_G++_Lite/bin/../lib/gcc/arm-none-eabi/4.4.1/../../../../arm-none-eabi/lib/thumb2/libm.a(lib_a-w_asin.o) (__ieee754_asin)
/home/laurence/CodeSourcery/Sourcery_G++_Lite/bin/../lib/gcc/arm-none-eabi/4.4.1/../../../../arm-none-eabi/lib/thumb2/libm.a(lib_a-e_atan2.o)
                              /home/laurence/CodeSourcery/Sourcery_G++_Lite/bin/../lib/gcc/arm-none-eabi/4.4.1/../../../../arm-none-eabi/lib/thumb2/libm.a(lib_a-w_atan2.o) (__ieee754_atan2)
/home/laurence/CodeSourcery/Sourcery_G++_Lite/bin/../lib/gcc/arm-none-eabi/4.4.1/../../../../arm-none-eabi/lib/thumb2/libm.a(lib_a-e_pow.o)
                              /home/laurence/CodeSourcery/Sourcery_G++_Lite/bin/../lib/gcc/arm-none-eabi/4.4.1/../../../../arm-none-eabi/lib/thumb2/libm.a(lib_a-w_pow.o) (__ieee754_pow)
/home/laurence/CodeSourcery/Sourcery_G++_Lite/bin/../lib/gcc/arm-none-eabi/4.4.1/../../../../arm-none-eabi/lib/thumb2/libm.a(lib_a-e_rem_pio2.o)
                              /home/laurence/CodeSourcery/Sourcery_G++_Lite/bin/../lib/gcc/arm-none-eabi/4.4.1/../../../../arm-none-eabi/lib/thumb2/libm.a(lib_a-s_cos.o) (__ieee754_rem_pio2)
/home/laurence/CodeSourcery/Sourcery_G++_Lite/bin/../lib/gcc/arm-none-eabi/4.4.1/../../../../arm-none-eabi/lib/thumb2/libm.a(lib_a-e_sqrt.o)
[...]
Memory Configuration

Name             Origin             Length             Attributes
ram              0x20000000         0x00005000         xrw
rom              0x08000000         0x00020000         xr
*default*        0x00000000         0xffffffff

Linker script and memory map

LOAD /home/laurence/CodeSourcery/Sourcery_G++_Lite/bin/../lib/gcc/arm-none-eabi/4.4.1/thumb2/crti.o
LOAD /home/laurence/CodeSourcery/Sourcery_G++_Lite/bin/../lib/gcc/arm-none-eabi/4.4.1/thumb2/crtbegin.o
LOAD Sensors/accel_down.o
LOAD Sensors/bmp085.o
LOAD Sensors/earth_field.o
LOAD Sensors/pitot.o
LOAD Sensors/sensorcal.o
LOAD Sensors/ubx.o
LOAD Util/Fatfs/fattime.o
LOAD Util/Fatfs/ff.o
LOAD Util/Fatfs/rtc.o
LOAD Util/Fatfs/sd_spi_stm32.o
LOAD Util/RF22/RF22.o
LOAD Util/RF22/RF22Datagram.o
LOAD Util/RF22/RF22Mesh.o
LOAD Util/RF22/RF22ReliableDatagram.o
LOAD Util/RF22/RF22Router.o
LOAD Util/RF22/ctocpp.o
LOAD Util/atmospherics.o
LOAD Util/coords.o
LOAD Util/crc.o
LOAD Util/delay.o
LOAD Util/gravity.o
LOAD Util/rprintf.o
LOAD Util/time.o
LOAD Util/uavtalk.o
LOAD dma.o
LOAD gpio.o
LOAD i2c_int.o
LOAD interrupts.o
LOAD lib/CMSIS_CM3/core_cm3.o
LOAD lib/CMSIS_CM3/startup/gcc/startup_stm32f10x_md.o
LOAD lib/CMSIS_CM3/system_stm32f10x.o
LOAD main.o
LOAD pwm.o
LOAD usart.o
LOAD watchdog.o
LOAD Control/ekf.o
LOAD Control/imu.o
LOAD Control/loops.o
LOAD Control/servos.o
LOAD lib/STM32F10x_StdPeriph_Driver/libstm32fw.a
LOAD lib/STM32_USB-FS-Device_Driver/libstm32usb.a
LOAD /home/laurence/CodeSourcery/Sourcery_G++_Lite/bin/../lib/gcc/arm-none-eabi/4.4.1/../../../../arm-none-eabi/lib/thumb2/libm.a
START GROUP
LOAD /home/laurence/CodeSourcery/Sourcery_G++_Lite/bin/../lib/gcc/arm-none-eabi/4.4.1/thumb2/libgcc.a
LOAD /home/laurence/CodeSourcery/Sourcery_G++_Lite/bin/../lib/gcc/arm-none-eabi/4.4.1/../../../../arm-none-eabi/lib/thumb2/libc.a
END GROUP
LOAD /home/laurence/CodeSourcery/Sourcery_G++_Lite/bin/../lib/gcc/arm-none-eabi/4.4.1/thumb2/crtend.o
LOAD /home/laurence/CodeSourcery/Sourcery_G++_Lite/bin/../lib/gcc/arm-none-eabi/4.4.1/thumb2/crtn.o
START GROUP
LOAD /home/laurence/CodeSourcery/Sourcery_G++_Lite/bin/../lib/gcc/arm-none-eabi/4.4.1/thumb2/libgcc.a
LOAD /home/laurence/CodeSourcery/Sourcery_G++_Lite/bin/../lib/gcc/arm-none-eabi/4.4.1/../../../../arm-none-eabi/lib/thumb2/libc.a
LOAD /home/laurence/CodeSourcery/Sourcery_G++_Lite/bin/../lib/gcc/arm-none-eabi/4.4.1/../../../../arm-none-eabi/lib/thumb2/libcs3.a
LOAD /home/laurence/CodeSourcery/Sourcery_G++_Lite/bin/../lib/gcc/arm-none-eabi/4.4.1/../../../../arm-none-eabi/lib/thumb2/libcs3unhosted.a
LOAD lib/libcs3-lanchon-stm32.a
END GROUP
                0x20005000                PROVIDE (__cs3_stack, (__cs3_region_start_ram + __cs3_region_size_ram))
                0x20002190                PROVIDE (__cs3_heap_start, _end)
                0x20005000                PROVIDE (__cs3_heap_end, (__cs3_region_start_ram + __cs3_region_size_ram))

.text           0x08000000    0x1ba24
 CREATE_OBJECT_SYMBOLS
                0x08000000                __cs3_region_start_rom = .
 *(.cs3.region-head.rom)
                0x08000000                __cs3_interrupt_vector = __cs3_interrupt_vector_lanchon_stm32
 *(.cs3.interrupt_vector)
 .cs3.interrupt_vector
                0x08000000       0xec lib/libcs3-lanchon-stm32.a(lanchon-stm32-vector.o)
                0x08000000                __cs3_interrupt_vector_lanchon_stm32
                0x08000001                ASSERT ((. != __cs3_interrupt_vector_lanchon_stm32), No interrupt vector)
 *(.rom)
 *(.rom.b)
                0x0801a464                PROVIDE (__cs3_reset_lanchon_stm32, _start)
                0x0801a464                __cs3_reset = __cs3_reset_lanchon_stm32
 *(.cs3.reset)
 *(.text .text.* .gnu.linkonce.t.*)
 .text          0x080000ec       0x30 /home/laurence/CodeSourcery/Sourcery_G++_Lite/bin/../lib/gcc/arm-none-eabi/4.4.1/thumb2/crtbegin.o
 .text          0x0800011c       0xd0 Sensors/accel_down.o
                0x0800011c                Accel_Downconvert
 *fill*         0x080001ec        0x4 00
 .text          0x080001f0      0x108 Sensors/bmp085.o
                0x080001f0                Bmp085_Convert
                0x080002a8                Baro_Convert_Pressure
 .text          0x080002f8     0x1920 Sensors/earth_field.o
                0x080002f8                WMM_CalculateSecularVariation
                0x08000400                WMM_get_secular_var_coeff_g
                0x08000418                WMM_get_main_field_coeff_g
                0x080004b4                WMM_get_secular_var_coeff_h
                0x080004cc                WMM_get_main_field_coeff_h
                0x08000560                WMM_DateToYear
                0x0800059c                WMM_RotateMagneticVector
                0x08000658                WMM_ComputeSphericalHarmonicVariables
                0x0800072c                WMM_GeodeticToSpherical
                0x08000890                WMM_SecVarSummationSpecial
                0x08000a2c                WMM_SecVarSummation
                0x08000c2c                WMM_SummationSpecial
                0x08000dcc                WMM_Summation
                0x08000fcc                WMM_PcupLow
                0x08001318                WMM_PcupHigh
                0x080017be                WMM_AssociatedLegendreFunction
                0x0800184c                WMM_CalculateGeoMagneticElements
                0x08001910                WMM_Geomag
                0x08001a08                WMM_Initialize
                0x08001a80                WMM_GetMagVector
 .text          0x08001c18       0x70 Sensors/pitot.o
                0x08001c18                Pitot_Conv
                0x08001c32                Pitot_convert_Airspeed
 .text          0x08001c88       0xf4 Sensors/sensorcal.o
                0x08001c88                Calibrate_3
 .text          0x08001d7c      0x330 Sensors/ubx.o
                0x08001d7c                Gps_Process_Byte
                0x08001efc                Get_UBX_Ack
                0x08001fa8                Config_Gps
 .text          0x080020ac       0x42 Util/Fatfs/fattime.o
                0x080020ac                get_fattime
 *fill*         0x080020ee        0x2 00
 .text          0x080020f0     0x1a54 Util/Fatfs/ff.o
                0x08002116                clust2sect
                0x080021c6                f_mount
                0x08002604                put_fat
                0x08002702                get_fat
                0x08002952                f_truncate
                0x08002bb8                f_readdir
                0x08002c06                f_getfree
                0x08002ce6                f_lseek
                0x08002e38                f_write
                0x08002fea                f_read
                0x08003214                f_sync
                0x080032ca                f_close
                0x080034d8                f_stat
                0x0800351a                f_opendir
                0x08003588                f_rename
                0x080036ae                f_utime
                0x08003710                f_chmod
                0x0800376c                f_unlink
                0x08003834                f_mkdir
                0x080039e6                f_open
 .text          0x08003b44      0x2e4 Util/Fatfs/rtc.o
                0x08003c20                my_RTC_SetCounter
                0x08003c42                rtc_settime
                0x08003d14                rtc_init
                0x08003dae                rtc_gettime
 .text          0x08003e28      0x7b4 Util/Fatfs/sd_spi_stm32.o
                0x08003e48                disk_status
                0x08003e58                disk_timerproc
                0x08004074                disk_initialize
                0x080041f4                disk_ioctl
                0x08004450                disk_read
                0x08004530                disk_write
 .text          0x080045dc      0x8d4 Util/RF22/RF22.o
                0x080045dc                _ZN4RF22C2Ehh
                0x08004600                _ZN4RF22C1Ehh
                0x08004624                _ZN4RF2210clearRxBufEv
                0x08004630                _ZN4RF2214waitPacketSentEv
                0x0800463a                _ZN4RF2210clearTxBufEv
                0x0800464a                _ZN4RF2223handleExternalInterruptEv
                0x0800464c                _ZN4RF2226handleWakeupTimerInterruptEv
                0x0800464e                _ZN4RF228lastRssiEv
                0x08004654                _ZN4RF2211appendTxBufEPhh
                0x08004684                _ZN4RF229fillTxBufEPhh
                0x0800469c                _ZN4RF2213spiBurstWriteEhPhh
                0x0800470c                _ZN4RF2216sendNextFragmentEv
                0x0800474c                _ZN4RF2212setSyncWordsEPhh
                0x08004756                _ZN4RF2212setWutPeriodEthh
                0x0800477e                _ZN4RF2212spiBurstReadEhPhh
                0x080047f0                _ZN4RF2216readNextFragmentEv
                0x0800481a                _ZN4RF227wutReadEv
                0x08004834                _ZN4RF228spiWriteEhh
                0x08004894                _ZN4RF2214setPromiscuousEb
                0x080048a0                _ZN4RF2214setHeaderFlagsEh
                0x080048a6                _ZN4RF2211setHeaderIdEh
                0x080048ac                _ZN4RF2213setHeaderFromEh
                0x080048b2                _ZN4RF2211setHeaderToEh
                0x080048b8                _ZN4RF2211resetTxFifoEv
                0x080048d0                _ZN4RF2211resetRxFifoEv
                0x080048e8                _ZN4RF2210resetFifosEv
                0x08004900                _ZN4RF2217setPreambleLengthEh
                0x08004906                _ZN4RF2217setModemRegistersEPNS_11ModemConfigE
                0x0800495c                _ZN4RF2214setModemConfigENS_17ModemConfigChoiceE
                0x0800497c                _ZN4RF2210setTxPowerEh
                0x08004982                _ZN4RF227setModeEh
                0x08004988                _ZN4RF229setModeTxEv
                0x080049a2                _ZN4RF229setModeRxEv
                0x080049bc                _ZN4RF229availableEv
                0x080049ca                _ZN4RF224recvEPhS0_
                0x08004a02                _ZN4RF2220waitAvailableTimeoutEt
                0x08004a2c                _ZN4RF2213waitAvailableEv
                0x08004a3c                _ZN4RF2211setModeIdleEv
                0x08004a50                _ZN4RF2213startTransmitEv
                0x08004a6c                _ZN4RF224sendEPhh
                0x08004a8c                _ZN4RF227spiReadEh
                0x08004aec                _ZN4RF2211headerFlagsEv
                0x08004af0                _ZN4RF228headerIdEv
                0x08004af4                _ZN4RF2210headerFromEv
                0x08004af8                _ZN4RF228headerToEv
                0x08004afc                _ZN4RF2215ezmacStatusReadEv
                0x08004b00                _ZN4RF228rssiReadEv
                0x08004b04                _ZN4RF227adcReadEhhhh
                0x08004b40                _ZN4RF2215temperatureReadEhh
                0x08004b6a                _ZN4RF2210statusReadEv
                0x08004b6e                _ZN4RF2212setFHChannelEh
                0x08004b8c                _ZN4RF2213setFHStepSizeEh
                0x08004baa                _ZN4RF2212setFrequencyEf
                0x08004c78                _ZN4RF2215handleInterruptEv
                0x08004d9e                _ZN4RF224isr1Ev
                0x08004dac                _ZN4RF224isr0Ev
                0x08004dbc                _ZN4RF225resetEv
                0x08004dd0                _ZN4RF224initEv
 .text          0x08004eb0       0xec Util/RF22/RF22Datagram.o
                0x08004eb0                _ZN12RF22Datagram8recvfromEPhS0_S0_S0_S0_S0_
                0x08004f08                _ZN12RF22Datagram6sendtoEPhhh
                0x08004f24                _ZN12RF22Datagram14setThisAddressEh
                0x08004f42                _ZN12RF22Datagram4initEv
                0x08004f5c                _ZN12RF22DatagramC1Ehhh
                0x08004f7c                _ZN12RF22DatagramC2Ehhh
 .text          0x08004f9c      0x3ec Util/RF22/RF22Mesh.o
                0x08004f9c                _ZN8RF22Mesh17isPhysicalAddressEPhh
                0x08004fb4                _ZN8RF22Mesh5doArpEh
                0x0800503c                _ZN8RF22Mesh11recvfromAckEPhS0_S0_S0_S0_S0_
                0x080051c0                _ZN8RF22Mesh18recvfromAckTimeoutEPhS0_tS0_S0_S0_S0_
                0x08005218                _ZN8RF22Mesh5routeEPN10RF22Router13RoutedMessageEh
                0x08005280                _ZN8RF22Mesh13peekAtMessageEPN10RF22Router13RoutedMessageEh
                0x08005306                _ZN8RF22Mesh10sendtoWaitEPhhh
                0x08005360                _ZN8RF22MeshC1Ehhh
                0x08005374                _ZN8RF22MeshC2Ehhh
 .text          0x08005388      0x2b0 Util/RF22/RF22ReliableDatagram.o
                0x08005388                _ZN20RF22ReliableDatagram10setTimeoutEt
                0x0800538e                _ZN20RF22ReliableDatagram10setRetriesEh
                0x08005394                _ZN20RF22ReliableDatagram15retransmissionsEv
                0x0800539a                _ZN20RF22ReliableDatagram11acknowledgeEhh
                0x080053c6                _ZN20RF22ReliableDatagram11recvfromAckEPhS0_S0_S0_S0_S0_
                0x08005472                _ZN20RF22ReliableDatagram18recvfromAckTimeoutEPhS0_tS0_S0_S0_S0_
                0x080054c8                _ZN20RF22ReliableDatagram10sendtoWaitEPhhh
                0x080055e0                _ZN20RF22ReliableDatagramC1Ehhh
                0x0800560c                _ZN20RF22ReliableDatagramC2Ehhh
 .text          0x08005638      0x324 Util/RF22/RF22Router.o
                0x08005638                _ZN10RF22Router10setMaxHopsEh
                0x0800563e                _ZN10RF22Router10getRouteToEh
                0x0800566c                _ZN10RF22Router17clearRoutingTableEv
                0x0800567e                _ZN10RF22Router13peekAtMessageEPNS_13RoutedMessageEh
                0x08005680                _ZN10RF22Router11recvfromAckEPhS0_S0_S0_S0_S0_
                0x08005768                _ZN10RF22Router18recvfromAckTimeoutEPhS0_tS0_S0_S0_S0_
                0x080057c0                _ZN10RF22Router10sendtoWaitEPhhhh
                0x08005804                _ZN10RF22Router10sendtoWaitEPhhh
                0x08005812                _ZN10RF22Router11deleteRouteEh
                0x08005844                _ZN10RF22Router17retireOldestRouteEv
                0x08005848                _ZN10RF22Router10addRouteToEhhh
                0x080058ae                _ZN10RF22Router13deleteRouteToEh
                0x080058d4                _ZN10RF22Router5routeEPNS_13RoutedMessageEh
                0x08005906                _ZN10RF22Router4initEv
                0x0800591c                _ZN10RF22RouterC1Ehhh
                0x0800593c                _ZN10RF22RouterC2Ehhh
 .text          0x0800595c       0x78 Util/RF22/ctocpp.o
                0x0800595c                RF22_Service_ISR
                0x08005968                RF22_Reassign
                0x08005974                RF22_recvfromAckTimeout
                0x0800599c                RF22_Sendtowait
                0x080059b8                RF22_Init
 *fill*         0x080059d4        0x4 00
 .text          0x080059d8       0xd8 Util/atmospherics.o
                0x080059d8                US_1976_Temperature
                0x08005a6c                Air_Density
 .text          0x08005ab0      0x940 Util/coords.o
                0x08005ab0                CrossProduct
                0x08005b0e                quat_inverse
                0x08005b2a                quat_copy
                0x08005b40                quat_mult
                0x08005c4a                rot_mult
                0x08005cea                VectorMagnitude
                0x08005d2c                RotFrom2Vectors
                0x08005ef8                R2Quaternion
                0x080060e0                Quaternion2RPY
                0x08006218                RneFromLLA
                0x080062d8                LLA2ECEF
 .text          0x080063f0       0x2c Util/crc.o
                0x080063f0                CRC_updateByte
                0x080063fc                CRC_updateCRC
 .text          0x0800641c       0x2c Util/delay.o
                0x0800641c                Delay
 .text          0x08006448       0xc8 Util/gravity.o
                0x08006448                Ge_From_Latitude
 .text          0x08006510      0x57c Util/rprintf.o
                0x08006510                rprintfInit
                0x0800651c                rprintfChar
                0x0800653c                rprintfStr
                0x08006554                rprintfStrLen
                0x0800658a                rprintfCRLF
                0x0800658e                rprintfu04
                0x08006598                rprintfu08
                0x080065aa                rprintfu16
                0x080065bc                rprintfu32
                0x080065ce                rprintfNum
                0x08006684                rprintfFloat
                0x0800673c                Isdigit
                0x0800674a                atoiRamRom
                0x08006770                rStrLen
                0x08006780                rprintf2RamRom
 .text          0x08006a8c       0x20 Util/time.o
                0x08006a8c                Set_RTC_From_GPS
 *fill*         0x08006aac        0x4 00
 .text          0x08006ab0      0x5a8 Util/uavtalk.o
                0x08006ab0                UAVtalk_Register_Object
                0x08006ac4                memchr_32
                0x08006ae8                updateTelemetryStats
                0x08006c50                UAVtalk_Generate_Packet
                0x08006de4                UAVtalk_Run_Streams
                0x08006e9c                UAVtalk_Process_Byte
 .text          0x08007058      0x128 dma.o
                0x08007058                Pop_From_Buffer
                0x08007074                Bytes_In_Buffer
                0x0800709c                Get_From_Buffer
                0x080070d0                Flush_Buffer
                0x080070e2                DMA_USART2_Configuration
                0x0800712c                DMA_USART1_Configuration
 .text          0x08007180      0x1e0 gpio.o
                0x08007180                Get_MEMS_DRDY
                0x080071a8                MEMS_Status_Configuration
                0x080071e4                Aux_Devices_Configuration
                0x08007240                SPI_Control_Configuration
                0x080072a8                GPS_IO_Configuration
                0x080072f4                GPIO_Config_AF_Periferals
                0x08007348                All_IO_Configuration
 .text          0x08007360      0x56c i2c_int.o
                0x08007360                I2C1_Setup_Job
                0x08007374                I2C_Config
                0x0800741c                I2C1_Request_Job
                0x0800744c                I2C1_ER_IRQHandler
                0x080074d8                I2C1_EV_IRQHandler
 .text          0x080078cc      0x1d0 interrupts.o
                0x080078cc                NMI_Handler
                0x080078ce                HardFault_Handler
                0x080078d0                MemManage_Handler
                0x080078d2                BusFault_Handler
                0x080078d4                UsageFault_Handler
                0x080078d6                SVC_Handler
                0x080078d8                DebugMon_Handler
                0x080078da                PendSV_Handler
                0x080078dc                SysTick_Handler
                0x080078de                EXTI15_10_IRQHandler
                0x080078fe                EXTI9_5_IRQHandler
                0x08007974                EXTI_Config
                0x08007a46                EXTI4_IRQHandler
 .text.Default_Handler
                0x08007a9c        0x2 lib/CMSIS_CM3/startup/gcc/startup_stm32f10x_md.o
                0x08007a9c                EXTI2_IRQHandler
                0x08007a9c                TIM1_CC_IRQHandler
                0x08007a9c                PVD_IRQHandler
                0x08007a9c                EXTI3_IRQHandler
                0x08007a9c                EXTI0_IRQHandler
                0x08007a9c                I2C2_EV_IRQHandler
                0x08007a9c                ADC1_2_IRQHandler
                0x08007a9c                SPI1_IRQHandler
                0x08007a9c                TAMPER_IRQHandler
                0x08007a9c                DMA1_Channel4_IRQHandler
                0x08007a9c                USART3_IRQHandler
                0x08007a9c                RTC_IRQHandler
                0x08007a9c                DMA1_Channel7_IRQHandler
                0x08007a9c                CAN1_RX1_IRQHandler
                0x08007a9c                TIM4_IRQHandler
                0x08007a9c                DMA1_Channel6_IRQHandler
                0x08007a9c                TIM3_IRQHandler
                0x08007a9c                RCC_IRQHandler
                0x08007a9c                TIM1_TRG_COM_IRQHandler
                0x08007a9c                DMA1_Channel1_IRQHandler
                0x08007a9c                Default_Handler
                0x08007a9c                SPI2_IRQHandler
                0x08007a9c                DMA1_Channel5_IRQHandler
                0x08007a9c                USB_LP_CAN1_RX0_IRQHandler
                0x08007a9c                USB_HP_CAN1_TX_IRQHandler
                0x08007a9c                DMA1_Channel3_IRQHandler
                0x08007a9c                TIM1_UP_IRQHandler
                0x08007a9c                WWDG_IRQHandler
                0x08007a9c                TIM2_IRQHandler
                0x08007a9c                TIM1_BRK_IRQHandler
                0x08007a9c                EXTI1_IRQHandler
                0x08007a9c                RTCAlarm_IRQHandler
                0x08007a9c                USART2_IRQHandler
                0x08007a9c                I2C2_ER_IRQHandler
                0x08007a9c                DMA1_Channel2_IRQHandler
                0x08007a9c                CAN1_SCE_IRQHandler
                0x08007a9c                FLASH_IRQHandler
                0x08007a9c                USBWakeUp_IRQHandler
 *fill*         0x08007a9e        0x2 00
 .text          0x08007aa0       0xf8 lib/CMSIS_CM3/system_stm32f10x.o
                0x08007aa0                SystemInit
 .text          0x08007b98      0xce8 main.o
                0x08007b98                Initialisation
                0x080085d4                main
 .text          0x08008880      0x1e0 pwm.o
                0x08008880                PWM_Set
                0x08008900                Timer_GPIO_Disable
                0x0800893c                Timer_GPIO_Enable
                0x08008978                Timer_RCC_Configuration
                0x08008990                Init_Timers
 .text          0x08008a60      0x21c usart.o
                0x08008a60                Default_Usart_Config
                0x08008a72                Add_To_ISR_Buffer
                0x08008a82                Get_From_ISR_Buffer
                0x08008a8e                Bytes_In_ISR_Buffer
                0x08008ab4                __gps_send_char
                0x08008ad0                Gps_Send_Str
                0x08008ae8                Gps_Send_Utf8
                0x08008b02                __usart_send_char
                0x08008b20                Usart_Send_Str
                0x08008b38                USART1_IRQHandler
                0x08008b54                usart1_disable_dma
                0x08008b70                usart1_send_data_dma
                0x08008b98                USART2_reconf
                0x08008bdc                Usarts_Init
 .text          0x08008c7c       0x3e watchdog.o
                0x08008c7c                Watchdog_Reset_Detect
                0x08008c90                Watchdog_Config
 *fill*         0x08008cba        0x2 00
 .text          0x08008cbc     0x8890 Control/ekf.o
                0x08008cbc                ins_get_num_states
                0x08008cc0                INSGPSInit
                0x08008dec                INSResetP
                0x08008e34                INSResetRGPS
                0x08008e60                INSSetState
                0x08008ec4                INSPosVelReset
                0x08008f4c                INSSetPosVelVar
                0x08008f68                INSSetGyroBias
                0x08008f84                INSSetAccelVar
                0x08008fa0                INSSetGyroVar
                0x08008fbc                INSSetMagVar
                0x08008fd8                INSSetMagNorth
                0x08008ff0                INSSetGravity
                0x08008ffc                CovariancePrediction
                0x08010346                INSCovariancePrediction
                0x0801036c                SerialUpdate
                0x080104c4                StateEq
                0x08010798                RungeKutta
                0x080108c0                LinearizeFG
                0x08010d34                MeasurementEq
                0x08010ef2                LinearizeH
                0x080111bc                INSCorrection
                0x0801136c                VelBaroCorrection
                0x08011388                GpsMagCorrection
                0x080113a0                FullCorrection
                0x080113ae                GpsBaroCorrection
                0x080113cc                MagVelBaroCorrection
                0x080113e8                MagCorrection
                0x08011408                INSStatePrediction
 *fill*         0x0801154c        0x4 00
 .text          0x08011550      0x950 Control/imu.o
                0x08011550                run_imu
 .text          0x08011ea0       0x64 Control/loops.o
                0x08011ea0                Run_PID
                0x08011efc                Reset_PID
 .text          0x08011f04       0x64 Control/servos.o
                0x08011f04                Disable_Servos
                0x08011f08                Enable_Servos
                0x08011f0c                Apply_Servos
 .text          0x08011f68       0xc0 lib/STM32F10x_StdPeriph_Driver/libstm32fw.a(misc.o)
                0x08011f68                NVIC_PriorityGroupConfig
                0x08011f7c                NVIC_Init
                0x08011fe0                NVIC_SetVectorTable
                0x08011ff4                NVIC_SystemLPConfig
                0x08012010                SysTick_CLKSourceConfig
 .text          0x08012028       0xe4 lib/STM32F10x_StdPeriph_Driver/libstm32fw.a(stm32f10x_bkp.o)
                0x08012028                BKP_TamperPinLevelConfig
                0x08012034                BKP_TamperPinCmd
                0x08012040                BKP_ITConfig
                0x0801204c                BKP_RTCOutputConfig
                0x08012064                BKP_SetRTCCalibrationValue
                0x0801207c                BKP_WriteBackupRegister
                0x08012098                BKP_ReadBackupRegister
                0x080120b8                BKP_GetFlagStatus
                0x080120c4                BKP_ClearFlag
                0x080120d8                BKP_GetITStatus
                0x080120e4                BKP_ClearITPendingBit
                0x080120f8                BKP_DeInit
 .text          0x0801210c      0x1d4 lib/STM32F10x_StdPeriph_Driver/libstm32fw.a(stm32f10x_dma.o)
                0x0801210c                DMA_DeInit
                0x080121ec                DMA_Init
                0x0801222c                DMA_StructInit
                0x08012246                DMA_Cmd
                0x0801225a                DMA_ITConfig
                0x0801226c                DMA_GetCurrDataCounter
                0x08012272                DMA_GetFlagStatus
                0x08012290                DMA_ClearFlag
                0x080122a8                DMA_GetITStatus
                0x080122c8                DMA_ClearITPendingBit
 .text          0x080122e0      0x104 lib/STM32F10x_StdPeriph_Driver/libstm32fw.a(stm32f10x_exti.o)
                0x080122e0                EXTI_DeInit
                0x080122fc                EXTI_Init
                0x0801237c                EXTI_StructInit
                0x0801238a                EXTI_GenerateSWInterrupt
                0x0801239c                EXTI_GetFlagStatus
                0x080123b0                EXTI_ClearFlag
                0x080123bc                EXTI_GetITStatus
                0x080123d8                EXTI_ClearITPendingBit
 .text          0x080123e4      0x29c lib/STM32F10x_StdPeriph_Driver/libstm32fw.a(stm32f10x_gpio.o)
                0x080123e4                GPIO_Init
                0x0801249c                GPIO_StructInit
                0x080124ac                GPIO_ReadInputDataBit
                0x080124b8                GPIO_ReadInputData
                0x080124be                GPIO_ReadOutputDataBit
                0x080124ca                GPIO_ReadOutputData
                0x080124d0                GPIO_SetBits
                0x080124d4                GPIO_ResetBits
                0x080124d8                GPIO_WriteBit
                0x080124e2                GPIO_Write
                0x080124e6                GPIO_PinLockConfig
                0x080124f6                GPIO_EventOutputConfig
                0x08012514                GPIO_EventOutputCmd
                0x08012520                GPIO_PinRemapConfig
                0x08012580                GPIO_EXTILineConfig
                0x080125b4                GPIO_ETH_MediaInterfaceConfig
                0x080125c0                GPIO_AFIODeInit
                0x080125d6                GPIO_DeInit
 .text          0x08012680      0x3cc lib/STM32F10x_StdPeriph_Driver/libstm32fw.a(stm32f10x_i2c.o)
                0x08012680                I2C_StructInit
                0x0801269c                I2C_Cmd
                0x080126b6                I2C_DMACmd
                0x080126d0                I2C_DMALastTransferCmd
                0x080126ea                I2C_GenerateSTART
                0x08012704                I2C_GenerateSTOP
                0x0801271e                I2C_AcknowledgeConfig
                0x08012738                I2C_OwnAddress2Config
                0x0801274e                I2C_DualAddressCmd
                0x08012768                I2C_GeneralCallCmd
                0x08012782                I2C_ITConfig
                0x08012798                I2C_SendData
                0x0801279c                I2C_ReceiveData
                0x080127a2                I2C_Send7bitAddress
                0x080127b2                I2C_ReadRegister
                0x080127ca                I2C_SoftwareResetCmd
                0x080127e4                I2C_SMBusAlertConfig
                0x08012800                I2C_TransmitPEC
                0x0801281a                I2C_PECPositionConfig
                0x08012836                I2C_CalculatePEC
                0x08012850                I2C_GetPEC
                0x08012858                I2C_ARPCmd
                0x08012872                I2C_StretchClockCmd
                0x0801288c                I2C_FastModeDutyCycleConfig
                0x080128a8                I2C_GetLastEvent
                0x080128b8                I2C_CheckEvent
                0x080128d0                I2C_GetFlagStatus
                0x08012904                I2C_ClearFlag
                0x0801290c                I2C_GetITStatus
                0x08012928                I2C_ClearITPendingBit
                0x08012930                I2C_Init
                0x08012a18                I2C_DeInit
 .text          0x08012a4c       0x58 lib/STM32F10x_StdPeriph_Driver/libstm32fw.a(stm32f10x_iwdg.o)
                0x08012a4c                IWDG_WriteAccessCmd
                0x08012a58                IWDG_SetPrescaler
                0x08012a64                IWDG_SetReload
                0x08012a70                IWDG_ReloadCounter
                0x08012a80                IWDG_Enable
                0x08012a90                IWDG_GetFlagStatus
 .text          0x08012aa4       0xd0 lib/STM32F10x_StdPeriph_Driver/libstm32fw.a(stm32f10x_pwr.o)
                0x08012aa8                PWR_BackupAccessCmd
                0x08012ab4                PWR_PVDCmd
                0x08012ac0                PWR_PVDLevelConfig
                0x08012ad4                PWR_WakeUpPinCmd
                0x08012ae0                PWR_EnterSTOPMode
                0x08012b0c                PWR_EnterSTANDBYMode
                0x08012b34                PWR_GetFlagStatus
                0x08012b48                PWR_ClearFlag
                0x08012b58                PWR_DeInit
 .text          0x08012b74      0x384 lib/STM32F10x_StdPeriph_Driver/libstm32fw.a(stm32f10x_rcc.o)
                0x08012b74                RCC_DeInit
                0x08012bb4                RCC_HSEConfig
                0x08012bec                RCC_AdjustHSICalibrationValue
                0x08012c00                RCC_HSICmd
                0x08012c0c                RCC_PLLConfig
                0x08012c24                RCC_PLLCmd
                0x08012c30                RCC_SYSCLKConfig
                0x08012c44                RCC_GetSYSCLKSource
                0x08012c54                RCC_HCLKConfig
                0x08012c68                RCC_PCLK1Config
                0x08012c7c                RCC_PCLK2Config
                0x08012c90                RCC_ITConfig
                0x08012cac                RCC_USBCLKConfig
                0x08012cb8                RCC_ADCCLKConfig
                0x08012ccc                RCC_LSEConfig
                0x08012cec                RCC_LSICmd
                0x08012cf8                RCC_RTCCLKConfig
                0x08012d08                RCC_RTCCLKCmd
                0x08012d14                RCC_GetClocksFreq
                0x08012dc4                RCC_AHBPeriphClockCmd
                0x08012de0                RCC_APB2PeriphClockCmd
                0x08012dfc                RCC_APB1PeriphClockCmd
                0x08012e18                RCC_APB2PeriphResetCmd
                0x08012e34                RCC_APB1PeriphResetCmd
                0x08012e50                RCC_BackupResetCmd
                0x08012e5c                RCC_ClockSecuritySystemCmd
                0x08012e68                RCC_MCOConfig
                0x08012e74                RCC_GetFlagStatus
                0x08012e9c                RCC_WaitForHSEStartUp
                0x08012ec8                RCC_ClearFlag
                0x08012ed8                RCC_GetITStatus
                0x08012eec                RCC_ClearITPendingBit
 .text          0x08012ef8      0x15c lib/STM32F10x_StdPeriph_Driver/libstm32fw.a(stm32f10x_rtc.o)
                0x08012ef8                RTC_ITConfig
                0x08012f18                RTC_EnterConfigMode
                0x08012f2c                RTC_ExitConfigMode
                0x08012f40                RTC_GetCounter
                0x08012f54                RTC_SetCounter
                0x08012f70                RTC_SetPrescaler
                0x08012f90                RTC_SetAlarm
                0x08012fac                RTC_GetDivider
                0x08012fc4                RTC_WaitForLastTask
                0x08012fd4                RTC_WaitForSynchro
                0x08012ff4                RTC_GetFlagStatus
                0x08013008                RTC_ClearFlag
                0x0801301c                RTC_GetITStatus
                0x08013040                RTC_ClearITPendingBit
 .text          0x08013054      0x2f8 lib/STM32F10x_StdPeriph_Driver/libstm32fw.a(stm32f10x_spi.o)
                0x08013054                SPI_Init
                0x080130ae                SPI_StructInit
                0x080130c8                I2S_StructInit
                0x080130dc                SPI_Cmd
                0x080130f6                I2S_Cmd
                0x08013110                SPI_I2S_ITConfig
                0x0801312e                SPI_I2S_DMACmd
                0x08013144                SPI_I2S_SendData
                0x08013148                SPI_I2S_ReceiveData
                0x0801314e                SPI_NSSInternalSoftwareConfig
                0x08013168                SPI_SSOutputCmd
                0x08013182                SPI_DataSizeConfig
                0x0801319a                SPI_TransmitCRC
                0x080131a6                SPI_CalculateCRC
                0x080131c0                SPI_GetCRC
                0x080131d0                SPI_GetCRCPolynomial
                0x080131d6                SPI_BiDirectionalLineConfig
                0x080131f2                SPI_I2S_GetFlagStatus
                0x080131fe                SPI_I2S_ClearFlag
                0x08013206                SPI_I2S_GetITStatus
                0x08013230                SPI_I2S_ClearITPendingBit
                0x08013240                I2S_Init
                0x080132ea                SPI_I2S_DeInit
 .text          0x0801334c      0xb54 lib/STM32F10x_StdPeriph_Driver/libstm32fw.a(stm32f10x_tim.o)
                0x0801334c                TIM_TimeBaseInit
                0x0801338c                TIM_OC1Init
                0x08013420                TIM_OC2Init
                0x080134bc                TIM_OC3Init
                0x08013554                TIM_OC4Init
                0x080135d0                TIM_BDTRConfig
                0x080135f4                TIM_TimeBaseStructInit
                0x08013606                TIM_OCStructInit
                0x0801361a                TIM_ICStructInit
                0x0801362c                TIM_BDTRStructInit
                0x0801363e                TIM_Cmd
                0x08013658                TIM_CtrlPWMOutputs
                0x08013678                TIM_ITConfig
                0x0801368e                TIM_GenerateEvent
                0x08013692                TIM_DMAConfig
                0x0801369a                TIM_DMACmd
                0x080136b0                TIM_InternalClockConfig
                0x080136be                TIM_ETRConfig
                0x080136dc                TIM_ETRClockMode2Config
                0x080136f0                TIM_ETRClockMode1Config
                0x0801370a                TIM_PrescalerConfig
                0x08013710                TIM_CounterModeConfig
                0x08013722                TIM_SelectInputTrigger
                0x08013734                TIM_ITRxExternalClockConfig
                0x08013748                TIM_EncoderInterfaceConfig
                0x08013790                TIM_ForcedOC1Config
                0x080137a2                TIM_ForcedOC2Config
                0x080137b6                TIM_ForcedOC3Config
                0x080137c8                TIM_ForcedOC4Config
                0x080137dc                TIM_ARRPreloadConfig
                0x080137f6                TIM_SelectCOM
                0x08013810                TIM_SelectCCDMA
                0x0801382a                TIM_CCPreloadControl
                0x08013844                TIM_OC1PreloadConfig
                0x08013856                TIM_OC2PreloadConfig
                0x0801386a                TIM_OC3PreloadConfig
                0x0801387c                TIM_OC4PreloadConfig
                0x08013890                TIM_OC1FastConfig
                0x080138a2                TIM_OC2FastConfig
                0x080138b6                TIM_OC3FastConfig
                0x080138c8                TIM_OC4FastConfig
                0x080138dc                TIM_ClearOC1Ref
                0x080138ee                TIM_ClearOC2Ref
                0x080138fe                TIM_ClearOC3Ref
                0x08013910                TIM_ClearOC4Ref
                0x08013920                TIM_OC1PolarityConfig
                0x08013932                TIM_OC1NPolarityConfig
                0x08013944                TIM_OC2PolarityConfig
                0x08013958                TIM_OC2NPolarityConfig
                0x0801396c                TIM_OC3PolarityConfig
                0x08013980                TIM_OC3NPolarityConfig
                0x08013994                TIM_OC4PolarityConfig
                0x080139a8                TIM_CCxCmd
                0x080139ca                TIM_CCxNCmd
                0x080139ec                TIM_SelectOCxM
                0x08013a3e                TIM_UpdateDisableConfig
                0x08013a58                TIM_UpdateRequestConfig
                0x08013a72                TIM_SelectHallSensor
                0x08013a8c                TIM_SelectOnePulseMode
                0x08013aa4                TIM_SelectOutputTrigger
                0x08013abc                TIM_SelectSlaveMode
                0x08013ad4                TIM_SelectMasterSlaveMode
                0x08013aec                TIM_SetCounter
                0x08013af0                TIM_SetAutoreload
                0x08013af4                TIM_SetCompare1
                0x08013af8                TIM_SetCompare2
                0x08013afc                TIM_SetCompare3
                0x08013b00                TIM_SetCompare4
                0x08013b06                TIM_SetIC1Prescaler
                0x08013b1e                TIM_SetIC2Prescaler
                0x08013b38                TIM_SetIC3Prescaler
                0x08013b50                TIM_SetIC4Prescaler
                0x08013b6a                TIM_SetClockDivision
                0x08013b7c                TIM_GetCapture1
                0x08013b82                TIM_GetCapture2
                0x08013b88                TIM_GetCapture3
                0x08013b8e                TIM_GetCapture4
                0x08013b96                TIM_GetCounter
                0x08013b9c                TIM_GetPrescaler
                0x08013ba2                TIM_GetFlagStatus
                0x08013bae                TIM_ClearFlag
                0x08013bb6                TIM_GetITStatus
                0x08013bcc                TIM_ClearITPendingBit
                0x08013c6c                TIM_TIxExternalClockConfig
                0x08013c9a                TIM_PWMIConfig
                0x08013d06                TIM_ICInit
                0x08013dd6                TIM_DeInit
 .text          0x08013ea0      0x384 lib/STM32F10x_StdPeriph_Driver/libstm32fw.a(stm32f10x_usart.o)
                0x08013ea0                USART_StructInit
                0x08013eb8                USART_ClockInit
                0x08013ee2                USART_ClockStructInit
                0x08013eee                USART_Cmd
                0x08013f08                USART_ITConfig
                0x08013f3e                USART_DMACmd
                0x08013f54                USART_SetAddress
                0x08013f6c                USART_WakeUpConfig
                0x08013f84                USART_ReceiverWakeUpCmd
                0x08013f9e                USART_LINBreakDetectLengthConfig
                0x08013fb6                USART_LINCmd
                0x08013fd0                USART_SendData
                0x08013fd8                USART_ReceiveData
                0x08013fe0                USART_SendBreak
                0x08013fec                USART_SetGuardTime
                0x08013ffe                USART_SetPrescaler
                0x08014012                USART_SmartCardCmd
                0x0801402c                USART_SmartCardNACKCmd
                0x08014046                USART_HalfDuplexCmd
                0x08014060                USART_IrDAConfig
                0x08014078                USART_IrDACmd
                0x08014092                USART_GetFlagStatus
                0x0801409e                USART_ClearFlag
                0x080140a6                USART_GetITStatus
                0x080140ec                USART_ClearITPendingBit
                0x080140fa                USART_Init
                0x0801418c                USART_DeInit
 .text          0x08014224       0x98 /home/laurence/CodeSourcery/Sourcery_G++_Lite/bin/../lib/gcc/arm-none-eabi/4.4.1/../../../../arm-none-eabi/lib/thumb2/libm.a(lib_a-s_cos.o)
                0x08014224                cos
 *fill*         0x080142bc        0x4 00
 .text          0x080142c0      0x128 /home/laurence/CodeSourcery/Sourcery_G++_Lite/bin/../lib/gcc/arm-none-eabi/4.4.1/../../../../arm-none-eabi/lib/thumb2/libm.a(lib_a-s_floor.o)
                0x080142c0                floor
 .text          0x080143e8       0xa0 /home/laurence/CodeSourcery/Sourcery_G++_Lite/bin/../lib/gcc/arm-none-eabi/4.4.1/../../../../arm-none-eabi/lib/thumb2/libm.a(lib_a-s_sin.o)
                0x080143e8                sin
 .text          0x08014488       0xac /home/laurence/CodeSourcery/Sourcery_G++_Lite/bin/../lib/gcc/arm-none-eabi/4.4.1/../../../../arm-none-eabi/lib/thumb2/libm.a(lib_a-w_asin.o)
                0x08014488                asin
 .text          0x08014534        0x4 /home/laurence/CodeSourcery/Sourcery_G++_Lite/bin/../lib/gcc/arm-none-eabi/4.4.1/../../../../arm-none-eabi/lib/thumb2/libm.a(lib_a-w_atan2.o)
                0x08014534                atan2
 .text          0x08014538      0x358 /home/laurence/CodeSourcery/Sourcery_G++_Lite/bin/../lib/gcc/arm-none-eabi/4.4.1/../../../../arm-none-eabi/lib/thumb2/libm.a(lib_a-w_pow.o)
                0x08014538                pow
 .text          0x08014890       0xac /home/laurence/CodeSourcery/Sourcery_G++_Lite/bin/../lib/gcc/arm-none-eabi/4.4.1/../../../../arm-none-eabi/lib/thumb2/libm.a(lib_a-w_sqrt.o)
                0x08014890                sqrt
 .text          0x0801493c       0xa8 /home/laurence/CodeSourcery/Sourcery_G++_Lite/bin/../lib/gcc/arm-none-eabi/4.4.1/../../../../arm-none-eabi/lib/thumb2/libm.a(lib_a-wf_asin.o)
                0x0801493c                asinf
 .text          0x080149e4        0x4 /home/laurence/CodeSourcery/Sourcery_G++_Lite/bin/../lib/gcc/arm-none-eabi/4.4.1/../../../../arm-none-eabi/lib/thumb2/libm.a(lib_a-wf_atan2.o)
                0x080149e4                atan2f
 .text          0x080149e8      0x420 /home/laurence/CodeSourcery/Sourcery_G++_Lite/bin/../lib/gcc/arm-none-eabi/4.4.1/../../../../arm-none-eabi/lib/thumb2/libm.a(lib_a-e_asin.o)
                0x080149e8                __ieee754_asin
 .text          0x08014e08      0x220 /home/laurence/CodeSourcery/Sourcery_G++_Lite/bin/../lib/gcc/arm-none-eabi/4.4.1/../../../../arm-none-eabi/lib/thumb2/libm.a(lib_a-e_atan2.o)
                0x08014e08                __ieee754_atan2
 .text          0x08015028      0xb60 /home/laurence/CodeSourcery/Sourcery_G++_Lite/bin/../lib/gcc/arm-none-eabi/4.4.1/../../../../arm-none-eabi/lib/thumb2/libm.a(lib_a-e_pow.o)
                0x08015028                __ieee754_pow
 .text          0x08015b88      0x418 /home/laurence/CodeSourcery/Sourcery_G++_Lite/bin/../lib/gcc/arm-none-eabi/4.4.1/../../../../arm-none-eabi/lib/thumb2/libm.a(lib_a-e_rem_pio2.o)
                0x08015b88                __ieee754_rem_pio2
 .text          0x08015fa0      0x1dc /home/laurence/CodeSourcery/Sourcery_G++_Lite/bin/../lib/gcc/arm-none-eabi/4.4.1/../../../../arm-none-eabi/lib/thumb2/libm.a(lib_a-e_sqrt.o)
                0x08015fa0                __ieee754_sqrt
 .text          0x0801617c      0x318 /home/laurence/CodeSourcery/Sourcery_G++_Lite/bin/../lib/gcc/arm-none-eabi/4.4.1/../../../../arm-none-eabi/lib/thumb2/libm.a(lib_a-ef_asin.o)
                0x0801617c                __ieee754_asinf
 .text          0x08016494      0x158 /home/laurence/CodeSourcery/Sourcery_G++_Lite/bin/../lib/gcc/arm-none-eabi/4.4.1/../../../../arm-none-eabi/lib/thumb2/libm.a(lib_a-ef_atan2.o)
                0x08016494                __ieee754_atan2f
 .text          0x080165ec       0xb4 /home/laurence/CodeSourcery/Sourcery_G++_Lite/bin/../lib/gcc/arm-none-eabi/4.4.1/../../../../arm-none-eabi/lib/thumb2/libm.a(lib_a-ef_sqrt.o)
                0x080165ec                __ieee754_sqrtf
 .text          0x080166a0      0x250 /home/laurence/CodeSourcery/Sourcery_G++_Lite/bin/../lib/gcc/arm-none-eabi/4.4.1/../../../../arm-none-eabi/lib/thumb2/libm.a(lib_a-k_cos.o)
                0x080166a0                __kernel_cos
 .text          0x080168f0      0x7b4 /home/laurence/CodeSourcery/Sourcery_G++_Lite/bin/../lib/gcc/arm-none-eabi/4.4.1/../../../../arm-none-eabi/lib/thumb2/libm.a(lib_a-k_rem_pio2.o)
                0x080168f0                __kernel_rem_pio2
 *fill*         0x080170a4        0x4 00
 .text          0x080170a8      0x170 /home/laurence/CodeSourcery/Sourcery_G++_Lite/bin/../lib/gcc/arm-none-eabi/4.4.1/../../../../arm-none-eabi/lib/thumb2/libm.a(lib_a-k_sin.o)
                0x080170a8                __kernel_sin
 .text          0x08017218      0x348 /home/laurence/CodeSourcery/Sourcery_G++_Lite/bin/../lib/gcc/arm-none-eabi/4.4.1/../../../../arm-none-eabi/lib/thumb2/libm.a(lib_a-s_atan.o)
                0x08017218                atan
 .text          0x08017560        0x8 /home/laurence/CodeSourcery/Sourcery_G++_Lite/bin/../lib/gcc/arm-none-eabi/4.4.1/../../../../arm-none-eabi/lib/thumb2/libm.a(lib_a-s_fabs.o)
                0x08017560                fabs
 .text          0x08017568       0x10 /home/laurence/CodeSourcery/Sourcery_G++_Lite/bin/../lib/gcc/arm-none-eabi/4.4.1/../../../../arm-none-eabi/lib/thumb2/libm.a(lib_a-s_finite.o)
                0x08017568                finite
 .text          0x08017578       0x1c /home/laurence/CodeSourcery/Sourcery_G++_Lite/bin/../lib/gcc/arm-none-eabi/4.4.1/../../../../arm-none-eabi/lib/thumb2/libm.a(lib_a-s_isnand.o)
                0x08017578                __isnand
 .text          0x08017594        0x4 /home/laurence/CodeSourcery/Sourcery_G++_Lite/bin/../lib/gcc/arm-none-eabi/4.4.1/../../../../arm-none-eabi/lib/thumb2/libm.a(lib_a-s_matherr.o)
                0x08017594                matherr
 .text          0x08017598        0xc /home/laurence/CodeSourcery/Sourcery_G++_Lite/bin/../lib/gcc/arm-none-eabi/4.4.1/../../../../arm-none-eabi/lib/thumb2/libm.a(lib_a-s_nan.o)
                0x08017598                nan
 .text          0x080175a4      0x134 /home/laurence/CodeSourcery/Sourcery_G++_Lite/bin/../lib/gcc/arm-none-eabi/4.4.1/../../../../arm-none-eabi/lib/thumb2/libm.a(lib_a-s_rint.o)
                0x080175a4                rint
 .text          0x080176d8      0x118 /home/laurence/CodeSourcery/Sourcery_G++_Lite/bin/../lib/gcc/arm-none-eabi/4.4.1/../../../../arm-none-eabi/lib/thumb2/libm.a(lib_a-s_scalbn.o)
                0x080176d8                scalbn
 .text          0x080177f0      0x23c /home/laurence/CodeSourcery/Sourcery_G++_Lite/bin/../lib/gcc/arm-none-eabi/4.4.1/../../../../arm-none-eabi/lib/thumb2/libm.a(lib_a-sf_atan.o)
                0x080177f0                atanf
 .text          0x08017a2c        0x8 /home/laurence/CodeSourcery/Sourcery_G++_Lite/bin/../lib/gcc/arm-none-eabi/4.4.1/../../../../arm-none-eabi/lib/thumb2/libm.a(lib_a-sf_fabs.o)
                0x08017a2c                fabsf
 .text          0x08017a34       0x10 /home/laurence/CodeSourcery/Sourcery_G++_Lite/bin/../lib/gcc/arm-none-eabi/4.4.1/../../../../arm-none-eabi/lib/thumb2/libm.a(lib_a-sf_isnan.o)
                0x08017a34                isnanf
 .text          0x08017a44       0x18 /home/laurence/CodeSourcery/Sourcery_G++_Lite/bin/../lib/gcc/arm-none-eabi/4.4.1/../../../../arm-none-eabi/lib/thumb2/libm.a(lib_a-s_copysign.o)
                0x08017a44                copysign
 *fill*         0x08017a5c        0x4 00
 .text          0x08017a60      0x2b0 /home/laurence/CodeSourcery/Sourcery_G++_Lite/bin/../lib/gcc/arm-none-eabi/4.4.1/thumb2/libgcc.a(_divsi3.o)
                0x08017a60                __aeabi_idiv
                0x08017a60                __divsi3
                0x08017cf4                __aeabi_idivmod
 .text          0x08017d10        0x4 /home/laurence/CodeSourcery/Sourcery_G++_Lite/bin/../lib/gcc/arm-none-eabi/4.4.1/thumb2/libgcc.a(_dvmd_tls.o)
                0x08017d10                __aeabi_ldiv0
                0x08017d10                __aeabi_idiv0
 .text          0x08017d14      0x370 /home/laurence/CodeSourcery/Sourcery_G++_Lite/bin/../lib/gcc/arm-none-eabi/4.4.1/thumb2/libgcc.a(_arm_addsubdf3.o)
                0x08017d14                __aeabi_drsub
                0x08017d1c                __aeabi_dsub
                0x08017d1c                __subdf3
                0x08017d20                __adddf3
                0x08017d20                __aeabi_dadd
                0x08017f98                __aeabi_ui2d
                0x08017f98                __floatunsidf
                0x08017fb8                __floatsidf
                0x08017fb8                __aeabi_i2d
                0x08017fdc                __extendsfdf2
                0x08017fdc                __aeabi_f2d
                0x08018018                __aeabi_ul2d
                0x08018018                __floatundidf
                0x08018028                __floatdidf
                0x08018028                __aeabi_l2d
 .text          0x08018084      0x424 /home/laurence/CodeSourcery/Sourcery_G++_Lite/bin/../lib/gcc/arm-none-eabi/4.4.1/thumb2/libgcc.a(_arm_muldivdf3.o)
                0x08018084                __aeabi_dmul
                0x08018084                __muldf3
                0x080182d8                __aeabi_ddiv
                0x080182d8                __divdf3
 .text          0x080184a8      0x110 /home/laurence/CodeSourcery/Sourcery_G++_Lite/bin/../lib/gcc/arm-none-eabi/4.4.1/thumb2/libgcc.a(_arm_cmpdf2.o)
                0x080184a8                __gtdf2
                0x080184a8                __gedf2
                0x080184b0                __ltdf2
                0x080184b0                __ledf2
                0x080184b8                __cmpdf2
                0x080184b8                __eqdf2
                0x080184b8                __nedf2
                0x08018534                __aeabi_cdrcmple
                0x08018544                __aeabi_cdcmple
                0x08018544                __aeabi_cdcmpeq
                0x08018554                __aeabi_dcmpeq
                0x08018568                __aeabi_dcmplt
                0x0801857c                __aeabi_dcmple
                0x08018590                __aeabi_dcmpge
                0x080185a4                __aeabi_dcmpgt
 .text          0x080185b8       0x50 /home/laurence/CodeSourcery/Sourcery_G++_Lite/bin/../lib/gcc/arm-none-eabi/4.4.1/thumb2/libgcc.a(_arm_fixdfsi.o)
                0x080185b8                __fixdfsi
                0x080185b8                __aeabi_d2iz
 .text          0x08018608       0x40 /home/laurence/CodeSourcery/Sourcery_G++_Lite/bin/../lib/gcc/arm-none-eabi/4.4.1/thumb2/libgcc.a(_arm_fixunsdfsi.o)
                0x08018608                __fixunsdfsi
                0x08018608                __aeabi_d2uiz
 .text          0x08018648       0xa0 /home/laurence/CodeSourcery/Sourcery_G++_Lite/bin/../lib/gcc/arm-none-eabi/4.4.1/thumb2/libgcc.a(_arm_truncdfsf2.o)
                0x08018648                __aeabi_d2f
                0x08018648                __truncdfsf2
 .text          0x080186e8      0x21c /home/laurence/CodeSourcery/Sourcery_G++_Lite/bin/../lib/gcc/arm-none-eabi/4.4.1/thumb2/libgcc.a(_arm_addsubsf3.o)
                0x080186e8                __aeabi_frsub
                0x080186f0                __subsf3
                0x080186f0                __aeabi_fsub
                0x080186f4                __aeabi_fadd
                0x080186f4                __addsf3
                0x08018854                __aeabi_ui2f
                0x08018854                __floatunsisf
                0x0801885c                __aeabi_i2f
                0x0801885c                __floatsisf
                0x08018878                __floatundisf
                0x08018878                __aeabi_ul2f
                0x08018888                __floatdisf
                0x08018888                __aeabi_l2f
 .text          0x08018904      0x2a0 /home/laurence/CodeSourcery/Sourcery_G++_Lite/bin/../lib/gcc/arm-none-eabi/4.4.1/thumb2/libgcc.a(_arm_muldivsf3.o)
                0x08018904                __mulsf3
                0x08018904                __aeabi_fmul
                0x08018a6c                __divsf3
                0x08018a6c                __aeabi_fdiv
 .text          0x08018ba4       0xec /home/laurence/CodeSourcery/Sourcery_G++_Lite/bin/../lib/gcc/arm-none-eabi/4.4.1/thumb2/libgcc.a(_arm_cmpsf2.o)
                0x08018ba4                __gtsf2
                0x08018ba4                __gesf2
                0x08018bac                __lesf2
                0x08018bac                __ltsf2
                0x08018bb4                __nesf2
                0x08018bb4                __eqsf2
                0x08018bb4                __cmpsf2
                0x08018c14                __aeabi_cfrcmple
                0x08018c1c                __aeabi_cfcmple
                0x08018c1c                __aeabi_cfcmpeq
                0x08018c2c                __aeabi_fcmpeq
                0x08018c40                __aeabi_fcmplt
                0x08018c54                __aeabi_fcmple
                0x08018c68                __aeabi_fcmpge
                0x08018c7c                __aeabi_fcmpgt
 .text          0x08018c90       0x4c /home/laurence/CodeSourcery/Sourcery_G++_Lite/bin/../lib/gcc/arm-none-eabi/4.4.1/thumb2/libgcc.a(_arm_fixsfsi.o)
                0x08018c90                __fixsfsi
                0x08018c90                __aeabi_f2iz
 .text          0x08018cdc       0x40 /home/laurence/CodeSourcery/Sourcery_G++_Lite/bin/../lib/gcc/arm-none-eabi/4.4.1/thumb2/libgcc.a(_arm_fixunssfsi.o)
                0x08018cdc                __aeabi_f2uiz
                0x08018cdc                __fixunssfsi
 .text          0x08018d1c       0x38 /home/laurence/CodeSourcery/Sourcery_G++_Lite/bin/../lib/gcc/arm-none-eabi/4.4.1/thumb2/libgcc.a(_aeabi_ldivmod.o)
                0x08018d1c                __aeabi_ldivmod
 .text          0x08018d54       0x2c /home/laurence/CodeSourcery/Sourcery_G++_Lite/bin/../lib/gcc/arm-none-eabi/4.4.1/thumb2/libgcc.a(_fixsfdi.o)
                0x08018d54                __aeabi_f2lz
                0x08018d54                __fixsfdi
 .text          0x08018d80       0x48 /home/laurence/CodeSourcery/Sourcery_G++_Lite/bin/../lib/gcc/arm-none-eabi/4.4.1/thumb2/libgcc.a(_fixunssfdi.o)
                0x08018d80                __aeabi_f2ulz
                0x08018d80                __fixunssfdi
 .text          0x08018dc8       0x58 /home/laurence/CodeSourcery/Sourcery_G++_Lite/bin/../lib/gcc/arm-none-eabi/4.4.1/thumb2/libgcc.a(bpabi.o)
                0x08018dc8                __gnu_uldivmod_helper
                0x08018df4                __gnu_ldivmod_helper
 .text          0x08018e20      0x364 /home/laurence/CodeSourcery/Sourcery_G++_Lite/bin/../lib/gcc/arm-none-eabi/4.4.1/thumb2/libgcc.a(_divdi3.o)
                0x08018e20                __divdi3
 .text          0x08019184      0x300 /home/laurence/CodeSourcery/Sourcery_G++_Lite/bin/../lib/gcc/arm-none-eabi/4.4.1/thumb2/libgcc.a(_udivdi3.o)
                0x08019184                __udivdi3
 *fill*         0x08019484        0x4 00
 .text          0x08019488      0x278 /home/laurence/CodeSourcery/Sourcery_G++_Lite/bin/../lib/gcc/arm-none-eabi/4.4.1/thumb2/libgcc.a(_udivsi3.o)
                0x08019488                __udivsi3
                0x08019488                __aeabi_uidiv
                0x080196e4                __aeabi_uidivmod
 .text          0x08019700        0xc /home/laurence/CodeSourcery/Sourcery_G++_Lite/bin/../lib/gcc/arm-none-eabi/4.4.1/../../../../arm-none-eabi/lib/thumb2/libc.a(lib_a-errno.o)
                0x08019700                __errno
 .text          0x0801970c       0x20 /home/laurence/CodeSourcery/Sourcery_G++_Lite/bin/../lib/gcc/arm-none-eabi/4.4.1/../../../../arm-none-eabi/lib/thumb2/libc.a(lib_a-malloc.o)
                0x0801970c                free
                0x0801971c                malloc
 .text          0x0801972c      0x5a4 /home/laurence/CodeSourcery/Sourcery_G++_Lite/bin/../lib/gcc/arm-none-eabi/4.4.1/../../../../arm-none-eabi/lib/thumb2/libc.a(lib_a-mallocr.o)
                0x0801972c                _malloc_r
 .text          0x08019cd0      0x190 /home/laurence/CodeSourcery/Sourcery_G++_Lite/bin/../lib/gcc/arm-none-eabi/4.4.1/../../../../arm-none-eabi/lib/thumb2/libc.a(lib_a-memcpy.o)
                0x08019cd0                memcpy
 .text          0x08019e60       0xd4 /home/laurence/CodeSourcery/Sourcery_G++_Lite/bin/../lib/gcc/arm-none-eabi/4.4.1/../../../../arm-none-eabi/lib/thumb2/libc.a(lib_a-memset.o)
                0x08019e60                memset
 .text          0x08019f34        0x8 /home/laurence/CodeSourcery/Sourcery_G++_Lite/bin/../lib/gcc/arm-none-eabi/4.4.1/../../../../arm-none-eabi/lib/thumb2/libc.a(lib_a-mlock.o)
                0x08019f34                __malloc_lock
                0x08019f38                __malloc_unlock
 *fill*         0x08019f3c        0x4 00
 .text          0x08019f40      0x108 /home/laurence/CodeSourcery/Sourcery_G++_Lite/bin/../lib/gcc/arm-none-eabi/4.4.1/../../../../arm-none-eabi/lib/thumb2/libc.a(lib_a-rand.o)
                0x08019f40                rand
                0x08019fe8                srand
 .text          0x0801a048       0x28 /home/laurence/CodeSourcery/Sourcery_G++_Lite/bin/../lib/gcc/arm-none-eabi/4.4.1/../../../../arm-none-eabi/lib/thumb2/libc.a(lib_a-sbrkr.o)
                0x0801a048                _sbrk_r
 .text          0x0801a070       0xbc /home/laurence/CodeSourcery/Sourcery_G++_Lite/bin/../lib/gcc/arm-none-eabi/4.4.1/../../../../arm-none-eabi/lib/thumb2/libc.a(lib_a-strcpy.o)
                0x0801a070                strcpy
 .text          0x0801a12c      0x268 /home/laurence/CodeSourcery/Sourcery_G++_Lite/bin/../lib/gcc/arm-none-eabi/4.4.1/../../../../arm-none-eabi/lib/thumb2/libc.a(lib_a-freer.o)
                0x0801a12c                _malloc_trim_r
                0x0801a1d4                _free_r
 .text          0x0801a394       0x30 /home/laurence/CodeSourcery/Sourcery_G++_Lite/bin/../lib/gcc/arm-none-eabi/4.4.1/../../../../arm-none-eabi/lib/thumb2/libcs3.a(start_c.o)
                0x0801a394                __cs3_premain
 .text.cs3.init
                0x0801a3c4       0x5c /home/laurence/CodeSourcery/Sourcery_G++_Lite/bin/../lib/gcc/arm-none-eabi/4.4.1/../../../../arm-none-eabi/lib/thumb2/libcs3.a(start_c.o)
                0x0801a3c4                __cs3_start_c
 .text          0x0801a420       0x44 /home/laurence/CodeSourcery/Sourcery_G++_Lite/bin/../lib/gcc/arm-none-eabi/4.4.1/../../../../arm-none-eabi/lib/thumb2/libcs3unhosted.a(unhosted-sbrk.o)
                0x0801a420                _sbrk
 .text.cs3.init
                0x0801a464       0x10 /home/laurence/CodeSourcery/Sourcery_G++_Lite/bin/../lib/gcc/arm-none-eabi/4.4.1/../../../../arm-none-eabi/lib/thumb2/libcs3unhosted.a(unhosted-start.o)
                0x0801a464                _start
 .text          0x0801a474        0x2 lib/libcs3-lanchon-stm32.a(lanchon_stm32_isr_interrupt.o)
                0x0801a474                MemManageException
                0x0801a474                BusFaultException
                0x0801a474                DMAChannel7_IRQHandler
                0x0801a474                DebugMonitor
                0x0801a474                SVCHandler
                0x0801a474                HardFaultException
                0x0801a474                __STM32ReservedException8
                0x0801a474                USB_HP_CAN_TX_IRQHandler
                0x0801a474                __STM32DefaultExceptionHandler
                0x0801a474                DMAChannel1_IRQHandler
                0x0801a474                CAN_SCE_IRQHandler
                0x0801a474                __STM32ReservedException10
                0x0801a474                __STM32ReservedException13
                0x0801a474                NMIException
                0x0801a474                DMAChannel4_IRQHandler
                0x0801a474                SysTickHandler
                0x0801a474                PendSVC
                0x0801a474                CAN_RX1_IRQHandler
                0x0801a474                ADC_IRQHandler
                0x0801a474                DMAChannel5_IRQHandler
                0x0801a474                DMAChannel2_IRQHandler
                0x0801a474                USB_LP_CAN_RX0_IRQHandler
                0x0801a474                __STM32ReservedException7
                0x0801a474                UsageFaultException
                0x0801a474                DMAChannel6_IRQHandler
                0x0801a474                DMAChannel3_IRQHandler
                0x0801a474                __STM32ReservedException9
 *fill*         0x0801a476        0x2 00
 .text          0x0801a478       0x50 /home/laurence/CodeSourcery/Sourcery_G++_Lite/bin/../lib/gcc/arm-none-eabi/4.4.1/../../../../arm-none-eabi/lib/thumb2/libc.a(lib_a-init.o)
                0x0801a478                __libc_init_array
 *(.plt)
 *(.gnu.warning)
 *(.glue_7t)
 .glue_7t       0x00000000        0x0 linker stubs
 *(.glue_7)
 .glue_7        0x00000000        0x0 linker stubs
 *(.vfp11_veneer)
 .vfp11_veneer  0x00000000        0x0 linker stubs
 *(.rodata .rodata.* .gnu.linkonce.r.*)
 .rodata        0x0801a4c8      0x888 Sensors/earth_field.o
 .rodata.str1.1
                0x0801ad50        0x9 Sensors/earth_field.o
 *fill*         0x0801ad59        0x3 00
 .rodata        0x0801ad5c       0x9c Sensors/sensorcal.o
                0x0801ad5c                Acc_Cal_Dat
                0x0801ad90                Mag_Cal_Dat
                0x0801adc4                Gyr_Cal_Dat
 .rodata        0x0801adf8       0xc4 Sensors/ubx.o
 .rodata.str1.1
                0x0801aebc      0x13b Sensors/ubx.o
 .rodata.str1.1
                0x0801aff7        0xf Util/Fatfs/ff.o
 *fill*         0x0801b006        0x2 00
 .rodata        0x0801b008        0xc Util/Fatfs/rtc.o
 *fill*         0x0801b014        0x4 00
 .rodata        0x0801b018      0x1d8 Util/RF22/RF22.o
                0x0801b018                _ZTV4RF22
 .rodata._ZTV12RF22Datagram
                0x0801b1f0       0x10 Util/RF22/RF22Datagram.o
                0x0801b1f0                _ZTV12RF22Datagram
 .rodata        0x0801b200       0x20 Util/RF22/RF22Mesh.o
                0x0801b200                _ZTV8RF22Mesh
 .rodata._ZTV20RF22ReliableDatagram
                0x0801b220       0x10 Util/RF22/RF22ReliableDatagram.o
                0x0801b220                _ZTV20RF22ReliableDatagram
 .rodata        0x0801b230       0x18 Util/RF22/RF22Router.o
                0x0801b230                _ZTV10RF22Router
 .rodata        0x0801b248      0x100 Util/crc.o
 .rodata        0x0801b348       0x14 Util/rprintf.o
 .rodata.str1.1
                0x0801b35c        0x6 Util/rprintf.o
 *fill*         0x0801b362        0x2 00
 .rodata        0x0801b364       0x44 Util/uavtalk.o
                0x0801b364                UAVtalk_objects
                0x0801b384                UAVtalk_lenghts
                0x0801b38c                UAVtalk_stream_objs
                0x0801b394                UAVtalk_stream_types
                0x0801b39c                UAVtalk_stream_timeouts
 .rodata        0x0801b3a8       0x20 i2c_int.o
                0x0801b3a8                Magno_config
                0x0801b3ac                Magno_single
                0x0801b3b0                Bmp_temperature
                0x0801b3b4                Bmp_pressure
                0x0801b3b8                Accel_config
                0x0801b3bc                Gyro_config
                0x0801b3c0                Gyro_clk_config
                0x0801b3c4                Pitot_conv
 .rodata        0x0801b3c8       0x14 lib/CMSIS_CM3/system_stm32f10x.o
                0x0801b3c8                SystemFrequency
                0x0801b3cc                SystemFrequency_SysClk
                0x0801b3d0                SystemFrequency_AHBClk
                0x0801b3d4                SystemFrequency_APB1Clk
                0x0801b3d8                SystemFrequency_APB2Clk
 .rodata.str1.1
                0x0801b3dc      0x374 main.o
 .rodata.str1.4
                0x0801b750        0x5 /home/laurence/CodeSourcery/Sourcery_G++_Lite/bin/../lib/gcc/arm-none-eabi/4.4.1/../../../../arm-none-eabi/lib/thumb2/libm.a(lib_a-w_asin.o)
                                  0xc (size before relaxing)
 *fill*         0x0801b755        0x3 00
 .rodata.str1.4
                0x0801b758        0x4 /home/laurence/CodeSourcery/Sourcery_G++_Lite/bin/../lib/gcc/arm-none-eabi/4.4.1/../../../../arm-none-eabi/lib/thumb2/libm.a(lib_a-w_pow.o)
 .rodata.str1.4
                0x0801b75c        0x5 /home/laurence/CodeSourcery/Sourcery_G++_Lite/bin/../lib/gcc/arm-none-eabi/4.4.1/../../../../arm-none-eabi/lib/thumb2/libm.a(lib_a-w_sqrt.o)
                                  0x8 (size before relaxing)
 *fill*         0x0801b761        0x3 00
 .rodata.str1.4
                0x0801b764        0x6 /home/laurence/CodeSourcery/Sourcery_G++_Lite/bin/../lib/gcc/arm-none-eabi/4.4.1/../../../../arm-none-eabi/lib/thumb2/libm.a(lib_a-wf_asin.o)
                                  0xc (size before relaxing)
 *fill*         0x0801b76a        0x6 00
 .rodata        0x0801b770       0x30 /home/laurence/CodeSourcery/Sourcery_G++_Lite/bin/../lib/gcc/arm-none-eabi/4.4.1/../../../../arm-none-eabi/lib/thumb2/libm.a(lib_a-e_pow.o)
 .rodata.str1.4
                0x00000000        0x4 /home/laurence/CodeSourcery/Sourcery_G++_Lite/bin/../lib/gcc/arm-none-eabi/4.4.1/../../../../arm-none-eabi/lib/thumb2/libm.a(lib_a-e_pow.o)
 .rodata        0x0801b7a0      0x188 /home/laurence/CodeSourcery/Sourcery_G++_Lite/bin/../lib/gcc/arm-none-eabi/4.4.1/../../../../arm-none-eabi/lib/thumb2/libm.a(lib_a-e_rem_pio2.o)
 .rodata        0x0801b928       0x50 /home/laurence/CodeSourcery/Sourcery_G++_Lite/bin/../lib/gcc/arm-none-eabi/4.4.1/../../../../arm-none-eabi/lib/thumb2/libm.a(lib_a-k_rem_pio2.o)
 .rodata        0x0801b978       0x40 /home/laurence/CodeSourcery/Sourcery_G++_Lite/bin/../lib/gcc/arm-none-eabi/4.4.1/../../../../arm-none-eabi/lib/thumb2/libm.a(lib_a-s_atan.o)
 .rodata        0x0801b9b8       0x10 /home/laurence/CodeSourcery/Sourcery_G++_Lite/bin/../lib/gcc/arm-none-eabi/4.4.1/../../../../arm-none-eabi/lib/thumb2/libm.a(lib_a-s_rint.o)
 .rodata        0x0801b9c8       0x20 /home/laurence/CodeSourcery/Sourcery_G++_Lite/bin/../lib/gcc/arm-none-eabi/4.4.1/../../../../arm-none-eabi/lib/thumb2/libm.a(lib_a-sf_atan.o)
 .rodata.str1.4
                0x0801b9e8        0x4 /home/laurence/CodeSourcery/Sourcery_G++_Lite/bin/../lib/gcc/arm-none-eabi/4.4.1/../../../../arm-none-eabi/lib/thumb2/libc.a(lib_a-impure.o)
 *(.ARM.extab* .gnu.linkonce.armextab.*)
 *(.gcc_except_table)
 *(.eh_frame_hdr)
 *(.eh_frame)
                0x0801b9ec                . = ALIGN (0x4)
 *(.init)
 .init          0x0801b9ec        0x4 /home/laurence/CodeSourcery/Sourcery_G++_Lite/bin/../lib/gcc/arm-none-eabi/4.4.1/thumb2/crti.o
                0x0801b9ec                _init
 .init          0x0801b9f0        0x8 /home/laurence/CodeSourcery/Sourcery_G++_Lite/bin/../lib/gcc/arm-none-eabi/4.4.1/thumb2/crtn.o
                0x0801b9f8                . = ALIGN (0x4)
                0x0801b9f8                __preinit_array_start = .
 *(.preinit_array)
                0x0801b9f8                __preinit_array_end = .
                0x0801b9f8                . = ALIGN (0x4)
                0x0801b9f8                __init_array_start = .
 *(SORT(.init_array.*))
 *(.init_array)
 .init_array    0x0801b9f8        0x4 /home/laurence/CodeSourcery/Sourcery_G++_Lite/bin/../lib/gcc/arm-none-eabi/4.4.1/thumb2/crtbegin.o
 .init_array    0x0801b9fc        0x4 Util/RF22/ctocpp.o
                0x0801ba00                __init_array_end = .
                0x0801ba00                . = ALIGN (0x4)
 *crtbegin.o(.ctors)
 *(EXCLUDE_FILE(*crtend.o) .ctors)
 *(SORT(.ctors.*))
 *crtend.o(.ctors)
                0x0801ba00                . = ALIGN (0x4)
 *(.fini)
 .fini          0x0801ba00        0x4 /home/laurence/CodeSourcery/Sourcery_G++_Lite/bin/../lib/gcc/arm-none-eabi/4.4.1/thumb2/crti.o
                0x0801ba00                _fini
 .fini          0x0801ba04        0x8 /home/laurence/CodeSourcery/Sourcery_G++_Lite/bin/../lib/gcc/arm-none-eabi/4.4.1/thumb2/crtn.o
                0x0801ba0c                . = ALIGN (0x4)
                0x0801ba0c                __fini_array_start = .
 *(.fini_array)
 .fini_array    0x0801ba0c        0x4 /home/laurence/CodeSourcery/Sourcery_G++_Lite/bin/../lib/gcc/arm-none-eabi/4.4.1/thumb2/crtbegin.o
 *(SORT(.fini_array.*))
                0x0801ba10                __fini_array_end = .
 *crtbegin.o(.dtors)
 *(EXCLUDE_FILE(*crtend.o) .dtors)
 *(SORT(.dtors.*))
 *crtend.o(.dtors)
                0x0801ba10                . = ALIGN (0x4)
                0x0801ba10                __cs3_regions = .
                0x0801ba10        0x4 LONG 0x0
                0x0801ba14        0x4 LONG 0x801ba30 __cs3_region_init_ram
                0x0801ba18        0x4 LONG 0x20000000 __cs3_region_start_ram
                0x0801ba1c        0x4 LONG 0x680 __cs3_region_init_size_ram
                0x0801ba20        0x4 LONG 0x1b10 __cs3_region_zero_size_ram
                0x0801ba24                __exidx_start = .

.v4_bx          0x0801ba24        0x0
 .v4_bx         0x00000000        0x0 linker stubs

.ARM.exidx      0x0801ba24        0x8
 *(.ARM.exidx* .gnu.linkonce.armexidx.*)
 .ARM.exidx     0x0801ba24        0x8 /home/laurence/CodeSourcery/Sourcery_G++_Lite/bin/../lib/gcc/arm-none-eabi/4.4.1/thumb2/libgcc.a(_divdi3.o)
 .ARM.exidx     0x0801ba2c        0x0 /home/laurence/CodeSourcery/Sourcery_G++_Lite/bin/../lib/gcc/arm-none-eabi/4.4.1/thumb2/libgcc.a(_udivdi3.o)
                                  0x8 (size before relaxing)
                0x0801ba2c                __exidx_end = .

.text.align     0x0801ba2c        0x4
                0x0801ba30                . = ALIGN (0x8)
 *fill*         0x0801ba2c        0x4 00
                0x0801ba30                _etext = .
                0x08020000                __cs3_region_end_rom = (__cs3_region_start_rom + 0x20000)
                0x00020000                __cs3_region_size_rom = 0x20000
                0x00000001                __cs3_region_num = 0x1

.data           0x20000000      0x680 load address 0x0801ba30
                0x20000000                __cs3_region_start_ram = .
 *(.cs3.region-head.ram)
 *(.jcr)
 .jcr           0x20000000        0x0 /home/laurence/CodeSourcery/Sourcery_G++_Lite/bin/../lib/gcc/arm-none-eabi/4.4.1/thumb2/crtbegin.o
 .jcr           0x20000000        0x4 /home/laurence/CodeSourcery/Sourcery_G++_Lite/bin/../lib/gcc/arm-none-eabi/4.4.1/thumb2/crtend.o
 *(.got.plt)
 *(.got)
 *(.shdata)
 *(.data .data.* .gnu.linkonce.d.*)
 .data          0x20000004        0x1 Util/Fatfs/sd_spi_stm32.o
 *fill*         0x20000005        0x3 00
 .data          0x20000008       0x28 Util/uavtalk.o
                0x20000008                UAVtalk_conf
 .data          0x20000030       0x78 i2c_int.o
                0x20000030                I2C_jobs
 .data          0x200000a8        0x4 Control/ekf.o
                0x200000a8                Ge
 .data          0x200000ac       0xb0 Control/imu.o
 .data          0x2000015c       0x14 lib/STM32F10x_StdPeriph_Driver/libstm32fw.a(stm32f10x_rcc.o)
 .data          0x20000170        0x1 /home/laurence/CodeSourcery/Sourcery_G++_Lite/bin/../lib/gcc/arm-none-eabi/4.4.1/../../../../arm-none-eabi/lib/thumb2/libm.a(lib_a-s_lib_ver.o)
                0x20000170                __fdlib_version
 *fill*         0x20000171        0x3 00
 .data          0x20000174       0xf4 /home/laurence/CodeSourcery/Sourcery_G++_Lite/bin/../lib/gcc/arm-none-eabi/4.4.1/../../../../arm-none-eabi/lib/thumb2/libc.a(lib_a-impure.o)
                0x20000174                _impure_ptr
 .data          0x20000268      0x410 /home/laurence/CodeSourcery/Sourcery_G++_Lite/bin/../lib/gcc/arm-none-eabi/4.4.1/../../../../arm-none-eabi/lib/thumb2/libc.a(lib_a-mallocr.o)
                0x20000268                __malloc_av_
                0x20000670                __malloc_sbrk_base
                0x20000674                __malloc_trim_threshold
 .data          0x20000678        0x4 /home/laurence/CodeSourcery/Sourcery_G++_Lite/bin/../lib/gcc/arm-none-eabi/4.4.1/../../../../arm-none-eabi/lib/thumb2/libcs3unhosted.a(unhosted-sbrk.o)
 .data          0x2000067c        0x4 /home/laurence/CodeSourcery/Sourcery_G++_Lite/bin/../lib/gcc/arm-none-eabi/4.4.1/../../../../arm-none-eabi/lib/thumb2/libcs3.a(heap.o)
                0x2000067c                __cs3_heap_limit
 *(.ram)
                0x20000680                . = ALIGN (0x8)
                0x20000680                _edata = .

.bss            0x20000680     0x1b10 load address 0x0801c0b0
 *(.shbss)
 *(.bss .bss.* .gnu.linkonce.b.*)
 .bss           0x20000680        0x1 /home/laurence/CodeSourcery/Sourcery_G++_Lite/bin/../lib/gcc/arm-none-eabi/4.4.1/thumb2/crtbegin.o
 *fill*         0x20000681        0x3 00
 .bss           0x20000684       0x24 Sensors/accel_down.o
                0x200006a0                Accel_Data_Buffer
 .bss           0x200006a8       0x28 Sensors/bmp085.o
                0x200006a8                Sea_Level_Pressure
                0x200006ac                Our_Sensorcal
                0x200006c4                Bmp_temp
                0x200006c8                Bmp_Temp_Buffer
                0x200006cc                Bmp_Press_Buffer
 .bss           0x200006d0        0xc Sensors/earth_field.o
 .bss           0x200006dc        0x4 Sensors/pitot.o
                0x200006dc                Pitot_Pressure
 .bss           0x200006e0        0xa Sensors/ubx.o
 *fill*         0x200006ea        0x2 00
 .bss           0x200006ec        0x8 Util/Fatfs/ff.o
 .bss           0x200006f4       0x10 Util/Fatfs/sd_spi_stm32.o
 .bss           0x20000704        0x8 Util/RF22/RF22.o
                0x20000704                _ZN4RF2217_RF22ForInterruptE
 .bss           0x2000070c       0x3c Util/RF22/RF22Mesh.o
                0x2000070c                _ZN8RF22Mesh11_tmpMessageE
 .bss           0x20000748       0x40 Util/RF22/RF22Router.o
                0x20000748                _ZN10RF22Router11_tmpMessageE
 .bss           0x20000788      0x180 Util/RF22/ctocpp.o
                0x20000788                rf22
 .bss           0x20000908       0x84 Util/rprintf.o
 .bss           0x2000098c       0x44 Util/uavtalk.o
                0x20000998                UAVtalk_semaphores
                0x200009a0                UAVtalk_pointers
                0x200009c0                UAVtalk_stream_timers
 .bss           0x200009d0       0x10 i2c_int.o
                0x200009d0                Jobs
                0x200009d4                I2C1error
                0x200009d6                job
                0x200009dc                Completed_Jobs
 .bss           0x200009e0        0xc interrupts.o
 .bss           0x200009ec      0x9cc main.o
                0x200009ec                Gps_Buffer
                0x20000af4                Millis
                0x20000af8                Gps
                0x20000b2c                Home_Position
                0x20000b7c                Long_To_Meters_Home
                0x20000db0                f_err_code
                0x20000db1                Spi_Locked
                0x20000db4                FATFS_logfile
                0x20000fd8                Kalman_Enabled
                0x20000fdc                Si4432_buff
                0x200010e4                UAVtalk_Attitude_Array
                0x20001100                Nav_Global
                0x20001134                UAVtalk_Altitude_Array
                0x20001140                Waypoint_Global
                0x2000114c                uavtalk_usart_port
                0x200011e0                Usart1tx
                0x200012e8                Nav_Flag
                0x200012e9                New_Waypoint_Flagged
                0x200012ec                uavtalk_si4432_port
                0x20001380                Ground_Flag
                0x20001384                Balt
                0x20001388                GCS_Telem
                0x200013a0                Flight_Telem
 .bss           0x200013b8       0x1c pwm.o
                0x200013b8                TIM_TimeBaseStructure
                0x200013c4                TIM_OCInitStructure
 .bss           0x200013d4      0x104 usart.o
                0x200013d4                Usart1_rx_buff
 .bss           0x200014d8      0xbf8 Control/ekf.o
                0x200014d8                Be
                0x200014e4                P
                0x20001788                X
                0x200017bc                Q
                0x200017e0                R
                0x20001808                F
                0x20001aac                G
                0x20001c80                K
                0x20001e88                H
                0x20002090                Nav
                0x200020c4                zeros
 .bss           0x200020d0       0x84 Control/imu.o
                0x200020d0                Accel_Access_Flag
                0x200020e0                Gyro_Data_Buffer
                0x20002128                Magno_Data_Buffer
                0x2000214c                Accel_Data_Vector
 .bss           0x20002154       0x34 /home/laurence/CodeSourcery/Sourcery_G++_Lite/bin/../lib/gcc/arm-none-eabi/4.4.1/../../../../arm-none-eabi/lib/thumb2/libc.a(lib_a-mallocr.o)
                0x20002154                __malloc_top_pad
                0x20002158                __malloc_current_mallinfo
                0x20002180                __malloc_max_sbrked_mem
                0x20002184                __malloc_max_total_mem
 *(COMMON)
 COMMON         0x20002188        0x4 /home/laurence/CodeSourcery/Sourcery_G++_Lite/bin/../lib/gcc/arm-none-eabi/4.4.1/../../../../arm-none-eabi/lib/thumb2/libc.a(lib_a-reent.o)
                0x20002188                errno
 *(.ram.b)
                0x20002190                . = ALIGN (0x8)
 *fill*         0x2000218c        0x4 00
                0x20002190                _end = .
                0x20002190                __end = .
                0x20005000                __cs3_region_end_ram = (__cs3_region_start_ram + 0x5000)
                0x00005000                __cs3_region_size_ram = 0x5000
                0x0801ba30                __cs3_region_init_ram = LOADADDR (.data)
                0x00000680                __cs3_region_init_size_ram = (_edata - ADDR (.data))
                0x00001b10                __cs3_region_zero_size_ram = (_end - _edata)
                0x00000001                __cs3_region_num = 0x1

.stab
 *(.stab)

.stabstr
 *(.stabstr)

.debug
 *(.debug)

.line
 *(.line)

.debug_srcinfo
 *(.debug_srcinfo)

.debug_sfnames
 *(.debug_sfnames)

.debug_aranges
 *(.debug_aranges)

.debug_pubnames
 *(.debug_pubnames)

.debug_info
 *(.debug_info .gnu.linkonce.wi.*)

.debug_abbrev
 *(.debug_abbrev)

.debug_line
 *(.debug_line)

.comment        0x00000000      0x891
 .comment       0x00000000       0x2b Sensors/accel_down.o
 .comment       0x0000002b       0x2b Sensors/bmp085.o
 .comment       0x00000056       0x2b Sensors/earth_field.o
 .comment       0x00000081       0x2b Sensors/pitot.o
 .comment       0x000000ac       0x2b Sensors/sensorcal.o
 .comment       0x000000d7       0x2b Sensors/ubx.o
 .comment       0x00000102       0x2b Util/Fatfs/fattime.o
 .comment       0x0000012d       0x2b Util/Fatfs/ff.o
 .comment       0x00000158       0x2b Util/Fatfs/rtc.o
 .comment       0x00000183       0x2b Util/Fatfs/sd_spi_stm32.o
 .comment       0x000001ae       0x2b Util/RF22/RF22.o
 .comment       0x000001d9       0x2b Util/RF22/RF22Datagram.o
 .comment       0x00000204       0x2b Util/RF22/RF22Mesh.o
 .comment       0x0000022f       0x2b Util/RF22/RF22ReliableDatagram.o
 .comment       0x0000025a       0x2b Util/RF22/RF22Router.o
 .comment       0x00000285       0x2b Util/RF22/ctocpp.o
 .comment       0x000002b0       0x2b Util/atmospherics.o
 .comment       0x000002db       0x2b Util/coords.o
 .comment       0x00000306       0x2b Util/crc.o
 .comment       0x00000331       0x2b Util/delay.o
 .comment       0x0000035c       0x2b Util/gravity.o
 .comment       0x00000387       0x2b Util/rprintf.o
 .comment       0x000003b2       0x2b Util/time.o
 .comment       0x000003dd       0x2b Util/uavtalk.o
 .comment       0x00000408       0x2b dma.o
 .comment       0x00000433       0x2b gpio.o
 .comment       0x0000045e       0x2b i2c_int.o
 .comment       0x00000489       0x2b interrupts.o
 .comment       0x000004b4       0x2b lib/CMSIS_CM3/core_cm3.o
 .comment       0x000004df       0x2b lib/CMSIS_CM3/system_stm32f10x.o
 .comment       0x0000050a       0x2b main.o
 .comment       0x00000535       0x2b pwm.o
 .comment       0x00000560       0x2b usart.o
 .comment       0x0000058b       0x2b watchdog.o
 .comment       0x000005b6       0x2b Control/ekf.o
 .comment       0x000005e1       0x2b Control/imu.o
 .comment       0x0000060c       0x2b Control/loops.o
 .comment       0x00000637       0x2b Control/servos.o
 .comment       0x00000662       0x2b lib/STM32F10x_StdPeriph_Driver/libstm32fw.a(misc.o)
 .comment       0x0000068d       0x2b lib/STM32F10x_StdPeriph_Driver/libstm32fw.a(stm32f10x_bkp.o)
 .comment       0x000006b8       0x2b lib/STM32F10x_StdPeriph_Driver/libstm32fw.a(stm32f10x_dma.o)
 .comment       0x000006e3       0x2b lib/STM32F10x_StdPeriph_Driver/libstm32fw.a(stm32f10x_exti.o)
 .comment       0x0000070e       0x2b lib/STM32F10x_StdPeriph_Driver/libstm32fw.a(stm32f10x_gpio.o)
 .comment       0x00000739       0x2b lib/STM32F10x_StdPeriph_Driver/libstm32fw.a(stm32f10x_i2c.o)
 .comment       0x00000764       0x2b lib/STM32F10x_StdPeriph_Driver/libstm32fw.a(stm32f10x_iwdg.o)
 .comment       0x0000078f       0x2b lib/STM32F10x_StdPeriph_Driver/libstm32fw.a(stm32f10x_pwr.o)
 .comment       0x000007ba       0x2b lib/STM32F10x_StdPeriph_Driver/libstm32fw.a(stm32f10x_rcc.o)
 .comment       0x000007e5       0x2b lib/STM32F10x_StdPeriph_Driver/libstm32fw.a(stm32f10x_rtc.o)
 .comment       0x00000810       0x2b lib/STM32F10x_StdPeriph_Driver/libstm32fw.a(stm32f10x_spi.o)
 .comment       0x0000083b       0x2b lib/STM32F10x_StdPeriph_Driver/libstm32fw.a(stm32f10x_tim.o)
 .comment       0x00000866       0x2b lib/STM32F10x_StdPeriph_Driver/libstm32fw.a(stm32f10x_usart.o)

.debug_frame    0x00000000      0xa4c
 *(.debug_frame)
 .debug_frame   0x00000000       0x34 /home/laurence/CodeSourcery/Sourcery_G++_Lite/bin/../lib/gcc/arm-none-eabi/4.4.1/../../../../arm-none-eabi/lib/thumb2/libm.a(lib_a-s_cos.o)
 .debug_frame   0x00000034       0x34 /home/laurence/CodeSourcery/Sourcery_G++_Lite/bin/../lib/gcc/arm-none-eabi/4.4.1/../../../../arm-none-eabi/lib/thumb2/libm.a(lib_a-s_floor.o)
 .debug_frame   0x00000068       0x34 /home/laurence/CodeSourcery/Sourcery_G++_Lite/bin/../lib/gcc/arm-none-eabi/4.4.1/../../../../arm-none-eabi/lib/thumb2/libm.a(lib_a-s_sin.o)
 .debug_frame   0x0000009c       0x38 /home/laurence/CodeSourcery/Sourcery_G++_Lite/bin/../lib/gcc/arm-none-eabi/4.4.1/../../../../arm-none-eabi/lib/thumb2/libm.a(lib_a-w_asin.o)
 .debug_frame   0x000000d4       0x20 /home/laurence/CodeSourcery/Sourcery_G++_Lite/bin/../lib/gcc/arm-none-eabi/4.4.1/../../../../arm-none-eabi/lib/thumb2/libm.a(lib_a-w_atan2.o)
 .debug_frame   0x000000f4       0x3c /home/laurence/CodeSourcery/Sourcery_G++_Lite/bin/../lib/gcc/arm-none-eabi/4.4.1/../../../../arm-none-eabi/lib/thumb2/libm.a(lib_a-w_pow.o)
 .debug_frame   0x00000130       0x3c /home/laurence/CodeSourcery/Sourcery_G++_Lite/bin/../lib/gcc/arm-none-eabi/4.4.1/../../../../arm-none-eabi/lib/thumb2/libm.a(lib_a-w_sqrt.o)
 .debug_frame   0x0000016c       0x34 /home/laurence/CodeSourcery/Sourcery_G++_Lite/bin/../lib/gcc/arm-none-eabi/4.4.1/../../../../arm-none-eabi/lib/thumb2/libm.a(lib_a-wf_asin.o)
 .debug_frame   0x000001a0       0x20 /home/laurence/CodeSourcery/Sourcery_G++_Lite/bin/../lib/gcc/arm-none-eabi/4.4.1/../../../../arm-none-eabi/lib/thumb2/libm.a(lib_a-wf_atan2.o)
 .debug_frame   0x000001c0       0x3c /home/laurence/CodeSourcery/Sourcery_G++_Lite/bin/../lib/gcc/arm-none-eabi/4.4.1/../../../../arm-none-eabi/lib/thumb2/libm.a(lib_a-e_asin.o)
 .debug_frame   0x000001fc       0x3c /home/laurence/CodeSourcery/Sourcery_G++_Lite/bin/../lib/gcc/arm-none-eabi/4.4.1/../../../../arm-none-eabi/lib/thumb2/libm.a(lib_a-e_atan2.o)
 .debug_frame   0x00000238       0x3c /home/laurence/CodeSourcery/Sourcery_G++_Lite/bin/../lib/gcc/arm-none-eabi/4.4.1/../../../../arm-none-eabi/lib/thumb2/libm.a(lib_a-e_pow.o)
 .debug_frame   0x00000274       0x3c /home/laurence/CodeSourcery/Sourcery_G++_Lite/bin/../lib/gcc/arm-none-eabi/4.4.1/../../../../arm-none-eabi/lib/thumb2/libm.a(lib_a-e_rem_pio2.o)
 .debug_frame   0x000002b0       0x34 /home/laurence/CodeSourcery/Sourcery_G++_Lite/bin/../lib/gcc/arm-none-eabi/4.4.1/../../../../arm-none-eabi/lib/thumb2/libm.a(lib_a-e_sqrt.o)
 .debug_frame   0x000002e4       0x34 /home/laurence/CodeSourcery/Sourcery_G++_Lite/bin/../lib/gcc/arm-none-eabi/4.4.1/../../../../arm-none-eabi/lib/thumb2/libm.a(lib_a-ef_asin.o)
 .debug_frame   0x00000318       0x2c /home/laurence/CodeSourcery/Sourcery_G++_Lite/bin/../lib/gcc/arm-none-eabi/4.4.1/../../../../arm-none-eabi/lib/thumb2/libm.a(lib_a-ef_atan2.o)
 .debug_frame   0x00000344       0x2c /home/laurence/CodeSourcery/Sourcery_G++_Lite/bin/../lib/gcc/arm-none-eabi/4.4.1/../../../../arm-none-eabi/lib/thumb2/libm.a(lib_a-ef_sqrt.o)
 .debug_frame   0x00000370       0x3c /home/laurence/CodeSourcery/Sourcery_G++_Lite/bin/../lib/gcc/arm-none-eabi/4.4.1/../../../../arm-none-eabi/lib/thumb2/libm.a(lib_a-k_cos.o)
 .debug_frame   0x000003ac       0x3c /home/laurence/CodeSourcery/Sourcery_G++_Lite/bin/../lib/gcc/arm-none-eabi/4.4.1/../../../../arm-none-eabi/lib/thumb2/libm.a(lib_a-k_rem_pio2.o)
 .debug_frame   0x000003e8       0x3c /home/laurence/CodeSourcery/Sourcery_G++_Lite/bin/../lib/gcc/arm-none-eabi/4.4.1/../../../../arm-none-eabi/lib/thumb2/libm.a(lib_a-k_sin.o)
 .debug_frame   0x00000424       0x38 /home/laurence/CodeSourcery/Sourcery_G++_Lite/bin/../lib/gcc/arm-none-eabi/4.4.1/../../../../arm-none-eabi/lib/thumb2/libm.a(lib_a-s_atan.o)
 .debug_frame   0x0000045c       0x20 /home/laurence/CodeSourcery/Sourcery_G++_Lite/bin/../lib/gcc/arm-none-eabi/4.4.1/../../../../arm-none-eabi/lib/thumb2/libm.a(lib_a-s_fabs.o)
 .debug_frame   0x0000047c       0x20 /home/laurence/CodeSourcery/Sourcery_G++_Lite/bin/../lib/gcc/arm-none-eabi/4.4.1/../../../../arm-none-eabi/lib/thumb2/libm.a(lib_a-s_finite.o)
 .debug_frame   0x0000049c       0x20 /home/laurence/CodeSourcery/Sourcery_G++_Lite/bin/../lib/gcc/arm-none-eabi/4.4.1/../../../../arm-none-eabi/lib/thumb2/libm.a(lib_a-s_isnand.o)
 .debug_frame   0x000004bc       0x20 /home/laurence/CodeSourcery/Sourcery_G++_Lite/bin/../lib/gcc/arm-none-eabi/4.4.1/../../../../arm-none-eabi/lib/thumb2/libm.a(lib_a-s_matherr.o)
 .debug_frame   0x000004dc       0x20 /home/laurence/CodeSourcery/Sourcery_G++_Lite/bin/../lib/gcc/arm-none-eabi/4.4.1/../../../../arm-none-eabi/lib/thumb2/libm.a(lib_a-s_nan.o)
 .debug_frame   0x000004fc       0x38 /home/laurence/CodeSourcery/Sourcery_G++_Lite/bin/../lib/gcc/arm-none-eabi/4.4.1/../../../../arm-none-eabi/lib/thumb2/libm.a(lib_a-s_rint.o)
 .debug_frame   0x00000534       0x30 /home/laurence/CodeSourcery/Sourcery_G++_Lite/bin/../lib/gcc/arm-none-eabi/4.4.1/../../../../arm-none-eabi/lib/thumb2/libm.a(lib_a-s_scalbn.o)
 .debug_frame   0x00000564       0x30 /home/laurence/CodeSourcery/Sourcery_G++_Lite/bin/../lib/gcc/arm-none-eabi/4.4.1/../../../../arm-none-eabi/lib/thumb2/libm.a(lib_a-sf_atan.o)
 .debug_frame   0x00000594       0x20 /home/laurence/CodeSourcery/Sourcery_G++_Lite/bin/../lib/gcc/arm-none-eabi/4.4.1/../../../../arm-none-eabi/lib/thumb2/libm.a(lib_a-sf_fabs.o)
 .debug_frame   0x000005b4       0x20 /home/laurence/CodeSourcery/Sourcery_G++_Lite/bin/../lib/gcc/arm-none-eabi/4.4.1/../../../../arm-none-eabi/lib/thumb2/libm.a(lib_a-sf_isnan.o)
 .debug_frame   0x000005d4       0x28 /home/laurence/CodeSourcery/Sourcery_G++_Lite/bin/../lib/gcc/arm-none-eabi/4.4.1/../../../../arm-none-eabi/lib/thumb2/libm.a(lib_a-s_copysign.o)
 .debug_frame   0x000005fc       0x20 /home/laurence/CodeSourcery/Sourcery_G++_Lite/bin/../lib/gcc/arm-none-eabi/4.4.1/thumb2/libgcc.a(_divsi3.o)
 .debug_frame   0x0000061c       0x28 /home/laurence/CodeSourcery/Sourcery_G++_Lite/bin/../lib/gcc/arm-none-eabi/4.4.1/thumb2/libgcc.a(_fixsfdi.o)
 .debug_frame   0x00000644       0x2c /home/laurence/CodeSourcery/Sourcery_G++_Lite/bin/../lib/gcc/arm-none-eabi/4.4.1/thumb2/libgcc.a(_fixunssfdi.o)
 .debug_frame   0x00000670       0x50 /home/laurence/CodeSourcery/Sourcery_G++_Lite/bin/../lib/gcc/arm-none-eabi/4.4.1/thumb2/libgcc.a(bpabi.o)
 .debug_frame   0x000006c0       0x3c /home/laurence/CodeSourcery/Sourcery_G++_Lite/bin/../lib/gcc/arm-none-eabi/4.4.1/thumb2/libgcc.a(_divdi3.o)
 .debug_frame   0x000006fc       0x3c /home/laurence/CodeSourcery/Sourcery_G++_Lite/bin/../lib/gcc/arm-none-eabi/4.4.1/thumb2/libgcc.a(_udivdi3.o)
 .debug_frame   0x00000738       0x20 /home/laurence/CodeSourcery/Sourcery_G++_Lite/bin/../lib/gcc/arm-none-eabi/4.4.1/thumb2/libgcc.a(_udivsi3.o)
 .debug_frame   0x00000758       0x20 /home/laurence/CodeSourcery/Sourcery_G++_Lite/bin/../lib/gcc/arm-none-eabi/4.4.1/../../../../arm-none-eabi/lib/thumb2/libc.a(lib_a-errno.o)
 .debug_frame   0x00000778       0x30 /home/laurence/CodeSourcery/Sourcery_G++_Lite/bin/../lib/gcc/arm-none-eabi/4.4.1/../../../../arm-none-eabi/lib/thumb2/libc.a(lib_a-malloc.o)