Archive member included because of file (symbol)

lib/STM32F10x_StdPeriph_Driver/libstm32fw.a(misc.o)
                              interrupts.o (NVIC_Init)
lib/STM32F10x_StdPeriph_Driver/libstm32fw.a(stm32f10x_bkp.o)
                              Util/Fatfs/rtc.o (BKP_WriteBackupRegister)
lib/STM32F10x_StdPeriph_Driver/libstm32fw.a(stm32f10x_dma.o)
                              dma.o (DMA_DeInit)
lib/STM32F10x_StdPeriph_Driver/libstm32fw.a(stm32f10x_exti.o)
                              interrupts.o (EXTI_Init)
lib/STM32F10x_StdPeriph_Driver/libstm32fw.a(stm32f10x_gpio.o)
                              Util/Fatfs/sd_spi_stm32.o (GPIO_Init)
lib/STM32F10x_StdPeriph_Driver/libstm32fw.a(stm32f10x_i2c.o)
                              i2c.o (I2C_Cmd)
lib/STM32F10x_StdPeriph_Driver/libstm32fw.a(stm32f10x_pwr.o)
                              Util/Fatfs/rtc.o (PWR_BackupAccessCmd)
lib/STM32F10x_StdPeriph_Driver/libstm32fw.a(stm32f10x_rcc.o)
                              Util/Fatfs/rtc.o (RCC_LSEConfig)
lib/STM32F10x_StdPeriph_Driver/libstm32fw.a(stm32f10x_rtc.o)
                              Util/Fatfs/rtc.o (RTC_GetCounter)
lib/STM32F10x_StdPeriph_Driver/libstm32fw.a(stm32f10x_spi.o)
                              Util/Fatfs/sd_spi_stm32.o (SPI_Init)
lib/STM32F10x_StdPeriph_Driver/libstm32fw.a(stm32f10x_usart.o)
                              usart.o (USART_Cmd)
/home/laurence/CodeSourcery/Sourcery_G++_Lite/bin/../lib/gcc/arm-none-eabi/4.4.1/../../../../arm-none-eabi/lib/thumb2/libm.a(lib_a-s_cos.o)
                              Sensors/earth_field.o (cos)
/home/laurence/CodeSourcery/Sourcery_G++_Lite/bin/../lib/gcc/arm-none-eabi/4.4.1/../../../../arm-none-eabi/lib/thumb2/libm.a(lib_a-s_sin.o)
                              Sensors/earth_field.o (sin)
/home/laurence/CodeSourcery/Sourcery_G++_Lite/bin/../lib/gcc/arm-none-eabi/4.4.1/../../../../arm-none-eabi/lib/thumb2/libm.a(lib_a-w_asin.o)
                              Sensors/earth_field.o (asin)
/home/laurence/CodeSourcery/Sourcery_G++_Lite/bin/../lib/gcc/arm-none-eabi/4.4.1/../../../../arm-none-eabi/lib/thumb2/libm.a(lib_a-w_atan2.o)
                              Sensors/earth_field.o (atan2)
/home/laurence/CodeSourcery/Sourcery_G++_Lite/bin/../lib/gcc/arm-none-eabi/4.4.1/../../../../arm-none-eabi/lib/thumb2/libm.a(lib_a-w_pow.o)
                              Sensors/bmp085.o (pow)
/home/laurence/CodeSourcery/Sourcery_G++_Lite/bin/../lib/gcc/arm-none-eabi/4.4.1/../../../../arm-none-eabi/lib/thumb2/libm.a(lib_a-w_sqrt.o)
                              Control/ekf.o (sqrt)
/home/laurence/CodeSourcery/Sourcery_G++_Lite/bin/../lib/gcc/arm-none-eabi/4.4.1/../../../../arm-none-eabi/lib/thumb2/libm.a(lib_a-e_asin.o)
                              /home/laurence/CodeSourcery/Sourcery_G++_Lite/bin/../lib/gcc/arm-none-eabi/4.4.1/../../../../arm-none-eabi/lib/thumb2/libm.a(lib_a-w_asin.o) (__ieee754_asin)
/home/laurence/CodeSourcery/Sourcery_G++_Lite/bin/../lib/gcc/arm-none-eabi/4.4.1/../../../../arm-none-eabi/lib/thumb2/libm.a(lib_a-e_atan2.o)
                              /home/laurence/CodeSourcery/Sourcery_G++_Lite/bin/../lib/gcc/arm-none-eabi/4.4.1/../../../../arm-none-eabi/lib/thumb2/libm.a(lib_a-w_atan2.o) (__ieee754_atan2)
/home/laurence/CodeSourcery/Sourcery_G++_Lite/bin/../lib/gcc/arm-none-eabi/4.4.1/../../../../arm-none-eabi/lib/thumb2/libm.a(lib_a-e_pow.o)
                              /home/laurence/CodeSourcery/Sourcery_G++_Lite/bin/../lib/gcc/arm-none-eabi/4.4.1/../../../../arm-none-eabi/lib/thumb2/libm.a(lib_a-w_pow.o) (__ieee754_pow)
/home/laurence/CodeSourcery/Sourcery_G++_Lite/bin/../lib/gcc/arm-none-eabi/4.4.1/../../../../arm-none-eabi/lib/thumb2/libm.a(lib_a-e_rem_pio2.o)
                              /home/laurence/CodeSourcery/Sourcery_G++_Lite/bin/../lib/gcc/arm-none-eabi/4.4.1/../../../../arm-none-eabi/lib/thumb2/libm.a(lib_a-s_cos.o) (__ieee754_rem_pio2)
/home/laurence/CodeSourcery/Sourcery_G++_Lite/bin/../lib/gcc/arm-none-eabi/4.4.1/../../../../arm-none-eabi/lib/thumb2/libm.a(lib_a-e_sqrt.o)
                              /home/laurence/CodeSourcery/Sourcery_G++_Lite/bin/../lib/gcc/arm-none-eabi/4.4.1/../../../../arm-none-eabi/lib/thumb2/libm.a(lib_a-w_sqrt.o) (__ieee754_sqrt)
/home/laurence/CodeSourcery/Sourcery_G++_Lite/bin/../lib/gcc/arm-none-eabi/4.4.1/../../../../arm-none-eabi/lib/thumb2/libm.a(lib_a-k_cos.o)
                              /home/laurence/CodeSourcery/Sourcery_G++_Lite/bin/../lib/gcc/arm-none-eabi/4.4.1/../../../../arm-none-eabi/lib/thumb2/libm.a(lib_a-s_cos.o) (__kernel_cos)
/home/laurence/CodeSourcery/Sourcery_G++_Lite/bin/../lib/gcc/arm-none-eabi/4.4.1/../../../../arm-none-eabi/lib/thumb2/libm.a(lib_a-k_rem_pio2.o)
                              /home/laurence/CodeSourcery/Sourcery_G++_Lite/bin/../lib/gcc/arm-none-eabi/4.4.1/../../../../arm-none-eabi/lib/thumb2/libm.a(lib_a-e_rem_pio2.o) (__kernel_rem_pio2)
[...]
Memory Configuration

Name             Origin             Length             Attributes
ram              0x20000000         0x00005000         xrw
rom              0x08000000         0x00020000         xr
*default*        0x00000000         0xffffffff

Linker script and memory map

LOAD /home/laurence/CodeSourcery/Sourcery_G++_Lite/bin/../lib/gcc/arm-none-eabi/4.4.1/thumb2/crti.o
LOAD /home/laurence/CodeSourcery/Sourcery_G++_Lite/bin/../lib/gcc/arm-none-eabi/4.4.1/thumb2/crtbegin.o
LOAD Control/ekf.o
LOAD Control/imu.o
LOAD Control/sensorcal.o
LOAD Sensors/bmp085.o
LOAD Sensors/earth_field.o
LOAD Sensors/ubx.o
LOAD Util/Fatfs/fattime.o
LOAD Util/Fatfs/ff.o
LOAD Util/Fatfs/rtc.o
LOAD Util/Fatfs/sd_spi_stm32.o
LOAD Util/delay.o
LOAD Util/rprintf.o
LOAD dma.o
LOAD gpio.o
LOAD i2c.o
LOAD interrupts.o
LOAD lib/CMSIS_CM3/core_cm3.o
LOAD lib/CMSIS_CM3/startup/gcc/startup_stm32f10x_md.o
LOAD lib/CMSIS_CM3/system_stm32f10x.o
LOAD main.o
LOAD usart.o
LOAD lib/STM32F10x_StdPeriph_Driver/libstm32fw.a
LOAD lib/STM32_USB-FS-Device_Driver/libstm32usb.a
LOAD /home/laurence/CodeSourcery/Sourcery_G++_Lite/bin/../lib/gcc/arm-none-eabi/4.4.1/../../../../arm-none-eabi/lib/thumb2/libm.a
START GROUP
LOAD /home/laurence/CodeSourcery/Sourcery_G++_Lite/bin/../lib/gcc/arm-none-eabi/4.4.1/thumb2/libgcc.a
LOAD /home/laurence/CodeSourcery/Sourcery_G++_Lite/bin/../lib/gcc/arm-none-eabi/4.4.1/../../../../arm-none-eabi/lib/thumb2/libc.a
END GROUP
LOAD /home/laurence/CodeSourcery/Sourcery_G++_Lite/bin/../lib/gcc/arm-none-eabi/4.4.1/thumb2/crtend.o
LOAD /home/laurence/CodeSourcery/Sourcery_G++_Lite/bin/../lib/gcc/arm-none-eabi/4.4.1/thumb2/crtn.o
START GROUP
LOAD /home/laurence/CodeSourcery/Sourcery_G++_Lite/bin/../lib/gcc/arm-none-eabi/4.4.1/thumb2/libgcc.a
LOAD /home/laurence/CodeSourcery/Sourcery_G++_Lite/bin/../lib/gcc/arm-none-eabi/4.4.1/../../../../arm-none-eabi/lib/thumb2/libc.a
LOAD /home/laurence/CodeSourcery/Sourcery_G++_Lite/bin/../lib/gcc/arm-none-eabi/4.4.1/../../../../arm-none-eabi/lib/thumb2/libcs3.a
LOAD /home/laurence/CodeSourcery/Sourcery_G++_Lite/bin/../lib/gcc/arm-none-eabi/4.4.1/../../../../arm-none-eabi/lib/thumb2/libcs3unhosted.a
LOAD lib/libcs3-lanchon-stm32.a
END GROUP
                0x20005000                PROVIDE (__cs3_stack, (__cs3_region_start_ram + __cs3_region_size_ram))
                0x200013d0                PROVIDE (__cs3_heap_start, _end)
                0x20005000                PROVIDE (__cs3_heap_end, (__cs3_region_start_ram + __cs3_region_size_ram))

.text           0x08000000    0x15bf8
 CREATE_OBJECT_SYMBOLS
                0x08000000                __cs3_region_start_rom = .
 *(.cs3.region-head.rom)
                0x08000000                __cs3_interrupt_vector = __cs3_interrupt_vector_lanchon_stm32
 *(.cs3.interrupt_vector)
 .cs3.interrupt_vector
                0x08000000       0xec lib/libcs3-lanchon-stm32.a(lanchon-stm32-vector.o)
                0x08000000                __cs3_interrupt_vector_lanchon_stm32
                0x08000001                ASSERT ((. != __cs3_interrupt_vector_lanchon_stm32), No interrupt vector)
 *(.rom)
 *(.rom.b)
                0x08014b9c                PROVIDE (__cs3_reset_lanchon_stm32, _start)
                0x08014b9c                __cs3_reset = __cs3_reset_lanchon_stm32
 *(.cs3.reset)
 *(.text .text.* .gnu.linkonce.t.*)
 .text          0x080000ec       0x30 /home/laurence/CodeSourcery/Sourcery_G++_Lite/bin/../lib/gcc/arm-none-eabi/4.4.1/thumb2/crtbegin.o
 *fill*         0x0800011c        0x4 00
 .text          0x08000120     0x8878 Control/ekf.o
                0x08000120                ins_get_num_states
                0x08000124                INSGPSInit
                0x08000254                INSResetP
                0x08000294                INSSetState
                0x080002f8                INSPosVelReset
                0x08000380                INSSetPosVelVar
                0x0800039c                INSSetGyroBias
                0x080003b8                INSSetAccelVar
                0x080003d4                INSSetGyroVar
                0x080003f0                INSSetMagVar
                0x0800040c                INSSetMagNorth
                0x08000424                CovariancePrediction
                0x0800776e                INSCovariancePrediction
                0x08007794                SerialUpdate
                0x080078ec                StateEq
                0x08007be0                RungeKutta
                0x08007d08                LinearizeFG
                0x0800817c                MeasurementEq
                0x0800833a                LinearizeH
                0x08008604                INSCorrection
                0x080087b4                VelBaroCorrection
                0x080087d0                GpsMagCorrection
                0x080087e8                FullCorrection
                0x080087f6                GpsBaroCorrection
                0x08008814                MagVelBaroCorrection
                0x08008830                MagCorrection
                0x08008850                INSStatePrediction
 .text          0x08008998      0x230 Sensors/bmp085.o
                0x08008998                Bmp085_Convert
                0x08008a50                Baro_Convert_Pressure
                0x08008aa0                Baro_Setup_Temperature
                0x08008ac0                Baro_Setup_Pressure
                0x08008ae0                Baro_Read_Full_ADC
                0x08008b0a                bmp085ReadShort
                0x08008b26                Baro_Read_ADC
                0x08008b2c                Bmp085_ReadConfig
 .text          0x08008bc8     0x1920 Sensors/earth_field.o
                0x08008bc8                WMM_CalculateSecularVariation
                0x08008cd0                WMM_get_secular_var_coeff_g
                0x08008ce8                WMM_get_main_field_coeff_g
                0x08008d84                WMM_get_secular_var_coeff_h
                0x08008d9c                WMM_get_main_field_coeff_h
                0x08008e30                WMM_DateToYear
                0x08008e6c                WMM_RotateMagneticVector
                0x08008f28                WMM_ComputeSphericalHarmonicVariables
                0x08008ffc                WMM_GeodeticToSpherical
                0x08009160                WMM_SecVarSummationSpecial
                0x080092fc                WMM_SecVarSummation
                0x080094fc                WMM_SummationSpecial
                0x0800969c                WMM_Summation
                0x0800989c                WMM_PcupLow
                0x08009be8                WMM_PcupHigh
                0x0800a08e                WMM_AssociatedLegendreFunction
                0x0800a11c                WMM_CalculateGeoMagneticElements
                0x0800a1e0                WMM_Geomag
                0x0800a2d8                WMM_Initialize
                0x0800a350                WMM_GetMagVector
 .text          0x0800a4e8      0x31c Sensors/ubx.o
                0x0800a4e8                Gps_Process_Byte
                0x0800a654                Get_UBX_Ack
                0x0800a700                Config_Gps
 .text          0x0800a804       0x42 Util/Fatfs/fattime.o
                0x0800a804                get_fattime
 *fill*         0x0800a846        0x2 00
 .text          0x0800a848     0x1a54 Util/Fatfs/ff.o
                0x0800a86e                clust2sect
                0x0800a91e                f_mount
                0x0800ad5c                put_fat
                0x0800ae5a                get_fat
                0x0800b0aa                f_truncate
                0x0800b310                f_readdir
                0x0800b35e                f_getfree
                0x0800b43e                f_lseek
                0x0800b590                f_write
                0x0800b742                f_read
                0x0800b96c                f_sync
                0x0800ba22                f_close
                0x0800bc30                f_stat
                0x0800bc72                f_opendir
                0x0800bce0                f_rename
                0x0800be06                f_utime
                0x0800be68                f_chmod
                0x0800bec4                f_unlink
                0x0800bf8c                f_mkdir
                0x0800c13e                f_open
 .text          0x0800c29c      0x2d4 Util/Fatfs/rtc.o
                0x0800c378                rtc_settime
                0x0800c45c                rtc_init
                0x0800c4f6                rtc_gettime
 .text          0x0800c570      0x7cc Util/Fatfs/sd_spi_stm32.o
                0x0800c598                disk_status
                0x0800c5a8                disk_timerproc
                0x0800c828                disk_initialize
                0x0800c9ac                disk_ioctl
                0x0800cbb0                disk_read
                0x0800cc90                disk_write
 .text          0x0800cd3c       0x16 Util/delay.o
                0x0800cd3c                Delay
 *fill*         0x0800cd52        0x2 00
 .text          0x0800cd54      0x594 Util/rprintf.o
                0x0800cd54                rprintfInit
                0x0800cd60                rprintfChar
                0x0800cd80                rprintfStr
                0x0800cd98                rprintfStrLen
                0x0800cdce                rprintfCRLF
                0x0800cdd2                rprintfu04
                0x0800cddc                rprintfu08
                0x0800cdee                rprintfu16
                0x0800ce00                rprintfu32
                0x0800ce12                rprintfNum
                0x0800cec8                rprintfFloat
                0x0800cf98                Isdigit
                0x0800cfa6                atoiRamRom
                0x0800cfcc                rStrLen
                0x0800cfdc                rprintf2RamRom
 .text          0x0800d2e8       0xd8 dma.o
                0x0800d2e8                Pop_From_Buffer
                0x0800d304                Bytes_In_Buffer
                0x0800d330                Get_From_Buffer
                0x0800d364                Flush_Buffer
                0x0800d376                DMA_Configuration
 .text          0x0800d3c0      0x1dc gpio.o
                0x0800d3c0                Get_MEMS_DRDY
                0x0800d3e4                MEMS_Status_Configuration
                0x0800d420                Aux_Devices_Configuration
                0x0800d47c                SPI_Control_Configuration
                0x0800d4e4                GPS_IO_Configuration
                0x0800d530                GPIO_Config_AF_Periferals
                0x0800d584                All_IO_Configuration
 .text          0x0800d59c      0x3fc i2c.o
                0x0800d59c                Flipbytes
                0x0800d5a6                I2C_Read
                0x0800d7cc                Gyr_Stat
                0x0800d7e6                Gyr_Read
                0x0800d80c                Mag_Read
                0x0800d832                I2C_Conf
                0x0800d8d8                Gyr_Init
                0x0800d910                Acc_Init
                0x0800d92c                Mag_Init
                0x0800d948                I2C_Config
 .text          0x0800d998       0x6a interrupts.o
                0x0800d998                NMI_Handler
                0x0800d99a                HardFault_Handler
                0x0800d99c                MemManage_Handler
                0x0800d99e                BusFault_Handler
                0x0800d9a0                UsageFault_Handler
                0x0800d9a2                SVC_Handler
                0x0800d9a4                DebugMon_Handler
                0x0800d9a6                PendSV_Handler
                0x0800d9a8                SysTick_Handler
                0x0800d9aa                EXTI9_5_IRQHandler
                0x0800d9c0                EXTI6_Config
 .text.Default_Handler
                0x0800da02        0x2 lib/CMSIS_CM3/startup/gcc/startup_stm32f10x_md.o
                0x0800da02                EXTI2_IRQHandler
                0x0800da02                TIM1_CC_IRQHandler
                0x0800da02                PVD_IRQHandler
                0x0800da02                EXTI3_IRQHandler
                0x0800da02                EXTI0_IRQHandler
                0x0800da02                I2C2_EV_IRQHandler
                0x0800da02                ADC1_2_IRQHandler
                0x0800da02                SPI1_IRQHandler
                0x0800da02                TAMPER_IRQHandler
                0x0800da02                DMA1_Channel4_IRQHandler
                0x0800da02                USART3_IRQHandler
                0x0800da02                RTC_IRQHandler
                0x0800da02                DMA1_Channel7_IRQHandler
                0x0800da02                CAN1_RX1_IRQHandler
                0x0800da02                TIM4_IRQHandler
                0x0800da02                I2C1_EV_IRQHandler
                0x0800da02                DMA1_Channel6_IRQHandler
                0x0800da02                TIM3_IRQHandler
                0x0800da02                RCC_IRQHandler
                0x0800da02                TIM1_TRG_COM_IRQHandler
                0x0800da02                DMA1_Channel1_IRQHandler
                0x0800da02                Default_Handler
                0x0800da02                EXTI15_10_IRQHandler
                0x0800da02                SPI2_IRQHandler
                0x0800da02                DMA1_Channel5_IRQHandler
                0x0800da02                EXTI4_IRQHandler
                0x0800da02                USB_LP_CAN1_RX0_IRQHandler
                0x0800da02                USB_HP_CAN1_TX_IRQHandler
                0x0800da02                DMA1_Channel3_IRQHandler
                0x0800da02                TIM1_UP_IRQHandler
                0x0800da02                WWDG_IRQHandler
                0x0800da02                TIM2_IRQHandler
                0x0800da02                TIM1_BRK_IRQHandler
                0x0800da02                EXTI1_IRQHandler
                0x0800da02                RTCAlarm_IRQHandler
                0x0800da02                USART2_IRQHandler
                0x0800da02                I2C2_ER_IRQHandler
                0x0800da02                DMA1_Channel2_IRQHandler
                0x0800da02                CAN1_SCE_IRQHandler
                0x0800da02                FLASH_IRQHandler
                0x0800da02                USART1_IRQHandler
                0x0800da02                I2C1_ER_IRQHandler
                0x0800da02                USBWakeUp_IRQHandler
 .text          0x0800da04       0xf8 lib/CMSIS_CM3/system_stm32f10x.o
                0x0800da04                SystemInit
 *fill*         0x0800dafc        0x4 00
 .text          0x0800db00      0x5c8 main.o
                0x0800db00                Initialisation
                0x0800dfd8                main
 .text          0x0800e0c8      0x17c usart.o
                0x0800e0c8                Default_Usart_Config
                0x0800e0da                __gps_send_char
                0x0800e0f8                Gps_Send_Str
                0x0800e110                Gps_Send_Utf8
                0x0800e12a                __usart_send_char
                0x0800e148                Usart_Send_Str
                0x0800e160                USART2_reconf
                0x0800e1a4                Usarts_Init
 .text          0x0800e244       0xe0 lib/STM32F10x_StdPeriph_Driver/libstm32fw.a(misc.o)
                0x0800e244                NVIC_PriorityGroupConfig
                0x0800e258                NVIC_Init
                0x0800e2cc                NVIC_SetVectorTable
                0x0800e2e4                NVIC_SystemLPConfig
                0x0800e308                SysTick_CLKSourceConfig
 .text          0x0800e324       0xf8 lib/STM32F10x_StdPeriph_Driver/libstm32fw.a(stm32f10x_bkp.o)
                0x0800e324                BKP_TamperPinLevelConfig
                0x0800e330                BKP_TamperPinCmd
                0x0800e33c                BKP_ITConfig
                0x0800e348                BKP_RTCOutputConfig
                0x0800e364                BKP_SetRTCCalibrationValue
                0x0800e380                BKP_WriteBackupRegister
                0x0800e3a0                BKP_ReadBackupRegister
                0x0800e3c0                BKP_GetFlagStatus
                0x0800e3d0                BKP_ClearFlag
                0x0800e3e4                BKP_GetITStatus
                0x0800e3f4                BKP_ClearITPendingBit
                0x0800e408                BKP_DeInit
 .text          0x0800e41c      0x290 lib/STM32F10x_StdPeriph_Driver/libstm32fw.a(stm32f10x_dma.o)
                0x0800e41c                DMA_DeInit
                0x0800e598                DMA_Init
                0x0800e5dc                DMA_StructInit
                0x0800e5f8                DMA_Cmd
                0x0800e610                DMA_ITConfig
                0x0800e624                DMA_GetCurrDataCounter
                0x0800e62c                DMA_GetFlagStatus
                0x0800e650                DMA_ClearFlag
                0x0800e66c                DMA_GetITStatus
                0x0800e690                DMA_ClearITPendingBit
 .text          0x0800e6ac      0x110 lib/STM32F10x_StdPeriph_Driver/libstm32fw.a(stm32f10x_exti.o)
                0x0800e6ac                EXTI_DeInit
                0x0800e6cc                EXTI_Init
                0x0800e74c                EXTI_StructInit
                0x0800e75c                EXTI_GenerateSWInterrupt
                0x0800e770                EXTI_GetFlagStatus
                0x0800e784                EXTI_ClearFlag
                0x0800e790                EXTI_GetITStatus
                0x0800e7b0                EXTI_ClearITPendingBit
 .text          0x0800e7bc      0x53c lib/STM32F10x_StdPeriph_Driver/libstm32fw.a(stm32f10x_gpio.o)
                0x0800e7bc                GPIO_Init
                0x0800eab4                GPIO_StructInit
                0x0800eac4                GPIO_ReadInputDataBit
                0x0800ead0                GPIO_ReadInputData
                0x0800ead8                GPIO_ReadOutputDataBit
                0x0800eae4                GPIO_ReadOutputData
                0x0800eaec                GPIO_SetBits
                0x0800eaf0                GPIO_ResetBits
                0x0800eaf4                GPIO_WriteBit
                0x0800eb00                GPIO_Write
                0x0800eb04                GPIO_PinLockConfig
                0x0800eb14                GPIO_EventOutputConfig
                0x0800eb3c                GPIO_EventOutputCmd
                0x0800eb48                GPIO_PinRemapConfig
                0x0800ebb4                GPIO_EXTILineConfig
                0x0800ebec                GPIO_ETH_MediaInterfaceConfig
                0x0800ebf8                GPIO_AFIODeInit
                0x0800ec10                GPIO_DeInit
 .text          0x0800ecf8      0x44c lib/STM32F10x_StdPeriph_Driver/libstm32fw.a(stm32f10x_i2c.o)
                0x0800ecf8                I2C_StructInit
                0x0800ed14                I2C_Cmd
                0x0800ed34                I2C_DMACmd
                0x0800ed54                I2C_DMALastTransferCmd
                0x0800ed74                I2C_GenerateSTART
                0x0800ed94                I2C_GenerateSTOP
                0x0800edb4                I2C_AcknowledgeConfig
                0x0800edd4                I2C_OwnAddress2Config
                0x0800edec                I2C_DualAddressCmd
                0x0800ee0c                I2C_GeneralCallCmd
                0x0800ee2c                I2C_ITConfig
                0x0800ee48                I2C_SendData
                0x0800ee4c                I2C_ReceiveData
                0x0800ee54                I2C_Send7bitAddress
                0x0800ee68                I2C_ReadRegister
                0x0800ee80                I2C_SoftwareResetCmd
                0x0800ee98                I2C_SMBusAlertConfig
                0x0800eeb8                I2C_TransmitPEC
                0x0800eed8                I2C_PECPositionConfig
                0x0800eef8                I2C_CalculatePEC
                0x0800ef18                I2C_GetPEC
                0x0800ef20                I2C_ARPCmd
                0x0800ef40                I2C_StretchClockCmd
                0x0800ef60                I2C_FastModeDutyCycleConfig
                0x0800ef80                I2C_GetLastEvent
                0x0800ef90                I2C_CheckEvent
                0x0800efac                I2C_GetFlagStatus
                0x0800efe4                I2C_ClearFlag
                0x0800efec                I2C_GetITStatus
                0x0800f008                I2C_ClearITPendingBit
                0x0800f010                I2C_Init
                0x0800f104                I2C_DeInit
 .text          0x0800f144       0xe0 lib/STM32F10x_StdPeriph_Driver/libstm32fw.a(stm32f10x_pwr.o)
                0x0800f144                PWR_BackupAccessCmd
                0x0800f150                PWR_PVDCmd
                0x0800f15c                PWR_PVDLevelConfig
                0x0800f174                PWR_WakeUpPinCmd
                0x0800f180                PWR_EnterSTOPMode
                0x0800f1b4                PWR_EnterSTANDBYMode
                0x0800f1e0                PWR_GetFlagStatus
                0x0800f1f4                PWR_ClearFlag
                0x0800f208                PWR_DeInit
 .text          0x0800f224      0x410 lib/STM32F10x_StdPeriph_Driver/libstm32fw.a(stm32f10x_rcc.o)
                0x0800f224                RCC_DeInit
                0x0800f268                RCC_HSEConfig
                0x0800f2a0                RCC_WaitForHSEStartUp
                0x0800f2d8                RCC_AdjustHSICalibrationValue
                0x0800f2f0                RCC_HSICmd
                0x0800f2fc                RCC_PLLConfig
                0x0800f314                RCC_PLLCmd
                0x0800f320                RCC_SYSCLKConfig
                0x0800f338                RCC_GetSYSCLKSource
                0x0800f348                RCC_HCLKConfig
                0x0800f360                RCC_PCLK1Config
                0x0800f378                RCC_PCLK2Config
                0x0800f390                RCC_ITConfig
                0x0800f3b8                RCC_USBCLKConfig
                0x0800f3c4                RCC_ADCCLKConfig
                0x0800f3dc                RCC_LSEConfig
                0x0800f3fc                RCC_LSICmd
                0x0800f408                RCC_RTCCLKConfig
                0x0800f41c                RCC_RTCCLKCmd
                0x0800f428                RCC_GetClocksFreq
                0x0800f4ec                RCC_AHBPeriphClockCmd
                0x0800f510                RCC_APB2PeriphClockCmd
                0x0800f534                RCC_APB1PeriphClockCmd
                0x0800f558                RCC_APB2PeriphResetCmd
                0x0800f57c                RCC_APB1PeriphResetCmd
                0x0800f5a0                RCC_BackupResetCmd
                0x0800f5ac                RCC_ClockSecuritySystemCmd
                0x0800f5b8                RCC_MCOConfig
                0x0800f5c4                RCC_GetFlagStatus
                0x0800f600                RCC_ClearFlag
                0x0800f614                RCC_GetITStatus
                0x0800f628                RCC_ClearITPendingBit
 .text          0x0800f634      0x1b0 lib/STM32F10x_StdPeriph_Driver/libstm32fw.a(stm32f10x_rtc.o)
                0x0800f634                RTC_ITConfig
                0x0800f660                RTC_EnterConfigMode
                0x0800f674                RTC_ExitConfigMode
                0x0800f68c                RTC_GetCounter
                0x0800f6a0                RTC_SetCounter
                0x0800f6cc                RTC_SetPrescaler
                0x0800f6fc                RTC_SetAlarm
                0x0800f728                RTC_GetDivider
                0x0800f740                RTC_WaitForLastTask
                0x0800f754                RTC_WaitForSynchro
                0x0800f778                RTC_GetFlagStatus
                0x0800f78c                RTC_ClearFlag
                0x0800f7a4                RTC_GetITStatus
                0x0800f7cc                RTC_ClearITPendingBit
 .text          0x0800f7e4      0x35c lib/STM32F10x_StdPeriph_Driver/libstm32fw.a(stm32f10x_spi.o)
                0x0800f7e4                SPI_Init
                0x0800f830                SPI_StructInit
                0x0800f84c                I2S_StructInit
                0x0800f860                SPI_Cmd
                0x0800f880                I2S_Cmd
                0x0800f8a0                SPI_I2S_ITConfig
                0x0800f8c8                SPI_I2S_DMACmd
                0x0800f8e4                SPI_I2S_SendData
                0x0800f8e8                SPI_I2S_ReceiveData
                0x0800f8f0                SPI_NSSInternalSoftwareConfig
                0x0800f90c                SPI_SSOutputCmd
                0x0800f92c                SPI_DataSizeConfig
                0x0800f94c                SPI_TransmitCRC
                0x0800f958                SPI_CalculateCRC
                0x0800f978                SPI_GetCRC
                0x0800f988                SPI_GetCRCPolynomial
                0x0800f990                SPI_BiDirectionalLineConfig
                0x0800f9b0                SPI_I2S_GetFlagStatus
                0x0800f9bc                SPI_I2S_ClearFlag
                0x0800f9c4                SPI_I2S_GetITStatus
                0x0800f9f0                SPI_I2S_ClearITPendingBit
                0x0800fa04                I2S_Init
                0x0800fad0                SPI_I2S_DeInit
 .text          0x0800fb40      0x424 lib/STM32F10x_StdPeriph_Driver/libstm32fw.a(stm32f10x_usart.o)
                0x0800fb40                USART_StructInit
                0x0800fb58                USART_ClockInit
                0x0800fb84                USART_ClockStructInit
                0x0800fb90                USART_Cmd
                0x0800fbb0                USART_ITConfig
                0x0800fbe8                USART_DMACmd
                0x0800fc04                USART_SetAddress
                0x0800fc24                USART_WakeUpConfig
                0x0800fc44                USART_ReceiverWakeUpCmd
                0x0800fc64                USART_LINBreakDetectLengthConfig
                0x0800fc84                USART_LINCmd
                0x0800fca4                USART_SendData
                0x0800fcac                USART_ReceiveData
                0x0800fcb4                USART_SendBreak
                0x0800fcc0                USART_SetGuardTime
                0x0800fcd8                USART_SetPrescaler
                0x0800fcf0                USART_SmartCardCmd
                0x0800fd10                USART_SmartCardNACKCmd
                0x0800fd30                USART_HalfDuplexCmd
                0x0800fd50                USART_IrDAConfig
                0x0800fd70                USART_IrDACmd
                0x0800fd90                USART_GetFlagStatus
                0x0800fd9c                USART_ClearFlag
                0x0800fda4                USART_GetITStatus
                0x0800fdf8                USART_ClearITPendingBit
                0x0800fe08                USART_Init
                0x0800feac                USART_DeInit
 .text          0x0800ff64       0x98 /home/laurence/CodeSourcery/Sourcery_G++_Lite/bin/../lib/gcc/arm-none-eabi/4.4.1/../../../../arm-none-eabi/lib/thumb2/libm.a(lib_a-s_cos.o)
                0x0800ff64                cos
 .text          0x0800fffc       0xa0 /home/laurence/CodeSourcery/Sourcery_G++_Lite/bin/../lib/gcc/arm-none-eabi/4.4.1/../../../../arm-none-eabi/lib/thumb2/libm.a(lib_a-s_sin.o)
                0x0800fffc                sin
 .text          0x0801009c       0xac /home/laurence/CodeSourcery/Sourcery_G++_Lite/bin/../lib/gcc/arm-none-eabi/4.4.1/../../../../arm-none-eabi/lib/thumb2/libm.a(lib_a-w_asin.o)
                0x0801009c                asin
 .text          0x08010148        0x4 /home/laurence/CodeSourcery/Sourcery_G++_Lite/bin/../lib/gcc/arm-none-eabi/4.4.1/../../../../arm-none-eabi/lib/thumb2/libm.a(lib_a-w_atan2.o)
                0x08010148                atan2
 .text          0x0801014c      0x358 /home/laurence/CodeSourcery/Sourcery_G++_Lite/bin/../lib/gcc/arm-none-eabi/4.4.1/../../../../arm-none-eabi/lib/thumb2/libm.a(lib_a-w_pow.o)
                0x0801014c                pow
 .text          0x080104a4       0xac /home/laurence/CodeSourcery/Sourcery_G++_Lite/bin/../lib/gcc/arm-none-eabi/4.4.1/../../../../arm-none-eabi/lib/thumb2/libm.a(lib_a-w_sqrt.o)
                0x080104a4                sqrt
 .text          0x08010550      0x420 /home/laurence/CodeSourcery/Sourcery_G++_Lite/bin/../lib/gcc/arm-none-eabi/4.4.1/../../../../arm-none-eabi/lib/thumb2/libm.a(lib_a-e_asin.o)
                0x08010550                __ieee754_asin
 .text          0x08010970      0x220 /home/laurence/CodeSourcery/Sourcery_G++_Lite/bin/../lib/gcc/arm-none-eabi/4.4.1/../../../../arm-none-eabi/lib/thumb2/libm.a(lib_a-e_atan2.o)
                0x08010970                __ieee754_atan2
 .text          0x08010b90      0xb60 /home/laurence/CodeSourcery/Sourcery_G++_Lite/bin/../lib/gcc/arm-none-eabi/4.4.1/../../../../arm-none-eabi/lib/thumb2/libm.a(lib_a-e_pow.o)
                0x08010b90                __ieee754_pow
 .text          0x080116f0      0x418 /home/laurence/CodeSourcery/Sourcery_G++_Lite/bin/../lib/gcc/arm-none-eabi/4.4.1/../../../../arm-none-eabi/lib/thumb2/libm.a(lib_a-e_rem_pio2.o)
                0x080116f0                __ieee754_rem_pio2
 .text          0x08011b08      0x1dc /home/laurence/CodeSourcery/Sourcery_G++_Lite/bin/../lib/gcc/arm-none-eabi/4.4.1/../../../../arm-none-eabi/lib/thumb2/libm.a(lib_a-e_sqrt.o)
                0x08011b08                __ieee754_sqrt
 *fill*         0x08011ce4        0x4 00
 .text          0x08011ce8      0x250 /home/laurence/CodeSourcery/Sourcery_G++_Lite/bin/../lib/gcc/arm-none-eabi/4.4.1/../../../../arm-none-eabi/lib/thumb2/libm.a(lib_a-k_cos.o)
                0x08011ce8                __kernel_cos
 .text          0x08011f38      0x7b4 /home/laurence/CodeSourcery/Sourcery_G++_Lite/bin/../lib/gcc/arm-none-eabi/4.4.1/../../../../arm-none-eabi/lib/thumb2/libm.a(lib_a-k_rem_pio2.o)
                0x08011f38                __kernel_rem_pio2
 *fill*         0x080126ec        0x4 00
 .text          0x080126f0      0x170 /home/laurence/CodeSourcery/Sourcery_G++_Lite/bin/../lib/gcc/arm-none-eabi/4.4.1/../../../../arm-none-eabi/lib/thumb2/libm.a(lib_a-k_sin.o)
                0x080126f0                __kernel_sin
 .text          0x08012860      0x348 /home/laurence/CodeSourcery/Sourcery_G++_Lite/bin/../lib/gcc/arm-none-eabi/4.4.1/../../../../arm-none-eabi/lib/thumb2/libm.a(lib_a-s_atan.o)
                0x08012860                atan
 .text          0x08012ba8        0x8 /home/laurence/CodeSourcery/Sourcery_G++_Lite/bin/../lib/gcc/arm-none-eabi/4.4.1/../../../../arm-none-eabi/lib/thumb2/libm.a(lib_a-s_fabs.o)
                0x08012ba8                fabs
 .text          0x08012bb0       0x10 /home/laurence/CodeSourcery/Sourcery_G++_Lite/bin/../lib/gcc/arm-none-eabi/4.4.1/../../../../arm-none-eabi/lib/thumb2/libm.a(lib_a-s_finite.o)
                0x08012bb0                finite
 .text          0x08012bc0      0x128 /home/laurence/CodeSourcery/Sourcery_G++_Lite/bin/../lib/gcc/arm-none-eabi/4.4.1/../../../../arm-none-eabi/lib/thumb2/libm.a(lib_a-s_floor.o)
                0x08012bc0                floor
 .text          0x08012ce8       0x1c /home/laurence/CodeSourcery/Sourcery_G++_Lite/bin/../lib/gcc/arm-none-eabi/4.4.1/../../../../arm-none-eabi/lib/thumb2/libm.a(lib_a-s_isnand.o)
                0x08012ce8                __isnand
 .text          0x08012d04        0x4 /home/laurence/CodeSourcery/Sourcery_G++_Lite/bin/../lib/gcc/arm-none-eabi/4.4.1/../../../../arm-none-eabi/lib/thumb2/libm.a(lib_a-s_matherr.o)
                0x08012d04                matherr
 .text          0x08012d08        0xc /home/laurence/CodeSourcery/Sourcery_G++_Lite/bin/../lib/gcc/arm-none-eabi/4.4.1/../../../../arm-none-eabi/lib/thumb2/libm.a(lib_a-s_nan.o)
                0x08012d08                nan
 .text          0x08012d14      0x134 /home/laurence/CodeSourcery/Sourcery_G++_Lite/bin/../lib/gcc/arm-none-eabi/4.4.1/../../../../arm-none-eabi/lib/thumb2/libm.a(lib_a-s_rint.o)
                0x08012d14                rint
 .text          0x08012e48      0x118 /home/laurence/CodeSourcery/Sourcery_G++_Lite/bin/../lib/gcc/arm-none-eabi/4.4.1/../../../../arm-none-eabi/lib/thumb2/libm.a(lib_a-s_scalbn.o)
                0x08012e48                scalbn
 .text          0x08012f60       0x18 /home/laurence/CodeSourcery/Sourcery_G++_Lite/bin/../lib/gcc/arm-none-eabi/4.4.1/../../../../arm-none-eabi/lib/thumb2/libm.a(lib_a-s_copysign.o)
                0x08012f60                copysign
 .text          0x08012f78      0x2b0 /home/laurence/CodeSourcery/Sourcery_G++_Lite/bin/../lib/gcc/arm-none-eabi/4.4.1/thumb2/libgcc.a(_divsi3.o)
                0x08012f78                __aeabi_idiv
                0x08012f78                __divsi3
                0x0801320c                __aeabi_idivmod
 .text          0x08013228        0x4 /home/laurence/CodeSourcery/Sourcery_G++_Lite/bin/../lib/gcc/arm-none-eabi/4.4.1/thumb2/libgcc.a(_dvmd_tls.o)
                0x08013228                __aeabi_ldiv0
                0x08013228                __aeabi_idiv0
 .text          0x0801322c      0x370 /home/laurence/CodeSourcery/Sourcery_G++_Lite/bin/../lib/gcc/arm-none-eabi/4.4.1/thumb2/libgcc.a(_arm_addsubdf3.o)
                0x0801322c                __aeabi_drsub
                0x08013234                __aeabi_dsub
                0x08013234                __subdf3
                0x08013238                __adddf3
                0x08013238                __aeabi_dadd
                0x080134b0                __aeabi_ui2d
                0x080134b0                __floatunsidf
                0x080134d0                __floatsidf
                0x080134d0                __aeabi_i2d
                0x080134f4                __extendsfdf2
                0x080134f4                __aeabi_f2d
                0x08013530                __aeabi_ul2d
                0x08013530                __floatundidf
                0x08013540                __floatdidf
                0x08013540                __aeabi_l2d
 .text          0x0801359c      0x424 /home/laurence/CodeSourcery/Sourcery_G++_Lite/bin/../lib/gcc/arm-none-eabi/4.4.1/thumb2/libgcc.a(_arm_muldivdf3.o)
                0x0801359c                __aeabi_dmul
                0x0801359c                __muldf3
                0x080137f0                __aeabi_ddiv
                0x080137f0                __divdf3
 .text          0x080139c0      0x110 /home/laurence/CodeSourcery/Sourcery_G++_Lite/bin/../lib/gcc/arm-none-eabi/4.4.1/thumb2/libgcc.a(_arm_cmpdf2.o)
                0x080139c0                __gtdf2
                0x080139c0                __gedf2
                0x080139c8                __ltdf2
                0x080139c8                __ledf2
                0x080139d0                __cmpdf2
                0x080139d0                __eqdf2
                0x080139d0                __nedf2
                0x08013a4c                __aeabi_cdrcmple
                0x08013a5c                __aeabi_cdcmple
                0x08013a5c                __aeabi_cdcmpeq
                0x08013a6c                __aeabi_dcmpeq
                0x08013a80                __aeabi_dcmplt
                0x08013a94                __aeabi_dcmple
                0x08013aa8                __aeabi_dcmpge
                0x08013abc                __aeabi_dcmpgt
 .text          0x08013ad0       0x50 /home/laurence/CodeSourcery/Sourcery_G++_Lite/bin/../lib/gcc/arm-none-eabi/4.4.1/thumb2/libgcc.a(_arm_fixdfsi.o)
                0x08013ad0                __fixdfsi
                0x08013ad0                __aeabi_d2iz
 .text          0x08013b20       0xa0 /home/laurence/CodeSourcery/Sourcery_G++_Lite/bin/../lib/gcc/arm-none-eabi/4.4.1/thumb2/libgcc.a(_arm_truncdfsf2.o)
                0x08013b20                __aeabi_d2f
                0x08013b20                __truncdfsf2
 .text          0x08013bc0      0x21c /home/laurence/CodeSourcery/Sourcery_G++_Lite/bin/../lib/gcc/arm-none-eabi/4.4.1/thumb2/libgcc.a(_arm_addsubsf3.o)
                0x08013bc0                __aeabi_frsub
                0x08013bc8                __subsf3
                0x08013bc8                __aeabi_fsub
                0x08013bcc                __aeabi_fadd
                0x08013bcc                __addsf3
                0x08013d2c                __aeabi_ui2f
                0x08013d2c                __floatunsisf
                0x08013d34                __aeabi_i2f
                0x08013d34                __floatsisf
                0x08013d50                __floatundisf
                0x08013d50                __aeabi_ul2f
                0x08013d60                __floatdisf
                0x08013d60                __aeabi_l2f
 .text          0x08013ddc      0x2a0 /home/laurence/CodeSourcery/Sourcery_G++_Lite/bin/../lib/gcc/arm-none-eabi/4.4.1/thumb2/libgcc.a(_arm_muldivsf3.o)
                0x08013ddc                __mulsf3
                0x08013ddc                __aeabi_fmul
                0x08013f44                __divsf3
                0x08013f44                __aeabi_fdiv
 .text          0x0801407c       0xec /home/laurence/CodeSourcery/Sourcery_G++_Lite/bin/../lib/gcc/arm-none-eabi/4.4.1/thumb2/libgcc.a(_arm_cmpsf2.o)
                0x0801407c                __gtsf2
                0x0801407c                __gesf2
                0x08014084                __lesf2
                0x08014084                __ltsf2
                0x0801408c                __nesf2
                0x0801408c                __eqsf2
                0x0801408c                __cmpsf2
                0x080140ec                __aeabi_cfrcmple
                0x080140f4                __aeabi_cfcmple
                0x080140f4                __aeabi_cfcmpeq
                0x08014104                __aeabi_fcmpeq
                0x08014118                __aeabi_fcmplt
                0x0801412c                __aeabi_fcmple
                0x08014140                __aeabi_fcmpge
                0x08014154                __aeabi_fcmpgt
 .text          0x08014168       0x40 /home/laurence/CodeSourcery/Sourcery_G++_Lite/bin/../lib/gcc/arm-none-eabi/4.4.1/thumb2/libgcc.a(_arm_fixunssfsi.o)
                0x08014168                __aeabi_f2uiz
                0x08014168                __fixunssfsi
 .text          0x080141a8        0xc /home/laurence/CodeSourcery/Sourcery_G++_Lite/bin/../lib/gcc/arm-none-eabi/4.4.1/../../../../arm-none-eabi/lib/thumb2/libc.a(lib_a-errno.o)
                0x080141a8                __errno
 .text          0x080141b4       0x20 /home/laurence/CodeSourcery/Sourcery_G++_Lite/bin/../lib/gcc/arm-none-eabi/4.4.1/../../../../arm-none-eabi/lib/thumb2/libc.a(lib_a-malloc.o)
                0x080141b4                free
                0x080141c4                malloc
 .text          0x080141d4      0x5a4 /home/laurence/CodeSourcery/Sourcery_G++_Lite/bin/../lib/gcc/arm-none-eabi/4.4.1/../../../../arm-none-eabi/lib/thumb2/libc.a(lib_a-mallocr.o)
                0x080141d4                _malloc_r
 .text          0x08014778        0x8 /home/laurence/CodeSourcery/Sourcery_G++_Lite/bin/../lib/gcc/arm-none-eabi/4.4.1/../../../../arm-none-eabi/lib/thumb2/libc.a(lib_a-mlock.o)
                0x08014778                __malloc_lock
                0x0801477c                __malloc_unlock
 .text          0x08014780       0x28 /home/laurence/CodeSourcery/Sourcery_G++_Lite/bin/../lib/gcc/arm-none-eabi/4.4.1/../../../../arm-none-eabi/lib/thumb2/libc.a(lib_a-sbrkr.o)
                0x08014780                _sbrk_r
 .text          0x080147a8       0xbc /home/laurence/CodeSourcery/Sourcery_G++_Lite/bin/../lib/gcc/arm-none-eabi/4.4.1/../../../../arm-none-eabi/lib/thumb2/libc.a(lib_a-strcpy.o)
                0x080147a8                strcpy
 .text          0x08014864      0x268 /home/laurence/CodeSourcery/Sourcery_G++_Lite/bin/../lib/gcc/arm-none-eabi/4.4.1/../../../../arm-none-eabi/lib/thumb2/libc.a(lib_a-freer.o)
                0x08014864                _malloc_trim_r
                0x0801490c                _free_r
 .text          0x08014acc       0x30 /home/laurence/CodeSourcery/Sourcery_G++_Lite/bin/../lib/gcc/arm-none-eabi/4.4.1/../../../../arm-none-eabi/lib/thumb2/libcs3.a(start_c.o)
                0x08014acc                __cs3_premain
 .text.cs3.init
                0x08014afc       0x5c /home/laurence/CodeSourcery/Sourcery_G++_Lite/bin/../lib/gcc/arm-none-eabi/4.4.1/../../../../arm-none-eabi/lib/thumb2/libcs3.a(start_c.o)
                0x08014afc                __cs3_start_c
 .text          0x08014b58       0x44 /home/laurence/CodeSourcery/Sourcery_G++_Lite/bin/../lib/gcc/arm-none-eabi/4.4.1/../../../../arm-none-eabi/lib/thumb2/libcs3unhosted.a(unhosted-sbrk.o)
                0x08014b58                _sbrk
 .text.cs3.init
                0x08014b9c       0x10 /home/laurence/CodeSourcery/Sourcery_G++_Lite/bin/../lib/gcc/arm-none-eabi/4.4.1/../../../../arm-none-eabi/lib/thumb2/libcs3unhosted.a(unhosted-start.o)
                0x08014b9c                _start
 .text          0x08014bac        0x2 lib/libcs3-lanchon-stm32.a(lanchon_stm32_isr_interrupt.o)
                0x08014bac                MemManageException
                0x08014bac                BusFaultException
                0x08014bac                DMAChannel7_IRQHandler
                0x08014bac                DebugMonitor
                0x08014bac                SVCHandler
                0x08014bac                HardFaultException
                0x08014bac                __STM32ReservedException8
                0x08014bac                USB_HP_CAN_TX_IRQHandler
                0x08014bac                __STM32DefaultExceptionHandler
                0x08014bac                DMAChannel1_IRQHandler
                0x08014bac                CAN_SCE_IRQHandler
                0x08014bac                __STM32ReservedException10
                0x08014bac                __STM32ReservedException13
                0x08014bac                NMIException
                0x08014bac                DMAChannel4_IRQHandler
                0x08014bac                SysTickHandler
                0x08014bac                PendSVC
                0x08014bac                CAN_RX1_IRQHandler
                0x08014bac                ADC_IRQHandler
                0x08014bac                DMAChannel5_IRQHandler
                0x08014bac                DMAChannel2_IRQHandler
                0x08014bac                USB_LP_CAN_RX0_IRQHandler
                0x08014bac                __STM32ReservedException7
                0x08014bac                UsageFaultException
                0x08014bac                DMAChannel6_IRQHandler
                0x08014bac                DMAChannel3_IRQHandler
                0x08014bac                __STM32ReservedException9
 *fill*         0x08014bae        0x2 00
 .text          0x08014bb0       0x50 /home/laurence/CodeSourcery/Sourcery_G++_Lite/bin/../lib/gcc/arm-none-eabi/4.4.1/../../../../arm-none-eabi/lib/thumb2/libc.a(lib_a-init.o)
                0x08014bb0                __libc_init_array
 *(.plt)
 *(.gnu.warning)
 *(.glue_7t)
 .glue_7t       0x00000000        0x0 linker stubs
 *(.glue_7)
 .glue_7        0x00000000        0x0 linker stubs
 *(.vfp11_veneer)
 .vfp11_veneer  0x00000000        0x0 linker stubs
 *(.rodata .rodata.* .gnu.linkonce.r.*)
 .rodata        0x08014c00        0x8 Sensors/bmp085.o
 .rodata        0x08014c08      0x888 Sensors/earth_field.o
 .rodata.str1.1
                0x08015490        0x9 Sensors/earth_field.o
 *fill*         0x08015499        0x3 00
 .rodata        0x0801549c       0xc4 Sensors/ubx.o
 .rodata.str1.1
                0x08015560      0x13b Sensors/ubx.o
 .rodata.str1.1
                0x0801569b        0xf Util/Fatfs/ff.o
 *fill*         0x080156aa        0x2 00
 .rodata        0x080156ac        0xc Util/Fatfs/rtc.o
 .rodata        0x080156b8       0x14 Util/rprintf.o
 .rodata.str1.1
                0x080156cc        0x6 Util/rprintf.o
 *fill*         0x080156d2        0x2 00
 .rodata        0x080156d4       0x1c i2c.o
 .rodata.str1.1
                0x080156f0      0x25e main.o
                                0x269 (size before relaxing)
 *fill*         0x0801594e        0x2 00
 .rodata.str1.4
                0x08015950        0x5 /home/laurence/CodeSourcery/Sourcery_G++_Lite/bin/../lib/gcc/arm-none-eabi/4.4.1/../../../../arm-none-eabi/lib/thumb2/libm.a(lib_a-w_asin.o)
                                  0xc (size before relaxing)
 *fill*         0x08015955        0x3 00
 .rodata.str1.4
                0x08015958        0x4 /home/laurence/CodeSourcery/Sourcery_G++_Lite/bin/../lib/gcc/arm-none-eabi/4.4.1/../../../../arm-none-eabi/lib/thumb2/libm.a(lib_a-w_pow.o)
 .rodata.str1.4
                0x0801595c        0x5 /home/laurence/CodeSourcery/Sourcery_G++_Lite/bin/../lib/gcc/arm-none-eabi/4.4.1/../../../../arm-none-eabi/lib/thumb2/libm.a(lib_a-w_sqrt.o)
                                  0x8 (size before relaxing)
 *fill*         0x08015961        0x7 00
 .rodata        0x08015968       0x30 /home/laurence/CodeSourcery/Sourcery_G++_Lite/bin/../lib/gcc/arm-none-eabi/4.4.1/../../../../arm-none-eabi/lib/thumb2/libm.a(lib_a-e_pow.o)
 .rodata.str1.4
                0x00000000        0x4 /home/laurence/CodeSourcery/Sourcery_G++_Lite/bin/../lib/gcc/arm-none-eabi/4.4.1/../../../../arm-none-eabi/lib/thumb2/libm.a(lib_a-e_pow.o)
 .rodata        0x08015998      0x188 /home/laurence/CodeSourcery/Sourcery_G++_Lite/bin/../lib/gcc/arm-none-eabi/4.4.1/../../../../arm-none-eabi/lib/thumb2/libm.a(lib_a-e_rem_pio2.o)
 .rodata        0x08015b20       0x50 /home/laurence/CodeSourcery/Sourcery_G++_Lite/bin/../lib/gcc/arm-none-eabi/4.4.1/../../../../arm-none-eabi/lib/thumb2/libm.a(lib_a-k_rem_pio2.o)
 .rodata        0x08015b70       0x40 /home/laurence/CodeSourcery/Sourcery_G++_Lite/bin/../lib/gcc/arm-none-eabi/4.4.1/../../../../arm-none-eabi/lib/thumb2/libm.a(lib_a-s_atan.o)
 .rodata        0x08015bb0       0x10 /home/laurence/CodeSourcery/Sourcery_G++_Lite/bin/../lib/gcc/arm-none-eabi/4.4.1/../../../../arm-none-eabi/lib/thumb2/libm.a(lib_a-s_rint.o)
 .rodata.str1.4
                0x08015bc0        0x4 /home/laurence/CodeSourcery/Sourcery_G++_Lite/bin/../lib/gcc/arm-none-eabi/4.4.1/../../../../arm-none-eabi/lib/thumb2/libc.a(lib_a-impure.o)
 *(.ARM.extab* .gnu.linkonce.armextab.*)
 *(.gcc_except_table)
 *(.eh_frame_hdr)
 *(.eh_frame)
                0x08015bc4                . = ALIGN (0x4)
 *(.init)
 .init          0x08015bc4        0x4 /home/laurence/CodeSourcery/Sourcery_G++_Lite/bin/../lib/gcc/arm-none-eabi/4.4.1/thumb2/crti.o
                0x08015bc4                _init
 .init          0x08015bc8        0x8 /home/laurence/CodeSourcery/Sourcery_G++_Lite/bin/../lib/gcc/arm-none-eabi/4.4.1/thumb2/crtn.o
                0x08015bd0                . = ALIGN (0x4)
                0x08015bd0                __preinit_array_start = .
 *(.preinit_array)
                0x08015bd0                __preinit_array_end = .
                0x08015bd0                . = ALIGN (0x4)
                0x08015bd0                __init_array_start = .
 *(SORT(.init_array.*))
 *(.init_array)
 .init_array    0x08015bd0        0x4 /home/laurence/CodeSourcery/Sourcery_G++_Lite/bin/../lib/gcc/arm-none-eabi/4.4.1/thumb2/crtbegin.o
                0x08015bd4                __init_array_end = .
                0x08015bd4                . = ALIGN (0x4)
 *crtbegin.o(.ctors)
 *(EXCLUDE_FILE(*crtend.o) .ctors)
 *(SORT(.ctors.*))
 *crtend.o(.ctors)
                0x08015bd4                . = ALIGN (0x4)
 *(.fini)
 .fini          0x08015bd4        0x4 /home/laurence/CodeSourcery/Sourcery_G++_Lite/bin/../lib/gcc/arm-none-eabi/4.4.1/thumb2/crti.o
                0x08015bd4                _fini
 .fini          0x08015bd8        0x8 /home/laurence/CodeSourcery/Sourcery_G++_Lite/bin/../lib/gcc/arm-none-eabi/4.4.1/thumb2/crtn.o
                0x08015be0                . = ALIGN (0x4)
                0x08015be0                __fini_array_start = .
 *(.fini_array)
 .fini_array    0x08015be0        0x4 /home/laurence/CodeSourcery/Sourcery_G++_Lite/bin/../lib/gcc/arm-none-eabi/4.4.1/thumb2/crtbegin.o
 *(SORT(.fini_array.*))
                0x08015be4                __fini_array_end = .
 *crtbegin.o(.dtors)
 *(EXCLUDE_FILE(*crtend.o) .dtors)
 *(SORT(.dtors.*))
 *crtend.o(.dtors)
                0x08015be4                . = ALIGN (0x4)
                0x08015be4                __cs3_regions = .
                0x08015be4        0x4 LONG 0x0
                0x08015be8        0x4 LONG 0x8015bf8 __cs3_region_init_ram
                0x08015bec        0x4 LONG 0x20000000 __cs3_region_start_ram
                0x08015bf0        0x4 LONG 0x530 __cs3_region_init_size_ram
                0x08015bf4        0x4 LONG 0xea0 __cs3_region_zero_size_ram
                0x08015bf8                __exidx_start = .

.v4_bx          0x08015bf8        0x0
 .v4_bx         0x00000000        0x0 linker stubs

.ARM.exidx
 *(.ARM.exidx* .gnu.linkonce.armexidx.*)
                0x08015bf8                __exidx_end = .

.text.align     0x08015bf8        0x0
                0x08015bf8                . = ALIGN (0x8)
                0x08015bf8                _etext = .
                0x08020000                __cs3_region_end_rom = (__cs3_region_start_rom + 0x20000)
                0x00020000                __cs3_region_size_rom = 0x20000
                0x00000001                __cs3_region_num = 0x1

.data           0x20000000      0x530 load address 0x08015bf8
                0x20000000                __cs3_region_start_ram = .
 *(.cs3.region-head.ram)
 *(.jcr)
 .jcr           0x20000000        0x0 /home/laurence/CodeSourcery/Sourcery_G++_Lite/bin/../lib/gcc/arm-none-eabi/4.4.1/thumb2/crtbegin.o
 .jcr           0x20000000        0x4 /home/laurence/CodeSourcery/Sourcery_G++_Lite/bin/../lib/gcc/arm-none-eabi/4.4.1/thumb2/crtend.o
 *(.got.plt)
 *(.got)
 *(.shdata)
 *(.data .data.* .gnu.linkonce.d.*)
 .data          0x20000004        0x1 Util/Fatfs/sd_spi_stm32.o
 *fill*         0x20000005        0x3 00
 .data          0x20000008       0x14 lib/STM32F10x_StdPeriph_Driver/libstm32fw.a(stm32f10x_rcc.o)
 .data          0x2000001c        0x1 /home/laurence/CodeSourcery/Sourcery_G++_Lite/bin/../lib/gcc/arm-none-eabi/4.4.1/../../../../arm-none-eabi/lib/thumb2/libm.a(lib_a-s_lib_ver.o)
                0x2000001c                __fdlib_version
 *fill*         0x2000001d        0x3 00
 .data          0x20000020       0xf4 /home/laurence/CodeSourcery/Sourcery_G++_Lite/bin/../lib/gcc/arm-none-eabi/4.4.1/../../../../arm-none-eabi/lib/thumb2/libc.a(lib_a-impure.o)
                0x20000020                _impure_ptr
 .data          0x20000114      0x410 /home/laurence/CodeSourcery/Sourcery_G++_Lite/bin/../lib/gcc/arm-none-eabi/4.4.1/../../../../arm-none-eabi/lib/thumb2/libc.a(lib_a-mallocr.o)
                0x20000114                __malloc_av_
                0x2000051c                __malloc_sbrk_base
                0x20000520                __malloc_trim_threshold
 .data          0x20000524        0x4 /home/laurence/CodeSourcery/Sourcery_G++_Lite/bin/../lib/gcc/arm-none-eabi/4.4.1/../../../../arm-none-eabi/lib/thumb2/libcs3unhosted.a(unhosted-sbrk.o)
 .data          0x20000528        0x4 /home/laurence/CodeSourcery/Sourcery_G++_Lite/bin/../lib/gcc/arm-none-eabi/4.4.1/../../../../arm-none-eabi/lib/thumb2/libcs3.a(heap.o)
                0x20000528                __cs3_heap_limit
 *(.ram)
                0x20000530                . = ALIGN (0x8)
 *fill*         0x2000052c        0x4 00
                0x20000530                _edata = .

.bss            0x20000530      0xea0 load address 0x08016128
 *(.shbss)
 *(.bss .bss.* .gnu.linkonce.b.*)
 .bss           0x20000530        0x1 /home/laurence/CodeSourcery/Sourcery_G++_Lite/bin/../lib/gcc/arm-none-eabi/4.4.1/thumb2/crtbegin.o
 *fill*         0x20000531        0x3 00
 .bss           0x20000534      0xc04 Control/ekf.o
                0x20000534                Be
                0x20000540                P
                0x200007e4                X
                0x20000818                Q
                0x2000083c                R
                0x20000864                F
                0x20000b08                G
                0x20000cdc                K
                0x20000ee4                H
                0x200010ec                Nav
                0x2000112c                zeros
 .bss           0x20001138       0x20 Sensors/bmp085.o
                0x20001138                Sea_Level_Pressure
                0x2000113c                Our_Sensorcal
                0x20001154                Bmp_temp
 .bss           0x20001158        0xc Sensors/earth_field.o
 .bss           0x20001164        0xa Sensors/ubx.o
 *fill*         0x2000116e        0x2 00
 .bss           0x20001170        0x8 Util/Fatfs/ff.o
 .bss           0x20001178       0x10 Util/Fatfs/sd_spi_stm32.o
 .bss           0x20001188       0x84 Util/rprintf.o
 .bss           0x2000120c      0x18c main.o
                0x2000120c                Gps_Buffer
                0x20001310                Gps
                0x20001334                Home_Position
                0x20001340                Long_To_Meters_Home
                0x20001344                Waypoint_Global
                0x20001350                Nav_Global
                0x20001390                Nav_Flag
                0x20001394                New_Waypoint_Flagged
 .bss           0x20001398       0x34 /home/laurence/CodeSourcery/Sourcery_G++_Lite/bin/../lib/gcc/arm-none-eabi/4.4.1/../../../../arm-none-eabi/lib/thumb2/libc.a(lib_a-mallocr.o)
                0x20001398                __malloc_top_pad
                0x2000139c                __malloc_current_mallinfo
                0x200013c4                __malloc_max_sbrked_mem
                0x200013c8                __malloc_max_total_mem
 *(COMMON)
 COMMON         0x200013cc        0x4 /home/laurence/CodeSourcery/Sourcery_G++_Lite/bin/../lib/gcc/arm-none-eabi/4.4.1/../../../../arm-none-eabi/lib/thumb2/libc.a(lib_a-reent.o)
                0x200013cc                errno
 *(.ram.b)
                0x200013d0                . = ALIGN (0x8)
                0x200013d0                _end = .
                0x200013d0                __end = .
                0x20005000                __cs3_region_end_ram = (__cs3_region_start_ram + 0x5000)
                0x00005000                __cs3_region_size_ram = 0x5000
                0x08015bf8                __cs3_region_init_ram = LOADADDR (.data)
                0x00000530                __cs3_region_init_size_ram = (_edata - ADDR (.data))
                0x00000ea0                __cs3_region_zero_size_ram = (_end - _edata)
                0x00000001                __cs3_region_num = 0x1

.stab
 *(.stab)

.stabstr
 *(.stabstr)

.debug
 *(.debug)

.line
 *(.line)

.debug_srcinfo
 *(.debug_srcinfo)

.debug_sfnames
 *(.debug_sfnames)

.debug_aranges
 *(.debug_aranges)

.debug_pubnames
 *(.debug_pubnames)

.debug_info
 *(.debug_info .gnu.linkonce.wi.*)

.debug_abbrev
 *(.debug_abbrev)

.debug_line
 *(.debug_line)

.comment        0x00000000      0x535
 .comment       0x00000000       0x2b Control/ekf.o
 .comment       0x0000002b       0x2b Control/imu.o
 .comment       0x00000056       0x2b Control/sensorcal.o
 .comment       0x00000081       0x2b Sensors/bmp085.o
 .comment       0x000000ac       0x2b Sensors/earth_field.o
 .comment       0x000000d7       0x2b Sensors/ubx.o
 .comment       0x00000102       0x2b Util/Fatfs/fattime.o
 .comment       0x0000012d       0x2b Util/Fatfs/ff.o
 .comment       0x00000158       0x2b Util/Fatfs/rtc.o
 .comment       0x00000183       0x2b Util/Fatfs/sd_spi_stm32.o
 .comment       0x000001ae       0x2b Util/delay.o
 .comment       0x000001d9       0x2b Util/rprintf.o
 .comment       0x00000204       0x2b dma.o
 .comment       0x0000022f       0x2b gpio.o
 .comment       0x0000025a       0x2b i2c.o
 .comment       0x00000285       0x2b interrupts.o
 .comment       0x000002b0       0x2b lib/CMSIS_CM3/core_cm3.o
 .comment       0x000002db       0x2b lib/CMSIS_CM3/system_stm32f10x.o
 .comment       0x00000306       0x2b main.o
 .comment       0x00000331       0x2b usart.o
 .comment       0x0000035c       0x2b lib/STM32F10x_StdPeriph_Driver/libstm32fw.a(misc.o)
 .comment       0x00000387       0x2b lib/STM32F10x_StdPeriph_Driver/libstm32fw.a(stm32f10x_bkp.o)
 .comment       0x000003b2       0x2b lib/STM32F10x_StdPeriph_Driver/libstm32fw.a(stm32f10x_dma.o)
 .comment       0x000003dd       0x2b lib/STM32F10x_StdPeriph_Driver/libstm32fw.a(stm32f10x_exti.o)
 .comment       0x00000408       0x2b lib/STM32F10x_StdPeriph_Driver/libstm32fw.a(stm32f10x_gpio.o)
 .comment       0x00000433       0x2b lib/STM32F10x_StdPeriph_Driver/libstm32fw.a(stm32f10x_i2c.o)
 .comment       0x0000045e       0x2b lib/STM32F10x_StdPeriph_Driver/libstm32fw.a(stm32f10x_pwr.o)
 .comment       0x00000489       0x2b lib/STM32F10x_StdPeriph_Driver/libstm32fw.a(stm32f10x_rcc.o)
 .comment       0x000004b4       0x2b lib/STM32F10x_StdPeriph_Driver/libstm32fw.a(stm32f10x_rtc.o)
 .comment       0x000004df       0x2b lib/STM32F10x_StdPeriph_Driver/libstm32fw.a(stm32f10x_spi.o)
 .comment       0x0000050a       0x2b lib/STM32F10x_StdPeriph_Driver/libstm32fw.a(stm32f10x_usart.o)

.debug_frame    0x00000000      0x71c
 *(.debug_frame)
 .debug_frame   0x00000000       0x34 /home/laurence/CodeSourcery/Sourcery_G++_Lite/bin/../lib/gcc/arm-none-eabi/4.4.1/../../../../arm-none-eabi/lib/thumb2/libm.a(lib_a-s_cos.o)
 .debug_frame   0x00000034       0x34 /home/laurence/CodeSourcery/Sourcery_G++_Lite/bin/../lib/gcc/arm-none-eabi/4.4.1/../../../../arm-none-eabi/lib/thumb2/libm.a(lib_a-s_sin.o)
 .debug_frame   0x00000068       0x38 /home/laurence/CodeSourcery/Sourcery_G++_Lite/bin/../lib/gcc/arm-none-eabi/4.4.1/../../../../arm-none-eabi/lib/thumb2/libm.a(lib_a-w_asin.o)
 .debug_frame   0x000000a0       0x20 /home/laurence/CodeSourcery/Sourcery_G++_Lite/bin/../lib/gcc/arm-none-eabi/4.4.1/../../../../arm-none-eabi/lib/thumb2/libm.a(lib_a-w_atan2.o)
 .debug_frame   0x000000c0       0x3c /home/laurence/CodeSourcery/Sourcery_G++_Lite/bin/../lib/gcc/arm-none-eabi/4.4.1/../../../../arm-none-eabi/lib/thumb2/libm.a(lib_a-w_pow.o)
 .debug_frame   0x000000fc       0x3c /home/laurence/CodeSourcery/Sourcery_G++_Lite/bin/../lib/gcc/arm-none-eabi/4.4.1/../../../../arm-none-eabi/lib/thumb2/libm.a(lib_a-w_sqrt.o)
 .debug_frame   0x00000138       0x3c /home/laurence/CodeSourcery/Sourcery_G++_Lite/bin/../lib/gcc/arm-none-eabi/4.4.1/../../../../arm-none-eabi/lib/thumb2/libm.a(lib_a-e_asin.o)
 .debug_frame   0x00000174       0x3c /home/laurence/CodeSourcery/Sourcery_G++_Lite/bin/../lib/gcc/arm-none-eabi/4.4.1/../../../../arm-none-eabi/lib/thumb2/libm.a(lib_a-e_atan2.o)
 .debug_frame   0x000001b0       0x3c /home/laurence/CodeSourcery/Sourcery_G++_Lite/bin/../lib/gcc/arm-none-eabi/4.4.1/../../../../arm-none-eabi/lib/thumb2/libm.a(lib_a-e_pow.o)
 .debug_frame   0x000001ec       0x3c /home/laurence/CodeSourcery/Sourcery_G++_Lite/bin/../lib/gcc/arm-none-eabi/4.4.1/../../../../arm-none-eabi/lib/thumb2/libm.a(lib_a-e_rem_pio2.o)
 .debug_frame   0x00000228       0x34 /home/laurence/CodeSourcery/Sourcery_G++_Lite/bin/../lib/gcc/arm-none-eabi/4.4.1/../../../../arm-none-eabi/lib/thumb2/libm.a(lib_a-e_sqrt.o)
 .debug_frame   0x0000025c       0x3c /home/laurence/CodeSourcery/Sourcery_G++_Lite/bin/../lib/gcc/arm-none-eabi/4.4.1/../../../../arm-none-eabi/lib/thumb2/libm.a(lib_a-k_cos.o)
 .debug_frame   0x00000298       0x3c /home/laurence/CodeSourcery/Sourcery_G++_Lite/bin/../lib/gcc/arm-none-eabi/4.4.1/../../../../arm-none-eabi/lib/thumb2/libm.a(lib_a-k_rem_pio2.o)
 .debug_frame   0x000002d4       0x3c /home/laurence/CodeSourcery/Sourcery_G++_Lite/bin/../lib/gcc/arm-none-eabi/4.4.1/../../../../arm-none-eabi/lib/thumb2/libm.a(lib_a-k_sin.o)
 .debug_frame   0x00000310       0x38 /home/laurence/CodeSourcery/Sourcery_G++_Lite/bin/../lib/gcc/arm-none-eabi/4.4.1/../../../../arm-none-eabi/lib/thumb2/libm.a(lib_a-s_atan.o)
 .debug_frame   0x00000348       0x20 /home/laurence/CodeSourcery/Sourcery_G++_Lite/bin/../lib/gcc/arm-none-eabi/4.4.1/../../../../arm-none-eabi/lib/thumb2/libm.a(lib_a-s_fabs.o)
 .debug_frame   0x00000368       0x20 /home/laurence/CodeSourcery/Sourcery_G++_Lite/bin/../lib/gcc/arm-none-eabi/4.4.1/../../../../arm-none-eabi/lib/thumb2/libm.a(lib_a-s_finite.o)
 .debug_frame   0x00000388       0x34 /home/laurence/CodeSourcery/Sourcery_G++_Lite/bin/../lib/gcc/arm-none-eabi/4.4.1/../../../../arm-none-eabi/lib/thumb2/libm.a(lib_a-s_floor.o)
 .debug_frame   0x000003bc       0x20 /home/laurence/CodeSourcery/Sourcery_G++_Lite/bin/../lib/gcc/arm-none-eabi/4.4.1/../../../../arm-none-eabi/lib/thumb2/libm.a(lib_a-s_isnand.o)
 .debug_frame   0x000003dc       0x20 /home/laurence/CodeSourcery/Sourcery_G++_Lite/bin/../lib/gcc/arm-none-eabi/4.4.1/../../../../arm-none-eabi/lib/thumb2/libm.a(lib_a-s_matherr.o)
 .debug_frame   0x000003fc       0x20 /home/laurence/CodeSourcery/Sourcery_G++_Lite/bin/../lib/gcc/arm-none-eabi/4.4.1/../../../../arm-none-eabi/lib/thumb2/libm.a(lib_a-s_nan.o)
 .debug_frame   0x0000041c       0x38 /home/laurence/CodeSourcery/Sourcery_G++_Lite/bin/../lib/gcc/arm-none-eabi/4.4.1/../../../../arm-none-eabi/lib/thumb2/libm.a(lib_a-s_rint.o)
 .debug_frame   0x00000454       0x30 /home/laurence/CodeSourcery/Sourcery_G++_Lite/bin/../lib/gcc/arm-none-eabi/4.4.1/../../../../arm-none-eabi/lib/thumb2/libm.a(lib_a-s_scalbn.o)
 .debug_frame   0x00000484       0x28 /home/laurence/CodeSourcery/Sourcery_G++_Lite/bin/../lib/gcc/arm-none-eabi/4.4.1/../../../../arm-none-eabi/lib/thumb2/libm.a(lib_a-s_copysign.o)
 .debug_frame   0x000004ac       0x20 /home/laurence/CodeSourcery/Sourcery_G++_Lite/bin/../lib/gcc/arm-none-eabi/4.4.1/thumb2/libgcc.a(_divsi3.o)
 .debug_frame   0x000004cc       0x20 /home/laurence/CodeSourcery/Sourcery_G++_Lite/bin/../lib/gcc/arm-none-eabi/4.4.1/../../../../arm-none-eabi/lib/thumb2/libc.a(lib_a-errno.o)
 .debug_frame   0x000004ec       0x30 /home/laurence/CodeSourcery/Sourcery_G++_Lite/bin/../lib/gcc/arm-none-eabi/4.4.1/../../../../arm-none-eabi/lib/thumb2/libc.a(lib_a-malloc.o)
 .debug_frame   0x0000051c       0x3c /home/laurence/CodeSourcery/Sourcery_G++_Lite/bin/../lib/gcc/arm-none-eabi/4.4.1/../../../../arm-none-eabi/lib/thumb2/libc.a(lib_a-mallocr.o)
 .debug_frame   0x00000558       0x30 /home/laurence/CodeSourcery/Sourcery_G++_Lite/bin/../lib/gcc/arm-none-eabi/4.4.1/../../../../arm-none-eabi/lib/thumb2/libc.a(lib_a-mlock.o)
 .debug_frame   0x00000588       0x2c /home/laurence/CodeSourcery/Sourcery_G++_Lite/bin/../lib/gcc/arm-none-eabi/4.4.1/../../../../arm-none-eabi/lib/thumb2/libc.a(lib_a-sbrkr.o)
 .debug_frame   0x000005b4       0x20 /home/laurence/CodeSourcery/Sourcery_G++_Lite/bin/../lib/gcc/arm-none-eabi/4.4.1/../../../../arm-none-eabi/lib/thumb2/libc.a(lib_a-strcpy.o)
 .debug_frame   0x000005d4       0x50 /home/laurence/CodeSourcery/Sourcery_G++_Lite/bin/../lib/gcc/arm-none-eabi/4.4.1/../../../../arm-none-eabi/lib/thumb2/libc.a(lib_a-freer.o)
 .debug_frame   0x00000624       0x64 /home/laurence/CodeSourcery/Sourcery_G++_Lite/bin/../lib/gcc/arm-none-eabi/4.4.1/../../../../arm-none-eabi/lib/thumb2/libc.a(lib_a-reent.o)
 .debug_frame   0x00000688       0x40 /home/laurence/CodeSourcery/Sourcery_G++_Lite/bin/../lib/gcc/arm-none-eabi/4.4.1/../../../../arm-none-eabi/lib/thumb2/libcs3.a(start_c.o)
 .debug_frame   0x000006c8       0x28 /home/laurence/CodeSourcery/Sourcery_G++_Lite/bin/../lib/gcc/arm-none-eabi/4.4.1/../../../../arm-none-eabi/lib/thumb2/libcs3unhosted.a(unhosted-sbrk.o)
 .debug_frame   0x000006f0       0x2c /home/laurence/CodeSourcery/Sourcery_G++_Lite/bin/../lib/gcc/arm-none-eabi/4.4.1/../../../../arm-none-eabi/lib/thumb2/libc.a(lib_a-init.o)

.debug_str
 *(.debug_str)

.debug_loc
 *(.debug_loc)

.debug_macinfo
 *(.debug_macinfo)

.debug_weaknames
 *(.debug_weaknames)

.debug_funcnames
 *(.debug_funcnames)

.debug_typenames
 *(.debug_typenames)

.debug_varnames
 *(.debug_varnames)

.note.gnu.arm.ident
 *(.note.gnu.arm.ident)

.ARM.attributes
                0x00000000       0x25
 *(.ARM.attributes)
 .ARM.attributes
                0x00000000       0x19 /home/laurence/CodeSourcery/Sourcery_G++_Lite/bin/../lib/gcc/arm-none-eabi/4.4.1/thumb2/crti.o
 .ARM.attributes
                0x00000019       0x29 /home/laurence/CodeSourcery/Sourcery_G++_Lite/bin/../lib/gcc/arm-none-eabi/4.4.1/thumb2/crtbegin.o
 .ARM.attributes
                0x00000042       0x31 Control/ekf.o
 .ARM.attributes
                0x00000073       0x31 Control/imu.o
 .ARM.attributes
                0x000000a4       0x31 Control/sensorcal.o
 .ARM.attributes
                0x000000d5       0x31 Sensors/bmp085.o
 .ARM.attributes
                0x00000106       0x31 Sensors/earth_field.o
 .ARM.attributes
                0x00000137       0x31 Sensors/ubx.o
 .ARM.attributes
                0x00000168       0x31 Util/Fatfs/fattime.o
 .ARM.attributes
                0x00000199       0x31 Util/Fatfs/ff.o
 .ARM.attributes
                0x000001ca       0x31 Util/Fatfs/rtc.o
 .ARM.attributes
                0x000001fb       0x31 Util/Fatfs/sd_spi_stm32.o
 .ARM.attributes
                0x0000022c       0x31 Util/delay.o
 .ARM.attributes
                0x0000025d       0x31 Util/rprintf.o
 .ARM.attributes
                0x0000028e       0x31 dma.o
 .ARM.attributes
                0x000002bf       0x31 gpio.o
 .ARM.attributes
                0x000002f0       0x31 i2c.o
 .ARM.attributes
                0x00000321       0x31 interrupts.o
 .ARM.attributes
                0x00000352       0x31 lib/CMSIS_CM3/core_cm3.o
 .ARM.attributes
                0x00000383       0x21 lib/CMSIS_CM3/startup/gcc/startup_stm32f10x_md.o
 .ARM.attributes
                0x000003a4       0x31 lib/CMSIS_CM3/system_stm32f10x.o
 .ARM.attributes
                0x000003d5       0x31 main.o
 .ARM.attributes
                0x00000406       0x31 usart.o
 .ARM.attributes
                0x00000437       0x31 lib/STM32F10x_StdPeriph_Driver/libstm32fw.a(misc.o)
 .ARM.attributes
                0x00000468       0x31 lib/STM32F10x_StdPeriph_Driver/libstm32fw.a(stm32f10x_bkp.o)
 .ARM.attributes
                0x00000499       0x31 lib/STM32F10x_StdPeriph_Driver/libstm32fw.a(stm32f10x_dma.o)
 .ARM.attributes
                0x000004ca       0x31 lib/STM32F10x_StdPeriph_Driver/libstm32fw.a(stm32f10x_exti.o)
 .ARM.attributes
                0x000004fb       0x31 lib/STM32F10x_StdPeriph_Driver/libstm32fw.a(stm32f10x_gpio.o)
 .ARM.attributes
                0x0000052c       0x31 lib/STM32F10x_StdPeriph_Driver/libstm32fw.a(stm32f10x_i2c.o)
 .ARM.attributes
                0x0000055d       0x31 lib/STM32F10x_StdPeriph_Driver/libstm32fw.a(stm32f10x_pwr.o)
 .ARM.attributes
                0x0000058e       0x31 lib/STM32F10x_StdPeriph_Driver/libstm32fw.a(stm32f10x_rcc.o)
 .ARM.attributes
                0x000005bf       0x31 lib/STM32F10x_StdPeriph_Driver/libstm32fw.a(stm32f10x_rtc.o)
 .ARM.attributes
                0x000005f0       0x31 lib/STM32F10x_StdPeriph_Driver/libstm32fw.a(stm32f10x_spi.o)
 .ARM.attributes
                0x00000621       0x31 lib/STM32F10x_StdPeriph_Driver/libstm32fw.a(stm32f10x_usart.o)
 .ARM.attributes
                0x00000652       0x29 /home/laurence/CodeSourcery/Sourcery_G++_Lite/bin/../lib/gcc/arm-none-eabi/4.4.1/../../../../arm-none-eabi/lib/thumb2/libm.a(lib_a-s_cos.o)
 .ARM.attributes
                0x0000067b       0x29 /home/laurence/CodeSourcery/Sourcery_G++_Lite/bin/../lib/gcc/arm-none-eabi/4.4.1/../../../../arm-none-eabi/lib/thumb2/libm.a(lib_a-s_sin.o)
 .ARM.attributes
                0x000006a4       0x29 /home/laurence/CodeSourcery/Sourcery_G++_Lite/bin/../lib/gcc/arm-none-eabi/4.4.1/../../../../arm-none-eabi/lib/thumb2/libm.a(lib_a-w_asin.o)
 .ARM.attributes
                0x000006cd       0x29 /home/laurence/CodeSourcery/Sourcery_G++_Lite/bin/../lib/gcc/arm-none-eabi/4.4.1/../../../../arm-none-eabi/lib/thumb2/libm.a(lib_a-w_atan2.o)
 .ARM.attributes
                0x000006f6       0x29 /home/laurence/CodeSourcery/Sourcery_G++_Lite/bin/../lib/gcc/arm-none-eabi/4.4.1/../../../../arm-none-eabi/lib/thumb2/libm.a(lib_a-w_pow.o)
 .ARM.attributes
                0x0000071f       0x29 /home/laurence/CodeSourcery/Sourcery_G++_Lite/bin/../lib/gcc/arm-none-eabi/4.4.1/../../../../arm-none-eabi/lib/thumb2/libm.a(lib_a-w_sqrt.o)
 .ARM.attributes
                0x00000748       0x29 /home/laurence/CodeSourcery/Sourcery_G++_Lite/bin/../lib/gcc/arm-none-eabi/4.4.1/../../../../arm-none-eabi/lib/thumb2/libm.a(lib_a-e_asin.o)
 .ARM.attributes
                0x00000771       0x29 /home/laurence/CodeSourcery/Sourcery_G++_Lite/bin/../lib/gcc/arm-none-eabi/4.4.1/../../../../arm-none-eabi/lib/thumb2/libm.a(lib_a-e_atan2.o)
 .ARM.attributes
                0x0000079a       0x29 /home/laurence/CodeSourcery/Sourcery_G++_Lite/bin/../lib/gcc/arm-none-eabi/4.4.1/../../../../arm-none-eabi/lib/thumb2/libm.a(lib_a-e_pow.o)
 .ARM.attributes
                0x000007c3       0x29 /home/laurence/CodeSourcery/Sourcery_G++_Lite/bin/../lib/gcc/arm-none-eabi/4.4.1/../../../../arm-none-eabi/lib/thumb2/libm.a(lib_a-e_rem_pio2.o)
 .ARM.attributes
                0x000007ec       0x29 /home/laurence/CodeSourcery/Sourcery_G++_Lite/bin/../lib/gcc/arm-none-eabi/4.4.1/../../../../arm-none-eabi/lib/thumb2/libm.a(lib_a-e_sqrt.o)
 .ARM.attributes
                0x00000815       0x29 /home/laurence/CodeSourcery/Sourcery_G++_Lite/bin/../lib/gcc/arm-none-eabi/4.4.1/../../../../arm-none-eabi/lib/thumb2/libm.a(lib_a-k_cos.o)
 .ARM.attributes
                0x0000083e       0x29 /home/laurence/CodeSourcery/Sourcery_G++_Lite/bin/../lib/gcc/arm-none-eabi/4.4.1/../../../../arm-none-eabi/lib/thumb2/libm.a(lib_a-k_rem_pio2.o)
 .ARM.attributes
                0x00000867       0x29 /home/laurence/CodeSourcery/Sourcery_G++_Lite/bin/../lib/gcc/arm-none-eabi/4.4.1/../../../../arm-none-eabi/lib/thumb2/libm.a(lib_a-k_sin.o)
 .ARM.attributes
                0x00000890       0x29 /home/laurence/CodeSourcery/Sourcery_G++_Lite/bin/../lib/gcc/arm-none-eabi/4.4.1/../../../../arm-none-eabi/lib/thumb2/libm.a(lib_a-s_atan.o)
 .ARM.attributes
                0x000008b9       0x29 /home/laurence/CodeSourcery/Sourcery_G++_Lite/bin/../lib/gcc/arm-none-eabi/4.4.1/../../../../arm-none-eabi/lib/thumb2/libm.a(lib_a-s_fabs.o)
 .ARM.attributes
                0x000008e2       0x29 /home/laurence/CodeSourcery/Sourcery_G++_Lite/bin/../lib/gcc/arm-none-eabi/4.4.1/../../../../arm-none-eabi/lib/thumb2/libm.a(lib_a-s_finite.o)
 .ARM.attributes
                0x0000090b       0x29 /home/laurence/CodeSourcery/Sourcery_G++_Lite/bin/../lib/gcc/arm-none-eabi/4.4.1/../../../../arm-none-eabi/lib/thumb2/libm.a(lib_a-s_floor.o)
 .ARM.attributes
                0x00000934       0x29 /home/laurence/CodeSourcery/Sourcery_G++_Lite/bin/../lib/gcc/arm-none-eabi/4.4.1/../../../../arm-none-eabi/lib/thumb2/libm.a(lib_a-s_isnand.o)
 .ARM.attributes
                0x0000095d       0x29 /home/laurence/CodeSourcery/Sourcery_G++_Lite/bin/../lib/gcc/arm-none-eabi/4.4.1/../../../../arm-none-eabi/lib/thumb2/libm.a(lib_a-s_lib_ver.o)
 .ARM.attributes
                0x00000986       0x29 /home/laurence/CodeSourcery/Sourcery_G++_Lite/bin/../lib/gcc/arm-none-eabi/4.4.1/../../../../arm-none-eabi/lib/thumb2/libm.a(lib_a-s_matherr.o)
 .ARM.attributes
                0x000009af       0x29 /home/laurence/CodeSourcery/Sourcery_G++_Lite/bin/../lib/gcc/arm-none-eabi/4.4.1/../../../../arm-none-eabi/lib/thumb2/libm.a(lib_a-s_nan.o)
 .ARM.attributes
                0x000009d8       0x29 /home/laurence/CodeSourcery/Sourcery_G++_Lite/bin/../lib/gcc/arm-none-eabi/4.4.1/../../../../arm-none-eabi/lib/thumb2/libm.a(lib_a-s_rint.o)
 .ARM.attributes
                0x00000a01       0x29 /home/laurence/CodeSourcery/Sourcery_G++_Lite/bin/../lib/gcc/arm-none-eabi/4.4.1/../../../../arm-none-eabi/lib/thumb2/libm.a(lib_a-s_scalbn.o)
 .ARM.attributes
                0x00000a2a       0x29 /home/laurence/CodeSourcery/Sourcery_G++_Lite/bin/../lib/gcc/arm-none-eabi/4.4.1/../../../../arm-none-eabi/lib/thumb2/libm.a(lib_a-s_copysign.o)
 .ARM.attributes
                0x00000a53       0x1b /home/laurence/CodeSourcery/Sourcery_G++_Lite/bin/../lib/gcc/arm-none-eabi/4.4.1/thumb2/libgcc.a(_divsi3.o)
 .ARM.attributes
                0x00000a6e       0x1b /home/laurence/CodeSourcery/Sourcery_G++_Lite/bin/../lib/gcc/arm-none-eabi/4.4.1/thumb2/libgcc.a(_dvmd_tls.o)
 .ARM.attributes
                0x00000a89       0x1b /home/laurence/CodeSourcery/Sourcery_G++_Lite/bin/../lib/gcc/arm-none-eabi/4.4.1/thumb2/libgcc.a(_arm_addsubdf3.o)
 .ARM.attributes
                0x00000aa4       0x1b /home/laurence/CodeSourcery/Sourcery_G++_Lite/bin/../lib/gcc/arm-none-eabi/4.4.1/thumb2/libgcc.a(_arm_muldivdf3.o)
 .ARM.attributes
                0x00000abf       0x1b /home/laurence/CodeSourcery/Sourcery_G++_Lite/bin/../lib/gcc/arm-none-eabi/4.4.1/thumb2/libgcc.a(_arm_cmpdf2.o)
 .ARM.attributes
                0x00000ada       0x1b /home/laurence/CodeSourcery/Sourcery_G++_Lite/bin/../lib/gcc/arm-none-eabi/4.4.1/thumb2/libgcc.a(_arm_fixdfsi.o)
 .ARM.attributes
                0x00000af5       0x1b /home/laurence/CodeSourcery/Sourcery_G++_Lite/bin/../lib/gcc/arm-none-eabi/4.4.1/thumb2/libgcc.a(_arm_truncdfsf2.o)
 .ARM.attributes
                0x00000b10       0x1b /home/laurence/CodeSourcery/Sourcery_G++_Lite/bin/../lib/gcc/arm-none-eabi/4.4.1/thumb2/libgcc.a(_arm_addsubsf3.o)
 .ARM.attributes
                0x00000b2b       0x1b /home/laurence/CodeSourcery/Sourcery_G++_Lite/bin/../lib/gcc/arm-none-eabi/4.4.1/thumb2/libgcc.a(_arm_muldivsf3.o)
 .ARM.attributes
                0x00000b46       0x1b /home/laurence/CodeSourcery/Sourcery_G++_Lite/bin/../lib/gcc/arm-none-eabi/4.4.1/thumb2/libgcc.a(_arm_cmpsf2.o)
 .ARM.attributes
                0x00000b61       0x1b /home/laurence/CodeSourcery/Sourcery_G++_Lite/bin/../lib/gcc/arm-none-eabi/4.4.1/thumb2/libgcc.a(_arm_fixunssfsi.o)
 .ARM.attributes
                0x00000b7c       0x29 /home/laurence/CodeSourcery/Sourcery_G++_Lite/bin/../lib/gcc/arm-none-eabi/4.4.1/../../../../arm-none-eabi/lib/thumb2/libc.a(lib_a-errno.o)
 .ARM.attributes
                0x00000ba5       0x29 /home/laurence/CodeSourcery/Sourcery_G++_Lite/bin/../lib/gcc/arm-none-eabi/4.4.1/../../../../arm-none-eabi/lib/thumb2/libc.a(lib_a-impure.o)
 .ARM.attributes
                0x00000bce       0x29 /home/laurence/CodeSourcery/Sourcery_G++_Lite/bin/../lib/gcc/arm-none-eabi/4.4.1/../../../../arm-none-eabi/lib/thumb2/libc.a(lib_a-malloc.o)
 .ARM.attributes
                0x00000bf7       0x29 /home/laurence/CodeSourcery/Sourcery_G++_Lite/bin/../lib/gcc/arm-none-eabi/4.4.1/../../../../arm-none-eabi/lib/thumb2/libc.a(lib_a-mallocr.o)
 .ARM.attributes
                0x00000c20       0x29 /home/laurence/CodeSourcery/Sourcery_G++_Lite/bin/../lib/gcc/arm-none-eabi/4.4.1/../../../../arm-none-eabi/lib/thumb2/libc.a(lib_a-mlock.o)
 .ARM.attributes
                0x00000c49       0x29 /home/laurence/CodeSourcery/Sourcery_G++_Lite/bin/../lib/gcc/arm-none-eabi/4.4.1/../../../../arm-none-eabi/lib/thumb2/libc.a(lib_a-sbrkr.o)
 .ARM.attributes
                0x00000c72       0x29 /home/laurence/CodeSourcery/Sourcery_G++_Lite/bin/../lib/gcc/arm-none-eabi/4.4.1/../../../../arm-none-eabi/lib/thumb2/libc.a(lib_a-strcpy.o)
 .ARM.attributes
                0x00000c9b       0x29 /home/laurence/CodeSourcery/Sourcery_G++_Lite/bin/../lib/gcc/arm-none-eabi/4.4.1/../../../../arm-none-eabi/lib/thumb2/libc.a(lib_a-freer.o)
 .ARM.attributes
                0x00000cc4       0x29 /home/laurence/CodeSourcery/Sourcery_G++_Lite/bin/../lib/gcc/arm-none-eabi/4.4.1/../../../../arm-none-eabi/lib/thumb2/libc.a(lib_a-reent.o)
 .ARM.attributes
                0x00000ced       0x29 /home/laurence/CodeSourcery/Sourcery_G++_Lite/bin/../lib/gcc/arm-none-eabi/4.4.1/thumb2/crtend.o
 .ARM.attributes
                0x00000d16       0x19 /home/laurence/CodeSourcery/Sourcery_G++_Lite/bin/../lib/gcc/arm-none-eabi/4.4.1/thumb2/crtn.o
 .ARM.attributes
                0x00000d2f       0x29 /home/laurence/CodeSourcery/Sourcery_G++_Lite/bin/../lib/gcc/arm-none-eabi/4.4.1/../../../../arm-none-eabi/lib/thumb2/libcs3.a(start_c.o)
 .ARM.attributes
                0x00000d58       0x29 /home/laurence/CodeSourcery/Sourcery_G++_Lite/bin/../lib/gcc/arm-none-eabi/4.4.1/../../../../arm-none-eabi/lib/thumb2/libcs3unhosted.a(unhosted-sbrk.o)
 .ARM.attributes
                0x00000d81       0x19 /home/laurence/CodeSourcery/Sourcery_G++_Lite/bin/../lib/gcc/arm-none-eabi/4.4.1/../../../../arm-none-eabi/lib/thumb2/libcs3unhosted.a(unhosted-start.o)
 .ARM.attributes
                0x00000d9a       0x1f lib/libcs3-lanchon-stm32.a(lanchon-stm32-vector.o)
 .ARM.attributes
                0x00000db9       0x21 lib/libcs3-lanchon-stm32.a(lanchon_stm32_isr_interrupt.o)
 .ARM.attributes
                0x00000dda       0x29 /home/laurence/CodeSourcery/Sourcery_G++_Lite/bin/../lib/gcc/arm-none-eabi/4.4.1/../../../../arm-none-eabi/lib/thumb2/libc.a(lib_a-init.o)
 .ARM.attributes
                0x00000e03       0x29 /home/laurence/CodeSourcery/Sourcery_G++_Lite/bin/../lib/gcc/arm-none-eabi/4.4.1/../../../../arm-none-eabi/lib/thumb2/libcs3.a(heap.o)

/DISCARD/
 *(.note.GNU-stack)
OUTPUT(main.elf elf32-littlearm)

Cross Reference Table

Symbol                                            File
ADC1_2_IRQHandler                                 lib/CMSIS_CM3/startup/gcc/startup_stm32f10x_md.o
ADC_IRQHandler                                    lib/libcs3-lanchon-stm32.a(lanchon_stm32_isr_interrupt.o)
                                                  lib/libcs3-lanchon-stm32.a(lanchon-stm32-vector.o)
Acc_Init                                          i2c.o
                                                  main.o
All_IO_Configuration                              gpio.o
                                                  main.o
Aux_Devices_Configuration                         gpio.o
BKP_ClearFlag                                     lib/STM32F10x_StdPeriph_Driver/libstm32fw.a(stm32f10x_bkp.o)
BKP_ClearITPendingBit                             lib/STM32F10x_StdPeriph_Driver/libstm32fw.a(stm32f10x_bkp.o)
BKP_DeInit                                        lib/STM32F10x_StdPeriph_Driver/libstm32fw.a(stm32f10x_bkp.o)
                                                  Util/Fatfs/rtc.o
BKP_GetFlagStatus                                 lib/STM32F10x_StdPeriph_Driver/libstm32fw.a(stm32f10x_bkp.o)
BKP_GetITStatus                                   lib/STM32F10x_StdPeriph_Driver/libstm32fw.a(stm32f10x_bkp.o)
BKP_ITConfig                                      lib/STM32F10x_StdPeriph_Driver/libstm32fw.a(stm32f10x_bkp.o)
BKP_RTCOutputConfig                               lib/STM32F10x_StdPeriph_Driver/libstm32fw.a(stm32f10x_bkp.o)
BKP_ReadBackupRegister                            lib/STM32F10x_StdPeriph_Driver/libstm32fw.a(stm32f10x_bkp.o)
                                                  Util/Fatfs/rtc.o
BKP_SetRTCCalibrationValue                        lib/STM32F10x_StdPeriph_Driver/libstm32fw.a(stm32f10x_bkp.o)
BKP_TamperPinCmd                                  lib/STM32F10x_StdPeriph_Driver/libstm32fw.a(stm32f10x_bkp.o)
BKP_TamperPinLevelConfig                          lib/STM32F10x_StdPeriph_Driver/libstm32fw.a(stm32f10x_bkp.o)
BKP_WriteBackupRegister                           lib/STM32F10x_StdPeriph_Driver/libstm32fw.a(stm32f10x_bkp.o)
                                                  Util/Fatfs/rtc.o
Baro_Convert_Pressure                             Sensors/bmp085.o
Baro_Read_ADC                                     Sensors/bmp085.o
                                                  main.o
Baro_Read_Full_ADC                                Sensors/bmp085.o
                                                  main.o
Baro_Setup_Pressure                               Sensors/bmp085.o
                                                  main.o
Baro_Setup_Temperature                            Sensors/bmp085.o
                                                  main.o
Be                                                Control/ekf.o
Bmp085_Convert                                    Sensors/bmp085.o
                                                  main.o
Bmp085_ReadConfig                                 Sensors/bmp085.o
                                                  main.o
Bmp_temp                                          Sensors/bmp085.o
                                                  main.o
BusFaultException                                 lib/libcs3-lanchon-stm32.a(lanchon_stm32_isr_interrupt.o)
                                                  lib/libcs3-lanchon-stm32.a(lanchon-stm32-vector.o)
BusFault_Handler                                  interrupts.o
Bytes_In_Buffer                                   dma.o
                                                  main.o
                                                  Sensors/ubx.o
                                                  Control/imu.o
CAN1_RX1_IRQHandler                               lib/CMSIS_CM3/startup/gcc/startup_stm32f10x_md.o
CAN1_SCE_IRQHandler                               lib/CMSIS_CM3/startup/gcc/startup_stm32f10x_md.o
CAN_RX1_IRQHandler                                lib/libcs3-lanchon-stm32.a(lanchon_stm32_isr_interrupt.o)
                                                  lib/libcs3-lanchon-stm32.a(lanchon-stm32-vector.o)
CAN_SCE_IRQHandler                                lib/libcs3-lanchon-stm32.a(lanchon_stm32_isr_interrupt.o)
                                                  lib/libcs3-lanchon-stm32.a(lanchon-stm32-vector.o)
Calibrate_3                                       Control/sensorcal.o
                                                  Control/imu.o
Config_Gps                                        Sensors/ubx.o
                                                  main.o
CovariancePrediction                              Control/ekf.o
DMA1_Channel1_IRQHandler                          lib/CMSIS_CM3/startup/gcc/startup_stm32f10x_md.o
DMA1_Channel2_IRQHandler                          lib/CMSIS_CM3/startup/gcc/startup_stm32f10x_md.o
DMA1_Channel3_IRQHandler                          lib/CMSIS_CM3/startup/gcc/startup_stm32f10x_md.o
DMA1_Channel4_IRQHandler                          lib/CMSIS_CM3/startup/gcc/startup_stm32f10x_md.o
DMA1_Channel5_IRQHandler                          lib/CMSIS_CM3/startup/gcc/startup_stm32f10x_md.o
DMA1_Channel6_IRQHandler                          lib/CMSIS_CM3/startup/gcc/startup_stm32f10x_md.o
DMA1_Channel7_IRQHandler                          lib/CMSIS_CM3/startup/gcc/startup_stm32f10x_md.o
DMAChannel1_IRQHandler                            lib/libcs3-lanchon-stm32.a(lanchon_stm32_isr_interrupt.o)
                                                  lib/libcs3-lanchon-stm32.a(lanchon-stm32-vector.o)
DMAChannel2_IRQHandler                            lib/libcs3-lanchon-stm32.a(lanchon_stm32_isr_interrupt.o)
                                                  lib/libcs3-lanchon-stm32.a(lanchon-stm32-vector.o)
DMAChannel3_IRQHandler                            lib/libcs3-lanchon-stm32.a(lanchon_stm32_isr_interrupt.o)
                                                  lib/libcs3-lanchon-stm32.a(lanchon-stm32-vector.o)
DMAChannel4_IRQHandler                            lib/libcs3-lanchon-stm32.a(lanchon_stm32_isr_interrupt.o)
                                                  lib/libcs3-lanchon-stm32.a(lanchon-stm32-vector.o)
DMAChannel5_IRQHandler                            lib/libcs3-lanchon-stm32.a(lanchon_stm32_isr_interrupt.o)
                                                  lib/libcs3-lanchon-stm32.a(lanchon-stm32-vector.o)
DMAChannel6_IRQHandler                            lib/libcs3-lanchon-stm32.a(lanchon_stm32_isr_interrupt.o)
                                                  lib/libcs3-lanchon-stm32.a(lanchon-stm32-vector.o)
DMAChannel7_IRQHandler                            lib/libcs3-lanchon-stm32.a(lanchon_stm32_isr_interrupt.o)
                                                  lib/libcs3-lanchon-stm32.a(lanchon-stm32-vector.o)
DMA_ClearFlag                                     lib/STM32F10x_StdPeriph_Driver/libstm32fw.a(stm32f10x_dma.o)
DMA_ClearITPendingBit                             lib/STM32F10x_StdPeriph_Driver/libstm32fw.a(stm32f10x_dma.o)
DMA_Cmd                                           lib/STM32F10x_StdPeriph_Driver/libstm32fw.a(stm32f10x_dma.o)
                                                  main.o
DMA_Configuration                                 dma.o
                                                  main.o
DMA_DeInit                                        lib/STM32F10x_StdPeriph_Driver/libstm32fw.a(stm32f10x_dma.o)
                                                  dma.o
DMA_GetCurrDataCounter                            lib/STM32F10x_StdPeriph_Driver/libstm32fw.a(stm32f10x_dma.o)
                                                  dma.o
DMA_GetFlagStatus                                 lib/STM32F10x_StdPeriph_Driver/libstm32fw.a(stm32f10x_dma.o)
DMA_GetITStatus                                   lib/STM32F10x_StdPeriph_Driver/libstm32fw.a(stm32f10x_dma.o)
DMA_ITConfig                                      lib/STM32F10x_StdPeriph_Driver/libstm32fw.a(stm32f10x_dma.o)
DMA_Init                                          lib/STM32F10x_StdPeriph_Driver/libstm32fw.a(stm32f10x_dma.o)
                                                  dma.o
DMA_StructInit                                    lib/STM32F10x_StdPeriph_Driver/libstm32fw.a(stm32f10x_dma.o)
DebugMon_Handler                                  interrupts.o
DebugMonitor                                      lib/libcs3-lanchon-stm32.a(lanchon_stm32_isr_interrupt.o)
                                                  lib/libcs3-lanchon-stm32.a(lanchon-stm32-vector.o)
Default_Handler                                   lib/CMSIS_CM3/startup/gcc/startup_stm32f10x_md.o
Default_Usart_Config                              usart.o
Delay                                             Util/delay.o
                                                  main.o
                                                  Sensors/ubx.o
EXTI0_IRQHandler                                  lib/CMSIS_CM3/startup/gcc/startup_stm32f10x_md.o
                                                  lib/libcs3-lanchon-stm32.a(lanchon-stm32-vector.o)
EXTI15_10_IRQHandler                              lib/CMSIS_CM3/startup/gcc/startup_stm32f10x_md.o
                                                  lib/libcs3-lanchon-stm32.a(lanchon-stm32-vector.o)
EXTI1_IRQHandler                                  lib/CMSIS_CM3/startup/gcc/startup_stm32f10x_md.o
                                                  lib/libcs3-lanchon-stm32.a(lanchon-stm32-vector.o)
EXTI2_IRQHandler                                  lib/CMSIS_CM3/startup/gcc/startup_stm32f10x_md.o
                                                  lib/libcs3-lanchon-stm32.a(lanchon-stm32-vector.o)
EXTI3_IRQHandler                                  lib/CMSIS_CM3/startup/gcc/startup_stm32f10x_md.o
                                                  lib/libcs3-lanchon-stm32.a(lanchon-stm32-vector.o)
EXTI4_IRQHandler                                  lib/CMSIS_CM3/startup/gcc/startup_stm32f10x_md.o
                                                  lib/libcs3-lanchon-stm32.a(lanchon-stm32-vector.o)
EXTI6_Config                                      interrupts.o
                                                  main.o
EXTI9_5_IRQHandler                                interrupts.o
                                                  lib/libcs3-lanchon-stm32.a(lanchon-stm32-vector.o)
EXTI_ClearFlag                                    lib/STM32F10x_StdPeriph_Driver/libstm32fw.a(stm32f10x_exti.o)
EXTI_ClearITPendingBit                            lib/STM32F10x_StdPeriph_Driver/libstm32fw.a(stm32f10x_exti.o)
                                                  interrupts.o
EXTI_DeInit                                       lib/STM32F10x_StdPeriph_Driver/libstm32fw.a(stm32f10x_exti.o)
EXTI_GenerateSWInterrupt                          lib/STM32F10x_StdPeriph_Driver/libstm32fw.a(stm32f10x_exti.o)
EXTI_GetFlagStatus                                lib/STM32F10x_StdPeriph_Driver/libstm32fw.a(stm32f10x_exti.o)
EXTI_GetITStatus                                  lib/STM32F10x_StdPeriph_Driver/libstm32fw.a(stm32f10x_exti.o)
                                                  interrupts.o
EXTI_Init                                         lib/STM32F10x_StdPeriph_Driver/libstm32fw.a(stm32f10x_exti.o)
                                                  interrupts.o
EXTI_StructInit                                   lib/STM32F10x_StdPeriph_Driver/libstm32fw.a(stm32f10x_exti.o)
F                                                 Control/ekf.o
FLASH_IRQHandler                                  lib/CMSIS_CM3/startup/gcc/startup_stm32f10x_md.o
                                                  lib/libcs3-lanchon-stm32.a(lanchon-stm32-vector.o)
Flipbytes                                         i2c.o
                                                  Sensors/bmp085.o
Flush_Buffer                                      dma.o
                                                  Sensors/ubx.o
FullCorrection                                    Control/ekf.o
G                                                 Control/ekf.o
GPIO_AFIODeInit                                   lib/STM32F10x_StdPeriph_Driver/libstm32fw.a(stm32f10x_gpio.o)
GPIO_Config_AF_Periferals                         gpio.o
GPIO_DeInit                                       lib/STM32F10x_StdPeriph_Driver/libstm32fw.a(stm32f10x_gpio.o)
GPIO_ETH_MediaInterfaceConfig                     lib/STM32F10x_StdPeriph_Driver/libstm32fw.a(stm32f10x_gpio.o)
GPIO_EXTILineConfig                               lib/STM32F10x_StdPeriph_Driver/libstm32fw.a(stm32f10x_gpio.o)
                                                  interrupts.o
GPIO_EventOutputCmd                               lib/STM32F10x_StdPeriph_Driver/libstm32fw.a(stm32f10x_gpio.o)
GPIO_EventOutputConfig                            lib/STM32F10x_StdPeriph_Driver/libstm32fw.a(stm32f10x_gpio.o)
GPIO_Init                                         lib/STM32F10x_StdPeriph_Driver/libstm32fw.a(stm32f10x_gpio.o)
                                                  usart.o
                                                  gpio.o
                                                  Util/Fatfs/sd_spi_stm32.o
GPIO_PinLockConfig                                lib/STM32F10x_StdPeriph_Driver/libstm32fw.a(stm32f10x_gpio.o)
GPIO_PinRemapConfig                               lib/STM32F10x_StdPeriph_Driver/libstm32fw.a(stm32f10x_gpio.o)
                                                  gpio.o
GPIO_ReadInputData                                lib/STM32F10x_StdPeriph_Driver/libstm32fw.a(stm32f10x_gpio.o)
                                                  gpio.o
GPIO_ReadInputDataBit                             lib/STM32F10x_StdPeriph_Driver/libstm32fw.a(stm32f10x_gpio.o)
GPIO_ReadOutputData                               lib/STM32F10x_StdPeriph_Driver/libstm32fw.a(stm32f10x_gpio.o)
GPIO_ReadOutputDataBit                            lib/STM32F10x_StdPeriph_Driver/libstm32fw.a(stm32f10x_gpio.o)
GPIO_ResetBits                                    lib/STM32F10x_StdPeriph_Driver/libstm32fw.a(stm32f10x_gpio.o)
                                                  main.o
                                                  Util/Fatfs/sd_spi_stm32.o
GPIO_SetBits                                      lib/STM32F10x_StdPeriph_Driver/libstm32fw.a(stm32f10x_gpio.o)
                                                  main.o
                                                  Util/Fatfs/sd_spi_stm32.o
GPIO_StructInit                                   lib/STM32F10x_StdPeriph_Driver/libstm32fw.a(stm32f10x_gpio.o)
GPIO_Write                                        lib/STM32F10x_StdPeriph_Driver/libstm32fw.a(stm32f10x_gpio.o)
GPIO_WriteBit                                     lib/STM32F10x_StdPeriph_Driver/libstm32fw.a(stm32f10x_gpio.o)
                                                  gpio.o
                                                  Sensors/ubx.o
GPS_IO_Configuration                              gpio.o
Get_From_Buffer                                   dma.o
Get_MEMS_DRDY                                     gpio.o
                                                  Control/imu.o
Get_UBX_Ack                                       Sensors/ubx.o
Gps                                               main.o
                                                  Control/imu.o
GpsBaroCorrection                                 Control/ekf.o
GpsMagCorrection                                  Control/ekf.o
Gps_Buffer                                        main.o
                                                  Sensors/ubx.o
                                                  Control/imu.o
Gps_Process_Byte                                  Sensors/ubx.o
                                                  main.o
                                                  Control/imu.o
Gps_Send_Str                                      usart.o
                                                  Sensors/ubx.o
Gps_Send_Utf8                                     usart.o
                                                  Sensors/ubx.o
Gyr_Init                                          i2c.o
                                                  main.o
Gyr_Read                                          i2c.o
                                                  main.o