Archive member included because of file (symbol)

lib/STM32F10x_StdPeriph_Driver/libstm32fw.a(stm32f10x_bkp.o)
                              Util/Fatfs/rtc.o (BKP_WriteBackupRegister)
lib/STM32F10x_StdPeriph_Driver/libstm32fw.a(stm32f10x_dma.o)
                              dma.o (DMA_DeInit)
lib/STM32F10x_StdPeriph_Driver/libstm32fw.a(stm32f10x_gpio.o)
                              Util/Fatfs/sd_spi_stm32.o (GPIO_Init)
lib/STM32F10x_StdPeriph_Driver/libstm32fw.a(stm32f10x_i2c.o)
                              i2c.o (I2C_Cmd)
lib/STM32F10x_StdPeriph_Driver/libstm32fw.a(stm32f10x_pwr.o)
                              Util/Fatfs/rtc.o (PWR_BackupAccessCmd)
lib/STM32F10x_StdPeriph_Driver/libstm32fw.a(stm32f10x_rcc.o)
                              Util/Fatfs/rtc.o (RCC_LSEConfig)
lib/STM32F10x_StdPeriph_Driver/libstm32fw.a(stm32f10x_rtc.o)
                              Util/Fatfs/rtc.o (RTC_GetCounter)
lib/STM32F10x_StdPeriph_Driver/libstm32fw.a(stm32f10x_spi.o)
                              Util/Fatfs/sd_spi_stm32.o (SPI_Init)
lib/STM32F10x_StdPeriph_Driver/libstm32fw.a(stm32f10x_usart.o)
                              usart.o (USART_Cmd)
/home/laurence/CodeSourcery/Sourcery_G++_Lite/bin/../lib/gcc/arm-none-eabi/4.4.1/../../../../arm-none-eabi/lib/thumb2/libm.a(lib_a-s_cos.o)
                              Sensors/earth_field.o (cos)
/home/laurence/CodeSourcery/Sourcery_G++_Lite/bin/../lib/gcc/arm-none-eabi/4.4.1/../../../../arm-none-eabi/lib/thumb2/libm.a(lib_a-s_sin.o)
                              Sensors/earth_field.o (sin)
/home/laurence/CodeSourcery/Sourcery_G++_Lite/bin/../lib/gcc/arm-none-eabi/4.4.1/../../../../arm-none-eabi/lib/thumb2/libm.a(lib_a-w_asin.o)
                              Sensors/earth_field.o (asin)
/home/laurence/CodeSourcery/Sourcery_G++_Lite/bin/../lib/gcc/arm-none-eabi/4.4.1/../../../../arm-none-eabi/lib/thumb2/libm.a(lib_a-w_atan2.o)
                              Sensors/earth_field.o (atan2)
/home/laurence/CodeSourcery/Sourcery_G++_Lite/bin/../lib/gcc/arm-none-eabi/4.4.1/../../../../arm-none-eabi/lib/thumb2/libm.a(lib_a-w_sqrt.o)
                              Control/ekf.o (sqrt)
/home/laurence/CodeSourcery/Sourcery_G++_Lite/bin/../lib/gcc/arm-none-eabi/4.4.1/../../../../arm-none-eabi/lib/thumb2/libm.a(lib_a-e_asin.o)
                              /home/laurence/CodeSourcery/Sourcery_G++_Lite/bin/../lib/gcc/arm-none-eabi/4.4.1/../../../../arm-none-eabi/lib/thumb2/libm.a(lib_a-w_asin.o) (__ieee754_asin)
/home/laurence/CodeSourcery/Sourcery_G++_Lite/bin/../lib/gcc/arm-none-eabi/4.4.1/../../../../arm-none-eabi/lib/thumb2/libm.a(lib_a-e_atan2.o)
                              /home/laurence/CodeSourcery/Sourcery_G++_Lite/bin/../lib/gcc/arm-none-eabi/4.4.1/../../../../arm-none-eabi/lib/thumb2/libm.a(lib_a-w_atan2.o) (__ieee754_atan2)
/home/laurence/CodeSourcery/Sourcery_G++_Lite/bin/../lib/gcc/arm-none-eabi/4.4.1/../../../../arm-none-eabi/lib/thumb2/libm.a(lib_a-e_rem_pio2.o)
                              /home/laurence/CodeSourcery/Sourcery_G++_Lite/bin/../lib/gcc/arm-none-eabi/4.4.1/../../../../arm-none-eabi/lib/thumb2/libm.a(lib_a-s_cos.o) (__ieee754_rem_pio2)
/home/laurence/CodeSourcery/Sourcery_G++_Lite/bin/../lib/gcc/arm-none-eabi/4.4.1/../../../../arm-none-eabi/lib/thumb2/libm.a(lib_a-e_sqrt.o)
                              /home/laurence/CodeSourcery/Sourcery_G++_Lite/bin/../lib/gcc/arm-none-eabi/4.4.1/../../../../arm-none-eabi/lib/thumb2/libm.a(lib_a-w_sqrt.o) (__ieee754_sqrt)
/home/laurence/CodeSourcery/Sourcery_G++_Lite/bin/../lib/gcc/arm-none-eabi/4.4.1/../../../../arm-none-eabi/lib/thumb2/libm.a(lib_a-k_cos.o)
                              /home/laurence/CodeSourcery/Sourcery_G++_Lite/bin/../lib/gcc/arm-none-eabi/4.4.1/../../../../arm-none-eabi/lib/thumb2/libm.a(lib_a-s_cos.o) (__kernel_cos)
/home/laurence/CodeSourcery/Sourcery_G++_Lite/bin/../lib/gcc/arm-none-eabi/4.4.1/../../../../arm-none-eabi/lib/thumb2/libm.a(lib_a-k_rem_pio2.o)
                              /home/laurence/CodeSourcery/Sourcery_G++_Lite/bin/../lib/gcc/arm-none-eabi/4.4.1/../../../../arm-none-eabi/lib/thumb2/libm.a(lib_a-e_rem_pio2.o) (__kernel_rem_pio2)
/home/laurence/CodeSourcery/Sourcery_G++_Lite/bin/../lib/gcc/arm-none-eabi/4.4.1/../../../../arm-none-eabi/lib/thumb2/libm.a(lib_a-k_sin.o)
                              /home/laurence/CodeSourcery/Sourcery_G++_Lite/bin/../lib/gcc/arm-none-eabi/4.4.1/../../../../arm-none-eabi/lib/thumb2/libm.a(lib_a-s_cos.o) (__kernel_sin)
/home/laurence/CodeSourcery/Sourcery_G++_Lite/bin/../lib/gcc/arm-none-eabi/4.4.1/../../../../arm-none-eabi/lib/thumb2/libm.a(lib_a-s_atan.o)
                              /home/laurence/CodeSourcery/Sourcery_G++_Lite/bin/../lib/gcc/arm-none-eabi/4.4.1/../../../../arm-none-eabi/lib/thumb2/libm.a(lib_a-e_atan2.o) (atan)
/home/laurence/CodeSourcery/Sourcery_G++_Lite/bin/../lib/gcc/arm-none-eabi/4.4.1/../../../../arm-none-eabi/lib/thumb2/libm.a(lib_a-s_fabs.o)
[...]
Memory Configuration

Name             Origin             Length             Attributes
ram              0x20000000         0x00005000         xrw
rom              0x08000000         0x00020000         xr
*default*        0x00000000         0xffffffff

Linker script and memory map

LOAD /home/laurence/CodeSourcery/Sourcery_G++_Lite/bin/../lib/gcc/arm-none-eabi/4.4.1/thumb2/crti.o
LOAD /home/laurence/CodeSourcery/Sourcery_G++_Lite/bin/../lib/gcc/arm-none-eabi/4.4.1/thumb2/crtbegin.o
LOAD Control/ekf.o
LOAD Sensors/earth_field.o
LOAD Sensors/ubx.o
LOAD Util/Fatfs/fattime.o
LOAD Util/Fatfs/ff.o
LOAD Util/Fatfs/rtc.o
LOAD Util/Fatfs/sd_spi_stm32.o
LOAD Util/delay.o
LOAD Util/rprintf.o
LOAD dma.o
LOAD gpio.o
LOAD i2c.o
LOAD interrupts.o
LOAD lib/CMSIS_CM3/core_cm3.o
LOAD lib/CMSIS_CM3/startup/gcc/startup_stm32f10x_md.o
LOAD lib/CMSIS_CM3/system_stm32f10x.o
LOAD main.o
LOAD usart.o
LOAD lib/STM32F10x_StdPeriph_Driver/libstm32fw.a
LOAD lib/STM32_USB-FS-Device_Driver/libstm32usb.a
LOAD /home/laurence/CodeSourcery/Sourcery_G++_Lite/bin/../lib/gcc/arm-none-eabi/4.4.1/../../../../arm-none-eabi/lib/thumb2/libm.a
START GROUP
LOAD /home/laurence/CodeSourcery/Sourcery_G++_Lite/bin/../lib/gcc/arm-none-eabi/4.4.1/thumb2/libgcc.a
LOAD /home/laurence/CodeSourcery/Sourcery_G++_Lite/bin/../lib/gcc/arm-none-eabi/4.4.1/../../../../arm-none-eabi/lib/thumb2/libc.a
END GROUP
LOAD /home/laurence/CodeSourcery/Sourcery_G++_Lite/bin/../lib/gcc/arm-none-eabi/4.4.1/thumb2/crtend.o
LOAD /home/laurence/CodeSourcery/Sourcery_G++_Lite/bin/../lib/gcc/arm-none-eabi/4.4.1/thumb2/crtn.o
START GROUP
LOAD /home/laurence/CodeSourcery/Sourcery_G++_Lite/bin/../lib/gcc/arm-none-eabi/4.4.1/thumb2/libgcc.a
LOAD /home/laurence/CodeSourcery/Sourcery_G++_Lite/bin/../lib/gcc/arm-none-eabi/4.4.1/../../../../arm-none-eabi/lib/thumb2/libc.a
LOAD /home/laurence/CodeSourcery/Sourcery_G++_Lite/bin/../lib/gcc/arm-none-eabi/4.4.1/../../../../arm-none-eabi/lib/thumb2/libcs3.a
LOAD /home/laurence/CodeSourcery/Sourcery_G++_Lite/bin/../lib/gcc/arm-none-eabi/4.4.1/../../../../arm-none-eabi/lib/thumb2/libcs3unhosted.a
LOAD lib/libcs3-lanchon-stm32.a
END GROUP
                0x20005000                PROVIDE (__cs3_stack, (__cs3_region_start_ram + __cs3_region_size_ram))
                0x20000230                PROVIDE (__cs3_heap_start, _end)
                0x20005000                PROVIDE (__cs3_heap_end, (__cs3_region_start_ram + __cs3_region_size_ram))

.text           0x08000000     0x461c
 CREATE_OBJECT_SYMBOLS
                0x08000000                __cs3_region_start_rom = .
 *(.cs3.region-head.rom)
                0x08000000                __cs3_interrupt_vector = __cs3_interrupt_vector_lanchon_stm32
 *(.cs3.interrupt_vector)
 .cs3.interrupt_vector
                0x08000000       0xec lib/libcs3-lanchon-stm32.a(lanchon-stm32-vector.o)
                0x08000000                __cs3_interrupt_vector_lanchon_stm32
                0x08000001                ASSERT ((. != __cs3_interrupt_vector_lanchon_stm32), No interrupt vector)
 *(.rom)
 *(.rom.b)
                0x08004230                PROVIDE (__cs3_reset_lanchon_stm32, _start)
                0x08004230                __cs3_reset = __cs3_reset_lanchon_stm32
 *(.cs3.reset)
 *(.text .text.* .gnu.linkonce.t.*)
 .text          0x080000ec       0x30 /home/laurence/CodeSourcery/Sourcery_G++_Lite/bin/../lib/gcc/arm-none-eabi/4.4.1/thumb2/crtbegin.o
 .text          0x0800011c      0x744 Sensors/ubx.o
                0x0800011c                Gps_Process_Byte
                0x08000570                Get_UBX_Ack
                0x08000680                Config_Gps
 .text          0x08000860       0x24 Util/delay.o
                0x08000860                Delay
 .text          0x08000884      0xc0c Util/rprintf.o
                0x08000884                rprintfInit
                0x080008a4                rprintfChar
                0x080008dc                rprintfStr
                0x08000914                rprintfStrLen
                0x080009a8                rprintfCRLF
                0x080009b8                rprintfu04
                0x080009dc                rprintfu08
                0x08000a04                rprintfu16
                0x08000a30                rprintfu32
                0x08000a58                rprintfNum
                0x08000bd0                rprintfFloat
                0x08000d54                rprintf2RamRom
                0x080013c8                Isdigit
                0x080013f4                atoiRamRom
                0x08001454                rStrLen
 .text          0x08001490      0x188 dma.o
                0x08001490                DMA_Configuration
                0x08001508                Bytes_In_Buffer
                0x08001554                Get_From_Buffer
                0x080015b0                Pop_From_Buffer
                0x080015f8                Flush_Buffer
 .text          0x08001618      0x2a4 gpio.o
                0x08001618                All_IO_Configuration
                0x08001634                GPIO_Config_AF_Periferals
                0x080016a8                MEMS_Status_Configuration
                0x080016f4                GPS_IO_Configuration
                0x08001758                SPI_Control_Configuration
                0x080017f0                Aux_Devices_Configuration
                0x0800187c                Get_MEMS_DRDY
 .text          0x080018bc      0x6a8 i2c.o
                0x080018bc                I2C_Config
                0x08001914                I2C_Conf
                0x08001a40                I2C_Read
                0x08001d88                Mag_Init
                0x08001dbc                Acc_Init
                0x08001df0                Gyr_Init
                0x08001e64                Mag_Read
                0x08001eb0                Gyr_Read
                0x08001efc                Gyr_Stat
                0x08001f34                Flipbytes
 .text.Default_Handler
                0x08001f64        0x2 lib/CMSIS_CM3/startup/gcc/startup_stm32f10x_md.o
                0x08001f64                EXTI2_IRQHandler
                0x08001f64                TIM1_CC_IRQHandler
                0x08001f64                PVD_IRQHandler
                0x08001f64                EXTI3_IRQHandler
                0x08001f64                EXTI0_IRQHandler
                0x08001f64                I2C2_EV_IRQHandler
                0x08001f64                ADC1_2_IRQHandler
                0x08001f64                SPI1_IRQHandler
                0x08001f64                TAMPER_IRQHandler
                0x08001f64                DMA1_Channel4_IRQHandler
                0x08001f64                USART3_IRQHandler
                0x08001f64                RTC_IRQHandler
                0x08001f64                DMA1_Channel7_IRQHandler
                0x08001f64                CAN1_RX1_IRQHandler
                0x08001f64                TIM4_IRQHandler
                0x08001f64                I2C1_EV_IRQHandler
                0x08001f64                DMA1_Channel6_IRQHandler
                0x08001f64                TIM3_IRQHandler
                0x08001f64                RCC_IRQHandler
                0x08001f64                TIM1_TRG_COM_IRQHandler
                0x08001f64                DMA1_Channel1_IRQHandler
                0x08001f64                Default_Handler
                0x08001f64                EXTI15_10_IRQHandler
                0x08001f64                EXTI9_5_IRQHandler
                0x08001f64                SPI2_IRQHandler
                0x08001f64                DMA1_Channel5_IRQHandler
                0x08001f64                EXTI4_IRQHandler
                0x08001f64                USB_LP_CAN1_RX0_IRQHandler
                0x08001f64                USB_HP_CAN1_TX_IRQHandler
                0x08001f64                DMA1_Channel3_IRQHandler
                0x08001f64                TIM1_UP_IRQHandler
                0x08001f64                WWDG_IRQHandler
                0x08001f64                TIM2_IRQHandler
                0x08001f64                TIM1_BRK_IRQHandler
                0x08001f64                EXTI1_IRQHandler
                0x08001f64                RTCAlarm_IRQHandler
                0x08001f64                USART2_IRQHandler
                0x08001f64                I2C2_ER_IRQHandler
                0x08001f64                DMA1_Channel2_IRQHandler
                0x08001f64                CAN1_SCE_IRQHandler
                0x08001f64                FLASH_IRQHandler
                0x08001f64                USART1_IRQHandler
                0x08001f64                I2C1_ER_IRQHandler
                0x08001f64                USBWakeUp_IRQHandler
 *fill*         0x08001f66        0x2 00
 .text          0x08001f68       0xa8 lib/CMSIS_CM3/system_stm32f10x.o
                0x08001f68                SystemInit
 .text          0x08002010      0x43c main.o
                0x08002010                main
                0x08002184                Initialisation
 .text          0x0800244c      0x298 usart.o
                0x0800244c                Usarts_Init
                0x08002528                USART2_reconf
                0x08002588                Default_Usart_Config
                0x080025c4                Usart_Send_Str
                0x08002600                Gps_Send_Utf8
                0x08002638                Gps_Send_Str
                0x08002674                __usart_send_char
                0x080026ac                __gps_send_char
 .text          0x080026e4      0x290 lib/STM32F10x_StdPeriph_Driver/libstm32fw.a(stm32f10x_dma.o)
                0x080026e4                DMA_DeInit
                0x08002860                DMA_Init
                0x080028a4                DMA_StructInit
                0x080028c0                DMA_Cmd
                0x080028d8                DMA_ITConfig
                0x080028ec                DMA_GetCurrDataCounter
                0x080028f4                DMA_GetFlagStatus
                0x08002918                DMA_ClearFlag
                0x08002934                DMA_GetITStatus
                0x08002958                DMA_ClearITPendingBit
 .text          0x08002974      0x53c lib/STM32F10x_StdPeriph_Driver/libstm32fw.a(stm32f10x_gpio.o)
                0x08002974                GPIO_Init
                0x08002c6c                GPIO_StructInit
                0x08002c7c                GPIO_ReadInputDataBit
                0x08002c88                GPIO_ReadInputData
                0x08002c90                GPIO_ReadOutputDataBit
                0x08002c9c                GPIO_ReadOutputData
                0x08002ca4                GPIO_SetBits
                0x08002ca8                GPIO_ResetBits
                0x08002cac                GPIO_WriteBit
                0x08002cb8                GPIO_Write
                0x08002cbc                GPIO_PinLockConfig
                0x08002ccc                GPIO_EventOutputConfig
                0x08002cf4                GPIO_EventOutputCmd
                0x08002d00                GPIO_PinRemapConfig
                0x08002d6c                GPIO_EXTILineConfig
                0x08002da4                GPIO_ETH_MediaInterfaceConfig
                0x08002db0                GPIO_AFIODeInit
                0x08002dc8                GPIO_DeInit
 .text          0x08002eb0      0x44c lib/STM32F10x_StdPeriph_Driver/libstm32fw.a(stm32f10x_i2c.o)
                0x08002eb0                I2C_StructInit
                0x08002ecc                I2C_Cmd
                0x08002eec                I2C_DMACmd
                0x08002f0c                I2C_DMALastTransferCmd
                0x08002f2c                I2C_GenerateSTART
                0x08002f4c                I2C_GenerateSTOP
                0x08002f6c                I2C_AcknowledgeConfig
                0x08002f8c                I2C_OwnAddress2Config
                0x08002fa4                I2C_DualAddressCmd
                0x08002fc4                I2C_GeneralCallCmd
                0x08002fe4                I2C_ITConfig
                0x08003000                I2C_SendData
                0x08003004                I2C_ReceiveData
                0x0800300c                I2C_Send7bitAddress
                0x08003020                I2C_ReadRegister
                0x08003038                I2C_SoftwareResetCmd
                0x08003050                I2C_SMBusAlertConfig
                0x08003070                I2C_TransmitPEC
                0x08003090                I2C_PECPositionConfig
                0x080030b0                I2C_CalculatePEC
                0x080030d0                I2C_GetPEC
                0x080030d8                I2C_ARPCmd
                0x080030f8                I2C_StretchClockCmd
                0x08003118                I2C_FastModeDutyCycleConfig
                0x08003138                I2C_GetLastEvent
                0x08003148                I2C_CheckEvent
                0x08003164                I2C_GetFlagStatus
                0x0800319c                I2C_ClearFlag
                0x080031a4                I2C_GetITStatus
                0x080031c0                I2C_ClearITPendingBit
                0x080031c8                I2C_Init
                0x080032bc                I2C_DeInit
 .text          0x080032fc      0x3fc lib/STM32F10x_StdPeriph_Driver/libstm32fw.a(stm32f10x_rcc.o)
                0x080032fc                RCC_DeInit
                0x08003340                RCC_HSEConfig
                0x08003378                RCC_WaitForHSEStartUp
                0x080033b0                RCC_AdjustHSICalibrationValue
                0x080033c8                RCC_HSICmd
                0x080033d4                RCC_PLLConfig
                0x080033ec                RCC_PLLCmd
                0x080033f8                RCC_SYSCLKConfig
                0x08003410                RCC_GetSYSCLKSource
                0x08003420                RCC_HCLKConfig
                0x08003438                RCC_PCLK1Config
                0x08003450                RCC_PCLK2Config
                0x08003468                RCC_ITConfig
                0x08003490                RCC_USBCLKConfig
                0x0800349c                RCC_ADCCLKConfig
                0x080034b4                RCC_LSEConfig
                0x080034d4                RCC_LSICmd
                0x080034e0                RCC_RTCCLKConfig
                0x080034f4                RCC_RTCCLKCmd
                0x08003500                RCC_GetClocksFreq
                0x080035b0                RCC_AHBPeriphClockCmd
                0x080035d4                RCC_APB2PeriphClockCmd
                0x080035f8                RCC_APB1PeriphClockCmd
                0x0800361c                RCC_APB2PeriphResetCmd
                0x08003640                RCC_APB1PeriphResetCmd
                0x08003664                RCC_BackupResetCmd
                0x08003670                RCC_ClockSecuritySystemCmd
                0x0800367c                RCC_MCOConfig
                0x08003688                RCC_GetFlagStatus
                0x080036c4                RCC_ClearFlag
                0x080036d8                RCC_GetITStatus
                0x080036ec                RCC_ClearITPendingBit
 .text          0x080036f8      0x424 lib/STM32F10x_StdPeriph_Driver/libstm32fw.a(stm32f10x_usart.o)
                0x080036f8                USART_StructInit
                0x08003710                USART_ClockInit
                0x0800373c                USART_ClockStructInit
                0x08003748                USART_Cmd
                0x08003768                USART_ITConfig
                0x080037a0                USART_DMACmd
                0x080037bc                USART_SetAddress
                0x080037dc                USART_WakeUpConfig
                0x080037fc                USART_ReceiverWakeUpCmd
                0x0800381c                USART_LINBreakDetectLengthConfig
                0x0800383c                USART_LINCmd
                0x0800385c                USART_SendData
                0x08003864                USART_ReceiveData
                0x0800386c                USART_SendBreak
                0x08003878                USART_SetGuardTime
                0x08003890                USART_SetPrescaler
                0x080038a8                USART_SmartCardCmd
                0x080038c8                USART_SmartCardNACKCmd
                0x080038e8                USART_HalfDuplexCmd
                0x08003908                USART_IrDAConfig
                0x08003928                USART_IrDACmd
                0x08003948                USART_GetFlagStatus
                0x08003954                USART_ClearFlag
                0x0800395c                USART_GetITStatus
                0x080039b0                USART_ClearITPendingBit
                0x080039c0                USART_Init
                0x08003a64                USART_DeInit
 .text          0x08003b1c       0xa0 /home/laurence/CodeSourcery/Sourcery_G++_Lite/bin/../lib/gcc/arm-none-eabi/4.4.1/thumb2/libgcc.a(_arm_truncdfsf2.o)
                0x08003b1c                __aeabi_d2f
                0x08003b1c                __truncdfsf2
 .text          0x08003bbc      0x21c /home/laurence/CodeSourcery/Sourcery_G++_Lite/bin/../lib/gcc/arm-none-eabi/4.4.1/thumb2/libgcc.a(_arm_addsubsf3.o)
                0x08003bbc                __aeabi_frsub
                0x08003bc4                __subsf3
                0x08003bc4                __aeabi_fsub
                0x08003bc8                __aeabi_fadd
                0x08003bc8                __addsf3
                0x08003d28                __aeabi_ui2f
                0x08003d28                __floatunsisf
                0x08003d30                __aeabi_i2f
                0x08003d30                __floatsisf
                0x08003d4c                __floatundisf
                0x08003d4c                __aeabi_ul2f
                0x08003d5c                __floatdisf
                0x08003d5c                __aeabi_l2f
 .text          0x08003dd8      0x2a0 /home/laurence/CodeSourcery/Sourcery_G++_Lite/bin/../lib/gcc/arm-none-eabi/4.4.1/thumb2/libgcc.a(_arm_muldivsf3.o)
                0x08003dd8                __mulsf3
                0x08003dd8                __aeabi_fmul
                0x08003f40                __divsf3
                0x08003f40                __aeabi_fdiv
 .text          0x08004078       0xec /home/laurence/CodeSourcery/Sourcery_G++_Lite/bin/../lib/gcc/arm-none-eabi/4.4.1/thumb2/libgcc.a(_arm_cmpsf2.o)
                0x08004078                __gtsf2
                0x08004078                __gesf2
                0x08004080                __lesf2
                0x08004080                __ltsf2
                0x08004088                __nesf2
                0x08004088                __eqsf2
                0x08004088                __cmpsf2
                0x080040e8                __aeabi_cfrcmple
                0x080040f0                __aeabi_cfcmple
                0x080040f0                __aeabi_cfcmpeq
                0x08004100                __aeabi_fcmpeq
                0x08004114                __aeabi_fcmplt
                0x08004128                __aeabi_fcmple
                0x0800413c                __aeabi_fcmpge
                0x08004150                __aeabi_fcmpgt
 .text          0x08004164       0x40 /home/laurence/CodeSourcery/Sourcery_G++_Lite/bin/../lib/gcc/arm-none-eabi/4.4.1/thumb2/libgcc.a(_arm_fixunssfsi.o)
                0x08004164                __aeabi_f2uiz
                0x08004164                __fixunssfsi
 .text          0x080041a4       0x30 /home/laurence/CodeSourcery/Sourcery_G++_Lite/bin/../lib/gcc/arm-none-eabi/4.4.1/../../../../arm-none-eabi/lib/thumb2/libcs3.a(start_c.o)
                0x080041a4                __cs3_premain
 .text.cs3.init
                0x080041d4       0x5c /home/laurence/CodeSourcery/Sourcery_G++_Lite/bin/../lib/gcc/arm-none-eabi/4.4.1/../../../../arm-none-eabi/lib/thumb2/libcs3.a(start_c.o)
                0x080041d4                __cs3_start_c
 .text.cs3.init
                0x08004230       0x10 /home/laurence/CodeSourcery/Sourcery_G++_Lite/bin/../lib/gcc/arm-none-eabi/4.4.1/../../../../arm-none-eabi/lib/thumb2/libcs3unhosted.a(unhosted-start.o)
                0x08004230                _start
 .text          0x08004240        0x2 lib/libcs3-lanchon-stm32.a(lanchon_stm32_isr_interrupt.o)
                0x08004240                MemManageException
                0x08004240                BusFaultException
                0x08004240                DMAChannel7_IRQHandler
                0x08004240                DebugMonitor
                0x08004240                SVCHandler
                0x08004240                HardFaultException
                0x08004240                __STM32ReservedException8
                0x08004240                USB_HP_CAN_TX_IRQHandler
                0x08004240                __STM32DefaultExceptionHandler
                0x08004240                DMAChannel1_IRQHandler
                0x08004240                CAN_SCE_IRQHandler
                0x08004240                __STM32ReservedException10
                0x08004240                __STM32ReservedException13
                0x08004240                NMIException
                0x08004240                DMAChannel4_IRQHandler
                0x08004240                SysTickHandler
                0x08004240                PendSVC
                0x08004240                CAN_RX1_IRQHandler
                0x08004240                ADC_IRQHandler
                0x08004240                DMAChannel5_IRQHandler
                0x08004240                DMAChannel2_IRQHandler
                0x08004240                USB_LP_CAN_RX0_IRQHandler
                0x08004240                __STM32ReservedException7
                0x08004240                UsageFaultException
                0x08004240                DMAChannel6_IRQHandler
                0x08004240                DMAChannel3_IRQHandler
                0x08004240                __STM32ReservedException9
 *fill*         0x08004242        0x2 00
 .text          0x08004244       0x50 /home/laurence/CodeSourcery/Sourcery_G++_Lite/bin/../lib/gcc/arm-none-eabi/4.4.1/../../../../arm-none-eabi/lib/thumb2/libc.a(lib_a-init.o)
                0x08004244                __libc_init_array
 *(.plt)
 *(.gnu.warning)
 *(.glue_7t)
 .glue_7t       0x00000000        0x0 linker stubs
 *(.glue_7)
 .glue_7        0x00000000        0x0 linker stubs
 *(.vfp11_veneer)
 .vfp11_veneer  0x00000000        0x0 linker stubs
 *(.rodata .rodata.* .gnu.linkonce.r.*)
 .rodata        0x08004294      0x21c Sensors/ubx.o
 .rodata        0x080044b0       0x1c Util/rprintf.o
 .rodata        0x080044cc       0x1c i2c.o
 .rodata        0x080044e8      0x100 main.o
 *(.ARM.extab* .gnu.linkonce.armextab.*)
 *(.gcc_except_table)
 *(.eh_frame_hdr)
 *(.eh_frame)
                0x080045e8                . = ALIGN (0x4)
 *(.init)
 .init          0x080045e8        0x4 /home/laurence/CodeSourcery/Sourcery_G++_Lite/bin/../lib/gcc/arm-none-eabi/4.4.1/thumb2/crti.o
                0x080045e8                _init
 .init          0x080045ec        0x8 /home/laurence/CodeSourcery/Sourcery_G++_Lite/bin/../lib/gcc/arm-none-eabi/4.4.1/thumb2/crtn.o
                0x080045f4                . = ALIGN (0x4)
                0x080045f4                __preinit_array_start = .
 *(.preinit_array)
                0x080045f4                __preinit_array_end = .
                0x080045f4                . = ALIGN (0x4)
                0x080045f4                __init_array_start = .
 *(SORT(.init_array.*))
 *(.init_array)
 .init_array    0x080045f4        0x4 /home/laurence/CodeSourcery/Sourcery_G++_Lite/bin/../lib/gcc/arm-none-eabi/4.4.1/thumb2/crtbegin.o
                0x080045f8                __init_array_end = .
                0x080045f8                . = ALIGN (0x4)
 *crtbegin.o(.ctors)
 *(EXCLUDE_FILE(*crtend.o) .ctors)
 *(SORT(.ctors.*))
 *crtend.o(.ctors)
                0x080045f8                . = ALIGN (0x4)
 *(.fini)
 .fini          0x080045f8        0x4 /home/laurence/CodeSourcery/Sourcery_G++_Lite/bin/../lib/gcc/arm-none-eabi/4.4.1/thumb2/crti.o
                0x080045f8                _fini
 .fini          0x080045fc        0x8 /home/laurence/CodeSourcery/Sourcery_G++_Lite/bin/../lib/gcc/arm-none-eabi/4.4.1/thumb2/crtn.o
                0x08004604                . = ALIGN (0x4)
                0x08004604                __fini_array_start = .
 *(.fini_array)
 .fini_array    0x08004604        0x4 /home/laurence/CodeSourcery/Sourcery_G++_Lite/bin/../lib/gcc/arm-none-eabi/4.4.1/thumb2/crtbegin.o
 *(SORT(.fini_array.*))
                0x08004608                __fini_array_end = .
 *crtbegin.o(.dtors)
 *(EXCLUDE_FILE(*crtend.o) .dtors)
 *(SORT(.dtors.*))
 *crtend.o(.dtors)
                0x08004608                . = ALIGN (0x4)
                0x08004608                __cs3_regions = .
                0x08004608        0x4 LONG 0x0
                0x0800460c        0x4 LONG 0x8004620 __cs3_region_init_ram
                0x08004610        0x4 LONG 0x20000000 __cs3_region_start_ram
                0x08004614        0x4 LONG 0x38 __cs3_region_init_size_ram
                0x08004618        0x4 LONG 0x1f8 __cs3_region_zero_size_ram
                0x0800461c                __exidx_start = .

.v4_bx          0x0800461c        0x0
 .v4_bx         0x00000000        0x0 linker stubs

.ARM.exidx
 *(.ARM.exidx* .gnu.linkonce.armexidx.*)
                0x0800461c                __exidx_end = .

.text.align     0x0800461c        0x4
                0x08004620                . = ALIGN (0x8)
 *fill*         0x0800461c        0x4 00
                0x08004620                _etext = .
                0x08020000                __cs3_region_end_rom = (__cs3_region_start_rom + 0x20000)
                0x00020000                __cs3_region_size_rom = 0x20000
                0x00000001                __cs3_region_num = 0x1

.data           0x20000000       0x38 load address 0x08004620
                0x20000000                __cs3_region_start_ram = .
 *(.cs3.region-head.ram)
 *(.jcr)
 .jcr           0x20000000        0x0 /home/laurence/CodeSourcery/Sourcery_G++_Lite/bin/../lib/gcc/arm-none-eabi/4.4.1/thumb2/crtbegin.o
 .jcr           0x20000000        0x4 /home/laurence/CodeSourcery/Sourcery_G++_Lite/bin/../lib/gcc/arm-none-eabi/4.4.1/thumb2/crtend.o
 *(.got.plt)
 *(.got)
 *(.shdata)
 *(.data .data.* .gnu.linkonce.d.*)
 .data          0x20000004       0x20 Sensors/ubx.o
 .data          0x20000024       0x14 lib/STM32F10x_StdPeriph_Driver/libstm32fw.a(stm32f10x_rcc.o)
 *(.ram)
                0x20000038                . = ALIGN (0x8)
                0x20000038                _edata = .

.bss            0x20000038      0x1f8 load address 0x08004658
 *(.shbss)
 *(.bss .bss.* .gnu.linkonce.b.*)
 .bss           0x20000038        0x1 /home/laurence/CodeSourcery/Sourcery_G++_Lite/bin/../lib/gcc/arm-none-eabi/4.4.1/thumb2/crtbegin.o
 *fill*         0x20000039        0x1 00
 .bss           0x2000003a        0xa Sensors/ubx.o
 .bss           0x20000044       0x84 Util/rprintf.o
 .bss           0x200000c8      0x168 main.o
                0x200000c8                Gps_Buffer
                0x200001cc                Gps
                0x200001f0                Nav
 *(COMMON)
 *(.ram.b)
                0x20000230                . = ALIGN (0x8)
                0x20000230                _end = .
                0x20000230                __end = .
                0x20005000                __cs3_region_end_ram = (__cs3_region_start_ram + 0x5000)
                0x00005000                __cs3_region_size_ram = 0x5000
                0x08004620                __cs3_region_init_ram = LOADADDR (.data)
                0x00000038                __cs3_region_init_size_ram = (_edata - ADDR (.data))
                0x000001f8                __cs3_region_zero_size_ram = (_end - _edata)
                0x00000001                __cs3_region_num = 0x1

.stab
 *(.stab)

.stabstr
 *(.stabstr)

.debug
 *(.debug)

.line
 *(.line)

.debug_srcinfo
 *(.debug_srcinfo)

.debug_sfnames
 *(.debug_sfnames)

.debug_aranges
 *(.debug_aranges)

.debug_pubnames
 *(.debug_pubnames)

.debug_info
 *(.debug_info .gnu.linkonce.wi.*)

.debug_abbrev
 *(.debug_abbrev)

.debug_line
 *(.debug_line)

.comment        0x00000000      0x45e
 .comment       0x00000000       0x2b Control/ekf.o
 .comment       0x0000002b       0x2b Sensors/earth_field.o
 .comment       0x00000056       0x2b Sensors/ubx.o
 .comment       0x00000081       0x2b Util/Fatfs/fattime.o
 .comment       0x000000ac       0x2b Util/Fatfs/ff.o
 .comment       0x000000d7       0x2b Util/Fatfs/rtc.o
 .comment       0x00000102       0x2b Util/Fatfs/sd_spi_stm32.o
 .comment       0x0000012d       0x2b Util/delay.o
 .comment       0x00000158       0x2b Util/rprintf.o
 .comment       0x00000183       0x2b dma.o
 .comment       0x000001ae       0x2b gpio.o
 .comment       0x000001d9       0x2b i2c.o
 .comment       0x00000204       0x2b interrupts.o
 .comment       0x0000022f       0x2b lib/CMSIS_CM3/core_cm3.o
 .comment       0x0000025a       0x2b lib/CMSIS_CM3/system_stm32f10x.o
 .comment       0x00000285       0x2b main.o
 .comment       0x000002b0       0x2b usart.o
 .comment       0x000002db       0x2b lib/STM32F10x_StdPeriph_Driver/libstm32fw.a(stm32f10x_bkp.o)
 .comment       0x00000306       0x2b lib/STM32F10x_StdPeriph_Driver/libstm32fw.a(stm32f10x_dma.o)
 .comment       0x00000331       0x2b lib/STM32F10x_StdPeriph_Driver/libstm32fw.a(stm32f10x_gpio.o)
 .comment       0x0000035c       0x2b lib/STM32F10x_StdPeriph_Driver/libstm32fw.a(stm32f10x_i2c.o)
 .comment       0x00000387       0x2b lib/STM32F10x_StdPeriph_Driver/libstm32fw.a(stm32f10x_pwr.o)
 .comment       0x000003b2       0x2b lib/STM32F10x_StdPeriph_Driver/libstm32fw.a(stm32f10x_rcc.o)
 .comment       0x000003dd       0x2b lib/STM32F10x_StdPeriph_Driver/libstm32fw.a(stm32f10x_rtc.o)
 .comment       0x00000408       0x2b lib/STM32F10x_StdPeriph_Driver/libstm32fw.a(stm32f10x_spi.o)
 .comment       0x00000433       0x2b lib/STM32F10x_StdPeriph_Driver/libstm32fw.a(stm32f10x_usart.o)

.debug_frame    0x00000000      0x660
 *(.debug_frame)
 .debug_frame   0x00000000       0x34 /home/laurence/CodeSourcery/Sourcery_G++_Lite/bin/../lib/gcc/arm-none-eabi/4.4.1/../../../../arm-none-eabi/lib/thumb2/libm.a(lib_a-s_cos.o)
 .debug_frame   0x00000034       0x34 /home/laurence/CodeSourcery/Sourcery_G++_Lite/bin/../lib/gcc/arm-none-eabi/4.4.1/../../../../arm-none-eabi/lib/thumb2/libm.a(lib_a-s_sin.o)
 .debug_frame   0x00000068       0x38 /home/laurence/CodeSourcery/Sourcery_G++_Lite/bin/../lib/gcc/arm-none-eabi/4.4.1/../../../../arm-none-eabi/lib/thumb2/libm.a(lib_a-w_asin.o)
 .debug_frame   0x000000a0       0x20 /home/laurence/CodeSourcery/Sourcery_G++_Lite/bin/../lib/gcc/arm-none-eabi/4.4.1/../../../../arm-none-eabi/lib/thumb2/libm.a(lib_a-w_atan2.o)
 .debug_frame   0x000000c0       0x3c /home/laurence/CodeSourcery/Sourcery_G++_Lite/bin/../lib/gcc/arm-none-eabi/4.4.1/../../../../arm-none-eabi/lib/thumb2/libm.a(lib_a-w_sqrt.o)
 .debug_frame   0x000000fc       0x3c /home/laurence/CodeSourcery/Sourcery_G++_Lite/bin/../lib/gcc/arm-none-eabi/4.4.1/../../../../arm-none-eabi/lib/thumb2/libm.a(lib_a-e_asin.o)
 .debug_frame   0x00000138       0x3c /home/laurence/CodeSourcery/Sourcery_G++_Lite/bin/../lib/gcc/arm-none-eabi/4.4.1/../../../../arm-none-eabi/lib/thumb2/libm.a(lib_a-e_atan2.o)
 .debug_frame   0x00000174       0x3c /home/laurence/CodeSourcery/Sourcery_G++_Lite/bin/../lib/gcc/arm-none-eabi/4.4.1/../../../../arm-none-eabi/lib/thumb2/libm.a(lib_a-e_rem_pio2.o)
 .debug_frame   0x000001b0       0x34 /home/laurence/CodeSourcery/Sourcery_G++_Lite/bin/../lib/gcc/arm-none-eabi/4.4.1/../../../../arm-none-eabi/lib/thumb2/libm.a(lib_a-e_sqrt.o)
 .debug_frame   0x000001e4       0x3c /home/laurence/CodeSourcery/Sourcery_G++_Lite/bin/../lib/gcc/arm-none-eabi/4.4.1/../../../../arm-none-eabi/lib/thumb2/libm.a(lib_a-k_cos.o)
 .debug_frame   0x00000220       0x3c /home/laurence/CodeSourcery/Sourcery_G++_Lite/bin/../lib/gcc/arm-none-eabi/4.4.1/../../../../arm-none-eabi/lib/thumb2/libm.a(lib_a-k_rem_pio2.o)
 .debug_frame   0x0000025c       0x3c /home/laurence/CodeSourcery/Sourcery_G++_Lite/bin/../lib/gcc/arm-none-eabi/4.4.1/../../../../arm-none-eabi/lib/thumb2/libm.a(lib_a-k_sin.o)
 .debug_frame   0x00000298       0x38 /home/laurence/CodeSourcery/Sourcery_G++_Lite/bin/../lib/gcc/arm-none-eabi/4.4.1/../../../../arm-none-eabi/lib/thumb2/libm.a(lib_a-s_atan.o)
 .debug_frame   0x000002d0       0x20 /home/laurence/CodeSourcery/Sourcery_G++_Lite/bin/../lib/gcc/arm-none-eabi/4.4.1/../../../../arm-none-eabi/lib/thumb2/libm.a(lib_a-s_fabs.o)
 .debug_frame   0x000002f0       0x34 /home/laurence/CodeSourcery/Sourcery_G++_Lite/bin/../lib/gcc/arm-none-eabi/4.4.1/../../../../arm-none-eabi/lib/thumb2/libm.a(lib_a-s_floor.o)
 .debug_frame   0x00000324       0x20 /home/laurence/CodeSourcery/Sourcery_G++_Lite/bin/../lib/gcc/arm-none-eabi/4.4.1/../../../../arm-none-eabi/lib/thumb2/libm.a(lib_a-s_isnand.o)
 .debug_frame   0x00000344       0x20 /home/laurence/CodeSourcery/Sourcery_G++_Lite/bin/../lib/gcc/arm-none-eabi/4.4.1/../../../../arm-none-eabi/lib/thumb2/libm.a(lib_a-s_matherr.o)
 .debug_frame   0x00000364       0x20 /home/laurence/CodeSourcery/Sourcery_G++_Lite/bin/../lib/gcc/arm-none-eabi/4.4.1/../../../../arm-none-eabi/lib/thumb2/libm.a(lib_a-s_nan.o)
 .debug_frame   0x00000384       0x30 /home/laurence/CodeSourcery/Sourcery_G++_Lite/bin/../lib/gcc/arm-none-eabi/4.4.1/../../../../arm-none-eabi/lib/thumb2/libm.a(lib_a-s_scalbn.o)
 .debug_frame   0x000003b4       0x28 /home/laurence/CodeSourcery/Sourcery_G++_Lite/bin/../lib/gcc/arm-none-eabi/4.4.1/../../../../arm-none-eabi/lib/thumb2/libm.a(lib_a-s_copysign.o)
 .debug_frame   0x000003dc       0x20 /home/laurence/CodeSourcery/Sourcery_G++_Lite/bin/../lib/gcc/arm-none-eabi/4.4.1/thumb2/libgcc.a(_divsi3.o)
 .debug_frame   0x000003fc       0x20 /home/laurence/CodeSourcery/Sourcery_G++_Lite/bin/../lib/gcc/arm-none-eabi/4.4.1/../../../../arm-none-eabi/lib/thumb2/libc.a(lib_a-errno.o)
 .debug_frame   0x0000041c       0x30 /home/laurence/CodeSourcery/Sourcery_G++_Lite/bin/../lib/gcc/arm-none-eabi/4.4.1/../../../../arm-none-eabi/lib/thumb2/libc.a(lib_a-malloc.o)
 .debug_frame   0x0000044c       0x3c /home/laurence/CodeSourcery/Sourcery_G++_Lite/bin/../lib/gcc/arm-none-eabi/4.4.1/../../../../arm-none-eabi/lib/thumb2/libc.a(lib_a-mallocr.o)
 .debug_frame   0x00000488       0x34 /home/laurence/CodeSourcery/Sourcery_G++_Lite/bin/../lib/gcc/arm-none-eabi/4.4.1/../../../../arm-none-eabi/lib/thumb2/libc.a(lib_a-memcpy.o)
 .debug_frame   0x000004bc       0x30 /home/laurence/CodeSourcery/Sourcery_G++_Lite/bin/../lib/gcc/arm-none-eabi/4.4.1/../../../../arm-none-eabi/lib/thumb2/libc.a(lib_a-mlock.o)
 .debug_frame   0x000004ec       0x2c /home/laurence/CodeSourcery/Sourcery_G++_Lite/bin/../lib/gcc/arm-none-eabi/4.4.1/../../../../arm-none-eabi/lib/thumb2/libc.a(lib_a-sbrkr.o)
 .debug_frame   0x00000518       0x50 /home/laurence/CodeSourcery/Sourcery_G++_Lite/bin/../lib/gcc/arm-none-eabi/4.4.1/../../../../arm-none-eabi/lib/thumb2/libc.a(lib_a-freer.o)
 .debug_frame   0x00000568       0x64 /home/laurence/CodeSourcery/Sourcery_G++_Lite/bin/../lib/gcc/arm-none-eabi/4.4.1/../../../../arm-none-eabi/lib/thumb2/libc.a(lib_a-reent.o)
 .debug_frame   0x000005cc       0x40 /home/laurence/CodeSourcery/Sourcery_G++_Lite/bin/../lib/gcc/arm-none-eabi/4.4.1/../../../../arm-none-eabi/lib/thumb2/libcs3.a(start_c.o)
 .debug_frame   0x0000060c       0x28 /home/laurence/CodeSourcery/Sourcery_G++_Lite/bin/../lib/gcc/arm-none-eabi/4.4.1/../../../../arm-none-eabi/lib/thumb2/libcs3unhosted.a(unhosted-sbrk.o)
 .debug_frame   0x00000634       0x2c /home/laurence/CodeSourcery/Sourcery_G++_Lite/bin/../lib/gcc/arm-none-eabi/4.4.1/../../../../arm-none-eabi/lib/thumb2/libc.a(lib_a-init.o)

.debug_str
 *(.debug_str)

.debug_loc
 *(.debug_loc)

.debug_macinfo
 *(.debug_macinfo)

.debug_weaknames
 *(.debug_weaknames)

.debug_funcnames
 *(.debug_funcnames)

.debug_typenames
 *(.debug_typenames)

.debug_varnames
 *(.debug_varnames)

.note.gnu.arm.ident
 *(.note.gnu.arm.ident)

.ARM.attributes
                0x00000000       0x25
 *(.ARM.attributes)
 .ARM.attributes
                0x00000000       0x19 /home/laurence/CodeSourcery/Sourcery_G++_Lite/bin/../lib/gcc/arm-none-eabi/4.4.1/thumb2/crti.o
 .ARM.attributes
                0x00000019       0x29 /home/laurence/CodeSourcery/Sourcery_G++_Lite/bin/../lib/gcc/arm-none-eabi/4.4.1/thumb2/crtbegin.o
 .ARM.attributes
                0x00000042       0x31 Control/ekf.o
 .ARM.attributes
                0x00000073       0x31 Sensors/earth_field.o
 .ARM.attributes
                0x000000a4       0x31 Sensors/ubx.o
 .ARM.attributes
                0x000000d5       0x31 Util/Fatfs/fattime.o
 .ARM.attributes
                0x00000106       0x31 Util/Fatfs/ff.o
 .ARM.attributes
                0x00000137       0x31 Util/Fatfs/rtc.o
 .ARM.attributes
                0x00000168       0x31 Util/Fatfs/sd_spi_stm32.o
 .ARM.attributes
                0x00000199       0x31 Util/delay.o
 .ARM.attributes
                0x000001ca       0x31 Util/rprintf.o
 .ARM.attributes
                0x000001fb       0x31 dma.o
 .ARM.attributes
                0x0000022c       0x31 gpio.o
 .ARM.attributes
                0x0000025d       0x31 i2c.o
 .ARM.attributes
                0x0000028e       0x31 interrupts.o
 .ARM.attributes
                0x000002bf       0x31 lib/CMSIS_CM3/core_cm3.o
 .ARM.attributes
                0x000002f0       0x21 lib/CMSIS_CM3/startup/gcc/startup_stm32f10x_md.o
 .ARM.attributes
                0x00000311       0x31 lib/CMSIS_CM3/system_stm32f10x.o
 .ARM.attributes
                0x00000342       0x31 main.o
 .ARM.attributes
                0x00000373       0x31 usart.o
 .ARM.attributes
                0x000003a4       0x31 lib/STM32F10x_StdPeriph_Driver/libstm32fw.a(stm32f10x_bkp.o)
 .ARM.attributes
                0x000003d5       0x31 lib/STM32F10x_StdPeriph_Driver/libstm32fw.a(stm32f10x_dma.o)
 .ARM.attributes
                0x00000406       0x31 lib/STM32F10x_StdPeriph_Driver/libstm32fw.a(stm32f10x_gpio.o)
 .ARM.attributes
                0x00000437       0x31 lib/STM32F10x_StdPeriph_Driver/libstm32fw.a(stm32f10x_i2c.o)
 .ARM.attributes
                0x00000468       0x31 lib/STM32F10x_StdPeriph_Driver/libstm32fw.a(stm32f10x_pwr.o)
 .ARM.attributes
                0x00000499       0x31 lib/STM32F10x_StdPeriph_Driver/libstm32fw.a(stm32f10x_rcc.o)
 .ARM.attributes
                0x000004ca       0x31 lib/STM32F10x_StdPeriph_Driver/libstm32fw.a(stm32f10x_rtc.o)
 .ARM.attributes
                0x000004fb       0x31 lib/STM32F10x_StdPeriph_Driver/libstm32fw.a(stm32f10x_spi.o)
 .ARM.attributes
                0x0000052c       0x31 lib/STM32F10x_StdPeriph_Driver/libstm32fw.a(stm32f10x_usart.o)
 .ARM.attributes
                0x0000055d       0x29 /home/laurence/CodeSourcery/Sourcery_G++_Lite/bin/../lib/gcc/arm-none-eabi/4.4.1/../../../../arm-none-eabi/lib/thumb2/libm.a(lib_a-s_cos.o)
 .ARM.attributes
                0x00000586       0x29 /home/laurence/CodeSourcery/Sourcery_G++_Lite/bin/../lib/gcc/arm-none-eabi/4.4.1/../../../../arm-none-eabi/lib/thumb2/libm.a(lib_a-s_sin.o)
 .ARM.attributes
                0x000005af       0x29 /home/laurence/CodeSourcery/Sourcery_G++_Lite/bin/../lib/gcc/arm-none-eabi/4.4.1/../../../../arm-none-eabi/lib/thumb2/libm.a(lib_a-w_asin.o)
 .ARM.attributes
                0x000005d8       0x29 /home/laurence/CodeSourcery/Sourcery_G++_Lite/bin/../lib/gcc/arm-none-eabi/4.4.1/../../../../arm-none-eabi/lib/thumb2/libm.a(lib_a-w_atan2.o)
 .ARM.attributes
                0x00000601       0x29 /home/laurence/CodeSourcery/Sourcery_G++_Lite/bin/../lib/gcc/arm-none-eabi/4.4.1/../../../../arm-none-eabi/lib/thumb2/libm.a(lib_a-w_sqrt.o)
 .ARM.attributes
                0x0000062a       0x29 /home/laurence/CodeSourcery/Sourcery_G++_Lite/bin/../lib/gcc/arm-none-eabi/4.4.1/../../../../arm-none-eabi/lib/thumb2/libm.a(lib_a-e_asin.o)
 .ARM.attributes
                0x00000653       0x29 /home/laurence/CodeSourcery/Sourcery_G++_Lite/bin/../lib/gcc/arm-none-eabi/4.4.1/../../../../arm-none-eabi/lib/thumb2/libm.a(lib_a-e_atan2.o)
 .ARM.attributes
                0x0000067c       0x29 /home/laurence/CodeSourcery/Sourcery_G++_Lite/bin/../lib/gcc/arm-none-eabi/4.4.1/../../../../arm-none-eabi/lib/thumb2/libm.a(lib_a-e_rem_pio2.o)
 .ARM.attributes
                0x000006a5       0x29 /home/laurence/CodeSourcery/Sourcery_G++_Lite/bin/../lib/gcc/arm-none-eabi/4.4.1/../../../../arm-none-eabi/lib/thumb2/libm.a(lib_a-e_sqrt.o)
 .ARM.attributes
                0x000006ce       0x29 /home/laurence/CodeSourcery/Sourcery_G++_Lite/bin/../lib/gcc/arm-none-eabi/4.4.1/../../../../arm-none-eabi/lib/thumb2/libm.a(lib_a-k_cos.o)
 .ARM.attributes
                0x000006f7       0x29 /home/laurence/CodeSourcery/Sourcery_G++_Lite/bin/../lib/gcc/arm-none-eabi/4.4.1/../../../../arm-none-eabi/lib/thumb2/libm.a(lib_a-k_rem_pio2.o)
 .ARM.attributes
                0x00000720       0x29 /home/laurence/CodeSourcery/Sourcery_G++_Lite/bin/../lib/gcc/arm-none-eabi/4.4.1/../../../../arm-none-eabi/lib/thumb2/libm.a(lib_a-k_sin.o)
 .ARM.attributes
                0x00000749       0x29 /home/laurence/CodeSourcery/Sourcery_G++_Lite/bin/../lib/gcc/arm-none-eabi/4.4.1/../../../../arm-none-eabi/lib/thumb2/libm.a(lib_a-s_atan.o)
 .ARM.attributes
                0x00000772       0x29 /home/laurence/CodeSourcery/Sourcery_G++_Lite/bin/../lib/gcc/arm-none-eabi/4.4.1/../../../../arm-none-eabi/lib/thumb2/libm.a(lib_a-s_fabs.o)
 .ARM.attributes
                0x0000079b       0x29 /home/laurence/CodeSourcery/Sourcery_G++_Lite/bin/../lib/gcc/arm-none-eabi/4.4.1/../../../../arm-none-eabi/lib/thumb2/libm.a(lib_a-s_floor.o)
 .ARM.attributes
                0x000007c4       0x29 /home/laurence/CodeSourcery/Sourcery_G++_Lite/bin/../lib/gcc/arm-none-eabi/4.4.1/../../../../arm-none-eabi/lib/thumb2/libm.a(lib_a-s_isnand.o)
 .ARM.attributes
                0x000007ed       0x29 /home/laurence/CodeSourcery/Sourcery_G++_Lite/bin/../lib/gcc/arm-none-eabi/4.4.1/../../../../arm-none-eabi/lib/thumb2/libm.a(lib_a-s_lib_ver.o)
 .ARM.attributes
                0x00000816       0x29 /home/laurence/CodeSourcery/Sourcery_G++_Lite/bin/../lib/gcc/arm-none-eabi/4.4.1/../../../../arm-none-eabi/lib/thumb2/libm.a(lib_a-s_matherr.o)
 .ARM.attributes
                0x0000083f       0x29 /home/laurence/CodeSourcery/Sourcery_G++_Lite/bin/../lib/gcc/arm-none-eabi/4.4.1/../../../../arm-none-eabi/lib/thumb2/libm.a(lib_a-s_nan.o)
 .ARM.attributes
                0x00000868       0x29 /home/laurence/CodeSourcery/Sourcery_G++_Lite/bin/../lib/gcc/arm-none-eabi/4.4.1/../../../../arm-none-eabi/lib/thumb2/libm.a(lib_a-s_scalbn.o)
 .ARM.attributes
                0x00000891       0x29 /home/laurence/CodeSourcery/Sourcery_G++_Lite/bin/../lib/gcc/arm-none-eabi/4.4.1/../../../../arm-none-eabi/lib/thumb2/libm.a(lib_a-s_copysign.o)
 .ARM.attributes
                0x000008ba       0x1b /home/laurence/CodeSourcery/Sourcery_G++_Lite/bin/../lib/gcc/arm-none-eabi/4.4.1/thumb2/libgcc.a(_divsi3.o)
 .ARM.attributes
                0x000008d5       0x1b /home/laurence/CodeSourcery/Sourcery_G++_Lite/bin/../lib/gcc/arm-none-eabi/4.4.1/thumb2/libgcc.a(_dvmd_tls.o)
 .ARM.attributes
                0x000008f0       0x1b /home/laurence/CodeSourcery/Sourcery_G++_Lite/bin/../lib/gcc/arm-none-eabi/4.4.1/thumb2/libgcc.a(_arm_addsubdf3.o)
 .ARM.attributes
                0x0000090b       0x1b /home/laurence/CodeSourcery/Sourcery_G++_Lite/bin/../lib/gcc/arm-none-eabi/4.4.1/thumb2/libgcc.a(_arm_muldivdf3.o)
 .ARM.attributes
                0x00000926       0x1b /home/laurence/CodeSourcery/Sourcery_G++_Lite/bin/../lib/gcc/arm-none-eabi/4.4.1/thumb2/libgcc.a(_arm_cmpdf2.o)
 .ARM.attributes
                0x00000941       0x1b /home/laurence/CodeSourcery/Sourcery_G++_Lite/bin/../lib/gcc/arm-none-eabi/4.4.1/thumb2/libgcc.a(_arm_fixdfsi.o)
 .ARM.attributes
                0x0000095c       0x1b /home/laurence/CodeSourcery/Sourcery_G++_Lite/bin/../lib/gcc/arm-none-eabi/4.4.1/thumb2/libgcc.a(_arm_truncdfsf2.o)
 .ARM.attributes
                0x00000977       0x1b /home/laurence/CodeSourcery/Sourcery_G++_Lite/bin/../lib/gcc/arm-none-eabi/4.4.1/thumb2/libgcc.a(_arm_addsubsf3.o)
 .ARM.attributes
                0x00000992       0x1b /home/laurence/CodeSourcery/Sourcery_G++_Lite/bin/../lib/gcc/arm-none-eabi/4.4.1/thumb2/libgcc.a(_arm_muldivsf3.o)
 .ARM.attributes
                0x000009ad       0x1b /home/laurence/CodeSourcery/Sourcery_G++_Lite/bin/../lib/gcc/arm-none-eabi/4.4.1/thumb2/libgcc.a(_arm_cmpsf2.o)
 .ARM.attributes
                0x000009c8       0x1b /home/laurence/CodeSourcery/Sourcery_G++_Lite/bin/../lib/gcc/arm-none-eabi/4.4.1/thumb2/libgcc.a(_arm_fixunssfsi.o)
 .ARM.attributes
                0x000009e3       0x29 /home/laurence/CodeSourcery/Sourcery_G++_Lite/bin/../lib/gcc/arm-none-eabi/4.4.1/../../../../arm-none-eabi/lib/thumb2/libc.a(lib_a-errno.o)
 .ARM.attributes
                0x00000a0c       0x29 /home/laurence/CodeSourcery/Sourcery_G++_Lite/bin/../lib/gcc/arm-none-eabi/4.4.1/../../../../arm-none-eabi/lib/thumb2/libc.a(lib_a-impure.o)
 .ARM.attributes
                0x00000a35       0x29 /home/laurence/CodeSourcery/Sourcery_G++_Lite/bin/../lib/gcc/arm-none-eabi/4.4.1/../../../../arm-none-eabi/lib/thumb2/libc.a(lib_a-malloc.o)
 .ARM.attributes
                0x00000a5e       0x29 /home/laurence/CodeSourcery/Sourcery_G++_Lite/bin/../lib/gcc/arm-none-eabi/4.4.1/../../../../arm-none-eabi/lib/thumb2/libc.a(lib_a-mallocr.o)
 .ARM.attributes
                0x00000a87       0x29 /home/laurence/CodeSourcery/Sourcery_G++_Lite/bin/../lib/gcc/arm-none-eabi/4.4.1/../../../../arm-none-eabi/lib/thumb2/libc.a(lib_a-memcpy.o)
 .ARM.attributes
                0x00000ab0       0x29 /home/laurence/CodeSourcery/Sourcery_G++_Lite/bin/../lib/gcc/arm-none-eabi/4.4.1/../../../../arm-none-eabi/lib/thumb2/libc.a(lib_a-mlock.o)
 .ARM.attributes
                0x00000ad9       0x29 /home/laurence/CodeSourcery/Sourcery_G++_Lite/bin/../lib/gcc/arm-none-eabi/4.4.1/../../../../arm-none-eabi/lib/thumb2/libc.a(lib_a-sbrkr.o)
 .ARM.attributes
                0x00000b02       0x29 /home/laurence/CodeSourcery/Sourcery_G++_Lite/bin/../lib/gcc/arm-none-eabi/4.4.1/../../../../arm-none-eabi/lib/thumb2/libc.a(lib_a-freer.o)
 .ARM.attributes
                0x00000b2b       0x29 /home/laurence/CodeSourcery/Sourcery_G++_Lite/bin/../lib/gcc/arm-none-eabi/4.4.1/../../../../arm-none-eabi/lib/thumb2/libc.a(lib_a-reent.o)
 .ARM.attributes
                0x00000b54       0x29 /home/laurence/CodeSourcery/Sourcery_G++_Lite/bin/../lib/gcc/arm-none-eabi/4.4.1/thumb2/crtend.o
 .ARM.attributes
                0x00000b7d       0x19 /home/laurence/CodeSourcery/Sourcery_G++_Lite/bin/../lib/gcc/arm-none-eabi/4.4.1/thumb2/crtn.o
 .ARM.attributes
                0x00000b96       0x29 /home/laurence/CodeSourcery/Sourcery_G++_Lite/bin/../lib/gcc/arm-none-eabi/4.4.1/../../../../arm-none-eabi/lib/thumb2/libcs3.a(start_c.o)
 .ARM.attributes
                0x00000bbf       0x29 /home/laurence/CodeSourcery/Sourcery_G++_Lite/bin/../lib/gcc/arm-none-eabi/4.4.1/../../../../arm-none-eabi/lib/thumb2/libcs3unhosted.a(unhosted-sbrk.o)
 .ARM.attributes
                0x00000be8       0x19 /home/laurence/CodeSourcery/Sourcery_G++_Lite/bin/../lib/gcc/arm-none-eabi/4.4.1/../../../../arm-none-eabi/lib/thumb2/libcs3unhosted.a(unhosted-start.o)
 .ARM.attributes
                0x00000c01       0x1f lib/libcs3-lanchon-stm32.a(lanchon-stm32-vector.o)
 .ARM.attributes
                0x00000c20       0x21 lib/libcs3-lanchon-stm32.a(lanchon_stm32_isr_interrupt.o)
 .ARM.attributes
                0x00000c41       0x29 /home/laurence/CodeSourcery/Sourcery_G++_Lite/bin/../lib/gcc/arm-none-eabi/4.4.1/../../../../arm-none-eabi/lib/thumb2/libc.a(lib_a-init.o)
 .ARM.attributes
                0x00000c6a       0x29 /home/laurence/CodeSourcery/Sourcery_G++_Lite/bin/../lib/gcc/arm-none-eabi/4.4.1/../../../../arm-none-eabi/lib/thumb2/libcs3.a(heap.o)

/DISCARD/
 *(.note.GNU-stack)
OUTPUT(main.elf elf32-littlearm)

Cross Reference Table

Symbol                                            File
ADC1_2_IRQHandler                                 lib/CMSIS_CM3/startup/gcc/startup_stm32f10x_md.o
ADC_IRQHandler                                    lib/libcs3-lanchon-stm32.a(lanchon_stm32_isr_interrupt.o)
                                                  lib/libcs3-lanchon-stm32.a(lanchon-stm32-vector.o)
Acc_Init                                          i2c.o
                                                  main.o
All_IO_Configuration                              gpio.o
                                                  main.o
Aux_Devices_Configuration                         gpio.o
BKP_ClearFlag                                     lib/STM32F10x_StdPeriph_Driver/libstm32fw.a(stm32f10x_bkp.o)
BKP_ClearITPendingBit                             lib/STM32F10x_StdPeriph_Driver/libstm32fw.a(stm32f10x_bkp.o)
BKP_DeInit                                        lib/STM32F10x_StdPeriph_Driver/libstm32fw.a(stm32f10x_bkp.o)
                                                  Util/Fatfs/rtc.o
BKP_GetFlagStatus                                 lib/STM32F10x_StdPeriph_Driver/libstm32fw.a(stm32f10x_bkp.o)
BKP_GetITStatus                                   lib/STM32F10x_StdPeriph_Driver/libstm32fw.a(stm32f10x_bkp.o)
BKP_ITConfig                                      lib/STM32F10x_StdPeriph_Driver/libstm32fw.a(stm32f10x_bkp.o)
BKP_RTCOutputConfig                               lib/STM32F10x_StdPeriph_Driver/libstm32fw.a(stm32f10x_bkp.o)
BKP_ReadBackupRegister                            lib/STM32F10x_StdPeriph_Driver/libstm32fw.a(stm32f10x_bkp.o)
                                                  Util/Fatfs/rtc.o
BKP_SetRTCCalibrationValue                        lib/STM32F10x_StdPeriph_Driver/libstm32fw.a(stm32f10x_bkp.o)
BKP_TamperPinCmd                                  lib/STM32F10x_StdPeriph_Driver/libstm32fw.a(stm32f10x_bkp.o)
BKP_TamperPinLevelConfig                          lib/STM32F10x_StdPeriph_Driver/libstm32fw.a(stm32f10x_bkp.o)
BKP_WriteBackupRegister                           lib/STM32F10x_StdPeriph_Driver/libstm32fw.a(stm32f10x_bkp.o)
                                                  Util/Fatfs/rtc.o
Be                                                Control/ekf.o
BusFaultException                                 lib/libcs3-lanchon-stm32.a(lanchon_stm32_isr_interrupt.o)
                                                  lib/libcs3-lanchon-stm32.a(lanchon-stm32-vector.o)
BusFault_Handler                                  interrupts.o
Bytes_In_Buffer                                   dma.o
                                                  main.o
                                                  Sensors/ubx.o
CAN1_RX1_IRQHandler                               lib/CMSIS_CM3/startup/gcc/startup_stm32f10x_md.o
CAN1_SCE_IRQHandler                               lib/CMSIS_CM3/startup/gcc/startup_stm32f10x_md.o
CAN_RX1_IRQHandler                                lib/libcs3-lanchon-stm32.a(lanchon_stm32_isr_interrupt.o)
                                                  lib/libcs3-lanchon-stm32.a(lanchon-stm32-vector.o)
CAN_SCE_IRQHandler                                lib/libcs3-lanchon-stm32.a(lanchon_stm32_isr_interrupt.o)
                                                  lib/libcs3-lanchon-stm32.a(lanchon-stm32-vector.o)
Config_Gps                                        Sensors/ubx.o
                                                  main.o
CovariancePrediction                              Control/ekf.o
DMA1_Channel1_IRQHandler                          lib/CMSIS_CM3/startup/gcc/startup_stm32f10x_md.o
DMA1_Channel2_IRQHandler                          lib/CMSIS_CM3/startup/gcc/startup_stm32f10x_md.o
DMA1_Channel3_IRQHandler                          lib/CMSIS_CM3/startup/gcc/startup_stm32f10x_md.o
DMA1_Channel4_IRQHandler                          lib/CMSIS_CM3/startup/gcc/startup_stm32f10x_md.o
DMA1_Channel5_IRQHandler                          lib/CMSIS_CM3/startup/gcc/startup_stm32f10x_md.o
DMA1_Channel6_IRQHandler                          lib/CMSIS_CM3/startup/gcc/startup_stm32f10x_md.o
DMA1_Channel7_IRQHandler                          lib/CMSIS_CM3/startup/gcc/startup_stm32f10x_md.o
DMAChannel1_IRQHandler                            lib/libcs3-lanchon-stm32.a(lanchon_stm32_isr_interrupt.o)
                                                  lib/libcs3-lanchon-stm32.a(lanchon-stm32-vector.o)
DMAChannel2_IRQHandler                            lib/libcs3-lanchon-stm32.a(lanchon_stm32_isr_interrupt.o)
                                                  lib/libcs3-lanchon-stm32.a(lanchon-stm32-vector.o)
DMAChannel3_IRQHandler                            lib/libcs3-lanchon-stm32.a(lanchon_stm32_isr_interrupt.o)
                                                  lib/libcs3-lanchon-stm32.a(lanchon-stm32-vector.o)
DMAChannel4_IRQHandler                            lib/libcs3-lanchon-stm32.a(lanchon_stm32_isr_interrupt.o)
                                                  lib/libcs3-lanchon-stm32.a(lanchon-stm32-vector.o)
DMAChannel5_IRQHandler                            lib/libcs3-lanchon-stm32.a(lanchon_stm32_isr_interrupt.o)
                                                  lib/libcs3-lanchon-stm32.a(lanchon-stm32-vector.o)
DMAChannel6_IRQHandler                            lib/libcs3-lanchon-stm32.a(lanchon_stm32_isr_interrupt.o)
                                                  lib/libcs3-lanchon-stm32.a(lanchon-stm32-vector.o)
DMAChannel7_IRQHandler                            lib/libcs3-lanchon-stm32.a(lanchon_stm32_isr_interrupt.o)
                                                  lib/libcs3-lanchon-stm32.a(lanchon-stm32-vector.o)
DMA_ClearFlag                                     lib/STM32F10x_StdPeriph_Driver/libstm32fw.a(stm32f10x_dma.o)
DMA_ClearITPendingBit                             lib/STM32F10x_StdPeriph_Driver/libstm32fw.a(stm32f10x_dma.o)
DMA_Cmd                                           lib/STM32F10x_StdPeriph_Driver/libstm32fw.a(stm32f10x_dma.o)
                                                  main.o
DMA_Configuration                                 dma.o
                                                  main.o
DMA_DeInit                                        lib/STM32F10x_StdPeriph_Driver/libstm32fw.a(stm32f10x_dma.o)
                                                  dma.o
DMA_GetCurrDataCounter                            lib/STM32F10x_StdPeriph_Driver/libstm32fw.a(stm32f10x_dma.o)
                                                  dma.o
DMA_GetFlagStatus                                 lib/STM32F10x_StdPeriph_Driver/libstm32fw.a(stm32f10x_dma.o)
DMA_GetITStatus                                   lib/STM32F10x_StdPeriph_Driver/libstm32fw.a(stm32f10x_dma.o)
DMA_ITConfig                                      lib/STM32F10x_StdPeriph_Driver/libstm32fw.a(stm32f10x_dma.o)
DMA_Init                                          lib/STM32F10x_StdPeriph_Driver/libstm32fw.a(stm32f10x_dma.o)
                                                  dma.o
DMA_StructInit                                    lib/STM32F10x_StdPeriph_Driver/libstm32fw.a(stm32f10x_dma.o)
DebugMon_Handler                                  interrupts.o
DebugMonitor                                      lib/libcs3-lanchon-stm32.a(lanchon_stm32_isr_interrupt.o)
                                                  lib/libcs3-lanchon-stm32.a(lanchon-stm32-vector.o)
Default_Handler                                   lib/CMSIS_CM3/startup/gcc/startup_stm32f10x_md.o
Default_Usart_Config                              usart.o
Delay                                             Util/delay.o
                                                  Sensors/ubx.o
EXTI0_IRQHandler                                  lib/CMSIS_CM3/startup/gcc/startup_stm32f10x_md.o
                                                  lib/libcs3-lanchon-stm32.a(lanchon-stm32-vector.o)
EXTI15_10_IRQHandler                              lib/CMSIS_CM3/startup/gcc/startup_stm32f10x_md.o
                                                  lib/libcs3-lanchon-stm32.a(lanchon-stm32-vector.o)
EXTI1_IRQHandler                                  lib/CMSIS_CM3/startup/gcc/startup_stm32f10x_md.o
                                                  lib/libcs3-lanchon-stm32.a(lanchon-stm32-vector.o)
EXTI2_IRQHandler                                  lib/CMSIS_CM3/startup/gcc/startup_stm32f10x_md.o
                                                  lib/libcs3-lanchon-stm32.a(lanchon-stm32-vector.o)
EXTI3_IRQHandler                                  lib/CMSIS_CM3/startup/gcc/startup_stm32f10x_md.o
                                                  lib/libcs3-lanchon-stm32.a(lanchon-stm32-vector.o)
EXTI4_IRQHandler                                  lib/CMSIS_CM3/startup/gcc/startup_stm32f10x_md.o
                                                  lib/libcs3-lanchon-stm32.a(lanchon-stm32-vector.o)
EXTI9_5_IRQHandler                                lib/CMSIS_CM3/startup/gcc/startup_stm32f10x_md.o
                                                  lib/libcs3-lanchon-stm32.a(lanchon-stm32-vector.o)
F                                                 Control/ekf.o
FLASH_IRQHandler                                  lib/CMSIS_CM3/startup/gcc/startup_stm32f10x_md.o
                                                  lib/libcs3-lanchon-stm32.a(lanchon-stm32-vector.o)
Flipbytes                                         i2c.o
Flush_Buffer                                      dma.o
                                                  Sensors/ubx.o
FullCorrection                                    Control/ekf.o
G                                                 Control/ekf.o
GPIO_AFIODeInit                                   lib/STM32F10x_StdPeriph_Driver/libstm32fw.a(stm32f10x_gpio.o)
GPIO_Config_AF_Periferals                         gpio.o
GPIO_DeInit                                       lib/STM32F10x_StdPeriph_Driver/libstm32fw.a(stm32f10x_gpio.o)
GPIO_ETH_MediaInterfaceConfig                     lib/STM32F10x_StdPeriph_Driver/libstm32fw.a(stm32f10x_gpio.o)
GPIO_EXTILineConfig                               lib/STM32F10x_StdPeriph_Driver/libstm32fw.a(stm32f10x_gpio.o)
GPIO_EventOutputCmd                               lib/STM32F10x_StdPeriph_Driver/libstm32fw.a(stm32f10x_gpio.o)
GPIO_EventOutputConfig                            lib/STM32F10x_StdPeriph_Driver/libstm32fw.a(stm32f10x_gpio.o)
GPIO_Init                                         lib/STM32F10x_StdPeriph_Driver/libstm32fw.a(stm32f10x_gpio.o)
                                                  usart.o
                                                  gpio.o
                                                  Util/Fatfs/sd_spi_stm32.o
GPIO_PinLockConfig                                lib/STM32F10x_StdPeriph_Driver/libstm32fw.a(stm32f10x_gpio.o)
GPIO_PinRemapConfig                               lib/STM32F10x_StdPeriph_Driver/libstm32fw.a(stm32f10x_gpio.o)
                                                  gpio.o
GPIO_ReadInputData                                lib/STM32F10x_StdPeriph_Driver/libstm32fw.a(stm32f10x_gpio.o)
                                                  gpio.o
GPIO_ReadInputDataBit                             lib/STM32F10x_StdPeriph_Driver/libstm32fw.a(stm32f10x_gpio.o)
GPIO_ReadOutputData                               lib/STM32F10x_StdPeriph_Driver/libstm32fw.a(stm32f10x_gpio.o)
GPIO_ReadOutputDataBit                            lib/STM32F10x_StdPeriph_Driver/libstm32fw.a(stm32f10x_gpio.o)
                                                  Util/Fatfs/sd_spi_stm32.o
GPIO_ResetBits                                    lib/STM32F10x_StdPeriph_Driver/libstm32fw.a(stm32f10x_gpio.o)
                                                  main.o
                                                  Util/Fatfs/sd_spi_stm32.o
GPIO_SetBits                                      lib/STM32F10x_StdPeriph_Driver/libstm32fw.a(stm32f10x_gpio.o)
                                                  main.o
                                                  Util/Fatfs/sd_spi_stm32.o
GPIO_StructInit                                   lib/STM32F10x_StdPeriph_Driver/libstm32fw.a(stm32f10x_gpio.o)
GPIO_Write                                        lib/STM32F10x_StdPeriph_Driver/libstm32fw.a(stm32f10x_gpio.o)
GPIO_WriteBit                                     lib/STM32F10x_StdPeriph_Driver/libstm32fw.a(stm32f10x_gpio.o)
                                                  gpio.o
                                                  Sensors/ubx.o
GPS_IO_Configuration                              gpio.o
Get_From_Buffer                                   dma.o
Get_MEMS_DRDY                                     gpio.o
Get_UBX_Ack                                       Sensors/ubx.o
Gps                                               main.o
GpsBaroCorrection                                 Control/ekf.o
GpsMagCorrection                                  Control/ekf.o
Gps_Buffer                                        main.o
                                                  Sensors/ubx.o
Gps_Process_Byte                                  Sensors/ubx.o
                                                  main.o
Gps_Send_Str                                      usart.o
                                                  Sensors/ubx.o
Gps_Send_Utf8                                     usart.o
                                                  Sensors/ubx.o
Gyr_Init                                          i2c.o
                                                  main.o
Gyr_Read                                          i2c.o
                                                  main.o
Gyr_Stat                                          i2c.o
H                                                 Control/ekf.o
HardFaultException                                lib/libcs3-lanchon-stm32.a(lanchon_stm32_isr_interrupt.o)
                                                  lib/libcs3-lanchon-stm32.a(lanchon-stm32-vector.o)
HardFault_Handler                                 interrupts.o
I2C1_ER_IRQHandler                                lib/CMSIS_CM3/startup/gcc/startup_stm32f10x_md.o
                                                  lib/libcs3-lanchon-stm32.a(lanchon-stm32-vector.o)
I2C1_EV_IRQHandler                                lib/CMSIS_CM3/startup/gcc/startup_stm32f10x_md.o
                                                  lib/libcs3-lanchon-stm32.a(lanchon-stm32-vector.o)
I2C2_ER_IRQHandler                                lib/CMSIS_CM3/startup/gcc/startup_stm32f10x_md.o
                                                  lib/libcs3-lanchon-stm32.a(lanchon-stm32-vector.o)
I2C2_EV_IRQHandler                                lib/CMSIS_CM3/startup/gcc/startup_stm32f10x_md.o
                                                  lib/libcs3-lanchon-stm32.a(lanchon-stm32-vector.o)
I2C_ARPCmd                                        lib/STM32F10x_StdPeriph_Driver/libstm32fw.a(stm32f10x_i2c.o)
I2C_AcknowledgeConfig                             lib/STM32F10x_StdPeriph_Driver/libstm32fw.a(stm32f10x_i2c.o)
                                                  i2c.o
I2C_CalculatePEC                                  lib/STM32F10x_StdPeriph_Driver/libstm32fw.a(stm32f10x_i2c.o)
I2C_CheckEvent                                    lib/STM32F10x_StdPeriph_Driver/libstm32fw.a(stm32f10x_i2c.o)
                                                  i2c.o
I2C_ClearFlag                                     lib/STM32F10x_StdPeriph_Driver/libstm32fw.a(stm32f10x_i2c.o)
I2C_ClearITPendingBit                             lib/STM32F10x_StdPeriph_Driver/libstm32fw.a(stm32f10x_i2c.o)
I2C_Cmd                                           lib/STM32F10x_StdPeriph_Driver/libstm32fw.a(stm32f10x_i2c.o)
                                                  i2c.o
I2C_Conf                                          i2c.o
I2C_Config                                        i2c.o
                                                  main.o
I2C_DMACmd                                        lib/STM32F10x_StdPeriph_Driver/libstm32fw.a(stm32f10x_i2c.o)
I2C_DMALastTransferCmd                            lib/STM32F10x_StdPeriph_Driver/libstm32fw.a(stm32f10x_i2c.o)
I2C_DeInit                                        lib/STM32F10x_StdPeriph_Driver/libstm32fw.a(stm32f10x_i2c.o)
I2C_DualAddressCmd                                lib/STM32F10x_StdPeriph_Driver/libstm32fw.a(stm32f10x_i2c.o)
I2C_FastModeDutyCycleConfig                       lib/STM32F10x_StdPeriph_Driver/libstm32fw.a(stm32f10x_i2c.o)
I2C_GeneralCallCmd                                lib/STM32F10x_StdPeriph_Driver/libstm32fw.a(stm32f10x_i2c.o)
I2C_GenerateSTART                                 lib/STM32F10x_StdPeriph_Driver/libstm32fw.a(stm32f10x_i2c.o)
                                                  i2c.o
I2C_GenerateSTOP                                  lib/STM32F10x_StdPeriph_Driver/libstm32fw.a(stm32f10x_i2c.o)
                                                  i2c.o
I2C_GetFlagStatus                                 lib/STM32F10x_StdPeriph_Driver/libstm32fw.a(stm32f10x_i2c.o)
                                                  i2c.o
I2C_GetITStatus                                   lib/STM32F10x_StdPeriph_Driver/libstm32fw.a(stm32f10x_i2c.o)
I2C_GetLastEvent                                  lib/STM32F10x_StdPeriph_Driver/libstm32fw.a(stm32f10x_i2c.o)
I2C_GetPEC                                        lib/STM32F10x_StdPeriph_Driver/libstm32fw.a(stm32f10x_i2c.o)
I2C_ITConfig                                      lib/STM32F10x_StdPeriph_Driver/libstm32fw.a(stm32f10x_i2c.o)
I2C_Init                                          lib/STM32F10x_StdPeriph_Driver/libstm32fw.a(stm32f10x_i2c.o)
                                                  i2c.o
I2C_OwnAddress2Config                             lib/STM32F10x_StdPeriph_Driver/libstm32fw.a(stm32f10x_i2c.o)
I2C_PECPositionConfig                             lib/STM32F10x_StdPeriph_Driver/libstm32fw.a(stm32f10x_i2c.o)
I2C_Read                                          i2c.o
                                                  main.o
I2C_ReadRegister                                  lib/STM32F10x_StdPeriph_Driver/libstm32fw.a(stm32f10x_i2c.o)
I2C_ReceiveData                                   lib/STM32F10x_StdPeriph_Driver/libstm32fw.a(stm32f10x_i2c.o)
                                                  i2c.o
I2C_SMBusAlertConfig                              lib/STM32F10x_StdPeriph_Driver/libstm32fw.a(stm32f10x_i2c.o)
I2C_Send7bitAddress                               lib/STM32F10x_StdPeriph_Driver/libstm32fw.a(stm32f10x_i2c.o)
                                                  i2c.o
I2C_SendData                                      lib/STM32F10x_StdPeriph_Driver/libstm32fw.a(stm32f10x_i2c.o)
                                                  i2c.o
I2C_SoftwareResetCmd                              lib/STM32F10x_StdPeriph_Driver/libstm32fw.a(stm32f10x_i2c.o)
I2C_StretchClockCmd                               lib/STM32F10x_StdPeriph_Driver/libstm32fw.a(stm32f10x_i2c.o)
I2C_StructInit                                    lib/STM32F10x_StdPeriph_Driver/libstm32fw.a(stm32f10x_i2c.o)
I2C_TransmitPEC                                   lib/STM32F10x_StdPeriph_Driver/libstm32fw.a(stm32f10x_i2c.o)
I2S_Cmd                                           lib/STM32F10x_StdPeriph_Driver/libstm32fw.a(stm32f10x_spi.o)
I2S_Init                                          lib/STM32F10x_StdPeriph_Driver/libstm32fw.a(stm32f10x_spi.o)
I2S_StructInit                                    lib/STM32F10x_StdPeriph_Driver/libstm32fw.a(stm32f10x_spi.o)
INSCorrection                                     Control/ekf.o
INSCovariancePrediction                           Control/ekf.o
INSGPSInit                                        Control/ekf.o
INSPosVelReset                                    Control/ekf.o
INSResetP                                         Control/ekf.o
INSSetAccelVar                                    Control/ekf.o
INSSetGyroBias                                    Control/ekf.o
INSSetGyroVar                                     Control/ekf.o
INSSetMagNorth                                    Control/ekf.o
INSSetMagVar                                      Control/ekf.o
INSSetPosVelVar                                   Control/ekf.o
INSSetState                                       Control/ekf.o
INSStatePrediction                                Control/ekf.o
Initialisation                                    main.o
Isdigit                                           Util/rprintf.o
K                                                 Control/ekf.o
LinearizeFG                                       Control/ekf.o
LinearizeH                                        Control/ekf.o
MEMS_Status_Configuration                         gpio.o
MagCorrection                                     Control/ekf.o
MagVelBaroCorrection                              Control/ekf.o
Mag_Init                                          i2c.o
                                                  main.o
Mag_Read                                          i2c.o
                                                  main.o
MeasurementEq                                     Control/ekf.o
MemManageException                                lib/libcs3-lanchon-stm32.a(lanchon_stm32_isr_interrupt.o)
                                                  lib/libcs3-lanchon-stm32.a(lanchon-stm32-vector.o)
MemManage_Handler                                 interrupts.o
NMIException                                      lib/libcs3-lanchon-stm32.a(lanchon_stm32_isr_interrupt.o)
                                                  lib/libcs3-lanchon-stm32.a(lanchon-stm32-vector.o)
NMI_Handler                                       interrupts.o
Nav                                               main.o
                                                  Control/ekf.o
P                                                 Control/ekf.o
PVD_IRQHandler                                    lib/CMSIS_CM3/startup/gcc/startup_stm32f10x_md.o
                                                  lib/libcs3-lanchon-stm32.a(lanchon-stm32-vector.o)
PWR_BackupAccessCmd                               lib/STM32F10x_StdPeriph_Driver/libstm32fw.a(stm32f10x_pwr.o)
                                                  Util/Fatfs/rtc.o
PWR_ClearFlag                                     lib/STM32F10x_StdPeriph_Driver/libstm32fw.a(stm32f10x_pwr.o)
PWR_DeInit                                        lib/STM32F10x_StdPeriph_Driver/libstm32fw.a(stm32f10x_pwr.o)
PWR_EnterSTANDBYMode                              lib/STM32F10x_StdPeriph_Driver/libstm32fw.a(stm32f10x_pwr.o)
PWR_EnterSTOPMode                                 lib/STM32F10x_StdPeriph_Driver/libstm32fw.a(stm32f10x_pwr.o)
PWR_GetFlagStatus                                 lib/STM32F10x_StdPeriph_Driver/libstm32fw.a(stm32f10x_pwr.o)
PWR_PVDCmd                                        lib/STM32F10x_StdPeriph_Driver/libstm32fw.a(stm32f10x_pwr.o)
PWR_PVDLevelConfig                                lib/STM32F10x_StdPeriph_Driver/libstm32fw.a(stm32f10x_pwr.o)
PWR_WakeUpPinCmd                                  lib/STM32F10x_StdPeriph_Driver/libstm32fw.a(stm32f10x_pwr.o)
PendSVC                                           lib/libcs3-lanchon-stm32.a(lanchon_stm32_isr_interrupt.o)
                                                  lib/libcs3-lanchon-stm32.a(lanchon-stm32-vector.o)
PendSV_Handler                                    interrupts.o
Pop_From_Buffer                                   dma.o
                                                  main.o
                                                  Sensors/ubx.o
Q                                                 Control/ekf.o
R                                                 Control/ekf.o
RCC_ADCCLKConfig                                  lib/STM32F10x_StdPeriph_Driver/libstm32fw.a(stm32f10x_rcc.o)
RCC_AHBPeriphClockCmd                             lib/STM32F10x_StdPeriph_Driver/libstm32fw.a(stm32f10x_rcc.o)
                                                  gpio.o
RCC_APB1PeriphClockCmd                            lib/STM32F10x_StdPeriph_Driver/libstm32fw.a(stm32f10x_rcc.o)
                                                  usart.o
                                                  gpio.o
                                                  Util/Fatfs/rtc.o
RCC_APB1PeriphResetCmd                            lib/STM32F10x_StdPeriph_Driver/libstm32fw.a(stm32f10x_rcc.o)
                                                  lib/STM32F10x_StdPeriph_Driver/libstm32fw.a(stm32f10x_usart.o)
                                                  lib/STM32F10x_StdPeriph_Driver/libstm32fw.a(stm32f10x_spi.o)
                                                  lib/STM32F10x_StdPeriph_Driver/libstm32fw.a(stm32f10x_pwr.o)
                                                  lib/STM32F10x_StdPeriph_Driver/libstm32fw.a(stm32f10x_i2c.o)
RCC_APB2PeriphClockCmd                            lib/STM32F10x_StdPeriph_Driver/libstm32fw.a(stm32f10x_rcc.o)
                                                  usart.o
                                                  gpio.o
                                                  Util/Fatfs/sd_spi_stm32.o
RCC_APB2PeriphResetCmd                            lib/STM32F10x_StdPeriph_Driver/libstm32fw.a(stm32f10x_rcc.o)
                                                  lib/STM32F10x_StdPeriph_Driver/libstm32fw.a(stm32f10x_usart.o)
                                                  lib/STM32F10x_StdPeriph_Driver/libstm32fw.a(stm32f10x_spi.o)
                                                  lib/STM32F10x_StdPeriph_Driver/libstm32fw.a(stm32f10x_gpio.o)
RCC_AdjustHSICalibrationValue                     lib/STM32F10x_StdPeriph_Driver/libstm32fw.a(stm32f10x_rcc.o)
RCC_BackupResetCmd                                lib/STM32F10x_StdPeriph_Driver/libstm32fw.a(stm32f10x_rcc.o)
                                                  lib/STM32F10x_StdPeriph_Driver/libstm32fw.a(stm32f10x_bkp.o)
RCC_ClearFlag                                     lib/STM32F10x_StdPeriph_Driver/libstm32fw.a(stm32f10x_rcc.o)
RCC_ClearITPendingBit                             lib/STM32F10x_StdPeriph_Driver/libstm32fw.a(stm32f10x_rcc.o)
RCC_ClockSecuritySystemCmd                        lib/STM32F10x_StdPeriph_Driver/libstm32fw.a(stm32f10x_rcc.o)
RCC_DeInit                                        lib/STM32F10x_StdPeriph_Driver/libstm32fw.a(stm32f10x_rcc.o)
RCC_GetClocksFreq                                 lib/STM32F10x_StdPeriph_Driver/libstm32fw.a(stm32f10x_rcc.o)
                                                  lib/STM32F10x_StdPeriph_Driver/libstm32fw.a(stm32f10x_usart.o)
                                                  lib/STM32F10x_StdPeriph_Driver/libstm32fw.a(stm32f10x_spi.o)
                                                  lib/STM32F10x_StdPeriph_Driver/libstm32fw.a(stm32f10x_i2c.o)
RCC_GetFlagStatus                                 lib/STM32F10x_StdPeriph_Driver/libstm32fw.a(stm32f10x_rcc.o)
                                                  Util/Fatfs/rtc.o
RCC_GetITStatus                                   lib/STM32F10x_StdPeriph_Driver/libstm32fw.a(stm32f10x_rcc.o)
RCC_GetSYSCLKSource                               lib/STM32F10x_StdPeriph_Driver/libstm32fw.a(stm32f10x_rcc.o)
RCC_HCLKConfig                                    lib/STM32F10x_StdPeriph_Driver/libstm32fw.a(stm32f10x_rcc.o)
RCC_HSEConfig                                     lib/STM32F10x_StdPeriph_Driver/libstm32fw.a(stm32f10x_rcc.o)
RCC_HSICmd                                        lib/STM32F10x_StdPeriph_Driver/libstm32fw.a(stm32f10x_rcc.o)
RCC_IRQHandler                                    lib/CMSIS_CM3/startup/gcc/startup_stm32f10x_md.o
                                                  lib/libcs3-lanchon-stm32.a(lanchon-stm32-vector.o)
RCC_ITConfig                                      lib/STM32F10x_StdPeriph_Driver/libstm32fw.a(stm32f10x_rcc.o)
RCC_LSEConfig                                     lib/STM32F10x_StdPeriph_Driver/libstm32fw.a(stm32f10x_rcc.o)
                                                  Util/Fatfs/rtc.o
RCC_LSICmd                                        lib/STM32F10x_StdPeriph_Driver/libstm32fw.a(stm32f10x_rcc.o)
RCC_MCOConfig                                     lib/STM32F10x_StdPeriph_Driver/libstm32fw.a(stm32f10x_rcc.o)
RCC_PCLK1Config                                   lib/STM32F10x_StdPeriph_Driver/libstm32fw.a(stm32f10x_rcc.o)
RCC_PCLK2Config                                   lib/STM32F10x_StdPeriph_Driver/libstm32fw.a(stm32f10x_rcc.o)
RCC_PLLCmd                                        lib/STM32F10x_StdPeriph_Driver/libstm32fw.a(stm32f10x_rcc.o)
RCC_PLLConfig                                     lib/STM32F10x_StdPeriph_Driver/libstm32fw.a(stm32f10x_rcc.o)
RCC_RTCCLKCmd                                     lib/STM32F10x_StdPeriph_Driver/libstm32fw.a(stm32f10x_rcc.o)
                                                  Util/Fatfs/rtc.o
RCC_RTCCLKConfig                                  lib/STM32F10x_StdPeriph_Driver/libstm32fw.a(stm32f10x_rcc.o)
                                                  Util/Fatfs/rtc.o
RCC_SYSCLKConfig                                  lib/STM32F10x_StdPeriph_Driver/libstm32fw.a(stm32f10x_rcc.o)
RCC_USBCLKConfig                                  lib/STM32F10x_StdPeriph_Driver/libstm32fw.a(stm32f10x_rcc.o)
RCC_WaitForHSEStartUp                             lib/STM32F10x_StdPeriph_Driver/libstm32fw.a(stm32f10x_rcc.o)
RTCAlarm_IRQHandler                               lib/CMSIS_CM3/startup/gcc/startup_stm32f10x_md.o
                                                  lib/libcs3-lanchon-stm32.a(lanchon-stm32-vector.o)
RTC_ClearFlag                                     lib/STM32F10x_StdPeriph_Driver/libstm32fw.a(stm32f10x_rtc.o)
RTC_ClearITPendingBit                             lib/STM32F10x_StdPeriph_Driver/libstm32fw.a(stm32f10x_rtc.o)
RTC_EnterConfigMode                               lib/STM32F10x_StdPeriph_Driver/libstm32fw.a(stm32f10x_rtc.o)
RTC_ExitConfigMode                                lib/STM32F10x_StdPeriph_Driver/libstm32fw.a(stm32f10x_rtc.o)
RTC_GetCounter                                    lib/STM32F10x_StdPeriph_Driver/libstm32fw.a(stm32f10x_rtc.o)
                                                  Util/Fatfs/rtc.o
RTC_GetDivider                                    lib/STM32F10x_StdPeriph_Driver/libstm32fw.a(stm32f10x_rtc.o)
RTC_GetFlagStatus                                 lib/STM32F10x_StdPeriph_Driver/libstm32fw.a(stm32f10x_rtc.o)
RTC_GetITStatus                                   lib/STM32F10x_StdPeriph_Driver/libstm32fw.a(stm32f10x_rtc.o)
RTC_IRQHandler                                    lib/CMSIS_CM3/startup/gcc/startup_stm32f10x_md.o
                                                  lib/libcs3-lanchon-stm32.a(lanchon-stm32-vector.o)
RTC_ITConfig                                      lib/STM32F10x_StdPeriph_Driver/libstm32fw.a(stm32f10x_rtc.o)
RTC_SetAlarm                                      lib/STM32F10x_StdPeriph_Driver/libstm32fw.a(stm32f10x_rtc.o)
RTC_SetCounter                                    lib/STM32F10x_StdPeriph_Driver/libstm32fw.a(stm32f10x_rtc.o)
                                                  Util/Fatfs/rtc.o
RTC_SetPrescaler                                  lib/STM32F10x_StdPeriph_Driver/libstm32fw.a(stm32f10x_rtc.o)
                                                  Util/Fatfs/rtc.o
RTC_WaitForLastTask                               lib/STM32F10x_StdPeriph_Driver/libstm32fw.a(stm32f10x_rtc.o)
                                                  Util/Fatfs/rtc.o
RTC_WaitForSynchro                                lib/STM32F10x_StdPeriph_Driver/libstm32fw.a(stm32f10x_rtc.o)
                                                  Util/Fatfs/rtc.o
Reset_Handler                                     lib/CMSIS_CM3/startup/gcc/startup_stm32f10x_md.o
RungeKutta                                        Control/ekf.o
SPI1_IRQHandler                                   lib/CMSIS_CM3/startup/gcc/startup_stm32f10x_md.o
                                                  lib/libcs3-lanchon-stm32.a(lanchon-stm32-vector.o)
SPI2_IRQHandler                                   lib/CMSIS_CM3/startup/gcc/startup_stm32f10x_md.o
                                                  lib/libcs3-lanchon-stm32.a(lanchon-stm32-vector.o)
SPI_BiDirectionalLineConfig                       lib/STM32F10x_StdPeriph_Driver/libstm32fw.a(stm32f10x_spi.o)
SPI_CalculateCRC                                  lib/STM32F10x_StdPeriph_Driver/libstm32fw.a(stm32f10x_spi.o)
                                                  Util/Fatfs/sd_spi_stm32.o
SPI_Cmd                                           lib/STM32F10x_StdPeriph_Driver/libstm32fw.a(stm32f10x_spi.o)
                                                  Util/Fatfs/sd_spi_stm32.o
SPI_Control_Configuration                         gpio.o
SPI_DataSizeConfig                                lib/STM32F10x_StdPeriph_Driver/libstm32fw.a(stm32f10x_spi.o)
SPI_GetCRC                                        lib/STM32F10x_StdPeriph_Driver/libstm32fw.a(stm32f10x_spi.o)
SPI_GetCRCPolynomial                              lib/STM32F10x_StdPeriph_Driver/libstm32fw.a(stm32f10x_spi.o)
SPI_I2S_ClearFlag                                 lib/STM32F10x_StdPeriph_Driver/libstm32fw.a(stm32f10x_spi.o)
SPI_I2S_ClearITPendingBit                         lib/STM32F10x_StdPeriph_Driver/libstm32fw.a(stm32f10x_spi.o)
SPI_I2S_DMACmd                                    lib/STM32F10x_StdPeriph_Driver/libstm32fw.a(stm32f10x_spi.o)
SPI_I2S_DeInit                                    lib/STM32F10x_StdPeriph_Driver/libstm32fw.a(stm32f10x_spi.o)
                                                  Util/Fatfs/sd_spi_stm32.o
SPI_I2S_GetFlagStatus                             lib/STM32F10x_StdPeriph_Driver/libstm32fw.a(stm32f10x_spi.o)
                                                  Util/Fatfs/sd_spi_stm32.o
SPI_I2S_GetITStatus                               lib/STM32F10x_StdPeriph_Driver/libstm32fw.a(stm32f10x_spi.o)
SPI_I2S_ITConfig                                  lib/STM32F10x_StdPeriph_Driver/libstm32fw.a(stm32f10x_spi.o)
SPI_I2S_ReceiveData                               lib/STM32F10x_StdPeriph_Driver/libstm32fw.a(stm32f10x_spi.o)
                                                  Util/Fatfs/sd_spi_stm32.o
SPI_I2S_SendData                                  lib/STM32F10x_StdPeriph_Driver/libstm32fw.a(stm32f10x_spi.o)
                                                  Util/Fatfs/sd_spi_stm32.o
SPI_Init                                          lib/STM32F10x_StdPeriph_Driver/libstm32fw.a(stm32f10x_spi.o)
                                                  Util/Fatfs/sd_spi_stm32.o
SPI_NSSInternalSoftwareConfig                     lib/STM32F10x_StdPeriph_Driver/libstm32fw.a(stm32f10x_spi.o)
SPI_SSOutputCmd                                   lib/STM32F10x_StdPeriph_Driver/libstm32fw.a(stm32f10x_spi.o)
SPI_StructInit                                    lib/STM32F10x_StdPeriph_Driver/libstm32fw.a(stm32f10x_spi.o)
SPI_TransmitCRC                                   lib/STM32F10x_StdPeriph_Driver/libstm32fw.a(stm32f10x_spi.o)
SVCHandler                                        lib/libcs3-lanchon-stm32.a(lanchon_stm32_isr_interrupt.o)
                                                  lib/libcs3-lanchon-stm32.a(lanchon-stm32-vector.o)
SVC_Handler                                       interrupts.o
SerialUpdate                                      Control/ekf.o
StateEq                                           Control/ekf.o
SysTickHandler                                    lib/libcs3-lanchon-stm32.a(lanchon_stm32_isr_interrupt.o)
                                                  lib/libcs3-lanchon-stm32.a(lanchon-stm32-vector.o)
SysTick_Handler                                   interrupts.o
SystemFrequency                                   lib/CMSIS_CM3/system_stm32f10x.o
SystemFrequency_AHBClk                            lib/CMSIS_CM3/system_stm32f10x.o
SystemFrequency_APB1Clk                           lib/CMSIS_CM3/system_stm32f10x.o
SystemFrequency_APB2Clk                           lib/CMSIS_CM3/system_stm32f10x.o
SystemFrequency_SysClk                            lib/CMSIS_CM3/system_stm32f10x.o
SystemInit                                        lib/CMSIS_CM3/system_stm32f10x.o
                                                  main.o
SystemInit_ExtMemCtl_Dummy                        lib/CMSIS_CM3/startup/gcc/startup_stm32f10x_md.o
TAMPER_IRQHandler                                 lib/CMSIS_CM3/startup/gcc/startup_stm32f10x_md.o
                                                  lib/libcs3-lanchon-stm32.a(lanchon-stm32-vector.o)
TIM1_BRK_IRQHandler                               lib/CMSIS_CM3/startup/gcc/startup_stm32f10x_md.o
                                                  lib/libcs3-lanchon-stm32.a(lanchon-stm32-vector.o)
TIM1_CC_IRQHandler                                lib/CMSIS_CM3/startup/gcc/startup_stm32f10x_md.o
                                                  lib/libcs3-lanchon-stm32.a(lanchon-stm32-vector.o)
TIM1_TRG_COM_IRQHandler                           lib/CMSIS_CM3/startup/gcc/startup_stm32f10x_md.o
                                                  lib/libcs3-lanchon-stm32.a(lanchon-stm32-vector.o)
TIM1_UP_IRQHandler                                lib/CMSIS_CM3/startup/gcc/startup_stm32f10x_md.o
                                                  lib/libcs3-lanchon-stm32.a(lanchon-stm32-vector.o)
TIM2_IRQHandler                                   lib/CMSIS_CM3/startup/gcc/startup_stm32f10x_md.o
                                                  lib/libcs3-lanchon-stm32.a(lanchon-stm32-vector.o)
TIM3_IRQHandler                                   lib/CMSIS_CM3/startup/gcc/startup_stm32f10x_md.o
                                                  lib/libcs3-lanchon-stm32.a(lanchon-stm32-vector.o)
TIM4_IRQHandler                                   lib/CMSIS_CM3/startup/gcc/startup_stm32f10x_md.o
                                                  lib/libcs3-lanchon-stm32.a(lanchon-stm32-vector.o)
USART1_IRQHandler                                 lib/CMSIS_CM3/startup/gcc/startup_stm32f10x_md.o
                                                  lib/libcs3-lanchon-stm32.a(lanchon-stm32-vector.o)
USART2_IRQHandler                                 lib/CMSIS_CM3/startup/gcc/startup_stm32f10x_md.o
                                                  lib/libcs3-lanchon-stm32.a(lanchon-stm32-vector.o)
USART2_reconf                                     usart.o
                                                  Sensors/ubx.o
USART3_IRQHandler                                 lib/CMSIS_CM3/startup/gcc/startup_stm32f10x_md.o
                                                  lib/libcs3-lanchon-stm32.a(lanchon-stm32-vector.o)
USART_ClearFlag                                   lib/STM32F10x_StdPeriph_Driver/libstm32fw.a(stm32f10x_usart.o)
USART_ClearITPendingBit                           lib/STM32F10x_StdPeriph_Driver/libstm32fw.a(stm32f10x_usart.o)
USART_ClockInit                                   lib/STM32F10x_StdPeriph_Driver/libstm32fw.a(stm32f10x_usart.o)
USART_ClockStructInit                             lib/STM32F10x_StdPeriph_Driver/libstm32fw.a(stm32f10x_usart.o)
USART_Cmd                                         lib/STM32F10x_StdPeriph_Driver/libstm32fw.a(stm32f10x_usart.o)
                                                  usart.o
USART_DMACmd                                      lib/STM32F10x_StdPeriph_Driver/libstm32fw.a(stm32f10x_usart.o)
                                                  usart.o
USART_DeInit                                      lib/STM32F10x_StdPeriph_Driver/libstm32fw.a(stm32f10x_usart.o)
                                                  usart.o
USART_GetFlagStatus                               lib/STM32F10x_StdPeriph_Driver/libstm32fw.a(stm32f10x_usart.o)
                                                  usart.o
USART_GetITStatus                                 lib/STM32F10x_StdPeriph_Driver/libstm32fw.a(stm32f10x_usart.o)
USART_HalfDuplexCmd                               lib/STM32F10x_StdPeriph_Driver/libstm32fw.a(stm32f10x_usart.o)
USART_ITConfig                                    lib/STM32F10x_StdPeriph_Driver/libstm32fw.a(stm32f10x_usart.o)
USART_Init                                        lib/STM32F10x_StdPeriph_Driver/libstm32fw.a(stm32f10x_usart.o)
                                                  usart.o
USART_IrDACmd                                     lib/STM32F10x_StdPeriph_Driver/libstm32fw.a(stm32f10x_usart.o)
USART_IrDAConfig                                  lib/STM32F10x_StdPeriph_Driver/libstm32fw.a(stm32f10x_usart.o)
USART_LINBreakDetectLengthConfig                  lib/STM32F10x_StdPeriph_Driver/libstm32fw.a(stm32f10x_usart.o)
USART_LINCmd                                      lib/STM32F10x_StdPeriph_Driver/libstm32fw.a(stm32f10x_usart.o)
USART_ReceiveData                                 lib/STM32F10x_StdPeriph_Driver/libstm32fw.a(stm32f10x_usart.o)
USART_ReceiverWakeUpCmd                           lib/STM32F10x_StdPeriph_Driver/libstm32fw.a(stm32f10x_usart.o)
USART_SendBreak                                   lib/STM32F10x_StdPeriph_Driver/libstm32fw.a(stm32f10x_usart.o)
USART_SendData                                    lib/STM32F10x_StdPeriph_Driver/libstm32fw.a(stm32f10x_usart.o)
                                                  usart.o
USART_SetAddress                                  lib/STM32F10x_StdPeriph_Driver/libstm32fw.a(stm32f10x_usart.o)
USART_SetGuardTime                                lib/STM32F10x_StdPeriph_Driver/libstm32fw.a(stm32f10x_usart.o)
USART_SetPrescaler                                lib/STM32F10x_StdPeriph_Driver/libstm32fw.a(stm32f10x_usart.o)
USART_SmartCardCmd                                lib/STM32F10x_StdPeriph_Driver/libstm32fw.a(stm32f10x_usart.o)
USART_SmartCardNACKCmd                            lib/STM32F10x_StdPeriph_Driver/libstm32fw.a(stm32f10x_usart.o)
USART_StructInit                                  lib/STM32F10x_StdPeriph_Driver/libstm32fw.a(stm32f10x_usart.o)
USART_WakeUpConfig                                lib/STM32F10x_StdPeriph_Driver/libstm32fw.a(stm32f10x_usart.o)
USBWakeUp_IRQHandler                              lib/CMSIS_CM3/startup/gcc/startup_stm32f10x_md.o
                                                  lib/libcs3-lanchon-stm32.a(lanchon-stm32-vector.o)
USB_HP_CAN1_TX_IRQHandler                         lib/CMSIS_CM3/startup/gcc/startup_stm32f10x_md.o
USB_HP_CAN_TX_IRQHandler                          lib/libcs3-lanchon-stm32.a(lanchon_stm32_isr_interrupt.o)
                                                  lib/libcs3-lanchon-stm32.a(lanchon-stm32-vector.o)
USB_LP_CAN1_RX0_IRQHandler                        lib/CMSIS_CM3/startup/gcc/startup_stm32f10x_md.o
USB_LP_CAN_RX0_IRQHandler                         lib/libcs3-lanchon-stm32.a(lanchon_stm32_isr_interrupt.o)
                                                  lib/libcs3-lanchon-stm32.a(lanchon-stm32-vector.o)
UsageFaultException                               lib/libcs3-lanchon-stm32.a(lanchon_stm32_isr_interrupt.o)
                                                  lib/libcs3-lanchon-stm32.a(lanchon-stm32-vector.o)
UsageFault_Handler                                interrupts.o
Usart_Send_Str                                    usart.o
                                                  main.o
Usarts_Init                                       usart.o
                                                  main.o
VelBaroCorrection                                 Control/ekf.o
WMM_AssociatedLegendreFunction                    Sensors/earth_field.o
WMM_CalculateGeoMagneticElements                  Sensors/earth_field.o
WMM_CalculateSecularVariation                     Sensors/earth_field.o
WMM_ComputeSphericalHarmonicVariables             Sensors/earth_field.o
WMM_DateToYear                                    Sensors/earth_field.o
WMM_GeodeticToSpherical                           Sensors/earth_field.o
WMM_Geomag                                        Sensors/earth_field.o
WMM_GetMagVector                                  Sensors/earth_field.o
WMM_Initialize                                    Sensors/earth_field.o
WMM_PcupHigh                                      Sensors/earth_field.o
WMM_PcupLow                                       Sensors/earth_field.o
WMM_RotateMagneticVector                          Sensors/earth_field.o
WMM_SecVarSummation                               Sensors/earth_field.o
WMM_SecVarSummationSpecial                        Sensors/earth_field.o
WMM_Summation                                     Sensors/earth_field.o
WMM_SummationSpecial                              Sensors/earth_field.o
WMM_get_main_field_coeff_g                        Sensors/earth_field.o
WMM_get_main_field_coeff_h                        Sensors/earth_field.o
WMM_get_secular_var_coeff_g                       Sensors/earth_field.o
WMM_get_secular_var_coeff_h                       Sensors/earth_field.o
WWDG_IRQHandler                                   lib/CMSIS_CM3/startup/gcc/startup_stm32f10x_md.o
                                                  lib/libcs3-lanchon-stm32.a(lanchon-stm32-vector.o)
X                                                 Control/ekf.o
_Jv_RegisterClasses                               /home/laurence/CodeSourcery/Sourcery_G++_Lite/bin/../lib/gcc/arm-none-eabi/4.4.1/thumb2/crtbegin.o
__LDREXB                                          lib/CMSIS_CM3/core_cm3.o
__LDREXH                                          lib/CMSIS_CM3/core_cm3.o
__LDREXW                                          lib/CMSIS_CM3/core_cm3.o
__RBIT                                            lib/CMSIS_CM3/core_cm3.o
__REV                                             lib/CMSIS_CM3/core_cm3.o
__REV16                                           lib/CMSIS_CM3/core_cm3.o
__REVSH                                           lib/CMSIS_CM3/core_cm3.o
__STM32DefaultExceptionHandler                    lib/libcs3-lanchon-stm32.a(lanchon_stm32_isr_interrupt.o)
__STM32ReservedException10                        lib/libcs3-lanchon-stm32.a(lanchon_stm32_isr_interrupt.o)
                                                  lib/libcs3-lanchon-stm32.a(lanchon-stm32-vector.o)
__STM32ReservedException13                        lib/libcs3-lanchon-stm32.a(lanchon_stm32_isr_interrupt.o)