Archive member included because of file (symbol)

lib/STM32F10x_StdPeriph_Driver/libstm32fw.a(misc.o)
                              interrupts.o (NVIC_PriorityGroupConfig)
lib/STM32F10x_StdPeriph_Driver/libstm32fw.a(stm32f10x_bkp.o)
                              Util/Fatfs/rtc.o (BKP_WriteBackupRegister)
lib/STM32F10x_StdPeriph_Driver/libstm32fw.a(stm32f10x_dma.o)
                              dma.o (DMA_DeInit)
lib/STM32F10x_StdPeriph_Driver/libstm32fw.a(stm32f10x_exti.o)
                              interrupts.o (EXTI_Init)
lib/STM32F10x_StdPeriph_Driver/libstm32fw.a(stm32f10x_gpio.o)
                              Util/Fatfs/sd_spi_stm32.o (GPIO_Init)
lib/STM32F10x_StdPeriph_Driver/libstm32fw.a(stm32f10x_i2c.o)
                              i2c.o (I2C_Cmd)
lib/STM32F10x_StdPeriph_Driver/libstm32fw.a(stm32f10x_iwdg.o)
                              watchdog.o (IWDG_WriteAccessCmd)
lib/STM32F10x_StdPeriph_Driver/libstm32fw.a(stm32f10x_pwr.o)
                              Util/Fatfs/rtc.o (PWR_BackupAccessCmd)
lib/STM32F10x_StdPeriph_Driver/libstm32fw.a(stm32f10x_rcc.o)
                              Util/Fatfs/rtc.o (RCC_LSEConfig)
lib/STM32F10x_StdPeriph_Driver/libstm32fw.a(stm32f10x_rtc.o)
                              Util/Fatfs/rtc.o (RTC_GetCounter)
lib/STM32F10x_StdPeriph_Driver/libstm32fw.a(stm32f10x_spi.o)
                              Util/Fatfs/sd_spi_stm32.o (SPI_Init)
lib/STM32F10x_StdPeriph_Driver/libstm32fw.a(stm32f10x_tim.o)
                              pwm.o (TIM_TimeBaseInit)
lib/STM32F10x_StdPeriph_Driver/libstm32fw.a(stm32f10x_usart.o)
                              usart.o (USART_Cmd)
/home/laurence/CodeSourcery/Sourcery_G++_Lite/bin/../lib/gcc/arm-none-eabi/4.4.1/../../../../arm-none-eabi/lib/thumb2/libm.a(lib_a-s_cos.o)
                              Sensors/earth_field.o (cos)
/home/laurence/CodeSourcery/Sourcery_G++_Lite/bin/../lib/gcc/arm-none-eabi/4.4.1/../../../../arm-none-eabi/lib/thumb2/libm.a(lib_a-s_sin.o)
                              Sensors/earth_field.o (sin)
/home/laurence/CodeSourcery/Sourcery_G++_Lite/bin/../lib/gcc/arm-none-eabi/4.4.1/../../../../arm-none-eabi/lib/thumb2/libm.a(lib_a-w_asin.o)
                              Sensors/earth_field.o (asin)
/home/laurence/CodeSourcery/Sourcery_G++_Lite/bin/../lib/gcc/arm-none-eabi/4.4.1/../../../../arm-none-eabi/lib/thumb2/libm.a(lib_a-w_atan2.o)
                              Sensors/earth_field.o (atan2)
/home/laurence/CodeSourcery/Sourcery_G++_Lite/bin/../lib/gcc/arm-none-eabi/4.4.1/../../../../arm-none-eabi/lib/thumb2/libm.a(lib_a-w_pow.o)
                              Sensors/bmp085.o (pow)
/home/laurence/CodeSourcery/Sourcery_G++_Lite/bin/../lib/gcc/arm-none-eabi/4.4.1/../../../../arm-none-eabi/lib/thumb2/libm.a(lib_a-w_sqrt.o)
                              Sensors/earth_field.o (sqrt)
/home/laurence/CodeSourcery/Sourcery_G++_Lite/bin/../lib/gcc/arm-none-eabi/4.4.1/../../../../arm-none-eabi/lib/thumb2/libm.a(lib_a-wf_asin.o)
                              Util/coords.o (asinf)
/home/laurence/CodeSourcery/Sourcery_G++_Lite/bin/../lib/gcc/arm-none-eabi/4.4.1/../../../../arm-none-eabi/lib/thumb2/libm.a(lib_a-wf_atan2.o)
                              Util/coords.o (atan2f)
/home/laurence/CodeSourcery/Sourcery_G++_Lite/bin/../lib/gcc/arm-none-eabi/4.4.1/../../../../arm-none-eabi/lib/thumb2/libm.a(lib_a-e_asin.o)
                              /home/laurence/CodeSourcery/Sourcery_G++_Lite/bin/../lib/gcc/arm-none-eabi/4.4.1/../../../../arm-none-eabi/lib/thumb2/libm.a(lib_a-w_asin.o) (__ieee754_asin)
/home/laurence/CodeSourcery/Sourcery_G++_Lite/bin/../lib/gcc/arm-none-eabi/4.4.1/../../../../arm-none-eabi/lib/thumb2/libm.a(lib_a-e_atan2.o)
                              /home/laurence/CodeSourcery/Sourcery_G++_Lite/bin/../lib/gcc/arm-none-eabi/4.4.1/../../../../arm-none-eabi/lib/thumb2/libm.a(lib_a-w_atan2.o) (__ieee754_atan2)
/home/laurence/CodeSourcery/Sourcery_G++_Lite/bin/../lib/gcc/arm-none-eabi/4.4.1/../../../../arm-none-eabi/lib/thumb2/libm.a(lib_a-e_pow.o)
                              /home/laurence/CodeSourcery/Sourcery_G++_Lite/bin/../lib/gcc/arm-none-eabi/4.4.1/../../../../arm-none-eabi/lib/thumb2/libm.a(lib_a-w_pow.o) (__ieee754_pow)
/home/laurence/CodeSourcery/Sourcery_G++_Lite/bin/../lib/gcc/arm-none-eabi/4.4.1/../../../../arm-none-eabi/lib/thumb2/libm.a(lib_a-e_rem_pio2.o)
                              /home/laurence/CodeSourcery/Sourcery_G++_Lite/bin/../lib/gcc/arm-none-eabi/4.4.1/../../../../arm-none-eabi/lib/thumb2/libm.a(lib_a-s_cos.o) (__ieee754_rem_pio2)
/home/laurence/CodeSourcery/Sourcery_G++_Lite/bin/../lib/gcc/arm-none-eabi/4.4.1/../../../../arm-none-eabi/lib/thumb2/libm.a(lib_a-e_sqrt.o)
                              /home/laurence/CodeSourcery/Sourcery_G++_Lite/bin/../lib/gcc/arm-none-eabi/4.4.1/../../../../arm-none-eabi/lib/thumb2/libm.a(lib_a-w_sqrt.o) (__ieee754_sqrt)
[...]
Memory Configuration

Name             Origin             Length             Attributes
ram              0x20000000         0x00005000         xrw
rom              0x08000000         0x00020000         xr
*default*        0x00000000         0xffffffff

Linker script and memory map

LOAD /home/laurence/CodeSourcery/Sourcery_G++_Lite/bin/../lib/gcc/arm-none-eabi/4.4.1/thumb2/crti.o
LOAD /home/laurence/CodeSourcery/Sourcery_G++_Lite/bin/../lib/gcc/arm-none-eabi/4.4.1/thumb2/crtbegin.o
LOAD Sensors/bmp085.o
LOAD Sensors/earth_field.o
LOAD Sensors/pitot.o
LOAD Sensors/ubx.o
LOAD Util/Fatfs/fattime.o
LOAD Util/Fatfs/ff.o
LOAD Util/Fatfs/rtc.o
LOAD Util/Fatfs/sd_spi_stm32.o
LOAD Util/atmospherics.o
LOAD Util/coords.o
LOAD Util/crc.o
LOAD Util/delay.o
LOAD Util/rprintf.o
LOAD Util/time.o
LOAD Util/uavtalk.o
LOAD dma.o
LOAD gpio.o
LOAD i2c.o
LOAD interrupts.o
LOAD lib/CMSIS_CM3/core_cm3.o
LOAD lib/CMSIS_CM3/startup/gcc/startup_stm32f10x_md.o
LOAD lib/CMSIS_CM3/system_stm32f10x.o
LOAD main.o
LOAD pwm.o
LOAD usart.o
LOAD watchdog.o
LOAD Control/ekf.o
LOAD Control/imu.o
LOAD Control/loops.o
LOAD Control/sensorcal.o
LOAD Control/servos.o
LOAD lib/STM32F10x_StdPeriph_Driver/libstm32fw.a
LOAD lib/STM32_USB-FS-Device_Driver/libstm32usb.a
LOAD /home/laurence/CodeSourcery/Sourcery_G++_Lite/bin/../lib/gcc/arm-none-eabi/4.4.1/../../../../arm-none-eabi/lib/thumb2/libm.a
START GROUP
LOAD /home/laurence/CodeSourcery/Sourcery_G++_Lite/bin/../lib/gcc/arm-none-eabi/4.4.1/thumb2/libgcc.a
LOAD /home/laurence/CodeSourcery/Sourcery_G++_Lite/bin/../lib/gcc/arm-none-eabi/4.4.1/../../../../arm-none-eabi/lib/thumb2/libc.a
END GROUP
LOAD /home/laurence/CodeSourcery/Sourcery_G++_Lite/bin/../lib/gcc/arm-none-eabi/4.4.1/thumb2/crtend.o
LOAD /home/laurence/CodeSourcery/Sourcery_G++_Lite/bin/../lib/gcc/arm-none-eabi/4.4.1/thumb2/crtn.o
START GROUP
LOAD /home/laurence/CodeSourcery/Sourcery_G++_Lite/bin/../lib/gcc/arm-none-eabi/4.4.1/thumb2/libgcc.a
LOAD /home/laurence/CodeSourcery/Sourcery_G++_Lite/bin/../lib/gcc/arm-none-eabi/4.4.1/../../../../arm-none-eabi/lib/thumb2/libc.a
LOAD /home/laurence/CodeSourcery/Sourcery_G++_Lite/bin/../lib/gcc/arm-none-eabi/4.4.1/../../../../arm-none-eabi/lib/thumb2/libcs3.a
LOAD /home/laurence/CodeSourcery/Sourcery_G++_Lite/bin/../lib/gcc/arm-none-eabi/4.4.1/../../../../arm-none-eabi/lib/thumb2/libcs3unhosted.a
LOAD lib/libcs3-lanchon-stm32.a
END GROUP
                0x20005000                PROVIDE (__cs3_stack, (__cs3_region_start_ram + __cs3_region_size_ram))
                0x20001a00                PROVIDE (__cs3_heap_start, _end)
                0x20005000                PROVIDE (__cs3_heap_end, (__cs3_region_start_ram + __cs3_region_size_ram))

.text           0x08000000    0x18a60
 CREATE_OBJECT_SYMBOLS
                0x08000000                __cs3_region_start_rom = .
 *(.cs3.region-head.rom)
                0x08000000                __cs3_interrupt_vector = __cs3_interrupt_vector_lanchon_stm32
 *(.cs3.interrupt_vector)
 .cs3.interrupt_vector
                0x08000000       0xec lib/libcs3-lanchon-stm32.a(lanchon-stm32-vector.o)
                0x08000000                __cs3_interrupt_vector_lanchon_stm32
                0x08000001                ASSERT ((. != __cs3_interrupt_vector_lanchon_stm32), No interrupt vector)
 *(.rom)
 *(.rom.b)
                0x080177c0                PROVIDE (__cs3_reset_lanchon_stm32, _start)
                0x080177c0                __cs3_reset = __cs3_reset_lanchon_stm32
 *(.cs3.reset)
 *(.text .text.* .gnu.linkonce.t.*)
 .text          0x080000ec       0x30 /home/laurence/CodeSourcery/Sourcery_G++_Lite/bin/../lib/gcc/arm-none-eabi/4.4.1/thumb2/crtbegin.o
 *fill*         0x0800011c        0x4 00
 .text          0x08000120      0x230 Sensors/bmp085.o
                0x08000120                Bmp085_Convert
                0x080001d8                Baro_Convert_Pressure
                0x08000228                Baro_Setup_Temperature
                0x08000248                Baro_Setup_Pressure
                0x08000268                Baro_Read_Full_ADC
                0x08000292                bmp085ReadShort
                0x080002ae                Baro_Read_ADC
                0x080002b4                Bmp085_ReadConfig
 .text          0x08000350     0x1920 Sensors/earth_field.o
                0x08000350                WMM_CalculateSecularVariation
                0x08000458                WMM_get_secular_var_coeff_g
                0x08000470                WMM_get_main_field_coeff_g
                0x0800050c                WMM_get_secular_var_coeff_h
                0x08000524                WMM_get_main_field_coeff_h
                0x080005b8                WMM_DateToYear
                0x080005f4                WMM_RotateMagneticVector
                0x080006b0                WMM_ComputeSphericalHarmonicVariables
                0x08000784                WMM_GeodeticToSpherical
                0x080008e8                WMM_SecVarSummationSpecial
                0x08000a84                WMM_SecVarSummation
                0x08000c84                WMM_SummationSpecial
                0x08000e24                WMM_Summation
                0x08001024                WMM_PcupLow
                0x08001370                WMM_PcupHigh
                0x08001816                WMM_AssociatedLegendreFunction
                0x080018a4                WMM_CalculateGeoMagneticElements
                0x08001968                WMM_Geomag
                0x08001a60                WMM_Initialize
                0x08001ad8                WMM_GetMagVector
 .text          0x08001c70       0xc4 Sensors/pitot.o
                0x08001c70                Pitot_Conv
                0x08001c86                Pitot_convert_Airspeed
                0x08001cdc                Pitot_Read_Conv
                0x08001d04                Pitot_Set_Temp_Conv
                0x08001d1c                Pitot_Set_Press_Conv
 .text          0x08001d34      0x33c Sensors/ubx.o
                0x08001d34                Gps_Process_Byte
                0x08001eb4                Get_UBX_Ack
                0x08001f64                Config_Gps
 .text          0x08002070       0x42 Util/Fatfs/fattime.o
                0x08002070                get_fattime
 *fill*         0x080020b2        0x2 00
 .text          0x080020b4     0x1a54 Util/Fatfs/ff.o
                0x080020da                clust2sect
                0x0800218a                f_mount
                0x080025c8                put_fat
                0x080026c6                get_fat
                0x08002916                f_truncate
                0x08002b7c                f_readdir
                0x08002bca                f_getfree
                0x08002caa                f_lseek
                0x08002dfc                f_write
                0x08002fae                f_read
                0x080031d8                f_sync
                0x0800328e                f_close
                0x0800349c                f_stat
                0x080034de                f_opendir
                0x0800354c                f_rename
                0x08003672                f_utime
                0x080036d4                f_chmod
                0x08003730                f_unlink
                0x080037f8                f_mkdir
                0x080039aa                f_open
 .text          0x08003b08      0x2e4 Util/Fatfs/rtc.o
                0x08003be4                my_RTC_SetCounter
                0x08003c06                rtc_settime
                0x08003cd8                rtc_init
                0x08003d72                rtc_gettime
 .text          0x08003dec      0x7cc Util/Fatfs/sd_spi_stm32.o
                0x08003e14                disk_status
                0x08003e24                disk_timerproc
                0x080040a4                disk_initialize
                0x08004228                disk_ioctl
                0x0800442c                disk_read
                0x0800450c                disk_write
 .text          0x080045b8       0xd8 Util/atmospherics.o
                0x080045b8                US_1976_Temperature
                0x0800464c                Air_Density
 .text          0x08004690      0x768 Util/coords.o
                0x08004690                CrossProduct
                0x080046ee                quat_inverse
                0x0800470a                quat_copy
                0x08004720                quat_mult
                0x0800482a                rot_mult
                0x080048ca                VectorMagnitude
                0x0800490c                RotFrom2Vectors
                0x08004ad8                R2Quaternion
                0x08004cc0                Quaternion2RPY
 .text          0x08004df8       0x2c Util/crc.o
                0x08004df8                CRC_updateByte
                0x08004e04                CRC_updateCRC
 .text          0x08004e24       0x16 Util/delay.o
                0x08004e24                Delay
 *fill*         0x08004e3a        0x2 00
 .text          0x08004e3c      0x57c Util/rprintf.o
                0x08004e3c                rprintfInit
                0x08004e48                rprintfChar
                0x08004e68                rprintfStr
                0x08004e80                rprintfStrLen
                0x08004eb6                rprintfCRLF
                0x08004eba                rprintfu04
                0x08004ec4                rprintfu08
                0x08004ed6                rprintfu16
                0x08004ee8                rprintfu32
                0x08004efa                rprintfNum
                0x08004fb0                rprintfFloat
                0x08005068                Isdigit
                0x08005076                atoiRamRom
                0x0800509c                rStrLen
                0x080050ac                rprintf2RamRom
 .text          0x080053b8       0x20 Util/time.o
                0x080053b8                Set_RTC_From_GPS
 .text          0x080053d8      0x2c4 Util/uavtalk.o
                0x080053d8                UAVtalk_Register_Object
                0x080053e4                memchr_32
                0x08005408                UAVtalk_Generate_Packet
                0x080054dc                UAVtalk_Run_Streams
                0x08005548                UAVtalk_Process_Byte
 .text          0x0800569c      0x164 dma.o
                0x0800569c                Pop_From_Buffer
                0x080056b8                Bytes_In_Buffer
                0x080056de                Get_From_Buffer
                0x08005712                Flush_Buffer
                0x08005728                DMA_Configuration
                0x08005770                DMA_USART1_Configuration
 .text          0x08005800      0x1e0 gpio.o
                0x08005800                Get_MEMS_DRDY
                0x08005828                MEMS_Status_Configuration
                0x08005864                Aux_Devices_Configuration
                0x080058c0                SPI_Control_Configuration
                0x08005928                GPS_IO_Configuration
                0x08005974                GPIO_Config_AF_Periferals
                0x080059c8                All_IO_Configuration
 .text          0x080059e0      0x464 i2c.o
                0x080059e0                Flipbytes
                0x080059ea                I2C_Conf
                0x08005ab8                Gyr_Init
                0x08005af0                Acc_Init
                0x08005b0c                Mag_Init
                0x08005b28                I2C_Read
                0x08005d90                Gyr_Stat
                0x08005daa                Gyr_Read
                0x08005dd0                Mag_Read
                0x08005df6                I2C_Config
 .text          0x08005e44       0x84 interrupts.o
                0x08005e44                NMI_Handler
                0x08005e46                HardFault_Handler
                0x08005e48                MemManage_Handler
                0x08005e4a                BusFault_Handler
                0x08005e4c                UsageFault_Handler
                0x08005e4e                SVC_Handler
                0x08005e50                DebugMon_Handler
                0x08005e52                PendSV_Handler
                0x08005e54                SysTick_Handler
                0x08005e56                EXTI9_5_IRQHandler
                0x08005e70                EXTI6_Config
 .text.Default_Handler
                0x08005ec8        0x2 lib/CMSIS_CM3/startup/gcc/startup_stm32f10x_md.o
                0x08005ec8                EXTI2_IRQHandler
                0x08005ec8                TIM1_CC_IRQHandler
                0x08005ec8                PVD_IRQHandler
                0x08005ec8                EXTI3_IRQHandler
                0x08005ec8                EXTI0_IRQHandler
                0x08005ec8                I2C2_EV_IRQHandler
                0x08005ec8                ADC1_2_IRQHandler
                0x08005ec8                SPI1_IRQHandler
                0x08005ec8                TAMPER_IRQHandler
                0x08005ec8                DMA1_Channel4_IRQHandler
                0x08005ec8                USART3_IRQHandler
                0x08005ec8                RTC_IRQHandler
                0x08005ec8                DMA1_Channel7_IRQHandler
                0x08005ec8                CAN1_RX1_IRQHandler
                0x08005ec8                TIM4_IRQHandler
                0x08005ec8                I2C1_EV_IRQHandler
                0x08005ec8                DMA1_Channel6_IRQHandler
                0x08005ec8                TIM3_IRQHandler
                0x08005ec8                RCC_IRQHandler
                0x08005ec8                TIM1_TRG_COM_IRQHandler
                0x08005ec8                DMA1_Channel1_IRQHandler
                0x08005ec8                Default_Handler
                0x08005ec8                EXTI15_10_IRQHandler
                0x08005ec8                SPI2_IRQHandler
                0x08005ec8                DMA1_Channel5_IRQHandler
                0x08005ec8                EXTI4_IRQHandler
                0x08005ec8                USB_LP_CAN1_RX0_IRQHandler
                0x08005ec8                USB_HP_CAN1_TX_IRQHandler
                0x08005ec8                DMA1_Channel3_IRQHandler
                0x08005ec8                TIM1_UP_IRQHandler
                0x08005ec8                WWDG_IRQHandler
                0x08005ec8                TIM2_IRQHandler
                0x08005ec8                TIM1_BRK_IRQHandler
                0x08005ec8                EXTI1_IRQHandler
                0x08005ec8                RTCAlarm_IRQHandler
                0x08005ec8                USART2_IRQHandler
                0x08005ec8                I2C2_ER_IRQHandler
                0x08005ec8                DMA1_Channel2_IRQHandler
                0x08005ec8                CAN1_SCE_IRQHandler
                0x08005ec8                FLASH_IRQHandler
                0x08005ec8                USART1_IRQHandler
                0x08005ec8                I2C1_ER_IRQHandler
                0x08005ec8                USBWakeUp_IRQHandler
 *fill*         0x08005eca        0x2 00
 .text          0x08005ecc       0xf8 lib/CMSIS_CM3/system_stm32f10x.o
                0x08005ecc                SystemInit
 *fill*         0x08005fc4        0x4 00
 .text          0x08005fc8      0x748 main.o
                0x08005fc8                Initialisation
                0x08006654                main
 .text          0x08006710      0x1e0 pwm.o
                0x08006710                PWM_Set
                0x08006790                Timer_GPIO_Disable
                0x080067cc                Timer_GPIO_Enable
                0x08006808                Timer_RCC_Configuration
                0x08006820                Init_Timers
 .text          0x080068f0      0x1c8 usart.o
                0x080068f0                Default_Usart_Config
                0x08006902                __gps_send_char
                0x08006920                Gps_Send_Str
                0x08006938                Gps_Send_Utf8
                0x08006952                __usart_send_char
                0x08006970                Usart_Send_Str
                0x08006988                usart1_disable_dma
                0x080069a8                usart1_send_data_dma
                0x080069d4                USART2_reconf
                0x08006a18                Usarts_Init
 .text          0x08006ab8       0x3e watchdog.o
                0x08006ab8                Watchdog_Reset_Detect
                0x08006acc                Watchdog_Config
 *fill*         0x08006af6        0x2 00
 .text          0x08006af8     0x88a8 Control/ekf.o
                0x08006af8                ins_get_num_states
                0x08006afc                INSGPSInit
                0x08006c28                INSResetP
                0x08006c70                INSResetRGPS
                0x08006c9c                INSSetState
                0x08006d00                INSPosVelReset
                0x08006d88                INSSetPosVelVar
                0x08006da4                INSSetGyroBias
                0x08006dc0                INSSetAccelVar
                0x08006ddc                INSSetGyroVar
                0x08006df8                INSSetMagVar
                0x08006e14                INSSetMagNorth
                0x08006e2c                CovariancePrediction
                0x0800e176                INSCovariancePrediction
                0x0800e19c                SerialUpdate
                0x0800e2f4                StateEq
                0x0800e5e8                RungeKutta
                0x0800e710                LinearizeFG
                0x0800eb84                MeasurementEq
                0x0800ed42                LinearizeH
                0x0800f00c                INSCorrection
                0x0800f1bc                VelBaroCorrection
                0x0800f1d8                GpsMagCorrection
                0x0800f1f0                FullCorrection
                0x0800f1fe                GpsBaroCorrection
                0x0800f21c                MagVelBaroCorrection
                0x0800f238                MagCorrection
                0x0800f258                INSStatePrediction
 .text          0x0800f3a0      0x958 Control/imu.o
                0x0800f3a0                run_imu
 .text          0x0800fcf8       0x64 Control/loops.o
                0x0800fcf8                Run_PID
                0x0800fd54                Reset_PID
 .text          0x0800fd5c       0xc8 Control/sensorcal.o
                0x0800fd5c                Calibrate_3
 .text          0x0800fe24       0x64 Control/servos.o
                0x0800fe24                Disable_Servos
                0x0800fe28                Enable_Servos
                0x0800fe2c                Apply_Servos
 .text          0x0800fe88       0xc0 lib/STM32F10x_StdPeriph_Driver/libstm32fw.a(misc.o)
                0x0800fe88                NVIC_PriorityGroupConfig
                0x0800fe9c                NVIC_Init
                0x0800ff00                NVIC_SetVectorTable
                0x0800ff14                NVIC_SystemLPConfig
                0x0800ff30                SysTick_CLKSourceConfig
 .text          0x0800ff48       0xe4 lib/STM32F10x_StdPeriph_Driver/libstm32fw.a(stm32f10x_bkp.o)
                0x0800ff48                BKP_TamperPinLevelConfig
                0x0800ff54                BKP_TamperPinCmd
                0x0800ff60                BKP_ITConfig
                0x0800ff6c                BKP_RTCOutputConfig
                0x0800ff84                BKP_SetRTCCalibrationValue
                0x0800ff9c                BKP_WriteBackupRegister
                0x0800ffb8                BKP_ReadBackupRegister
                0x0800ffd8                BKP_GetFlagStatus
                0x0800ffe4                BKP_ClearFlag
                0x0800fff8                BKP_GetITStatus
                0x08010004                BKP_ClearITPendingBit
                0x08010018                BKP_DeInit
 .text          0x0801002c      0x1d4 lib/STM32F10x_StdPeriph_Driver/libstm32fw.a(stm32f10x_dma.o)
                0x0801002c                DMA_DeInit
                0x0801010c                DMA_Init
                0x0801014c                DMA_StructInit
                0x08010166                DMA_Cmd
                0x0801017a                DMA_ITConfig
                0x0801018c                DMA_GetCurrDataCounter
                0x08010192                DMA_GetFlagStatus
                0x080101b0                DMA_ClearFlag
                0x080101c8                DMA_GetITStatus
                0x080101e8                DMA_ClearITPendingBit
 .text          0x08010200      0x104 lib/STM32F10x_StdPeriph_Driver/libstm32fw.a(stm32f10x_exti.o)
                0x08010200                EXTI_DeInit
                0x0801021c                EXTI_Init
                0x0801029c                EXTI_StructInit
                0x080102aa                EXTI_GenerateSWInterrupt
                0x080102bc                EXTI_GetFlagStatus
                0x080102d0                EXTI_ClearFlag
                0x080102dc                EXTI_GetITStatus
                0x080102f8                EXTI_ClearITPendingBit
 .text          0x08010304      0x29c lib/STM32F10x_StdPeriph_Driver/libstm32fw.a(stm32f10x_gpio.o)
                0x08010304                GPIO_Init
                0x080103bc                GPIO_StructInit
                0x080103cc                GPIO_ReadInputDataBit
                0x080103d8                GPIO_ReadInputData
                0x080103de                GPIO_ReadOutputDataBit
                0x080103ea                GPIO_ReadOutputData
                0x080103f0                GPIO_SetBits
                0x080103f4                GPIO_ResetBits
                0x080103f8                GPIO_WriteBit
                0x08010402                GPIO_Write
                0x08010406                GPIO_PinLockConfig
                0x08010416                GPIO_EventOutputConfig
                0x08010434                GPIO_EventOutputCmd
                0x08010440                GPIO_PinRemapConfig
                0x080104a0                GPIO_EXTILineConfig
                0x080104d4                GPIO_ETH_MediaInterfaceConfig
                0x080104e0                GPIO_AFIODeInit
                0x080104f6                GPIO_DeInit
 .text          0x080105a0      0x3cc lib/STM32F10x_StdPeriph_Driver/libstm32fw.a(stm32f10x_i2c.o)
                0x080105a0                I2C_StructInit
                0x080105bc                I2C_Cmd
                0x080105d6                I2C_DMACmd
                0x080105f0                I2C_DMALastTransferCmd
                0x0801060a                I2C_GenerateSTART
                0x08010624                I2C_GenerateSTOP
                0x0801063e                I2C_AcknowledgeConfig
                0x08010658                I2C_OwnAddress2Config
                0x0801066e                I2C_DualAddressCmd
                0x08010688                I2C_GeneralCallCmd
                0x080106a2                I2C_ITConfig
                0x080106b8                I2C_SendData
                0x080106bc                I2C_ReceiveData
                0x080106c2                I2C_Send7bitAddress
                0x080106d2                I2C_ReadRegister
                0x080106ea                I2C_SoftwareResetCmd
                0x08010704                I2C_SMBusAlertConfig
                0x08010720                I2C_TransmitPEC
                0x0801073a                I2C_PECPositionConfig
                0x08010756                I2C_CalculatePEC
                0x08010770                I2C_GetPEC
                0x08010778                I2C_ARPCmd
                0x08010792                I2C_StretchClockCmd
                0x080107ac                I2C_FastModeDutyCycleConfig
                0x080107c8                I2C_GetLastEvent
                0x080107d8                I2C_CheckEvent
                0x080107f0                I2C_GetFlagStatus
                0x08010824                I2C_ClearFlag
                0x0801082c                I2C_GetITStatus
                0x08010848                I2C_ClearITPendingBit
                0x08010850                I2C_Init
                0x08010938                I2C_DeInit
 .text          0x0801096c       0x58 lib/STM32F10x_StdPeriph_Driver/libstm32fw.a(stm32f10x_iwdg.o)
                0x0801096c                IWDG_WriteAccessCmd
                0x08010978                IWDG_SetPrescaler
                0x08010984                IWDG_SetReload
                0x08010990                IWDG_ReloadCounter
                0x080109a0                IWDG_Enable
                0x080109b0                IWDG_GetFlagStatus
 .text          0x080109c4       0xd0 lib/STM32F10x_StdPeriph_Driver/libstm32fw.a(stm32f10x_pwr.o)
                0x080109c8                PWR_BackupAccessCmd
                0x080109d4                PWR_PVDCmd
                0x080109e0                PWR_PVDLevelConfig
                0x080109f4                PWR_WakeUpPinCmd
                0x08010a00                PWR_EnterSTOPMode
                0x08010a2c                PWR_EnterSTANDBYMode
                0x08010a54                PWR_GetFlagStatus
                0x08010a68                PWR_ClearFlag
                0x08010a78                PWR_DeInit
 .text          0x08010a94      0x384 lib/STM32F10x_StdPeriph_Driver/libstm32fw.a(stm32f10x_rcc.o)
                0x08010a94                RCC_DeInit
                0x08010ad4                RCC_HSEConfig
                0x08010b0c                RCC_AdjustHSICalibrationValue
                0x08010b20                RCC_HSICmd
                0x08010b2c                RCC_PLLConfig
                0x08010b44                RCC_PLLCmd
                0x08010b50                RCC_SYSCLKConfig
                0x08010b64                RCC_GetSYSCLKSource
                0x08010b74                RCC_HCLKConfig
                0x08010b88                RCC_PCLK1Config
                0x08010b9c                RCC_PCLK2Config
                0x08010bb0                RCC_ITConfig
                0x08010bcc                RCC_USBCLKConfig
                0x08010bd8                RCC_ADCCLKConfig
                0x08010bec                RCC_LSEConfig
                0x08010c0c                RCC_LSICmd
                0x08010c18                RCC_RTCCLKConfig
                0x08010c28                RCC_RTCCLKCmd
                0x08010c34                RCC_GetClocksFreq
                0x08010ce4                RCC_AHBPeriphClockCmd
                0x08010d00                RCC_APB2PeriphClockCmd
                0x08010d1c                RCC_APB1PeriphClockCmd
                0x08010d38                RCC_APB2PeriphResetCmd
                0x08010d54                RCC_APB1PeriphResetCmd
                0x08010d70                RCC_BackupResetCmd
                0x08010d7c                RCC_ClockSecuritySystemCmd
                0x08010d88                RCC_MCOConfig
                0x08010d94                RCC_GetFlagStatus
                0x08010dbc                RCC_WaitForHSEStartUp
                0x08010de8                RCC_ClearFlag
                0x08010df8                RCC_GetITStatus
                0x08010e0c                RCC_ClearITPendingBit
 .text          0x08010e18      0x15c lib/STM32F10x_StdPeriph_Driver/libstm32fw.a(stm32f10x_rtc.o)
                0x08010e18                RTC_ITConfig
                0x08010e38                RTC_EnterConfigMode
                0x08010e4c                RTC_ExitConfigMode
                0x08010e60                RTC_GetCounter
                0x08010e74                RTC_SetCounter
                0x08010e90                RTC_SetPrescaler
                0x08010eb0                RTC_SetAlarm
                0x08010ecc                RTC_GetDivider
                0x08010ee4                RTC_WaitForLastTask
                0x08010ef4                RTC_WaitForSynchro
                0x08010f14                RTC_GetFlagStatus
                0x08010f28                RTC_ClearFlag
                0x08010f3c                RTC_GetITStatus
                0x08010f60                RTC_ClearITPendingBit
 .text          0x08010f74      0x2f8 lib/STM32F10x_StdPeriph_Driver/libstm32fw.a(stm32f10x_spi.o)
                0x08010f74                SPI_Init
                0x08010fce                SPI_StructInit
                0x08010fe8                I2S_StructInit
                0x08010ffc                SPI_Cmd
                0x08011016                I2S_Cmd
                0x08011030                SPI_I2S_ITConfig
                0x0801104e                SPI_I2S_DMACmd
                0x08011064                SPI_I2S_SendData
                0x08011068                SPI_I2S_ReceiveData
                0x0801106e                SPI_NSSInternalSoftwareConfig
                0x08011088                SPI_SSOutputCmd
                0x080110a2                SPI_DataSizeConfig
                0x080110ba                SPI_TransmitCRC
                0x080110c6                SPI_CalculateCRC
                0x080110e0                SPI_GetCRC
                0x080110f0                SPI_GetCRCPolynomial
                0x080110f6                SPI_BiDirectionalLineConfig
                0x08011112                SPI_I2S_GetFlagStatus
                0x0801111e                SPI_I2S_ClearFlag
                0x08011126                SPI_I2S_GetITStatus
                0x08011150                SPI_I2S_ClearITPendingBit
                0x08011160                I2S_Init
                0x0801120a                SPI_I2S_DeInit
 .text          0x0801126c      0xb54 lib/STM32F10x_StdPeriph_Driver/libstm32fw.a(stm32f10x_tim.o)
                0x0801126c                TIM_TimeBaseInit
                0x080112ac                TIM_OC1Init
                0x08011340                TIM_OC2Init
                0x080113dc                TIM_OC3Init
                0x08011474                TIM_OC4Init
                0x080114f0                TIM_BDTRConfig
                0x08011514                TIM_TimeBaseStructInit
                0x08011526                TIM_OCStructInit
                0x0801153a                TIM_ICStructInit
                0x0801154c                TIM_BDTRStructInit
                0x0801155e                TIM_Cmd
                0x08011578                TIM_CtrlPWMOutputs
                0x08011598                TIM_ITConfig
                0x080115ae                TIM_GenerateEvent
                0x080115b2                TIM_DMAConfig
                0x080115ba                TIM_DMACmd
                0x080115d0                TIM_InternalClockConfig
                0x080115de                TIM_ETRConfig
                0x080115fc                TIM_ETRClockMode2Config
                0x08011610                TIM_ETRClockMode1Config
                0x0801162a                TIM_PrescalerConfig
                0x08011630                TIM_CounterModeConfig
                0x08011642                TIM_SelectInputTrigger
                0x08011654                TIM_ITRxExternalClockConfig
                0x08011668                TIM_EncoderInterfaceConfig
                0x080116b0                TIM_ForcedOC1Config
                0x080116c2                TIM_ForcedOC2Config
                0x080116d6                TIM_ForcedOC3Config
                0x080116e8                TIM_ForcedOC4Config
                0x080116fc                TIM_ARRPreloadConfig
                0x08011716                TIM_SelectCOM
                0x08011730                TIM_SelectCCDMA
                0x0801174a                TIM_CCPreloadControl
                0x08011764                TIM_OC1PreloadConfig
                0x08011776                TIM_OC2PreloadConfig
                0x0801178a                TIM_OC3PreloadConfig
                0x0801179c                TIM_OC4PreloadConfig
                0x080117b0                TIM_OC1FastConfig
                0x080117c2                TIM_OC2FastConfig
                0x080117d6                TIM_OC3FastConfig
                0x080117e8                TIM_OC4FastConfig
                0x080117fc                TIM_ClearOC1Ref
                0x0801180e                TIM_ClearOC2Ref
                0x0801181e                TIM_ClearOC3Ref
                0x08011830                TIM_ClearOC4Ref
                0x08011840                TIM_OC1PolarityConfig
                0x08011852                TIM_OC1NPolarityConfig
                0x08011864                TIM_OC2PolarityConfig
                0x08011878                TIM_OC2NPolarityConfig
                0x0801188c                TIM_OC3PolarityConfig
                0x080118a0                TIM_OC3NPolarityConfig
                0x080118b4                TIM_OC4PolarityConfig
                0x080118c8                TIM_CCxCmd
                0x080118ea                TIM_CCxNCmd
                0x0801190c                TIM_SelectOCxM
                0x0801195e                TIM_UpdateDisableConfig
                0x08011978                TIM_UpdateRequestConfig
                0x08011992                TIM_SelectHallSensor
                0x080119ac                TIM_SelectOnePulseMode
                0x080119c4                TIM_SelectOutputTrigger
                0x080119dc                TIM_SelectSlaveMode
                0x080119f4                TIM_SelectMasterSlaveMode
                0x08011a0c                TIM_SetCounter
                0x08011a10                TIM_SetAutoreload
                0x08011a14                TIM_SetCompare1
                0x08011a18                TIM_SetCompare2
                0x08011a1c                TIM_SetCompare3
                0x08011a20                TIM_SetCompare4
                0x08011a26                TIM_SetIC1Prescaler
                0x08011a3e                TIM_SetIC2Prescaler
                0x08011a58                TIM_SetIC3Prescaler
                0x08011a70                TIM_SetIC4Prescaler
                0x08011a8a                TIM_SetClockDivision
                0x08011a9c                TIM_GetCapture1
                0x08011aa2                TIM_GetCapture2
                0x08011aa8                TIM_GetCapture3
                0x08011aae                TIM_GetCapture4
                0x08011ab6                TIM_GetCounter
                0x08011abc                TIM_GetPrescaler
                0x08011ac2                TIM_GetFlagStatus
                0x08011ace                TIM_ClearFlag
                0x08011ad6                TIM_GetITStatus
                0x08011aec                TIM_ClearITPendingBit
                0x08011b8c                TIM_TIxExternalClockConfig
                0x08011bba                TIM_PWMIConfig
                0x08011c26                TIM_ICInit
                0x08011cf6                TIM_DeInit
 .text          0x08011dc0      0x384 lib/STM32F10x_StdPeriph_Driver/libstm32fw.a(stm32f10x_usart.o)
                0x08011dc0                USART_StructInit
                0x08011dd8                USART_ClockInit
                0x08011e02                USART_ClockStructInit
                0x08011e0e                USART_Cmd
                0x08011e28                USART_ITConfig
                0x08011e5e                USART_DMACmd
                0x08011e74                USART_SetAddress
                0x08011e8c                USART_WakeUpConfig
                0x08011ea4                USART_ReceiverWakeUpCmd
                0x08011ebe                USART_LINBreakDetectLengthConfig
                0x08011ed6                USART_LINCmd
                0x08011ef0                USART_SendData
                0x08011ef8                USART_ReceiveData
                0x08011f00                USART_SendBreak
                0x08011f0c                USART_SetGuardTime
                0x08011f1e                USART_SetPrescaler
                0x08011f32                USART_SmartCardCmd
                0x08011f4c                USART_SmartCardNACKCmd
                0x08011f66                USART_HalfDuplexCmd
                0x08011f80                USART_IrDAConfig
                0x08011f98                USART_IrDACmd
                0x08011fb2                USART_GetFlagStatus
                0x08011fbe                USART_ClearFlag
                0x08011fc6                USART_GetITStatus
                0x0801200c                USART_ClearITPendingBit
                0x0801201a                USART_Init
                0x080120ac                USART_DeInit
 .text          0x08012144       0x98 /home/laurence/CodeSourcery/Sourcery_G++_Lite/bin/../lib/gcc/arm-none-eabi/4.4.1/../../../../arm-none-eabi/lib/thumb2/libm.a(lib_a-s_cos.o)
                0x08012144                cos
 .text          0x080121dc       0xa0 /home/laurence/CodeSourcery/Sourcery_G++_Lite/bin/../lib/gcc/arm-none-eabi/4.4.1/../../../../arm-none-eabi/lib/thumb2/libm.a(lib_a-s_sin.o)
                0x080121dc                sin
 .text          0x0801227c       0xac /home/laurence/CodeSourcery/Sourcery_G++_Lite/bin/../lib/gcc/arm-none-eabi/4.4.1/../../../../arm-none-eabi/lib/thumb2/libm.a(lib_a-w_asin.o)
                0x0801227c                asin
 .text          0x08012328        0x4 /home/laurence/CodeSourcery/Sourcery_G++_Lite/bin/../lib/gcc/arm-none-eabi/4.4.1/../../../../arm-none-eabi/lib/thumb2/libm.a(lib_a-w_atan2.o)
                0x08012328                atan2
 .text          0x0801232c      0x358 /home/laurence/CodeSourcery/Sourcery_G++_Lite/bin/../lib/gcc/arm-none-eabi/4.4.1/../../../../arm-none-eabi/lib/thumb2/libm.a(lib_a-w_pow.o)
                0x0801232c                pow
 .text          0x08012684       0xac /home/laurence/CodeSourcery/Sourcery_G++_Lite/bin/../lib/gcc/arm-none-eabi/4.4.1/../../../../arm-none-eabi/lib/thumb2/libm.a(lib_a-w_sqrt.o)
                0x08012684                sqrt
 .text          0x08012730       0xa8 /home/laurence/CodeSourcery/Sourcery_G++_Lite/bin/../lib/gcc/arm-none-eabi/4.4.1/../../../../arm-none-eabi/lib/thumb2/libm.a(lib_a-wf_asin.o)
                0x08012730                asinf
 .text          0x080127d8        0x4 /home/laurence/CodeSourcery/Sourcery_G++_Lite/bin/../lib/gcc/arm-none-eabi/4.4.1/../../../../arm-none-eabi/lib/thumb2/libm.a(lib_a-wf_atan2.o)
                0x080127d8                atan2f
 *fill*         0x080127dc        0x4 00
 .text          0x080127e0      0x420 /home/laurence/CodeSourcery/Sourcery_G++_Lite/bin/../lib/gcc/arm-none-eabi/4.4.1/../../../../arm-none-eabi/lib/thumb2/libm.a(lib_a-e_asin.o)
                0x080127e0                __ieee754_asin
 .text          0x08012c00      0x220 /home/laurence/CodeSourcery/Sourcery_G++_Lite/bin/../lib/gcc/arm-none-eabi/4.4.1/../../../../arm-none-eabi/lib/thumb2/libm.a(lib_a-e_atan2.o)
                0x08012c00                __ieee754_atan2
 .text          0x08012e20      0xb60 /home/laurence/CodeSourcery/Sourcery_G++_Lite/bin/../lib/gcc/arm-none-eabi/4.4.1/../../../../arm-none-eabi/lib/thumb2/libm.a(lib_a-e_pow.o)
                0x08012e20                __ieee754_pow
 .text          0x08013980      0x418 /home/laurence/CodeSourcery/Sourcery_G++_Lite/bin/../lib/gcc/arm-none-eabi/4.4.1/../../../../arm-none-eabi/lib/thumb2/libm.a(lib_a-e_rem_pio2.o)
                0x08013980                __ieee754_rem_pio2
 .text          0x08013d98      0x1dc /home/laurence/CodeSourcery/Sourcery_G++_Lite/bin/../lib/gcc/arm-none-eabi/4.4.1/../../../../arm-none-eabi/lib/thumb2/libm.a(lib_a-e_sqrt.o)
                0x08013d98                __ieee754_sqrt
 .text          0x08013f74      0x318 /home/laurence/CodeSourcery/Sourcery_G++_Lite/bin/../lib/gcc/arm-none-eabi/4.4.1/../../../../arm-none-eabi/lib/thumb2/libm.a(lib_a-ef_asin.o)
                0x08013f74                __ieee754_asinf
 .text          0x0801428c      0x158 /home/laurence/CodeSourcery/Sourcery_G++_Lite/bin/../lib/gcc/arm-none-eabi/4.4.1/../../../../arm-none-eabi/lib/thumb2/libm.a(lib_a-ef_atan2.o)
                0x0801428c                __ieee754_atan2f
 .text          0x080143e4       0xb4 /home/laurence/CodeSourcery/Sourcery_G++_Lite/bin/../lib/gcc/arm-none-eabi/4.4.1/../../../../arm-none-eabi/lib/thumb2/libm.a(lib_a-ef_sqrt.o)
                0x080143e4                __ieee754_sqrtf
 .text          0x08014498      0x250 /home/laurence/CodeSourcery/Sourcery_G++_Lite/bin/../lib/gcc/arm-none-eabi/4.4.1/../../../../arm-none-eabi/lib/thumb2/libm.a(lib_a-k_cos.o)
                0x08014498                __kernel_cos
 .text          0x080146e8      0x7b4 /home/laurence/CodeSourcery/Sourcery_G++_Lite/bin/../lib/gcc/arm-none-eabi/4.4.1/../../../../arm-none-eabi/lib/thumb2/libm.a(lib_a-k_rem_pio2.o)
                0x080146e8                __kernel_rem_pio2
 *fill*         0x08014e9c        0x4 00
 .text          0x08014ea0      0x170 /home/laurence/CodeSourcery/Sourcery_G++_Lite/bin/../lib/gcc/arm-none-eabi/4.4.1/../../../../arm-none-eabi/lib/thumb2/libm.a(lib_a-k_sin.o)
                0x08014ea0                __kernel_sin
 .text          0x08015010      0x348 /home/laurence/CodeSourcery/Sourcery_G++_Lite/bin/../lib/gcc/arm-none-eabi/4.4.1/../../../../arm-none-eabi/lib/thumb2/libm.a(lib_a-s_atan.o)
                0x08015010                atan
 .text          0x08015358        0x8 /home/laurence/CodeSourcery/Sourcery_G++_Lite/bin/../lib/gcc/arm-none-eabi/4.4.1/../../../../arm-none-eabi/lib/thumb2/libm.a(lib_a-s_fabs.o)
                0x08015358                fabs
 .text          0x08015360       0x10 /home/laurence/CodeSourcery/Sourcery_G++_Lite/bin/../lib/gcc/arm-none-eabi/4.4.1/../../../../arm-none-eabi/lib/thumb2/libm.a(lib_a-s_finite.o)
                0x08015360                finite
 .text          0x08015370      0x128 /home/laurence/CodeSourcery/Sourcery_G++_Lite/bin/../lib/gcc/arm-none-eabi/4.4.1/../../../../arm-none-eabi/lib/thumb2/libm.a(lib_a-s_floor.o)
                0x08015370                floor
 .text          0x08015498       0x1c /home/laurence/CodeSourcery/Sourcery_G++_Lite/bin/../lib/gcc/arm-none-eabi/4.4.1/../../../../arm-none-eabi/lib/thumb2/libm.a(lib_a-s_isnand.o)
                0x08015498                __isnand
 .text          0x080154b4        0x4 /home/laurence/CodeSourcery/Sourcery_G++_Lite/bin/../lib/gcc/arm-none-eabi/4.4.1/../../../../arm-none-eabi/lib/thumb2/libm.a(lib_a-s_matherr.o)
                0x080154b4                matherr
 .text          0x080154b8        0xc /home/laurence/CodeSourcery/Sourcery_G++_Lite/bin/../lib/gcc/arm-none-eabi/4.4.1/../../../../arm-none-eabi/lib/thumb2/libm.a(lib_a-s_nan.o)
                0x080154b8                nan
 .text          0x080154c4      0x134 /home/laurence/CodeSourcery/Sourcery_G++_Lite/bin/../lib/gcc/arm-none-eabi/4.4.1/../../../../arm-none-eabi/lib/thumb2/libm.a(lib_a-s_rint.o)
                0x080154c4                rint
 .text          0x080155f8      0x118 /home/laurence/CodeSourcery/Sourcery_G++_Lite/bin/../lib/gcc/arm-none-eabi/4.4.1/../../../../arm-none-eabi/lib/thumb2/libm.a(lib_a-s_scalbn.o)
                0x080155f8                scalbn
 .text          0x08015710      0x23c /home/laurence/CodeSourcery/Sourcery_G++_Lite/bin/../lib/gcc/arm-none-eabi/4.4.1/../../../../arm-none-eabi/lib/thumb2/libm.a(lib_a-sf_atan.o)
                0x08015710                atanf
 .text          0x0801594c        0x8 /home/laurence/CodeSourcery/Sourcery_G++_Lite/bin/../lib/gcc/arm-none-eabi/4.4.1/../../../../arm-none-eabi/lib/thumb2/libm.a(lib_a-sf_fabs.o)
                0x0801594c                fabsf
 .text          0x08015954       0x10 /home/laurence/CodeSourcery/Sourcery_G++_Lite/bin/../lib/gcc/arm-none-eabi/4.4.1/../../../../arm-none-eabi/lib/thumb2/libm.a(lib_a-sf_isnan.o)
                0x08015954                isnanf
 .text          0x08015964       0x18 /home/laurence/CodeSourcery/Sourcery_G++_Lite/bin/../lib/gcc/arm-none-eabi/4.4.1/../../../../arm-none-eabi/lib/thumb2/libm.a(lib_a-s_copysign.o)
                0x08015964                copysign
 *fill*         0x0801597c        0x4 00
 .text          0x08015980      0x2b0 /home/laurence/CodeSourcery/Sourcery_G++_Lite/bin/../lib/gcc/arm-none-eabi/4.4.1/thumb2/libgcc.a(_divsi3.o)
                0x08015980                __aeabi_idiv
                0x08015980                __divsi3
                0x08015c14                __aeabi_idivmod
 .text          0x08015c30        0x4 /home/laurence/CodeSourcery/Sourcery_G++_Lite/bin/../lib/gcc/arm-none-eabi/4.4.1/thumb2/libgcc.a(_dvmd_tls.o)
                0x08015c30                __aeabi_ldiv0
                0x08015c30                __aeabi_idiv0
 .text          0x08015c34      0x370 /home/laurence/CodeSourcery/Sourcery_G++_Lite/bin/../lib/gcc/arm-none-eabi/4.4.1/thumb2/libgcc.a(_arm_addsubdf3.o)
                0x08015c34                __aeabi_drsub
                0x08015c3c                __aeabi_dsub
                0x08015c3c                __subdf3
                0x08015c40                __adddf3
                0x08015c40                __aeabi_dadd
                0x08015eb8                __aeabi_ui2d
                0x08015eb8                __floatunsidf
                0x08015ed8                __floatsidf
                0x08015ed8                __aeabi_i2d
                0x08015efc                __extendsfdf2
                0x08015efc                __aeabi_f2d
                0x08015f38                __aeabi_ul2d
                0x08015f38                __floatundidf
                0x08015f48                __floatdidf
                0x08015f48                __aeabi_l2d
 .text          0x08015fa4      0x424 /home/laurence/CodeSourcery/Sourcery_G++_Lite/bin/../lib/gcc/arm-none-eabi/4.4.1/thumb2/libgcc.a(_arm_muldivdf3.o)
                0x08015fa4                __aeabi_dmul
                0x08015fa4                __muldf3
                0x080161f8                __aeabi_ddiv
                0x080161f8                __divdf3
 .text          0x080163c8      0x110 /home/laurence/CodeSourcery/Sourcery_G++_Lite/bin/../lib/gcc/arm-none-eabi/4.4.1/thumb2/libgcc.a(_arm_cmpdf2.o)
                0x080163c8                __gtdf2
                0x080163c8                __gedf2
                0x080163d0                __ltdf2
                0x080163d0                __ledf2
                0x080163d8                __cmpdf2
                0x080163d8                __eqdf2
                0x080163d8                __nedf2
                0x08016454                __aeabi_cdrcmple
                0x08016464                __aeabi_cdcmple
                0x08016464                __aeabi_cdcmpeq
                0x08016474                __aeabi_dcmpeq
                0x08016488                __aeabi_dcmplt
                0x0801649c                __aeabi_dcmple
                0x080164b0                __aeabi_dcmpge
                0x080164c4                __aeabi_dcmpgt
 .text          0x080164d8       0x50 /home/laurence/CodeSourcery/Sourcery_G++_Lite/bin/../lib/gcc/arm-none-eabi/4.4.1/thumb2/libgcc.a(_arm_fixdfsi.o)
                0x080164d8                __fixdfsi
                0x080164d8                __aeabi_d2iz
 .text          0x08016528       0x40 /home/laurence/CodeSourcery/Sourcery_G++_Lite/bin/../lib/gcc/arm-none-eabi/4.4.1/thumb2/libgcc.a(_arm_fixunsdfsi.o)
                0x08016528                __fixunsdfsi
                0x08016528                __aeabi_d2uiz
 .text          0x08016568       0xa0 /home/laurence/CodeSourcery/Sourcery_G++_Lite/bin/../lib/gcc/arm-none-eabi/4.4.1/thumb2/libgcc.a(_arm_truncdfsf2.o)
                0x08016568                __aeabi_d2f
                0x08016568                __truncdfsf2
 .text          0x08016608      0x21c /home/laurence/CodeSourcery/Sourcery_G++_Lite/bin/../lib/gcc/arm-none-eabi/4.4.1/thumb2/libgcc.a(_arm_addsubsf3.o)
                0x08016608                __aeabi_frsub
                0x08016610                __subsf3
                0x08016610                __aeabi_fsub
                0x08016614                __aeabi_fadd
                0x08016614                __addsf3
                0x08016774                __aeabi_ui2f
                0x08016774                __floatunsisf
                0x0801677c                __aeabi_i2f
                0x0801677c                __floatsisf
                0x08016798                __floatundisf
                0x08016798                __aeabi_ul2f
                0x080167a8                __floatdisf
                0x080167a8                __aeabi_l2f
 .text          0x08016824      0x2a0 /home/laurence/CodeSourcery/Sourcery_G++_Lite/bin/../lib/gcc/arm-none-eabi/4.4.1/thumb2/libgcc.a(_arm_muldivsf3.o)
                0x08016824                __mulsf3
                0x08016824                __aeabi_fmul
                0x0801698c                __divsf3
                0x0801698c                __aeabi_fdiv
 .text          0x08016ac4       0xec /home/laurence/CodeSourcery/Sourcery_G++_Lite/bin/../lib/gcc/arm-none-eabi/4.4.1/thumb2/libgcc.a(_arm_cmpsf2.o)
                0x08016ac4                __gtsf2
                0x08016ac4                __gesf2
                0x08016acc                __lesf2
                0x08016acc                __ltsf2
                0x08016ad4                __nesf2
                0x08016ad4                __eqsf2
                0x08016ad4                __cmpsf2
                0x08016b34                __aeabi_cfrcmple
                0x08016b3c                __aeabi_cfcmple
                0x08016b3c                __aeabi_cfcmpeq
                0x08016b4c                __aeabi_fcmpeq
                0x08016b60                __aeabi_fcmplt
                0x08016b74                __aeabi_fcmple
                0x08016b88                __aeabi_fcmpge
                0x08016b9c                __aeabi_fcmpgt
 .text          0x08016bb0       0x4c /home/laurence/CodeSourcery/Sourcery_G++_Lite/bin/../lib/gcc/arm-none-eabi/4.4.1/thumb2/libgcc.a(_arm_fixsfsi.o)
                0x08016bb0                __fixsfsi
                0x08016bb0                __aeabi_f2iz
 .text          0x08016bfc       0x40 /home/laurence/CodeSourcery/Sourcery_G++_Lite/bin/../lib/gcc/arm-none-eabi/4.4.1/thumb2/libgcc.a(_arm_fixunssfsi.o)
                0x08016bfc                __aeabi_f2uiz
                0x08016bfc                __fixunssfsi
 .text          0x08016c3c        0xc /home/laurence/CodeSourcery/Sourcery_G++_Lite/bin/../lib/gcc/arm-none-eabi/4.4.1/../../../../arm-none-eabi/lib/thumb2/libc.a(lib_a-errno.o)
                0x08016c3c                __errno
 .text          0x08016c48       0x20 /home/laurence/CodeSourcery/Sourcery_G++_Lite/bin/../lib/gcc/arm-none-eabi/4.4.1/../../../../arm-none-eabi/lib/thumb2/libc.a(lib_a-malloc.o)
                0x08016c48                free
                0x08016c58                malloc
 .text          0x08016c68      0x5a4 /home/laurence/CodeSourcery/Sourcery_G++_Lite/bin/../lib/gcc/arm-none-eabi/4.4.1/../../../../arm-none-eabi/lib/thumb2/libc.a(lib_a-mallocr.o)
                0x08016c68                _malloc_r
 .text          0x0801720c      0x190 /home/laurence/CodeSourcery/Sourcery_G++_Lite/bin/../lib/gcc/arm-none-eabi/4.4.1/../../../../arm-none-eabi/lib/thumb2/libc.a(lib_a-memcpy.o)
                0x0801720c                memcpy
 .text          0x0801739c        0x8 /home/laurence/CodeSourcery/Sourcery_G++_Lite/bin/../lib/gcc/arm-none-eabi/4.4.1/../../../../arm-none-eabi/lib/thumb2/libc.a(lib_a-mlock.o)
                0x0801739c                __malloc_lock
                0x080173a0                __malloc_unlock
 .text          0x080173a4       0x28 /home/laurence/CodeSourcery/Sourcery_G++_Lite/bin/../lib/gcc/arm-none-eabi/4.4.1/../../../../arm-none-eabi/lib/thumb2/libc.a(lib_a-sbrkr.o)
                0x080173a4                _sbrk_r
 .text          0x080173cc       0xbc /home/laurence/CodeSourcery/Sourcery_G++_Lite/bin/../lib/gcc/arm-none-eabi/4.4.1/../../../../arm-none-eabi/lib/thumb2/libc.a(lib_a-strcpy.o)
                0x080173cc                strcpy
 .text          0x08017488      0x268 /home/laurence/CodeSourcery/Sourcery_G++_Lite/bin/../lib/gcc/arm-none-eabi/4.4.1/../../../../arm-none-eabi/lib/thumb2/libc.a(lib_a-freer.o)
                0x08017488                _malloc_trim_r
                0x08017530                _free_r
 .text          0x080176f0       0x30 /home/laurence/CodeSourcery/Sourcery_G++_Lite/bin/../lib/gcc/arm-none-eabi/4.4.1/../../../../arm-none-eabi/lib/thumb2/libcs3.a(start_c.o)
                0x080176f0                __cs3_premain
 .text.cs3.init
                0x08017720       0x5c /home/laurence/CodeSourcery/Sourcery_G++_Lite/bin/../lib/gcc/arm-none-eabi/4.4.1/../../../../arm-none-eabi/lib/thumb2/libcs3.a(start_c.o)
                0x08017720                __cs3_start_c
 .text          0x0801777c       0x44 /home/laurence/CodeSourcery/Sourcery_G++_Lite/bin/../lib/gcc/arm-none-eabi/4.4.1/../../../../arm-none-eabi/lib/thumb2/libcs3unhosted.a(unhosted-sbrk.o)
                0x0801777c                _sbrk
 .text.cs3.init
                0x080177c0       0x10 /home/laurence/CodeSourcery/Sourcery_G++_Lite/bin/../lib/gcc/arm-none-eabi/4.4.1/../../../../arm-none-eabi/lib/thumb2/libcs3unhosted.a(unhosted-start.o)
                0x080177c0                _start
 .text          0x080177d0        0x2 lib/libcs3-lanchon-stm32.a(lanchon_stm32_isr_interrupt.o)
                0x080177d0                MemManageException
                0x080177d0                BusFaultException
                0x080177d0                DMAChannel7_IRQHandler
                0x080177d0                DebugMonitor
                0x080177d0                SVCHandler
                0x080177d0                HardFaultException
                0x080177d0                __STM32ReservedException8
                0x080177d0                USB_HP_CAN_TX_IRQHandler
                0x080177d0                __STM32DefaultExceptionHandler
                0x080177d0                DMAChannel1_IRQHandler
                0x080177d0                CAN_SCE_IRQHandler
                0x080177d0                __STM32ReservedException10
                0x080177d0                __STM32ReservedException13
                0x080177d0                NMIException
                0x080177d0                DMAChannel4_IRQHandler
                0x080177d0                SysTickHandler
                0x080177d0                PendSVC
                0x080177d0                CAN_RX1_IRQHandler
                0x080177d0                ADC_IRQHandler
                0x080177d0                DMAChannel5_IRQHandler
                0x080177d0                DMAChannel2_IRQHandler
                0x080177d0                USB_LP_CAN_RX0_IRQHandler
                0x080177d0                __STM32ReservedException7
                0x080177d0                UsageFaultException
                0x080177d0                DMAChannel6_IRQHandler
                0x080177d0                DMAChannel3_IRQHandler
                0x080177d0                __STM32ReservedException9
 *fill*         0x080177d2        0x2 00
 .text          0x080177d4       0x50 /home/laurence/CodeSourcery/Sourcery_G++_Lite/bin/../lib/gcc/arm-none-eabi/4.4.1/../../../../arm-none-eabi/lib/thumb2/libc.a(lib_a-init.o)
                0x080177d4                __libc_init_array
 *(.plt)
 *(.gnu.warning)
 *(.glue_7t)
 .glue_7t       0x00000000        0x0 linker stubs
 *(.glue_7)
 .glue_7        0x00000000        0x0 linker stubs
 *(.vfp11_veneer)
 .vfp11_veneer  0x00000000        0x0 linker stubs
 *(.rodata .rodata.* .gnu.linkonce.r.*)
 .rodata        0x08017824        0x8 Sensors/bmp085.o
 .rodata        0x0801782c      0x888 Sensors/earth_field.o
 .rodata.str1.1
                0x080180b4        0x9 Sensors/earth_field.o
 *fill*         0x080180bd        0x3 00
 .rodata        0x080180c0        0x8 Sensors/pitot.o
 .rodata        0x080180c8       0xc4 Sensors/ubx.o
 .rodata.str1.1
                0x0801818c      0x13b Sensors/ubx.o
 .rodata.str1.1
                0x080182c7        0xf Util/Fatfs/ff.o
 *fill*         0x080182d6        0x2 00
 .rodata        0x080182d8        0xc Util/Fatfs/rtc.o
 .rodata        0x080182e4      0x100 Util/crc.o
 .rodata        0x080183e4       0x14 Util/rprintf.o
 .rodata.str1.1
                0x080183f8        0x6 Util/rprintf.o
 *fill*         0x080183fe        0x2 00
 .rodata        0x08018400       0x1c i2c.o
 .rodata        0x0801841c       0x14 lib/CMSIS_CM3/system_stm32f10x.o
                0x0801841c                SystemFrequency
                0x08018420                SystemFrequency_SysClk
                0x08018424                SystemFrequency_AHBClk
                0x08018428                SystemFrequency_APB1Clk
                0x0801842c                SystemFrequency_APB2Clk
 .rodata        0x08018430       0x60 main.o
 .rodata.str1.1
                0x08018490      0x271 main.o
 *fill*         0x08018701        0x3 00
 .rodata        0x08018704       0x90 Control/imu.o
 .rodata.str1.4
                0x08018794        0x5 /home/laurence/CodeSourcery/Sourcery_G++_Lite/bin/../lib/gcc/arm-none-eabi/4.4.1/../../../../arm-none-eabi/lib/thumb2/libm.a(lib_a-w_asin.o)
                                  0xc (size before relaxing)
 *fill*         0x08018799        0x3 00
 .rodata.str1.4
                0x0801879c        0x4 /home/laurence/CodeSourcery/Sourcery_G++_Lite/bin/../lib/gcc/arm-none-eabi/4.4.1/../../../../arm-none-eabi/lib/thumb2/libm.a(lib_a-w_pow.o)
 .rodata.str1.4
                0x080187a0        0x5 /home/laurence/CodeSourcery/Sourcery_G++_Lite/bin/../lib/gcc/arm-none-eabi/4.4.1/../../../../arm-none-eabi/lib/thumb2/libm.a(lib_a-w_sqrt.o)
                                  0x8 (size before relaxing)
 *fill*         0x080187a5        0x3 00
 .rodata.str1.4
                0x080187a8        0x6 /home/laurence/CodeSourcery/Sourcery_G++_Lite/bin/../lib/gcc/arm-none-eabi/4.4.1/../../../../arm-none-eabi/lib/thumb2/libm.a(lib_a-wf_asin.o)
                                  0xc (size before relaxing)
 *fill*         0x080187ae        0x2 00
 .rodata        0x080187b0       0x30 /home/laurence/CodeSourcery/Sourcery_G++_Lite/bin/../lib/gcc/arm-none-eabi/4.4.1/../../../../arm-none-eabi/lib/thumb2/libm.a(lib_a-e_pow.o)
 .rodata.str1.4
                0x00000000        0x4 /home/laurence/CodeSourcery/Sourcery_G++_Lite/bin/../lib/gcc/arm-none-eabi/4.4.1/../../../../arm-none-eabi/lib/thumb2/libm.a(lib_a-e_pow.o)
 .rodata        0x080187e0      0x188 /home/laurence/CodeSourcery/Sourcery_G++_Lite/bin/../lib/gcc/arm-none-eabi/4.4.1/../../../../arm-none-eabi/lib/thumb2/libm.a(lib_a-e_rem_pio2.o)
 .rodata        0x08018968       0x50 /home/laurence/CodeSourcery/Sourcery_G++_Lite/bin/../lib/gcc/arm-none-eabi/4.4.1/../../../../arm-none-eabi/lib/thumb2/libm.a(lib_a-k_rem_pio2.o)
 .rodata        0x080189b8       0x40 /home/laurence/CodeSourcery/Sourcery_G++_Lite/bin/../lib/gcc/arm-none-eabi/4.4.1/../../../../arm-none-eabi/lib/thumb2/libm.a(lib_a-s_atan.o)
 .rodata        0x080189f8       0x10 /home/laurence/CodeSourcery/Sourcery_G++_Lite/bin/../lib/gcc/arm-none-eabi/4.4.1/../../../../arm-none-eabi/lib/thumb2/libm.a(lib_a-s_rint.o)
 .rodata        0x08018a08       0x20 /home/laurence/CodeSourcery/Sourcery_G++_Lite/bin/../lib/gcc/arm-none-eabi/4.4.1/../../../../arm-none-eabi/lib/thumb2/libm.a(lib_a-sf_atan.o)
 .rodata.str1.4
                0x08018a28        0x4 /home/laurence/CodeSourcery/Sourcery_G++_Lite/bin/../lib/gcc/arm-none-eabi/4.4.1/../../../../arm-none-eabi/lib/thumb2/libc.a(lib_a-impure.o)
 *(.ARM.extab* .gnu.linkonce.armextab.*)
 *(.gcc_except_table)
 *(.eh_frame_hdr)
 *(.eh_frame)
                0x08018a2c                . = ALIGN (0x4)
 *(.init)
 .init          0x08018a2c        0x4 /home/laurence/CodeSourcery/Sourcery_G++_Lite/bin/../lib/gcc/arm-none-eabi/4.4.1/thumb2/crti.o
                0x08018a2c                _init
 .init          0x08018a30        0x8 /home/laurence/CodeSourcery/Sourcery_G++_Lite/bin/../lib/gcc/arm-none-eabi/4.4.1/thumb2/crtn.o
                0x08018a38                . = ALIGN (0x4)
                0x08018a38                __preinit_array_start = .
 *(.preinit_array)
                0x08018a38                __preinit_array_end = .
                0x08018a38                . = ALIGN (0x4)
                0x08018a38                __init_array_start = .
 *(SORT(.init_array.*))
 *(.init_array)
 .init_array    0x08018a38        0x4 /home/laurence/CodeSourcery/Sourcery_G++_Lite/bin/../lib/gcc/arm-none-eabi/4.4.1/thumb2/crtbegin.o
                0x08018a3c                __init_array_end = .
                0x08018a3c                . = ALIGN (0x4)
 *crtbegin.o(.ctors)
 *(EXCLUDE_FILE(*crtend.o) .ctors)
 *(SORT(.ctors.*))
 *crtend.o(.ctors)
                0x08018a3c                . = ALIGN (0x4)
 *(.fini)
 .fini          0x08018a3c        0x4 /home/laurence/CodeSourcery/Sourcery_G++_Lite/bin/../lib/gcc/arm-none-eabi/4.4.1/thumb2/crti.o
                0x08018a3c                _fini
 .fini          0x08018a40        0x8 /home/laurence/CodeSourcery/Sourcery_G++_Lite/bin/../lib/gcc/arm-none-eabi/4.4.1/thumb2/crtn.o
                0x08018a48                . = ALIGN (0x4)
                0x08018a48                __fini_array_start = .
 *(.fini_array)
 .fini_array    0x08018a48        0x4 /home/laurence/CodeSourcery/Sourcery_G++_Lite/bin/../lib/gcc/arm-none-eabi/4.4.1/thumb2/crtbegin.o
 *(SORT(.fini_array.*))
                0x08018a4c                __fini_array_end = .
 *crtbegin.o(.dtors)
 *(EXCLUDE_FILE(*crtend.o) .dtors)
 *(SORT(.dtors.*))
 *crtend.o(.dtors)
                0x08018a4c                . = ALIGN (0x4)
                0x08018a4c                __cs3_regions = .
                0x08018a4c        0x4 LONG 0x0
                0x08018a50        0x4 LONG 0x8018a60 __cs3_region_init_ram
                0x08018a54        0x4 LONG 0x20000000 __cs3_region_start_ram
                0x08018a58        0x4 LONG 0x618 __cs3_region_init_size_ram
                0x08018a5c        0x4 LONG 0x13e8 __cs3_region_zero_size_ram
                0x08018a60                __exidx_start = .

.v4_bx          0x08018a60        0x0
 .v4_bx         0x00000000        0x0 linker stubs

.ARM.exidx
 *(.ARM.exidx* .gnu.linkonce.armexidx.*)
                0x08018a60                __exidx_end = .

.text.align     0x08018a60        0x0
                0x08018a60                . = ALIGN (0x8)
                0x08018a60                _etext = .
                0x08020000                __cs3_region_end_rom = (__cs3_region_start_rom + 0x20000)
                0x00020000                __cs3_region_size_rom = 0x20000
                0x00000001                __cs3_region_num = 0x1

.data           0x20000000      0x618 load address 0x08018a60
                0x20000000                __cs3_region_start_ram = .
 *(.cs3.region-head.ram)
 *(.jcr)
 .jcr           0x20000000        0x0 /home/laurence/CodeSourcery/Sourcery_G++_Lite/bin/../lib/gcc/arm-none-eabi/4.4.1/thumb2/crtbegin.o
 .jcr           0x20000000        0x4 /home/laurence/CodeSourcery/Sourcery_G++_Lite/bin/../lib/gcc/arm-none-eabi/4.4.1/thumb2/crtend.o
 *(.got.plt)
 *(.got)
 *(.shdata)
 *(.data .data.* .gnu.linkonce.d.*)
 .data          0x20000004        0x1 Util/Fatfs/sd_spi_stm32.o
 *fill*         0x20000005        0x3 00
 .data          0x20000008       0x38 Util/uavtalk.o
                0x20000008                UAVtalk_conf
                0x2000002c                UAVtalk_objects
                0x20000030                UAVtalk_lenghts
                0x20000034                UAVtalk_semaphores
                0x20000038                UAVtalk_stream_objs
                0x2000003c                UAVtalk_stream_timeouts
 .data          0x20000040       0xb4 Control/imu.o
 .data          0x200000f4       0x14 lib/STM32F10x_StdPeriph_Driver/libstm32fw.a(stm32f10x_rcc.o)
 .data          0x20000108        0x1 /home/laurence/CodeSourcery/Sourcery_G++_Lite/bin/../lib/gcc/arm-none-eabi/4.4.1/../../../../arm-none-eabi/lib/thumb2/libm.a(lib_a-s_lib_ver.o)
                0x20000108                __fdlib_version
 *fill*         0x20000109        0x3 00
 .data          0x2000010c       0xf4 /home/laurence/CodeSourcery/Sourcery_G++_Lite/bin/../lib/gcc/arm-none-eabi/4.4.1/../../../../arm-none-eabi/lib/thumb2/libc.a(lib_a-impure.o)
                0x2000010c                _impure_ptr
 .data          0x20000200      0x410 /home/laurence/CodeSourcery/Sourcery_G++_Lite/bin/../lib/gcc/arm-none-eabi/4.4.1/../../../../arm-none-eabi/lib/thumb2/libc.a(lib_a-mallocr.o)
                0x20000200                __malloc_av_
                0x20000608                __malloc_sbrk_base
                0x2000060c                __malloc_trim_threshold
 .data          0x20000610        0x4 /home/laurence/CodeSourcery/Sourcery_G++_Lite/bin/../lib/gcc/arm-none-eabi/4.4.1/../../../../arm-none-eabi/lib/thumb2/libcs3unhosted.a(unhosted-sbrk.o)
 .data          0x20000614        0x4 /home/laurence/CodeSourcery/Sourcery_G++_Lite/bin/../lib/gcc/arm-none-eabi/4.4.1/../../../../arm-none-eabi/lib/thumb2/libcs3.a(heap.o)
                0x20000614                __cs3_heap_limit
 *(.ram)
                0x20000618                . = ALIGN (0x8)
                0x20000618                _edata = .

.bss            0x20000618     0x13e8 load address 0x08019078
 *(.shbss)
 *(.bss .bss.* .gnu.linkonce.b.*)
 .bss           0x20000618        0x1 /home/laurence/CodeSourcery/Sourcery_G++_Lite/bin/../lib/gcc/arm-none-eabi/4.4.1/thumb2/crtbegin.o
 *fill*         0x20000619        0x3 00
 .bss           0x2000061c       0x20 Sensors/bmp085.o
                0x2000061c                Sea_Level_Pressure
                0x20000620                Our_Sensorcal
                0x20000638                Bmp_temp
 .bss           0x2000063c        0xc Sensors/earth_field.o
 .bss           0x20000648        0xa Sensors/ubx.o
 *fill*         0x20000652        0x2 00
 .bss           0x20000654        0x8 Util/Fatfs/ff.o
 .bss           0x2000065c       0x10 Util/Fatfs/sd_spi_stm32.o
 .bss           0x2000066c       0x84 Util/rprintf.o
 .bss           0x200006f0        0x8 Util/uavtalk.o
                0x200006f0                UAVtalk_pointers
 .bss           0x200006f8      0x644 main.o
                0x200006f8                Gps_Buffer
                0x200007fc                Gps
                0x20000830                Home_Position
                0x2000083c                Long_To_Meters_Home
                0x20000a70                f_err_code
                0x20000a74                Usart1tx
                0x20000b78                Usart1rx
                0x20000c7c                Millis
                0x20000c80                uavtalk_usart_port
                0x20000cd0                Nav_Flag
                0x20000cd4                UAVtalk_Attitude_Array
                0x20000cf0                Nav_Global
                0x20000d24                Waypoint_Global
                0x20000d30                New_Waypoint_Flagged
                0x20000d34                Ground_Flag
                0x20000d38                Balt
 .bss           0x20000d3c       0x1c pwm.o
                0x20000d3c                TIM_TimeBaseStructure
                0x20000d48                TIM_OCInitStructure
 .bss           0x20000d58      0xbf8 Control/ekf.o
                0x20000d58                Be
                0x20000d64                P
                0x20001008                X
                0x2000103c                Q
                0x20001060                R
                0x20001088                F
                0x2000132c                G
                0x20001500                K
                0x20001708                H
                0x20001910                Nav
                0x20001944                zeros
 .bss           0x20001950       0x78 Control/imu.o
 .bss           0x200019c8       0x34 /home/laurence/CodeSourcery/Sourcery_G++_Lite/bin/../lib/gcc/arm-none-eabi/4.4.1/../../../../arm-none-eabi/lib/thumb2/libc.a(lib_a-mallocr.o)
                0x200019c8                __malloc_top_pad
                0x200019cc                __malloc_current_mallinfo
                0x200019f4                __malloc_max_sbrked_mem
                0x200019f8                __malloc_max_total_mem
 *(COMMON)
 COMMON         0x200019fc        0x4 /home/laurence/CodeSourcery/Sourcery_G++_Lite/bin/../lib/gcc/arm-none-eabi/4.4.1/../../../../arm-none-eabi/lib/thumb2/libc.a(lib_a-reent.o)
                0x200019fc                errno
 *(.ram.b)
                0x20001a00                . = ALIGN (0x8)
                0x20001a00                _end = .
                0x20001a00                __end = .
                0x20005000                __cs3_region_end_ram = (__cs3_region_start_ram + 0x5000)
                0x00005000                __cs3_region_size_ram = 0x5000
                0x08018a60                __cs3_region_init_ram = LOADADDR (.data)
                0x00000618                __cs3_region_init_size_ram = (_edata - ADDR (.data))
                0x000013e8                __cs3_region_zero_size_ram = (_end - _edata)
                0x00000001                __cs3_region_num = 0x1

.stab
 *(.stab)

.stabstr
 *(.stabstr)

.debug
 *(.debug)

.line
 *(.line)

.debug_srcinfo
 *(.debug_srcinfo)

.debug_sfnames
 *(.debug_sfnames)

.debug_aranges
 *(.debug_aranges)

.debug_pubnames
 *(.debug_pubnames)

.debug_info
 *(.debug_info .gnu.linkonce.wi.*)

.debug_abbrev
 *(.debug_abbrev)

.debug_line
 *(.debug_line)

.comment        0x00000000      0x739
 .comment       0x00000000       0x2b Sensors/bmp085.o
 .comment       0x0000002b       0x2b Sensors/earth_field.o
 .comment       0x00000056       0x2b Sensors/pitot.o
 .comment       0x00000081       0x2b Sensors/ubx.o
 .comment       0x000000ac       0x2b Util/Fatfs/fattime.o
 .comment       0x000000d7       0x2b Util/Fatfs/ff.o
 .comment       0x00000102       0x2b Util/Fatfs/rtc.o
 .comment       0x0000012d       0x2b Util/Fatfs/sd_spi_stm32.o
 .comment       0x00000158       0x2b Util/atmospherics.o
 .comment       0x00000183       0x2b Util/coords.o
 .comment       0x000001ae       0x2b Util/crc.o
 .comment       0x000001d9       0x2b Util/delay.o
 .comment       0x00000204       0x2b Util/rprintf.o
 .comment       0x0000022f       0x2b Util/time.o
 .comment       0x0000025a       0x2b Util/uavtalk.o
 .comment       0x00000285       0x2b dma.o
 .comment       0x000002b0       0x2b gpio.o
 .comment       0x000002db       0x2b i2c.o
 .comment       0x00000306       0x2b interrupts.o
 .comment       0x00000331       0x2b lib/CMSIS_CM3/core_cm3.o
 .comment       0x0000035c       0x2b lib/CMSIS_CM3/system_stm32f10x.o
 .comment       0x00000387       0x2b main.o
 .comment       0x000003b2       0x2b pwm.o
 .comment       0x000003dd       0x2b usart.o
 .comment       0x00000408       0x2b watchdog.o
 .comment       0x00000433       0x2b Control/ekf.o
 .comment       0x0000045e       0x2b Control/imu.o
 .comment       0x00000489       0x2b Control/loops.o
 .comment       0x000004b4       0x2b Control/sensorcal.o
 .comment       0x000004df       0x2b Control/servos.o
 .comment       0x0000050a       0x2b lib/STM32F10x_StdPeriph_Driver/libstm32fw.a(misc.o)
 .comment       0x00000535       0x2b lib/STM32F10x_StdPeriph_Driver/libstm32fw.a(stm32f10x_bkp.o)
 .comment       0x00000560       0x2b lib/STM32F10x_StdPeriph_Driver/libstm32fw.a(stm32f10x_dma.o)
 .comment       0x0000058b       0x2b lib/STM32F10x_StdPeriph_Driver/libstm32fw.a(stm32f10x_exti.o)
 .comment       0x000005b6       0x2b lib/STM32F10x_StdPeriph_Driver/libstm32fw.a(stm32f10x_gpio.o)
 .comment       0x000005e1       0x2b lib/STM32F10x_StdPeriph_Driver/libstm32fw.a(stm32f10x_i2c.o)
 .comment       0x0000060c       0x2b lib/STM32F10x_StdPeriph_Driver/libstm32fw.a(stm32f10x_iwdg.o)
 .comment       0x00000637       0x2b lib/STM32F10x_StdPeriph_Driver/libstm32fw.a(stm32f10x_pwr.o)
 .comment       0x00000662       0x2b lib/STM32F10x_StdPeriph_Driver/libstm32fw.a(stm32f10x_rcc.o)
 .comment       0x0000068d       0x2b lib/STM32F10x_StdPeriph_Driver/libstm32fw.a(stm32f10x_rtc.o)
 .comment       0x000006b8       0x2b lib/STM32F10x_StdPeriph_Driver/libstm32fw.a(stm32f10x_spi.o)
 .comment       0x000006e3       0x2b lib/STM32F10x_StdPeriph_Driver/libstm32fw.a(stm32f10x_tim.o)
 .comment       0x0000070e       0x2b lib/STM32F10x_StdPeriph_Driver/libstm32fw.a(stm32f10x_usart.o)

.debug_frame    0x00000000      0x8a0
 *(.debug_frame)
 .debug_frame   0x00000000       0x34 /home/laurence/CodeSourcery/Sourcery_G++_Lite/bin/../lib/gcc/arm-none-eabi/4.4.1/../../../../arm-none-eabi/lib/thumb2/libm.a(lib_a-s_cos.o)
 .debug_frame   0x00000034       0x34 /home/laurence/CodeSourcery/Sourcery_G++_Lite/bin/../lib/gcc/arm-none-eabi/4.4.1/../../../../arm-none-eabi/lib/thumb2/libm.a(lib_a-s_sin.o)
 .debug_frame   0x00000068       0x38 /home/laurence/CodeSourcery/Sourcery_G++_Lite/bin/../lib/gcc/arm-none-eabi/4.4.1/../../../../arm-none-eabi/lib/thumb2/libm.a(lib_a-w_asin.o)
 .debug_frame   0x000000a0       0x20 /home/laurence/CodeSourcery/Sourcery_G++_Lite/bin/../lib/gcc/arm-none-eabi/4.4.1/../../../../arm-none-eabi/lib/thumb2/libm.a(lib_a-w_atan2.o)
 .debug_frame   0x000000c0       0x3c /home/laurence/CodeSourcery/Sourcery_G++_Lite/bin/../lib/gcc/arm-none-eabi/4.4.1/../../../../arm-none-eabi/lib/thumb2/libm.a(lib_a-w_pow.o)
 .debug_frame   0x000000fc       0x3c /home/laurence/CodeSourcery/Sourcery_G++_Lite/bin/../lib/gcc/arm-none-eabi/4.4.1/../../../../arm-none-eabi/lib/thumb2/libm.a(lib_a-w_sqrt.o)
 .debug_frame   0x00000138       0x34 /home/laurence/CodeSourcery/Sourcery_G++_Lite/bin/../lib/gcc/arm-none-eabi/4.4.1/../../../../arm-none-eabi/lib/thumb2/libm.a(lib_a-wf_asin.o)
 .debug_frame   0x0000016c       0x20 /home/laurence/CodeSourcery/Sourcery_G++_Lite/bin/../lib/gcc/arm-none-eabi/4.4.1/../../../../arm-none-eabi/lib/thumb2/libm.a(lib_a-wf_atan2.o)
 .debug_frame   0x0000018c       0x3c /home/laurence/CodeSourcery/Sourcery_G++_Lite/bin/../lib/gcc/arm-none-eabi/4.4.1/../../../../arm-none-eabi/lib/thumb2/libm.a(lib_a-e_asin.o)
 .debug_frame   0x000001c8       0x3c /home/laurence/CodeSourcery/Sourcery_G++_Lite/bin/../lib/gcc/arm-none-eabi/4.4.1/../../../../arm-none-eabi/lib/thumb2/libm.a(lib_a-e_atan2.o)
 .debug_frame   0x00000204       0x3c /home/laurence/CodeSourcery/Sourcery_G++_Lite/bin/../lib/gcc/arm-none-eabi/4.4.1/../../../../arm-none-eabi/lib/thumb2/libm.a(lib_a-e_pow.o)
 .debug_frame   0x00000240       0x3c /home/laurence/CodeSourcery/Sourcery_G++_Lite/bin/../lib/gcc/arm-none-eabi/4.4.1/../../../../arm-none-eabi/lib/thumb2/libm.a(lib_a-e_rem_pio2.o)
 .debug_frame   0x0000027c       0x34 /home/laurence/CodeSourcery/Sourcery_G++_Lite/bin/../lib/gcc/arm-none-eabi/4.4.1/../../../../arm-none-eabi/lib/thumb2/libm.a(lib_a-e_sqrt.o)
 .debug_frame   0x000002b0       0x34 /home/laurence/CodeSourcery/Sourcery_G++_Lite/bin/../lib/gcc/arm-none-eabi/4.4.1/../../../../arm-none-eabi/lib/thumb2/libm.a(lib_a-ef_asin.o)
 .debug_frame   0x000002e4       0x2c /home/laurence/CodeSourcery/Sourcery_G++_Lite/bin/../lib/gcc/arm-none-eabi/4.4.1/../../../../arm-none-eabi/lib/thumb2/libm.a(lib_a-ef_atan2.o)
 .debug_frame   0x00000310       0x2c /home/laurence/CodeSourcery/Sourcery_G++_Lite/bin/../lib/gcc/arm-none-eabi/4.4.1/../../../../arm-none-eabi/lib/thumb2/libm.a(lib_a-ef_sqrt.o)
 .debug_frame   0x0000033c       0x3c /home/laurence/CodeSourcery/Sourcery_G++_Lite/bin/../lib/gcc/arm-none-eabi/4.4.1/../../../../arm-none-eabi/lib/thumb2/libm.a(lib_a-k_cos.o)
 .debug_frame   0x00000378       0x3c /home/laurence/CodeSourcery/Sourcery_G++_Lite/bin/../lib/gcc/arm-none-eabi/4.4.1/../../../../arm-none-eabi/lib/thumb2/libm.a(lib_a-k_rem_pio2.o)
 .debug_frame   0x000003b4       0x3c /home/laurence/CodeSourcery/Sourcery_G++_Lite/bin/../lib/gcc/arm-none-eabi/4.4.1/../../../../arm-none-eabi/lib/thumb2/libm.a(lib_a-k_sin.o)
 .debug_frame   0x000003f0       0x38 /home/laurence/CodeSourcery/Sourcery_G++_Lite/bin/../lib/gcc/arm-none-eabi/4.4.1/../../../../arm-none-eabi/lib/thumb2/libm.a(lib_a-s_atan.o)
 .debug_frame   0x00000428       0x20 /home/laurence/CodeSourcery/Sourcery_G++_Lite/bin/../lib/gcc/arm-none-eabi/4.4.1/../../../../arm-none-eabi/lib/thumb2/libm.a(lib_a-s_fabs.o)
 .debug_frame   0x00000448       0x20 /home/laurence/CodeSourcery/Sourcery_G++_Lite/bin/../lib/gcc/arm-none-eabi/4.4.1/../../../../arm-none-eabi/lib/thumb2/libm.a(lib_a-s_finite.o)
 .debug_frame   0x00000468       0x34 /home/laurence/CodeSourcery/Sourcery_G++_Lite/bin/../lib/gcc/arm-none-eabi/4.4.1/../../../../arm-none-eabi/lib/thumb2/libm.a(lib_a-s_floor.o)
 .debug_frame   0x0000049c       0x20 /home/laurence/CodeSourcery/Sourcery_G++_Lite/bin/../lib/gcc/arm-none-eabi/4.4.1/../../../../arm-none-eabi/lib/thumb2/libm.a(lib_a-s_isnand.o)
 .debug_frame   0x000004bc       0x20 /home/laurence/CodeSourcery/Sourcery_G++_Lite/bin/../lib/gcc/arm-none-eabi/4.4.1/../../../../arm-none-eabi/lib/thumb2/libm.a(lib_a-s_matherr.o)
 .debug_frame   0x000004dc       0x20 /home/laurence/CodeSourcery/Sourcery_G++_Lite/bin/../lib/gcc/arm-none-eabi/4.4.1/../../../../arm-none-eabi/lib/thumb2/libm.a(lib_a-s_nan.o)
 .debug_frame   0x000004fc       0x38 /home/laurence/CodeSourcery/Sourcery_G++_Lite/bin/../lib/gcc/arm-none-eabi/4.4.1/../../../../arm-none-eabi/lib/thumb2/libm.a(lib_a-s_rint.o)
 .debug_frame   0x00000534       0x30 /home/laurence/CodeSourcery/Sourcery_G++_Lite/bin/../lib/gcc/arm-none-eabi/4.4.1/../../../../arm-none-eabi/lib/thumb2/libm.a(lib_a-s_scalbn.o)
 .debug_frame   0x00000564       0x30 /home/laurence/CodeSourcery/Sourcery_G++_Lite/bin/../lib/gcc/arm-none-eabi/4.4.1/../../../../arm-none-eabi/lib/thumb2/libm.a(lib_a-sf_atan.o)
 .debug_frame   0x00000594       0x20 /home/laurence/CodeSourcery/Sourcery_G++_Lite/bin/../lib/gcc/arm-none-eabi/4.4.1/../../../../arm-none-eabi/lib/thumb2/libm.a(lib_a-sf_fabs.o)
 .debug_frame   0x000005b4       0x20 /home/laurence/CodeSourcery/Sourcery_G++_Lite/bin/../lib/gcc/arm-none-eabi/4.4.1/../../../../arm-none-eabi/lib/thumb2/libm.a(lib_a-sf_isnan.o)
 .debug_frame   0x000005d4       0x28 /home/laurence/CodeSourcery/Sourcery_G++_Lite/bin/../lib/gcc/arm-none-eabi/4.4.1/../../../../arm-none-eabi/lib/thumb2/libm.a(lib_a-s_copysign.o)
 .debug_frame   0x000005fc       0x20 /home/laurence/CodeSourcery/Sourcery_G++_Lite/bin/../lib/gcc/arm-none-eabi/4.4.1/thumb2/libgcc.a(_divsi3.o)
 .debug_frame   0x0000061c       0x20 /home/laurence/CodeSourcery/Sourcery_G++_Lite/bin/../lib/gcc/arm-none-eabi/4.4.1/../../../../arm-none-eabi/lib/thumb2/libc.a(lib_a-errno.o)
 .debug_frame   0x0000063c       0x30 /home/laurence/CodeSourcery/Sourcery_G++_Lite/bin/../lib/gcc/arm-none-eabi/4.4.1/../../../../arm-none-eabi/lib/thumb2/libc.a(lib_a-malloc.o)
 .debug_frame   0x0000066c       0x3c /home/laurence/CodeSourcery/Sourcery_G++_Lite/bin/../lib/gcc/arm-none-eabi/4.4.1/../../../../arm-none-eabi/lib/thumb2/libc.a(lib_a-mallocr.o)
 .debug_frame   0x000006a8       0x34 /home/laurence/CodeSourcery/Sourcery_G++_Lite/bin/../lib/gcc/arm-none-eabi/4.4.1/../../../../arm-none-eabi/lib/thumb2/libc.a(lib_a-memcpy.o)
 .debug_frame   0x000006dc       0x30 /home/laurence/CodeSourcery/Sourcery_G++_Lite/bin/../lib/gcc/arm-none-eabi/4.4.1/../../../../arm-none-eabi/lib/thumb2/libc.a(lib_a-mlock.o)
 .debug_frame   0x0000070c       0x2c /home/laurence/CodeSourcery/Sourcery_G++_Lite/bin/../lib/gcc/arm-none-eabi/4.4.1/../../../../arm-none-eabi/lib/thumb2/libc.a(lib_a-sbrkr.o)
 .debug_frame   0x00000738       0x20 /home/laurence/CodeSourcery/Sourcery_G++_Lite/bin/../lib/gcc/arm-none-eabi/4.4.1/../../../../arm-none-eabi/lib/thumb2/libc.a(lib_a-strcpy.o)
 .debug_frame   0x00000758       0x50 /home/laurence/CodeSourcery/Sourcery_G++_Lite/bin/../lib/gcc/arm-none-eabi/4.4.1/../../../../arm-none-eabi/lib/thumb2/libc.a(lib_a-freer.o)
 .debug_frame   0x000007a8       0x64 /home/laurence/CodeSourcery/Sourcery_G++_Lite/bin/../lib/gcc/arm-none-eabi/4.4.1/../../../../arm-none-eabi/lib/thumb2/libc.a(lib_a-reent.o)
 .debug_frame   0x0000080c       0x40 /home/laurence/CodeSourcery/Sourcery_G++_Lite/bin/../lib/gcc/arm-none-eabi/4.4.1/../../../../arm-none-eabi/lib/thumb2/libcs3.a(start_c.o)
 .debug_frame   0x0000084c       0x28 /home/laurence/CodeSourcery/Sourcery_G++_Lite/bin/../lib/gcc/arm-none-eabi/4.4.1/../../../../arm-none-eabi/lib/thumb2/libcs3unhosted.a(unhosted-sbrk.o)
 .debug_frame   0x00000874       0x2c /home/laurence/CodeSourcery/Sourcery_G++_Lite/bin/../lib/gcc/arm-none-eabi/4.4.1/../../../../arm-none-eabi/lib/thumb2/libc.a(lib_a-init.o)

.debug_str
 *(.debug_str)

.debug_loc
 *(.debug_loc)

.debug_macinfo
 *(.debug_macinfo)

.debug_weaknames
 *(.debug_weaknames)

.debug_funcnames
 *(.debug_funcnames)

.debug_typenames
 *(.debug_typenames)

.debug_varnames
 *(.debug_varnames)

.note.gnu.arm.ident
 *(.note.gnu.arm.ident)

.ARM.attributes
                0x00000000       0x25
 *(.ARM.attributes)
 .ARM.attributes
                0x00000000       0x19 /home/laurence/CodeSourcery/Sourcery_G++_Lite/bin/../lib/gcc/arm-none-eabi/4.4.1/thumb2/crti.o
 .ARM.attributes
                0x00000019       0x29 /home/laurence/CodeSourcery/Sourcery_G++_Lite/bin/../lib/gcc/arm-none-eabi/4.4.1/thumb2/crtbegin.o
 .ARM.attributes
                0x00000042       0x31 Sensors/bmp085.o
 .ARM.attributes
                0x00000073       0x31 Sensors/earth_field.o
 .ARM.attributes
                0x000000a4       0x31 Sensors/pitot.o
 .ARM.attributes
                0x000000d5       0x31 Sensors/ubx.o
 .ARM.attributes
                0x00000106       0x31 Util/Fatfs/fattime.o
 .ARM.attributes
                0x00000137       0x31 Util/Fatfs/ff.o
 .ARM.attributes
                0x00000168       0x31 Util/Fatfs/rtc.o
 .ARM.attributes
                0x00000199       0x31 Util/Fatfs/sd_spi_stm32.o
 .ARM.attributes
                0x000001ca       0x31 Util/atmospherics.o
 .ARM.attributes
                0x000001fb       0x31 Util/coords.o
 .ARM.attributes
                0x0000022c       0x31 Util/crc.o
 .ARM.attributes
                0x0000025d       0x31 Util/delay.o
 .ARM.attributes
                0x0000028e       0x31 Util/rprintf.o
 .ARM.attributes
                0x000002bf       0x31 Util/time.o
 .ARM.attributes
                0x000002f0       0x31 Util/uavtalk.o
 .ARM.attributes
                0x00000321       0x31 dma.o
 .ARM.attributes
                0x00000352       0x31 gpio.o
 .ARM.attributes
                0x00000383       0x31 i2c.o
 .ARM.attributes
                0x000003b4       0x31 interrupts.o
 .ARM.attributes
                0x000003e5       0x31 lib/CMSIS_CM3/core_cm3.o
 .ARM.attributes
                0x00000416       0x21 lib/CMSIS_CM3/startup/gcc/startup_stm32f10x_md.o
 .ARM.attributes
                0x00000437       0x31 lib/CMSIS_CM3/system_stm32f10x.o
 .ARM.attributes
                0x00000468       0x31 main.o
 .ARM.attributes
                0x00000499       0x31 pwm.o
 .ARM.attributes
                0x000004ca       0x31 usart.o
 .ARM.attributes
                0x000004fb       0x31 watchdog.o
 .ARM.attributes
                0x0000052c       0x31 Control/ekf.o
 .ARM.attributes
                0x0000055d       0x31 Control/imu.o
 .ARM.attributes
                0x0000058e       0x31 Control/loops.o
 .ARM.attributes
                0x000005bf       0x31 Control/sensorcal.o
 .ARM.attributes
                0x000005f0       0x31 Control/servos.o
 .ARM.attributes
                0x00000621       0x31 lib/STM32F10x_StdPeriph_Driver/libstm32fw.a(misc.o)
 .ARM.attributes
                0x00000652       0x31 lib/STM32F10x_StdPeriph_Driver/libstm32fw.a(stm32f10x_bkp.o)
 .ARM.attributes
                0x00000683       0x31 lib/STM32F10x_StdPeriph_Driver/libstm32fw.a(stm32f10x_dma.o)
 .ARM.attributes
                0x000006b4       0x31 lib/STM32F10x_StdPeriph_Driver/libstm32fw.a(stm32f10x_exti.o)
 .ARM.attributes
                0x000006e5       0x31 lib/STM32F10x_StdPeriph_Driver/libstm32fw.a(stm32f10x_gpio.o)
 .ARM.attributes
                0x00000716       0x31 lib/STM32F10x_StdPeriph_Driver/libstm32fw.a(stm32f10x_i2c.o)
 .ARM.attributes
                0x00000747       0x31 lib/STM32F10x_StdPeriph_Driver/libstm32fw.a(stm32f10x_iwdg.o)
 .ARM.attributes
                0x00000778       0x31 lib/STM32F10x_StdPeriph_Driver/libstm32fw.a(stm32f10x_pwr.o)
 .ARM.attributes
                0x000007a9       0x31 lib/STM32F10x_StdPeriph_Driver/libstm32fw.a(stm32f10x_rcc.o)
 .ARM.attributes
                0x000007da       0x31 lib/STM32F10x_StdPeriph_Driver/libstm32fw.a(stm32f10x_rtc.o)
 .ARM.attributes
                0x0000080b       0x31 lib/STM32F10x_StdPeriph_Driver/libstm32fw.a(stm32f10x_spi.o)
 .ARM.attributes
                0x0000083c       0x31 lib/STM32F10x_StdPeriph_Driver/libstm32fw.a(stm32f10x_tim.o)
 .ARM.attributes
                0x0000086d       0x31 lib/STM32F10x_StdPeriph_Driver/libstm32fw.a(stm32f10x_usart.o)
 .ARM.attributes
                0x0000089e       0x29 /home/laurence/CodeSourcery/Sourcery_G++_Lite/bin/../lib/gcc/arm-none-eabi/4.4.1/../../../../arm-none-eabi/lib/thumb2/libm.a(lib_a-s_cos.o)
 .ARM.attributes
                0x000008c7       0x29 /home/laurence/CodeSourcery/Sourcery_G++_Lite/bin/../lib/gcc/arm-none-eabi/4.4.1/../../../../arm-none-eabi/lib/thumb2/libm.a(lib_a-s_sin.o)
 .ARM.attributes
                0x000008f0       0x29 /home/laurence/CodeSourcery/Sourcery_G++_Lite/bin/../lib/gcc/arm-none-eabi/4.4.1/../../../../arm-none-eabi/lib/thumb2/libm.a(lib_a-w_asin.o)
 .ARM.attributes
                0x00000919       0x29 /home/laurence/CodeSourcery/Sourcery_G++_Lite/bin/../lib/gcc/arm-none-eabi/4.4.1/../../../../arm-none-eabi/lib/thumb2/libm.a(lib_a-w_atan2.o)
 .ARM.attributes
                0x00000942       0x29 /home/laurence/CodeSourcery/Sourcery_G++_Lite/bin/../lib/gcc/arm-none-eabi/4.4.1/../../../../arm-none-eabi/lib/thumb2/libm.a(lib_a-w_pow.o)
 .ARM.attributes
                0x0000096b       0x29 /home/laurence/CodeSourcery/Sourcery_G++_Lite/bin/../lib/gcc/arm-none-eabi/4.4.1/../../../../arm-none-eabi/lib/thumb2/libm.a(lib_a-w_sqrt.o)
 .ARM.attributes
                0x00000994       0x29 /home/laurence/CodeSourcery/Sourcery_G++_Lite/bin/../lib/gcc/arm-none-eabi/4.4.1/../../../../arm-none-eabi/lib/thumb2/libm.a(lib_a-wf_asin.o)
 .ARM.attributes
                0x000009bd       0x29 /home/laurence/CodeSourcery/Sourcery_G++_Lite/bin/../lib/gcc/arm-none-eabi/4.4.1/../../../../arm-none-eabi/lib/thumb2/libm.a(lib_a-wf_atan2.o)
 .ARM.attributes
                0x000009e6       0x29 /home/laurence/CodeSourcery/Sourcery_G++_Lite/bin/../lib/gcc/arm-none-eabi/4.4.1/../../../../arm-none-eabi/lib/thumb2/libm.a(lib_a-e_asin.o)
 .ARM.attributes
                0x00000a0f       0x29 /home/laurence/CodeSourcery/Sourcery_G++_Lite/bin/../lib/gcc/arm-none-eabi/4.4.1/../../../../arm-none-eabi/lib/thumb2/libm.a(lib_a-e_atan2.o)
 .ARM.attributes
                0x00000a38       0x29 /home/laurence/CodeSourcery/Sourcery_G++_Lite/bin/../lib/gcc/arm-none-eabi/4.4.1/../../../../arm-none-eabi/lib/thumb2/libm.a(lib_a-e_pow.o)
 .ARM.attributes
                0x00000a61       0x29 /home/laurence/CodeSourcery/Sourcery_G++_Lite/bin/../lib/gcc/arm-none-eabi/4.4.1/../../../../arm-none-eabi/lib/thumb2/libm.a(lib_a-e_rem_pio2.o)
 .ARM.attributes
                0x00000a8a       0x29 /home/laurence/CodeSourcery/Sourcery_G++_Lite/bin/../lib/gcc/arm-none-eabi/4.4.1/../../../../arm-none-eabi/lib/thumb2/libm.a(lib_a-e_sqrt.o)
 .ARM.attributes
                0x00000ab3       0x29 /home/laurence/CodeSourcery/Sourcery_G++_Lite/bin/../lib/gcc/arm-none-eabi/4.4.1/../../../../arm-none-eabi/lib/thumb2/libm.a(lib_a-ef_asin.o)
 .ARM.attributes
                0x00000adc       0x29 /home/laurence/CodeSourcery/Sourcery_G++_Lite/bin/../lib/gcc/arm-none-eabi/4.4.1/../../../../arm-none-eabi/lib/thumb2/libm.a(lib_a-ef_atan2.o)
 .ARM.attributes
                0x00000b05       0x29 /home/laurence/CodeSourcery/Sourcery_G++_Lite/bin/../lib/gcc/arm-none-eabi/4.4.1/../../../../arm-none-eabi/lib/thumb2/libm.a(lib_a-ef_sqrt.o)
 .ARM.attributes
                0x00000b2e       0x29 /home/laurence/CodeSourcery/Sourcery_G++_Lite/bin/../lib/gcc/arm-none-eabi/4.4.1/../../../../arm-none-eabi/lib/thumb2/libm.a(lib_a-k_cos.o)
 .ARM.attributes
                0x00000b57       0x29 /home/laurence/CodeSourcery/Sourcery_G++_Lite/bin/../lib/gcc/arm-none-eabi/4.4.1/../../../../arm-none-eabi/lib/thumb2/libm.a(lib_a-k_rem_pio2.o)
 .ARM.attributes
                0x00000b80       0x29 /home/laurence/CodeSourcery/Sourcery_G++_Lite/bin/../lib/gcc/arm-none-eabi/4.4.1/../../../../arm-none-eabi/lib/thumb2/libm.a(lib_a-k_sin.o)
 .ARM.attributes
                0x00000ba9       0x29 /home/laurence/CodeSourcery/Sourcery_G++_Lite/bin/../lib/gcc/arm-none-eabi/4.4.1/../../../../arm-none-eabi/lib/thumb2/libm.a(lib_a-s_atan.o)
 .ARM.attributes
                0x00000bd2       0x29 /home/laurence/CodeSourcery/Sourcery_G++_Lite/bin/../lib/gcc/arm-none-eabi/4.4.1/../../../../arm-none-eabi/lib/thumb2/libm.a(lib_a-s_fabs.o)
 .ARM.attributes
                0x00000bfb       0x29 /home/laurence/CodeSourcery/Sourcery_G++_Lite/bin/../lib/gcc/arm-none-eabi/4.4.1/../../../../arm-none-eabi/lib/thumb2/libm.a(lib_a-s_finite.o)
 .ARM.attributes
                0x00000c24       0x29 /home/laurence/CodeSourcery/Sourcery_G++_Lite/bin/../lib/gcc/arm-none-eabi/4.4.1/../../../../arm-none-eabi/lib/thumb2/libm.a(lib_a-s_floor.o)
 .ARM.attributes
                0x00000c4d       0x29 /home/laurence/CodeSourcery/Sourcery_G++_Lite/bin/../lib/gcc/arm-none-eabi/4.4.1/../../../../arm-none-eabi/lib/thumb2/libm.a(lib_a-s_isnand.o)
 .ARM.attributes
                0x00000c76       0x29 /home/laurence/CodeSourcery/Sourcery_G++_Lite/bin/../lib/gcc/arm-none-eabi/4.4.1/../../../../arm-none-eabi/lib/thumb2/libm.a(lib_a-s_lib_ver.o)
 .ARM.attributes
                0x00000c9f       0x29 /home/laurence/CodeSourcery/Sourcery_G++_Lite/bin/../lib/gcc/arm-none-eabi/4.4.1/../../../../arm-none-eabi/lib/thumb2/libm.a(lib_a-s_matherr.o)
 .ARM.attributes
                0x00000cc8       0x29 /home/laurence/CodeSourcery/Sourcery_G++_Lite/bin/../lib/gcc/arm-none-eabi/4.4.1/../../../../arm-none-eabi/lib/thumb2/libm.a(lib_a-s_nan.o)
 .ARM.attributes
                0x00000cf1       0x29 /home/laurence/CodeSourcery/Sourcery_G++_Lite/bin/../lib/gcc/arm-none-eabi/4.4.1/../../../../arm-none-eabi/lib/thumb2/libm.a(lib_a-s_rint.o)
 .ARM.attributes
                0x00000d1a       0x29 /home/laurence/CodeSourcery/Sourcery_G++_Lite/bin/../lib/gcc/arm-none-eabi/4.4.1/../../../../arm-none-eabi/lib/thumb2/libm.a(lib_a-s_scalbn.o)
 .ARM.attributes
                0x00000d43       0x29 /home/laurence/CodeSourcery/Sourcery_G++_Lite/bin/../lib/gcc/arm-none-eabi/4.4.1/../../../../arm-none-eabi/lib/thumb2/libm.a(lib_a-sf_atan.o)
 .ARM.attributes
                0x00000d6c       0x29 /home/laurence/CodeSourcery/Sourcery_G++_Lite/bin/../lib/gcc/arm-none-eabi/4.4.1/../../../../arm-none-eabi/lib/thumb2/libm.a(lib_a-sf_fabs.o)
 .ARM.attributes
                0x00000d95       0x29 /home/laurence/CodeSourcery/Sourcery_G++_Lite/bin/../lib/gcc/arm-none-eabi/4.4.1/../../../../arm-none-eabi/lib/thumb2/libm.a(lib_a-sf_isnan.o)
 .ARM.attributes
                0x00000dbe       0x29 /home/laurence/CodeSourcery/Sourcery_G++_Lite/bin/../lib/gcc/arm-none-eabi/4.4.1/../../../../arm-none-eabi/lib/thumb2/libm.a(lib_a-s_copysign.o)
 .ARM.attributes
                0x00000de7       0x1b /home/laurence/CodeSourcery/Sourcery_G++_Lite/bin/../lib/gcc/arm-none-eabi/4.4.1/thumb2/libgcc.a(_divsi3.o)
 .ARM.attributes
                0x00000e02       0x1b /home/laurence/CodeSourcery/Sourcery_G++_Lite/bin/../lib/gcc/arm-none-eabi/4.4.1/thumb2/libgcc.a(_dvmd_tls.o)
 .ARM.attributes
                0x00000e1d       0x1b /home/laurence/CodeSourcery/Sourcery_G++_Lite/bin/../lib/gcc/arm-none-eabi/4.4.1/thumb2/libgcc.a(_arm_addsubdf3.o)
 .ARM.attributes
                0x00000e38       0x1b /home/laurence/CodeSourcery/Sourcery_G++_Lite/bin/../lib/gcc/arm-none-eabi/4.4.1/thumb2/libgcc.a(_arm_muldivdf3.o)
 .ARM.attributes
                0x00000e53       0x1b /home/laurence/CodeSourcery/Sourcery_G++_Lite/bin/../lib/gcc/arm-none-eabi/4.4.1/thumb2/libgcc.a(_arm_cmpdf2.o)
 .ARM.attributes
                0x00000e6e       0x1b /home/laurence/CodeSourcery/Sourcery_G++_Lite/bin/../lib/gcc/arm-none-eabi/4.4.1/thumb2/libgcc.a(_arm_fixdfsi.o)
 .ARM.attributes
                0x00000e89       0x1b /home/laurence/CodeSourcery/Sourcery_G++_Lite/bin/../lib/gcc/arm-none-eabi/4.4.1/thumb2/libgcc.a(_arm_fixunsdfsi.o)
 .ARM.attributes
                0x00000ea4       0x1b /home/laurence/CodeSourcery/Sourcery_G++_Lite/bin/../lib/gcc/arm-none-eabi/4.4.1/thumb2/libgcc.a(_arm_truncdfsf2.o)
 .ARM.attributes
                0x00000ebf       0x1b /home/laurence/CodeSourcery/Sourcery_G++_Lite/bin/../lib/gcc/arm-none-eabi/4.4.1/thumb2/libgcc.a(_arm_addsubsf3.o)
 .ARM.attributes
                0x00000eda       0x1b /home/laurence/CodeSourcery/Sourcery_G++_Lite/bin/../lib/gcc/arm-none-eabi/4.4.1/thumb2/libgcc.a(_arm_muldivsf3.o)
 .ARM.attributes
                0x00000ef5       0x1b /home/laurence/CodeSourcery/Sourcery_G++_Lite/bin/../lib/gcc/arm-none-eabi/4.4.1/thumb2/libgcc.a(_arm_cmpsf2.o)
 .ARM.attributes
                0x00000f10       0x1b /home/laurence/CodeSourcery/Sourcery_G++_Lite/bin/../lib/gcc/arm-none-eabi/4.4.1/thumb2/libgcc.a(_arm_fixsfsi.o)
 .ARM.attributes
                0x00000f2b       0x1b /home/laurence/CodeSourcery/Sourcery_G++_Lite/bin/../lib/gcc/arm-none-eabi/4.4.1/thumb2/libgcc.a(_arm_fixunssfsi.o)
 .ARM.attributes
                0x00000f46       0x29 /home/laurence/CodeSourcery/Sourcery_G++_Lite/bin/../lib/gcc/arm-none-eabi/4.4.1/../../../../arm-none-eabi/lib/thumb2/libc.a(lib_a-errno.o)
 .ARM.attributes
                0x00000f6f       0x29 /home/laurence/CodeSourcery/Sourcery_G++_Lite/bin/../lib/gcc/arm-none-eabi/4.4.1/../../../../arm-none-eabi/lib/thumb2/libc.a(lib_a-impure.o)
 .ARM.attributes