Archive member included because of file (symbol)

lib/STM32F10x_StdPeriph_Driver/libstm32fw.a(misc.o)
                              interrupts.o (NVIC_PriorityGroupConfig)
lib/STM32F10x_StdPeriph_Driver/libstm32fw.a(stm32f10x_bkp.o)
                              Util/Fatfs/rtc.o (BKP_WriteBackupRegister)
lib/STM32F10x_StdPeriph_Driver/libstm32fw.a(stm32f10x_dma.o)
                              dma.o (DMA_DeInit)
lib/STM32F10x_StdPeriph_Driver/libstm32fw.a(stm32f10x_exti.o)
                              interrupts.o (EXTI_Init)
lib/STM32F10x_StdPeriph_Driver/libstm32fw.a(stm32f10x_gpio.o)
                              Util/Fatfs/sd_spi_stm32.o (GPIO_Init)
lib/STM32F10x_StdPeriph_Driver/libstm32fw.a(stm32f10x_i2c.o)
                              i2c_int.o (I2C_Cmd)
lib/STM32F10x_StdPeriph_Driver/libstm32fw.a(stm32f10x_iwdg.o)
                              watchdog.o (IWDG_WriteAccessCmd)
lib/STM32F10x_StdPeriph_Driver/libstm32fw.a(stm32f10x_pwr.o)
                              Util/Fatfs/rtc.o (PWR_BackupAccessCmd)
lib/STM32F10x_StdPeriph_Driver/libstm32fw.a(stm32f10x_rcc.o)
                              Util/Fatfs/rtc.o (RCC_LSEConfig)
lib/STM32F10x_StdPeriph_Driver/libstm32fw.a(stm32f10x_rtc.o)
                              Util/Fatfs/rtc.o (RTC_GetCounter)
lib/STM32F10x_StdPeriph_Driver/libstm32fw.a(stm32f10x_spi.o)
                              Util/Fatfs/sd_spi_stm32.o (SPI_Init)
lib/STM32F10x_StdPeriph_Driver/libstm32fw.a(stm32f10x_tim.o)
                              pwm.o (TIM_TimeBaseInit)
lib/STM32F10x_StdPeriph_Driver/libstm32fw.a(stm32f10x_usart.o)
                              usart.o (USART_Cmd)
/home/laurence/CodeSourcery/Sourcery_G++_Lite/bin/../lib/gcc/arm-none-eabi/4.4.1/../../../../arm-none-eabi/lib/thumb2/libm.a(lib_a-s_cos.o)
                              Sensors/earth_field.o (cos)
/home/laurence/CodeSourcery/Sourcery_G++_Lite/bin/../lib/gcc/arm-none-eabi/4.4.1/../../../../arm-none-eabi/lib/thumb2/libm.a(lib_a-s_floor.o)
                              Util/RF22/RF22.o (floor)
/home/laurence/CodeSourcery/Sourcery_G++_Lite/bin/../lib/gcc/arm-none-eabi/4.4.1/../../../../arm-none-eabi/lib/thumb2/libm.a(lib_a-s_sin.o)
                              Sensors/earth_field.o (sin)
/home/laurence/CodeSourcery/Sourcery_G++_Lite/bin/../lib/gcc/arm-none-eabi/4.4.1/../../../../arm-none-eabi/lib/thumb2/libm.a(lib_a-w_asin.o)
                              Sensors/earth_field.o (asin)
/home/laurence/CodeSourcery/Sourcery_G++_Lite/bin/../lib/gcc/arm-none-eabi/4.4.1/../../../../arm-none-eabi/lib/thumb2/libm.a(lib_a-w_atan2.o)
                              Sensors/earth_field.o (atan2)
/home/laurence/CodeSourcery/Sourcery_G++_Lite/bin/../lib/gcc/arm-none-eabi/4.4.1/../../../../arm-none-eabi/lib/thumb2/libm.a(lib_a-w_pow.o)
                              Sensors/bmp085.o (pow)
/home/laurence/CodeSourcery/Sourcery_G++_Lite/bin/../lib/gcc/arm-none-eabi/4.4.1/../../../../arm-none-eabi/lib/thumb2/libm.a(lib_a-w_sqrt.o)
                              Sensors/earth_field.o (sqrt)
/home/laurence/CodeSourcery/Sourcery_G++_Lite/bin/../lib/gcc/arm-none-eabi/4.4.1/../../../../arm-none-eabi/lib/thumb2/libm.a(lib_a-wf_asin.o)
                              Util/coords.o (asinf)
/home/laurence/CodeSourcery/Sourcery_G++_Lite/bin/../lib/gcc/arm-none-eabi/4.4.1/../../../../arm-none-eabi/lib/thumb2/libm.a(lib_a-wf_atan2.o)
                              Util/coords.o (atan2f)
/home/laurence/CodeSourcery/Sourcery_G++_Lite/bin/../lib/gcc/arm-none-eabi/4.4.1/../../../../arm-none-eabi/lib/thumb2/libm.a(lib_a-e_asin.o)
                              /home/laurence/CodeSourcery/Sourcery_G++_Lite/bin/../lib/gcc/arm-none-eabi/4.4.1/../../../../arm-none-eabi/lib/thumb2/libm.a(lib_a-w_asin.o) (__ieee754_asin)
/home/laurence/CodeSourcery/Sourcery_G++_Lite/bin/../lib/gcc/arm-none-eabi/4.4.1/../../../../arm-none-eabi/lib/thumb2/libm.a(lib_a-e_atan2.o)
                              /home/laurence/CodeSourcery/Sourcery_G++_Lite/bin/../lib/gcc/arm-none-eabi/4.4.1/../../../../arm-none-eabi/lib/thumb2/libm.a(lib_a-w_atan2.o) (__ieee754_atan2)
/home/laurence/CodeSourcery/Sourcery_G++_Lite/bin/../lib/gcc/arm-none-eabi/4.4.1/../../../../arm-none-eabi/lib/thumb2/libm.a(lib_a-e_pow.o)
                              /home/laurence/CodeSourcery/Sourcery_G++_Lite/bin/../lib/gcc/arm-none-eabi/4.4.1/../../../../arm-none-eabi/lib/thumb2/libm.a(lib_a-w_pow.o) (__ieee754_pow)
/home/laurence/CodeSourcery/Sourcery_G++_Lite/bin/../lib/gcc/arm-none-eabi/4.4.1/../../../../arm-none-eabi/lib/thumb2/libm.a(lib_a-e_rem_pio2.o)
                              /home/laurence/CodeSourcery/Sourcery_G++_Lite/bin/../lib/gcc/arm-none-eabi/4.4.1/../../../../arm-none-eabi/lib/thumb2/libm.a(lib_a-s_cos.o) (__ieee754_rem_pio2)
/home/laurence/CodeSourcery/Sourcery_G++_Lite/bin/../lib/gcc/arm-none-eabi/4.4.1/../../../../arm-none-eabi/lib/thumb2/libm.a(lib_a-e_sqrt.o)
[...]
Memory Configuration

Name             Origin             Length             Attributes
ram              0x20000000         0x00005000         xrw
rom              0x08000000         0x00020000         xr
*default*        0x00000000         0xffffffff

Linker script and memory map

LOAD /home/laurence/CodeSourcery/Sourcery_G++_Lite/bin/../lib/gcc/arm-none-eabi/4.4.1/thumb2/crti.o
LOAD /home/laurence/CodeSourcery/Sourcery_G++_Lite/bin/../lib/gcc/arm-none-eabi/4.4.1/thumb2/crtbegin.o
LOAD Sensors/accel_down.o
LOAD Sensors/bmp085.o
LOAD Sensors/earth_field.o
LOAD Sensors/pitot.o
LOAD Sensors/sensorcal.o
LOAD Sensors/ubx.o
LOAD Util/Fatfs/fattime.o
LOAD Util/Fatfs/ff.o
LOAD Util/Fatfs/rtc.o
LOAD Util/Fatfs/sd_spi_stm32.o
LOAD Util/RF22/RF22.o
LOAD Util/RF22/RF22Datagram.o
LOAD Util/RF22/RF22Mesh.o
LOAD Util/RF22/RF22ReliableDatagram.o
LOAD Util/RF22/RF22Router.o
LOAD Util/RF22/ctocpp.o
LOAD Util/atmospherics.o
LOAD Util/coords.o
LOAD Util/crc.o
LOAD Util/delay.o
LOAD Util/gravity.o
LOAD Util/rprintf.o
LOAD Util/time.o
LOAD Util/uavtalk.o
LOAD dma.o
LOAD gpio.o
LOAD i2c_int.o
LOAD interrupts.o
LOAD lib/CMSIS_CM3/core_cm3.o
LOAD lib/CMSIS_CM3/startup/gcc/startup_stm32f10x_md.o
LOAD lib/CMSIS_CM3/system_stm32f10x.o
LOAD main.o
LOAD pwm.o
LOAD usart.o
LOAD watchdog.o
LOAD Control/ekf.o
LOAD Control/imu.o
LOAD Control/loops.o
LOAD Control/servos.o
LOAD lib/STM32F10x_StdPeriph_Driver/libstm32fw.a
LOAD lib/STM32_USB-FS-Device_Driver/libstm32usb.a
LOAD /home/laurence/CodeSourcery/Sourcery_G++_Lite/bin/../lib/gcc/arm-none-eabi/4.4.1/../../../../arm-none-eabi/lib/thumb2/libm.a
START GROUP
LOAD /home/laurence/CodeSourcery/Sourcery_G++_Lite/bin/../lib/gcc/arm-none-eabi/4.4.1/thumb2/libgcc.a
LOAD /home/laurence/CodeSourcery/Sourcery_G++_Lite/bin/../lib/gcc/arm-none-eabi/4.4.1/../../../../arm-none-eabi/lib/thumb2/libc.a
END GROUP
LOAD /home/laurence/CodeSourcery/Sourcery_G++_Lite/bin/../lib/gcc/arm-none-eabi/4.4.1/thumb2/crtend.o
LOAD /home/laurence/CodeSourcery/Sourcery_G++_Lite/bin/../lib/gcc/arm-none-eabi/4.4.1/thumb2/crtn.o
START GROUP
LOAD /home/laurence/CodeSourcery/Sourcery_G++_Lite/bin/../lib/gcc/arm-none-eabi/4.4.1/thumb2/libgcc.a
LOAD /home/laurence/CodeSourcery/Sourcery_G++_Lite/bin/../lib/gcc/arm-none-eabi/4.4.1/../../../../arm-none-eabi/lib/thumb2/libc.a
LOAD /home/laurence/CodeSourcery/Sourcery_G++_Lite/bin/../lib/gcc/arm-none-eabi/4.4.1/../../../../arm-none-eabi/lib/thumb2/libcs3.a
LOAD /home/laurence/CodeSourcery/Sourcery_G++_Lite/bin/../lib/gcc/arm-none-eabi/4.4.1/../../../../arm-none-eabi/lib/thumb2/libcs3unhosted.a
LOAD lib/libcs3-lanchon-stm32.a
END GROUP
                0x20005000                PROVIDE (__cs3_stack, (__cs3_region_start_ram + __cs3_region_size_ram))
                0x20002190                PROVIDE (__cs3_heap_start, _end)
                0x20005000                PROVIDE (__cs3_heap_end, (__cs3_region_start_ram + __cs3_region_size_ram))

.text           0x08000000    0x1b9dc
 CREATE_OBJECT_SYMBOLS
                0x08000000                __cs3_region_start_rom = .
 *(.cs3.region-head.rom)
                0x08000000                __cs3_interrupt_vector = __cs3_interrupt_vector_lanchon_stm32
 *(.cs3.interrupt_vector)
 .cs3.interrupt_vector
                0x08000000       0xec lib/libcs3-lanchon-stm32.a(lanchon-stm32-vector.o)
                0x08000000                __cs3_interrupt_vector_lanchon_stm32
                0x08000001                ASSERT ((. != __cs3_interrupt_vector_lanchon_stm32), No interrupt vector)
 *(.rom)
 *(.rom.b)
                0x0801a41c                PROVIDE (__cs3_reset_lanchon_stm32, _start)
                0x0801a41c                __cs3_reset = __cs3_reset_lanchon_stm32
 *(.cs3.reset)
 *(.text .text.* .gnu.linkonce.t.*)
 .text          0x080000ec       0x30 /home/laurence/CodeSourcery/Sourcery_G++_Lite/bin/../lib/gcc/arm-none-eabi/4.4.1/thumb2/crtbegin.o
 .text          0x0800011c       0xd0 Sensors/accel_down.o
                0x0800011c                Accel_Downconvert
 *fill*         0x080001ec        0x4 00
 .text          0x080001f0      0x108 Sensors/bmp085.o
                0x080001f0                Bmp085_Convert
                0x080002a8                Baro_Convert_Pressure
 .text          0x080002f8     0x1920 Sensors/earth_field.o
                0x080002f8                WMM_CalculateSecularVariation
                0x08000400                WMM_get_secular_var_coeff_g
                0x08000418                WMM_get_main_field_coeff_g
                0x080004b4                WMM_get_secular_var_coeff_h
                0x080004cc                WMM_get_main_field_coeff_h
                0x08000560                WMM_DateToYear
                0x0800059c                WMM_RotateMagneticVector
                0x08000658                WMM_ComputeSphericalHarmonicVariables
                0x0800072c                WMM_GeodeticToSpherical
                0x08000890                WMM_SecVarSummationSpecial
                0x08000a2c                WMM_SecVarSummation
                0x08000c2c                WMM_SummationSpecial
                0x08000dcc                WMM_Summation
                0x08000fcc                WMM_PcupLow
                0x08001318                WMM_PcupHigh
                0x080017be                WMM_AssociatedLegendreFunction
                0x0800184c                WMM_CalculateGeoMagneticElements
                0x08001910                WMM_Geomag
                0x08001a08                WMM_Initialize
                0x08001a80                WMM_GetMagVector
 .text          0x08001c18       0x70 Sensors/pitot.o
                0x08001c18                Pitot_Conv
                0x08001c32                Pitot_convert_Airspeed
 .text          0x08001c88       0xf4 Sensors/sensorcal.o
                0x08001c88                Calibrate_3
 .text          0x08001d7c      0x330 Sensors/ubx.o
                0x08001d7c                Gps_Process_Byte
                0x08001efc                Get_UBX_Ack
                0x08001fa8                Config_Gps
 .text          0x080020ac       0x42 Util/Fatfs/fattime.o
                0x080020ac                get_fattime
 *fill*         0x080020ee        0x2 00
 .text          0x080020f0     0x1a54 Util/Fatfs/ff.o
                0x08002116                clust2sect
                0x080021c6                f_mount
                0x08002604                put_fat
                0x08002702                get_fat
                0x08002952                f_truncate
                0x08002bb8                f_readdir
                0x08002c06                f_getfree
                0x08002ce6                f_lseek
                0x08002e38                f_write
                0x08002fea                f_read
                0x08003214                f_sync
                0x080032ca                f_close
                0x080034d8                f_stat
                0x0800351a                f_opendir
                0x08003588                f_rename
                0x080036ae                f_utime
                0x08003710                f_chmod
                0x0800376c                f_unlink
                0x08003834                f_mkdir
                0x080039e6                f_open
 .text          0x08003b44      0x2e4 Util/Fatfs/rtc.o
                0x08003c20                my_RTC_SetCounter
                0x08003c42                rtc_settime
                0x08003d14                rtc_init
                0x08003dae                rtc_gettime
 .text          0x08003e28      0x7b4 Util/Fatfs/sd_spi_stm32.o
                0x08003e48                disk_status
                0x08003e58                disk_timerproc
                0x08004074                disk_initialize
                0x080041f4                disk_ioctl
                0x08004450                disk_read
                0x08004530                disk_write
 .text          0x080045dc      0x8d4 Util/RF22/RF22.o
                0x080045dc                _ZN4RF22C2Ehh
                0x08004600                _ZN4RF22C1Ehh
                0x08004624                _ZN4RF2210clearRxBufEv
                0x08004630                _ZN4RF2214waitPacketSentEv
                0x0800463a                _ZN4RF2210clearTxBufEv
                0x0800464a                _ZN4RF2223handleExternalInterruptEv
                0x0800464c                _ZN4RF2226handleWakeupTimerInterruptEv
                0x0800464e                _ZN4RF228lastRssiEv
                0x08004654                _ZN4RF2211appendTxBufEPhh
                0x08004684                _ZN4RF229fillTxBufEPhh
                0x0800469c                _ZN4RF2213spiBurstWriteEhPhh
                0x0800470c                _ZN4RF2216sendNextFragmentEv
                0x0800474c                _ZN4RF2212setSyncWordsEPhh
                0x08004756                _ZN4RF2212setWutPeriodEthh
                0x0800477e                _ZN4RF2212spiBurstReadEhPhh
                0x080047f0                _ZN4RF2216readNextFragmentEv
                0x0800481a                _ZN4RF227wutReadEv
                0x08004834                _ZN4RF228spiWriteEhh
                0x08004894                _ZN4RF2214setPromiscuousEb
                0x080048a0                _ZN4RF2214setHeaderFlagsEh
                0x080048a6                _ZN4RF2211setHeaderIdEh
                0x080048ac                _ZN4RF2213setHeaderFromEh
                0x080048b2                _ZN4RF2211setHeaderToEh
                0x080048b8                _ZN4RF2211resetTxFifoEv
                0x080048d0                _ZN4RF2211resetRxFifoEv
                0x080048e8                _ZN4RF2210resetFifosEv
                0x08004900                _ZN4RF2217setPreambleLengthEh
                0x08004906                _ZN4RF2217setModemRegistersEPNS_11ModemConfigE
                0x0800495c                _ZN4RF2214setModemConfigENS_17ModemConfigChoiceE
                0x0800497c                _ZN4RF2210setTxPowerEh
                0x08004982                _ZN4RF227setModeEh
                0x08004988                _ZN4RF229setModeTxEv
                0x080049a2                _ZN4RF229setModeRxEv
                0x080049bc                _ZN4RF229availableEv
                0x080049ca                _ZN4RF224recvEPhS0_
                0x08004a02                _ZN4RF2220waitAvailableTimeoutEt
                0x08004a2c                _ZN4RF2213waitAvailableEv
                0x08004a3c                _ZN4RF2211setModeIdleEv
                0x08004a50                _ZN4RF2213startTransmitEv
                0x08004a6c                _ZN4RF224sendEPhh
                0x08004a8c                _ZN4RF227spiReadEh
                0x08004aec                _ZN4RF2211headerFlagsEv
                0x08004af0                _ZN4RF228headerIdEv
                0x08004af4                _ZN4RF2210headerFromEv
                0x08004af8                _ZN4RF228headerToEv
                0x08004afc                _ZN4RF2215ezmacStatusReadEv
                0x08004b00                _ZN4RF228rssiReadEv
                0x08004b04                _ZN4RF227adcReadEhhhh
                0x08004b40                _ZN4RF2215temperatureReadEhh
                0x08004b6a                _ZN4RF2210statusReadEv
                0x08004b6e                _ZN4RF2212setFHChannelEh
                0x08004b8c                _ZN4RF2213setFHStepSizeEh
                0x08004baa                _ZN4RF2212setFrequencyEf
                0x08004c78                _ZN4RF2215handleInterruptEv
                0x08004d9e                _ZN4RF224isr1Ev
                0x08004dac                _ZN4RF224isr0Ev
                0x08004dbc                _ZN4RF225resetEv
                0x08004dd0                _ZN4RF224initEv
 .text          0x08004eb0       0xec Util/RF22/RF22Datagram.o
                0x08004eb0                _ZN12RF22Datagram8recvfromEPhS0_S0_S0_S0_S0_
                0x08004f08                _ZN12RF22Datagram6sendtoEPhhh
                0x08004f24                _ZN12RF22Datagram14setThisAddressEh
                0x08004f42                _ZN12RF22Datagram4initEv
                0x08004f5c                _ZN12RF22DatagramC1Ehhh
                0x08004f7c                _ZN12RF22DatagramC2Ehhh
 .text          0x08004f9c      0x3ec Util/RF22/RF22Mesh.o
                0x08004f9c                _ZN8RF22Mesh17isPhysicalAddressEPhh
                0x08004fb4                _ZN8RF22Mesh5doArpEh
                0x0800503c                _ZN8RF22Mesh11recvfromAckEPhS0_S0_S0_S0_S0_
                0x080051c0                _ZN8RF22Mesh18recvfromAckTimeoutEPhS0_tS0_S0_S0_S0_
                0x08005218                _ZN8RF22Mesh5routeEPN10RF22Router13RoutedMessageEh
                0x08005280                _ZN8RF22Mesh13peekAtMessageEPN10RF22Router13RoutedMessageEh
                0x08005306                _ZN8RF22Mesh10sendtoWaitEPhhh
                0x08005360                _ZN8RF22MeshC1Ehhh
                0x08005374                _ZN8RF22MeshC2Ehhh
 .text          0x08005388      0x2b0 Util/RF22/RF22ReliableDatagram.o
                0x08005388                _ZN20RF22ReliableDatagram10setTimeoutEt
                0x0800538e                _ZN20RF22ReliableDatagram10setRetriesEh
                0x08005394                _ZN20RF22ReliableDatagram15retransmissionsEv
                0x0800539a                _ZN20RF22ReliableDatagram11acknowledgeEhh
                0x080053c6                _ZN20RF22ReliableDatagram11recvfromAckEPhS0_S0_S0_S0_S0_
                0x08005472                _ZN20RF22ReliableDatagram18recvfromAckTimeoutEPhS0_tS0_S0_S0_S0_
                0x080054c8                _ZN20RF22ReliableDatagram10sendtoWaitEPhhh
                0x080055e0                _ZN20RF22ReliableDatagramC1Ehhh
                0x0800560c                _ZN20RF22ReliableDatagramC2Ehhh
 .text          0x08005638      0x324 Util/RF22/RF22Router.o
                0x08005638                _ZN10RF22Router10setMaxHopsEh
                0x0800563e                _ZN10RF22Router10getRouteToEh
                0x0800566c                _ZN10RF22Router17clearRoutingTableEv
                0x0800567e                _ZN10RF22Router13peekAtMessageEPNS_13RoutedMessageEh
                0x08005680                _ZN10RF22Router11recvfromAckEPhS0_S0_S0_S0_S0_
                0x08005768                _ZN10RF22Router18recvfromAckTimeoutEPhS0_tS0_S0_S0_S0_
                0x080057c0                _ZN10RF22Router10sendtoWaitEPhhhh
                0x08005804                _ZN10RF22Router10sendtoWaitEPhhh
                0x08005812                _ZN10RF22Router11deleteRouteEh
                0x08005844                _ZN10RF22Router17retireOldestRouteEv
                0x08005848                _ZN10RF22Router10addRouteToEhhh
                0x080058ae                _ZN10RF22Router13deleteRouteToEh
                0x080058d4                _ZN10RF22Router5routeEPNS_13RoutedMessageEh
                0x08005906                _ZN10RF22Router4initEv
                0x0800591c                _ZN10RF22RouterC1Ehhh
                0x0800593c                _ZN10RF22RouterC2Ehhh
 .text          0x0800595c       0x78 Util/RF22/ctocpp.o
                0x0800595c                RF22_Service_ISR
                0x08005968                RF22_Reassign
                0x08005974                RF22_recvfromAckTimeout
                0x0800599c                RF22_Sendtowait
                0x080059b8                RF22_Init
 *fill*         0x080059d4        0x4 00
 .text          0x080059d8       0xd8 Util/atmospherics.o
                0x080059d8                US_1976_Temperature
                0x08005a6c                Air_Density
 .text          0x08005ab0      0x940 Util/coords.o
                0x08005ab0                CrossProduct
                0x08005b0e                quat_inverse
                0x08005b2a                quat_copy
                0x08005b40                quat_mult
                0x08005c4a                rot_mult
                0x08005cea                VectorMagnitude
                0x08005d2c                RotFrom2Vectors
                0x08005ef8                R2Quaternion
                0x080060e0                Quaternion2RPY
                0x08006218                RneFromLLA
                0x080062d8                LLA2ECEF
 .text          0x080063f0       0x2c Util/crc.o
                0x080063f0                CRC_updateByte
                0x080063fc                CRC_updateCRC
 .text          0x0800641c       0x2c Util/delay.o
                0x0800641c                Delay
 .text          0x08006448       0xc8 Util/gravity.o
                0x08006448                Ge_From_Latitude
 .text          0x08006510      0x57c Util/rprintf.o
                0x08006510                rprintfInit
                0x0800651c                rprintfChar
                0x0800653c                rprintfStr
                0x08006554                rprintfStrLen
                0x0800658a                rprintfCRLF
                0x0800658e                rprintfu04
                0x08006598                rprintfu08
                0x080065aa                rprintfu16
                0x080065bc                rprintfu32
                0x080065ce                rprintfNum
                0x08006684                rprintfFloat
                0x0800673c                Isdigit
                0x0800674a                atoiRamRom
                0x08006770                rStrLen
                0x08006780                rprintf2RamRom
 .text          0x08006a8c       0x20 Util/time.o
                0x08006a8c                Set_RTC_From_GPS
 *fill*         0x08006aac        0x4 00
 .text          0x08006ab0      0x5a8 Util/uavtalk.o
                0x08006ab0                UAVtalk_Register_Object
                0x08006ac4                memchr_32
                0x08006ae8                updateTelemetryStats
                0x08006c50                UAVtalk_Generate_Packet
                0x08006de4                UAVtalk_Run_Streams
                0x08006e9c                UAVtalk_Process_Byte
 .text          0x08007058      0x128 dma.o
                0x08007058                Pop_From_Buffer
                0x08007074                Bytes_In_Buffer
                0x0800709c                Get_From_Buffer
                0x080070d0                Flush_Buffer
                0x080070e2                DMA_USART2_Configuration
                0x0800712c                DMA_USART1_Configuration
 .text          0x08007180      0x1e0 gpio.o
                0x08007180                Get_MEMS_DRDY
                0x080071a8                MEMS_Status_Configuration
                0x080071e4                Aux_Devices_Configuration
                0x08007240                SPI_Control_Configuration
                0x080072a8                GPS_IO_Configuration
                0x080072f4                GPIO_Config_AF_Periferals
                0x08007348                All_IO_Configuration
 .text          0x08007360      0x554 i2c_int.o
                0x08007360                I2C1_Setup_Job
                0x08007374                I2C_Config
                0x0800741c                I2C1_Request_Job
                0x0800744c                I2C1_ER_IRQHandler
                0x080074d8                I2C1_EV_IRQHandler
 .text          0x080078b4      0x1d0 interrupts.o
                0x080078b4                NMI_Handler
                0x080078b6                HardFault_Handler
                0x080078b8                MemManage_Handler
                0x080078ba                BusFault_Handler
                0x080078bc                UsageFault_Handler
                0x080078be                SVC_Handler
                0x080078c0                DebugMon_Handler
                0x080078c2                PendSV_Handler
                0x080078c4                SysTick_Handler
                0x080078c6                EXTI15_10_IRQHandler
                0x080078e6                EXTI9_5_IRQHandler
                0x0800795c                EXTI_Config
                0x08007a2e                EXTI4_IRQHandler
 .text.Default_Handler
                0x08007a84        0x2 lib/CMSIS_CM3/startup/gcc/startup_stm32f10x_md.o
                0x08007a84                EXTI2_IRQHandler
                0x08007a84                TIM1_CC_IRQHandler
                0x08007a84                PVD_IRQHandler
                0x08007a84                EXTI3_IRQHandler
                0x08007a84                EXTI0_IRQHandler
                0x08007a84                I2C2_EV_IRQHandler
                0x08007a84                ADC1_2_IRQHandler
                0x08007a84                SPI1_IRQHandler
                0x08007a84                TAMPER_IRQHandler
                0x08007a84                DMA1_Channel4_IRQHandler
                0x08007a84                USART3_IRQHandler
                0x08007a84                RTC_IRQHandler
                0x08007a84                DMA1_Channel7_IRQHandler
                0x08007a84                CAN1_RX1_IRQHandler
                0x08007a84                TIM4_IRQHandler
                0x08007a84                DMA1_Channel6_IRQHandler
                0x08007a84                TIM3_IRQHandler
                0x08007a84                RCC_IRQHandler
                0x08007a84                TIM1_TRG_COM_IRQHandler
                0x08007a84                DMA1_Channel1_IRQHandler
                0x08007a84                Default_Handler
                0x08007a84                SPI2_IRQHandler
                0x08007a84                DMA1_Channel5_IRQHandler
                0x08007a84                USB_LP_CAN1_RX0_IRQHandler
                0x08007a84                USB_HP_CAN1_TX_IRQHandler
                0x08007a84                DMA1_Channel3_IRQHandler
                0x08007a84                TIM1_UP_IRQHandler
                0x08007a84                WWDG_IRQHandler
                0x08007a84                TIM2_IRQHandler
                0x08007a84                TIM1_BRK_IRQHandler
                0x08007a84                EXTI1_IRQHandler
                0x08007a84                RTCAlarm_IRQHandler
                0x08007a84                USART2_IRQHandler
                0x08007a84                I2C2_ER_IRQHandler
                0x08007a84                DMA1_Channel2_IRQHandler
                0x08007a84                CAN1_SCE_IRQHandler
                0x08007a84                FLASH_IRQHandler
                0x08007a84                USBWakeUp_IRQHandler
 *fill*         0x08007a86        0x2 00
 .text          0x08007a88       0xf8 lib/CMSIS_CM3/system_stm32f10x.o
                0x08007a88                SystemInit
 .text          0x08007b80      0xcb8 main.o
                0x08007b80                Initialisation
                0x08008588                main
 .text          0x08008838      0x1e0 pwm.o
                0x08008838                PWM_Set
                0x080088b8                Timer_GPIO_Disable
                0x080088f4                Timer_GPIO_Enable
                0x08008930                Timer_RCC_Configuration
                0x08008948                Init_Timers
 .text          0x08008a18      0x21c usart.o
                0x08008a18                Default_Usart_Config
                0x08008a2a                Add_To_ISR_Buffer
                0x08008a3a                Get_From_ISR_Buffer
                0x08008a46                Bytes_In_ISR_Buffer
                0x08008a6c                __gps_send_char
                0x08008a88                Gps_Send_Str
                0x08008aa0                Gps_Send_Utf8
                0x08008aba                __usart_send_char
                0x08008ad8                Usart_Send_Str
                0x08008af0                USART1_IRQHandler
                0x08008b0c                usart1_disable_dma
                0x08008b28                usart1_send_data_dma
                0x08008b50                USART2_reconf
                0x08008b94                Usarts_Init
 .text          0x08008c34       0x3e watchdog.o
                0x08008c34                Watchdog_Reset_Detect
                0x08008c48                Watchdog_Config
 *fill*         0x08008c72        0x2 00
 .text          0x08008c74     0x8890 Control/ekf.o
                0x08008c74                ins_get_num_states
                0x08008c78                INSGPSInit
                0x08008da4                INSResetP
                0x08008dec                INSResetRGPS
                0x08008e18                INSSetState
                0x08008e7c                INSPosVelReset
                0x08008f04                INSSetPosVelVar
                0x08008f20                INSSetGyroBias
                0x08008f3c                INSSetAccelVar
                0x08008f58                INSSetGyroVar
                0x08008f74                INSSetMagVar
                0x08008f90                INSSetMagNorth
                0x08008fa8                INSSetGravity
                0x08008fb4                CovariancePrediction
                0x080102fe                INSCovariancePrediction
                0x08010324                SerialUpdate
                0x0801047c                StateEq
                0x08010750                RungeKutta
                0x08010878                LinearizeFG
                0x08010cec                MeasurementEq
                0x08010eaa                LinearizeH
                0x08011174                INSCorrection
                0x08011324                VelBaroCorrection
                0x08011340                GpsMagCorrection
                0x08011358                FullCorrection
                0x08011366                GpsBaroCorrection
                0x08011384                MagVelBaroCorrection
                0x080113a0                MagCorrection
                0x080113c0                INSStatePrediction
 *fill*         0x08011504        0x4 00
 .text          0x08011508      0x950 Control/imu.o
                0x08011508                run_imu
 .text          0x08011e58       0x64 Control/loops.o
                0x08011e58                Run_PID
                0x08011eb4                Reset_PID
 .text          0x08011ebc       0x64 Control/servos.o
                0x08011ebc                Disable_Servos
                0x08011ec0                Enable_Servos
                0x08011ec4                Apply_Servos
 .text          0x08011f20       0xc0 lib/STM32F10x_StdPeriph_Driver/libstm32fw.a(misc.o)
                0x08011f20                NVIC_PriorityGroupConfig
                0x08011f34                NVIC_Init
                0x08011f98                NVIC_SetVectorTable
                0x08011fac                NVIC_SystemLPConfig
                0x08011fc8                SysTick_CLKSourceConfig
 .text          0x08011fe0       0xe4 lib/STM32F10x_StdPeriph_Driver/libstm32fw.a(stm32f10x_bkp.o)
                0x08011fe0                BKP_TamperPinLevelConfig
                0x08011fec                BKP_TamperPinCmd
                0x08011ff8                BKP_ITConfig
                0x08012004                BKP_RTCOutputConfig
                0x0801201c                BKP_SetRTCCalibrationValue
                0x08012034                BKP_WriteBackupRegister
                0x08012050                BKP_ReadBackupRegister
                0x08012070                BKP_GetFlagStatus
                0x0801207c                BKP_ClearFlag
                0x08012090                BKP_GetITStatus
                0x0801209c                BKP_ClearITPendingBit
                0x080120b0                BKP_DeInit
 .text          0x080120c4      0x1d4 lib/STM32F10x_StdPeriph_Driver/libstm32fw.a(stm32f10x_dma.o)
                0x080120c4                DMA_DeInit
                0x080121a4                DMA_Init
                0x080121e4                DMA_StructInit
                0x080121fe                DMA_Cmd
                0x08012212                DMA_ITConfig
                0x08012224                DMA_GetCurrDataCounter
                0x0801222a                DMA_GetFlagStatus
                0x08012248                DMA_ClearFlag
                0x08012260                DMA_GetITStatus
                0x08012280                DMA_ClearITPendingBit
 .text          0x08012298      0x104 lib/STM32F10x_StdPeriph_Driver/libstm32fw.a(stm32f10x_exti.o)
                0x08012298                EXTI_DeInit
                0x080122b4                EXTI_Init
                0x08012334                EXTI_StructInit
                0x08012342                EXTI_GenerateSWInterrupt
                0x08012354                EXTI_GetFlagStatus
                0x08012368                EXTI_ClearFlag
                0x08012374                EXTI_GetITStatus
                0x08012390                EXTI_ClearITPendingBit
 .text          0x0801239c      0x29c lib/STM32F10x_StdPeriph_Driver/libstm32fw.a(stm32f10x_gpio.o)
                0x0801239c                GPIO_Init
                0x08012454                GPIO_StructInit
                0x08012464                GPIO_ReadInputDataBit
                0x08012470                GPIO_ReadInputData
                0x08012476                GPIO_ReadOutputDataBit
                0x08012482                GPIO_ReadOutputData
                0x08012488                GPIO_SetBits
                0x0801248c                GPIO_ResetBits
                0x08012490                GPIO_WriteBit
                0x0801249a                GPIO_Write
                0x0801249e                GPIO_PinLockConfig
                0x080124ae                GPIO_EventOutputConfig
                0x080124cc                GPIO_EventOutputCmd
                0x080124d8                GPIO_PinRemapConfig
                0x08012538                GPIO_EXTILineConfig
                0x0801256c                GPIO_ETH_MediaInterfaceConfig
                0x08012578                GPIO_AFIODeInit
                0x0801258e                GPIO_DeInit
 .text          0x08012638      0x3cc lib/STM32F10x_StdPeriph_Driver/libstm32fw.a(stm32f10x_i2c.o)
                0x08012638                I2C_StructInit
                0x08012654                I2C_Cmd
                0x0801266e                I2C_DMACmd
                0x08012688                I2C_DMALastTransferCmd
                0x080126a2                I2C_GenerateSTART
                0x080126bc                I2C_GenerateSTOP
                0x080126d6                I2C_AcknowledgeConfig
                0x080126f0                I2C_OwnAddress2Config
                0x08012706                I2C_DualAddressCmd
                0x08012720                I2C_GeneralCallCmd
                0x0801273a                I2C_ITConfig
                0x08012750                I2C_SendData
                0x08012754                I2C_ReceiveData
                0x0801275a                I2C_Send7bitAddress
                0x0801276a                I2C_ReadRegister
                0x08012782                I2C_SoftwareResetCmd
                0x0801279c                I2C_SMBusAlertConfig
                0x080127b8                I2C_TransmitPEC
                0x080127d2                I2C_PECPositionConfig
                0x080127ee                I2C_CalculatePEC
                0x08012808                I2C_GetPEC
                0x08012810                I2C_ARPCmd
                0x0801282a                I2C_StretchClockCmd
                0x08012844                I2C_FastModeDutyCycleConfig
                0x08012860                I2C_GetLastEvent
                0x08012870                I2C_CheckEvent
                0x08012888                I2C_GetFlagStatus
                0x080128bc                I2C_ClearFlag
                0x080128c4                I2C_GetITStatus
                0x080128e0                I2C_ClearITPendingBit
                0x080128e8                I2C_Init
                0x080129d0                I2C_DeInit
 .text          0x08012a04       0x58 lib/STM32F10x_StdPeriph_Driver/libstm32fw.a(stm32f10x_iwdg.o)
                0x08012a04                IWDG_WriteAccessCmd
                0x08012a10                IWDG_SetPrescaler
                0x08012a1c                IWDG_SetReload
                0x08012a28                IWDG_ReloadCounter
                0x08012a38                IWDG_Enable
                0x08012a48                IWDG_GetFlagStatus
 .text          0x08012a5c       0xd0 lib/STM32F10x_StdPeriph_Driver/libstm32fw.a(stm32f10x_pwr.o)
                0x08012a60                PWR_BackupAccessCmd
                0x08012a6c                PWR_PVDCmd
                0x08012a78                PWR_PVDLevelConfig
                0x08012a8c                PWR_WakeUpPinCmd
                0x08012a98                PWR_EnterSTOPMode
                0x08012ac4                PWR_EnterSTANDBYMode
                0x08012aec                PWR_GetFlagStatus
                0x08012b00                PWR_ClearFlag
                0x08012b10                PWR_DeInit
 .text          0x08012b2c      0x384 lib/STM32F10x_StdPeriph_Driver/libstm32fw.a(stm32f10x_rcc.o)
                0x08012b2c                RCC_DeInit
                0x08012b6c                RCC_HSEConfig
                0x08012ba4                RCC_AdjustHSICalibrationValue
                0x08012bb8                RCC_HSICmd
                0x08012bc4                RCC_PLLConfig
                0x08012bdc                RCC_PLLCmd
                0x08012be8                RCC_SYSCLKConfig
                0x08012bfc                RCC_GetSYSCLKSource
                0x08012c0c                RCC_HCLKConfig
                0x08012c20                RCC_PCLK1Config
                0x08012c34                RCC_PCLK2Config
                0x08012c48                RCC_ITConfig
                0x08012c64                RCC_USBCLKConfig
                0x08012c70                RCC_ADCCLKConfig
                0x08012c84                RCC_LSEConfig
                0x08012ca4                RCC_LSICmd
                0x08012cb0                RCC_RTCCLKConfig
                0x08012cc0                RCC_RTCCLKCmd
                0x08012ccc                RCC_GetClocksFreq
                0x08012d7c                RCC_AHBPeriphClockCmd
                0x08012d98                RCC_APB2PeriphClockCmd
                0x08012db4                RCC_APB1PeriphClockCmd
                0x08012dd0                RCC_APB2PeriphResetCmd
                0x08012dec                RCC_APB1PeriphResetCmd
                0x08012e08                RCC_BackupResetCmd
                0x08012e14                RCC_ClockSecuritySystemCmd
                0x08012e20                RCC_MCOConfig
                0x08012e2c                RCC_GetFlagStatus
                0x08012e54                RCC_WaitForHSEStartUp
                0x08012e80                RCC_ClearFlag
                0x08012e90                RCC_GetITStatus
                0x08012ea4                RCC_ClearITPendingBit
 .text          0x08012eb0      0x15c lib/STM32F10x_StdPeriph_Driver/libstm32fw.a(stm32f10x_rtc.o)
                0x08012eb0                RTC_ITConfig
                0x08012ed0                RTC_EnterConfigMode
                0x08012ee4                RTC_ExitConfigMode
                0x08012ef8                RTC_GetCounter
                0x08012f0c                RTC_SetCounter
                0x08012f28                RTC_SetPrescaler
                0x08012f48                RTC_SetAlarm
                0x08012f64                RTC_GetDivider
                0x08012f7c                RTC_WaitForLastTask
                0x08012f8c                RTC_WaitForSynchro
                0x08012fac                RTC_GetFlagStatus
                0x08012fc0                RTC_ClearFlag
                0x08012fd4                RTC_GetITStatus
                0x08012ff8                RTC_ClearITPendingBit
 .text          0x0801300c      0x2f8 lib/STM32F10x_StdPeriph_Driver/libstm32fw.a(stm32f10x_spi.o)
                0x0801300c                SPI_Init
                0x08013066                SPI_StructInit
                0x08013080                I2S_StructInit
                0x08013094                SPI_Cmd
                0x080130ae                I2S_Cmd
                0x080130c8                SPI_I2S_ITConfig
                0x080130e6                SPI_I2S_DMACmd
                0x080130fc                SPI_I2S_SendData
                0x08013100                SPI_I2S_ReceiveData
                0x08013106                SPI_NSSInternalSoftwareConfig
                0x08013120                SPI_SSOutputCmd
                0x0801313a                SPI_DataSizeConfig
                0x08013152                SPI_TransmitCRC
                0x0801315e                SPI_CalculateCRC
                0x08013178                SPI_GetCRC
                0x08013188                SPI_GetCRCPolynomial
                0x0801318e                SPI_BiDirectionalLineConfig
                0x080131aa                SPI_I2S_GetFlagStatus
                0x080131b6                SPI_I2S_ClearFlag
                0x080131be                SPI_I2S_GetITStatus
                0x080131e8                SPI_I2S_ClearITPendingBit
                0x080131f8                I2S_Init
                0x080132a2                SPI_I2S_DeInit
 .text          0x08013304      0xb54 lib/STM32F10x_StdPeriph_Driver/libstm32fw.a(stm32f10x_tim.o)
                0x08013304                TIM_TimeBaseInit
                0x08013344                TIM_OC1Init
                0x080133d8                TIM_OC2Init
                0x08013474                TIM_OC3Init
                0x0801350c                TIM_OC4Init
                0x08013588                TIM_BDTRConfig
                0x080135ac                TIM_TimeBaseStructInit
                0x080135be                TIM_OCStructInit
                0x080135d2                TIM_ICStructInit
                0x080135e4                TIM_BDTRStructInit
                0x080135f6                TIM_Cmd
                0x08013610                TIM_CtrlPWMOutputs
                0x08013630                TIM_ITConfig
                0x08013646                TIM_GenerateEvent
                0x0801364a                TIM_DMAConfig
                0x08013652                TIM_DMACmd
                0x08013668                TIM_InternalClockConfig
                0x08013676                TIM_ETRConfig
                0x08013694                TIM_ETRClockMode2Config
                0x080136a8                TIM_ETRClockMode1Config
                0x080136c2                TIM_PrescalerConfig
                0x080136c8                TIM_CounterModeConfig
                0x080136da                TIM_SelectInputTrigger
                0x080136ec                TIM_ITRxExternalClockConfig
                0x08013700                TIM_EncoderInterfaceConfig
                0x08013748                TIM_ForcedOC1Config
                0x0801375a                TIM_ForcedOC2Config
                0x0801376e                TIM_ForcedOC3Config
                0x08013780                TIM_ForcedOC4Config
                0x08013794                TIM_ARRPreloadConfig
                0x080137ae                TIM_SelectCOM
                0x080137c8                TIM_SelectCCDMA
                0x080137e2                TIM_CCPreloadControl
                0x080137fc                TIM_OC1PreloadConfig
                0x0801380e                TIM_OC2PreloadConfig
                0x08013822                TIM_OC3PreloadConfig
                0x08013834                TIM_OC4PreloadConfig
                0x08013848                TIM_OC1FastConfig
                0x0801385a                TIM_OC2FastConfig
                0x0801386e                TIM_OC3FastConfig
                0x08013880                TIM_OC4FastConfig
                0x08013894                TIM_ClearOC1Ref
                0x080138a6                TIM_ClearOC2Ref
                0x080138b6                TIM_ClearOC3Ref
                0x080138c8                TIM_ClearOC4Ref
                0x080138d8                TIM_OC1PolarityConfig
                0x080138ea                TIM_OC1NPolarityConfig
                0x080138fc                TIM_OC2PolarityConfig
                0x08013910                TIM_OC2NPolarityConfig
                0x08013924                TIM_OC3PolarityConfig
                0x08013938                TIM_OC3NPolarityConfig
                0x0801394c                TIM_OC4PolarityConfig
                0x08013960                TIM_CCxCmd
                0x08013982                TIM_CCxNCmd
                0x080139a4                TIM_SelectOCxM
                0x080139f6                TIM_UpdateDisableConfig
                0x08013a10                TIM_UpdateRequestConfig
                0x08013a2a                TIM_SelectHallSensor
                0x08013a44                TIM_SelectOnePulseMode
                0x08013a5c                TIM_SelectOutputTrigger
                0x08013a74                TIM_SelectSlaveMode
                0x08013a8c                TIM_SelectMasterSlaveMode
                0x08013aa4                TIM_SetCounter
                0x08013aa8                TIM_SetAutoreload
                0x08013aac                TIM_SetCompare1
                0x08013ab0                TIM_SetCompare2
                0x08013ab4                TIM_SetCompare3
                0x08013ab8                TIM_SetCompare4
                0x08013abe                TIM_SetIC1Prescaler
                0x08013ad6                TIM_SetIC2Prescaler
                0x08013af0                TIM_SetIC3Prescaler
                0x08013b08                TIM_SetIC4Prescaler
                0x08013b22                TIM_SetClockDivision
                0x08013b34                TIM_GetCapture1
                0x08013b3a                TIM_GetCapture2
                0x08013b40                TIM_GetCapture3
                0x08013b46                TIM_GetCapture4
                0x08013b4e                TIM_GetCounter
                0x08013b54                TIM_GetPrescaler
                0x08013b5a                TIM_GetFlagStatus
                0x08013b66                TIM_ClearFlag
                0x08013b6e                TIM_GetITStatus
                0x08013b84                TIM_ClearITPendingBit
                0x08013c24                TIM_TIxExternalClockConfig
                0x08013c52                TIM_PWMIConfig
                0x08013cbe                TIM_ICInit
                0x08013d8e                TIM_DeInit
 .text          0x08013e58      0x384 lib/STM32F10x_StdPeriph_Driver/libstm32fw.a(stm32f10x_usart.o)
                0x08013e58                USART_StructInit
                0x08013e70                USART_ClockInit
                0x08013e9a                USART_ClockStructInit
                0x08013ea6                USART_Cmd
                0x08013ec0                USART_ITConfig
                0x08013ef6                USART_DMACmd
                0x08013f0c                USART_SetAddress
                0x08013f24                USART_WakeUpConfig
                0x08013f3c                USART_ReceiverWakeUpCmd
                0x08013f56                USART_LINBreakDetectLengthConfig
                0x08013f6e                USART_LINCmd
                0x08013f88                USART_SendData
                0x08013f90                USART_ReceiveData
                0x08013f98                USART_SendBreak
                0x08013fa4                USART_SetGuardTime
                0x08013fb6                USART_SetPrescaler
                0x08013fca                USART_SmartCardCmd
                0x08013fe4                USART_SmartCardNACKCmd
                0x08013ffe                USART_HalfDuplexCmd
                0x08014018                USART_IrDAConfig
                0x08014030                USART_IrDACmd
                0x0801404a                USART_GetFlagStatus
                0x08014056                USART_ClearFlag
                0x0801405e                USART_GetITStatus
                0x080140a4                USART_ClearITPendingBit
                0x080140b2                USART_Init
                0x08014144                USART_DeInit
 .text          0x080141dc       0x98 /home/laurence/CodeSourcery/Sourcery_G++_Lite/bin/../lib/gcc/arm-none-eabi/4.4.1/../../../../arm-none-eabi/lib/thumb2/libm.a(lib_a-s_cos.o)
                0x080141dc                cos
 *fill*         0x08014274        0x4 00
 .text          0x08014278      0x128 /home/laurence/CodeSourcery/Sourcery_G++_Lite/bin/../lib/gcc/arm-none-eabi/4.4.1/../../../../arm-none-eabi/lib/thumb2/libm.a(lib_a-s_floor.o)
                0x08014278                floor
 .text          0x080143a0       0xa0 /home/laurence/CodeSourcery/Sourcery_G++_Lite/bin/../lib/gcc/arm-none-eabi/4.4.1/../../../../arm-none-eabi/lib/thumb2/libm.a(lib_a-s_sin.o)
                0x080143a0                sin
 .text          0x08014440       0xac /home/laurence/CodeSourcery/Sourcery_G++_Lite/bin/../lib/gcc/arm-none-eabi/4.4.1/../../../../arm-none-eabi/lib/thumb2/libm.a(lib_a-w_asin.o)
                0x08014440                asin
 .text          0x080144ec        0x4 /home/laurence/CodeSourcery/Sourcery_G++_Lite/bin/../lib/gcc/arm-none-eabi/4.4.1/../../../../arm-none-eabi/lib/thumb2/libm.a(lib_a-w_atan2.o)
                0x080144ec                atan2
 .text          0x080144f0      0x358 /home/laurence/CodeSourcery/Sourcery_G++_Lite/bin/../lib/gcc/arm-none-eabi/4.4.1/../../../../arm-none-eabi/lib/thumb2/libm.a(lib_a-w_pow.o)
                0x080144f0                pow
 .text          0x08014848       0xac /home/laurence/CodeSourcery/Sourcery_G++_Lite/bin/../lib/gcc/arm-none-eabi/4.4.1/../../../../arm-none-eabi/lib/thumb2/libm.a(lib_a-w_sqrt.o)
                0x08014848                sqrt
 .text          0x080148f4       0xa8 /home/laurence/CodeSourcery/Sourcery_G++_Lite/bin/../lib/gcc/arm-none-eabi/4.4.1/../../../../arm-none-eabi/lib/thumb2/libm.a(lib_a-wf_asin.o)
                0x080148f4                asinf
 .text          0x0801499c        0x4 /home/laurence/CodeSourcery/Sourcery_G++_Lite/bin/../lib/gcc/arm-none-eabi/4.4.1/../../../../arm-none-eabi/lib/thumb2/libm.a(lib_a-wf_atan2.o)
                0x0801499c                atan2f
 .text          0x080149a0      0x420 /home/laurence/CodeSourcery/Sourcery_G++_Lite/bin/../lib/gcc/arm-none-eabi/4.4.1/../../../../arm-none-eabi/lib/thumb2/libm.a(lib_a-e_asin.o)
                0x080149a0                __ieee754_asin
 .text          0x08014dc0      0x220 /home/laurence/CodeSourcery/Sourcery_G++_Lite/bin/../lib/gcc/arm-none-eabi/4.4.1/../../../../arm-none-eabi/lib/thumb2/libm.a(lib_a-e_atan2.o)
                0x08014dc0                __ieee754_atan2
 .text          0x08014fe0      0xb60 /home/laurence/CodeSourcery/Sourcery_G++_Lite/bin/../lib/gcc/arm-none-eabi/4.4.1/../../../../arm-none-eabi/lib/thumb2/libm.a(lib_a-e_pow.o)
                0x08014fe0                __ieee754_pow
 .text          0x08015b40      0x418 /home/laurence/CodeSourcery/Sourcery_G++_Lite/bin/../lib/gcc/arm-none-eabi/4.4.1/../../../../arm-none-eabi/lib/thumb2/libm.a(lib_a-e_rem_pio2.o)
                0x08015b40                __ieee754_rem_pio2
 .text          0x08015f58      0x1dc /home/laurence/CodeSourcery/Sourcery_G++_Lite/bin/../lib/gcc/arm-none-eabi/4.4.1/../../../../arm-none-eabi/lib/thumb2/libm.a(lib_a-e_sqrt.o)
                0x08015f58                __ieee754_sqrt
 .text          0x08016134      0x318 /home/laurence/CodeSourcery/Sourcery_G++_Lite/bin/../lib/gcc/arm-none-eabi/4.4.1/../../../../arm-none-eabi/lib/thumb2/libm.a(lib_a-ef_asin.o)
                0x08016134                __ieee754_asinf
 .text          0x0801644c      0x158 /home/laurence/CodeSourcery/Sourcery_G++_Lite/bin/../lib/gcc/arm-none-eabi/4.4.1/../../../../arm-none-eabi/lib/thumb2/libm.a(lib_a-ef_atan2.o)
                0x0801644c                __ieee754_atan2f
 .text          0x080165a4       0xb4 /home/laurence/CodeSourcery/Sourcery_G++_Lite/bin/../lib/gcc/arm-none-eabi/4.4.1/../../../../arm-none-eabi/lib/thumb2/libm.a(lib_a-ef_sqrt.o)
                0x080165a4                __ieee754_sqrtf
 .text          0x08016658      0x250 /home/laurence/CodeSourcery/Sourcery_G++_Lite/bin/../lib/gcc/arm-none-eabi/4.4.1/../../../../arm-none-eabi/lib/thumb2/libm.a(lib_a-k_cos.o)
                0x08016658                __kernel_cos
 .text          0x080168a8      0x7b4 /home/laurence/CodeSourcery/Sourcery_G++_Lite/bin/../lib/gcc/arm-none-eabi/4.4.1/../../../../arm-none-eabi/lib/thumb2/libm.a(lib_a-k_rem_pio2.o)
                0x080168a8                __kernel_rem_pio2
 *fill*         0x0801705c        0x4 00
 .text          0x08017060      0x170 /home/laurence/CodeSourcery/Sourcery_G++_Lite/bin/../lib/gcc/arm-none-eabi/4.4.1/../../../../arm-none-eabi/lib/thumb2/libm.a(lib_a-k_sin.o)
                0x08017060                __kernel_sin
 .text          0x080171d0      0x348 /home/laurence/CodeSourcery/Sourcery_G++_Lite/bin/../lib/gcc/arm-none-eabi/4.4.1/../../../../arm-none-eabi/lib/thumb2/libm.a(lib_a-s_atan.o)
                0x080171d0                atan
 .text          0x08017518        0x8 /home/laurence/CodeSourcery/Sourcery_G++_Lite/bin/../lib/gcc/arm-none-eabi/4.4.1/../../../../arm-none-eabi/lib/thumb2/libm.a(lib_a-s_fabs.o)
                0x08017518                fabs
 .text          0x08017520       0x10 /home/laurence/CodeSourcery/Sourcery_G++_Lite/bin/../lib/gcc/arm-none-eabi/4.4.1/../../../../arm-none-eabi/lib/thumb2/libm.a(lib_a-s_finite.o)
                0x08017520                finite
 .text          0x08017530       0x1c /home/laurence/CodeSourcery/Sourcery_G++_Lite/bin/../lib/gcc/arm-none-eabi/4.4.1/../../../../arm-none-eabi/lib/thumb2/libm.a(lib_a-s_isnand.o)
                0x08017530                __isnand
 .text          0x0801754c        0x4 /home/laurence/CodeSourcery/Sourcery_G++_Lite/bin/../lib/gcc/arm-none-eabi/4.4.1/../../../../arm-none-eabi/lib/thumb2/libm.a(lib_a-s_matherr.o)
                0x0801754c                matherr
 .text          0x08017550        0xc /home/laurence/CodeSourcery/Sourcery_G++_Lite/bin/../lib/gcc/arm-none-eabi/4.4.1/../../../../arm-none-eabi/lib/thumb2/libm.a(lib_a-s_nan.o)
                0x08017550                nan
 .text          0x0801755c      0x134 /home/laurence/CodeSourcery/Sourcery_G++_Lite/bin/../lib/gcc/arm-none-eabi/4.4.1/../../../../arm-none-eabi/lib/thumb2/libm.a(lib_a-s_rint.o)
                0x0801755c                rint
 .text          0x08017690      0x118 /home/laurence/CodeSourcery/Sourcery_G++_Lite/bin/../lib/gcc/arm-none-eabi/4.4.1/../../../../arm-none-eabi/lib/thumb2/libm.a(lib_a-s_scalbn.o)
                0x08017690                scalbn
 .text          0x080177a8      0x23c /home/laurence/CodeSourcery/Sourcery_G++_Lite/bin/../lib/gcc/arm-none-eabi/4.4.1/../../../../arm-none-eabi/lib/thumb2/libm.a(lib_a-sf_atan.o)
                0x080177a8                atanf
 .text          0x080179e4        0x8 /home/laurence/CodeSourcery/Sourcery_G++_Lite/bin/../lib/gcc/arm-none-eabi/4.4.1/../../../../arm-none-eabi/lib/thumb2/libm.a(lib_a-sf_fabs.o)
                0x080179e4                fabsf
 .text          0x080179ec       0x10 /home/laurence/CodeSourcery/Sourcery_G++_Lite/bin/../lib/gcc/arm-none-eabi/4.4.1/../../../../arm-none-eabi/lib/thumb2/libm.a(lib_a-sf_isnan.o)
                0x080179ec                isnanf
 .text          0x080179fc       0x18 /home/laurence/CodeSourcery/Sourcery_G++_Lite/bin/../lib/gcc/arm-none-eabi/4.4.1/../../../../arm-none-eabi/lib/thumb2/libm.a(lib_a-s_copysign.o)
                0x080179fc                copysign
 *fill*         0x08017a14        0x4 00
 .text          0x08017a18      0x2b0 /home/laurence/CodeSourcery/Sourcery_G++_Lite/bin/../lib/gcc/arm-none-eabi/4.4.1/thumb2/libgcc.a(_divsi3.o)
                0x08017a18                __aeabi_idiv
                0x08017a18                __divsi3
                0x08017cac                __aeabi_idivmod
 .text          0x08017cc8        0x4 /home/laurence/CodeSourcery/Sourcery_G++_Lite/bin/../lib/gcc/arm-none-eabi/4.4.1/thumb2/libgcc.a(_dvmd_tls.o)
                0x08017cc8                __aeabi_ldiv0
                0x08017cc8                __aeabi_idiv0
 .text          0x08017ccc      0x370 /home/laurence/CodeSourcery/Sourcery_G++_Lite/bin/../lib/gcc/arm-none-eabi/4.4.1/thumb2/libgcc.a(_arm_addsubdf3.o)
                0x08017ccc                __aeabi_drsub
                0x08017cd4                __aeabi_dsub
                0x08017cd4                __subdf3
                0x08017cd8                __adddf3
                0x08017cd8                __aeabi_dadd
                0x08017f50                __aeabi_ui2d
                0x08017f50                __floatunsidf
                0x08017f70                __floatsidf
                0x08017f70                __aeabi_i2d
                0x08017f94                __extendsfdf2
                0x08017f94                __aeabi_f2d
                0x08017fd0                __aeabi_ul2d
                0x08017fd0                __floatundidf
                0x08017fe0                __floatdidf
                0x08017fe0                __aeabi_l2d
 .text          0x0801803c      0x424 /home/laurence/CodeSourcery/Sourcery_G++_Lite/bin/../lib/gcc/arm-none-eabi/4.4.1/thumb2/libgcc.a(_arm_muldivdf3.o)
                0x0801803c                __aeabi_dmul
                0x0801803c                __muldf3
                0x08018290                __aeabi_ddiv
                0x08018290                __divdf3
 .text          0x08018460      0x110 /home/laurence/CodeSourcery/Sourcery_G++_Lite/bin/../lib/gcc/arm-none-eabi/4.4.1/thumb2/libgcc.a(_arm_cmpdf2.o)
                0x08018460                __gtdf2
                0x08018460                __gedf2
                0x08018468                __ltdf2
                0x08018468                __ledf2
                0x08018470                __cmpdf2
                0x08018470                __eqdf2
                0x08018470                __nedf2
                0x080184ec                __aeabi_cdrcmple
                0x080184fc                __aeabi_cdcmple
                0x080184fc                __aeabi_cdcmpeq
                0x0801850c                __aeabi_dcmpeq
                0x08018520                __aeabi_dcmplt
                0x08018534                __aeabi_dcmple
                0x08018548                __aeabi_dcmpge
                0x0801855c                __aeabi_dcmpgt
 .text          0x08018570       0x50 /home/laurence/CodeSourcery/Sourcery_G++_Lite/bin/../lib/gcc/arm-none-eabi/4.4.1/thumb2/libgcc.a(_arm_fixdfsi.o)
                0x08018570                __fixdfsi
                0x08018570                __aeabi_d2iz
 .text          0x080185c0       0x40 /home/laurence/CodeSourcery/Sourcery_G++_Lite/bin/../lib/gcc/arm-none-eabi/4.4.1/thumb2/libgcc.a(_arm_fixunsdfsi.o)
                0x080185c0                __fixunsdfsi
                0x080185c0                __aeabi_d2uiz
 .text          0x08018600       0xa0 /home/laurence/CodeSourcery/Sourcery_G++_Lite/bin/../lib/gcc/arm-none-eabi/4.4.1/thumb2/libgcc.a(_arm_truncdfsf2.o)
                0x08018600                __aeabi_d2f
                0x08018600                __truncdfsf2
 .text          0x080186a0      0x21c /home/laurence/CodeSourcery/Sourcery_G++_Lite/bin/../lib/gcc/arm-none-eabi/4.4.1/thumb2/libgcc.a(_arm_addsubsf3.o)
                0x080186a0                __aeabi_frsub
                0x080186a8                __subsf3
                0x080186a8                __aeabi_fsub
                0x080186ac                __aeabi_fadd
                0x080186ac                __addsf3
                0x0801880c                __aeabi_ui2f
                0x0801880c                __floatunsisf
                0x08018814                __aeabi_i2f
                0x08018814                __floatsisf
                0x08018830                __floatundisf
                0x08018830                __aeabi_ul2f
                0x08018840                __floatdisf
                0x08018840                __aeabi_l2f
 .text          0x080188bc      0x2a0 /home/laurence/CodeSourcery/Sourcery_G++_Lite/bin/../lib/gcc/arm-none-eabi/4.4.1/thumb2/libgcc.a(_arm_muldivsf3.o)
                0x080188bc                __mulsf3
                0x080188bc                __aeabi_fmul
                0x08018a24                __divsf3
                0x08018a24                __aeabi_fdiv
 .text          0x08018b5c       0xec /home/laurence/CodeSourcery/Sourcery_G++_Lite/bin/../lib/gcc/arm-none-eabi/4.4.1/thumb2/libgcc.a(_arm_cmpsf2.o)
                0x08018b5c                __gtsf2
                0x08018b5c                __gesf2
                0x08018b64                __lesf2
                0x08018b64                __ltsf2
                0x08018b6c                __nesf2
                0x08018b6c                __eqsf2
                0x08018b6c                __cmpsf2
                0x08018bcc                __aeabi_cfrcmple
                0x08018bd4                __aeabi_cfcmple
                0x08018bd4                __aeabi_cfcmpeq
                0x08018be4                __aeabi_fcmpeq
                0x08018bf8                __aeabi_fcmplt
                0x08018c0c                __aeabi_fcmple
                0x08018c20                __aeabi_fcmpge
                0x08018c34                __aeabi_fcmpgt
 .text          0x08018c48       0x4c /home/laurence/CodeSourcery/Sourcery_G++_Lite/bin/../lib/gcc/arm-none-eabi/4.4.1/thumb2/libgcc.a(_arm_fixsfsi.o)
                0x08018c48                __fixsfsi
                0x08018c48                __aeabi_f2iz
 .text          0x08018c94       0x40 /home/laurence/CodeSourcery/Sourcery_G++_Lite/bin/../lib/gcc/arm-none-eabi/4.4.1/thumb2/libgcc.a(_arm_fixunssfsi.o)
                0x08018c94                __aeabi_f2uiz
                0x08018c94                __fixunssfsi
 .text          0x08018cd4       0x38 /home/laurence/CodeSourcery/Sourcery_G++_Lite/bin/../lib/gcc/arm-none-eabi/4.4.1/thumb2/libgcc.a(_aeabi_ldivmod.o)
                0x08018cd4                __aeabi_ldivmod
 .text          0x08018d0c       0x2c /home/laurence/CodeSourcery/Sourcery_G++_Lite/bin/../lib/gcc/arm-none-eabi/4.4.1/thumb2/libgcc.a(_fixsfdi.o)
                0x08018d0c                __aeabi_f2lz
                0x08018d0c                __fixsfdi
 .text          0x08018d38       0x48 /home/laurence/CodeSourcery/Sourcery_G++_Lite/bin/../lib/gcc/arm-none-eabi/4.4.1/thumb2/libgcc.a(_fixunssfdi.o)
                0x08018d38                __aeabi_f2ulz
                0x08018d38                __fixunssfdi
 .text          0x08018d80       0x58 /home/laurence/CodeSourcery/Sourcery_G++_Lite/bin/../lib/gcc/arm-none-eabi/4.4.1/thumb2/libgcc.a(bpabi.o)
                0x08018d80                __gnu_uldivmod_helper
                0x08018dac                __gnu_ldivmod_helper
 .text          0x08018dd8      0x364 /home/laurence/CodeSourcery/Sourcery_G++_Lite/bin/../lib/gcc/arm-none-eabi/4.4.1/thumb2/libgcc.a(_divdi3.o)
                0x08018dd8                __divdi3
 .text          0x0801913c      0x300 /home/laurence/CodeSourcery/Sourcery_G++_Lite/bin/../lib/gcc/arm-none-eabi/4.4.1/thumb2/libgcc.a(_udivdi3.o)
                0x0801913c                __udivdi3
 *fill*         0x0801943c        0x4 00
 .text          0x08019440      0x278 /home/laurence/CodeSourcery/Sourcery_G++_Lite/bin/../lib/gcc/arm-none-eabi/4.4.1/thumb2/libgcc.a(_udivsi3.o)
                0x08019440                __udivsi3
                0x08019440                __aeabi_uidiv
                0x0801969c                __aeabi_uidivmod
 .text          0x080196b8        0xc /home/laurence/CodeSourcery/Sourcery_G++_Lite/bin/../lib/gcc/arm-none-eabi/4.4.1/../../../../arm-none-eabi/lib/thumb2/libc.a(lib_a-errno.o)
                0x080196b8                __errno
 .text          0x080196c4       0x20 /home/laurence/CodeSourcery/Sourcery_G++_Lite/bin/../lib/gcc/arm-none-eabi/4.4.1/../../../../arm-none-eabi/lib/thumb2/libc.a(lib_a-malloc.o)
                0x080196c4                free
                0x080196d4                malloc
 .text          0x080196e4      0x5a4 /home/laurence/CodeSourcery/Sourcery_G++_Lite/bin/../lib/gcc/arm-none-eabi/4.4.1/../../../../arm-none-eabi/lib/thumb2/libc.a(lib_a-mallocr.o)
                0x080196e4                _malloc_r
 .text          0x08019c88      0x190 /home/laurence/CodeSourcery/Sourcery_G++_Lite/bin/../lib/gcc/arm-none-eabi/4.4.1/../../../../arm-none-eabi/lib/thumb2/libc.a(lib_a-memcpy.o)
                0x08019c88                memcpy
 .text          0x08019e18       0xd4 /home/laurence/CodeSourcery/Sourcery_G++_Lite/bin/../lib/gcc/arm-none-eabi/4.4.1/../../../../arm-none-eabi/lib/thumb2/libc.a(lib_a-memset.o)
                0x08019e18                memset
 .text          0x08019eec        0x8 /home/laurence/CodeSourcery/Sourcery_G++_Lite/bin/../lib/gcc/arm-none-eabi/4.4.1/../../../../arm-none-eabi/lib/thumb2/libc.a(lib_a-mlock.o)
                0x08019eec                __malloc_lock
                0x08019ef0                __malloc_unlock
 *fill*         0x08019ef4        0x4 00
 .text          0x08019ef8      0x108 /home/laurence/CodeSourcery/Sourcery_G++_Lite/bin/../lib/gcc/arm-none-eabi/4.4.1/../../../../arm-none-eabi/lib/thumb2/libc.a(lib_a-rand.o)
                0x08019ef8                rand
                0x08019fa0                srand
 .text          0x0801a000       0x28 /home/laurence/CodeSourcery/Sourcery_G++_Lite/bin/../lib/gcc/arm-none-eabi/4.4.1/../../../../arm-none-eabi/lib/thumb2/libc.a(lib_a-sbrkr.o)
                0x0801a000                _sbrk_r
 .text          0x0801a028       0xbc /home/laurence/CodeSourcery/Sourcery_G++_Lite/bin/../lib/gcc/arm-none-eabi/4.4.1/../../../../arm-none-eabi/lib/thumb2/libc.a(lib_a-strcpy.o)
                0x0801a028                strcpy
 .text          0x0801a0e4      0x268 /home/laurence/CodeSourcery/Sourcery_G++_Lite/bin/../lib/gcc/arm-none-eabi/4.4.1/../../../../arm-none-eabi/lib/thumb2/libc.a(lib_a-freer.o)
                0x0801a0e4                _malloc_trim_r
                0x0801a18c                _free_r
 .text          0x0801a34c       0x30 /home/laurence/CodeSourcery/Sourcery_G++_Lite/bin/../lib/gcc/arm-none-eabi/4.4.1/../../../../arm-none-eabi/lib/thumb2/libcs3.a(start_c.o)
                0x0801a34c                __cs3_premain
 .text.cs3.init
                0x0801a37c       0x5c /home/laurence/CodeSourcery/Sourcery_G++_Lite/bin/../lib/gcc/arm-none-eabi/4.4.1/../../../../arm-none-eabi/lib/thumb2/libcs3.a(start_c.o)
                0x0801a37c                __cs3_start_c
 .text          0x0801a3d8       0x44 /home/laurence/CodeSourcery/Sourcery_G++_Lite/bin/../lib/gcc/arm-none-eabi/4.4.1/../../../../arm-none-eabi/lib/thumb2/libcs3unhosted.a(unhosted-sbrk.o)
                0x0801a3d8                _sbrk
 .text.cs3.init
                0x0801a41c       0x10 /home/laurence/CodeSourcery/Sourcery_G++_Lite/bin/../lib/gcc/arm-none-eabi/4.4.1/../../../../arm-none-eabi/lib/thumb2/libcs3unhosted.a(unhosted-start.o)
                0x0801a41c                _start
 .text          0x0801a42c        0x2 lib/libcs3-lanchon-stm32.a(lanchon_stm32_isr_interrupt.o)
                0x0801a42c                MemManageException
                0x0801a42c                BusFaultException
                0x0801a42c                DMAChannel7_IRQHandler
                0x0801a42c                DebugMonitor
                0x0801a42c                SVCHandler
                0x0801a42c                HardFaultException
                0x0801a42c                __STM32ReservedException8
                0x0801a42c                USB_HP_CAN_TX_IRQHandler
                0x0801a42c                __STM32DefaultExceptionHandler
                0x0801a42c                DMAChannel1_IRQHandler
                0x0801a42c                CAN_SCE_IRQHandler
                0x0801a42c                __STM32ReservedException10
                0x0801a42c                __STM32ReservedException13
                0x0801a42c                NMIException
                0x0801a42c                DMAChannel4_IRQHandler
                0x0801a42c                SysTickHandler
                0x0801a42c                PendSVC
                0x0801a42c                CAN_RX1_IRQHandler
                0x0801a42c                ADC_IRQHandler
                0x0801a42c                DMAChannel5_IRQHandler
                0x0801a42c                DMAChannel2_IRQHandler
                0x0801a42c                USB_LP_CAN_RX0_IRQHandler
                0x0801a42c                __STM32ReservedException7
                0x0801a42c                UsageFaultException
                0x0801a42c                DMAChannel6_IRQHandler
                0x0801a42c                DMAChannel3_IRQHandler
                0x0801a42c                __STM32ReservedException9
 *fill*         0x0801a42e        0x2 00
 .text          0x0801a430       0x50 /home/laurence/CodeSourcery/Sourcery_G++_Lite/bin/../lib/gcc/arm-none-eabi/4.4.1/../../../../arm-none-eabi/lib/thumb2/libc.a(lib_a-init.o)
                0x0801a430                __libc_init_array
 *(.plt)
 *(.gnu.warning)
 *(.glue_7t)
 .glue_7t       0x00000000        0x0 linker stubs
 *(.glue_7)
 .glue_7        0x00000000        0x0 linker stubs
 *(.vfp11_veneer)
 .vfp11_veneer  0x00000000        0x0 linker stubs
 *(.rodata .rodata.* .gnu.linkonce.r.*)
 .rodata        0x0801a480      0x888 Sensors/earth_field.o
 .rodata.str1.1
                0x0801ad08        0x9 Sensors/earth_field.o
 *fill*         0x0801ad11        0x3 00
 .rodata        0x0801ad14       0x9c Sensors/sensorcal.o
                0x0801ad14                Acc_Cal_Dat
                0x0801ad48                Mag_Cal_Dat
                0x0801ad7c                Gyr_Cal_Dat
 .rodata        0x0801adb0       0xc4 Sensors/ubx.o
 .rodata.str1.1
                0x0801ae74      0x13b Sensors/ubx.o
 .rodata.str1.1
                0x0801afaf        0xf Util/Fatfs/ff.o
 *fill*         0x0801afbe        0x2 00
 .rodata        0x0801afc0        0xc Util/Fatfs/rtc.o
 *fill*         0x0801afcc        0x4 00
 .rodata        0x0801afd0      0x1d8 Util/RF22/RF22.o
                0x0801afd0                _ZTV4RF22
 .rodata._ZTV12RF22Datagram
                0x0801b1a8       0x10 Util/RF22/RF22Datagram.o
                0x0801b1a8                _ZTV12RF22Datagram
 .rodata        0x0801b1b8       0x20 Util/RF22/RF22Mesh.o
                0x0801b1b8                _ZTV8RF22Mesh
 .rodata._ZTV20RF22ReliableDatagram
                0x0801b1d8       0x10 Util/RF22/RF22ReliableDatagram.o
                0x0801b1d8                _ZTV20RF22ReliableDatagram
 .rodata        0x0801b1e8       0x18 Util/RF22/RF22Router.o
                0x0801b1e8                _ZTV10RF22Router
 .rodata        0x0801b200      0x100 Util/crc.o
 .rodata        0x0801b300       0x14 Util/rprintf.o
 .rodata.str1.1
                0x0801b314        0x6 Util/rprintf.o
 *fill*         0x0801b31a        0x2 00
 .rodata        0x0801b31c       0x44 Util/uavtalk.o
                0x0801b31c                UAVtalk_objects
                0x0801b33c                UAVtalk_lenghts
                0x0801b344                UAVtalk_stream_objs
                0x0801b34c                UAVtalk_stream_types
                0x0801b354                UAVtalk_stream_timeouts
 .rodata        0x0801b360       0x20 i2c_int.o
                0x0801b360                Magno_config
                0x0801b364                Magno_single
                0x0801b368                Bmp_temperature
                0x0801b36c                Bmp_pressure
                0x0801b370                Accel_config
                0x0801b374                Gyro_config
                0x0801b378                Gyro_clk_config
                0x0801b37c                Pitot_conv
 .rodata        0x0801b380       0x14 lib/CMSIS_CM3/system_stm32f10x.o
                0x0801b380                SystemFrequency
                0x0801b384                SystemFrequency_SysClk
                0x0801b388                SystemFrequency_AHBClk
                0x0801b38c                SystemFrequency_APB1Clk
                0x0801b390                SystemFrequency_APB2Clk
 .rodata.str1.1
                0x0801b394      0x374 main.o
 .rodata.str1.4
                0x0801b708        0x5 /home/laurence/CodeSourcery/Sourcery_G++_Lite/bin/../lib/gcc/arm-none-eabi/4.4.1/../../../../arm-none-eabi/lib/thumb2/libm.a(lib_a-w_asin.o)
                                  0xc (size before relaxing)
 *fill*         0x0801b70d        0x3 00
 .rodata.str1.4
                0x0801b710        0x4 /home/laurence/CodeSourcery/Sourcery_G++_Lite/bin/../lib/gcc/arm-none-eabi/4.4.1/../../../../arm-none-eabi/lib/thumb2/libm.a(lib_a-w_pow.o)
 .rodata.str1.4
                0x0801b714        0x5 /home/laurence/CodeSourcery/Sourcery_G++_Lite/bin/../lib/gcc/arm-none-eabi/4.4.1/../../../../arm-none-eabi/lib/thumb2/libm.a(lib_a-w_sqrt.o)
                                  0x8 (size before relaxing)
 *fill*         0x0801b719        0x3 00
 .rodata.str1.4
                0x0801b71c        0x6 /home/laurence/CodeSourcery/Sourcery_G++_Lite/bin/../lib/gcc/arm-none-eabi/4.4.1/../../../../arm-none-eabi/lib/thumb2/libm.a(lib_a-wf_asin.o)
                                  0xc (size before relaxing)
 *fill*         0x0801b722        0x6 00
 .rodata        0x0801b728       0x30 /home/laurence/CodeSourcery/Sourcery_G++_Lite/bin/../lib/gcc/arm-none-eabi/4.4.1/../../../../arm-none-eabi/lib/thumb2/libm.a(lib_a-e_pow.o)
 .rodata.str1.4
                0x00000000        0x4 /home/laurence/CodeSourcery/Sourcery_G++_Lite/bin/../lib/gcc/arm-none-eabi/4.4.1/../../../../arm-none-eabi/lib/thumb2/libm.a(lib_a-e_pow.o)
 .rodata        0x0801b758      0x188 /home/laurence/CodeSourcery/Sourcery_G++_Lite/bin/../lib/gcc/arm-none-eabi/4.4.1/../../../../arm-none-eabi/lib/thumb2/libm.a(lib_a-e_rem_pio2.o)
 .rodata        0x0801b8e0       0x50 /home/laurence/CodeSourcery/Sourcery_G++_Lite/bin/../lib/gcc/arm-none-eabi/4.4.1/../../../../arm-none-eabi/lib/thumb2/libm.a(lib_a-k_rem_pio2.o)
 .rodata        0x0801b930       0x40 /home/laurence/CodeSourcery/Sourcery_G++_Lite/bin/../lib/gcc/arm-none-eabi/4.4.1/../../../../arm-none-eabi/lib/thumb2/libm.a(lib_a-s_atan.o)
 .rodata        0x0801b970       0x10 /home/laurence/CodeSourcery/Sourcery_G++_Lite/bin/../lib/gcc/arm-none-eabi/4.4.1/../../../../arm-none-eabi/lib/thumb2/libm.a(lib_a-s_rint.o)
 .rodata        0x0801b980       0x20 /home/laurence/CodeSourcery/Sourcery_G++_Lite/bin/../lib/gcc/arm-none-eabi/4.4.1/../../../../arm-none-eabi/lib/thumb2/libm.a(lib_a-sf_atan.o)
 .rodata.str1.4
                0x0801b9a0        0x4 /home/laurence/CodeSourcery/Sourcery_G++_Lite/bin/../lib/gcc/arm-none-eabi/4.4.1/../../../../arm-none-eabi/lib/thumb2/libc.a(lib_a-impure.o)
 *(.ARM.extab* .gnu.linkonce.armextab.*)
 *(.gcc_except_table)
 *(.eh_frame_hdr)
 *(.eh_frame)
                0x0801b9a4                . = ALIGN (0x4)
 *(.init)
 .init          0x0801b9a4        0x4 /home/laurence/CodeSourcery/Sourcery_G++_Lite/bin/../lib/gcc/arm-none-eabi/4.4.1/thumb2/crti.o
                0x0801b9a4                _init
 .init          0x0801b9a8        0x8 /home/laurence/CodeSourcery/Sourcery_G++_Lite/bin/../lib/gcc/arm-none-eabi/4.4.1/thumb2/crtn.o
                0x0801b9b0                . = ALIGN (0x4)
                0x0801b9b0                __preinit_array_start = .
 *(.preinit_array)
                0x0801b9b0                __preinit_array_end = .
                0x0801b9b0                . = ALIGN (0x4)
                0x0801b9b0                __init_array_start = .
 *(SORT(.init_array.*))
 *(.init_array)
 .init_array    0x0801b9b0        0x4 /home/laurence/CodeSourcery/Sourcery_G++_Lite/bin/../lib/gcc/arm-none-eabi/4.4.1/thumb2/crtbegin.o
 .init_array    0x0801b9b4        0x4 Util/RF22/ctocpp.o
                0x0801b9b8                __init_array_end = .
                0x0801b9b8                . = ALIGN (0x4)
 *crtbegin.o(.ctors)
 *(EXCLUDE_FILE(*crtend.o) .ctors)
 *(SORT(.ctors.*))
 *crtend.o(.ctors)
                0x0801b9b8                . = ALIGN (0x4)
 *(.fini)
 .fini          0x0801b9b8        0x4 /home/laurence/CodeSourcery/Sourcery_G++_Lite/bin/../lib/gcc/arm-none-eabi/4.4.1/thumb2/crti.o
                0x0801b9b8                _fini
 .fini          0x0801b9bc        0x8 /home/laurence/CodeSourcery/Sourcery_G++_Lite/bin/../lib/gcc/arm-none-eabi/4.4.1/thumb2/crtn.o
                0x0801b9c4                . = ALIGN (0x4)
                0x0801b9c4                __fini_array_start = .
 *(.fini_array)
 .fini_array    0x0801b9c4        0x4 /home/laurence/CodeSourcery/Sourcery_G++_Lite/bin/../lib/gcc/arm-none-eabi/4.4.1/thumb2/crtbegin.o
 *(SORT(.fini_array.*))
                0x0801b9c8                __fini_array_end = .
 *crtbegin.o(.dtors)
 *(EXCLUDE_FILE(*crtend.o) .dtors)
 *(SORT(.dtors.*))
 *crtend.o(.dtors)
                0x0801b9c8                . = ALIGN (0x4)
                0x0801b9c8                __cs3_regions = .
                0x0801b9c8        0x4 LONG 0x0
                0x0801b9cc        0x4 LONG 0x801b9e8 __cs3_region_init_ram
                0x0801b9d0        0x4 LONG 0x20000000 __cs3_region_start_ram
                0x0801b9d4        0x4 LONG 0x680 __cs3_region_init_size_ram
                0x0801b9d8        0x4 LONG 0x1b10 __cs3_region_zero_size_ram
                0x0801b9dc                __exidx_start = .

.v4_bx          0x0801b9dc        0x0
 .v4_bx         0x00000000        0x0 linker stubs

.ARM.exidx      0x0801b9dc        0x8
 *(.ARM.exidx* .gnu.linkonce.armexidx.*)
 .ARM.exidx     0x0801b9dc        0x8 /home/laurence/CodeSourcery/Sourcery_G++_Lite/bin/../lib/gcc/arm-none-eabi/4.4.1/thumb2/libgcc.a(_divdi3.o)
 .ARM.exidx     0x0801b9e4        0x0 /home/laurence/CodeSourcery/Sourcery_G++_Lite/bin/../lib/gcc/arm-none-eabi/4.4.1/thumb2/libgcc.a(_udivdi3.o)
                                  0x8 (size before relaxing)
                0x0801b9e4                __exidx_end = .

.text.align     0x0801b9e4        0x4
                0x0801b9e8                . = ALIGN (0x8)
 *fill*         0x0801b9e4        0x4 00
                0x0801b9e8                _etext = .
                0x08020000                __cs3_region_end_rom = (__cs3_region_start_rom + 0x20000)
                0x00020000                __cs3_region_size_rom = 0x20000
                0x00000001                __cs3_region_num = 0x1

.data           0x20000000      0x680 load address 0x0801b9e8
                0x20000000                __cs3_region_start_ram = .
 *(.cs3.region-head.ram)
 *(.jcr)
 .jcr           0x20000000        0x0 /home/laurence/CodeSourcery/Sourcery_G++_Lite/bin/../lib/gcc/arm-none-eabi/4.4.1/thumb2/crtbegin.o
 .jcr           0x20000000        0x4 /home/laurence/CodeSourcery/Sourcery_G++_Lite/bin/../lib/gcc/arm-none-eabi/4.4.1/thumb2/crtend.o
 *(.got.plt)
 *(.got)
 *(.shdata)
 *(.data .data.* .gnu.linkonce.d.*)
 .data          0x20000004        0x1 Util/Fatfs/sd_spi_stm32.o
 *fill*         0x20000005        0x3 00
 .data          0x20000008       0x28 Util/uavtalk.o
                0x20000008                UAVtalk_conf
 .data          0x20000030       0x78 i2c_int.o
                0x20000030                I2C_jobs
 .data          0x200000a8        0x4 Control/ekf.o
                0x200000a8                Ge
 .data          0x200000ac       0xb0 Control/imu.o
 .data          0x2000015c       0x14 lib/STM32F10x_StdPeriph_Driver/libstm32fw.a(stm32f10x_rcc.o)
 .data          0x20000170        0x1 /home/laurence/CodeSourcery/Sourcery_G++_Lite/bin/../lib/gcc/arm-none-eabi/4.4.1/../../../../arm-none-eabi/lib/thumb2/libm.a(lib_a-s_lib_ver.o)
                0x20000170                __fdlib_version
 *fill*         0x20000171        0x3 00
 .data          0x20000174       0xf4 /home/laurence/CodeSourcery/Sourcery_G++_Lite/bin/../lib/gcc/arm-none-eabi/4.4.1/../../../../arm-none-eabi/lib/thumb2/libc.a(lib_a-impure.o)
                0x20000174                _impure_ptr
 .data          0x20000268      0x410 /home/laurence/CodeSourcery/Sourcery_G++_Lite/bin/../lib/gcc/arm-none-eabi/4.4.1/../../../../arm-none-eabi/lib/thumb2/libc.a(lib_a-mallocr.o)
                0x20000268                __malloc_av_
                0x20000670                __malloc_sbrk_base
                0x20000674                __malloc_trim_threshold
 .data          0x20000678        0x4 /home/laurence/CodeSourcery/Sourcery_G++_Lite/bin/../lib/gcc/arm-none-eabi/4.4.1/../../../../arm-none-eabi/lib/thumb2/libcs3unhosted.a(unhosted-sbrk.o)
 .data          0x2000067c        0x4 /home/laurence/CodeSourcery/Sourcery_G++_Lite/bin/../lib/gcc/arm-none-eabi/4.4.1/../../../../arm-none-eabi/lib/thumb2/libcs3.a(heap.o)
                0x2000067c                __cs3_heap_limit
 *(.ram)
                0x20000680                . = ALIGN (0x8)
                0x20000680                _edata = .

.bss            0x20000680     0x1b10 load address 0x0801c068
 *(.shbss)
 *(.bss .bss.* .gnu.linkonce.b.*)
 .bss           0x20000680        0x1 /home/laurence/CodeSourcery/Sourcery_G++_Lite/bin/../lib/gcc/arm-none-eabi/4.4.1/thumb2/crtbegin.o
 *fill*         0x20000681        0x3 00
 .bss           0x20000684       0x24 Sensors/accel_down.o
                0x200006a0                Accel_Data_Buffer
 .bss           0x200006a8       0x28 Sensors/bmp085.o
                0x200006a8                Sea_Level_Pressure
                0x200006ac                Our_Sensorcal
                0x200006c4                Bmp_temp
                0x200006c8                Bmp_Temp_Buffer
                0x200006cc                Bmp_Press_Buffer
 .bss           0x200006d0        0xc Sensors/earth_field.o
 .bss           0x200006dc        0x4 Sensors/pitot.o
                0x200006dc                Pitot_Pressure
 .bss           0x200006e0        0xa Sensors/ubx.o
 *fill*         0x200006ea        0x2 00
 .bss           0x200006ec        0x8 Util/Fatfs/ff.o
 .bss           0x200006f4       0x10 Util/Fatfs/sd_spi_stm32.o
 .bss           0x20000704        0x8 Util/RF22/RF22.o
                0x20000704                _ZN4RF2217_RF22ForInterruptE
 .bss           0x2000070c       0x3c Util/RF22/RF22Mesh.o
                0x2000070c                _ZN8RF22Mesh11_tmpMessageE
 .bss           0x20000748       0x40 Util/RF22/RF22Router.o
                0x20000748                _ZN10RF22Router11_tmpMessageE
 .bss           0x20000788      0x180 Util/RF22/ctocpp.o
                0x20000788                rf22
 .bss           0x20000908       0x84 Util/rprintf.o
 .bss           0x2000098c       0x44 Util/uavtalk.o
                0x20000998                UAVtalk_semaphores
                0x200009a0                UAVtalk_pointers
                0x200009c0                UAVtalk_stream_timers
 .bss           0x200009d0       0x10 i2c_int.o
                0x200009d0                Jobs
                0x200009d4                I2C1error
                0x200009d6                job
                0x200009dc                Completed_Jobs
 .bss           0x200009e0        0xc interrupts.o
 .bss           0x200009ec      0x9cc main.o
                0x200009ec                Gps_Buffer
                0x20000af4                Millis
                0x20000af8                Gps
                0x20000b2c                Home_Position
                0x20000b7c                Long_To_Meters_Home
                0x20000db0                f_err_code
                0x20000db1                Spi_Locked
                0x20000db4                FATFS_logfile
                0x20000fd8                Kalman_Enabled
                0x20000fdc                Si4432_buff
                0x200010e4                UAVtalk_Attitude_Array
                0x20001100                Nav_Global
                0x20001134                UAVtalk_Altitude_Array
                0x20001140                Waypoint_Global
                0x2000114c                uavtalk_usart_port
                0x200011e0                Usart1tx
                0x200012e8                Nav_Flag
                0x200012e9                New_Waypoint_Flagged
                0x200012ec                uavtalk_si4432_port
                0x20001380                Ground_Flag
                0x20001384                Balt
                0x20001388                GCS_Telem
                0x200013a0                Flight_Telem
 .bss           0x200013b8       0x1c pwm.o
                0x200013b8                TIM_TimeBaseStructure
                0x200013c4                TIM_OCInitStructure
 .bss           0x200013d4      0x104 usart.o
                0x200013d4                Usart1_rx_buff
 .bss           0x200014d8      0xbf8 Control/ekf.o
                0x200014d8                Be
                0x200014e4                P
                0x20001788                X
                0x200017bc                Q
                0x200017e0                R
                0x20001808                F
                0x20001aac                G
                0x20001c80                K
                0x20001e88                H
                0x20002090                Nav
                0x200020c4                zeros
 .bss           0x200020d0       0x84 Control/imu.o
                0x200020d0                Accel_Access_Flag
                0x200020e0                Gyro_Data_Buffer
                0x20002128                Magno_Data_Buffer
                0x2000214c                Accel_Data_Vector
 .bss           0x20002154       0x34 /home/laurence/CodeSourcery/Sourcery_G++_Lite/bin/../lib/gcc/arm-none-eabi/4.4.1/../../../../arm-none-eabi/lib/thumb2/libc.a(lib_a-mallocr.o)
                0x20002154                __malloc_top_pad
                0x20002158                __malloc_current_mallinfo
                0x20002180                __malloc_max_sbrked_mem
                0x20002184                __malloc_max_total_mem
 *(COMMON)
 COMMON         0x20002188        0x4 /home/laurence/CodeSourcery/Sourcery_G++_Lite/bin/../lib/gcc/arm-none-eabi/4.4.1/../../../../arm-none-eabi/lib/thumb2/libc.a(lib_a-reent.o)
                0x20002188                errno
 *(.ram.b)
                0x20002190                . = ALIGN (0x8)
 *fill*         0x2000218c        0x4 00
                0x20002190                _end = .
                0x20002190                __end = .
                0x20005000                __cs3_region_end_ram = (__cs3_region_start_ram + 0x5000)
                0x00005000                __cs3_region_size_ram = 0x5000
                0x0801b9e8                __cs3_region_init_ram = LOADADDR (.data)
                0x00000680                __cs3_region_init_size_ram = (_edata - ADDR (.data))
                0x00001b10                __cs3_region_zero_size_ram = (_end - _edata)
                0x00000001                __cs3_region_num = 0x1

.stab
 *(.stab)

.stabstr
 *(.stabstr)

.debug
 *(.debug)

.line
 *(.line)

.debug_srcinfo
 *(.debug_srcinfo)

.debug_sfnames
 *(.debug_sfnames)

.debug_aranges
 *(.debug_aranges)

.debug_pubnames
 *(.debug_pubnames)

.debug_info
 *(.debug_info .gnu.linkonce.wi.*)

.debug_abbrev
 *(.debug_abbrev)

.debug_line
 *(.debug_line)

.comment        0x00000000      0x891
 .comment       0x00000000       0x2b Sensors/accel_down.o
 .comment       0x0000002b       0x2b Sensors/bmp085.o
 .comment       0x00000056       0x2b Sensors/earth_field.o
 .comment       0x00000081       0x2b Sensors/pitot.o
 .comment       0x000000ac       0x2b Sensors/sensorcal.o
 .comment       0x000000d7       0x2b Sensors/ubx.o
 .comment       0x00000102       0x2b Util/Fatfs/fattime.o
 .comment       0x0000012d       0x2b Util/Fatfs/ff.o
 .comment       0x00000158       0x2b Util/Fatfs/rtc.o
 .comment       0x00000183       0x2b Util/Fatfs/sd_spi_stm32.o
 .comment       0x000001ae       0x2b Util/RF22/RF22.o
 .comment       0x000001d9       0x2b Util/RF22/RF22Datagram.o
 .comment       0x00000204       0x2b Util/RF22/RF22Mesh.o
 .comment       0x0000022f       0x2b Util/RF22/RF22ReliableDatagram.o
 .comment       0x0000025a       0x2b Util/RF22/RF22Router.o
 .comment       0x00000285       0x2b Util/RF22/ctocpp.o
 .comment       0x000002b0       0x2b Util/atmospherics.o
 .comment       0x000002db       0x2b Util/coords.o
 .comment       0x00000306       0x2b Util/crc.o
 .comment       0x00000331       0x2b Util/delay.o
 .comment       0x0000035c       0x2b Util/gravity.o
 .comment       0x00000387       0x2b Util/rprintf.o
 .comment       0x000003b2       0x2b Util/time.o
 .comment       0x000003dd       0x2b Util/uavtalk.o
 .comment       0x00000408       0x2b dma.o
 .comment       0x00000433       0x2b gpio.o
 .comment       0x0000045e       0x2b i2c_int.o
 .comment       0x00000489       0x2b interrupts.o
 .comment       0x000004b4       0x2b lib/CMSIS_CM3/core_cm3.o
 .comment       0x000004df       0x2b lib/CMSIS_CM3/system_stm32f10x.o
 .comment       0x0000050a       0x2b main.o
 .comment       0x00000535       0x2b pwm.o
 .comment       0x00000560       0x2b usart.o
 .comment       0x0000058b       0x2b watchdog.o
 .comment       0x000005b6       0x2b Control/ekf.o
 .comment       0x000005e1       0x2b Control/imu.o
 .comment       0x0000060c       0x2b Control/loops.o
 .comment       0x00000637       0x2b Control/servos.o
 .comment       0x00000662       0x2b lib/STM32F10x_StdPeriph_Driver/libstm32fw.a(misc.o)
 .comment       0x0000068d       0x2b lib/STM32F10x_StdPeriph_Driver/libstm32fw.a(stm32f10x_bkp.o)
 .comment       0x000006b8       0x2b lib/STM32F10x_StdPeriph_Driver/libstm32fw.a(stm32f10x_dma.o)
 .comment       0x000006e3       0x2b lib/STM32F10x_StdPeriph_Driver/libstm32fw.a(stm32f10x_exti.o)
 .comment       0x0000070e       0x2b lib/STM32F10x_StdPeriph_Driver/libstm32fw.a(stm32f10x_gpio.o)
 .comment       0x00000739       0x2b lib/STM32F10x_StdPeriph_Driver/libstm32fw.a(stm32f10x_i2c.o)
 .comment       0x00000764       0x2b lib/STM32F10x_StdPeriph_Driver/libstm32fw.a(stm32f10x_iwdg.o)
 .comment       0x0000078f       0x2b lib/STM32F10x_StdPeriph_Driver/libstm32fw.a(stm32f10x_pwr.o)
 .comment       0x000007ba       0x2b lib/STM32F10x_StdPeriph_Driver/libstm32fw.a(stm32f10x_rcc.o)
 .comment       0x000007e5       0x2b lib/STM32F10x_StdPeriph_Driver/libstm32fw.a(stm32f10x_rtc.o)
 .comment       0x00000810       0x2b lib/STM32F10x_StdPeriph_Driver/libstm32fw.a(stm32f10x_spi.o)
 .comment       0x0000083b       0x2b lib/STM32F10x_StdPeriph_Driver/libstm32fw.a(stm32f10x_tim.o)
 .comment       0x00000866       0x2b lib/STM32F10x_StdPeriph_Driver/libstm32fw.a(stm32f10x_usart.o)

.debug_frame    0x00000000      0xa4c
 *(.debug_frame)
 .debug_frame   0x00000000       0x34 /home/laurence/CodeSourcery/Sourcery_G++_Lite/bin/../lib/gcc/arm-none-eabi/4.4.1/../../../../arm-none-eabi/lib/thumb2/libm.a(lib_a-s_cos.o)
 .debug_frame   0x00000034       0x34 /home/laurence/CodeSourcery/Sourcery_G++_Lite/bin/../lib/gcc/arm-none-eabi/4.4.1/../../../../arm-none-eabi/lib/thumb2/libm.a(lib_a-s_floor.o)
 .debug_frame   0x00000068       0x34 /home/laurence/CodeSourcery/Sourcery_G++_Lite/bin/../lib/gcc/arm-none-eabi/4.4.1/../../../../arm-none-eabi/lib/thumb2/libm.a(lib_a-s_sin.o)
 .debug_frame   0x0000009c       0x38 /home/laurence/CodeSourcery/Sourcery_G++_Lite/bin/../lib/gcc/arm-none-eabi/4.4.1/../../../../arm-none-eabi/lib/thumb2/libm.a(lib_a-w_asin.o)
 .debug_frame   0x000000d4       0x20 /home/laurence/CodeSourcery/Sourcery_G++_Lite/bin/../lib/gcc/arm-none-eabi/4.4.1/../../../../arm-none-eabi/lib/thumb2/libm.a(lib_a-w_atan2.o)
 .debug_frame   0x000000f4       0x3c /home/laurence/CodeSourcery/Sourcery_G++_Lite/bin/../lib/gcc/arm-none-eabi/4.4.1/../../../../arm-none-eabi/lib/thumb2/libm.a(lib_a-w_pow.o)
 .debug_frame   0x00000130       0x3c /home/laurence/CodeSourcery/Sourcery_G++_Lite/bin/../lib/gcc/arm-none-eabi/4.4.1/../../../../arm-none-eabi/lib/thumb2/libm.a(lib_a-w_sqrt.o)
 .debug_frame   0x0000016c       0x34 /home/laurence/CodeSourcery/Sourcery_G++_Lite/bin/../lib/gcc/arm-none-eabi/4.4.1/../../../../arm-none-eabi/lib/thumb2/libm.a(lib_a-wf_asin.o)
 .debug_frame   0x000001a0       0x20 /home/laurence/CodeSourcery/Sourcery_G++_Lite/bin/../lib/gcc/arm-none-eabi/4.4.1/../../../../arm-none-eabi/lib/thumb2/libm.a(lib_a-wf_atan2.o)
 .debug_frame   0x000001c0       0x3c /home/laurence/CodeSourcery/Sourcery_G++_Lite/bin/../lib/gcc/arm-none-eabi/4.4.1/../../../../arm-none-eabi/lib/thumb2/libm.a(lib_a-e_asin.o)
 .debug_frame   0x000001fc       0x3c /home/laurence/CodeSourcery/Sourcery_G++_Lite/bin/../lib/gcc/arm-none-eabi/4.4.1/../../../../arm-none-eabi/lib/thumb2/libm.a(lib_a-e_atan2.o)
 .debug_frame   0x00000238       0x3c /home/laurence/CodeSourcery/Sourcery_G++_Lite/bin/../lib/gcc/arm-none-eabi/4.4.1/../../../../arm-none-eabi/lib/thumb2/libm.a(lib_a-e_pow.o)
 .debug_frame   0x00000274       0x3c /home/laurence/CodeSourcery/Sourcery_G++_Lite/bin/../lib/gcc/arm-none-eabi/4.4.1/../../../../arm-none-eabi/lib/thumb2/libm.a(lib_a-e_rem_pio2.o)
 .debug_frame   0x000002b0       0x34 /home/laurence/CodeSourcery/Sourcery_G++_Lite/bin/../lib/gcc/arm-none-eabi/4.4.1/../../../../arm-none-eabi/lib/thumb2/libm.a(lib_a-e_sqrt.o)
 .debug_frame   0x000002e4       0x34 /home/laurence/CodeSourcery/Sourcery_G++_Lite/bin/../lib/gcc/arm-none-eabi/4.4.1/../../../../arm-none-eabi/lib/thumb2/libm.a(lib_a-ef_asin.o)
 .debug_frame   0x00000318       0x2c /home/laurence/CodeSourcery/Sourcery_G++_Lite/bin/../lib/gcc/arm-none-eabi/4.4.1/../../../../arm-none-eabi/lib/thumb2/libm.a(lib_a-ef_atan2.o)
 .debug_frame   0x00000344       0x2c /home/laurence/CodeSourcery/Sourcery_G++_Lite/bin/../lib/gcc/arm-none-eabi/4.4.1/../../../../arm-none-eabi/lib/thumb2/libm.a(lib_a-ef_sqrt.o)
 .debug_frame   0x00000370       0x3c /home/laurence/CodeSourcery/Sourcery_G++_Lite/bin/../lib/gcc/arm-none-eabi/4.4.1/../../../../arm-none-eabi/lib/thumb2/libm.a(lib_a-k_cos.o)
 .debug_frame   0x000003ac       0x3c /home/laurence/CodeSourcery/Sourcery_G++_Lite/bin/../lib/gcc/arm-none-eabi/4.4.1/../../../../arm-none-eabi/lib/thumb2/libm.a(lib_a-k_rem_pio2.o)
 .debug_frame   0x000003e8       0x3c /home/laurence/CodeSourcery/Sourcery_G++_Lite/bin/../lib/gcc/arm-none-eabi/4.4.1/../../../../arm-none-eabi/lib/thumb2/libm.a(lib_a-k_sin.o)
 .debug_frame   0x00000424       0x38 /home/laurence/CodeSourcery/Sourcery_G++_Lite/bin/../lib/gcc/arm-none-eabi/4.4.1/../../../../arm-none-eabi/lib/thumb2/libm.a(lib_a-s_atan.o)
 .debug_frame   0x0000045c       0x20 /home/laurence/CodeSourcery/Sourcery_G++_Lite/bin/../lib/gcc/arm-none-eabi/4.4.1/../../../../arm-none-eabi/lib/thumb2/libm.a(lib_a-s_fabs.o)
 .debug_frame   0x0000047c       0x20 /home/laurence/CodeSourcery/Sourcery_G++_Lite/bin/../lib/gcc/arm-none-eabi/4.4.1/../../../../arm-none-eabi/lib/thumb2/libm.a(lib_a-s_finite.o)
 .debug_frame   0x0000049c       0x20 /home/laurence/CodeSourcery/Sourcery_G++_Lite/bin/../lib/gcc/arm-none-eabi/4.4.1/../../../../arm-none-eabi/lib/thumb2/libm.a(lib_a-s_isnand.o)
 .debug_frame   0x000004bc       0x20 /home/laurence/CodeSourcery/Sourcery_G++_Lite/bin/../lib/gcc/arm-none-eabi/4.4.1/../../../../arm-none-eabi/lib/thumb2/libm.a(lib_a-s_matherr.o)
 .debug_frame   0x000004dc       0x20 /home/laurence/CodeSourcery/Sourcery_G++_Lite/bin/../lib/gcc/arm-none-eabi/4.4.1/../../../../arm-none-eabi/lib/thumb2/libm.a(lib_a-s_nan.o)
 .debug_frame   0x000004fc       0x38 /home/laurence/CodeSourcery/Sourcery_G++_Lite/bin/../lib/gcc/arm-none-eabi/4.4.1/../../../../arm-none-eabi/lib/thumb2/libm.a(lib_a-s_rint.o)
 .debug_frame   0x00000534       0x30 /home/laurence/CodeSourcery/Sourcery_G++_Lite/bin/../lib/gcc/arm-none-eabi/4.4.1/../../../../arm-none-eabi/lib/thumb2/libm.a(lib_a-s_scalbn.o)
 .debug_frame   0x00000564       0x30 /home/laurence/CodeSourcery/Sourcery_G++_Lite/bin/../lib/gcc/arm-none-eabi/4.4.1/../../../../arm-none-eabi/lib/thumb2/libm.a(lib_a-sf_atan.o)
 .debug_frame   0x00000594       0x20 /home/laurence/CodeSourcery/Sourcery_G++_Lite/bin/../lib/gcc/arm-none-eabi/4.4.1/../../../../arm-none-eabi/lib/thumb2/libm.a(lib_a-sf_fabs.o)
 .debug_frame   0x000005b4       0x20 /home/laurence/CodeSourcery/Sourcery_G++_Lite/bin/../lib/gcc/arm-none-eabi/4.4.1/../../../../arm-none-eabi/lib/thumb2/libm.a(lib_a-sf_isnan.o)
 .debug_frame   0x000005d4       0x28 /home/laurence/CodeSourcery/Sourcery_G++_Lite/bin/../lib/gcc/arm-none-eabi/4.4.1/../../../../arm-none-eabi/lib/thumb2/libm.a(lib_a-s_copysign.o)
 .debug_frame   0x000005fc       0x20 /home/laurence/CodeSourcery/Sourcery_G++_Lite/bin/../lib/gcc/arm-none-eabi/4.4.1/thumb2/libgcc.a(_divsi3.o)
 .debug_frame   0x0000061c       0x28 /home/laurence/CodeSourcery/Sourcery_G++_Lite/bin/../lib/gcc/arm-none-eabi/4.4.1/thumb2/libgcc.a(_fixsfdi.o)
 .debug_frame   0x00000644       0x2c /home/laurence/CodeSourcery/Sourcery_G++_Lite/bin/../lib/gcc/arm-none-eabi/4.4.1/thumb2/libgcc.a(_fixunssfdi.o)
 .debug_frame   0x00000670       0x50 /home/laurence/CodeSourcery/Sourcery_G++_Lite/bin/../lib/gcc/arm-none-eabi/4.4.1/thumb2/libgcc.a(bpabi.o)
 .debug_frame   0x000006c0       0x3c /home/laurence/CodeSourcery/Sourcery_G++_Lite/bin/../lib/gcc/arm-none-eabi/4.4.1/thumb2/libgcc.a(_divdi3.o)
 .debug_frame   0x000006fc       0x3c /home/laurence/CodeSourcery/Sourcery_G++_Lite/bin/../lib/gcc/arm-none-eabi/4.4.1/thumb2/libgcc.a(_udivdi3.o)
 .debug_frame   0x00000738       0x20 /home/laurence/CodeSourcery/Sourcery_G++_Lite/bin/../lib/gcc/arm-none-eabi/4.4.1/thumb2/libgcc.a(_udivsi3.o)
 .debug_frame   0x00000758       0x20 /home/laurence/CodeSourcery/Sourcery_G++_Lite/bin/../lib/gcc/arm-none-eabi/4.4.1/../../../../arm-none-eabi/lib/thumb2/libc.a(lib_a-errno.o)
 .debug_frame   0x00000778       0x30 /home/laurence/CodeSourcery/Sourcery_G++_Lite/bin/../lib/gcc/arm-none-eabi/4.4.1/../../../../arm-none-eabi/lib/thumb2/libc.a(lib_a-malloc.o)