Archive member included because of file (symbol)

lib/STM32F10x_StdPeriph_Driver/libstm32fw.a(misc.o)
                              interrupts.o (NVIC_PriorityGroupConfig)
lib/STM32F10x_StdPeriph_Driver/libstm32fw.a(stm32f10x_bkp.o)
                              Util/Fatfs/rtc.o (BKP_WriteBackupRegister)
lib/STM32F10x_StdPeriph_Driver/libstm32fw.a(stm32f10x_dma.o)
                              dma.o (DMA_DeInit)
lib/STM32F10x_StdPeriph_Driver/libstm32fw.a(stm32f10x_exti.o)
                              interrupts.o (EXTI_Init)
lib/STM32F10x_StdPeriph_Driver/libstm32fw.a(stm32f10x_gpio.o)
                              Util/Fatfs/sd_spi_stm32.o (GPIO_Init)
lib/STM32F10x_StdPeriph_Driver/libstm32fw.a(stm32f10x_i2c.o)
                              i2c_int.o (I2C_Cmd)
lib/STM32F10x_StdPeriph_Driver/libstm32fw.a(stm32f10x_iwdg.o)
                              watchdog.o (IWDG_WriteAccessCmd)
lib/STM32F10x_StdPeriph_Driver/libstm32fw.a(stm32f10x_pwr.o)
                              Util/Fatfs/rtc.o (PWR_BackupAccessCmd)
lib/STM32F10x_StdPeriph_Driver/libstm32fw.a(stm32f10x_rcc.o)
                              Util/Fatfs/rtc.o (RCC_LSEConfig)
lib/STM32F10x_StdPeriph_Driver/libstm32fw.a(stm32f10x_rtc.o)
                              Util/Fatfs/rtc.o (RTC_GetCounter)
lib/STM32F10x_StdPeriph_Driver/libstm32fw.a(stm32f10x_spi.o)
                              Util/Fatfs/sd_spi_stm32.o (SPI_Init)
lib/STM32F10x_StdPeriph_Driver/libstm32fw.a(stm32f10x_tim.o)
                              pwm.o (TIM_TimeBaseInit)
lib/STM32F10x_StdPeriph_Driver/libstm32fw.a(stm32f10x_usart.o)
                              usart.o (USART_Cmd)
/home/laurence/CodeSourcery/Sourcery_G++_Lite/bin/../lib/gcc/arm-none-eabi/4.4.1/../../../../arm-none-eabi/lib/thumb2/libm.a(lib_a-s_cos.o)
                              Sensors/earth_field.o (cos)
/home/laurence/CodeSourcery/Sourcery_G++_Lite/bin/../lib/gcc/arm-none-eabi/4.4.1/../../../../arm-none-eabi/lib/thumb2/libm.a(lib_a-s_floor.o)
                              Util/RF22/RF22.o (floor)
/home/laurence/CodeSourcery/Sourcery_G++_Lite/bin/../lib/gcc/arm-none-eabi/4.4.1/../../../../arm-none-eabi/lib/thumb2/libm.a(lib_a-s_sin.o)
                              Sensors/earth_field.o (sin)
/home/laurence/CodeSourcery/Sourcery_G++_Lite/bin/../lib/gcc/arm-none-eabi/4.4.1/../../../../arm-none-eabi/lib/thumb2/libm.a(lib_a-w_asin.o)
                              Sensors/earth_field.o (asin)
/home/laurence/CodeSourcery/Sourcery_G++_Lite/bin/../lib/gcc/arm-none-eabi/4.4.1/../../../../arm-none-eabi/lib/thumb2/libm.a(lib_a-w_atan2.o)
                              Sensors/earth_field.o (atan2)
/home/laurence/CodeSourcery/Sourcery_G++_Lite/bin/../lib/gcc/arm-none-eabi/4.4.1/../../../../arm-none-eabi/lib/thumb2/libm.a(lib_a-w_pow.o)
                              Sensors/bmp085.o (pow)
/home/laurence/CodeSourcery/Sourcery_G++_Lite/bin/../lib/gcc/arm-none-eabi/4.4.1/../../../../arm-none-eabi/lib/thumb2/libm.a(lib_a-w_sqrt.o)
                              Sensors/earth_field.o (sqrt)
/home/laurence/CodeSourcery/Sourcery_G++_Lite/bin/../lib/gcc/arm-none-eabi/4.4.1/../../../../arm-none-eabi/lib/thumb2/libm.a(lib_a-wf_asin.o)
                              Util/coords.o (asinf)
/home/laurence/CodeSourcery/Sourcery_G++_Lite/bin/../lib/gcc/arm-none-eabi/4.4.1/../../../../arm-none-eabi/lib/thumb2/libm.a(lib_a-wf_atan2.o)
                              Util/coords.o (atan2f)
/home/laurence/CodeSourcery/Sourcery_G++_Lite/bin/../lib/gcc/arm-none-eabi/4.4.1/../../../../arm-none-eabi/lib/thumb2/libm.a(lib_a-e_asin.o)
                              /home/laurence/CodeSourcery/Sourcery_G++_Lite/bin/../lib/gcc/arm-none-eabi/4.4.1/../../../../arm-none-eabi/lib/thumb2/libm.a(lib_a-w_asin.o) (__ieee754_asin)
/home/laurence/CodeSourcery/Sourcery_G++_Lite/bin/../lib/gcc/arm-none-eabi/4.4.1/../../../../arm-none-eabi/lib/thumb2/libm.a(lib_a-e_atan2.o)
                              /home/laurence/CodeSourcery/Sourcery_G++_Lite/bin/../lib/gcc/arm-none-eabi/4.4.1/../../../../arm-none-eabi/lib/thumb2/libm.a(lib_a-w_atan2.o) (__ieee754_atan2)
/home/laurence/CodeSourcery/Sourcery_G++_Lite/bin/../lib/gcc/arm-none-eabi/4.4.1/../../../../arm-none-eabi/lib/thumb2/libm.a(lib_a-e_pow.o)
                              /home/laurence/CodeSourcery/Sourcery_G++_Lite/bin/../lib/gcc/arm-none-eabi/4.4.1/../../../../arm-none-eabi/lib/thumb2/libm.a(lib_a-w_pow.o) (__ieee754_pow)
/home/laurence/CodeSourcery/Sourcery_G++_Lite/bin/../lib/gcc/arm-none-eabi/4.4.1/../../../../arm-none-eabi/lib/thumb2/libm.a(lib_a-e_rem_pio2.o)
                              /home/laurence/CodeSourcery/Sourcery_G++_Lite/bin/../lib/gcc/arm-none-eabi/4.4.1/../../../../arm-none-eabi/lib/thumb2/libm.a(lib_a-s_cos.o) (__ieee754_rem_pio2)
/home/laurence/CodeSourcery/Sourcery_G++_Lite/bin/../lib/gcc/arm-none-eabi/4.4.1/../../../../arm-none-eabi/lib/thumb2/libm.a(lib_a-e_sqrt.o)
[...]
Memory Configuration

Name             Origin             Length             Attributes
ram              0x20000000         0x00005000         xrw
rom              0x08000000         0x00020000         xr
*default*        0x00000000         0xffffffff

Linker script and memory map

LOAD /home/laurence/CodeSourcery/Sourcery_G++_Lite/bin/../lib/gcc/arm-none-eabi/4.4.1/thumb2/crti.o
LOAD /home/laurence/CodeSourcery/Sourcery_G++_Lite/bin/../lib/gcc/arm-none-eabi/4.4.1/thumb2/crtbegin.o
LOAD Sensors/accel_down.o
LOAD Sensors/bmp085.o
LOAD Sensors/earth_field.o
LOAD Sensors/pitot.o
LOAD Sensors/sensorcal.o
LOAD Sensors/ubx.o
LOAD Util/Fatfs/fattime.o
LOAD Util/Fatfs/ff.o
LOAD Util/Fatfs/rtc.o
LOAD Util/Fatfs/sd_spi_stm32.o
LOAD Util/RF22/RF22.o
LOAD Util/RF22/RF22Datagram.o
LOAD Util/RF22/RF22Mesh.o
LOAD Util/RF22/RF22ReliableDatagram.o
LOAD Util/RF22/RF22Router.o
LOAD Util/RF22/ctocpp.o
LOAD Util/atmospherics.o
LOAD Util/coords.o
LOAD Util/crc.o
LOAD Util/delay.o
LOAD Util/gravity.o
LOAD Util/rprintf.o
LOAD Util/time.o
LOAD Util/uavtalk.o
LOAD dma.o
LOAD gpio.o
LOAD i2c_int.o
LOAD interrupts.o
LOAD lib/CMSIS_CM3/core_cm3.o
LOAD lib/CMSIS_CM3/startup/gcc/startup_stm32f10x_md.o
LOAD lib/CMSIS_CM3/system_stm32f10x.o
LOAD main.o
LOAD pwm.o
LOAD usart.o
LOAD watchdog.o
LOAD Control/ekf.o
LOAD Control/imu.o
LOAD Control/loops.o
LOAD Control/servos.o
LOAD lib/STM32F10x_StdPeriph_Driver/libstm32fw.a
LOAD lib/STM32_USB-FS-Device_Driver/libstm32usb.a
LOAD /home/laurence/CodeSourcery/Sourcery_G++_Lite/bin/../lib/gcc/arm-none-eabi/4.4.1/../../../../arm-none-eabi/lib/thumb2/libm.a
START GROUP
LOAD /home/laurence/CodeSourcery/Sourcery_G++_Lite/bin/../lib/gcc/arm-none-eabi/4.4.1/thumb2/libgcc.a
LOAD /home/laurence/CodeSourcery/Sourcery_G++_Lite/bin/../lib/gcc/arm-none-eabi/4.4.1/../../../../arm-none-eabi/lib/thumb2/libc.a
END GROUP
LOAD /home/laurence/CodeSourcery/Sourcery_G++_Lite/bin/../lib/gcc/arm-none-eabi/4.4.1/thumb2/crtend.o
LOAD /home/laurence/CodeSourcery/Sourcery_G++_Lite/bin/../lib/gcc/arm-none-eabi/4.4.1/thumb2/crtn.o
START GROUP
LOAD /home/laurence/CodeSourcery/Sourcery_G++_Lite/bin/../lib/gcc/arm-none-eabi/4.4.1/thumb2/libgcc.a
LOAD /home/laurence/CodeSourcery/Sourcery_G++_Lite/bin/../lib/gcc/arm-none-eabi/4.4.1/../../../../arm-none-eabi/lib/thumb2/libc.a
LOAD /home/laurence/CodeSourcery/Sourcery_G++_Lite/bin/../lib/gcc/arm-none-eabi/4.4.1/../../../../arm-none-eabi/lib/thumb2/libcs3.a
LOAD /home/laurence/CodeSourcery/Sourcery_G++_Lite/bin/../lib/gcc/arm-none-eabi/4.4.1/../../../../arm-none-eabi/lib/thumb2/libcs3unhosted.a
LOAD lib/libcs3-lanchon-stm32.a
END GROUP
                0x20005000                PROVIDE (__cs3_stack, (__cs3_region_start_ram + __cs3_region_size_ram))
                0x20002198                PROVIDE (__cs3_heap_start, _end)
                0x20005000                PROVIDE (__cs3_heap_end, (__cs3_region_start_ram + __cs3_region_size_ram))

.text           0x08000000    0x1bd24
 CREATE_OBJECT_SYMBOLS
                0x08000000                __cs3_region_start_rom = .
 *(.cs3.region-head.rom)
                0x08000000                __cs3_interrupt_vector = __cs3_interrupt_vector_lanchon_stm32
 *(.cs3.interrupt_vector)
 .cs3.interrupt_vector
                0x08000000       0xec lib/libcs3-lanchon-stm32.a(lanchon-stm32-vector.o)
                0x08000000                __cs3_interrupt_vector_lanchon_stm32
                0x08000001                ASSERT ((. != __cs3_interrupt_vector_lanchon_stm32), No interrupt vector)
 *(.rom)
 *(.rom.b)
                0x0801a6bc                PROVIDE (__cs3_reset_lanchon_stm32, _start)
                0x0801a6bc                __cs3_reset = __cs3_reset_lanchon_stm32
 *(.cs3.reset)
 *(.text .text.* .gnu.linkonce.t.*)
 .text          0x080000ec       0x30 /home/laurence/CodeSourcery/Sourcery_G++_Lite/bin/../lib/gcc/arm-none-eabi/4.4.1/thumb2/crtbegin.o
 .text          0x0800011c       0xd0 Sensors/accel_down.o
                0x0800011c                Accel_Downconvert
 *fill*         0x080001ec        0x4 00
 .text          0x080001f0      0x180 Sensors/bmp085.o
                0x080001f0                Bmp085_Convert
                0x080002f0                flip_sensorcal
                0x08000304                flip_adc24
                0x08000320                Baro_Convert_Pressure
 .text          0x08000370     0x1920 Sensors/earth_field.o
                0x08000370                WMM_CalculateSecularVariation
                0x08000478                WMM_get_secular_var_coeff_g
                0x08000490                WMM_get_main_field_coeff_g
                0x0800052c                WMM_get_secular_var_coeff_h
                0x08000544                WMM_get_main_field_coeff_h
                0x080005d8                WMM_DateToYear
                0x08000614                WMM_RotateMagneticVector
                0x080006d0                WMM_ComputeSphericalHarmonicVariables
                0x080007a4                WMM_GeodeticToSpherical
                0x08000908                WMM_SecVarSummationSpecial
                0x08000aa4                WMM_SecVarSummation
                0x08000ca4                WMM_SummationSpecial
                0x08000e44                WMM_Summation
                0x08001044                WMM_PcupLow
                0x08001390                WMM_PcupHigh
                0x08001836                WMM_AssociatedLegendreFunction
                0x080018c4                WMM_CalculateGeoMagneticElements
                0x08001988                WMM_Geomag
                0x08001a80                WMM_Initialize
                0x08001af8                WMM_GetMagVector
 .text          0x08001c90       0x84 Sensors/pitot.o
                0x08001c90                Pitot_Conv
                0x08001cc2                Pitot_convert_Airspeed
 .text          0x08001d14       0xf4 Sensors/sensorcal.o
                0x08001d14                Calibrate_3
 .text          0x08001e08      0x330 Sensors/ubx.o
                0x08001e08                Gps_Process_Byte
                0x08001f88                Get_UBX_Ack
                0x08002034                Config_Gps
 .text          0x08002138       0x42 Util/Fatfs/fattime.o
                0x08002138                get_fattime
 *fill*         0x0800217a        0x2 00
 .text          0x0800217c     0x1a54 Util/Fatfs/ff.o
                0x080021a2                clust2sect
                0x08002252                f_mount
                0x08002690                put_fat
                0x0800278e                get_fat
                0x080029de                f_truncate
                0x08002c44                f_readdir
                0x08002c92                f_getfree
                0x08002d72                f_lseek
                0x08002ec4                f_write
                0x08003076                f_read
                0x080032a0                f_sync
                0x08003356                f_close
                0x08003564                f_stat
                0x080035a6                f_opendir
                0x08003614                f_rename
                0x0800373a                f_utime
                0x0800379c                f_chmod
                0x080037f8                f_unlink
                0x080038c0                f_mkdir
                0x08003a72                f_open
 .text          0x08003bd0      0x2e4 Util/Fatfs/rtc.o
                0x08003cac                my_RTC_SetCounter
                0x08003cce                rtc_settime
                0x08003da0                rtc_init
                0x08003e3a                rtc_gettime
 .text          0x08003eb4      0x7bc Util/Fatfs/sd_spi_stm32.o
                0x08003edc                disk_status
                0x08003eec                disk_timerproc
                0x08004108                disk_initialize
                0x08004288                disk_ioctl
                0x080044e4                disk_read
                0x080045c4                disk_write
 .text          0x08004670      0x8ec Util/RF22/RF22.o
                0x08004670                _ZN4RF22C2Ehh
                0x08004694                _ZN4RF22C1Ehh
                0x080046b8                _ZN4RF2210clearRxBufEv
                0x080046c4                _ZN4RF2214waitPacketSentEv
                0x080046ce                _ZN4RF2210clearTxBufEv
                0x080046de                _ZN4RF2223handleExternalInterruptEv
                0x080046e0                _ZN4RF2226handleWakeupTimerInterruptEv
                0x080046e2                _ZN4RF228lastRssiEv
                0x080046e8                _ZN4RF2211appendTxBufEPhh
                0x08004718                _ZN4RF229fillTxBufEPhh
                0x08004730                _ZN4RF2213spiBurstWriteEhPhh
                0x080047a0                _ZN4RF2216sendNextFragmentEv
                0x080047e0                _ZN4RF2212setSyncWordsEPhh
                0x080047ea                _ZN4RF2212setWutPeriodEthh
                0x08004812                _ZN4RF2212spiBurstReadEhPhh
                0x08004884                _ZN4RF2216readNextFragmentEv
                0x080048ae                _ZN4RF227wutReadEv
                0x080048c8                _ZN4RF228spiWriteEhh
                0x08004928                _ZN4RF2214setPromiscuousEb
                0x08004934                _ZN4RF2214setHeaderFlagsEh
                0x0800493a                _ZN4RF2211setHeaderIdEh
                0x08004940                _ZN4RF2213setHeaderFromEh
                0x08004946                _ZN4RF2211setHeaderToEh
                0x0800494c                _ZN4RF2211resetTxFifoEv
                0x08004964                _ZN4RF2211resetRxFifoEv
                0x0800497c                _ZN4RF2210resetFifosEv
                0x08004994                _ZN4RF2217setPreambleLengthEh
                0x0800499a                _ZN4RF2217setModemRegistersEPNS_11ModemConfigE
                0x080049f0                _ZN4RF2214setModemConfigENS_17ModemConfigChoiceE
                0x08004a10                _ZN4RF2210setTxPowerEh
                0x08004a16                _ZN4RF227setModeEh
                0x08004a1c                _ZN4RF229setModeTxEv
                0x08004a36                _ZN4RF229setModeRxEv
                0x08004a50                _ZN4RF229availableEv
                0x08004a5e                _ZN4RF224recvEPhS0_
                0x08004a96                _ZN4RF2220waitAvailableTimeoutEt
                0x08004ac0                _ZN4RF2213waitAvailableEv
                0x08004ad0                _ZN4RF2211setModeIdleEv
                0x08004ae4                _ZN4RF2213startTransmitEv
                0x08004b00                _ZN4RF224sendEPhh
                0x08004b20                _ZN4RF227spiReadEh
                0x08004b80                _ZN4RF2211headerFlagsEv
                0x08004b84                _ZN4RF228headerIdEv
                0x08004b88                _ZN4RF2210headerFromEv
                0x08004b8c                _ZN4RF228headerToEv
                0x08004b90                _ZN4RF2215ezmacStatusReadEv
                0x08004b94                _ZN4RF228rssiReadEv
                0x08004b98                _ZN4RF227adcReadEhhhh
                0x08004bd4                _ZN4RF2215temperatureReadEhh
                0x08004bfe                _ZN4RF2210statusReadEv
                0x08004c02                _ZN4RF2212setFHChannelEh
                0x08004c20                _ZN4RF2213setFHStepSizeEh
                0x08004c3e                _ZN4RF2212setFrequencyEf
                0x08004d0c                _ZN4RF2215handleInterruptEv
                0x08004e32                _ZN4RF224isr1Ev
                0x08004e40                _ZN4RF224isr0Ev
                0x08004e50                _ZN4RF225resetEv
                0x08004e66                _ZN4RF224initEv
 .text          0x08004f5c       0xec Util/RF22/RF22Datagram.o
                0x08004f5c                _ZN12RF22Datagram8recvfromEPhS0_S0_S0_S0_S0_
                0x08004fb4                _ZN12RF22Datagram6sendtoEPhhh
                0x08004fd0                _ZN12RF22Datagram14setThisAddressEh
                0x08004fee                _ZN12RF22Datagram4initEv
                0x08005008                _ZN12RF22DatagramC1Ehhh
                0x08005028                _ZN12RF22DatagramC2Ehhh
 .text          0x08005048      0x3ec Util/RF22/RF22Mesh.o
                0x08005048                _ZN8RF22Mesh17isPhysicalAddressEPhh
                0x08005060                _ZN8RF22Mesh5doArpEh
                0x080050e8                _ZN8RF22Mesh11recvfromAckEPhS0_S0_S0_S0_S0_
                0x0800526c                _ZN8RF22Mesh18recvfromAckTimeoutEPhS0_tS0_S0_S0_S0_
                0x080052c4                _ZN8RF22Mesh5routeEPN10RF22Router13RoutedMessageEh
                0x0800532c                _ZN8RF22Mesh13peekAtMessageEPN10RF22Router13RoutedMessageEh
                0x080053b2                _ZN8RF22Mesh10sendtoWaitEPhhh
                0x0800540c                _ZN8RF22MeshC1Ehhh
                0x08005420                _ZN8RF22MeshC2Ehhh
 .text          0x08005434      0x2b0 Util/RF22/RF22ReliableDatagram.o
                0x08005434                _ZN20RF22ReliableDatagram10setTimeoutEt
                0x0800543a                _ZN20RF22ReliableDatagram10setRetriesEh
                0x08005440                _ZN20RF22ReliableDatagram15retransmissionsEv
                0x08005446                _ZN20RF22ReliableDatagram11acknowledgeEhh
                0x08005472                _ZN20RF22ReliableDatagram11recvfromAckEPhS0_S0_S0_S0_S0_
                0x0800551e                _ZN20RF22ReliableDatagram18recvfromAckTimeoutEPhS0_tS0_S0_S0_S0_
                0x08005574                _ZN20RF22ReliableDatagram10sendtoWaitEPhhh
                0x0800568c                _ZN20RF22ReliableDatagramC1Ehhh
                0x080056b8                _ZN20RF22ReliableDatagramC2Ehhh
 .text          0x080056e4      0x324 Util/RF22/RF22Router.o
                0x080056e4                _ZN10RF22Router10setMaxHopsEh
                0x080056ea                _ZN10RF22Router10getRouteToEh
                0x08005718                _ZN10RF22Router17clearRoutingTableEv
                0x0800572a                _ZN10RF22Router13peekAtMessageEPNS_13RoutedMessageEh
                0x0800572c                _ZN10RF22Router11recvfromAckEPhS0_S0_S0_S0_S0_
                0x08005814                _ZN10RF22Router18recvfromAckTimeoutEPhS0_tS0_S0_S0_S0_
                0x0800586c                _ZN10RF22Router10sendtoWaitEPhhhh
                0x080058b0                _ZN10RF22Router10sendtoWaitEPhhh
                0x080058be                _ZN10RF22Router11deleteRouteEh
                0x080058f0                _ZN10RF22Router17retireOldestRouteEv
                0x080058f4                _ZN10RF22Router10addRouteToEhhh
                0x0800595a                _ZN10RF22Router13deleteRouteToEh
                0x08005980                _ZN10RF22Router5routeEPNS_13RoutedMessageEh
                0x080059b2                _ZN10RF22Router4initEv
                0x080059c8                _ZN10RF22RouterC1Ehhh
                0x080059e8                _ZN10RF22RouterC2Ehhh
 .text          0x08005a08       0x94 Util/RF22/ctocpp.o
                0x08005a08                RF22_Sendto
                0x08005a24                RF22_Service_ISR
                0x08005a30                RF22_Reassign
                0x08005a3c                RF22_recvfromAckTimeout
                0x08005a64                RF22_Sendtowait
                0x08005a80                RF22_Init
 *fill*         0x08005a9c        0x4 00
 .text          0x08005aa0       0xd8 Util/atmospherics.o
                0x08005aa0                US_1976_Temperature
                0x08005b34                Air_Density
 .text          0x08005b78      0x940 Util/coords.o
                0x08005b78                CrossProduct
                0x08005bd6                quat_inverse
                0x08005bf2                quat_copy
                0x08005c08                quat_mult
                0x08005d12                rot_mult
                0x08005db2                VectorMagnitude
                0x08005df4                RotFrom2Vectors
                0x08005fc0                R2Quaternion
                0x080061a8                Quaternion2RPY
                0x080062e0                RneFromLLA
                0x080063a0                LLA2ECEF
 .text          0x080064b8       0x2c Util/crc.o
                0x080064b8                CRC_updateByte
                0x080064c4                CRC_updateCRC
 .text          0x080064e4       0x2c Util/delay.o
                0x080064e4                Delay
 .text          0x08006510       0xc8 Util/gravity.o
                0x08006510                Ge_From_Latitude
 .text          0x080065d8      0x57c Util/rprintf.o
                0x080065d8                rprintfInit
                0x080065e4                rprintfChar
                0x08006604                rprintfStr
                0x0800661c                rprintfStrLen
                0x08006652                rprintfCRLF
                0x08006656                rprintfu04
                0x08006660                rprintfu08
                0x08006672                rprintfu16
                0x08006684                rprintfu32
                0x08006696                rprintfNum
                0x0800674c                rprintfFloat
                0x08006804                Isdigit
                0x08006812                atoiRamRom
                0x08006838                rStrLen
                0x08006848                rprintf2RamRom
 .text          0x08006b54       0x20 Util/time.o
                0x08006b54                Set_RTC_From_GPS
 *fill*         0x08006b74        0x4 00
 .text          0x08006b78      0x5a8 Util/uavtalk.o
                0x08006b78                UAVtalk_Register_Object
                0x08006b8c                memchr_32
                0x08006bb0                updateTelemetryStats
                0x08006d18                UAVtalk_Generate_Packet
                0x08006eac                UAVtalk_Run_Streams
                0x08006f64                UAVtalk_Process_Byte
 .text          0x08007120      0x128 dma.o
                0x08007120                Pop_From_Buffer
                0x0800713c                Bytes_In_Buffer
                0x08007164                Get_From_Buffer
                0x08007198                Flush_Buffer
                0x080071aa                DMA_USART2_Configuration
                0x080071f4                DMA_USART1_Configuration
 .text          0x08007248      0x1e0 gpio.o
                0x08007248                Get_MEMS_DRDY
                0x08007270                MEMS_Status_Configuration
                0x080072ac                Aux_Devices_Configuration
                0x08007308                SPI_Control_Configuration
                0x08007370                GPS_IO_Configuration
                0x080073bc                GPIO_Config_AF_Periferals
                0x08007410                All_IO_Configuration
 .text          0x08007428      0x5b0 i2c_int.o
                0x08007428                I2C1_Setup_Job
                0x0800743c                I2C_Config
                0x080074fc                I2C1_Request_Job
                0x0800752c                I2C1_ER_IRQHandler
                0x080075b8                I2C1_EV_IRQHandler
 .text          0x080079d8      0x1e0 interrupts.o
                0x080079d8                NMI_Handler
                0x080079da                HardFault_Handler
                0x080079dc                MemManage_Handler
                0x080079de                BusFault_Handler
                0x080079e0                UsageFault_Handler
                0x080079e2                SVC_Handler
                0x080079e4                DebugMon_Handler
                0x080079e6                PendSV_Handler
                0x080079e8                SysTick_Handler
                0x080079ea                EXTI15_10_IRQHandler
                0x08007a0a                EXTI9_5_IRQHandler
                0x08007a74                EXTI_Config
                0x08007b48                EXTI4_IRQHandler
 .text.Default_Handler
                0x08007bb8        0x2 lib/CMSIS_CM3/startup/gcc/startup_stm32f10x_md.o
                0x08007bb8                EXTI2_IRQHandler
                0x08007bb8                TIM1_CC_IRQHandler
                0x08007bb8                PVD_IRQHandler
                0x08007bb8                EXTI3_IRQHandler
                0x08007bb8                EXTI0_IRQHandler
                0x08007bb8                I2C2_EV_IRQHandler
                0x08007bb8                ADC1_2_IRQHandler
                0x08007bb8                SPI1_IRQHandler
                0x08007bb8                TAMPER_IRQHandler
                0x08007bb8                DMA1_Channel4_IRQHandler
                0x08007bb8                USART3_IRQHandler
                0x08007bb8                RTC_IRQHandler
                0x08007bb8                DMA1_Channel7_IRQHandler
                0x08007bb8                CAN1_RX1_IRQHandler
                0x08007bb8                TIM4_IRQHandler
                0x08007bb8                DMA1_Channel6_IRQHandler
                0x08007bb8                TIM3_IRQHandler
                0x08007bb8                RCC_IRQHandler
                0x08007bb8                TIM1_TRG_COM_IRQHandler
                0x08007bb8                DMA1_Channel1_IRQHandler
                0x08007bb8                Default_Handler
                0x08007bb8                SPI2_IRQHandler
                0x08007bb8                DMA1_Channel5_IRQHandler
                0x08007bb8                USB_LP_CAN1_RX0_IRQHandler
                0x08007bb8                USB_HP_CAN1_TX_IRQHandler
                0x08007bb8                DMA1_Channel3_IRQHandler
                0x08007bb8                TIM1_UP_IRQHandler
                0x08007bb8                WWDG_IRQHandler
                0x08007bb8                TIM2_IRQHandler
                0x08007bb8                TIM1_BRK_IRQHandler
                0x08007bb8                EXTI1_IRQHandler
                0x08007bb8                RTCAlarm_IRQHandler
                0x08007bb8                USART2_IRQHandler
                0x08007bb8                I2C2_ER_IRQHandler
                0x08007bb8                DMA1_Channel2_IRQHandler
                0x08007bb8                CAN1_SCE_IRQHandler
                0x08007bb8                FLASH_IRQHandler
                0x08007bb8                USBWakeUp_IRQHandler
 *fill*         0x08007bba        0x2 00
 .text          0x08007bbc       0xf8 lib/CMSIS_CM3/system_stm32f10x.o
                0x08007bbc                SystemInit
 *fill*         0x08007cb4        0x4 00
 .text          0x08007cb8      0xdf8 main.o
                0x08007cb8                Initialisation
                0x080087ac                main
 .text          0x08008ab0      0x1e0 pwm.o
                0x08008ab0                PWM_Set
                0x08008b30                Timer_GPIO_Disable
                0x08008b6c                Timer_GPIO_Enable
                0x08008ba8                Timer_RCC_Configuration
                0x08008bc0                Init_Timers
 .text          0x08008c90      0x22c usart.o
                0x08008c90                Default_Usart_Config
                0x08008ca2                Add_To_ISR_Buffer
                0x08008cb2                Get_From_ISR_Buffer
                0x08008cc4                Bytes_In_ISR_Buffer
                0x08008ce8                __gps_send_char
                0x08008d04                Gps_Send_Str
                0x08008d1c                Gps_Send_Utf8
                0x08008d36                __usart_send_char
                0x08008d54                Usart_Send_Str
                0x08008d6c                USART1_IRQHandler
                0x08008d88                usart1_disable_dma
                0x08008da4                usart1_send_data_dma
                0x08008dd8                USART2_reconf
                0x08008e1c                Usarts_Init
 .text          0x08008ebc       0x3e watchdog.o
                0x08008ebc                Watchdog_Reset_Detect
                0x08008ed0                Watchdog_Config
 *fill*         0x08008efa        0x2 00
 .text          0x08008efc     0x8890 Control/ekf.o
                0x08008efc                ins_get_num_states
                0x08008f00                INSGPSInit
                0x0800902c                INSResetP
                0x08009074                INSResetRGPS
                0x080090a0                INSSetState
                0x08009104                INSPosVelReset
                0x0800918c                INSSetPosVelVar
                0x080091a8                INSSetGyroBias
                0x080091c4                INSSetAccelVar
                0x080091e0                INSSetGyroVar
                0x080091fc                INSSetMagVar
                0x08009218                INSSetMagNorth
                0x08009230                INSSetGravity
                0x0800923c                CovariancePrediction
                0x08010586                INSCovariancePrediction
                0x080105ac                SerialUpdate
                0x08010704                StateEq
                0x080109d8                RungeKutta
                0x08010b00                LinearizeFG
                0x08010f74                MeasurementEq
                0x08011132                LinearizeH
                0x080113fc                INSCorrection
                0x080115ac                VelBaroCorrection
                0x080115c8                GpsMagCorrection
                0x080115e0                FullCorrection
                0x080115ee                GpsBaroCorrection
                0x0801160c                MagVelBaroCorrection
                0x08011628                MagCorrection
                0x08011648                INSStatePrediction
 *fill*         0x0801178c        0x4 00
 .text          0x08011790      0x968 Control/imu.o
                0x08011790                run_imu
 .text          0x080120f8       0x64 Control/loops.o
                0x080120f8                Run_PID
                0x08012154                Reset_PID
 .text          0x0801215c       0x64 Control/servos.o
                0x0801215c                Disable_Servos
                0x08012160                Enable_Servos
                0x08012164                Apply_Servos
 .text          0x080121c0       0xc0 lib/STM32F10x_StdPeriph_Driver/libstm32fw.a(misc.o)
                0x080121c0                NVIC_PriorityGroupConfig
                0x080121d4                NVIC_Init
                0x08012238                NVIC_SetVectorTable
                0x0801224c                NVIC_SystemLPConfig
                0x08012268                SysTick_CLKSourceConfig
 .text          0x08012280       0xe4 lib/STM32F10x_StdPeriph_Driver/libstm32fw.a(stm32f10x_bkp.o)
                0x08012280                BKP_TamperPinLevelConfig
                0x0801228c                BKP_TamperPinCmd
                0x08012298                BKP_ITConfig
                0x080122a4                BKP_RTCOutputConfig
                0x080122bc                BKP_SetRTCCalibrationValue
                0x080122d4                BKP_WriteBackupRegister
                0x080122f0                BKP_ReadBackupRegister
                0x08012310                BKP_GetFlagStatus
                0x0801231c                BKP_ClearFlag
                0x08012330                BKP_GetITStatus
                0x0801233c                BKP_ClearITPendingBit
                0x08012350                BKP_DeInit
 .text          0x08012364      0x1d4 lib/STM32F10x_StdPeriph_Driver/libstm32fw.a(stm32f10x_dma.o)
                0x08012364                DMA_DeInit
                0x08012444                DMA_Init
                0x08012484                DMA_StructInit
                0x0801249e                DMA_Cmd
                0x080124b2                DMA_ITConfig
                0x080124c4                DMA_GetCurrDataCounter
                0x080124ca                DMA_GetFlagStatus
                0x080124e8                DMA_ClearFlag
                0x08012500                DMA_GetITStatus
                0x08012520                DMA_ClearITPendingBit
 .text          0x08012538      0x104 lib/STM32F10x_StdPeriph_Driver/libstm32fw.a(stm32f10x_exti.o)
                0x08012538                EXTI_DeInit
                0x08012554                EXTI_Init
                0x080125d4                EXTI_StructInit
                0x080125e2                EXTI_GenerateSWInterrupt
                0x080125f4                EXTI_GetFlagStatus
                0x08012608                EXTI_ClearFlag
                0x08012614                EXTI_GetITStatus
                0x08012630                EXTI_ClearITPendingBit
 .text          0x0801263c      0x29c lib/STM32F10x_StdPeriph_Driver/libstm32fw.a(stm32f10x_gpio.o)
                0x0801263c                GPIO_Init
                0x080126f4                GPIO_StructInit
                0x08012704                GPIO_ReadInputDataBit
                0x08012710                GPIO_ReadInputData
                0x08012716                GPIO_ReadOutputDataBit
                0x08012722                GPIO_ReadOutputData
                0x08012728                GPIO_SetBits
                0x0801272c                GPIO_ResetBits
                0x08012730                GPIO_WriteBit
                0x0801273a                GPIO_Write
                0x0801273e                GPIO_PinLockConfig
                0x0801274e                GPIO_EventOutputConfig
                0x0801276c                GPIO_EventOutputCmd
                0x08012778                GPIO_PinRemapConfig
                0x080127d8                GPIO_EXTILineConfig
                0x0801280c                GPIO_ETH_MediaInterfaceConfig
                0x08012818                GPIO_AFIODeInit
                0x0801282e                GPIO_DeInit
 .text          0x080128d8      0x3cc lib/STM32F10x_StdPeriph_Driver/libstm32fw.a(stm32f10x_i2c.o)
                0x080128d8                I2C_StructInit
                0x080128f4                I2C_Cmd
                0x0801290e                I2C_DMACmd
                0x08012928                I2C_DMALastTransferCmd
                0x08012942                I2C_GenerateSTART
                0x0801295c                I2C_GenerateSTOP
                0x08012976                I2C_AcknowledgeConfig
                0x08012990                I2C_OwnAddress2Config
                0x080129a6                I2C_DualAddressCmd
                0x080129c0                I2C_GeneralCallCmd
                0x080129da                I2C_ITConfig
                0x080129f0                I2C_SendData
                0x080129f4                I2C_ReceiveData
                0x080129fa                I2C_Send7bitAddress
                0x08012a0a                I2C_ReadRegister
                0x08012a22                I2C_SoftwareResetCmd
                0x08012a3c                I2C_SMBusAlertConfig
                0x08012a58                I2C_TransmitPEC
                0x08012a72                I2C_PECPositionConfig
                0x08012a8e                I2C_CalculatePEC
                0x08012aa8                I2C_GetPEC
                0x08012ab0                I2C_ARPCmd
                0x08012aca                I2C_StretchClockCmd
                0x08012ae4                I2C_FastModeDutyCycleConfig
                0x08012b00                I2C_GetLastEvent
                0x08012b10                I2C_CheckEvent
                0x08012b28                I2C_GetFlagStatus
                0x08012b5c                I2C_ClearFlag
                0x08012b64                I2C_GetITStatus
                0x08012b80                I2C_ClearITPendingBit
                0x08012b88                I2C_Init
                0x08012c70                I2C_DeInit
 .text          0x08012ca4       0x58 lib/STM32F10x_StdPeriph_Driver/libstm32fw.a(stm32f10x_iwdg.o)
                0x08012ca4                IWDG_WriteAccessCmd
                0x08012cb0                IWDG_SetPrescaler
                0x08012cbc                IWDG_SetReload
                0x08012cc8                IWDG_ReloadCounter
                0x08012cd8                IWDG_Enable
                0x08012ce8                IWDG_GetFlagStatus
 .text          0x08012cfc       0xd0 lib/STM32F10x_StdPeriph_Driver/libstm32fw.a(stm32f10x_pwr.o)
                0x08012d00                PWR_BackupAccessCmd
                0x08012d0c                PWR_PVDCmd
                0x08012d18                PWR_PVDLevelConfig
                0x08012d2c                PWR_WakeUpPinCmd
                0x08012d38                PWR_EnterSTOPMode
                0x08012d64                PWR_EnterSTANDBYMode
                0x08012d8c                PWR_GetFlagStatus
                0x08012da0                PWR_ClearFlag
                0x08012db0                PWR_DeInit
 .text          0x08012dcc      0x384 lib/STM32F10x_StdPeriph_Driver/libstm32fw.a(stm32f10x_rcc.o)
                0x08012dcc                RCC_DeInit
                0x08012e0c                RCC_HSEConfig
                0x08012e44                RCC_AdjustHSICalibrationValue
                0x08012e58                RCC_HSICmd
                0x08012e64                RCC_PLLConfig
                0x08012e7c                RCC_PLLCmd
                0x08012e88                RCC_SYSCLKConfig
                0x08012e9c                RCC_GetSYSCLKSource
                0x08012eac                RCC_HCLKConfig
                0x08012ec0                RCC_PCLK1Config
                0x08012ed4                RCC_PCLK2Config
                0x08012ee8                RCC_ITConfig
                0x08012f04                RCC_USBCLKConfig
                0x08012f10                RCC_ADCCLKConfig
                0x08012f24                RCC_LSEConfig
                0x08012f44                RCC_LSICmd
                0x08012f50                RCC_RTCCLKConfig
                0x08012f60                RCC_RTCCLKCmd
                0x08012f6c                RCC_GetClocksFreq
                0x0801301c                RCC_AHBPeriphClockCmd
                0x08013038                RCC_APB2PeriphClockCmd
                0x08013054                RCC_APB1PeriphClockCmd
                0x08013070                RCC_APB2PeriphResetCmd
                0x0801308c                RCC_APB1PeriphResetCmd
                0x080130a8                RCC_BackupResetCmd
                0x080130b4                RCC_ClockSecuritySystemCmd
                0x080130c0                RCC_MCOConfig
                0x080130cc                RCC_GetFlagStatus
                0x080130f4                RCC_WaitForHSEStartUp
                0x08013120                RCC_ClearFlag
                0x08013130                RCC_GetITStatus
                0x08013144                RCC_ClearITPendingBit
 .text          0x08013150      0x15c lib/STM32F10x_StdPeriph_Driver/libstm32fw.a(stm32f10x_rtc.o)
                0x08013150                RTC_ITConfig
                0x08013170                RTC_EnterConfigMode
                0x08013184                RTC_ExitConfigMode
                0x08013198                RTC_GetCounter
                0x080131ac                RTC_SetCounter
                0x080131c8                RTC_SetPrescaler
                0x080131e8                RTC_SetAlarm
                0x08013204                RTC_GetDivider
                0x0801321c                RTC_WaitForLastTask
                0x0801322c                RTC_WaitForSynchro
                0x0801324c                RTC_GetFlagStatus
                0x08013260                RTC_ClearFlag
                0x08013274                RTC_GetITStatus
                0x08013298                RTC_ClearITPendingBit
 .text          0x080132ac      0x2f8 lib/STM32F10x_StdPeriph_Driver/libstm32fw.a(stm32f10x_spi.o)
                0x080132ac                SPI_Init
                0x08013306                SPI_StructInit
                0x08013320                I2S_StructInit
                0x08013334                SPI_Cmd
                0x0801334e                I2S_Cmd
                0x08013368                SPI_I2S_ITConfig
                0x08013386                SPI_I2S_DMACmd
                0x0801339c                SPI_I2S_SendData
                0x080133a0                SPI_I2S_ReceiveData
                0x080133a6                SPI_NSSInternalSoftwareConfig
                0x080133c0                SPI_SSOutputCmd
                0x080133da                SPI_DataSizeConfig
                0x080133f2                SPI_TransmitCRC
                0x080133fe                SPI_CalculateCRC
                0x08013418                SPI_GetCRC
                0x08013428                SPI_GetCRCPolynomial
                0x0801342e                SPI_BiDirectionalLineConfig
                0x0801344a                SPI_I2S_GetFlagStatus
                0x08013456                SPI_I2S_ClearFlag
                0x0801345e                SPI_I2S_GetITStatus
                0x08013488                SPI_I2S_ClearITPendingBit
                0x08013498                I2S_Init
                0x08013542                SPI_I2S_DeInit
 .text          0x080135a4      0xb54 lib/STM32F10x_StdPeriph_Driver/libstm32fw.a(stm32f10x_tim.o)
                0x080135a4                TIM_TimeBaseInit
                0x080135e4                TIM_OC1Init
                0x08013678                TIM_OC2Init
                0x08013714                TIM_OC3Init
                0x080137ac                TIM_OC4Init
                0x08013828                TIM_BDTRConfig
                0x0801384c                TIM_TimeBaseStructInit
                0x0801385e                TIM_OCStructInit
                0x08013872                TIM_ICStructInit
                0x08013884                TIM_BDTRStructInit
                0x08013896                TIM_Cmd
                0x080138b0                TIM_CtrlPWMOutputs
                0x080138d0                TIM_ITConfig
                0x080138e6                TIM_GenerateEvent
                0x080138ea                TIM_DMAConfig
                0x080138f2                TIM_DMACmd
                0x08013908                TIM_InternalClockConfig
                0x08013916                TIM_ETRConfig
                0x08013934                TIM_ETRClockMode2Config
                0x08013948                TIM_ETRClockMode1Config
                0x08013962                TIM_PrescalerConfig
                0x08013968                TIM_CounterModeConfig
                0x0801397a                TIM_SelectInputTrigger
                0x0801398c                TIM_ITRxExternalClockConfig
                0x080139a0                TIM_EncoderInterfaceConfig
                0x080139e8                TIM_ForcedOC1Config
                0x080139fa                TIM_ForcedOC2Config
                0x08013a0e                TIM_ForcedOC3Config
                0x08013a20                TIM_ForcedOC4Config
                0x08013a34                TIM_ARRPreloadConfig
                0x08013a4e                TIM_SelectCOM
                0x08013a68                TIM_SelectCCDMA
                0x08013a82                TIM_CCPreloadControl
                0x08013a9c                TIM_OC1PreloadConfig
                0x08013aae                TIM_OC2PreloadConfig
                0x08013ac2                TIM_OC3PreloadConfig
                0x08013ad4                TIM_OC4PreloadConfig
                0x08013ae8                TIM_OC1FastConfig
                0x08013afa                TIM_OC2FastConfig
                0x08013b0e                TIM_OC3FastConfig
                0x08013b20                TIM_OC4FastConfig
                0x08013b34                TIM_ClearOC1Ref
                0x08013b46                TIM_ClearOC2Ref
                0x08013b56                TIM_ClearOC3Ref
                0x08013b68                TIM_ClearOC4Ref
                0x08013b78                TIM_OC1PolarityConfig
                0x08013b8a                TIM_OC1NPolarityConfig
                0x08013b9c                TIM_OC2PolarityConfig
                0x08013bb0                TIM_OC2NPolarityConfig
                0x08013bc4                TIM_OC3PolarityConfig
                0x08013bd8                TIM_OC3NPolarityConfig
                0x08013bec                TIM_OC4PolarityConfig
                0x08013c00                TIM_CCxCmd
                0x08013c22                TIM_CCxNCmd
                0x08013c44                TIM_SelectOCxM
                0x08013c96                TIM_UpdateDisableConfig
                0x08013cb0                TIM_UpdateRequestConfig
                0x08013cca                TIM_SelectHallSensor
                0x08013ce4                TIM_SelectOnePulseMode
                0x08013cfc                TIM_SelectOutputTrigger
                0x08013d14                TIM_SelectSlaveMode
                0x08013d2c                TIM_SelectMasterSlaveMode
                0x08013d44                TIM_SetCounter
                0x08013d48                TIM_SetAutoreload
                0x08013d4c                TIM_SetCompare1
                0x08013d50                TIM_SetCompare2
                0x08013d54                TIM_SetCompare3
                0x08013d58                TIM_SetCompare4
                0x08013d5e                TIM_SetIC1Prescaler
                0x08013d76                TIM_SetIC2Prescaler
                0x08013d90                TIM_SetIC3Prescaler
                0x08013da8                TIM_SetIC4Prescaler
                0x08013dc2                TIM_SetClockDivision
                0x08013dd4                TIM_GetCapture1
                0x08013dda                TIM_GetCapture2
                0x08013de0                TIM_GetCapture3
                0x08013de6                TIM_GetCapture4
                0x08013dee                TIM_GetCounter
                0x08013df4                TIM_GetPrescaler
                0x08013dfa                TIM_GetFlagStatus
                0x08013e06                TIM_ClearFlag
                0x08013e0e                TIM_GetITStatus
                0x08013e24                TIM_ClearITPendingBit
                0x08013ec4                TIM_TIxExternalClockConfig
                0x08013ef2                TIM_PWMIConfig
                0x08013f5e                TIM_ICInit
                0x0801402e                TIM_DeInit
 .text          0x080140f8      0x384 lib/STM32F10x_StdPeriph_Driver/libstm32fw.a(stm32f10x_usart.o)
                0x080140f8                USART_StructInit
                0x08014110                USART_ClockInit
                0x0801413a                USART_ClockStructInit
                0x08014146                USART_Cmd
                0x08014160                USART_ITConfig
                0x08014196                USART_DMACmd
                0x080141ac                USART_SetAddress
                0x080141c4                USART_WakeUpConfig
                0x080141dc                USART_ReceiverWakeUpCmd
                0x080141f6                USART_LINBreakDetectLengthConfig
                0x0801420e                USART_LINCmd
                0x08014228                USART_SendData
                0x08014230                USART_ReceiveData
                0x08014238                USART_SendBreak
                0x08014244                USART_SetGuardTime
                0x08014256                USART_SetPrescaler
                0x0801426a                USART_SmartCardCmd
                0x08014284                USART_SmartCardNACKCmd
                0x0801429e                USART_HalfDuplexCmd
                0x080142b8                USART_IrDAConfig
                0x080142d0                USART_IrDACmd
                0x080142ea                USART_GetFlagStatus
                0x080142f6                USART_ClearFlag
                0x080142fe                USART_GetITStatus
                0x08014344                USART_ClearITPendingBit
                0x08014352                USART_Init
                0x080143e4                USART_DeInit
 .text          0x0801447c       0x98 /home/laurence/CodeSourcery/Sourcery_G++_Lite/bin/../lib/gcc/arm-none-eabi/4.4.1/../../../../arm-none-eabi/lib/thumb2/libm.a(lib_a-s_cos.o)
                0x0801447c                cos
 *fill*         0x08014514        0x4 00
 .text          0x08014518      0x128 /home/laurence/CodeSourcery/Sourcery_G++_Lite/bin/../lib/gcc/arm-none-eabi/4.4.1/../../../../arm-none-eabi/lib/thumb2/libm.a(lib_a-s_floor.o)
                0x08014518                floor
 .text          0x08014640       0xa0 /home/laurence/CodeSourcery/Sourcery_G++_Lite/bin/../lib/gcc/arm-none-eabi/4.4.1/../../../../arm-none-eabi/lib/thumb2/libm.a(lib_a-s_sin.o)
                0x08014640                sin
 .text          0x080146e0       0xac /home/laurence/CodeSourcery/Sourcery_G++_Lite/bin/../lib/gcc/arm-none-eabi/4.4.1/../../../../arm-none-eabi/lib/thumb2/libm.a(lib_a-w_asin.o)
                0x080146e0                asin
 .text          0x0801478c        0x4 /home/laurence/CodeSourcery/Sourcery_G++_Lite/bin/../lib/gcc/arm-none-eabi/4.4.1/../../../../arm-none-eabi/lib/thumb2/libm.a(lib_a-w_atan2.o)
                0x0801478c                atan2
 .text          0x08014790      0x358 /home/laurence/CodeSourcery/Sourcery_G++_Lite/bin/../lib/gcc/arm-none-eabi/4.4.1/../../../../arm-none-eabi/lib/thumb2/libm.a(lib_a-w_pow.o)
                0x08014790                pow
 .text          0x08014ae8       0xac /home/laurence/CodeSourcery/Sourcery_G++_Lite/bin/../lib/gcc/arm-none-eabi/4.4.1/../../../../arm-none-eabi/lib/thumb2/libm.a(lib_a-w_sqrt.o)
                0x08014ae8                sqrt
 .text          0x08014b94       0xa8 /home/laurence/CodeSourcery/Sourcery_G++_Lite/bin/../lib/gcc/arm-none-eabi/4.4.1/../../../../arm-none-eabi/lib/thumb2/libm.a(lib_a-wf_asin.o)
                0x08014b94                asinf
 .text          0x08014c3c        0x4 /home/laurence/CodeSourcery/Sourcery_G++_Lite/bin/../lib/gcc/arm-none-eabi/4.4.1/../../../../arm-none-eabi/lib/thumb2/libm.a(lib_a-wf_atan2.o)
                0x08014c3c                atan2f
 .text          0x08014c40      0x420 /home/laurence/CodeSourcery/Sourcery_G++_Lite/bin/../lib/gcc/arm-none-eabi/4.4.1/../../../../arm-none-eabi/lib/thumb2/libm.a(lib_a-e_asin.o)
                0x08014c40                __ieee754_asin
 .text          0x08015060      0x220 /home/laurence/CodeSourcery/Sourcery_G++_Lite/bin/../lib/gcc/arm-none-eabi/4.4.1/../../../../arm-none-eabi/lib/thumb2/libm.a(lib_a-e_atan2.o)
                0x08015060                __ieee754_atan2
 .text          0x08015280      0xb60 /home/laurence/CodeSourcery/Sourcery_G++_Lite/bin/../lib/gcc/arm-none-eabi/4.4.1/../../../../arm-none-eabi/lib/thumb2/libm.a(lib_a-e_pow.o)
                0x08015280                __ieee754_pow
 .text          0x08015de0      0x418 /home/laurence/CodeSourcery/Sourcery_G++_Lite/bin/../lib/gcc/arm-none-eabi/4.4.1/../../../../arm-none-eabi/lib/thumb2/libm.a(lib_a-e_rem_pio2.o)
                0x08015de0                __ieee754_rem_pio2
 .text          0x080161f8      0x1dc /home/laurence/CodeSourcery/Sourcery_G++_Lite/bin/../lib/gcc/arm-none-eabi/4.4.1/../../../../arm-none-eabi/lib/thumb2/libm.a(lib_a-e_sqrt.o)
                0x080161f8                __ieee754_sqrt
 .text          0x080163d4      0x318 /home/laurence/CodeSourcery/Sourcery_G++_Lite/bin/../lib/gcc/arm-none-eabi/4.4.1/../../../../arm-none-eabi/lib/thumb2/libm.a(lib_a-ef_asin.o)
                0x080163d4                __ieee754_asinf
 .text          0x080166ec      0x158 /home/laurence/CodeSourcery/Sourcery_G++_Lite/bin/../lib/gcc/arm-none-eabi/4.4.1/../../../../arm-none-eabi/lib/thumb2/libm.a(lib_a-ef_atan2.o)
                0x080166ec                __ieee754_atan2f
 .text          0x08016844       0xb4 /home/laurence/CodeSourcery/Sourcery_G++_Lite/bin/../lib/gcc/arm-none-eabi/4.4.1/../../../../arm-none-eabi/lib/thumb2/libm.a(lib_a-ef_sqrt.o)
                0x08016844                __ieee754_sqrtf
 .text          0x080168f8      0x250 /home/laurence/CodeSourcery/Sourcery_G++_Lite/bin/../lib/gcc/arm-none-eabi/4.4.1/../../../../arm-none-eabi/lib/thumb2/libm.a(lib_a-k_cos.o)
                0x080168f8                __kernel_cos
 .text          0x08016b48      0x7b4 /home/laurence/CodeSourcery/Sourcery_G++_Lite/bin/../lib/gcc/arm-none-eabi/4.4.1/../../../../arm-none-eabi/lib/thumb2/libm.a(lib_a-k_rem_pio2.o)
                0x08016b48                __kernel_rem_pio2
 *fill*         0x080172fc        0x4 00
 .text          0x08017300      0x170 /home/laurence/CodeSourcery/Sourcery_G++_Lite/bin/../lib/gcc/arm-none-eabi/4.4.1/../../../../arm-none-eabi/lib/thumb2/libm.a(lib_a-k_sin.o)
                0x08017300                __kernel_sin
 .text          0x08017470      0x348 /home/laurence/CodeSourcery/Sourcery_G++_Lite/bin/../lib/gcc/arm-none-eabi/4.4.1/../../../../arm-none-eabi/lib/thumb2/libm.a(lib_a-s_atan.o)
                0x08017470                atan
 .text          0x080177b8        0x8 /home/laurence/CodeSourcery/Sourcery_G++_Lite/bin/../lib/gcc/arm-none-eabi/4.4.1/../../../../arm-none-eabi/lib/thumb2/libm.a(lib_a-s_fabs.o)
                0x080177b8                fabs
 .text          0x080177c0       0x10 /home/laurence/CodeSourcery/Sourcery_G++_Lite/bin/../lib/gcc/arm-none-eabi/4.4.1/../../../../arm-none-eabi/lib/thumb2/libm.a(lib_a-s_finite.o)
                0x080177c0                finite
 .text          0x080177d0       0x1c /home/laurence/CodeSourcery/Sourcery_G++_Lite/bin/../lib/gcc/arm-none-eabi/4.4.1/../../../../arm-none-eabi/lib/thumb2/libm.a(lib_a-s_isnand.o)
                0x080177d0                __isnand
 .text          0x080177ec        0x4 /home/laurence/CodeSourcery/Sourcery_G++_Lite/bin/../lib/gcc/arm-none-eabi/4.4.1/../../../../arm-none-eabi/lib/thumb2/libm.a(lib_a-s_matherr.o)
                0x080177ec                matherr
 .text          0x080177f0        0xc /home/laurence/CodeSourcery/Sourcery_G++_Lite/bin/../lib/gcc/arm-none-eabi/4.4.1/../../../../arm-none-eabi/lib/thumb2/libm.a(lib_a-s_nan.o)
                0x080177f0                nan
 .text          0x080177fc      0x134 /home/laurence/CodeSourcery/Sourcery_G++_Lite/bin/../lib/gcc/arm-none-eabi/4.4.1/../../../../arm-none-eabi/lib/thumb2/libm.a(lib_a-s_rint.o)
                0x080177fc                rint
 .text          0x08017930      0x118 /home/laurence/CodeSourcery/Sourcery_G++_Lite/bin/../lib/gcc/arm-none-eabi/4.4.1/../../../../arm-none-eabi/lib/thumb2/libm.a(lib_a-s_scalbn.o)
                0x08017930                scalbn
 .text          0x08017a48      0x23c /home/laurence/CodeSourcery/Sourcery_G++_Lite/bin/../lib/gcc/arm-none-eabi/4.4.1/../../../../arm-none-eabi/lib/thumb2/libm.a(lib_a-sf_atan.o)
                0x08017a48                atanf
 .text          0x08017c84        0x8 /home/laurence/CodeSourcery/Sourcery_G++_Lite/bin/../lib/gcc/arm-none-eabi/4.4.1/../../../../arm-none-eabi/lib/thumb2/libm.a(lib_a-sf_fabs.o)
                0x08017c84                fabsf
 .text          0x08017c8c       0x10 /home/laurence/CodeSourcery/Sourcery_G++_Lite/bin/../lib/gcc/arm-none-eabi/4.4.1/../../../../arm-none-eabi/lib/thumb2/libm.a(lib_a-sf_isnan.o)
                0x08017c8c                isnanf
 .text          0x08017c9c       0x18 /home/laurence/CodeSourcery/Sourcery_G++_Lite/bin/../lib/gcc/arm-none-eabi/4.4.1/../../../../arm-none-eabi/lib/thumb2/libm.a(lib_a-s_copysign.o)
                0x08017c9c                copysign
 *fill*         0x08017cb4        0x4 00
 .text          0x08017cb8      0x2b0 /home/laurence/CodeSourcery/Sourcery_G++_Lite/bin/../lib/gcc/arm-none-eabi/4.4.1/thumb2/libgcc.a(_divsi3.o)
                0x08017cb8                __aeabi_idiv
                0x08017cb8                __divsi3
                0x08017f4c                __aeabi_idivmod
 .text          0x08017f68        0x4 /home/laurence/CodeSourcery/Sourcery_G++_Lite/bin/../lib/gcc/arm-none-eabi/4.4.1/thumb2/libgcc.a(_dvmd_tls.o)
                0x08017f68                __aeabi_ldiv0
                0x08017f68                __aeabi_idiv0
 .text          0x08017f6c      0x370 /home/laurence/CodeSourcery/Sourcery_G++_Lite/bin/../lib/gcc/arm-none-eabi/4.4.1/thumb2/libgcc.a(_arm_addsubdf3.o)
                0x08017f6c                __aeabi_drsub
                0x08017f74                __aeabi_dsub
                0x08017f74                __subdf3
                0x08017f78                __adddf3
                0x08017f78                __aeabi_dadd
                0x080181f0                __aeabi_ui2d
                0x080181f0                __floatunsidf
                0x08018210                __floatsidf
                0x08018210                __aeabi_i2d
                0x08018234                __extendsfdf2
                0x08018234                __aeabi_f2d
                0x08018270                __aeabi_ul2d
                0x08018270                __floatundidf
                0x08018280                __floatdidf
                0x08018280                __aeabi_l2d
 .text          0x080182dc      0x424 /home/laurence/CodeSourcery/Sourcery_G++_Lite/bin/../lib/gcc/arm-none-eabi/4.4.1/thumb2/libgcc.a(_arm_muldivdf3.o)
                0x080182dc                __aeabi_dmul
                0x080182dc                __muldf3
                0x08018530                __aeabi_ddiv
                0x08018530                __divdf3
 .text          0x08018700      0x110 /home/laurence/CodeSourcery/Sourcery_G++_Lite/bin/../lib/gcc/arm-none-eabi/4.4.1/thumb2/libgcc.a(_arm_cmpdf2.o)
                0x08018700                __gtdf2
                0x08018700                __gedf2
                0x08018708                __ltdf2
                0x08018708                __ledf2
                0x08018710                __cmpdf2
                0x08018710                __eqdf2
                0x08018710                __nedf2
                0x0801878c                __aeabi_cdrcmple
                0x0801879c                __aeabi_cdcmple
                0x0801879c                __aeabi_cdcmpeq
                0x080187ac                __aeabi_dcmpeq
                0x080187c0                __aeabi_dcmplt
                0x080187d4                __aeabi_dcmple
                0x080187e8                __aeabi_dcmpge
                0x080187fc                __aeabi_dcmpgt
 .text          0x08018810       0x50 /home/laurence/CodeSourcery/Sourcery_G++_Lite/bin/../lib/gcc/arm-none-eabi/4.4.1/thumb2/libgcc.a(_arm_fixdfsi.o)
                0x08018810                __fixdfsi
                0x08018810                __aeabi_d2iz
 .text          0x08018860       0x40 /home/laurence/CodeSourcery/Sourcery_G++_Lite/bin/../lib/gcc/arm-none-eabi/4.4.1/thumb2/libgcc.a(_arm_fixunsdfsi.o)
                0x08018860                __fixunsdfsi
                0x08018860                __aeabi_d2uiz
 .text          0x080188a0       0xa0 /home/laurence/CodeSourcery/Sourcery_G++_Lite/bin/../lib/gcc/arm-none-eabi/4.4.1/thumb2/libgcc.a(_arm_truncdfsf2.o)
                0x080188a0                __aeabi_d2f
                0x080188a0                __truncdfsf2
 .text          0x08018940      0x21c /home/laurence/CodeSourcery/Sourcery_G++_Lite/bin/../lib/gcc/arm-none-eabi/4.4.1/thumb2/libgcc.a(_arm_addsubsf3.o)
                0x08018940                __aeabi_frsub
                0x08018948                __subsf3
                0x08018948                __aeabi_fsub
                0x0801894c                __aeabi_fadd
                0x0801894c                __addsf3
                0x08018aac                __aeabi_ui2f
                0x08018aac                __floatunsisf
                0x08018ab4                __aeabi_i2f
                0x08018ab4                __floatsisf
                0x08018ad0                __floatundisf
                0x08018ad0                __aeabi_ul2f
                0x08018ae0                __floatdisf
                0x08018ae0                __aeabi_l2f
 .text          0x08018b5c      0x2a0 /home/laurence/CodeSourcery/Sourcery_G++_Lite/bin/../lib/gcc/arm-none-eabi/4.4.1/thumb2/libgcc.a(_arm_muldivsf3.o)
                0x08018b5c                __mulsf3
                0x08018b5c                __aeabi_fmul
                0x08018cc4                __divsf3
                0x08018cc4                __aeabi_fdiv
 .text          0x08018dfc       0xec /home/laurence/CodeSourcery/Sourcery_G++_Lite/bin/../lib/gcc/arm-none-eabi/4.4.1/thumb2/libgcc.a(_arm_cmpsf2.o)
                0x08018dfc                __gtsf2
                0x08018dfc                __gesf2
                0x08018e04                __lesf2
                0x08018e04                __ltsf2
                0x08018e0c                __nesf2
                0x08018e0c                __eqsf2
                0x08018e0c                __cmpsf2
                0x08018e6c                __aeabi_cfrcmple
                0x08018e74                __aeabi_cfcmple
                0x08018e74                __aeabi_cfcmpeq
                0x08018e84                __aeabi_fcmpeq
                0x08018e98                __aeabi_fcmplt
                0x08018eac                __aeabi_fcmple
                0x08018ec0                __aeabi_fcmpge
                0x08018ed4                __aeabi_fcmpgt
 .text          0x08018ee8       0x4c /home/laurence/CodeSourcery/Sourcery_G++_Lite/bin/../lib/gcc/arm-none-eabi/4.4.1/thumb2/libgcc.a(_arm_fixsfsi.o)
                0x08018ee8                __fixsfsi
                0x08018ee8                __aeabi_f2iz
 .text          0x08018f34       0x40 /home/laurence/CodeSourcery/Sourcery_G++_Lite/bin/../lib/gcc/arm-none-eabi/4.4.1/thumb2/libgcc.a(_arm_fixunssfsi.o)
                0x08018f34                __aeabi_f2uiz
                0x08018f34                __fixunssfsi
 .text          0x08018f74       0x38 /home/laurence/CodeSourcery/Sourcery_G++_Lite/bin/../lib/gcc/arm-none-eabi/4.4.1/thumb2/libgcc.a(_aeabi_ldivmod.o)
                0x08018f74                __aeabi_ldivmod
 .text          0x08018fac       0x2c /home/laurence/CodeSourcery/Sourcery_G++_Lite/bin/../lib/gcc/arm-none-eabi/4.4.1/thumb2/libgcc.a(_fixsfdi.o)
                0x08018fac                __aeabi_f2lz
                0x08018fac                __fixsfdi
 .text          0x08018fd8       0x48 /home/laurence/CodeSourcery/Sourcery_G++_Lite/bin/../lib/gcc/arm-none-eabi/4.4.1/thumb2/libgcc.a(_fixunssfdi.o)
                0x08018fd8                __aeabi_f2ulz
                0x08018fd8                __fixunssfdi
 .text          0x08019020       0x58 /home/laurence/CodeSourcery/Sourcery_G++_Lite/bin/../lib/gcc/arm-none-eabi/4.4.1/thumb2/libgcc.a(bpabi.o)
                0x08019020                __gnu_uldivmod_helper
                0x0801904c                __gnu_ldivmod_helper
 .text          0x08019078      0x364 /home/laurence/CodeSourcery/Sourcery_G++_Lite/bin/../lib/gcc/arm-none-eabi/4.4.1/thumb2/libgcc.a(_divdi3.o)
                0x08019078                __divdi3
 .text          0x080193dc      0x300 /home/laurence/CodeSourcery/Sourcery_G++_Lite/bin/../lib/gcc/arm-none-eabi/4.4.1/thumb2/libgcc.a(_udivdi3.o)
                0x080193dc                __udivdi3
 *fill*         0x080196dc        0x4 00
 .text          0x080196e0      0x278 /home/laurence/CodeSourcery/Sourcery_G++_Lite/bin/../lib/gcc/arm-none-eabi/4.4.1/thumb2/libgcc.a(_udivsi3.o)
                0x080196e0                __udivsi3
                0x080196e0                __aeabi_uidiv
                0x0801993c                __aeabi_uidivmod
 .text          0x08019958        0xc /home/laurence/CodeSourcery/Sourcery_G++_Lite/bin/../lib/gcc/arm-none-eabi/4.4.1/../../../../arm-none-eabi/lib/thumb2/libc.a(lib_a-errno.o)
                0x08019958                __errno
 .text          0x08019964       0x20 /home/laurence/CodeSourcery/Sourcery_G++_Lite/bin/../lib/gcc/arm-none-eabi/4.4.1/../../../../arm-none-eabi/lib/thumb2/libc.a(lib_a-malloc.o)
                0x08019964                free
                0x08019974                malloc
 .text          0x08019984      0x5a4 /home/laurence/CodeSourcery/Sourcery_G++_Lite/bin/../lib/gcc/arm-none-eabi/4.4.1/../../../../arm-none-eabi/lib/thumb2/libc.a(lib_a-mallocr.o)
                0x08019984                _malloc_r
 .text          0x08019f28      0x190 /home/laurence/CodeSourcery/Sourcery_G++_Lite/bin/../lib/gcc/arm-none-eabi/4.4.1/../../../../arm-none-eabi/lib/thumb2/libc.a(lib_a-memcpy.o)
                0x08019f28                memcpy
 .text          0x0801a0b8       0xd4 /home/laurence/CodeSourcery/Sourcery_G++_Lite/bin/../lib/gcc/arm-none-eabi/4.4.1/../../../../arm-none-eabi/lib/thumb2/libc.a(lib_a-memset.o)
                0x0801a0b8                memset
 .text          0x0801a18c        0x8 /home/laurence/CodeSourcery/Sourcery_G++_Lite/bin/../lib/gcc/arm-none-eabi/4.4.1/../../../../arm-none-eabi/lib/thumb2/libc.a(lib_a-mlock.o)
                0x0801a18c                __malloc_lock
                0x0801a190                __malloc_unlock
 *fill*         0x0801a194        0x4 00
 .text          0x0801a198      0x108 /home/laurence/CodeSourcery/Sourcery_G++_Lite/bin/../lib/gcc/arm-none-eabi/4.4.1/../../../../arm-none-eabi/lib/thumb2/libc.a(lib_a-rand.o)
                0x0801a198                rand
                0x0801a240                srand
 .text          0x0801a2a0       0x28 /home/laurence/CodeSourcery/Sourcery_G++_Lite/bin/../lib/gcc/arm-none-eabi/4.4.1/../../../../arm-none-eabi/lib/thumb2/libc.a(lib_a-sbrkr.o)
                0x0801a2a0                _sbrk_r
 .text          0x0801a2c8       0xbc /home/laurence/CodeSourcery/Sourcery_G++_Lite/bin/../lib/gcc/arm-none-eabi/4.4.1/../../../../arm-none-eabi/lib/thumb2/libc.a(lib_a-strcpy.o)
                0x0801a2c8                strcpy
 .text          0x0801a384      0x268 /home/laurence/CodeSourcery/Sourcery_G++_Lite/bin/../lib/gcc/arm-none-eabi/4.4.1/../../../../arm-none-eabi/lib/thumb2/libc.a(lib_a-freer.o)
                0x0801a384                _malloc_trim_r
                0x0801a42c                _free_r
 .text          0x0801a5ec       0x30 /home/laurence/CodeSourcery/Sourcery_G++_Lite/bin/../lib/gcc/arm-none-eabi/4.4.1/../../../../arm-none-eabi/lib/thumb2/libcs3.a(start_c.o)
                0x0801a5ec                __cs3_premain
 .text.cs3.init
                0x0801a61c       0x5c /home/laurence/CodeSourcery/Sourcery_G++_Lite/bin/../lib/gcc/arm-none-eabi/4.4.1/../../../../arm-none-eabi/lib/thumb2/libcs3.a(start_c.o)
                0x0801a61c                __cs3_start_c
 .text          0x0801a678       0x44 /home/laurence/CodeSourcery/Sourcery_G++_Lite/bin/../lib/gcc/arm-none-eabi/4.4.1/../../../../arm-none-eabi/lib/thumb2/libcs3unhosted.a(unhosted-sbrk.o)
                0x0801a678                _sbrk
 .text.cs3.init
                0x0801a6bc       0x10 /home/laurence/CodeSourcery/Sourcery_G++_Lite/bin/../lib/gcc/arm-none-eabi/4.4.1/../../../../arm-none-eabi/lib/thumb2/libcs3unhosted.a(unhosted-start.o)
                0x0801a6bc                _start
 .text          0x0801a6cc        0x2 lib/libcs3-lanchon-stm32.a(lanchon_stm32_isr_interrupt.o)
                0x0801a6cc                MemManageException
                0x0801a6cc                BusFaultException
                0x0801a6cc                DMAChannel7_IRQHandler
                0x0801a6cc                DebugMonitor
                0x0801a6cc                SVCHandler
                0x0801a6cc                HardFaultException
                0x0801a6cc                __STM32ReservedException8
                0x0801a6cc                USB_HP_CAN_TX_IRQHandler
                0x0801a6cc                __STM32DefaultExceptionHandler
                0x0801a6cc                DMAChannel1_IRQHandler
                0x0801a6cc                CAN_SCE_IRQHandler
                0x0801a6cc                __STM32ReservedException10
                0x0801a6cc                __STM32ReservedException13
                0x0801a6cc                NMIException
                0x0801a6cc                DMAChannel4_IRQHandler
                0x0801a6cc                SysTickHandler
                0x0801a6cc                PendSVC
                0x0801a6cc                CAN_RX1_IRQHandler
                0x0801a6cc                ADC_IRQHandler
                0x0801a6cc                DMAChannel5_IRQHandler
                0x0801a6cc                DMAChannel2_IRQHandler
                0x0801a6cc                USB_LP_CAN_RX0_IRQHandler
                0x0801a6cc                __STM32ReservedException7
                0x0801a6cc                UsageFaultException
                0x0801a6cc                DMAChannel6_IRQHandler
                0x0801a6cc                DMAChannel3_IRQHandler
                0x0801a6cc                __STM32ReservedException9
 *fill*         0x0801a6ce        0x2 00
 .text          0x0801a6d0       0x50 /home/laurence/CodeSourcery/Sourcery_G++_Lite/bin/../lib/gcc/arm-none-eabi/4.4.1/../../../../arm-none-eabi/lib/thumb2/libc.a(lib_a-init.o)
                0x0801a6d0                __libc_init_array
 *(.plt)
 *(.gnu.warning)
 *(.glue_7t)
 .glue_7t       0x00000000        0x0 linker stubs
 *(.glue_7)
 .glue_7        0x00000000        0x0 linker stubs
 *(.vfp11_veneer)
 .vfp11_veneer  0x00000000        0x0 linker stubs
 *(.rodata .rodata.* .gnu.linkonce.r.*)
 .rodata        0x0801a720      0x888 Sensors/earth_field.o
 .rodata.str1.1
                0x0801afa8        0x9 Sensors/earth_field.o
 *fill*         0x0801afb1        0x3 00
 .rodata        0x0801afb4       0x9c Sensors/sensorcal.o
                0x0801afb4                Acc_Cal_Dat
                0x0801afe8                Mag_Cal_Dat
                0x0801b01c                Gyr_Cal_Dat
 .rodata        0x0801b050       0xc4 Sensors/ubx.o
 .rodata.str1.1
                0x0801b114      0x13b Sensors/ubx.o
 .rodata.str1.1
                0x0801b24f        0xf Util/Fatfs/ff.o
 *fill*         0x0801b25e        0x2 00
 .rodata        0x0801b260        0xc Util/Fatfs/rtc.o
 *fill*         0x0801b26c        0x4 00
 .rodata        0x0801b270      0x1d8 Util/RF22/RF22.o
                0x0801b270                _ZTV4RF22
 .rodata._ZTV12RF22Datagram
                0x0801b448       0x10 Util/RF22/RF22Datagram.o
                0x0801b448                _ZTV12RF22Datagram
 .rodata        0x0801b458       0x20 Util/RF22/RF22Mesh.o
                0x0801b458                _ZTV8RF22Mesh
 .rodata._ZTV20RF22ReliableDatagram
                0x0801b478       0x10 Util/RF22/RF22ReliableDatagram.o
                0x0801b478                _ZTV20RF22ReliableDatagram
 .rodata        0x0801b488       0x18 Util/RF22/RF22Router.o
                0x0801b488                _ZTV10RF22Router
 .rodata        0x0801b4a0      0x100 Util/crc.o
 .rodata        0x0801b5a0       0x14 Util/rprintf.o
 .rodata.str1.1
                0x0801b5b4        0x6 Util/rprintf.o
 *fill*         0x0801b5ba        0x2 00
 .rodata        0x0801b5bc       0x44 Util/uavtalk.o
                0x0801b5bc                UAVtalk_objects
                0x0801b5dc                UAVtalk_lenghts
                0x0801b5e4                UAVtalk_stream_objs
                0x0801b5ec                UAVtalk_stream_types
                0x0801b5f4                UAVtalk_stream_timeouts
 .rodata        0x0801b600       0x20 i2c_int.o
                0x0801b600                Magno_config
                0x0801b604                Magno_single
                0x0801b608                Bmp_temperature
                0x0801b60c                Bmp_pressure
                0x0801b610                Accel_config
                0x0801b614                Gyro_config
                0x0801b618                Gyro_clk_config
                0x0801b61c                Pitot_conv
 .rodata        0x0801b620       0x14 lib/CMSIS_CM3/system_stm32f10x.o
                0x0801b620                SystemFrequency
                0x0801b624                SystemFrequency_SysClk
                0x0801b628                SystemFrequency_AHBClk
                0x0801b62c                SystemFrequency_APB1Clk
                0x0801b630                SystemFrequency_APB2Clk
 .rodata.str1.1
                0x0801b634      0x419 main.o
 *fill*         0x0801ba4d        0x3 00
 .rodata.str1.4
                0x0801ba50        0x5 /home/laurence/CodeSourcery/Sourcery_G++_Lite/bin/../lib/gcc/arm-none-eabi/4.4.1/../../../../arm-none-eabi/lib/thumb2/libm.a(lib_a-w_asin.o)
                                  0xc (size before relaxing)
 *fill*         0x0801ba55        0x3 00
 .rodata.str1.4
                0x0801ba58        0x4 /home/laurence/CodeSourcery/Sourcery_G++_Lite/bin/../lib/gcc/arm-none-eabi/4.4.1/../../../../arm-none-eabi/lib/thumb2/libm.a(lib_a-w_pow.o)
 .rodata.str1.4
                0x0801ba5c        0x5 /home/laurence/CodeSourcery/Sourcery_G++_Lite/bin/../lib/gcc/arm-none-eabi/4.4.1/../../../../arm-none-eabi/lib/thumb2/libm.a(lib_a-w_sqrt.o)
                                  0x8 (size before relaxing)
 *fill*         0x0801ba61        0x3 00
 .rodata.str1.4
                0x0801ba64        0x6 /home/laurence/CodeSourcery/Sourcery_G++_Lite/bin/../lib/gcc/arm-none-eabi/4.4.1/../../../../arm-none-eabi/lib/thumb2/libm.a(lib_a-wf_asin.o)
                                  0xc (size before relaxing)
 *fill*         0x0801ba6a        0x6 00
 .rodata        0x0801ba70       0x30 /home/laurence/CodeSourcery/Sourcery_G++_Lite/bin/../lib/gcc/arm-none-eabi/4.4.1/../../../../arm-none-eabi/lib/thumb2/libm.a(lib_a-e_pow.o)
 .rodata.str1.4
                0x00000000        0x4 /home/laurence/CodeSourcery/Sourcery_G++_Lite/bin/../lib/gcc/arm-none-eabi/4.4.1/../../../../arm-none-eabi/lib/thumb2/libm.a(lib_a-e_pow.o)
 .rodata        0x0801baa0      0x188 /home/laurence/CodeSourcery/Sourcery_G++_Lite/bin/../lib/gcc/arm-none-eabi/4.4.1/../../../../arm-none-eabi/lib/thumb2/libm.a(lib_a-e_rem_pio2.o)
 .rodata        0x0801bc28       0x50 /home/laurence/CodeSourcery/Sourcery_G++_Lite/bin/../lib/gcc/arm-none-eabi/4.4.1/../../../../arm-none-eabi/lib/thumb2/libm.a(lib_a-k_rem_pio2.o)
 .rodata        0x0801bc78       0x40 /home/laurence/CodeSourcery/Sourcery_G++_Lite/bin/../lib/gcc/arm-none-eabi/4.4.1/../../../../arm-none-eabi/lib/thumb2/libm.a(lib_a-s_atan.o)
 .rodata        0x0801bcb8       0x10 /home/laurence/CodeSourcery/Sourcery_G++_Lite/bin/../lib/gcc/arm-none-eabi/4.4.1/../../../../arm-none-eabi/lib/thumb2/libm.a(lib_a-s_rint.o)
 .rodata        0x0801bcc8       0x20 /home/laurence/CodeSourcery/Sourcery_G++_Lite/bin/../lib/gcc/arm-none-eabi/4.4.1/../../../../arm-none-eabi/lib/thumb2/libm.a(lib_a-sf_atan.o)
 .rodata.str1.4
                0x0801bce8        0x4 /home/laurence/CodeSourcery/Sourcery_G++_Lite/bin/../lib/gcc/arm-none-eabi/4.4.1/../../../../arm-none-eabi/lib/thumb2/libc.a(lib_a-impure.o)
 *(.ARM.extab* .gnu.linkonce.armextab.*)
 *(.gcc_except_table)
 *(.eh_frame_hdr)
 *(.eh_frame)
                0x0801bcec                . = ALIGN (0x4)
 *(.init)
 .init          0x0801bcec        0x4 /home/laurence/CodeSourcery/Sourcery_G++_Lite/bin/../lib/gcc/arm-none-eabi/4.4.1/thumb2/crti.o
                0x0801bcec                _init
 .init          0x0801bcf0        0x8 /home/laurence/CodeSourcery/Sourcery_G++_Lite/bin/../lib/gcc/arm-none-eabi/4.4.1/thumb2/crtn.o
                0x0801bcf8                . = ALIGN (0x4)
                0x0801bcf8                __preinit_array_start = .
 *(.preinit_array)
                0x0801bcf8                __preinit_array_end = .
                0x0801bcf8                . = ALIGN (0x4)
                0x0801bcf8                __init_array_start = .
 *(SORT(.init_array.*))
 *(.init_array)
 .init_array    0x0801bcf8        0x4 /home/laurence/CodeSourcery/Sourcery_G++_Lite/bin/../lib/gcc/arm-none-eabi/4.4.1/thumb2/crtbegin.o
 .init_array    0x0801bcfc        0x4 Util/RF22/ctocpp.o
                0x0801bd00                __init_array_end = .
                0x0801bd00                . = ALIGN (0x4)
 *crtbegin.o(.ctors)
 *(EXCLUDE_FILE(*crtend.o) .ctors)
 *(SORT(.ctors.*))
 *crtend.o(.ctors)
                0x0801bd00                . = ALIGN (0x4)
 *(.fini)
 .fini          0x0801bd00        0x4 /home/laurence/CodeSourcery/Sourcery_G++_Lite/bin/../lib/gcc/arm-none-eabi/4.4.1/thumb2/crti.o
                0x0801bd00                _fini
 .fini          0x0801bd04        0x8 /home/laurence/CodeSourcery/Sourcery_G++_Lite/bin/../lib/gcc/arm-none-eabi/4.4.1/thumb2/crtn.o
                0x0801bd0c                . = ALIGN (0x4)
                0x0801bd0c                __fini_array_start = .
 *(.fini_array)
 .fini_array    0x0801bd0c        0x4 /home/laurence/CodeSourcery/Sourcery_G++_Lite/bin/../lib/gcc/arm-none-eabi/4.4.1/thumb2/crtbegin.o
 *(SORT(.fini_array.*))
                0x0801bd10                __fini_array_end = .
 *crtbegin.o(.dtors)
 *(EXCLUDE_FILE(*crtend.o) .dtors)
 *(SORT(.dtors.*))
 *crtend.o(.dtors)
                0x0801bd10                . = ALIGN (0x4)
                0x0801bd10                __cs3_regions = .
                0x0801bd10        0x4 LONG 0x0
                0x0801bd14        0x4 LONG 0x801bd30 __cs3_region_init_ram
                0x0801bd18        0x4 LONG 0x20000000 __cs3_region_start_ram
                0x0801bd1c        0x4 LONG 0x688 __cs3_region_init_size_ram
                0x0801bd20        0x4 LONG 0x1b10 __cs3_region_zero_size_ram
                0x0801bd24                __exidx_start = .

.v4_bx          0x0801bd24        0x0
 .v4_bx         0x00000000        0x0 linker stubs

.ARM.exidx      0x0801bd24        0x8
 *(.ARM.exidx* .gnu.linkonce.armexidx.*)
 .ARM.exidx     0x0801bd24        0x8 /home/laurence/CodeSourcery/Sourcery_G++_Lite/bin/../lib/gcc/arm-none-eabi/4.4.1/thumb2/libgcc.a(_divdi3.o)
 .ARM.exidx     0x0801bd2c        0x0 /home/laurence/CodeSourcery/Sourcery_G++_Lite/bin/../lib/gcc/arm-none-eabi/4.4.1/thumb2/libgcc.a(_udivdi3.o)
                                  0x8 (size before relaxing)
                0x0801bd2c                __exidx_end = .

.text.align     0x0801bd2c        0x4
                0x0801bd30                . = ALIGN (0x8)
 *fill*         0x0801bd2c        0x4 00
                0x0801bd30                _etext = .
                0x08020000                __cs3_region_end_rom = (__cs3_region_start_rom + 0x20000)
                0x00020000                __cs3_region_size_rom = 0x20000
                0x00000001                __cs3_region_num = 0x1

.data           0x20000000      0x688 load address 0x0801bd30
                0x20000000                __cs3_region_start_ram = .
 *(.cs3.region-head.ram)
 *(.jcr)
 .jcr           0x20000000        0x0 /home/laurence/CodeSourcery/Sourcery_G++_Lite/bin/../lib/gcc/arm-none-eabi/4.4.1/thumb2/crtbegin.o
 .jcr           0x20000000        0x4 /home/laurence/CodeSourcery/Sourcery_G++_Lite/bin/../lib/gcc/arm-none-eabi/4.4.1/thumb2/crtend.o
 *(.got.plt)
 *(.got)
 *(.shdata)
 *(.data .data.* .gnu.linkonce.d.*)
 .data          0x20000004        0x1 Util/Fatfs/sd_spi_stm32.o
 *fill*         0x20000005        0x3 00
 .data          0x20000008       0x28 Util/uavtalk.o
                0x20000008                UAVtalk_conf
 .data          0x20000030       0x78 i2c_int.o
                0x20000030                I2C_jobs
 .data          0x200000a8        0x1 main.o
                0x200000a8                Spi_Locked
 *fill*         0x200000a9        0x3 00
 .data          0x200000ac        0x4 Control/ekf.o
                0x200000ac                Ge
 .data          0x200000b0       0xb0 Control/imu.o
 .data          0x20000160       0x14 lib/STM32F10x_StdPeriph_Driver/libstm32fw.a(stm32f10x_rcc.o)
 .data          0x20000174        0x1 /home/laurence/CodeSourcery/Sourcery_G++_Lite/bin/../lib/gcc/arm-none-eabi/4.4.1/../../../../arm-none-eabi/lib/thumb2/libm.a(lib_a-s_lib_ver.o)
                0x20000174                __fdlib_version
 *fill*         0x20000175        0x3 00
 .data          0x20000178       0xf4 /home/laurence/CodeSourcery/Sourcery_G++_Lite/bin/../lib/gcc/arm-none-eabi/4.4.1/../../../../arm-none-eabi/lib/thumb2/libc.a(lib_a-impure.o)
                0x20000178                _impure_ptr
 .data          0x2000026c      0x410 /home/laurence/CodeSourcery/Sourcery_G++_Lite/bin/../lib/gcc/arm-none-eabi/4.4.1/../../../../arm-none-eabi/lib/thumb2/libc.a(lib_a-mallocr.o)
                0x2000026c                __malloc_av_
                0x20000674                __malloc_sbrk_base
                0x20000678                __malloc_trim_threshold
 .data          0x2000067c        0x4 /home/laurence/CodeSourcery/Sourcery_G++_Lite/bin/../lib/gcc/arm-none-eabi/4.4.1/../../../../arm-none-eabi/lib/thumb2/libcs3unhosted.a(unhosted-sbrk.o)
 .data          0x20000680        0x4 /home/laurence/CodeSourcery/Sourcery_G++_Lite/bin/../lib/gcc/arm-none-eabi/4.4.1/../../../../arm-none-eabi/lib/thumb2/libcs3.a(heap.o)
                0x20000680                __cs3_heap_limit
 *(.ram)
                0x20000688                . = ALIGN (0x8)
 *fill*         0x20000684        0x4 00
                0x20000688                _edata = .

.bss            0x20000688     0x1b10 load address 0x0801c3b8
 *(.shbss)
 *(.bss .bss.* .gnu.linkonce.b.*)
 .bss           0x20000688        0x1 /home/laurence/CodeSourcery/Sourcery_G++_Lite/bin/../lib/gcc/arm-none-eabi/4.4.1/thumb2/crtbegin.o
 *fill*         0x20000689        0x3 00
 .bss           0x2000068c       0x24 Sensors/accel_down.o
                0x200006a8                Accel_Data_Buffer
 .bss           0x200006b0       0x28 Sensors/bmp085.o
                0x200006b0                Sea_Level_Pressure
                0x200006b4                Our_Sensorcal
                0x200006cc                Bmp_temp
                0x200006d0                Bmp_Temp_Buffer
                0x200006d4                Bmp_Press_Buffer
 .bss           0x200006d8        0xc Sensors/earth_field.o
 .bss           0x200006e4        0x4 Sensors/pitot.o
                0x200006e4                Pitot_Pressure
 .bss           0x200006e8        0xa Sensors/ubx.o
 *fill*         0x200006f2        0x2 00
 .bss           0x200006f4        0x8 Util/Fatfs/ff.o
 .bss           0x200006fc       0x10 Util/Fatfs/sd_spi_stm32.o
 .bss           0x2000070c        0x8 Util/RF22/RF22.o
                0x2000070c                _ZN4RF2217_RF22ForInterruptE
 .bss           0x20000714       0x3c Util/RF22/RF22Mesh.o
                0x20000714                _ZN8RF22Mesh11_tmpMessageE
 .bss           0x20000750       0x40 Util/RF22/RF22Router.o
                0x20000750                _ZN10RF22Router11_tmpMessageE
 .bss           0x20000790      0x180 Util/RF22/ctocpp.o
                0x20000790                rf22
 .bss           0x20000910       0x84 Util/rprintf.o
 .bss           0x20000994       0x44 Util/uavtalk.o
                0x200009a0                UAVtalk_semaphores
                0x200009a8                UAVtalk_pointers
                0x200009c8                UAVtalk_stream_timers
 .bss           0x200009d8       0x10 i2c_int.o
                0x200009d8                Jobs
                0x200009dc                I2C1error
                0x200009de                job
                0x200009e4                Completed_Jobs
 .bss           0x200009e8        0x8 interrupts.o
 .bss           0x200009f0      0x9cc main.o
                0x200009f0                Gps_Buffer
                0x20000af8                Millis
                0x20000afc                Gps
                0x20000b30                Home_Position
                0x20000b80                Long_To_Meters_Home
                0x20000db4                f_err_code
                0x20000db8                FATFS_logfile
                0x20000fdc                Kalman_Enabled
                0x20000fe0                Si4432_buff
                0x200010e8                UAVtalk_Attitude_Array
                0x20001104                Nav_Global
                0x20001138                UAVtalk_Altitude_Array
                0x20001144                Waypoint_Global
                0x20001150                uavtalk_usart_port
                0x200011e4                Usart1tx
                0x200012ec                Nav_Flag
                0x200012ed                New_Waypoint_Flagged
                0x200012f0                uavtalk_si4432_port
                0x20001384                Ground_Flag
                0x20001388                Balt
                0x2000138c                GCS_Telem
                0x200013a4                Flight_Telem
 .bss           0x200013bc       0x1c pwm.o
                0x200013bc                TIM_TimeBaseStructure
                0x200013c8                TIM_OCInitStructure
 .bss           0x200013d8      0x104 usart.o
                0x200013d8                Usart1_rx_buff
 .bss           0x200014dc      0xbf8 Control/ekf.o
                0x200014dc                Be
                0x200014e8                P
                0x2000178c                X
                0x200017c0                Q
                0x200017e4                R
                0x2000180c                F
                0x20001ab0                G
                0x20001c84                K
                0x20001e8c                H
                0x20002094                Nav
                0x200020c8                zeros
 .bss           0x200020d4       0x88 Control/imu.o
                0x200020d4                Accel_Access_Flag
                0x200020e4                Gyro_Data_Buffer
                0x2000212c                Magno_Data_Buffer
                0x20002154                Accel_Data_Vector
 .bss           0x2000215c       0x34 /home/laurence/CodeSourcery/Sourcery_G++_Lite/bin/../lib/gcc/arm-none-eabi/4.4.1/../../../../arm-none-eabi/lib/thumb2/libc.a(lib_a-mallocr.o)
                0x2000215c                __malloc_top_pad
                0x20002160                __malloc_current_mallinfo
                0x20002188                __malloc_max_sbrked_mem
                0x2000218c                __malloc_max_total_mem
 *(COMMON)
 COMMON         0x20002190        0x4 /home/laurence/CodeSourcery/Sourcery_G++_Lite/bin/../lib/gcc/arm-none-eabi/4.4.1/../../../../arm-none-eabi/lib/thumb2/libc.a(lib_a-reent.o)
                0x20002190                errno
 *(.ram.b)
                0x20002198                . = ALIGN (0x8)
 *fill*         0x20002194        0x4 00
                0x20002198                _end = .
                0x20002198                __end = .
                0x20005000                __cs3_region_end_ram = (__cs3_region_start_ram + 0x5000)
                0x00005000                __cs3_region_size_ram = 0x5000
                0x0801bd30                __cs3_region_init_ram = LOADADDR (.data)
                0x00000688                __cs3_region_init_size_ram = (_edata - ADDR (.data))
                0x00001b10                __cs3_region_zero_size_ram = (_end - _edata)
                0x00000001                __cs3_region_num = 0x1

.stab
 *(.stab)

.stabstr
 *(.stabstr)

.debug
 *(.debug)

.line
 *(.line)

.debug_srcinfo
 *(.debug_srcinfo)

.debug_sfnames
 *(.debug_sfnames)

.debug_aranges
 *(.debug_aranges)

.debug_pubnames
 *(.debug_pubnames)

.debug_info
 *(.debug_info .gnu.linkonce.wi.*)

.debug_abbrev
 *(.debug_abbrev)

.debug_line
 *(.debug_line)

.comment        0x00000000      0x891
 .comment       0x00000000       0x2b Sensors/accel_down.o
 .comment       0x0000002b       0x2b Sensors/bmp085.o
 .comment       0x00000056       0x2b Sensors/earth_field.o
 .comment       0x00000081       0x2b Sensors/pitot.o
 .comment       0x000000ac       0x2b Sensors/sensorcal.o
 .comment       0x000000d7       0x2b Sensors/ubx.o
 .comment       0x00000102       0x2b Util/Fatfs/fattime.o
 .comment       0x0000012d       0x2b Util/Fatfs/ff.o
 .comment       0x00000158       0x2b Util/Fatfs/rtc.o
 .comment       0x00000183       0x2b Util/Fatfs/sd_spi_stm32.o
 .comment       0x000001ae       0x2b Util/RF22/RF22.o
 .comment       0x000001d9       0x2b Util/RF22/RF22Datagram.o
 .comment       0x00000204       0x2b Util/RF22/RF22Mesh.o
 .comment       0x0000022f       0x2b Util/RF22/RF22ReliableDatagram.o
 .comment       0x0000025a       0x2b Util/RF22/RF22Router.o
 .comment       0x00000285       0x2b Util/RF22/ctocpp.o
 .comment       0x000002b0       0x2b Util/atmospherics.o
 .comment       0x000002db       0x2b Util/coords.o
 .comment       0x00000306       0x2b Util/crc.o
 .comment       0x00000331       0x2b Util/delay.o
 .comment       0x0000035c       0x2b Util/gravity.o
 .comment       0x00000387       0x2b Util/rprintf.o
 .comment       0x000003b2       0x2b Util/time.o
 .comment       0x000003dd       0x2b Util/uavtalk.o
 .comment       0x00000408       0x2b dma.o
 .comment       0x00000433       0x2b gpio.o
 .comment       0x0000045e       0x2b i2c_int.o
 .comment       0x00000489       0x2b interrupts.o
 .comment       0x000004b4       0x2b lib/CMSIS_CM3/core_cm3.o
 .comment       0x000004df       0x2b lib/CMSIS_CM3/system_stm32f10x.o
 .comment       0x0000050a       0x2b main.o
 .comment       0x00000535       0x2b pwm.o
 .comment       0x00000560       0x2b usart.o
 .comment       0x0000058b       0x2b watchdog.o
 .comment       0x000005b6       0x2b Control/ekf.o
 .comment       0x000005e1       0x2b Control/imu.o
 .comment       0x0000060c       0x2b Control/loops.o
 .comment       0x00000637       0x2b Control/servos.o
 .comment       0x00000662       0x2b lib/STM32F10x_StdPeriph_Driver/libstm32fw.a(misc.o)
 .comment       0x0000068d       0x2b lib/STM32F10x_StdPeriph_Driver/libstm32fw.a(stm32f10x_bkp.o)
 .comment       0x000006b8       0x2b lib/STM32F10x_StdPeriph_Driver/libstm32fw.a(stm32f10x_dma.o)
 .comment       0x000006e3       0x2b lib/STM32F10x_StdPeriph_Driver/libstm32fw.a(stm32f10x_exti.o)
 .comment       0x0000070e       0x2b lib/STM32F10x_StdPeriph_Driver/libstm32fw.a(stm32f10x_gpio.o)
 .comment       0x00000739       0x2b lib/STM32F10x_StdPeriph_Driver/libstm32fw.a(stm32f10x_i2c.o)
 .comment       0x00000764       0x2b lib/STM32F10x_StdPeriph_Driver/libstm32fw.a(stm32f10x_iwdg.o)
 .comment       0x0000078f       0x2b lib/STM32F10x_StdPeriph_Driver/libstm32fw.a(stm32f10x_pwr.o)
 .comment       0x000007ba       0x2b lib/STM32F10x_StdPeriph_Driver/libstm32fw.a(stm32f10x_rcc.o)
 .comment       0x000007e5       0x2b lib/STM32F10x_StdPeriph_Driver/libstm32fw.a(stm32f10x_rtc.o)
 .comment       0x00000810       0x2b lib/STM32F10x_StdPeriph_Driver/libstm32fw.a(stm32f10x_spi.o)
 .comment       0x0000083b       0x2b lib/STM32F10x_StdPeriph_Driver/libstm32fw.a(stm32f10x_tim.o)
 .comment       0x00000866       0x2b lib/STM32F10x_StdPeriph_Driver/libstm32fw.a(stm32f10x_usart.o)

.debug_frame    0x00000000      0xa4c
 *(.debug_frame)
 .debug_frame   0x00000000       0x34 /home/laurence/CodeSourcery/Sourcery_G++_Lite/bin/../lib/gcc/arm-none-eabi/4.4.1/../../../../arm-none-eabi/lib/thumb2/libm.a(lib_a-s_cos.o)
 .debug_frame   0x00000034       0x34 /home/laurence/CodeSourcery/Sourcery_G++_Lite/bin/../lib/gcc/arm-none-eabi/4.4.1/../../../../arm-none-eabi/lib/thumb2/libm.a(lib_a-s_floor.o)
 .debug_frame   0x00000068       0x34 /home/laurence/CodeSourcery/Sourcery_G++_Lite/bin/../lib/gcc/arm-none-eabi/4.4.1/../../../../arm-none-eabi/lib/thumb2/libm.a(lib_a-s_sin.o)
 .debug_frame   0x0000009c       0x38 /home/laurence/CodeSourcery/Sourcery_G++_Lite/bin/../lib/gcc/arm-none-eabi/4.4.1/../../../../arm-none-eabi/lib/thumb2/libm.a(lib_a-w_asin.o)
 .debug_frame   0x000000d4       0x20 /home/laurence/CodeSourcery/Sourcery_G++_Lite/bin/../lib/gcc/arm-none-eabi/4.4.1/../../../../arm-none-eabi/lib/thumb2/libm.a(lib_a-w_atan2.o)
 .debug_frame   0x000000f4       0x3c /home/laurence/CodeSourcery/Sourcery_G++_Lite/bin/../lib/gcc/arm-none-eabi/4.4.1/../../../../arm-none-eabi/lib/thumb2/libm.a(lib_a-w_pow.o)
 .debug_frame   0x00000130       0x3c /home/laurence/CodeSourcery/Sourcery_G++_Lite/bin/../lib/gcc/arm-none-eabi/4.4.1/../../../../arm-none-eabi/lib/thumb2/libm.a(lib_a-w_sqrt.o)
 .debug_frame   0x0000016c       0x34 /home/laurence/CodeSourcery/Sourcery_G++_Lite/bin/../lib/gcc/arm-none-eabi/4.4.1/../../../../arm-none-eabi/lib/thumb2/libm.a(lib_a-wf_asin.o)
 .debug_frame   0x000001a0       0x20 /home/laurence/CodeSourcery/Sourcery_G++_Lite/bin/../lib/gcc/arm-none-eabi/4.4.1/../../../../arm-none-eabi/lib/thumb2/libm.a(lib_a-wf_atan2.o)
 .debug_frame   0x000001c0       0x3c /home/laurence/CodeSourcery/Sourcery_G++_Lite/bin/../lib/gcc/arm-none-eabi/4.4.1/../../../../arm-none-eabi/lib/thumb2/libm.a(lib_a-e_asin.o)
 .debug_frame   0x000001fc       0x3c /home/laurence/CodeSourcery/Sourcery_G++_Lite/bin/../lib/gcc/arm-none-eabi/4.4.1/../../../../arm-none-eabi/lib/thumb2/libm.a(lib_a-e_atan2.o)
 .debug_frame   0x00000238       0x3c /home/laurence/CodeSourcery/Sourcery_G++_Lite/bin/../lib/gcc/arm-none-eabi/4.4.1/../../../../arm-none-eabi/lib/thumb2/libm.a(lib_a-e_pow.o)
 .debug_frame   0x00000274       0x3c /home/laurence/CodeSourcery/Sourcery_G++_Lite/bin/../lib/gcc/arm-none-eabi/4.4.1/../../../../arm-none-eabi/lib/thumb2/libm.a(lib_a-e_rem_pio2.o)
 .debug_frame   0x000002b0       0x34 /home/laurence/CodeSourcery/Sourcery_G++_Lite/bin/../lib/gcc/arm-none-eabi/4.4.1/../../../../arm-none-eabi/lib/thumb2/libm.a(lib_a-e_sqrt.o)
 .debug_frame   0x000002e4       0x34 /home/laurence/CodeSourcery/Sourcery_G++_Lite/bin/../lib/gcc/arm-none-eabi/4.4.1/../../../../arm-none-eabi/lib/thumb2/libm.a(lib_a-ef_asin.o)
 .debug_frame   0x00000318       0x2c /home/laurence/CodeSourcery/Sourcery_G++_Lite/bin/../lib/gcc/arm-none-eabi/4.4.1/../../../../arm-none-eabi/lib/thumb2/libm.a(lib_a-ef_atan2.o)
 .debug_frame   0x00000344       0x2c /home/laurence/CodeSourcery/Sourcery_G++_Lite/bin/../lib/gcc/arm-none-eabi/4.4.1/../../../../arm-none-eabi/lib/thumb2/libm.a(lib_a-ef_sqrt.o)
 .debug_frame   0x00000370       0x3c /home/laurence/CodeSourcery/Sourcery_G++_Lite/bin/../lib/gcc/arm-none-eabi/4.4.1/../../../../arm-none-eabi/lib/thumb2/libm.a(lib_a-k_cos.o)
 .debug_frame   0x000003ac       0x3c /home/laurence/CodeSourcery/Sourcery_G++_Lite/bin/../lib/gcc/arm-none-eabi/4.4.1/../../../../arm-none-eabi/lib/thumb2/libm.a(lib_a-k_rem_pio2.o)
 .debug_frame   0x000003e8       0x3c /home/laurence/CodeSourcery/Sourcery_G++_Lite/bin/../lib/gcc/arm-none-eabi/4.4.1/../../../../arm-none-eabi/lib/thumb2/libm.a(lib_a-k_sin.o)
 .debug_frame   0x00000424       0x38 /home/laurence/CodeSourcery/Sourcery_G++_Lite/bin/../lib/gcc/arm-none-eabi/4.4.1/../../../../arm-none-eabi/lib/thumb2/libm.a(lib_a-s_atan.o)
 .debug_frame   0x0000045c       0x20 /home/laurence/CodeSourcery/Sourcery_G++_Lite/bin/../lib/gcc/arm-none-eabi/4.4.1/../../../../arm-none-eabi/lib/thumb2/libm.a(lib_a-s_fabs.o)
 .debug_frame   0x0000047c       0x20 /home/laurence/CodeSourcery/Sourcery_G++_Lite/bin/../lib/gcc/arm-none-eabi/4.4.1/../../../../arm-none-eabi/lib/thumb2/libm.a(lib_a-s_finite.o)
 .debug_frame   0x0000049c       0x20 /home/laurence/CodeSourcery/Sourcery_G++_Lite/bin/../lib/gcc/arm-none-eabi/4.4.1/../../../../arm-none-eabi/lib/thumb2/libm.a(lib_a-s_isnand.o)
 .debug_frame   0x000004bc       0x20 /home/laurence/CodeSourcery/Sourcery_G++_Lite/bin/../lib/gcc/arm-none-eabi/4.4.1/../../../../arm-none-eabi/lib/thumb2/libm.a(lib_a-s_matherr.o)
 .debug_frame   0x000004dc       0x20 /home/laurence/CodeSourcery/Sourcery_G++_Lite/bin/../lib/gcc/arm-none-eabi/4.4.1/../../../../arm-none-eabi/lib/thumb2/libm.a(lib_a-s_nan.o)
 .debug_frame   0x000004fc       0x38 /home/laurence/CodeSourcery/Sourcery_G++_Lite/bin/../lib/gcc/arm-none-eabi/4.4.1/../../../../arm-none-eabi/lib/thumb2/libm.a(lib_a-s_rint.o)
 .debug_frame   0x00000534       0x30 /home/laurence/CodeSourcery/Sourcery_G++_Lite/bin/../lib/gcc/arm-none-eabi/4.4.1/../../../../arm-none-eabi/lib/thumb2/libm.a(lib_a-s_scalbn.o)
 .debug_frame   0x00000564       0x30 /home/laurence/CodeSourcery/Sourcery_G++_Lite/bin/../lib/gcc/arm-none-eabi/4.4.1/../../../../arm-none-eabi/lib/thumb2/libm.a(lib_a-sf_atan.o)
 .debug_frame   0x00000594       0x20 /home/laurence/CodeSourcery/Sourcery_G++_Lite/bin/../lib/gcc/arm-none-eabi/4.4.1/../../../../arm-none-eabi/lib/thumb2/libm.a(lib_a-sf_fabs.o)
 .debug_frame   0x000005b4       0x20 /home/laurence/CodeSourcery/Sourcery_G++_Lite/bin/../lib/gcc/arm-none-eabi/4.4.1/../../../../arm-none-eabi/lib/thumb2/libm.a(lib_a-sf_isnan.o)
 .debug_frame   0x000005d4       0x28 /home/laurence/CodeSourcery/Sourcery_G++_Lite/bin/../lib/gcc/arm-none-eabi/4.4.1/../../../../arm-none-eabi/lib/thumb2/libm.a(lib_a-s_copysign.o)
 .debug_frame   0x000005fc       0x20 /home/laurence/CodeSourcery/Sourcery_G++_Lite/bin/../lib/gcc/arm-none-eabi/4.4.1/thumb2/libgcc.a(_divsi3.o)
 .debug_frame   0x0000061c       0x28 /home/laurence/CodeSourcery/Sourcery_G++_Lite/bin/../lib/gcc/arm-none-eabi/4.4.1/thumb2/libgcc.a(_fixsfdi.o)
 .debug_frame   0x00000644       0x2c /home/laurence/CodeSourcery/Sourcery_G++_Lite/bin/../lib/gcc/arm-none-eabi/4.4.1/thumb2/libgcc.a(_fixunssfdi.o)
 .debug_frame   0x00000670       0x50 /home/laurence/CodeSourcery/Sourcery_G++_Lite/bin/../lib/gcc/arm-none-eabi/4.4.1/thumb2/libgcc.a(bpabi.o)
 .debug_frame   0x000006c0       0x3c /home/laurence/CodeSourcery/Sourcery_G++_Lite/bin/../lib/gcc/arm-none-eabi/4.4.1/thumb2/libgcc.a(_divdi3.o)
 .debug_frame   0x000006fc       0x3c /home/laurence/CodeSourcery/Sourcery_G++_Lite/bin/../lib/gcc/arm-none-eabi/4.4.1/thumb2/libgcc.a(_udivdi3.o)
 .debug_frame   0x00000738       0x20 /home/laurence/CodeSourcery/Sourcery_G++_Lite/bin/../lib/gcc/arm-none-eabi/4.4.1/thumb2/libgcc.a(_udivsi3.o)