Archive member included because of file (symbol)

lib/STM32F10x_StdPeriph_Driver/libstm32fw.a(misc.o)
                              interrupts.o (NVIC_PriorityGroupConfig)
lib/STM32F10x_StdPeriph_Driver/libstm32fw.a(stm32f10x_adc.o)
                              adc.o (ADC_DeInit)
lib/STM32F10x_StdPeriph_Driver/libstm32fw.a(stm32f10x_bkp.o)
                              Util/Fatfs/rtc.o (BKP_DeInit)
lib/STM32F10x_StdPeriph_Driver/libstm32fw.a(stm32f10x_dma.o)
                              Util/Fatfs/sd_spi_stm32.o (DMA_DeInit)
lib/STM32F10x_StdPeriph_Driver/libstm32fw.a(stm32f10x_exti.o)
                              interrupts.o (EXTI_Init)
lib/STM32F10x_StdPeriph_Driver/libstm32fw.a(stm32f10x_gpio.o)
                              Util/Fatfs/sd_spi_stm32.o (GPIO_Init)
lib/STM32F10x_StdPeriph_Driver/libstm32fw.a(stm32f10x_i2c.o)
                              i2c_int.o (I2C_DeInit)
lib/STM32F10x_StdPeriph_Driver/libstm32fw.a(stm32f10x_iwdg.o)
                              watchdog.o (IWDG_WriteAccessCmd)
lib/STM32F10x_StdPeriph_Driver/libstm32fw.a(stm32f10x_pwr.o)
                              Util/Fatfs/rtc.o (PWR_BackupAccessCmd)
lib/STM32F10x_StdPeriph_Driver/libstm32fw.a(stm32f10x_rcc.o)
                              adc.o (RCC_ADCCLKConfig)
lib/STM32F10x_StdPeriph_Driver/libstm32fw.a(stm32f10x_rtc.o)
                              Util/Fatfs/rtc.o (RTC_GetCounter)
lib/STM32F10x_StdPeriph_Driver/libstm32fw.a(stm32f10x_spi.o)
                              Util/Fatfs/sd_spi_stm32.o (SPI_I2S_DeInit)
lib/STM32F10x_StdPeriph_Driver/libstm32fw.a(stm32f10x_tim.o)
                              pwm.o (TIM_TimeBaseInit)
lib/STM32F10x_StdPeriph_Driver/libstm32fw.a(stm32f10x_usart.o)
                              usart.o (USART_DeInit)
/home/laurence/CodeSourcery/Sourcery_G++_Lite/bin/../lib/gcc/arm-none-eabi/4.5.2/../../../../arm-none-eabi/lib/thumb2/libm.a(lib_a-s_cos.o)
                              Sensors/earth_field.o (cos)
/home/laurence/CodeSourcery/Sourcery_G++_Lite/bin/../lib/gcc/arm-none-eabi/4.5.2/../../../../arm-none-eabi/lib/thumb2/libm.a(lib_a-s_floor.o)
                              Util/RF22/RF22.o (floor)
/home/laurence/CodeSourcery/Sourcery_G++_Lite/bin/../lib/gcc/arm-none-eabi/4.5.2/../../../../arm-none-eabi/lib/thumb2/libm.a(lib_a-s_sin.o)
                              Sensors/earth_field.o (sin)
/home/laurence/CodeSourcery/Sourcery_G++_Lite/bin/../lib/gcc/arm-none-eabi/4.5.2/../../../../arm-none-eabi/lib/thumb2/libm.a(lib_a-sf_cos.o)
                              Util/coords.o (cosf)
/home/laurence/CodeSourcery/Sourcery_G++_Lite/bin/../lib/gcc/arm-none-eabi/4.5.2/../../../../arm-none-eabi/lib/thumb2/libm.a(lib_a-sf_sin.o)
                              Util/coords.o (sinf)
/home/laurence/CodeSourcery/Sourcery_G++_Lite/bin/../lib/gcc/arm-none-eabi/4.5.2/../../../../arm-none-eabi/lib/thumb2/libm.a(lib_a-w_asin.o)
                              Sensors/earth_field.o (asin)
/home/laurence/CodeSourcery/Sourcery_G++_Lite/bin/../lib/gcc/arm-none-eabi/4.5.2/../../../../arm-none-eabi/lib/thumb2/libm.a(lib_a-w_atan2.o)
                              Sensors/earth_field.o (atan2)
/home/laurence/CodeSourcery/Sourcery_G++_Lite/bin/../lib/gcc/arm-none-eabi/4.5.2/../../../../arm-none-eabi/lib/thumb2/libm.a(lib_a-w_sqrt.o)
                              Sensors/earth_field.o (sqrt)
/home/laurence/CodeSourcery/Sourcery_G++_Lite/bin/../lib/gcc/arm-none-eabi/4.5.2/../../../../arm-none-eabi/lib/thumb2/libm.a(lib_a-wf_asin.o)
                              Util/coords.o (asinf)
/home/laurence/CodeSourcery/Sourcery_G++_Lite/bin/../lib/gcc/arm-none-eabi/4.5.2/../../../../arm-none-eabi/lib/thumb2/libm.a(lib_a-wf_atan2.o)
                              Util/coords.o (atan2f)
/home/laurence/CodeSourcery/Sourcery_G++_Lite/bin/../lib/gcc/arm-none-eabi/4.5.2/../../../../arm-none-eabi/lib/thumb2/libm.a(lib_a-wf_pow.o)
                              Sensors/bmp085.o (powf)
/home/laurence/CodeSourcery/Sourcery_G++_Lite/bin/../lib/gcc/arm-none-eabi/4.5.2/../../../../arm-none-eabi/lib/thumb2/libm.a(lib_a-wf_sqrt.o)
                              Sensors/pitot.o (sqrtf)
/home/laurence/CodeSourcery/Sourcery_G++_Lite/bin/../lib/gcc/arm-none-eabi/4.5.2/../../../../arm-none-eabi/lib/thumb2/libm.a(lib_a-e_asin.o)
                              /home/laurence/CodeSourcery/Sourcery_G++_Lite/bin/../lib/gcc/arm-none-eabi/4.5.2/../../../../arm-none-eabi/lib/thumb2/libm.a(lib_a-w_asin.o) (__ieee754_asin)
/home/laurence/CodeSourcery/Sourcery_G++_Lite/bin/../lib/gcc/arm-none-eabi/4.5.2/../../../../arm-none-eabi/lib/thumb2/libm.a(lib_a-e_atan2.o)
                              /home/laurence/CodeSourcery/Sourcery_G++_Lite/bin/../lib/gcc/arm-none-eabi/4.5.2/../../../../arm-none-eabi/lib/thumb2/libm.a(lib_a-w_atan2.o) (__ieee754_atan2)
/home/laurence/CodeSourcery/Sourcery_G++_Lite/bin/../lib/gcc/arm-none-eabi/4.5.2/../../../../arm-none-eabi/lib/thumb2/libm.a(lib_a-e_rem_pio2.o)
[...]
Memory Configuration

Name             Origin             Length             Attributes
ram              0x20000000         0x00005000         xrw
rom              0x08000000         0x00020000         xr
*default*        0x00000000         0xffffffff

Linker script and memory map

LOAD /home/laurence/CodeSourcery/Sourcery_G++_Lite/bin/../lib/gcc/arm-none-eabi/4.5.2/thumb2/crti.o
LOAD /home/laurence/CodeSourcery/Sourcery_G++_Lite/bin/../lib/gcc/arm-none-eabi/4.5.2/thumb2/crtbegin.o
LOAD Sensors/accel_down.o
LOAD Sensors/bmp085.o
LOAD Sensors/earth_field.o
LOAD Sensors/pitot.o
LOAD Sensors/sensorcal.o
LOAD Sensors/ubx.o
LOAD Util/Fatfs/fattime.o
LOAD Util/Fatfs/ff.o
LOAD Util/Fatfs/rtc.o
LOAD Util/Fatfs/sd_spi_stm32.o
LOAD Util/RF22/RF22.o
LOAD Util/RF22/RF22Datagram.o
LOAD Util/RF22/RF22Mesh.o
LOAD Util/RF22/RF22ReliableDatagram.o
LOAD Util/RF22/RF22Router.o
LOAD Util/RF22/ctocpp.o
LOAD Util/atmospherics.o
LOAD Util/coords.o
LOAD Util/crc.o
LOAD Util/delay.o
LOAD Util/gravity.o
LOAD Util/rprintf.o
LOAD Util/time.o
LOAD Util/uavobjconv.o
LOAD Util/uavtalk.o
LOAD adc.o
LOAD dma.o
LOAD gpio.o
LOAD i2c_int.o
LOAD interrupts.o
LOAD lib/CMSIS_CM3/core_cm3.o
LOAD lib/CMSIS_CM3/startup/gcc/startup_stm32f10x_md.o
LOAD lib/CMSIS_CM3/system_stm32f10x.o
LOAD main.o
LOAD pwm.o
LOAD usart.o
LOAD watchdog.o
LOAD Control/ekf.o
LOAD Control/imu.o
LOAD Control/loops.o
LOAD Control/servos.o
LOAD lib/STM32F10x_StdPeriph_Driver/libstm32fw.a
LOAD lib/STM32_USB-FS-Device_Driver/libstm32usb.a
LOAD /home/laurence/CodeSourcery/Sourcery_G++_Lite/bin/../lib/gcc/arm-none-eabi/4.5.2/../../../../arm-none-eabi/lib/thumb2/libm.a
START GROUP
LOAD /home/laurence/CodeSourcery/Sourcery_G++_Lite/bin/../lib/gcc/arm-none-eabi/4.5.2/thumb2/libgcc.a
LOAD /home/laurence/CodeSourcery/Sourcery_G++_Lite/bin/../lib/gcc/arm-none-eabi/4.5.2/../../../../arm-none-eabi/lib/thumb2/libc.a
END GROUP
LOAD /home/laurence/CodeSourcery/Sourcery_G++_Lite/bin/../lib/gcc/arm-none-eabi/4.5.2/thumb2/crtend.o
LOAD /home/laurence/CodeSourcery/Sourcery_G++_Lite/bin/../lib/gcc/arm-none-eabi/4.5.2/thumb2/crtn.o
START GROUP
LOAD /home/laurence/CodeSourcery/Sourcery_G++_Lite/bin/../lib/gcc/arm-none-eabi/4.5.2/thumb2/libgcc.a
LOAD /home/laurence/CodeSourcery/Sourcery_G++_Lite/bin/../lib/gcc/arm-none-eabi/4.5.2/../../../../arm-none-eabi/lib/thumb2/libc.a
LOAD /home/laurence/CodeSourcery/Sourcery_G++_Lite/bin/../lib/gcc/arm-none-eabi/4.5.2/../../../../arm-none-eabi/lib/thumb2/libcs3.a
LOAD /home/laurence/CodeSourcery/Sourcery_G++_Lite/bin/../lib/gcc/arm-none-eabi/4.5.2/../../../../arm-none-eabi/lib/thumb2/libcs3unhosted.a
LOAD lib/libcs3-lanchon-stm32.a
END GROUP
                0x20005000                PROVIDE (__cs3_stack, (__cs3_region_start_ram + __cs3_region_size_ram))
                0x20002218                PROVIDE (__cs3_heap_start, _end)
                0x20005000                PROVIDE (__cs3_heap_end, (__cs3_region_start_ram + __cs3_region_size_ram))

.text           0x08000000    0x1b6bc
 CREATE_OBJECT_SYMBOLS
                0x08000000                __cs3_region_start_rom = .
 *(.cs3.region-head.rom)
                0x08000000                __cs3_interrupt_vector = __cs3_interrupt_vector_lanchon_stm32
 *(.cs3.interrupt_vector)
 .cs3.interrupt_vector
                0x08000000       0xec lib/libcs3-lanchon-stm32.a(lanchon-stm32-vector.o)
                0x08000000                __cs3_interrupt_vector_lanchon_stm32
                0x08000001                ASSERT ((. != __cs3_interrupt_vector_lanchon_stm32), No interrupt vector)
 *(.rom)
 *(.rom.b)
                0x08019ccc                PROVIDE (__cs3_reset_lanchon_stm32, _start)
                0x08019ccc                __cs3_reset = __cs3_reset_lanchon_stm32
 *(.cs3.reset)
 *(.text .text.* .gnu.linkonce.t.*)
 .text          0x080000ec       0x30 /home/laurence/CodeSourcery/Sourcery_G++_Lite/bin/../lib/gcc/arm-none-eabi/4.5.2/thumb2/crtbegin.o
 .text          0x0800011c       0xa0 Sensors/accel_down.o
                0x0800011c                Accel_Downconvert
 *fill*         0x080001bc        0x4 00
 .text          0x080001c0      0x138 Sensors/bmp085.o
                0x080001c0                Bmp085_Convert
                0x0800027c                Baro_Convert_Pressure
                0x080002c4                flip_sensorcal
                0x080002da                flip_adc24
 .text          0x080002f8     0x1920 Sensors/earth_field.o
                0x080002f8                WMM_Initialize
                0x0800036c                WMM_ComputeSphericalHarmonicVariables
                0x08000444                WMM_RotateMagneticVector
                0x08000508                WMM_CalculateGeoMagneticElements
                0x080005d0                WMM_CalculateSecularVariation
                0x080006e8                WMM_PcupHigh
                0x08000b9e                WMM_PcupLow
                0x08000ef0                WMM_AssociatedLegendreFunction
                0x08000f7c                WMM_get_secular_var_coeff_g
                0x08000f94                WMM_get_main_field_coeff_g
                0x08001030                WMM_get_secular_var_coeff_h
                0x08001048                WMM_get_main_field_coeff_h
                0x080010e4                WMM_SummationSpecial
                0x08001284                WMM_Summation
                0x08001474                WMM_SecVarSummationSpecial
                0x08001614                WMM_SecVarSummation
                0x080017b4                WMM_Geomag
                0x080018ac                WMM_DateToYear
                0x080018ec                WMM_GeodeticToSpherical
                0x08001a58                WMM_GetMagVector
 .text          0x08001c18       0x88 Sensors/pitot.o
                0x08001c18                Pitot_Conv
                0x08001c4c                Pitot_convert_Airspeed
 .text          0x08001ca0       0xf0 Sensors/sensorcal.o
                0x08001ca0                Calibrate_3
 .text          0x08001d90      0x348 Sensors/ubx.o
                0x08001d90                Gps_Process_Byte
                0x08001f18                Get_UBX_Ack
                0x08001fbc                Config_Gps
 .text          0x080020d8       0x44 Util/Fatfs/fattime.o
                0x080020d8                get_fattime
 .text          0x0800211c     0x1a60 Util/Fatfs/ff.o
                0x080026de                clust2sect
                0x080026f8                get_fat
                0x0800287a                put_fat
                0x08002e06                f_mount
                0x08002e24                f_open
                0x08002f70                f_read
                0x080030e8                f_write
                0x0800329e                f_sync
                0x08003350                f_close
                0x0800335e                f_lseek
                0x080034c2                f_opendir
                0x08003526                f_readdir
                0x0800357a                f_stat
                0x080035ba                f_getfree
                0x080036ac                f_truncate
                0x08003744                f_unlink
                0x080037f4                f_mkdir
                0x080039ba                f_chmod
                0x08003a0e                f_utime
                0x08003a66                f_rename
 .text          0x08003b7c      0x2e0 Util/Fatfs/rtc.o
                0x08003c60                rtc_gettime
                0x08003cd8                my_RTC_SetCounter
                0x08003cfa                rtc_settime
                0x08003dc4                rtc_init
 .text          0x08003e5c      0x880 Util/Fatfs/sd_spi_stm32.o
                0x080041b6                disk_initialize
                0x080042d8                disk_status
                0x080042e8                disk_read
                0x08004374                disk_write
                0x08004420                disk_ioctl
                0x080046a0                disk_timerproc
 .text          0x080046dc      0x8bc Util/RF22/RF22.o
                0x080046dc                _ZN4RF2223handleExternalInterruptEv
                0x080046de                _ZN4RF2226handleWakeupTimerInterruptEv
                0x080046e0                _ZN4RF22C1Ehh
                0x080046e0                _ZN4RF22C2Ehh
                0x08004704                _ZN4RF227spiReadEh
                0x08004764                _ZN4RF228spiWriteEhh
                0x080047c4                _ZN4RF225resetEv
                0x080047da                _ZN4RF2212spiBurstReadEhPhh
                0x0800484c                _ZN4RF2213spiBurstWriteEhPhh
                0x080048b4                _ZN4RF2210statusReadEv
                0x080048b8                _ZN4RF227adcReadEhhhh
                0x080048f6                _ZN4RF2215temperatureReadEhh
                0x08004920                _ZN4RF227wutReadEv
                0x0800493a                _ZN4RF2212setWutPeriodEthh
                0x08004962                _ZN4RF2212setFrequencyEf
                0x08004a34                _ZN4RF2213setFHStepSizeEh
                0x08004a54                _ZN4RF2212setFHChannelEh
                0x08004a74                _ZN4RF228rssiReadEv
                0x08004a78                _ZN4RF2215ezmacStatusReadEv
                0x08004a7c                _ZN4RF227setModeEh
                0x08004a82                _ZN4RF2211setModeIdleEv
                0x08004a96                _ZN4RF229setModeRxEv
                0x08004ab0                _ZN4RF229setModeTxEv
                0x08004aca                _ZN4RF2210setTxPowerEh
                0x08004ad0                _ZN4RF2217setModemRegistersEPNS_11ModemConfigE
                0x08004b26                _ZN4RF2214setModemConfigENS_17ModemConfigChoiceE
                0x08004b44                _ZN4RF2217setPreambleLengthEh
                0x08004b4a                _ZN4RF2212setSyncWordsEPhh
                0x08004b5a                _ZN4RF2210clearRxBufEv
                0x08004b66                _ZN4RF229availableEv
                0x08004b74                _ZN4RF2213waitAvailableEv
                0x08004b84                _ZN4RF2220waitAvailableTimeoutEt
                0x08004bac                _ZN4RF2214waitPacketSentEv
                0x08004bb6                _ZN4RF224recvEPhS0_
                0x08004bec                _ZN4RF2210clearTxBufEv
                0x08004bfc                _ZN4RF2211appendTxBufEPhh
                0x08004c2c                _ZN4RF229fillTxBufEPhh
                0x08004c44                _ZN4RF2216sendNextFragmentEv
                0x08004c86                _ZN4RF2213startTransmitEv
                0x08004ca2                _ZN4RF224sendEPhh
                0x08004cc2                _ZN4RF2216readNextFragmentEv
                0x08004cea                _ZN4RF2210resetFifosEv
                0x08004d02                _ZN4RF2211resetRxFifoEv
                0x08004d1a                _ZN4RF2215handleInterruptEv
                0x08004e30                _ZN4RF224isr1Ev
                0x08004e40                _ZN4RF224isr0Ev
                0x08004e50                _ZN4RF2211resetTxFifoEv
                0x08004e68                _ZN4RF2211setHeaderToEh
                0x08004e6e                _ZN4RF2213setHeaderFromEh
                0x08004e74                _ZN4RF2211setHeaderIdEh
                0x08004e7a                _ZN4RF2214setHeaderFlagsEh
                0x08004e80                _ZN4RF228headerToEv
                0x08004e84                _ZN4RF2210headerFromEv
                0x08004e88                _ZN4RF228headerIdEv
                0x08004e8c                _ZN4RF2211headerFlagsEv
                0x08004e90                _ZN4RF228lastRssiEv
                0x08004e96                _ZN4RF2214setPromiscuousEb
                0x08004ea2                _ZN4RF224initEv
 .text          0x08004f98       0xcc Util/RF22/RF22Datagram.o
                0x08004f98                _ZN12RF22DatagramC1Ehhh
                0x08004f98                _ZN12RF22DatagramC2Ehhh
                0x08004fb8                _ZN12RF22Datagram14setThisAddressEh
                0x08004fd6                _ZN12RF22Datagram4initEv
                0x08004ff0                _ZN12RF22Datagram6sendtoEPhhh
                0x0800500c                _ZN12RF22Datagram8recvfromEPhS0_S0_S0_S0_S0_
 .text          0x08005064      0x3d8 Util/RF22/RF22Mesh.o
                0x08005064                _ZN8RF22Mesh17isPhysicalAddressEPhh
                0x0800507c                _ZN8RF22Mesh5doArpEh
                0x0800510c                _ZN8RF22Mesh5routeEPN10RF22Router13RoutedMessageEh
                0x08005174                _ZN8RF22Mesh13peekAtMessageEPN10RF22Router13RoutedMessageEh
                0x080051f2                _ZN8RF22MeshC2Ehhh
                0x080051f2                _ZN8RF22MeshC1Ehhh
                0x08005208                _ZN8RF22Mesh10sendtoWaitEPhhh
                0x08005264                _ZN8RF22Mesh11recvfromAckEPhS0_S0_S0_S0_S0_
                0x080053e8                _ZN8RF22Mesh18recvfromAckTimeoutEPhS0_tS0_S0_S0_S0_
 .text          0x0800543c      0x274 Util/RF22/RF22ReliableDatagram.o
                0x0800543c                _ZN20RF22ReliableDatagramC2Ehhh
                0x0800543c                _ZN20RF22ReliableDatagramC1Ehhh
                0x08005468                _ZN20RF22ReliableDatagram10setTimeoutEt
                0x0800546e                _ZN20RF22ReliableDatagram10setRetriesEh
                0x08005474                _ZN20RF22ReliableDatagram15retransmissionsEv
                0x0800547a                _ZN20RF22ReliableDatagram11acknowledgeEhh
                0x080054a6                _ZN20RF22ReliableDatagram11recvfromAckEPhS0_S0_S0_S0_S0_
                0x08005546                _ZN20RF22ReliableDatagram18recvfromAckTimeoutEPhS0_tS0_S0_S0_S0_
                0x0800559c                _ZN20RF22ReliableDatagram10sendtoWaitEPhhh
 .text          0x080056b0      0x300 Util/RF22/RF22Router.o
                0x080056b0                _ZN10RF22Router13peekAtMessageEPNS_13RoutedMessageEh
                0x080056b2                _ZN10RF22Router4initEv
                0x080056c4                _ZN10RF22Router10setMaxHopsEh
                0x080056ca                _ZN10RF22Router10getRouteToEh
                0x080056f8                _ZN10RF22Router5routeEPNS_13RoutedMessageEh
                0x0800572a                _ZN10RF22Router11deleteRouteEh
                0x08005760                _ZN10RF22Router13deleteRouteToEh
                0x08005786                _ZN10RF22Router17retireOldestRouteEv
                0x0800578a                _ZN10RF22Router10addRouteToEhhh
                0x080057fa                _ZN10RF22Router17clearRoutingTableEv
                0x0800580a                _ZN10RF22RouterC2Ehhh
                0x0800580a                _ZN10RF22RouterC1Ehhh
                0x0800582c                _ZN10RF22Router10sendtoWaitEPhhhh
                0x08005870                _ZN10RF22Router10sendtoWaitEPhhh
                0x0800587e                _ZN10RF22Router11recvfromAckEPhS0_S0_S0_S0_S0_
                0x0800595c                _ZN10RF22Router18recvfromAckTimeoutEPhS0_tS0_S0_S0_S0_
 .text          0x080059b0       0x94 Util/RF22/ctocpp.o
                0x080059b0                RF22_Init
                0x080059bc                RF22_Sendtowait
                0x080059d8                RF22_recvfromAckTimeout
                0x08005a00                RF22_Reassign
                0x08005a0c                RF22_Service_ISR
                0x08005a18                RF22_Sendto
 *fill*         0x08005a44        0x4 00
 .text          0x08005a48       0xd8 Util/atmospherics.o
                0x08005a48                US_1976_Temperature
                0x08005adc                Air_Density
 .text          0x08005b20      0x928 Util/coords.o
                0x08005b20                LLA2ECEF
                0x08005c34                RneFromLLA
                0x08005cd0                Quaternion2RPY
                0x08005e08                R2Quaternion
                0x08005fe8                CrossProduct
                0x08006046                VectorMagnitude
                0x08006082                RotFrom2Vectors
                0x08006240                VectorNormalize
                0x0800626a                quat_inverse
                0x08006286                quat_copy
                0x0800629c                quat_mult
                0x080063a6                rot_mult
 .text          0x08006448       0x24 Util/crc.o
                0x08006448                CRC_updateByte
                0x08006454                CRC_updateCRC
 .text          0x0800646c       0x2c Util/delay.o
                0x0800646c                Delay
 .text          0x08006498       0xc8 Util/gravity.o
                0x08006498                Ge_From_Latitude
 .text          0x08006560      0x568 Util/rprintf.o
                0x08006560                rprintfInit
                0x0800656c                rprintfChar
                0x08006588                rprintfStr
                0x0800659e                rprintfStrLen
                0x080065d2                rprintfCRLF
                0x080065d6                rprintfu04
                0x080065e0                rprintfu08
                0x080065f2                rprintfu16
                0x08006604                rprintfu32
                0x08006616                rprintfNum
                0x080066bc                rprintfFloat
                0x08006774                Isdigit
                0x08006782                atoiRamRom
                0x080067a8                rStrLen
                0x080067b8                rprintf2RamRom
 .text          0x08006ac8       0x20 Util/time.o
                0x08006ac8                Set_RTC_From_GPS
 .text          0x08006ae8      0x158 Util/uavobjconv.o
                0x08006ae8                GPSPosition_from_UBX
                0x08006bd8                Populate_Attitude
                0x08006bf2                Populate_Vector
 .text          0x08006c40      0x5b0 Util/uavtalk.o
                0x08006c40                UAVtalk_Register_Object
                0x08006c54                UAVtalk_Set_Port
                0x08006c7c                memchr_32
                0x08006ca6                UAVtalk_Process_Byte
                0x08006e1c                UAVtalk_Generate_Packet
                0x08006fa0                UAVtalk_Run_Streams
                0x0800705c                updateTelemetryStats
                0x080071d8                UAVtalk_Handle_Protocol
 .text          0x080071f0       0xa0 adc.o
                0x080071f0                ADC_Configuration
                0x08007260                readADC1
 .text          0x08007290      0x128 dma.o
                0x08007290                DMA_USART2_Configuration
                0x080072d8                DMA_USART1_Configuration
                0x0800732c                Bytes_In_Buffer
                0x08007358                Get_From_Buffer
                0x08007388                Pop_From_Buffer
                0x080073a6                Flush_Buffer
 .text          0x080073b8      0x1d4 gpio.o
                0x080073b8                GPIO_Config_AF_Periferals
                0x0800740c                MEMS_Status_Configuration
                0x08007444                GPS_IO_Configuration
                0x0800748c                SPI_Control_Configuration
                0x080074f4                Aux_Devices_Configuration
                0x0800754c                All_IO_Configuration
                0x08007564                Get_MEMS_DRDY
 .text          0x0800758c      0x784 i2c_int.o
                0x0800758c                I2C1_Request_Job
                0x080075e4                I2C1_EV_IRQHandler
                0x08007aa4                I2C1_Setup_Job
                0x08007ab8                I2C_Config
                0x08007c24                I2C1_ER_IRQHandler
 .text          0x08007d10      0x1d8 interrupts.o
                0x08007d10                EXTI_Config
                0x08007ddc                EXTI9_5_IRQHandler
                0x08007e44                EXTI15_10_IRQHandler
                0x08007e64                EXTI4_IRQHandler
                0x08007ed4                NMI_Handler
                0x08007ed6                HardFault_Handler
                0x08007ed8                MemManage_Handler
                0x08007eda                BusFault_Handler
                0x08007edc                UsageFault_Handler
                0x08007ede                SVC_Handler
                0x08007ee0                DebugMon_Handler
                0x08007ee2                PendSV_Handler
                0x08007ee4                SysTick_Handler
 .text.Default_Handler
                0x08007ee8        0x2 lib/CMSIS_CM3/startup/gcc/startup_stm32f10x_md.o
                0x08007ee8                EXTI2_IRQHandler
                0x08007ee8                TIM1_CC_IRQHandler
                0x08007ee8                PVD_IRQHandler
                0x08007ee8                EXTI3_IRQHandler
                0x08007ee8                EXTI0_IRQHandler
                0x08007ee8                I2C2_EV_IRQHandler
                0x08007ee8                ADC1_2_IRQHandler
                0x08007ee8                SPI1_IRQHandler
                0x08007ee8                TAMPER_IRQHandler
                0x08007ee8                DMA1_Channel4_IRQHandler
                0x08007ee8                USART3_IRQHandler
                0x08007ee8                RTC_IRQHandler
                0x08007ee8                DMA1_Channel7_IRQHandler
                0x08007ee8                CAN1_RX1_IRQHandler
                0x08007ee8                TIM4_IRQHandler
                0x08007ee8                DMA1_Channel6_IRQHandler
                0x08007ee8                TIM3_IRQHandler
                0x08007ee8                RCC_IRQHandler
                0x08007ee8                TIM1_TRG_COM_IRQHandler
                0x08007ee8                DMA1_Channel1_IRQHandler
                0x08007ee8                Default_Handler
                0x08007ee8                SPI2_IRQHandler
                0x08007ee8                DMA1_Channel5_IRQHandler
                0x08007ee8                USB_LP_CAN1_RX0_IRQHandler
                0x08007ee8                USB_HP_CAN1_TX_IRQHandler
                0x08007ee8                DMA1_Channel3_IRQHandler
                0x08007ee8                TIM1_UP_IRQHandler
                0x08007ee8                WWDG_IRQHandler
                0x08007ee8                TIM2_IRQHandler
                0x08007ee8                TIM1_BRK_IRQHandler
                0x08007ee8                EXTI1_IRQHandler
                0x08007ee8                RTCAlarm_IRQHandler
                0x08007ee8                USART2_IRQHandler
                0x08007ee8                I2C2_ER_IRQHandler
                0x08007ee8                DMA1_Channel2_IRQHandler
                0x08007ee8                CAN1_SCE_IRQHandler
                0x08007ee8                FLASH_IRQHandler
                0x08007ee8                USBWakeUp_IRQHandler
 *fill*         0x08007eea        0x2 00
 .text          0x08007eec       0xf4 lib/CMSIS_CM3/system_stm32f10x.o
                0x08007eec                SystemInit
 .text          0x08007fe0      0xe18 main.o
                0x08007fe0                Initialisation
                0x08008a7c                main
 .text          0x08008df8      0x1d0 pwm.o
                0x08008df8                Timer_RCC_Configuration
                0x08008e10                Init_Timers
                0x08008ee0                Timer_GPIO_Enable
                0x08008f18                Timer_GPIO_Disable
                0x08008f50                PWM_Set
 .text          0x08008fc8      0x268 usart.o
                0x08008fc8                Default_Usart_Config
                0x08008fd8                USART2_reconf
                0x0800901c                Usarts_Init
                0x080090c8                usart1_send_data_dma
                0x08009108                usart1_disable_dma
                0x08009134                Add_To_ISR_Buffer
                0x08009152                USART1_IRQHandler
                0x08009184                Get_From_ISR_Buffer
                0x08009196                Bytes_In_ISR_Buffer
                0x080091ae                __usart_send_char
                0x080091cc                Usart_Send_Str
                0x080091e4                __gps_send_char
                0x08009200                Gps_Send_Str
                0x08009218                Gps_Send_Utf8
 .text          0x08009230       0x3c watchdog.o
                0x08009230                Watchdog_Config
                0x0800925a                Watchdog_Reset_Detect
 .text          0x0800926c     0x6e3c Control/ekf.o
                0x0800926c                ins_get_num_states
                0x08009270                INSGPSInit
                0x08009398                INSResetP
                0x080093e8                INSResetRGPS
                0x08009414                INSSetState
                0x08009474                INSPosVelReset
                0x080094f4                INSSetPosVelVar
                0x08009514                INSSetGyroBias
                0x08009530                INSSetAccelVar
                0x0800954c                INSSetGyroVar
                0x08009568                INSSetMagVar
                0x08009584                INSSetMagNorth
                0x0800959c                INSSetGravity
                0x080095a8                CovariancePrediction
                0x0800ee5e                INSCovariancePrediction
                0x0800ee84                SerialUpdate
                0x0800efec                StateEq
                0x0800f2b8                RungeKutta
                0x0800f3e0                LinearizeFG
                0x0800f862                INSStatePrediction
                0x0800f9d4                MeasurementEq
                0x0800fb90                LinearizeH
                0x0800fe58                INSCorrection
                0x0801000c                VelBaroCorrection
                0x08010028                GpsMagCorrection
                0x08010040                FullCorrection
                0x0801004e                GpsBaroCorrection
                0x0801006c                MagVelBaroCorrection
                0x08010088                MagCorrection
 .text          0x080100a8      0x880 Control/imu.o
                0x080100a8                run_imu
 .text          0x08010928       0x64 Control/loops.o
                0x08010928                Run_PID
                0x08010984                Reset_PID
 .text          0x0801098c       0x64 Control/servos.o
                0x0801098c                Apply_Servos
                0x080109e8                Enable_Servos
                0x080109ec                Disable_Servos
 .text          0x080109f0       0xb8 lib/STM32F10x_StdPeriph_Driver/libstm32fw.a(misc.o)
                0x080109f0                NVIC_PriorityGroupConfig
                0x08010a04                NVIC_Init
                0x08010a64                NVIC_SetVectorTable
                0x08010a78                NVIC_SystemLPConfig
                0x08010a90                SysTick_CLKSourceConfig
 .text          0x08010aa8      0x380 lib/STM32F10x_StdPeriph_Driver/libstm32fw.a(stm32f10x_adc.o)
                0x08010aa8                ADC_DeInit
                0x08010b04                ADC_Init
                0x08010b50                ADC_StructInit
                0x08010b62                ADC_Cmd
                0x08010b76                ADC_DMACmd
                0x08010b8a                ADC_ITConfig
                0x08010b9e                ADC_ResetCalibration
                0x08010ba8                ADC_GetResetCalibrationStatus
                0x08010bb0                ADC_StartCalibration
                0x08010bba                ADC_GetCalibrationStatus
                0x08010bc2                ADC_SoftwareStartConvCmd
                0x08010bd6                ADC_GetSoftwareStartConvStatus
                0x08010bde                ADC_DiscModeChannelCountConfig
                0x08010bee                ADC_DiscModeCmd
                0x08010c02                ADC_RegularChannelConfig
                0x08010c90                ADC_ExternalTrigConvCmd
                0x08010ca4                ADC_GetConversionValue
                0x08010caa                ADC_GetDualModeConversionValue
                0x08010cb4                ADC_AutoInjectedConvCmd
                0x08010cc8                ADC_InjectedDiscModeCmd
                0x08010cdc                ADC_ExternalTrigInjectedConvConfig
                0x08010cea                ADC_ExternalTrigInjectedConvCmd
                0x08010cfe                ADC_SoftwareStartInjectedConvCmd
                0x08010d12                ADC_GetSoftwareStartInjectedConvCmdStatus
                0x08010d1a                ADC_InjectedChannelConfig
                0x08010d76                ADC_InjectedSequencerLengthConfig
                0x08010d86                ADC_SetInjectedOffset
                0x08010d9c                ADC_GetInjectedConversionValue
                0x08010db6                ADC_AnalogWatchdogCmd
                0x08010dc8                ADC_AnalogWatchdogThresholdsConfig
                0x08010dce                ADC_AnalogWatchdogSingleChannelConfig
                0x08010ddc                ADC_TempSensorVrefintCmd
                0x08010df8                ADC_GetFlagStatus
                0x08010e04                ADC_ClearFlag
                0x08010e0a                ADC_GetITStatus
                0x08010e20                ADC_ClearITPendingBit
 .text          0x08010e28       0xe0 lib/STM32F10x_StdPeriph_Driver/libstm32fw.a(stm32f10x_bkp.o)
                0x08010e28                BKP_DeInit
                0x08010e3a                BKP_TamperPinLevelConfig
                0x08010e44                BKP_TamperPinCmd
                0x08010e50                BKP_ITConfig
                0x08010e5c                BKP_RTCOutputConfig
                0x08010e74                BKP_SetRTCCalibrationValue
                0x08010e8c                BKP_WriteBackupRegister
                0x08010ea8                BKP_ReadBackupRegister
                0x08010ec8                BKP_GetFlagStatus
                0x08010ed4                BKP_ClearFlag
                0x08010ee8                BKP_GetITStatus
                0x08010ef4                BKP_ClearITPendingBit
 .text          0x08010f08      0x1f0 lib/STM32F10x_StdPeriph_Driver/libstm32fw.a(stm32f10x_dma.o)
                0x08010f08                DMA_DeInit
                0x08011004                DMA_Init
                0x08011044                DMA_StructInit
                0x0801105e                DMA_Cmd
                0x08011072                DMA_ITConfig
                0x08011084                DMA_GetCurrDataCounter
                0x0801108a                DMA_GetFlagStatus
                0x080110a8                DMA_ClearFlag
                0x080110c0                DMA_GetITStatus
                0x080110e0                DMA_ClearITPendingBit
 .text          0x080110f8      0x108 lib/STM32F10x_StdPeriph_Driver/libstm32fw.a(stm32f10x_exti.o)
                0x080110f8                EXTI_DeInit
                0x08011114                EXTI_Init
                0x08011198                EXTI_StructInit
                0x080111a6                EXTI_GenerateSWInterrupt
                0x080111b8                EXTI_GetFlagStatus
                0x080111cc                EXTI_ClearFlag
                0x080111d8                EXTI_GetITStatus
                0x080111f4                EXTI_ClearITPendingBit
 .text          0x08011200      0x278 lib/STM32F10x_StdPeriph_Driver/libstm32fw.a(stm32f10x_gpio.o)
                0x08011200                GPIO_DeInit
                0x080112ac                GPIO_AFIODeInit
                0x080112c2                GPIO_Init
                0x0801135a                GPIO_StructInit
                0x0801136a                GPIO_ReadInputDataBit
                0x08011376                GPIO_ReadInputData
                0x0801137c                GPIO_ReadOutputDataBit
                0x08011388                GPIO_ReadOutputData
                0x0801138e                GPIO_SetBits
                0x08011392                GPIO_ResetBits
                0x08011396                GPIO_WriteBit
                0x080113a0                GPIO_Write
                0x080113a4                GPIO_PinLockConfig
                0x080113b4                GPIO_EventOutputConfig
                0x080113d4                GPIO_EventOutputCmd
                0x080113e0                GPIO_PinRemapConfig
                0x08011438                GPIO_EXTILineConfig
                0x0801146c                GPIO_ETH_MediaInterfaceConfig
 .text          0x08011478      0x3b4 lib/STM32F10x_StdPeriph_Driver/libstm32fw.a(stm32f10x_i2c.o)
                0x08011478                I2C_DeInit
                0x080114ac                I2C_Init
                0x0801157c                I2C_StructInit
                0x08011598                I2C_Cmd
                0x080115b2                I2C_DMACmd
                0x080115cc                I2C_DMALastTransferCmd
                0x080115e6                I2C_GenerateSTART
                0x08011600                I2C_GenerateSTOP
                0x0801161a                I2C_AcknowledgeConfig
                0x08011634                I2C_OwnAddress2Config
                0x0801164a                I2C_DualAddressCmd
                0x08011664                I2C_GeneralCallCmd
                0x0801167e                I2C_ITConfig
                0x08011694                I2C_SendData
                0x08011698                I2C_ReceiveData
                0x0801169e                I2C_Send7bitAddress
                0x080116ae                I2C_ReadRegister
                0x080116c6                I2C_SoftwareResetCmd
                0x080116de                I2C_SMBusAlertConfig
                0x080116fc                I2C_TransmitPEC
                0x08011716                I2C_PECPositionConfig
                0x08011734                I2C_CalculatePEC
                0x0801174e                I2C_GetPEC
                0x08011756                I2C_ARPCmd
                0x08011770                I2C_StretchClockCmd
                0x0801178a                I2C_FastModeDutyCycleConfig
                0x080117a8                I2C_GetLastEvent
                0x080117b8                I2C_CheckEvent
                0x080117d0                I2C_GetFlagStatus
                0x08011804                I2C_ClearFlag
                0x0801180a                I2C_GetITStatus
                0x08011826                I2C_ClearITPendingBit
 .text          0x0801182c       0x58 lib/STM32F10x_StdPeriph_Driver/libstm32fw.a(stm32f10x_iwdg.o)
                0x0801182c                IWDG_WriteAccessCmd
                0x08011838                IWDG_SetPrescaler
                0x08011844                IWDG_SetReload
                0x08011850                IWDG_ReloadCounter
                0x08011860                IWDG_Enable
                0x08011870                IWDG_GetFlagStatus
 .text          0x08011884       0xcc lib/STM32F10x_StdPeriph_Driver/libstm32fw.a(stm32f10x_pwr.o)
                0x08011888                PWR_DeInit
                0x080118a2                PWR_BackupAccessCmd
                0x080118ac                PWR_PVDCmd
                0x080118b8                PWR_PVDLevelConfig
                0x080118cc                PWR_WakeUpPinCmd
                0x080118d8                PWR_EnterSTOPMode
                0x08011904                PWR_EnterSTANDBYMode
                0x0801192c                PWR_GetFlagStatus
                0x08011940                PWR_ClearFlag
 .text          0x08011950      0x360 lib/STM32F10x_StdPeriph_Driver/libstm32fw.a(stm32f10x_rcc.o)
                0x08011950                RCC_DeInit
                0x08011990                RCC_HSEConfig
                0x080119c8                RCC_AdjustHSICalibrationValue
                0x080119dc                RCC_HSICmd
                0x080119e8                RCC_PLLConfig
                0x08011a00                RCC_PLLCmd
                0x08011a0c                RCC_SYSCLKConfig
                0x08011a20                RCC_GetSYSCLKSource
                0x08011a30                RCC_HCLKConfig
                0x08011a44                RCC_PCLK1Config
                0x08011a58                RCC_PCLK2Config
                0x08011a6c                RCC_ITConfig
                0x08011a84                RCC_USBCLKConfig
                0x08011a90                RCC_ADCCLKConfig
                0x08011aa4                RCC_LSEConfig
                0x08011ac4                RCC_LSICmd
                0x08011ad0                RCC_RTCCLKConfig
                0x08011ae0                RCC_RTCCLKCmd
                0x08011aec                RCC_GetClocksFreq
                0x08011b90                RCC_AHBPeriphClockCmd
                0x08011ba8                RCC_APB2PeriphClockCmd
                0x08011bc0                RCC_APB1PeriphClockCmd
                0x08011bd8                RCC_APB2PeriphResetCmd
                0x08011bf0                RCC_APB1PeriphResetCmd
                0x08011c08                RCC_BackupResetCmd
                0x08011c14                RCC_ClockSecuritySystemCmd
                0x08011c20                RCC_MCOConfig
                0x08011c2c                RCC_GetFlagStatus
                0x08011c54                RCC_WaitForHSEStartUp
                0x08011c80                RCC_ClearFlag
                0x08011c90                RCC_GetITStatus
                0x08011ca4                RCC_ClearITPendingBit
 .text          0x08011cb0      0x158 lib/STM32F10x_StdPeriph_Driver/libstm32fw.a(stm32f10x_rtc.o)
                0x08011cb0                RTC_ITConfig
                0x08011ccc                RTC_EnterConfigMode
                0x08011ce0                RTC_ExitConfigMode
                0x08011cf4                RTC_GetCounter
                0x08011d08                RTC_SetCounter
                0x08011d24                RTC_SetPrescaler
                0x08011d44                RTC_SetAlarm
                0x08011d60                RTC_GetDivider
                0x08011d78                RTC_WaitForLastTask
                0x08011d88                RTC_WaitForSynchro
                0x08011da8                RTC_GetFlagStatus
                0x08011dbc                RTC_ClearFlag
                0x08011dd0                RTC_GetITStatus
                0x08011df4                RTC_ClearITPendingBit
 .text          0x08011e08      0x2d4 lib/STM32F10x_StdPeriph_Driver/libstm32fw.a(stm32f10x_spi.o)
                0x08011e08                SPI_I2S_DeInit
                0x08011e6c                SPI_Init
                0x08011eac                I2S_Init
                0x08011f4c                SPI_StructInit
                0x08011f64                I2S_StructInit
                0x08011f76                SPI_Cmd
                0x08011f90                I2S_Cmd
                0x08011faa                SPI_I2S_ITConfig
                0x08011fc8                SPI_I2S_DMACmd
                0x08011fde                SPI_I2S_SendData
                0x08011fe2                SPI_I2S_ReceiveData
                0x08011fe8                SPI_NSSInternalSoftwareConfig
                0x08012008                SPI_SSOutputCmd
                0x08012022                SPI_DataSizeConfig
                0x0801203a                SPI_TransmitCRC
                0x08012046                SPI_CalculateCRC
                0x08012060                SPI_GetCRC
                0x08012070                SPI_GetCRCPolynomial
                0x08012076                SPI_BiDirectionalLineConfig
                0x08012094                SPI_I2S_GetFlagStatus
                0x080120a0                SPI_I2S_ClearFlag
                0x080120a6                SPI_I2S_GetITStatus
                0x080120cc                SPI_I2S_ClearITPendingBit
 .text          0x080120dc      0xa80 lib/STM32F10x_StdPeriph_Driver/libstm32fw.a(stm32f10x_tim.o)
                0x0801214a                TIM_DeInit
                0x08012214                TIM_TimeBaseInit
                0x08012250                TIM_OC1Init
                0x080122d0                TIM_OC2Init
                0x08012358                TIM_OC3Init
                0x080123dc                TIM_OC4Init
                0x08012440                TIM_BDTRConfig
                0x08012462                TIM_TimeBaseStructInit
                0x08012474                TIM_OCStructInit
                0x08012488                TIM_ICStructInit
                0x08012498                TIM_BDTRStructInit
                0x080124aa                TIM_Cmd
                0x080124c4                TIM_CtrlPWMOutputs
                0x080124e2                TIM_ITConfig
                0x080124f8                TIM_GenerateEvent
                0x080124fc                TIM_DMAConfig
                0x08012504                TIM_DMACmd
                0x0801251a                TIM_InternalClockConfig
                0x08012528                TIM_ETRConfig
                0x0801253e                TIM_ETRClockMode2Config
                0x08012552                TIM_ETRClockMode1Config
                0x0801256c                TIM_PrescalerConfig
                0x08012572                TIM_CounterModeConfig
                0x08012584                TIM_SelectInputTrigger
                0x08012596                TIM_TIxExternalClockConfig
                0x080125c4                TIM_ITRxExternalClockConfig
                0x080125d8                TIM_EncoderInterfaceConfig
                0x08012616                TIM_ForcedOC1Config
                0x08012628                TIM_ForcedOC2Config
                0x0801263a                TIM_ForcedOC3Config
                0x0801264c                TIM_ForcedOC4Config
                0x0801265e                TIM_ARRPreloadConfig
                0x08012678                TIM_SelectCOM
                0x08012692                TIM_SelectCCDMA
                0x080126ac                TIM_CCPreloadControl
                0x080126c6                TIM_OC1PreloadConfig
                0x080126d8                TIM_OC2PreloadConfig
                0x080126ea                TIM_OC3PreloadConfig
                0x080126fc                TIM_OC4PreloadConfig
                0x0801270e                TIM_OC1FastConfig
                0x08012720                TIM_OC2FastConfig
                0x08012732                TIM_OC3FastConfig
                0x08012744                TIM_OC4FastConfig
                0x08012756                TIM_ClearOC1Ref
                0x08012768                TIM_ClearOC2Ref
                0x08012776                TIM_ClearOC3Ref
                0x08012788                TIM_ClearOC4Ref
                0x08012796                TIM_OC1PolarityConfig
                0x080127a8                TIM_OC1NPolarityConfig
                0x080127ba                TIM_OC2PolarityConfig
                0x080127cc                TIM_OC2NPolarityConfig
                0x080127de                TIM_OC3PolarityConfig
                0x080127f0                TIM_OC3NPolarityConfig
                0x08012802                TIM_OC4PolarityConfig
                0x08012814                TIM_CCxCmd
                0x08012832                TIM_CCxNCmd
                0x08012850                TIM_SelectOCxM
                0x0801289c                TIM_UpdateDisableConfig
                0x080128b6                TIM_UpdateRequestConfig
                0x080128d0                TIM_SelectHallSensor
                0x080128ea                TIM_SelectOnePulseMode
                0x08012902                TIM_SelectOutputTrigger
                0x0801291a                TIM_SelectSlaveMode
                0x08012932                TIM_SelectMasterSlaveMode
                0x0801294a                TIM_SetCounter
                0x0801294e                TIM_SetAutoreload
                0x08012952                TIM_SetCompare1
                0x08012956                TIM_SetCompare2
                0x0801295a                TIM_SetCompare3
                0x0801295e                TIM_SetCompare4
                0x08012964                TIM_SetIC1Prescaler
                0x0801297c                TIM_SetIC2Prescaler
                0x08012994                TIM_PWMIConfig
                0x08012a00                TIM_SetIC3Prescaler
                0x08012a18                TIM_SetIC4Prescaler
                0x08012a30                TIM_ICInit
                0x08012af4                TIM_SetClockDivision
                0x08012b06                TIM_GetCapture1
                0x08012b0c                TIM_GetCapture2
                0x08012b12                TIM_GetCapture3
                0x08012b18                TIM_GetCapture4
                0x08012b20                TIM_GetCounter
                0x08012b26                TIM_GetPrescaler
                0x08012b2c                TIM_GetFlagStatus
                0x08012b38                TIM_ClearFlag
                0x08012b3e                TIM_GetITStatus
                0x08012b54                TIM_ClearITPendingBit
 .text          0x08012b5c      0x374 lib/STM32F10x_StdPeriph_Driver/libstm32fw.a(stm32f10x_usart.o)
                0x08012b5c                USART_DeInit
                0x08012bf4                USART_Init
                0x08012c84                USART_StructInit
                0x08012c9a                USART_ClockInit
                0x08012cc0                USART_ClockStructInit
                0x08012ccc                USART_Cmd
                0x08012ce6                USART_ITConfig
                0x08012d1c                USART_DMACmd
                0x08012d32                USART_SetAddress
                0x08012d4a                USART_WakeUpConfig
                0x08012d62                USART_ReceiverWakeUpCmd
                0x08012d7c                USART_LINBreakDetectLengthConfig
                0x08012d94                USART_LINCmd
                0x08012dae                USART_SendData
                0x08012db6                USART_ReceiveData
                0x08012dbe                USART_SendBreak
                0x08012dca                USART_SetGuardTime
                0x08012ddc                USART_SetPrescaler
                0x08012df0                USART_SmartCardCmd
                0x08012e0a                USART_SmartCardNACKCmd
                0x08012e24                USART_HalfDuplexCmd
                0x08012e3e                USART_IrDAConfig
                0x08012e56                USART_IrDACmd
                0x08012e70                USART_GetFlagStatus
                0x08012e7c                USART_ClearFlag
                0x08012e82                USART_GetITStatus
                0x08012ec2                USART_ClearITPendingBit
 .text          0x08012ed0       0x90 /home/laurence/CodeSourcery/Sourcery_G++_Lite/bin/../lib/gcc/arm-none-eabi/4.5.2/../../../../arm-none-eabi/lib/thumb2/libm.a(lib_a-s_cos.o)
                0x08012ed0                cos
 .text          0x08012f60      0x128 /home/laurence/CodeSourcery/Sourcery_G++_Lite/bin/../lib/gcc/arm-none-eabi/4.5.2/../../../../arm-none-eabi/lib/thumb2/libm.a(lib_a-s_floor.o)
                0x08012f60                floor
 .text          0x08013088       0x98 /home/laurence/CodeSourcery/Sourcery_G++_Lite/bin/../lib/gcc/arm-none-eabi/4.5.2/../../../../arm-none-eabi/lib/thumb2/libm.a(lib_a-s_sin.o)
                0x08013088                sin
 .text          0x08013120       0x74 /home/laurence/CodeSourcery/Sourcery_G++_Lite/bin/../lib/gcc/arm-none-eabi/4.5.2/../../../../arm-none-eabi/lib/thumb2/libm.a(lib_a-sf_cos.o)
                0x08013120                cosf
 .text          0x08013194       0x78 /home/laurence/CodeSourcery/Sourcery_G++_Lite/bin/../lib/gcc/arm-none-eabi/4.5.2/../../../../arm-none-eabi/lib/thumb2/libm.a(lib_a-sf_sin.o)
                0x08013194                sinf
 .text          0x0801320c       0xa8 /home/laurence/CodeSourcery/Sourcery_G++_Lite/bin/../lib/gcc/arm-none-eabi/4.5.2/../../../../arm-none-eabi/lib/thumb2/libm.a(lib_a-w_asin.o)
                0x0801320c                asin
 .text          0x080132b4        0x4 /home/laurence/CodeSourcery/Sourcery_G++_Lite/bin/../lib/gcc/arm-none-eabi/4.5.2/../../../../arm-none-eabi/lib/thumb2/libm.a(lib_a-w_atan2.o)
                0x080132b4                atan2
 .text          0x080132b8       0xac /home/laurence/CodeSourcery/Sourcery_G++_Lite/bin/../lib/gcc/arm-none-eabi/4.5.2/../../../../arm-none-eabi/lib/thumb2/libm.a(lib_a-w_sqrt.o)
                0x080132b8                sqrt
 .text          0x08013364       0xa8 /home/laurence/CodeSourcery/Sourcery_G++_Lite/bin/../lib/gcc/arm-none-eabi/4.5.2/../../../../arm-none-eabi/lib/thumb2/libm.a(lib_a-wf_asin.o)
                0x08013364                asinf
 .text          0x0801340c        0x4 /home/laurence/CodeSourcery/Sourcery_G++_Lite/bin/../lib/gcc/arm-none-eabi/4.5.2/../../../../arm-none-eabi/lib/thumb2/libm.a(lib_a-wf_atan2.o)
                0x0801340c                atan2f
 .text          0x08013410      0x364 /home/laurence/CodeSourcery/Sourcery_G++_Lite/bin/../lib/gcc/arm-none-eabi/4.5.2/../../../../arm-none-eabi/lib/thumb2/libm.a(lib_a-wf_pow.o)
                0x08013410                powf
 .text          0x08013774       0xa4 /home/laurence/CodeSourcery/Sourcery_G++_Lite/bin/../lib/gcc/arm-none-eabi/4.5.2/../../../../arm-none-eabi/lib/thumb2/libm.a(lib_a-wf_sqrt.o)
                0x08013774                sqrtf
 .text          0x08013818      0x460 /home/laurence/CodeSourcery/Sourcery_G++_Lite/bin/../lib/gcc/arm-none-eabi/4.5.2/../../../../arm-none-eabi/lib/thumb2/libm.a(lib_a-e_asin.o)
                0x08013818                __ieee754_asin
 .text          0x08013c78      0x218 /home/laurence/CodeSourcery/Sourcery_G++_Lite/bin/../lib/gcc/arm-none-eabi/4.5.2/../../../../arm-none-eabi/lib/thumb2/libm.a(lib_a-e_atan2.o)
                0x08013c78                __ieee754_atan2
 .text          0x08013e90      0x450 /home/laurence/CodeSourcery/Sourcery_G++_Lite/bin/../lib/gcc/arm-none-eabi/4.5.2/../../../../arm-none-eabi/lib/thumb2/libm.a(lib_a-e_rem_pio2.o)
                0x08013e90                __ieee754_rem_pio2
 .text          0x080142e0      0x1c0 /home/laurence/CodeSourcery/Sourcery_G++_Lite/bin/../lib/gcc/arm-none-eabi/4.5.2/../../../../arm-none-eabi/lib/thumb2/libm.a(lib_a-e_sqrt.o)
                0x080142e0                __ieee754_sqrt
 .text          0x080144a0      0x318 /home/laurence/CodeSourcery/Sourcery_G++_Lite/bin/../lib/gcc/arm-none-eabi/4.5.2/../../../../arm-none-eabi/lib/thumb2/libm.a(lib_a-ef_asin.o)
                0x080144a0                __ieee754_asinf
 .text          0x080147b8      0x16c /home/laurence/CodeSourcery/Sourcery_G++_Lite/bin/../lib/gcc/arm-none-eabi/4.5.2/../../../../arm-none-eabi/lib/thumb2/libm.a(lib_a-ef_atan2.o)
                0x080147b8                __ieee754_atan2f
 .text          0x08014924      0x770 /home/laurence/CodeSourcery/Sourcery_G++_Lite/bin/../lib/gcc/arm-none-eabi/4.5.2/../../../../arm-none-eabi/lib/thumb2/libm.a(lib_a-ef_pow.o)
                0x08014924                __ieee754_powf
 .text          0x08015094      0x358 /home/laurence/CodeSourcery/Sourcery_G++_Lite/bin/../lib/gcc/arm-none-eabi/4.5.2/../../../../arm-none-eabi/lib/thumb2/libm.a(lib_a-ef_rem_pio2.o)
                0x08015094                __ieee754_rem_pio2f
 .text          0x080153ec       0xb0 /home/laurence/CodeSourcery/Sourcery_G++_Lite/bin/../lib/gcc/arm-none-eabi/4.5.2/../../../../arm-none-eabi/lib/thumb2/libm.a(lib_a-ef_sqrt.o)
                0x080153ec                __ieee754_sqrtf
 *fill*         0x0801549c        0x4 00
 .text          0x080154a0      0x250 /home/laurence/CodeSourcery/Sourcery_G++_Lite/bin/../lib/gcc/arm-none-eabi/4.5.2/../../../../arm-none-eabi/lib/thumb2/libm.a(lib_a-k_cos.o)
                0x080154a0                __kernel_cos
 .text          0x080156f0      0x7a8 /home/laurence/CodeSourcery/Sourcery_G++_Lite/bin/../lib/gcc/arm-none-eabi/4.5.2/../../../../arm-none-eabi/lib/thumb2/libm.a(lib_a-k_rem_pio2.o)
                0x080156f0                __kernel_rem_pio2
 .text          0x08015e98      0x168 /home/laurence/CodeSourcery/Sourcery_G++_Lite/bin/../lib/gcc/arm-none-eabi/4.5.2/../../../../arm-none-eabi/lib/thumb2/libm.a(lib_a-k_sin.o)
                0x08015e98                __kernel_sin
 .text          0x08016000      0x1b8 /home/laurence/CodeSourcery/Sourcery_G++_Lite/bin/../lib/gcc/arm-none-eabi/4.5.2/../../../../arm-none-eabi/lib/thumb2/libm.a(lib_a-kf_cos.o)
                0x08016000                __kernel_cosf
 .text          0x080161b8      0x63c /home/laurence/CodeSourcery/Sourcery_G++_Lite/bin/../lib/gcc/arm-none-eabi/4.5.2/../../../../arm-none-eabi/lib/thumb2/libm.a(lib_a-kf_rem_pio2.o)
                0x080161b8                __kernel_rem_pio2f
 .text          0x080167f4      0x100 /home/laurence/CodeSourcery/Sourcery_G++_Lite/bin/../lib/gcc/arm-none-eabi/4.5.2/../../../../arm-none-eabi/lib/thumb2/libm.a(lib_a-kf_sin.o)
                0x080167f4                __kernel_sinf
 *fill*         0x080168f4        0x4 00
 .text          0x080168f8      0x338 /home/laurence/CodeSourcery/Sourcery_G++_Lite/bin/../lib/gcc/arm-none-eabi/4.5.2/../../../../arm-none-eabi/lib/thumb2/libm.a(lib_a-s_atan.o)
                0x080168f8                atan
 .text          0x08016c30        0x8 /home/laurence/CodeSourcery/Sourcery_G++_Lite/bin/../lib/gcc/arm-none-eabi/4.5.2/../../../../arm-none-eabi/lib/thumb2/libm.a(lib_a-s_fabs.o)
                0x08016c30                fabs
 .text          0x08016c38       0x90 /home/laurence/CodeSourcery/Sourcery_G++_Lite/bin/../lib/gcc/arm-none-eabi/4.5.2/../../../../arm-none-eabi/lib/thumb2/libm.a(lib_a-s_fpclassify.o)
                0x08016c38                __fpclassifyd
 .text          0x08016cc8        0x4 /home/laurence/CodeSourcery/Sourcery_G++_Lite/bin/../lib/gcc/arm-none-eabi/4.5.2/../../../../arm-none-eabi/lib/thumb2/libm.a(lib_a-s_matherr.o)
                0x08016cc8                matherr
 .text          0x08016ccc        0xc /home/laurence/CodeSourcery/Sourcery_G++_Lite/bin/../lib/gcc/arm-none-eabi/4.5.2/../../../../arm-none-eabi/lib/thumb2/libm.a(lib_a-s_nan.o)
                0x08016ccc                nan
 .text          0x08016cd8      0x13c /home/laurence/CodeSourcery/Sourcery_G++_Lite/bin/../lib/gcc/arm-none-eabi/4.5.2/../../../../arm-none-eabi/lib/thumb2/libm.a(lib_a-s_rint.o)
                0x08016cd8                rint
 *fill*         0x08016e14        0x4 00
 .text          0x08016e18      0x108 /home/laurence/CodeSourcery/Sourcery_G++_Lite/bin/../lib/gcc/arm-none-eabi/4.5.2/../../../../arm-none-eabi/lib/thumb2/libm.a(lib_a-s_scalbn.o)
                0x08016e18                scalbn
 .text          0x08016f20      0x244 /home/laurence/CodeSourcery/Sourcery_G++_Lite/bin/../lib/gcc/arm-none-eabi/4.5.2/../../../../arm-none-eabi/lib/thumb2/libm.a(lib_a-sf_atan.o)
                0x08016f20                atanf
 .text          0x08017164        0x8 /home/laurence/CodeSourcery/Sourcery_G++_Lite/bin/../lib/gcc/arm-none-eabi/4.5.2/../../../../arm-none-eabi/lib/thumb2/libm.a(lib_a-sf_fabs.o)
                0x08017164                fabsf
 .text          0x0801716c       0x10 /home/laurence/CodeSourcery/Sourcery_G++_Lite/bin/../lib/gcc/arm-none-eabi/4.5.2/../../../../arm-none-eabi/lib/thumb2/libm.a(lib_a-sf_finite.o)
                0x0801716c                finitef
 .text          0x0801717c       0xa0 /home/laurence/CodeSourcery/Sourcery_G++_Lite/bin/../lib/gcc/arm-none-eabi/4.5.2/../../../../arm-none-eabi/lib/thumb2/libm.a(lib_a-sf_floor.o)
                0x0801717c                floorf
 .text          0x0801721c       0x7c /home/laurence/CodeSourcery/Sourcery_G++_Lite/bin/../lib/gcc/arm-none-eabi/4.5.2/../../../../arm-none-eabi/lib/thumb2/libm.a(lib_a-sf_fpclassify.o)
                0x0801721c                __fpclassifyf
 .text          0x08017298        0x8 /home/laurence/CodeSourcery/Sourcery_G++_Lite/bin/../lib/gcc/arm-none-eabi/4.5.2/../../../../arm-none-eabi/lib/thumb2/libm.a(lib_a-sf_nan.o)
                0x08017298                nanf
 .text          0x080172a0       0xc0 /home/laurence/CodeSourcery/Sourcery_G++_Lite/bin/../lib/gcc/arm-none-eabi/4.5.2/../../../../arm-none-eabi/lib/thumb2/libm.a(lib_a-sf_scalbn.o)
                0x080172a0                scalbnf
 .text          0x08017360       0x14 /home/laurence/CodeSourcery/Sourcery_G++_Lite/bin/../lib/gcc/arm-none-eabi/4.5.2/../../../../arm-none-eabi/lib/thumb2/libm.a(lib_a-s_copysign.o)
                0x08017360                copysign
 .text          0x08017374       0x10 /home/laurence/CodeSourcery/Sourcery_G++_Lite/bin/../lib/gcc/arm-none-eabi/4.5.2/../../../../arm-none-eabi/lib/thumb2/libm.a(lib_a-sf_copysign.o)
                0x08017374                copysignf
 *fill*         0x08017384        0x4 00
 .text          0x08017388      0x2b0 /home/laurence/CodeSourcery/Sourcery_G++_Lite/bin/../lib/gcc/arm-none-eabi/4.5.2/thumb2/libgcc.a(_divsi3.o)
                0x08017388                __aeabi_idiv
                0x08017388                __divsi3
                0x0801761c                __aeabi_idivmod
 .text          0x08017638        0x4 /home/laurence/CodeSourcery/Sourcery_G++_Lite/bin/../lib/gcc/arm-none-eabi/4.5.2/thumb2/libgcc.a(_dvmd_tls.o)
                0x08017638                __aeabi_ldiv0
                0x08017638                __aeabi_idiv0
 .text          0x0801763c      0x370 /home/laurence/CodeSourcery/Sourcery_G++_Lite/bin/../lib/gcc/arm-none-eabi/4.5.2/thumb2/libgcc.a(_arm_addsubdf3.o)
                0x0801763c                __aeabi_drsub
                0x08017644                __aeabi_dsub
                0x08017644                __subdf3
                0x08017648                __adddf3
                0x08017648                __aeabi_dadd
                0x080178c0                __aeabi_ui2d
                0x080178c0                __floatunsidf
                0x080178e0                __floatsidf
                0x080178e0                __aeabi_i2d
                0x08017904                __extendsfdf2
                0x08017904                __aeabi_f2d
                0x08017940                __aeabi_ul2d
                0x08017940                __floatundidf
                0x08017950                __floatdidf
                0x08017950                __aeabi_l2d
 .text          0x080179ac      0x424 /home/laurence/CodeSourcery/Sourcery_G++_Lite/bin/../lib/gcc/arm-none-eabi/4.5.2/thumb2/libgcc.a(_arm_muldivdf3.o)
                0x080179ac                __aeabi_dmul
                0x080179ac                __muldf3
                0x08017c00                __aeabi_ddiv
                0x08017c00                __divdf3
 .text          0x08017dd0      0x110 /home/laurence/CodeSourcery/Sourcery_G++_Lite/bin/../lib/gcc/arm-none-eabi/4.5.2/thumb2/libgcc.a(_arm_cmpdf2.o)
                0x08017dd0                __gtdf2
                0x08017dd0                __gedf2
                0x08017dd8                __ltdf2
                0x08017dd8                __ledf2
                0x08017de0                __cmpdf2
                0x08017de0                __eqdf2
                0x08017de0                __nedf2
                0x08017e5c                __aeabi_cdrcmple
                0x08017e6c                __aeabi_cdcmple
                0x08017e6c                __aeabi_cdcmpeq
                0x08017e7c                __aeabi_dcmpeq
                0x08017e90                __aeabi_dcmplt
                0x08017ea4                __aeabi_dcmple
                0x08017eb8                __aeabi_dcmpge
                0x08017ecc                __aeabi_dcmpgt
 .text          0x08017ee0       0x50 /home/laurence/CodeSourcery/Sourcery_G++_Lite/bin/../lib/gcc/arm-none-eabi/4.5.2/thumb2/libgcc.a(_arm_fixdfsi.o)
                0x08017ee0                __fixdfsi
                0x08017ee0                __aeabi_d2iz
 .text          0x08017f30       0x40 /home/laurence/CodeSourcery/Sourcery_G++_Lite/bin/../lib/gcc/arm-none-eabi/4.5.2/thumb2/libgcc.a(_arm_fixunsdfsi.o)
                0x08017f30                __fixunsdfsi
                0x08017f30                __aeabi_d2uiz
 .text          0x08017f70       0xa0 /home/laurence/CodeSourcery/Sourcery_G++_Lite/bin/../lib/gcc/arm-none-eabi/4.5.2/thumb2/libgcc.a(_arm_truncdfsf2.o)
                0x08017f70                __aeabi_d2f
                0x08017f70                __truncdfsf2
 .text          0x08018010      0x21c /home/laurence/CodeSourcery/Sourcery_G++_Lite/bin/../lib/gcc/arm-none-eabi/4.5.2/thumb2/libgcc.a(_arm_addsubsf3.o)
                0x08018010                __aeabi_frsub
                0x08018018                __subsf3
                0x08018018                __aeabi_fsub
                0x0801801c                __aeabi_fadd
                0x0801801c                __addsf3
                0x0801817c                __aeabi_ui2f
                0x0801817c                __floatunsisf
                0x08018184                __aeabi_i2f
                0x08018184                __floatsisf
                0x080181a0                __floatundisf
                0x080181a0                __aeabi_ul2f
                0x080181b0                __floatdisf
                0x080181b0                __aeabi_l2f
 .text          0x0801822c      0x2a0 /home/laurence/CodeSourcery/Sourcery_G++_Lite/bin/../lib/gcc/arm-none-eabi/4.5.2/thumb2/libgcc.a(_arm_muldivsf3.o)
                0x0801822c                __mulsf3
                0x0801822c                __aeabi_fmul
                0x08018394                __divsf3
                0x08018394                __aeabi_fdiv
 .text          0x080184cc       0xec /home/laurence/CodeSourcery/Sourcery_G++_Lite/bin/../lib/gcc/arm-none-eabi/4.5.2/thumb2/libgcc.a(_arm_cmpsf2.o)
                0x080184cc                __gtsf2
                0x080184cc                __gesf2
                0x080184d4                __lesf2
                0x080184d4                __ltsf2
                0x080184dc                __nesf2
                0x080184dc                __eqsf2
                0x080184dc                __cmpsf2
                0x0801853c                __aeabi_cfrcmple
                0x08018544                __aeabi_cfcmple
                0x08018544                __aeabi_cfcmpeq
                0x08018554                __aeabi_fcmpeq
                0x08018568                __aeabi_fcmplt
                0x0801857c                __aeabi_fcmple
                0x08018590                __aeabi_fcmpge
                0x080185a4                __aeabi_fcmpgt
 .text          0x080185b8       0x4c /home/laurence/CodeSourcery/Sourcery_G++_Lite/bin/../lib/gcc/arm-none-eabi/4.5.2/thumb2/libgcc.a(_arm_fixsfsi.o)
                0x080185b8                __fixsfsi
                0x080185b8                __aeabi_f2iz
 .text          0x08018604       0x40 /home/laurence/CodeSourcery/Sourcery_G++_Lite/bin/../lib/gcc/arm-none-eabi/4.5.2/thumb2/libgcc.a(_arm_fixunssfsi.o)
                0x08018604                __aeabi_f2uiz
                0x08018604                __fixunssfsi
 .text          0x08018644       0x38 /home/laurence/CodeSourcery/Sourcery_G++_Lite/bin/../lib/gcc/arm-none-eabi/4.5.2/thumb2/libgcc.a(_aeabi_ldivmod.o)
                0x08018644                __aeabi_ldivmod
 .text          0x0801867c       0x2c /home/laurence/CodeSourcery/Sourcery_G++_Lite/bin/../lib/gcc/arm-none-eabi/4.5.2/thumb2/libgcc.a(_fixsfdi.o)
                0x0801867c                __aeabi_f2lz
                0x0801867c                __fixsfdi
 .text          0x080186a8       0x48 /home/laurence/CodeSourcery/Sourcery_G++_Lite/bin/../lib/gcc/arm-none-eabi/4.5.2/thumb2/libgcc.a(_fixunssfdi.o)
                0x080186a8                __aeabi_f2ulz
                0x080186a8                __fixunssfdi
 .text          0x080186f0       0x60 /home/laurence/CodeSourcery/Sourcery_G++_Lite/bin/../lib/gcc/arm-none-eabi/4.5.2/thumb2/libgcc.a(bpabi.o)
                0x080186f0                __gnu_ldivmod_helper
                0x08018720                __gnu_uldivmod_helper
 .text          0x08018750      0x360 /home/laurence/CodeSourcery/Sourcery_G++_Lite/bin/../lib/gcc/arm-none-eabi/4.5.2/thumb2/libgcc.a(_divdi3.o)
                0x08018750                __divdi3
 .text          0x08018ab0      0x308 /home/laurence/CodeSourcery/Sourcery_G++_Lite/bin/../lib/gcc/arm-none-eabi/4.5.2/thumb2/libgcc.a(_udivdi3.o)
                0x08018ab0                __udivdi3
 .text          0x08018db8      0x278 /home/laurence/CodeSourcery/Sourcery_G++_Lite/bin/../lib/gcc/arm-none-eabi/4.5.2/thumb2/libgcc.a(_udivsi3.o)
                0x08018db8                __udivsi3
                0x08018db8                __aeabi_uidiv
                0x08019014                __aeabi_uidivmod
 .text          0x08019030        0xc /home/laurence/CodeSourcery/Sourcery_G++_Lite/bin/../lib/gcc/arm-none-eabi/4.5.2/../../../../arm-none-eabi/lib/thumb2/libc.a(lib_a-errno.o)
                0x08019030                __errno
 .text          0x0801903c       0x20 /home/laurence/CodeSourcery/Sourcery_G++_Lite/bin/../lib/gcc/arm-none-eabi/4.5.2/../../../../arm-none-eabi/lib/thumb2/libc.a(lib_a-malloc.o)
                0x0801903c                malloc
                0x0801904c                free
 .text          0x0801905c      0x57c /home/laurence/CodeSourcery/Sourcery_G++_Lite/bin/../lib/gcc/arm-none-eabi/4.5.2/../../../../arm-none-eabi/lib/thumb2/libc.a(lib_a-mallocr.o)
                0x0801905c                _malloc_r
 .text          0x080195d8      0x150 /home/laurence/CodeSourcery/Sourcery_G++_Lite/bin/../lib/gcc/arm-none-eabi/4.5.2/../../../../arm-none-eabi/lib/thumb2/libc.a(lib_a-memcpy.o)
                0x080195d8                memcpy
 .text          0x08019728       0xb4 /home/laurence/CodeSourcery/Sourcery_G++_Lite/bin/../lib/gcc/arm-none-eabi/4.5.2/../../../../arm-none-eabi/lib/thumb2/libc.a(lib_a-memset.o)
                0x08019728                memset
 .text          0x080197dc        0x8 /home/laurence/CodeSourcery/Sourcery_G++_Lite/bin/../lib/gcc/arm-none-eabi/4.5.2/../../../../arm-none-eabi/lib/thumb2/libc.a(lib_a-mlock.o)
                0x080197dc                __malloc_lock
                0x080197e0                __malloc_unlock
 *fill*         0x080197e4        0x4 00
 .text          0x080197e8      0x100 /home/laurence/CodeSourcery/Sourcery_G++_Lite/bin/../lib/gcc/arm-none-eabi/4.5.2/../../../../arm-none-eabi/lib/thumb2/libc.a(lib_a-rand.o)
                0x080197e8                srand
                0x08019844                rand
 .text          0x080198e8       0x28 /home/laurence/CodeSourcery/Sourcery_G++_Lite/bin/../lib/gcc/arm-none-eabi/4.5.2/../../../../arm-none-eabi/lib/thumb2/libc.a(lib_a-sbrkr.o)
                0x080198e8                _sbrk_r
 .text          0x08019910       0xbc /home/laurence/CodeSourcery/Sourcery_G++_Lite/bin/../lib/gcc/arm-none-eabi/4.5.2/../../../../arm-none-eabi/lib/thumb2/libc.a(lib_a-strcpy.o)
                0x08019910                strcpy
 .text          0x080199cc      0x240 /home/laurence/CodeSourcery/Sourcery_G++_Lite/bin/../lib/gcc/arm-none-eabi/4.5.2/../../../../arm-none-eabi/lib/thumb2/libc.a(lib_a-freer.o)
                0x080199cc                _malloc_trim_r
                0x08019a74                _free_r
 .text          0x08019c0c       0x30 /home/laurence/CodeSourcery/Sourcery_G++_Lite/bin/../lib/gcc/arm-none-eabi/4.5.2/../../../../arm-none-eabi/lib/thumb2/libcs3.a(start_c.o)
                0x08019c0c                __cs3_premain
 .text.cs3.init
                0x08019c3c       0x50 /home/laurence/CodeSourcery/Sourcery_G++_Lite/bin/../lib/gcc/arm-none-eabi/4.5.2/../../../../arm-none-eabi/lib/thumb2/libcs3.a(start_c.o)
                0x08019c3c                __cs3_start_c
 .text          0x08019c8c       0x40 /home/laurence/CodeSourcery/Sourcery_G++_Lite/bin/../lib/gcc/arm-none-eabi/4.5.2/../../../../arm-none-eabi/lib/thumb2/libcs3unhosted.a(unhosted-sbrk.o)
                0x08019c8c                _sbrk
 .text.cs3.init
                0x08019ccc       0x10 /home/laurence/CodeSourcery/Sourcery_G++_Lite/bin/../lib/gcc/arm-none-eabi/4.5.2/../../../../arm-none-eabi/lib/thumb2/libcs3unhosted.a(unhosted-start.o)
                0x08019ccc                _start
 .text          0x08019cdc        0x2 lib/libcs3-lanchon-stm32.a(lanchon_stm32_isr_interrupt.o)
                0x08019cdc                MemManageException
                0x08019cdc                BusFaultException
                0x08019cdc                DMAChannel7_IRQHandler
                0x08019cdc                DebugMonitor
                0x08019cdc                SVCHandler
                0x08019cdc                HardFaultException
                0x08019cdc                __STM32ReservedException8
                0x08019cdc                USB_HP_CAN_TX_IRQHandler
                0x08019cdc                __STM32DefaultExceptionHandler
                0x08019cdc                DMAChannel1_IRQHandler
                0x08019cdc                CAN_SCE_IRQHandler
                0x08019cdc                __STM32ReservedException10
                0x08019cdc                __STM32ReservedException13
                0x08019cdc                NMIException
                0x08019cdc                DMAChannel4_IRQHandler
                0x08019cdc                SysTickHandler
                0x08019cdc                PendSVC
                0x08019cdc                CAN_RX1_IRQHandler
                0x08019cdc                ADC_IRQHandler
                0x08019cdc                DMAChannel5_IRQHandler
                0x08019cdc                DMAChannel2_IRQHandler
                0x08019cdc                USB_LP_CAN_RX0_IRQHandler
                0x08019cdc                __STM32ReservedException7
                0x08019cdc                UsageFaultException
                0x08019cdc                DMAChannel6_IRQHandler
                0x08019cdc                DMAChannel3_IRQHandler
                0x08019cdc                __STM32ReservedException9
 *fill*         0x08019cde        0x2 00
 .text          0x08019ce0       0x50 /home/laurence/CodeSourcery/Sourcery_G++_Lite/bin/../lib/gcc/arm-none-eabi/4.5.2/../../../../arm-none-eabi/lib/thumb2/libc.a(lib_a-init.o)
                0x08019ce0                __libc_init_array
 *(.plt)
 *(.gnu.warning)
 *(.glue_7t)
 .glue_7t       0x00000000        0x0 linker stubs
 *(.glue_7)
 .glue_7        0x00000000        0x0 linker stubs
 *(.vfp11_veneer)
 .vfp11_veneer  0x00000000        0x0 linker stubs
 *(.rodata .rodata.* .gnu.linkonce.r.*)
 .rodata        0x08019d30      0x888 Sensors/earth_field.o
 .rodata.str1.1
                0x0801a5b8        0x9 Sensors/earth_field.o
 *fill*         0x0801a5c1        0x3 00
 .rodata        0x0801a5c4       0x9c Sensors/sensorcal.o
                0x0801a5c4                Acc_Cal_Dat
                0x0801a5f8                Mag_Cal_Dat
                0x0801a62c                Gyr_Cal_Dat
 .rodata        0x0801a660       0x9b Sensors/ubx.o
 .rodata.str1.1
                0x0801a6fb      0x13b Sensors/ubx.o
 .rodata.str1.1
                0x0801a836        0xf Util/Fatfs/ff.o
 .rodata        0x0801a845        0xc Util/Fatfs/rtc.o
 *fill*         0x0801a851        0x7 00
 .rodata        0x0801a858      0x1d8 Util/RF22/RF22.o
                0x0801a858                _ZTV4RF22
 .rodata._ZTV12RF22Datagram
                0x0801aa30       0x10 Util/RF22/RF22Datagram.o
                0x0801aa30                _ZTV12RF22Datagram
 .rodata        0x0801aa40       0x20 Util/RF22/RF22Mesh.o
                0x0801aa40                _ZTV8RF22Mesh
 .rodata._ZTV20RF22ReliableDatagram
                0x0801aa60       0x10 Util/RF22/RF22ReliableDatagram.o
                0x0801aa60                _ZTV20RF22ReliableDatagram
 .rodata        0x0801aa70       0x18 Util/RF22/RF22Router.o
                0x0801aa70                _ZTV10RF22Router
 .rodata        0x0801aa88      0x100 Util/crc.o
 .rodata        0x0801ab88       0x11 Util/rprintf.o
 .rodata.str1.1
                0x0801ab99        0x6 Util/rprintf.o
 *fill*         0x0801ab9f        0x1 00
 .rodata        0x0801aba0       0x54 Util/uavtalk.o
                0x0801aba0                UAVtalk_objects
                0x0801abcc                UAVtalk_lenghts
                0x0801abd7                UAVtalk_stream_objs
                0x0801abde                UAVtalk_stream_types
                0x0801abe6                UAVtalk_stream_timeouts
 .rodata        0x0801abf4        0xf i2c_int.o
                0x0801abf4                Magno_config
                0x0801abf7                Magno_single
                0x0801abf8                Bmp_temperature
                0x0801abf9                Bmp_pressure
                0x0801abfa                Accel_config
                0x0801abfe                Gyro_config
                0x0801ac01                Gyro_clk_config
                0x0801ac02                Pitot_conv
 *fill*         0x0801ac03        0x1 00
 .rodata        0x0801ac04       0x14 lib/CMSIS_CM3/system_stm32f10x.o
                0x0801ac04                SystemFrequency
                0x0801ac08                SystemFrequency_SysClk
                0x0801ac0c                SystemFrequency_AHBClk
                0x0801ac10                SystemFrequency_APB1Clk
                0x0801ac14                SystemFrequency_APB2Clk
 .rodata.str1.1
                0x0801ac18      0x40e main.o
                                0x411 (size before relaxing)
 *fill*         0x0801b026        0x2 00
 .rodata.str1.4
                0x0801b028        0x5 /home/laurence/CodeSourcery/Sourcery_G++_Lite/bin/../lib/gcc/arm-none-eabi/4.5.2/../../../../arm-none-eabi/lib/thumb2/libm.a(lib_a-w_asin.o)
                                  0xc (size before relaxing)
 *fill*         0x0801b02d        0x3 00
 .rodata.str1.4
                0x0801b030        0x5 /home/laurence/CodeSourcery/Sourcery_G++_Lite/bin/../lib/gcc/arm-none-eabi/4.5.2/../../../../arm-none-eabi/lib/thumb2/libm.a(lib_a-w_sqrt.o)
                                  0x8 (size before relaxing)
 *fill*         0x0801b035        0x3 00
 .rodata.str1.4
                0x0801b038        0x6 /home/laurence/CodeSourcery/Sourcery_G++_Lite/bin/../lib/gcc/arm-none-eabi/4.5.2/../../../../arm-none-eabi/lib/thumb2/libm.a(lib_a-wf_asin.o)
                                  0xc (size before relaxing)
 *fill*         0x0801b03e        0x2 00
 .rodata.str1.4
                0x0801b040        0x5 /home/laurence/CodeSourcery/Sourcery_G++_Lite/bin/../lib/gcc/arm-none-eabi/4.5.2/../../../../arm-none-eabi/lib/thumb2/libm.a(lib_a-wf_pow.o)
                                  0x8 (size before relaxing)
 *fill*         0x0801b045        0x3 00
 .rodata.str1.4
                0x0801b048        0x6 /home/laurence/CodeSourcery/Sourcery_G++_Lite/bin/../lib/gcc/arm-none-eabi/4.5.2/../../../../arm-none-eabi/lib/thumb2/libm.a(lib_a-wf_sqrt.o)
                                  0x8 (size before relaxing)
 *fill*         0x0801b04e        0x2 00
 .rodata        0x0801b050      0x188 /home/laurence/CodeSourcery/Sourcery_G++_Lite/bin/../lib/gcc/arm-none-eabi/4.5.2/../../../../arm-none-eabi/lib/thumb2/libm.a(lib_a-e_rem_pio2.o)
 .rodata        0x0801b1d8       0x18 /home/laurence/CodeSourcery/Sourcery_G++_Lite/bin/../lib/gcc/arm-none-eabi/4.5.2/../../../../arm-none-eabi/lib/thumb2/libm.a(lib_a-ef_pow.o)
 .rodata.str1.4
                0x00000000        0x4 /home/laurence/CodeSourcery/Sourcery_G++_Lite/bin/../lib/gcc/arm-none-eabi/4.5.2/../../../../arm-none-eabi/lib/thumb2/libm.a(lib_a-ef_pow.o)
 .rodata        0x0801b1f0      0x398 /home/laurence/CodeSourcery/Sourcery_G++_Lite/bin/../lib/gcc/arm-none-eabi/4.5.2/../../../../arm-none-eabi/lib/thumb2/libm.a(lib_a-ef_rem_pio2.o)
 .rodata        0x0801b588       0x50 /home/laurence/CodeSourcery/Sourcery_G++_Lite/bin/../lib/gcc/arm-none-eabi/4.5.2/../../../../arm-none-eabi/lib/thumb2/libm.a(lib_a-k_rem_pio2.o)
 .rodata        0x0801b5d8       0x38 /home/laurence/CodeSourcery/Sourcery_G++_Lite/bin/../lib/gcc/arm-none-eabi/4.5.2/../../../../arm-none-eabi/lib/thumb2/libm.a(lib_a-kf_rem_pio2.o)
 .rodata        0x0801b610       0x40 /home/laurence/CodeSourcery/Sourcery_G++_Lite/bin/../lib/gcc/arm-none-eabi/4.5.2/../../../../arm-none-eabi/lib/thumb2/libm.a(lib_a-s_atan.o)
 .rodata        0x0801b650       0x10 /home/laurence/CodeSourcery/Sourcery_G++_Lite/bin/../lib/gcc/arm-none-eabi/4.5.2/../../../../arm-none-eabi/lib/thumb2/libm.a(lib_a-s_rint.o)
 .rodata        0x0801b660       0x20 /home/laurence/CodeSourcery/Sourcery_G++_Lite/bin/../lib/gcc/arm-none-eabi/4.5.2/../../../../arm-none-eabi/lib/thumb2/libm.a(lib_a-sf_atan.o)
 .rodata.str1.4
                0x0801b680        0x4 /home/laurence/CodeSourcery/Sourcery_G++_Lite/bin/../lib/gcc/arm-none-eabi/4.5.2/../../../../arm-none-eabi/lib/thumb2/libc.a(lib_a-impure.o)
 *(.ARM.extab* .gnu.linkonce.armextab.*)
 *(.gcc_except_table)
 *(.eh_frame_hdr)
 *(.eh_frame)
                0x0801b684                . = ALIGN (0x4)
 *(.init)
 .init          0x0801b684        0x4 /home/laurence/CodeSourcery/Sourcery_G++_Lite/bin/../lib/gcc/arm-none-eabi/4.5.2/thumb2/crti.o
                0x0801b684                _init
 .init          0x0801b688        0x8 /home/laurence/CodeSourcery/Sourcery_G++_Lite/bin/../lib/gcc/arm-none-eabi/4.5.2/thumb2/crtn.o
                0x0801b690                . = ALIGN (0x4)
                0x0801b690                __preinit_array_start = .
 *(.preinit_array)
                0x0801b690                __preinit_array_end = .
                0x0801b690                . = ALIGN (0x4)
                0x0801b690                __init_array_start = .
 *(SORT(.init_array.*))
 *(.init_array)
 .init_array    0x0801b690        0x4 /home/laurence/CodeSourcery/Sourcery_G++_Lite/bin/../lib/gcc/arm-none-eabi/4.5.2/thumb2/crtbegin.o
 .init_array    0x0801b694        0x4 Util/RF22/ctocpp.o
                0x0801b698                __init_array_end = .
                0x0801b698                . = ALIGN (0x4)
 *crtbegin.o(.ctors)
 *(EXCLUDE_FILE(*crtend.o) .ctors)
 *(SORT(.ctors.*))
 *crtend.o(.ctors)
                0x0801b698                . = ALIGN (0x4)
 *(.fini)
 .fini          0x0801b698        0x4 /home/laurence/CodeSourcery/Sourcery_G++_Lite/bin/../lib/gcc/arm-none-eabi/4.5.2/thumb2/crti.o
                0x0801b698                _fini
 .fini          0x0801b69c        0x8 /home/laurence/CodeSourcery/Sourcery_G++_Lite/bin/../lib/gcc/arm-none-eabi/4.5.2/thumb2/crtn.o
                0x0801b6a4                . = ALIGN (0x4)
                0x0801b6a4                __fini_array_start = .
 *(.fini_array)
 .fini_array    0x0801b6a4        0x4 /home/laurence/CodeSourcery/Sourcery_G++_Lite/bin/../lib/gcc/arm-none-eabi/4.5.2/thumb2/crtbegin.o
 *(SORT(.fini_array.*))
                0x0801b6a8                __fini_array_end = .
 *crtbegin.o(.dtors)
 *(EXCLUDE_FILE(*crtend.o) .dtors)
 *(SORT(.dtors.*))
 *crtend.o(.dtors)
                0x0801b6a8                . = ALIGN (0x4)
                0x0801b6a8                __cs3_regions = .
                0x0801b6a8        0x4 LONG 0x0
                0x0801b6ac        0x4 LONG 0x801b6c8 __cs3_region_init_ram
                0x0801b6b0        0x4 LONG 0x20000000 __cs3_region_start_ram
                0x0801b6b4        0x4 LONG 0x688 __cs3_region_init_size_ram
                0x0801b6b8        0x4 LONG 0x1b90 __cs3_region_zero_size_ram
                0x0801b6bc                __exidx_start = .

.v4_bx          0x0801b6bc        0x0
 .v4_bx         0x00000000        0x0 linker stubs

.ARM.exidx      0x0801b6bc        0x8
 *(.ARM.exidx* .gnu.linkonce.armexidx.*)
 .ARM.exidx     0x0801b6bc        0x8 /home/laurence/CodeSourcery/Sourcery_G++_Lite/bin/../lib/gcc/arm-none-eabi/4.5.2/thumb2/libgcc.a(_divdi3.o)
 .ARM.exidx     0x0801b6c4        0x0 /home/laurence/CodeSourcery/Sourcery_G++_Lite/bin/../lib/gcc/arm-none-eabi/4.5.2/thumb2/libgcc.a(_udivdi3.o)
                                  0x8 (size before relaxing)
                0x0801b6c4                __exidx_end = .

.text.align     0x0801b6c4        0x4
                0x0801b6c8                . = ALIGN (0x8)
 *fill*         0x0801b6c4        0x4 00
                0x0801b6c8                _etext = .
                0x08020000                __cs3_region_end_rom = (__cs3_region_start_rom + 0x20000)
                0x00020000                __cs3_region_size_rom = 0x20000
                0x00000001                __cs3_region_num = 0x1

.data           0x20000000      0x688 load address 0x0801b6c8
                0x20000000                __cs3_region_start_ram = .
 *(.cs3.region-head.ram)
 *(.jcr)
 .jcr           0x20000000        0x0 /home/laurence/CodeSourcery/Sourcery_G++_Lite/bin/../lib/gcc/arm-none-eabi/4.5.2/thumb2/crtbegin.o
 .jcr           0x20000000        0x4 /home/laurence/CodeSourcery/Sourcery_G++_Lite/bin/../lib/gcc/arm-none-eabi/4.5.2/thumb2/crtend.o
 *(.got.plt)
 *(.got)
 *(.shdata)
 *(.data .data.* .gnu.linkonce.d.*)
 .data          0x20000004        0x1 Util/Fatfs/sd_spi_stm32.o
 *fill*         0x20000005        0x3 00
 .data          0x20000008       0x28 Util/uavtalk.o
                0x20000008                UAVtalk_conf
 .data          0x20000030       0x78 i2c_int.o
                0x20000030                I2C_jobs
 .data          0x200000a8        0x1 main.o
                0x200000a8                Spi_Locked
 *fill*         0x200000a9        0x3 00
 .data          0x200000ac        0x4 Control/ekf.o
                0x200000ac                Ge
 .data          0x200000b0       0xb4 Control/imu.o
 .data          0x20000164       0x14 lib/STM32F10x_StdPeriph_Driver/libstm32fw.a(stm32f10x_rcc.o)
 .data          0x20000178        0x1 /home/laurence/CodeSourcery/Sourcery_G++_Lite/bin/../lib/gcc/arm-none-eabi/4.5.2/../../../../arm-none-eabi/lib/thumb2/libm.a(lib_a-s_lib_ver.o)
                0x20000178                __fdlib_version
 *fill*         0x20000179        0x3 00
 .data          0x2000017c       0xf4 /home/laurence/CodeSourcery/Sourcery_G++_Lite/bin/../lib/gcc/arm-none-eabi/4.5.2/../../../../arm-none-eabi/lib/thumb2/libc.a(lib_a-impure.o)
                0x2000017c                _impure_ptr
 .data          0x20000270      0x410 /home/laurence/CodeSourcery/Sourcery_G++_Lite/bin/../lib/gcc/arm-none-eabi/4.5.2/../../../../arm-none-eabi/lib/thumb2/libc.a(lib_a-mallocr.o)
                0x20000270                __malloc_av_
                0x20000678                __malloc_sbrk_base
                0x2000067c                __malloc_trim_threshold
 .data          0x20000680        0x4 /home/laurence/CodeSourcery/Sourcery_G++_Lite/bin/../lib/gcc/arm-none-eabi/4.5.2/../../../../arm-none-eabi/lib/thumb2/libcs3unhosted.a(unhosted-sbrk.o)
 .data          0x20000684        0x4 /home/laurence/CodeSourcery/Sourcery_G++_Lite/bin/../lib/gcc/arm-none-eabi/4.5.2/../../../../arm-none-eabi/lib/thumb2/libcs3.a(heap.o)
                0x20000684                __cs3_heap_limit
 *(.ram)
                0x20000688                . = ALIGN (0x8)
                0x20000688                _edata = .

.bss            0x20000688     0x1b90 load address 0x0801bd50
 *(.shbss)
 *(.bss .bss.* .gnu.linkonce.b.*)
 .bss           0x20000688        0x1 /home/laurence/CodeSourcery/Sourcery_G++_Lite/bin/../lib/gcc/arm-none-eabi/4.5.2/thumb2/crtbegin.o
 *fill*         0x20000689        0x1 00
 .bss           0x2000068a       0x20 Sensors/accel_down.o
                0x200006a4                Accel_Data_Buffer
 *fill*         0x200006aa        0x2 00
 .bss           0x200006ac       0x28 Sensors/bmp085.o
                0x200006ac                Sea_Level_Pressure
                0x200006b0                Our_Sensorcal
                0x200006c8                Bmp_temp
                0x200006cc                Bmp_Temp_Buffer
                0x200006d0                Bmp_Press_Buffer
 .bss           0x200006d4        0xc Sensors/earth_field.o
 .bss           0x200006e0        0x4 Sensors/pitot.o
                0x200006e0                Pitot_Pressure
 .bss           0x200006e4        0xa Sensors/ubx.o
 *fill*         0x200006ee        0x2 00
 .bss           0x200006f0        0x8 Util/Fatfs/ff.o
 .bss           0x200006f8       0x10 Util/Fatfs/sd_spi_stm32.o
 .bss           0x20000708        0x8 Util/RF22/RF22.o
                0x20000708                _ZN4RF2217_RF22ForInterruptE
 .bss           0x20000710       0x3b Util/RF22/RF22Mesh.o
                0x20000710                _ZN8RF22Mesh11_tmpMessageE
 .bss           0x2000074b       0x40 Util/RF22/RF22Router.o
                0x2000074b                _ZN10RF22Router11_tmpMessageE
 *fill*         0x2000078b        0x1 00
 .bss           0x2000078c      0x180 Util/RF22/ctocpp.o
                0x2000078c                rf22
 .bss           0x2000090c       0x84 Util/rprintf.o
 .bss           0x20000990       0x60 Util/uavtalk.o
                0x2000099c                UAVtalk_semaphores
                0x200009a8                UAVtalk_pointers
                0x200009d4                UAVtalk_stream_timers
 .bss           0x200009f0       0x10 i2c_int.o
                0x200009f0                Jobs
                0x200009f4                job
                0x200009f8                Completed_Jobs
                0x200009fc                I2C1error
 .bss           0x20000a00        0x8 interrupts.o
 .bss           0x20000a08      0xa30 main.o
                0x20000a08                Gps_Buffer
                0x20000b10                Usart1tx
                0x20000c18                Si4432_buff
                0x20000d20                Millis
                0x20000d24                Gps
                0x20000d57                Home_Position
                0x20000da4                Long_To_Meters_Home
                0x20000fd8                f_err_code
                0x20000fdc                FATFS_logfile
                0x20001200                Si4432_connected
                0x20001201                Kalman_Enabled
                0x20001204                UAVtalk_Attitude_Array
                0x20001220                Position_Actual
                0x2000122c                Velocity_Actual
                0x20001238                UAVtalk_Altitude_Array
                0x20001244                Waypoint_Global
                0x20001250                Battery_State
                0x20001268                Flight_Status
                0x2000126a                GPS_Position
                0x20001290                uavtalk_usart_port
                0x2000132a                New_Waypoint_Flagged
                0x2000132b                Nav_Flag
                0x2000132c                Nav_Global
                0x20001360                uavtalk_si4432_port
                0x200013fa                Ground_Flag
                0x200013fc                Balt
                0x20001400                GCS_Telem
                0x20001415                Flight_Telem
                0x2000142c                quickdebug
 .bss           0x20001438       0x1a pwm.o
                0x20001438                TIM_TimeBaseStructure
                0x20001442                TIM_OCInitStructure
 .bss           0x20001452      0x104 usart.o
                0x20001452                Usart1_rx_buff
 *fill*         0x20001556        0x2 00
 .bss           0x20001558      0xbf8 Control/ekf.o
                0x20001558                Be
                0x20001564                P
                0x20001808                X
                0x2000183c                Q
                0x20001860                R
                0x20001888                F
                0x20001b2c                G
                0x20001d00                K
                0x20001f08                Nav
                0x20001f3c                H
                0x20002144                zeros
 .bss           0x20002150       0x8c Control/imu.o
                0x20002150                Gyro_Data_Buffer
                0x20002158                Accel_Access_Flag
                0x20002168                Accel_Data_Vector
                0x200021b0                Magno_Data_Buffer
 .bss           0x200021dc       0x34 /home/laurence/CodeSourcery/Sourcery_G++_Lite/bin/../lib/gcc/arm-none-eabi/4.5.2/../../../../arm-none-eabi/lib/thumb2/libc.a(lib_a-mallocr.o)
                0x200021dc                __malloc_top_pad
                0x200021e0                __malloc_current_mallinfo
                0x20002208                __malloc_max_sbrked_mem
                0x2000220c                __malloc_max_total_mem
 *(COMMON)
 COMMON         0x20002210        0x4 /home/laurence/CodeSourcery/Sourcery_G++_Lite/bin/../lib/gcc/arm-none-eabi/4.5.2/../../../../arm-none-eabi/lib/thumb2/libc.a(lib_a-reent.o)
                0x20002210                errno
 *(.ram.b)
                0x20002218                . = ALIGN (0x8)
 *fill*         0x20002214        0x4 00
                0x20002218                _end = .
                0x20002218                __end = .
                0x20005000                __cs3_region_end_ram = (__cs3_region_start_ram + 0x5000)
                0x00005000                __cs3_region_size_ram = 0x5000
                0x0801b6c8                __cs3_region_init_ram = LOADADDR (.data)
                0x00000688                __cs3_region_init_size_ram = (_edata - ADDR (.data))
                0x00001b90                __cs3_region_zero_size_ram = (_end - _edata)
                0x00000001                __cs3_region_num = 0x1

.stab
 *(.stab)

.stabstr
 *(.stabstr)

.debug
 *(.debug)

.line
 *(.line)

.debug_srcinfo
 *(.debug_srcinfo)

.debug_sfnames
 *(.debug_sfnames)

.debug_aranges
 *(.debug_aranges)

.debug_pubnames
 *(.debug_pubnames)

.debug_info
 *(.debug_info .gnu.linkonce.wi.*)

.debug_abbrev
 *(.debug_abbrev)

.debug_line
 *(.debug_line)

.comment        0x00000000       0x2a
 .comment       0x00000000       0x2a Sensors/accel_down.o
                                 0x2b (size before relaxing)
 .comment       0x00000000       0x2b Sensors/bmp085.o
 .comment       0x00000000       0x2b Sensors/earth_field.o
 .comment       0x00000000       0x2b Sensors/pitot.o
 .comment       0x00000000       0x2b Sensors/sensorcal.o
 .comment       0x00000000       0x2b Sensors/ubx.o
 .comment       0x00000000       0x2b Util/Fatfs/fattime.o
 .comment       0x00000000       0x2b Util/Fatfs/ff.o
 .comment       0x00000000       0x2b Util/Fatfs/rtc.o
 .comment       0x00000000       0x2b Util/Fatfs/sd_spi_stm32.o
 .comment       0x00000000       0x2b Util/RF22/RF22.o
 .comment       0x00000000       0x2b Util/RF22/RF22Datagram.o
 .comment       0x00000000       0x2b Util/RF22/RF22Mesh.o
 .comment       0x00000000       0x2b Util/RF22/RF22ReliableDatagram.o
 .comment       0x00000000       0x2b Util/RF22/RF22Router.o
 .comment       0x00000000       0x2b Util/RF22/ctocpp.o
 .comment       0x00000000       0x2b Util/atmospherics.o
 .comment       0x00000000       0x2b Util/coords.o
 .comment       0x00000000       0x2b Util/crc.o
 .comment       0x00000000       0x2b Util/delay.o
 .comment       0x00000000       0x2b Util/gravity.o
 .comment       0x00000000       0x2b Util/rprintf.o
 .comment       0x00000000       0x2b Util/time.o
 .comment       0x00000000       0x2b Util/uavobjconv.o
 .comment       0x00000000       0x2b Util/uavtalk.o
 .comment       0x00000000       0x2b adc.o
 .comment       0x00000000       0x2b dma.o
 .comment       0x00000000       0x2b gpio.o
 .comment       0x00000000       0x2b i2c_int.o
 .comment       0x00000000       0x2b interrupts.o
 .comment       0x00000000       0x2b lib/CMSIS_CM3/core_cm3.o
 .comment       0x00000000       0x2b lib/CMSIS_CM3/system_stm32f10x.o
 .comment       0x00000000       0x2b main.o
 .comment       0x00000000       0x2b pwm.o
 .comment       0x00000000       0x2b usart.o
 .comment       0x00000000       0x2b watchdog.o
 .comment       0x00000000       0x2b Control/ekf.o
 .comment       0x00000000       0x2b Control/imu.o
 .comment       0x00000000       0x2b Control/loops.o
 .comment       0x00000000       0x2b Control/servos.o
 .comment       0x00000000       0x2b lib/STM32F10x_StdPeriph_Driver/libstm32fw.a(misc.o)
 .comment       0x00000000       0x2b lib/STM32F10x_StdPeriph_Driver/libstm32fw.a(stm32f10x_adc.o)
 .comment       0x00000000       0x2b lib/STM32F10x_StdPeriph_Driver/libstm32fw.a(stm32f10x_bkp.o)
 .comment       0x00000000       0x2b lib/STM32F10x_StdPeriph_Driver/libstm32fw.a(stm32f10x_dma.o)
 .comment       0x00000000       0x2b lib/STM32F10x_StdPeriph_Driver/libstm32fw.a(stm32f10x_exti.o)
 .comment       0x00000000       0x2b lib/STM32F10x_StdPeriph_Driver/libstm32fw.a(stm32f10x_gpio.o)
 .comment       0x00000000       0x2b lib/STM32F10x_StdPeriph_Driver/libstm32fw.a(stm32f10x_i2c.o)
 .comment       0x00000000       0x2b lib/STM32F10x_StdPeriph_Driver/libstm32fw.a(stm32f10x_iwdg.o)
 .comment       0x00000000       0x2b lib/STM32F10x_StdPeriph_Driver/libstm32fw.a(stm32f10x_pwr.o)
 .comment       0x00000000       0x2b lib/STM32F10x_StdPeriph_Driver/libstm32fw.a(stm32f10x_rcc.o)
 .comment       0x00000000       0x2b lib/STM32F10x_StdPeriph_Driver/libstm32fw.a(stm32f10x_rtc.o)
 .comment       0x00000000       0x2b lib/STM32F10x_StdPeriph_Driver/libstm32fw.a(stm32f10x_spi.o)