Archive member included because of file (symbol)

lib/STM32F10x_StdPeriph_Driver/libstm32fw.a(misc.o)
                              interrupts.o (NVIC_PriorityGroupConfig)
lib/STM32F10x_StdPeriph_Driver/libstm32fw.a(stm32f10x_adc.o)
                              adc.o (ADC_DeInit)
lib/STM32F10x_StdPeriph_Driver/libstm32fw.a(stm32f10x_bkp.o)
                              Util/Fatfs/rtc.o (BKP_DeInit)
lib/STM32F10x_StdPeriph_Driver/libstm32fw.a(stm32f10x_dma.o)
                              Util/Fatfs/sd_spi_stm32.o (DMA_DeInit)
lib/STM32F10x_StdPeriph_Driver/libstm32fw.a(stm32f10x_exti.o)
                              interrupts.o (EXTI_Init)
lib/STM32F10x_StdPeriph_Driver/libstm32fw.a(stm32f10x_gpio.o)
                              Util/Fatfs/sd_spi_stm32.o (GPIO_Init)
lib/STM32F10x_StdPeriph_Driver/libstm32fw.a(stm32f10x_i2c.o)
                              i2c_int.o (I2C_DeInit)
lib/STM32F10x_StdPeriph_Driver/libstm32fw.a(stm32f10x_iwdg.o)
                              watchdog.o (IWDG_WriteAccessCmd)
lib/STM32F10x_StdPeriph_Driver/libstm32fw.a(stm32f10x_pwr.o)
                              Util/Fatfs/rtc.o (PWR_BackupAccessCmd)
lib/STM32F10x_StdPeriph_Driver/libstm32fw.a(stm32f10x_rcc.o)
                              adc.o (RCC_ADCCLKConfig)
lib/STM32F10x_StdPeriph_Driver/libstm32fw.a(stm32f10x_rtc.o)
                              Util/Fatfs/rtc.o (RTC_GetCounter)
lib/STM32F10x_StdPeriph_Driver/libstm32fw.a(stm32f10x_spi.o)
                              Util/Fatfs/sd_spi_stm32.o (SPI_I2S_DeInit)
lib/STM32F10x_StdPeriph_Driver/libstm32fw.a(stm32f10x_tim.o)
                              pwm.o (TIM_TimeBaseInit)
lib/STM32F10x_StdPeriph_Driver/libstm32fw.a(stm32f10x_usart.o)
                              usart.o (USART_DeInit)
/home/laurence/CodeSourcery/Sourcery_G++_Lite/bin/../lib/gcc/arm-none-eabi/4.5.2/../../../../arm-none-eabi/lib/thumb2/libm.a(lib_a-s_cos.o)
                              Sensors/earth_field.o (cos)
/home/laurence/CodeSourcery/Sourcery_G++_Lite/bin/../lib/gcc/arm-none-eabi/4.5.2/../../../../arm-none-eabi/lib/thumb2/libm.a(lib_a-s_floor.o)
                              Util/RF22/RF22.o (floor)
/home/laurence/CodeSourcery/Sourcery_G++_Lite/bin/../lib/gcc/arm-none-eabi/4.5.2/../../../../arm-none-eabi/lib/thumb2/libm.a(lib_a-s_sin.o)
                              Sensors/earth_field.o (sin)
/home/laurence/CodeSourcery/Sourcery_G++_Lite/bin/../lib/gcc/arm-none-eabi/4.5.2/../../../../arm-none-eabi/lib/thumb2/libm.a(lib_a-w_asin.o)
                              Sensors/earth_field.o (asin)
/home/laurence/CodeSourcery/Sourcery_G++_Lite/bin/../lib/gcc/arm-none-eabi/4.5.2/../../../../arm-none-eabi/lib/thumb2/libm.a(lib_a-w_atan2.o)
                              Sensors/earth_field.o (atan2)
/home/laurence/CodeSourcery/Sourcery_G++_Lite/bin/../lib/gcc/arm-none-eabi/4.5.2/../../../../arm-none-eabi/lib/thumb2/libm.a(lib_a-w_pow.o)
                              Sensors/bmp085.o (pow)
/home/laurence/CodeSourcery/Sourcery_G++_Lite/bin/../lib/gcc/arm-none-eabi/4.5.2/../../../../arm-none-eabi/lib/thumb2/libm.a(lib_a-w_sqrt.o)
                              Sensors/earth_field.o (sqrt)
/home/laurence/CodeSourcery/Sourcery_G++_Lite/bin/../lib/gcc/arm-none-eabi/4.5.2/../../../../arm-none-eabi/lib/thumb2/libm.a(lib_a-wf_asin.o)
                              Util/coords.o (asinf)
/home/laurence/CodeSourcery/Sourcery_G++_Lite/bin/../lib/gcc/arm-none-eabi/4.5.2/../../../../arm-none-eabi/lib/thumb2/libm.a(lib_a-wf_atan2.o)
                              Util/coords.o (atan2f)
/home/laurence/CodeSourcery/Sourcery_G++_Lite/bin/../lib/gcc/arm-none-eabi/4.5.2/../../../../arm-none-eabi/lib/thumb2/libm.a(lib_a-e_asin.o)
                              /home/laurence/CodeSourcery/Sourcery_G++_Lite/bin/../lib/gcc/arm-none-eabi/4.5.2/../../../../arm-none-eabi/lib/thumb2/libm.a(lib_a-w_asin.o) (__ieee754_asin)
/home/laurence/CodeSourcery/Sourcery_G++_Lite/bin/../lib/gcc/arm-none-eabi/4.5.2/../../../../arm-none-eabi/lib/thumb2/libm.a(lib_a-e_atan2.o)
                              /home/laurence/CodeSourcery/Sourcery_G++_Lite/bin/../lib/gcc/arm-none-eabi/4.5.2/../../../../arm-none-eabi/lib/thumb2/libm.a(lib_a-w_atan2.o) (__ieee754_atan2)
/home/laurence/CodeSourcery/Sourcery_G++_Lite/bin/../lib/gcc/arm-none-eabi/4.5.2/../../../../arm-none-eabi/lib/thumb2/libm.a(lib_a-e_pow.o)
                              /home/laurence/CodeSourcery/Sourcery_G++_Lite/bin/../lib/gcc/arm-none-eabi/4.5.2/../../../../arm-none-eabi/lib/thumb2/libm.a(lib_a-w_pow.o) (__ieee754_pow)
/home/laurence/CodeSourcery/Sourcery_G++_Lite/bin/../lib/gcc/arm-none-eabi/4.5.2/../../../../arm-none-eabi/lib/thumb2/libm.a(lib_a-e_rem_pio2.o)
                              /home/laurence/CodeSourcery/Sourcery_G++_Lite/bin/../lib/gcc/arm-none-eabi/4.5.2/../../../../arm-none-eabi/lib/thumb2/libm.a(lib_a-s_cos.o) (__ieee754_rem_pio2)
/home/laurence/CodeSourcery/Sourcery_G++_Lite/bin/../lib/gcc/arm-none-eabi/4.5.2/../../../../arm-none-eabi/lib/thumb2/libm.a(lib_a-e_sqrt.o)
[...]
Memory Configuration

Name             Origin             Length             Attributes
ram              0x20000000         0x00005000         xrw
rom              0x08000000         0x00020000         xr
*default*        0x00000000         0xffffffff

Linker script and memory map

LOAD /home/laurence/CodeSourcery/Sourcery_G++_Lite/bin/../lib/gcc/arm-none-eabi/4.5.2/thumb2/crti.o
LOAD /home/laurence/CodeSourcery/Sourcery_G++_Lite/bin/../lib/gcc/arm-none-eabi/4.5.2/thumb2/crtbegin.o
LOAD Sensors/accel_down.o
LOAD Sensors/bmp085.o
LOAD Sensors/earth_field.o
LOAD Sensors/pitot.o
LOAD Sensors/sensorcal.o
LOAD Sensors/ubx.o
LOAD Util/Fatfs/fattime.o
LOAD Util/Fatfs/ff.o
LOAD Util/Fatfs/rtc.o
LOAD Util/Fatfs/sd_spi_stm32.o
LOAD Util/RF22/RF22.o
LOAD Util/RF22/RF22Datagram.o
LOAD Util/RF22/RF22Mesh.o
LOAD Util/RF22/RF22ReliableDatagram.o
LOAD Util/RF22/RF22Router.o
LOAD Util/RF22/ctocpp.o
LOAD Util/atmospherics.o
LOAD Util/coords.o
LOAD Util/crc.o
LOAD Util/delay.o
LOAD Util/gravity.o
LOAD Util/rprintf.o
LOAD Util/time.o
LOAD Util/uavobjconv.o
LOAD Util/uavtalk.o
LOAD adc.o
LOAD dma.o
LOAD gpio.o
LOAD i2c_int.o
LOAD interrupts.o
LOAD lib/CMSIS_CM3/core_cm3.o
LOAD lib/CMSIS_CM3/startup/gcc/startup_stm32f10x_md.o
LOAD lib/CMSIS_CM3/system_stm32f10x.o
LOAD main.o
LOAD pwm.o
LOAD usart.o
LOAD watchdog.o
LOAD Control/ekf.o
LOAD Control/imu.o
LOAD Control/loops.o
LOAD Control/servos.o
LOAD lib/STM32F10x_StdPeriph_Driver/libstm32fw.a
LOAD lib/STM32_USB-FS-Device_Driver/libstm32usb.a
LOAD /home/laurence/CodeSourcery/Sourcery_G++_Lite/bin/../lib/gcc/arm-none-eabi/4.5.2/../../../../arm-none-eabi/lib/thumb2/libm.a
START GROUP
LOAD /home/laurence/CodeSourcery/Sourcery_G++_Lite/bin/../lib/gcc/arm-none-eabi/4.5.2/thumb2/libgcc.a
LOAD /home/laurence/CodeSourcery/Sourcery_G++_Lite/bin/../lib/gcc/arm-none-eabi/4.5.2/../../../../arm-none-eabi/lib/thumb2/libc.a
END GROUP
LOAD /home/laurence/CodeSourcery/Sourcery_G++_Lite/bin/../lib/gcc/arm-none-eabi/4.5.2/thumb2/crtend.o
LOAD /home/laurence/CodeSourcery/Sourcery_G++_Lite/bin/../lib/gcc/arm-none-eabi/4.5.2/thumb2/crtn.o
START GROUP
LOAD /home/laurence/CodeSourcery/Sourcery_G++_Lite/bin/../lib/gcc/arm-none-eabi/4.5.2/thumb2/libgcc.a
LOAD /home/laurence/CodeSourcery/Sourcery_G++_Lite/bin/../lib/gcc/arm-none-eabi/4.5.2/../../../../arm-none-eabi/lib/thumb2/libc.a
LOAD /home/laurence/CodeSourcery/Sourcery_G++_Lite/bin/../lib/gcc/arm-none-eabi/4.5.2/../../../../arm-none-eabi/lib/thumb2/libcs3.a
LOAD /home/laurence/CodeSourcery/Sourcery_G++_Lite/bin/../lib/gcc/arm-none-eabi/4.5.2/../../../../arm-none-eabi/lib/thumb2/libcs3unhosted.a
LOAD lib/libcs3-lanchon-stm32.a
END GROUP
                0x20005000                PROVIDE (__cs3_stack, (__cs3_region_start_ram + __cs3_region_size_ram))
                0x200021f0                PROVIDE (__cs3_heap_start, _end)
                0x20005000                PROVIDE (__cs3_heap_end, (__cs3_region_start_ram + __cs3_region_size_ram))

.text           0x08000000    0x1a6a4
 CREATE_OBJECT_SYMBOLS
                0x08000000                __cs3_region_start_rom = .
 *(.cs3.region-head.rom)
                0x08000000                __cs3_interrupt_vector = __cs3_interrupt_vector_lanchon_stm32
 *(.cs3.interrupt_vector)
 .cs3.interrupt_vector
                0x08000000       0xec lib/libcs3-lanchon-stm32.a(lanchon-stm32-vector.o)
                0x08000000                __cs3_interrupt_vector_lanchon_stm32
                0x08000001                ASSERT ((. != __cs3_interrupt_vector_lanchon_stm32), No interrupt vector)
 *(.rom)
 *(.rom.b)
                0x08019074                PROVIDE (__cs3_reset_lanchon_stm32, _start)
                0x08019074                __cs3_reset = __cs3_reset_lanchon_stm32
 *(.cs3.reset)
 *(.text .text.* .gnu.linkonce.t.*)
 .text          0x080000ec       0x30 /home/laurence/CodeSourcery/Sourcery_G++_Lite/bin/../lib/gcc/arm-none-eabi/4.5.2/thumb2/crtbegin.o
 .text          0x0800011c       0xc0 Sensors/accel_down.o
                0x0800011c                Accel_Downconvert
 *fill*         0x080001dc        0x4 00
 .text          0x080001e0      0x148 Sensors/bmp085.o
                0x080001e0                Bmp085_Convert
                0x0800029c                Baro_Convert_Pressure
                0x080002f0                flip_sensorcal
                0x08000306                flip_adc24
 .text          0x08000328     0x1920 Sensors/earth_field.o
                0x08000328                WMM_Initialize
                0x0800039c                WMM_ComputeSphericalHarmonicVariables
                0x08000474                WMM_RotateMagneticVector
                0x08000538                WMM_CalculateGeoMagneticElements
                0x08000600                WMM_CalculateSecularVariation
                0x08000718                WMM_PcupHigh
                0x08000bce                WMM_PcupLow
                0x08000f20                WMM_AssociatedLegendreFunction
                0x08000fac                WMM_get_secular_var_coeff_g
                0x08000fc4                WMM_get_main_field_coeff_g
                0x08001060                WMM_get_secular_var_coeff_h
                0x08001078                WMM_get_main_field_coeff_h
                0x08001114                WMM_SummationSpecial
                0x080012b4                WMM_Summation
                0x080014a4                WMM_SecVarSummationSpecial
                0x08001644                WMM_SecVarSummation
                0x080017e4                WMM_Geomag
                0x080018dc                WMM_DateToYear
                0x0800191c                WMM_GeodeticToSpherical
                0x08001a88                WMM_GetMagVector
 .text          0x08001c48       0x88 Sensors/pitot.o
                0x08001c48                Pitot_Conv
                0x08001c7c                Pitot_convert_Airspeed
 .text          0x08001cd0       0xf6 Sensors/sensorcal.o
                0x08001cd0                Calibrate_3
 *fill*         0x08001dc6        0x2 00
 .text          0x08001dc8      0x348 Sensors/ubx.o
                0x08001dc8                Gps_Process_Byte
                0x08001f50                Get_UBX_Ack
                0x08001ff4                Config_Gps
 .text          0x08002110       0x44 Util/Fatfs/fattime.o
                0x08002110                get_fattime
 .text          0x08002154     0x1a60 Util/Fatfs/ff.o
                0x08002716                clust2sect
                0x08002730                get_fat
                0x080028b2                put_fat
                0x08002e3e                f_mount
                0x08002e5c                f_open
                0x08002fa8                f_read
                0x08003120                f_write
                0x080032d6                f_sync
                0x08003388                f_close
                0x08003396                f_lseek
                0x080034fa                f_opendir
                0x0800355e                f_readdir
                0x080035b2                f_stat
                0x080035f2                f_getfree
                0x080036e4                f_truncate
                0x0800377c                f_unlink
                0x0800382c                f_mkdir
                0x080039f2                f_chmod
                0x08003a46                f_utime
                0x08003a9e                f_rename
 .text          0x08003bb4      0x2e0 Util/Fatfs/rtc.o
                0x08003c98                rtc_gettime
                0x08003d10                my_RTC_SetCounter
                0x08003d32                rtc_settime
                0x08003dfc                rtc_init
 .text          0x08003e94      0x880 Util/Fatfs/sd_spi_stm32.o
                0x080041ee                disk_initialize
                0x08004310                disk_status
                0x08004320                disk_read
                0x080043ac                disk_write
                0x08004458                disk_ioctl
                0x080046d8                disk_timerproc
 .text          0x08004714      0x8bc Util/RF22/RF22.o
                0x08004714                _ZN4RF2223handleExternalInterruptEv
                0x08004716                _ZN4RF2226handleWakeupTimerInterruptEv
                0x08004718                _ZN4RF22C1Ehh
                0x08004718                _ZN4RF22C2Ehh
                0x0800473c                _ZN4RF227spiReadEh
                0x0800479c                _ZN4RF228spiWriteEhh
                0x080047fc                _ZN4RF225resetEv
                0x08004812                _ZN4RF2212spiBurstReadEhPhh
                0x08004884                _ZN4RF2213spiBurstWriteEhPhh
                0x080048ec                _ZN4RF2210statusReadEv
                0x080048f0                _ZN4RF227adcReadEhhhh
                0x0800492e                _ZN4RF2215temperatureReadEhh
                0x08004958                _ZN4RF227wutReadEv
                0x08004972                _ZN4RF2212setWutPeriodEthh
                0x0800499a                _ZN4RF2212setFrequencyEf
                0x08004a6c                _ZN4RF2213setFHStepSizeEh
                0x08004a8c                _ZN4RF2212setFHChannelEh
                0x08004aac                _ZN4RF228rssiReadEv
                0x08004ab0                _ZN4RF2215ezmacStatusReadEv
                0x08004ab4                _ZN4RF227setModeEh
                0x08004aba                _ZN4RF2211setModeIdleEv
                0x08004ace                _ZN4RF229setModeRxEv
                0x08004ae8                _ZN4RF229setModeTxEv
                0x08004b02                _ZN4RF2210setTxPowerEh
                0x08004b08                _ZN4RF2217setModemRegistersEPNS_11ModemConfigE
                0x08004b5e                _ZN4RF2214setModemConfigENS_17ModemConfigChoiceE
                0x08004b7c                _ZN4RF2217setPreambleLengthEh
                0x08004b82                _ZN4RF2212setSyncWordsEPhh
                0x08004b92                _ZN4RF2210clearRxBufEv
                0x08004b9e                _ZN4RF229availableEv
                0x08004bac                _ZN4RF2213waitAvailableEv
                0x08004bbc                _ZN4RF2220waitAvailableTimeoutEt
                0x08004be4                _ZN4RF2214waitPacketSentEv
                0x08004bee                _ZN4RF224recvEPhS0_
                0x08004c24                _ZN4RF2210clearTxBufEv
                0x08004c34                _ZN4RF2211appendTxBufEPhh
                0x08004c64                _ZN4RF229fillTxBufEPhh
                0x08004c7c                _ZN4RF2216sendNextFragmentEv
                0x08004cbe                _ZN4RF2213startTransmitEv
                0x08004cda                _ZN4RF224sendEPhh
                0x08004cfa                _ZN4RF2216readNextFragmentEv
                0x08004d22                _ZN4RF2210resetFifosEv
                0x08004d3a                _ZN4RF2211resetRxFifoEv
                0x08004d52                _ZN4RF2215handleInterruptEv
                0x08004e68                _ZN4RF224isr1Ev
                0x08004e78                _ZN4RF224isr0Ev
                0x08004e88                _ZN4RF2211resetTxFifoEv
                0x08004ea0                _ZN4RF2211setHeaderToEh
                0x08004ea6                _ZN4RF2213setHeaderFromEh
                0x08004eac                _ZN4RF2211setHeaderIdEh
                0x08004eb2                _ZN4RF2214setHeaderFlagsEh
                0x08004eb8                _ZN4RF228headerToEv
                0x08004ebc                _ZN4RF2210headerFromEv
                0x08004ec0                _ZN4RF228headerIdEv
                0x08004ec4                _ZN4RF2211headerFlagsEv
                0x08004ec8                _ZN4RF228lastRssiEv
                0x08004ece                _ZN4RF2214setPromiscuousEb
                0x08004eda                _ZN4RF224initEv
 .text          0x08004fd0       0xcc Util/RF22/RF22Datagram.o
                0x08004fd0                _ZN12RF22DatagramC1Ehhh
                0x08004fd0                _ZN12RF22DatagramC2Ehhh
                0x08004ff0                _ZN12RF22Datagram14setThisAddressEh
                0x0800500e                _ZN12RF22Datagram4initEv
                0x08005028                _ZN12RF22Datagram6sendtoEPhhh
                0x08005044                _ZN12RF22Datagram8recvfromEPhS0_S0_S0_S0_S0_
 .text          0x0800509c      0x3d8 Util/RF22/RF22Mesh.o
                0x0800509c                _ZN8RF22Mesh17isPhysicalAddressEPhh
                0x080050b4                _ZN8RF22Mesh5doArpEh
                0x08005144                _ZN8RF22Mesh5routeEPN10RF22Router13RoutedMessageEh
                0x080051ac                _ZN8RF22Mesh13peekAtMessageEPN10RF22Router13RoutedMessageEh
                0x0800522a                _ZN8RF22MeshC2Ehhh
                0x0800522a                _ZN8RF22MeshC1Ehhh
                0x08005240                _ZN8RF22Mesh10sendtoWaitEPhhh
                0x0800529c                _ZN8RF22Mesh11recvfromAckEPhS0_S0_S0_S0_S0_
                0x08005420                _ZN8RF22Mesh18recvfromAckTimeoutEPhS0_tS0_S0_S0_S0_
 .text          0x08005474      0x274 Util/RF22/RF22ReliableDatagram.o
                0x08005474                _ZN20RF22ReliableDatagramC2Ehhh
                0x08005474                _ZN20RF22ReliableDatagramC1Ehhh
                0x080054a0                _ZN20RF22ReliableDatagram10setTimeoutEt
                0x080054a6                _ZN20RF22ReliableDatagram10setRetriesEh
                0x080054ac                _ZN20RF22ReliableDatagram15retransmissionsEv
                0x080054b2                _ZN20RF22ReliableDatagram11acknowledgeEhh
                0x080054de                _ZN20RF22ReliableDatagram11recvfromAckEPhS0_S0_S0_S0_S0_
                0x0800557e                _ZN20RF22ReliableDatagram18recvfromAckTimeoutEPhS0_tS0_S0_S0_S0_
                0x080055d4                _ZN20RF22ReliableDatagram10sendtoWaitEPhhh
 .text          0x080056e8      0x300 Util/RF22/RF22Router.o
                0x080056e8                _ZN10RF22Router13peekAtMessageEPNS_13RoutedMessageEh
                0x080056ea                _ZN10RF22Router4initEv
                0x080056fc                _ZN10RF22Router10setMaxHopsEh
                0x08005702                _ZN10RF22Router10getRouteToEh
                0x08005730                _ZN10RF22Router5routeEPNS_13RoutedMessageEh
                0x08005762                _ZN10RF22Router11deleteRouteEh
                0x08005798                _ZN10RF22Router13deleteRouteToEh
                0x080057be                _ZN10RF22Router17retireOldestRouteEv
                0x080057c2                _ZN10RF22Router10addRouteToEhhh
                0x08005832                _ZN10RF22Router17clearRoutingTableEv
                0x08005842                _ZN10RF22RouterC2Ehhh
                0x08005842                _ZN10RF22RouterC1Ehhh
                0x08005864                _ZN10RF22Router10sendtoWaitEPhhhh
                0x080058a8                _ZN10RF22Router10sendtoWaitEPhhh
                0x080058b6                _ZN10RF22Router11recvfromAckEPhS0_S0_S0_S0_S0_
                0x08005994                _ZN10RF22Router18recvfromAckTimeoutEPhS0_tS0_S0_S0_S0_
 .text          0x080059e8       0x94 Util/RF22/ctocpp.o
                0x080059e8                RF22_Init
                0x080059f4                RF22_Sendtowait
                0x08005a10                RF22_recvfromAckTimeout
                0x08005a38                RF22_Reassign
                0x08005a44                RF22_Service_ISR
                0x08005a50                RF22_Sendto
 *fill*         0x08005a7c        0x4 00
 .text          0x08005a80       0xd8 Util/atmospherics.o
                0x08005a80                US_1976_Temperature
                0x08005b14                Air_Density
 .text          0x08005b58      0x948 Util/coords.o
                0x08005b58                LLA2ECEF
                0x08005c6c                RneFromLLA
                0x08005d20                Quaternion2RPY
                0x08005e58                R2Quaternion
                0x08006038                CrossProduct
                0x08006096                VectorMagnitude
                0x080060d8                RotFrom2Vectors
                0x08006298                VectorNormalize
                0x080062c2                quat_inverse
                0x080062de                quat_copy
                0x080062f4                quat_mult
                0x080063fe                rot_mult
 .text          0x080064a0       0x24 Util/crc.o
                0x080064a0                CRC_updateByte
                0x080064ac                CRC_updateCRC
 .text          0x080064c4       0x2c Util/delay.o
                0x080064c4                Delay
 .text          0x080064f0       0xc8 Util/gravity.o
                0x080064f0                Ge_From_Latitude
 .text          0x080065b8      0x568 Util/rprintf.o
                0x080065b8                rprintfInit
                0x080065c4                rprintfChar
                0x080065e0                rprintfStr
                0x080065f6                rprintfStrLen
                0x0800662a                rprintfCRLF
                0x0800662e                rprintfu04
                0x08006638                rprintfu08
                0x0800664a                rprintfu16
                0x0800665c                rprintfu32
                0x0800666e                rprintfNum
                0x08006714                rprintfFloat
                0x080067cc                Isdigit
                0x080067da                atoiRamRom
                0x08006800                rStrLen
                0x08006810                rprintf2RamRom
 .text          0x08006b20       0x20 Util/time.o
                0x08006b20                Set_RTC_From_GPS
 .text          0x08006b40      0x148 Util/uavobjconv.o
                0x08006b40                GPSPosition_from_UBX
                0x08006c68                Populate_Attitude
 .text          0x08006c88      0x5b0 Util/uavtalk.o
                0x08006c88                UAVtalk_Register_Object
                0x08006c9c                UAVtalk_Set_Port
                0x08006cc4                memchr_32
                0x08006cee                UAVtalk_Process_Byte
                0x08006e64                UAVtalk_Generate_Packet
                0x08006fe8                UAVtalk_Run_Streams
                0x080070a4                updateTelemetryStats
                0x08007220                UAVtalk_Handle_Protocol
 .text          0x08007238       0xa0 adc.o
                0x08007238                ADC_Configuration
                0x080072a8                readADC1
 .text          0x080072d8      0x124 dma.o
                0x080072d8                DMA_USART2_Configuration
                0x08007320                DMA_USART1_Configuration
                0x08007374                Bytes_In_Buffer
                0x0800739c                Get_From_Buffer
                0x080073cc                Pop_From_Buffer
                0x080073ea                Flush_Buffer
 .text          0x080073fc      0x1d4 gpio.o
                0x080073fc                GPIO_Config_AF_Periferals
                0x08007450                MEMS_Status_Configuration
                0x08007488                GPS_IO_Configuration
                0x080074d0                SPI_Control_Configuration
                0x08007538                Aux_Devices_Configuration
                0x08007590                All_IO_Configuration
                0x080075a8                Get_MEMS_DRDY
 .text          0x080075d0      0x59c i2c_int.o
                0x080075d0                I2C1_ER_IRQHandler
                0x0800765c                I2C1_Request_Job
                0x08007688                I2C1_EV_IRQHandler
                0x08007a9c                I2C1_Setup_Job
                0x08007ab0                I2C_Config
 .text          0x08007b6c      0x1d8 interrupts.o
                0x08007b6c                EXTI_Config
                0x08007c38                EXTI9_5_IRQHandler
                0x08007ca0                EXTI15_10_IRQHandler
                0x08007cc0                EXTI4_IRQHandler
                0x08007d30                NMI_Handler
                0x08007d32                HardFault_Handler
                0x08007d34                MemManage_Handler
                0x08007d36                BusFault_Handler
                0x08007d38                UsageFault_Handler
                0x08007d3a                SVC_Handler
                0x08007d3c                DebugMon_Handler
                0x08007d3e                PendSV_Handler
                0x08007d40                SysTick_Handler
 .text.Default_Handler
                0x08007d44        0x2 lib/CMSIS_CM3/startup/gcc/startup_stm32f10x_md.o
                0x08007d44                EXTI2_IRQHandler
                0x08007d44                TIM1_CC_IRQHandler
                0x08007d44                PVD_IRQHandler
                0x08007d44                EXTI3_IRQHandler
                0x08007d44                EXTI0_IRQHandler
                0x08007d44                I2C2_EV_IRQHandler
                0x08007d44                ADC1_2_IRQHandler
                0x08007d44                SPI1_IRQHandler
                0x08007d44                TAMPER_IRQHandler
                0x08007d44                DMA1_Channel4_IRQHandler
                0x08007d44                USART3_IRQHandler
                0x08007d44                RTC_IRQHandler
                0x08007d44                DMA1_Channel7_IRQHandler
                0x08007d44                CAN1_RX1_IRQHandler
                0x08007d44                TIM4_IRQHandler
                0x08007d44                DMA1_Channel6_IRQHandler
                0x08007d44                TIM3_IRQHandler
                0x08007d44                RCC_IRQHandler
                0x08007d44                TIM1_TRG_COM_IRQHandler
                0x08007d44                DMA1_Channel1_IRQHandler
                0x08007d44                Default_Handler
                0x08007d44                SPI2_IRQHandler
                0x08007d44                DMA1_Channel5_IRQHandler
                0x08007d44                USB_LP_CAN1_RX0_IRQHandler
                0x08007d44                USB_HP_CAN1_TX_IRQHandler
                0x08007d44                DMA1_Channel3_IRQHandler
                0x08007d44                TIM1_UP_IRQHandler
                0x08007d44                WWDG_IRQHandler
                0x08007d44                TIM2_IRQHandler
                0x08007d44                TIM1_BRK_IRQHandler
                0x08007d44                EXTI1_IRQHandler
                0x08007d44                RTCAlarm_IRQHandler
                0x08007d44                USART2_IRQHandler
                0x08007d44                I2C2_ER_IRQHandler
                0x08007d44                DMA1_Channel2_IRQHandler
                0x08007d44                CAN1_SCE_IRQHandler
                0x08007d44                FLASH_IRQHandler
                0x08007d44                USBWakeUp_IRQHandler
 *fill*         0x08007d46        0x2 00
 .text          0x08007d48       0xf4 lib/CMSIS_CM3/system_stm32f10x.o
                0x08007d48                SystemInit
 *fill*         0x08007e3c        0x4 00
 .text          0x08007e40      0xde0 main.o
                0x08007e40                Initialisation
                0x080088c8                main
 .text          0x08008c20      0x1d0 pwm.o
                0x08008c20                Timer_RCC_Configuration
                0x08008c38                Init_Timers
                0x08008d08                Timer_GPIO_Enable
                0x08008d40                Timer_GPIO_Disable
                0x08008d78                PWM_Set
 .text          0x08008df0      0x268 usart.o
                0x08008df0                Default_Usart_Config
                0x08008e00                USART2_reconf
                0x08008e44                Usarts_Init
                0x08008ef0                usart1_send_data_dma
                0x08008f30                usart1_disable_dma
                0x08008f5c                Add_To_ISR_Buffer
                0x08008f7a                USART1_IRQHandler
                0x08008fac                Get_From_ISR_Buffer
                0x08008fbe                Bytes_In_ISR_Buffer
                0x08008fd6                __usart_send_char
                0x08008ff4                Usart_Send_Str
                0x0800900c                __gps_send_char
                0x08009028                Gps_Send_Str
                0x08009040                Gps_Send_Utf8
 .text          0x08009058       0x3c watchdog.o
                0x08009058                Watchdog_Config
                0x08009082                Watchdog_Reset_Detect
 .text          0x08009094     0x6e08 Control/ekf.o
                0x08009094                ins_get_num_states
                0x08009098                INSGPSInit
                0x080091bc                INSResetP
                0x0800920c                INSResetRGPS
                0x08009238                INSSetState
                0x08009298                INSPosVelReset
                0x08009318                INSSetPosVelVar
                0x08009334                INSSetGyroBias
                0x08009350                INSSetAccelVar
                0x0800936c                INSSetGyroVar
                0x08009388                INSSetMagVar
                0x080093a4                INSSetMagNorth
                0x080093bc                INSSetGravity
                0x080093c8                CovariancePrediction
                0x0800ec7e                INSCovariancePrediction
                0x0800eca4                SerialUpdate
                0x0800ee0c                StateEq
                0x0800f0d8                RungeKutta
                0x0800f200                LinearizeFG
                0x0800f682                INSStatePrediction
                0x0800f7c8                MeasurementEq
                0x0800f984                LinearizeH
                0x0800fc4c                INSCorrection
                0x0800fe00                VelBaroCorrection
                0x0800fe1c                GpsMagCorrection
                0x0800fe34                FullCorrection
                0x0800fe42                GpsBaroCorrection
                0x0800fe60                MagVelBaroCorrection
                0x0800fe7c                MagCorrection
 *fill*         0x0800fe9c        0x4 00
 .text          0x0800fea0      0x9c0 Control/imu.o
                0x0800fea0                run_imu
 .text          0x08010860       0x64 Control/loops.o
                0x08010860                Run_PID
                0x080108bc                Reset_PID
 .text          0x080108c4       0x64 Control/servos.o
                0x080108c4                Apply_Servos
                0x08010920                Enable_Servos
                0x08010924                Disable_Servos
 .text          0x08010928       0xb8 lib/STM32F10x_StdPeriph_Driver/libstm32fw.a(misc.o)
                0x08010928                NVIC_PriorityGroupConfig
                0x0801093c                NVIC_Init
                0x0801099c                NVIC_SetVectorTable
                0x080109b0                NVIC_SystemLPConfig
                0x080109c8                SysTick_CLKSourceConfig
 .text          0x080109e0      0x380 lib/STM32F10x_StdPeriph_Driver/libstm32fw.a(stm32f10x_adc.o)
                0x080109e0                ADC_DeInit
                0x08010a3c                ADC_Init
                0x08010a88                ADC_StructInit
                0x08010a9a                ADC_Cmd
                0x08010aae                ADC_DMACmd
                0x08010ac2                ADC_ITConfig
                0x08010ad6                ADC_ResetCalibration
                0x08010ae0                ADC_GetResetCalibrationStatus
                0x08010ae8                ADC_StartCalibration
                0x08010af2                ADC_GetCalibrationStatus
                0x08010afa                ADC_SoftwareStartConvCmd
                0x08010b0e                ADC_GetSoftwareStartConvStatus
                0x08010b16                ADC_DiscModeChannelCountConfig
                0x08010b26                ADC_DiscModeCmd
                0x08010b3a                ADC_RegularChannelConfig
                0x08010bc8                ADC_ExternalTrigConvCmd
                0x08010bdc                ADC_GetConversionValue
                0x08010be2                ADC_GetDualModeConversionValue
                0x08010bec                ADC_AutoInjectedConvCmd
                0x08010c00                ADC_InjectedDiscModeCmd
                0x08010c14                ADC_ExternalTrigInjectedConvConfig
                0x08010c22                ADC_ExternalTrigInjectedConvCmd
                0x08010c36                ADC_SoftwareStartInjectedConvCmd
                0x08010c4a                ADC_GetSoftwareStartInjectedConvCmdStatus
                0x08010c52                ADC_InjectedChannelConfig
                0x08010cae                ADC_InjectedSequencerLengthConfig
                0x08010cbe                ADC_SetInjectedOffset
                0x08010cd4                ADC_GetInjectedConversionValue
                0x08010cee                ADC_AnalogWatchdogCmd
                0x08010d00                ADC_AnalogWatchdogThresholdsConfig
                0x08010d06                ADC_AnalogWatchdogSingleChannelConfig
                0x08010d14                ADC_TempSensorVrefintCmd
                0x08010d30                ADC_GetFlagStatus
                0x08010d3c                ADC_ClearFlag
                0x08010d42                ADC_GetITStatus
                0x08010d58                ADC_ClearITPendingBit
 .text          0x08010d60       0xe0 lib/STM32F10x_StdPeriph_Driver/libstm32fw.a(stm32f10x_bkp.o)
                0x08010d60                BKP_DeInit
                0x08010d72                BKP_TamperPinLevelConfig
                0x08010d7c                BKP_TamperPinCmd
                0x08010d88                BKP_ITConfig
                0x08010d94                BKP_RTCOutputConfig
                0x08010dac                BKP_SetRTCCalibrationValue
                0x08010dc4                BKP_WriteBackupRegister
                0x08010de0                BKP_ReadBackupRegister
                0x08010e00                BKP_GetFlagStatus
                0x08010e0c                BKP_ClearFlag
                0x08010e20                BKP_GetITStatus
                0x08010e2c                BKP_ClearITPendingBit
 .text          0x08010e40      0x1f0 lib/STM32F10x_StdPeriph_Driver/libstm32fw.a(stm32f10x_dma.o)
                0x08010e40                DMA_DeInit
                0x08010f3c                DMA_Init
                0x08010f7c                DMA_StructInit
                0x08010f96                DMA_Cmd
                0x08010faa                DMA_ITConfig
                0x08010fbc                DMA_GetCurrDataCounter
                0x08010fc2                DMA_GetFlagStatus
                0x08010fe0                DMA_ClearFlag
                0x08010ff8                DMA_GetITStatus
                0x08011018                DMA_ClearITPendingBit
 .text          0x08011030      0x108 lib/STM32F10x_StdPeriph_Driver/libstm32fw.a(stm32f10x_exti.o)
                0x08011030                EXTI_DeInit
                0x0801104c                EXTI_Init
                0x080110d0                EXTI_StructInit
                0x080110de                EXTI_GenerateSWInterrupt
                0x080110f0                EXTI_GetFlagStatus
                0x08011104                EXTI_ClearFlag
                0x08011110                EXTI_GetITStatus
                0x0801112c                EXTI_ClearITPendingBit
 .text          0x08011138      0x278 lib/STM32F10x_StdPeriph_Driver/libstm32fw.a(stm32f10x_gpio.o)
                0x08011138                GPIO_DeInit
                0x080111e4                GPIO_AFIODeInit
                0x080111fa                GPIO_Init
                0x08011292                GPIO_StructInit
                0x080112a2                GPIO_ReadInputDataBit
                0x080112ae                GPIO_ReadInputData
                0x080112b4                GPIO_ReadOutputDataBit
                0x080112c0                GPIO_ReadOutputData
                0x080112c6                GPIO_SetBits
                0x080112ca                GPIO_ResetBits
                0x080112ce                GPIO_WriteBit
                0x080112d8                GPIO_Write
                0x080112dc                GPIO_PinLockConfig
                0x080112ec                GPIO_EventOutputConfig
                0x0801130c                GPIO_EventOutputCmd
                0x08011318                GPIO_PinRemapConfig
                0x08011370                GPIO_EXTILineConfig
                0x080113a4                GPIO_ETH_MediaInterfaceConfig
 .text          0x080113b0      0x3b4 lib/STM32F10x_StdPeriph_Driver/libstm32fw.a(stm32f10x_i2c.o)
                0x080113b0                I2C_DeInit
                0x080113e4                I2C_Init
                0x080114b4                I2C_StructInit
                0x080114d0                I2C_Cmd
                0x080114ea                I2C_DMACmd
                0x08011504                I2C_DMALastTransferCmd
                0x0801151e                I2C_GenerateSTART
                0x08011538                I2C_GenerateSTOP
                0x08011552                I2C_AcknowledgeConfig
                0x0801156c                I2C_OwnAddress2Config
                0x08011582                I2C_DualAddressCmd
                0x0801159c                I2C_GeneralCallCmd
                0x080115b6                I2C_ITConfig
                0x080115cc                I2C_SendData
                0x080115d0                I2C_ReceiveData
                0x080115d6                I2C_Send7bitAddress
                0x080115e6                I2C_ReadRegister
                0x080115fe                I2C_SoftwareResetCmd
                0x08011616                I2C_SMBusAlertConfig
                0x08011634                I2C_TransmitPEC
                0x0801164e                I2C_PECPositionConfig
                0x0801166c                I2C_CalculatePEC
                0x08011686                I2C_GetPEC
                0x0801168e                I2C_ARPCmd
                0x080116a8                I2C_StretchClockCmd
                0x080116c2                I2C_FastModeDutyCycleConfig
                0x080116e0                I2C_GetLastEvent
                0x080116f0                I2C_CheckEvent
                0x08011708                I2C_GetFlagStatus
                0x0801173c                I2C_ClearFlag
                0x08011742                I2C_GetITStatus
                0x0801175e                I2C_ClearITPendingBit
 .text          0x08011764       0x58 lib/STM32F10x_StdPeriph_Driver/libstm32fw.a(stm32f10x_iwdg.o)
                0x08011764                IWDG_WriteAccessCmd
                0x08011770                IWDG_SetPrescaler
                0x0801177c                IWDG_SetReload
                0x08011788                IWDG_ReloadCounter
                0x08011798                IWDG_Enable
                0x080117a8                IWDG_GetFlagStatus
 .text          0x080117bc       0xcc lib/STM32F10x_StdPeriph_Driver/libstm32fw.a(stm32f10x_pwr.o)
                0x080117c0                PWR_DeInit
                0x080117da                PWR_BackupAccessCmd
                0x080117e4                PWR_PVDCmd
                0x080117f0                PWR_PVDLevelConfig
                0x08011804                PWR_WakeUpPinCmd
                0x08011810                PWR_EnterSTOPMode
                0x0801183c                PWR_EnterSTANDBYMode
                0x08011864                PWR_GetFlagStatus
                0x08011878                PWR_ClearFlag
 .text          0x08011888      0x360 lib/STM32F10x_StdPeriph_Driver/libstm32fw.a(stm32f10x_rcc.o)
                0x08011888                RCC_DeInit
                0x080118c8                RCC_HSEConfig
                0x08011900                RCC_AdjustHSICalibrationValue
                0x08011914                RCC_HSICmd
                0x08011920                RCC_PLLConfig
                0x08011938                RCC_PLLCmd
                0x08011944                RCC_SYSCLKConfig
                0x08011958                RCC_GetSYSCLKSource
                0x08011968                RCC_HCLKConfig
                0x0801197c                RCC_PCLK1Config
                0x08011990                RCC_PCLK2Config
                0x080119a4                RCC_ITConfig
                0x080119bc                RCC_USBCLKConfig
                0x080119c8                RCC_ADCCLKConfig
                0x080119dc                RCC_LSEConfig
                0x080119fc                RCC_LSICmd
                0x08011a08                RCC_RTCCLKConfig
                0x08011a18                RCC_RTCCLKCmd
                0x08011a24                RCC_GetClocksFreq
                0x08011ac8                RCC_AHBPeriphClockCmd
                0x08011ae0                RCC_APB2PeriphClockCmd
                0x08011af8                RCC_APB1PeriphClockCmd
                0x08011b10                RCC_APB2PeriphResetCmd
                0x08011b28                RCC_APB1PeriphResetCmd
                0x08011b40                RCC_BackupResetCmd
                0x08011b4c                RCC_ClockSecuritySystemCmd
                0x08011b58                RCC_MCOConfig
                0x08011b64                RCC_GetFlagStatus
                0x08011b8c                RCC_WaitForHSEStartUp
                0x08011bb8                RCC_ClearFlag
                0x08011bc8                RCC_GetITStatus
                0x08011bdc                RCC_ClearITPendingBit
 .text          0x08011be8      0x158 lib/STM32F10x_StdPeriph_Driver/libstm32fw.a(stm32f10x_rtc.o)
                0x08011be8                RTC_ITConfig
                0x08011c04                RTC_EnterConfigMode
                0x08011c18                RTC_ExitConfigMode
                0x08011c2c                RTC_GetCounter
                0x08011c40                RTC_SetCounter
                0x08011c5c                RTC_SetPrescaler
                0x08011c7c                RTC_SetAlarm
                0x08011c98                RTC_GetDivider
                0x08011cb0                RTC_WaitForLastTask
                0x08011cc0                RTC_WaitForSynchro
                0x08011ce0                RTC_GetFlagStatus
                0x08011cf4                RTC_ClearFlag
                0x08011d08                RTC_GetITStatus
                0x08011d2c                RTC_ClearITPendingBit
 .text          0x08011d40      0x2d4 lib/STM32F10x_StdPeriph_Driver/libstm32fw.a(stm32f10x_spi.o)
                0x08011d40                SPI_I2S_DeInit
                0x08011da4                SPI_Init
                0x08011de4                I2S_Init
                0x08011e84                SPI_StructInit
                0x08011e9c                I2S_StructInit
                0x08011eae                SPI_Cmd
                0x08011ec8                I2S_Cmd
                0x08011ee2                SPI_I2S_ITConfig
                0x08011f00                SPI_I2S_DMACmd
                0x08011f16                SPI_I2S_SendData
                0x08011f1a                SPI_I2S_ReceiveData
                0x08011f20                SPI_NSSInternalSoftwareConfig
                0x08011f40                SPI_SSOutputCmd
                0x08011f5a                SPI_DataSizeConfig
                0x08011f72                SPI_TransmitCRC
                0x08011f7e                SPI_CalculateCRC
                0x08011f98                SPI_GetCRC
                0x08011fa8                SPI_GetCRCPolynomial
                0x08011fae                SPI_BiDirectionalLineConfig
                0x08011fcc                SPI_I2S_GetFlagStatus
                0x08011fd8                SPI_I2S_ClearFlag
                0x08011fde                SPI_I2S_GetITStatus
                0x08012004                SPI_I2S_ClearITPendingBit
 .text          0x08012014      0xa80 lib/STM32F10x_StdPeriph_Driver/libstm32fw.a(stm32f10x_tim.o)
                0x08012082                TIM_DeInit
                0x0801214c                TIM_TimeBaseInit
                0x08012188                TIM_OC1Init
                0x08012208                TIM_OC2Init
                0x08012290                TIM_OC3Init
                0x08012314                TIM_OC4Init
                0x08012378                TIM_BDTRConfig
                0x0801239a                TIM_TimeBaseStructInit
                0x080123ac                TIM_OCStructInit
                0x080123c0                TIM_ICStructInit
                0x080123d0                TIM_BDTRStructInit
                0x080123e2                TIM_Cmd
                0x080123fc                TIM_CtrlPWMOutputs
                0x0801241a                TIM_ITConfig
                0x08012430                TIM_GenerateEvent
                0x08012434                TIM_DMAConfig
                0x0801243c                TIM_DMACmd
                0x08012452                TIM_InternalClockConfig
                0x08012460                TIM_ETRConfig
                0x08012476                TIM_ETRClockMode2Config
                0x0801248a                TIM_ETRClockMode1Config
                0x080124a4                TIM_PrescalerConfig
                0x080124aa                TIM_CounterModeConfig
                0x080124bc                TIM_SelectInputTrigger
                0x080124ce                TIM_TIxExternalClockConfig
                0x080124fc                TIM_ITRxExternalClockConfig
                0x08012510                TIM_EncoderInterfaceConfig
                0x0801254e                TIM_ForcedOC1Config
                0x08012560                TIM_ForcedOC2Config
                0x08012572                TIM_ForcedOC3Config
                0x08012584                TIM_ForcedOC4Config
                0x08012596                TIM_ARRPreloadConfig
                0x080125b0                TIM_SelectCOM
                0x080125ca                TIM_SelectCCDMA
                0x080125e4                TIM_CCPreloadControl
                0x080125fe                TIM_OC1PreloadConfig
                0x08012610                TIM_OC2PreloadConfig
                0x08012622                TIM_OC3PreloadConfig
                0x08012634                TIM_OC4PreloadConfig
                0x08012646                TIM_OC1FastConfig
                0x08012658                TIM_OC2FastConfig
                0x0801266a                TIM_OC3FastConfig
                0x0801267c                TIM_OC4FastConfig
                0x0801268e                TIM_ClearOC1Ref
                0x080126a0                TIM_ClearOC2Ref
                0x080126ae                TIM_ClearOC3Ref
                0x080126c0                TIM_ClearOC4Ref
                0x080126ce                TIM_OC1PolarityConfig
                0x080126e0                TIM_OC1NPolarityConfig
                0x080126f2                TIM_OC2PolarityConfig
                0x08012704                TIM_OC2NPolarityConfig
                0x08012716                TIM_OC3PolarityConfig
                0x08012728                TIM_OC3NPolarityConfig
                0x0801273a                TIM_OC4PolarityConfig
                0x0801274c                TIM_CCxCmd
                0x0801276a                TIM_CCxNCmd
                0x08012788                TIM_SelectOCxM
                0x080127d4                TIM_UpdateDisableConfig
                0x080127ee                TIM_UpdateRequestConfig
                0x08012808                TIM_SelectHallSensor
                0x08012822                TIM_SelectOnePulseMode
                0x0801283a                TIM_SelectOutputTrigger
                0x08012852                TIM_SelectSlaveMode
                0x0801286a                TIM_SelectMasterSlaveMode
                0x08012882                TIM_SetCounter
                0x08012886                TIM_SetAutoreload
                0x0801288a                TIM_SetCompare1
                0x0801288e                TIM_SetCompare2
                0x08012892                TIM_SetCompare3
                0x08012896                TIM_SetCompare4
                0x0801289c                TIM_SetIC1Prescaler
                0x080128b4                TIM_SetIC2Prescaler
                0x080128cc                TIM_PWMIConfig
                0x08012938                TIM_SetIC3Prescaler
                0x08012950                TIM_SetIC4Prescaler
                0x08012968                TIM_ICInit
                0x08012a2c                TIM_SetClockDivision
                0x08012a3e                TIM_GetCapture1
                0x08012a44                TIM_GetCapture2
                0x08012a4a                TIM_GetCapture3
                0x08012a50                TIM_GetCapture4
                0x08012a58                TIM_GetCounter
                0x08012a5e                TIM_GetPrescaler
                0x08012a64                TIM_GetFlagStatus
                0x08012a70                TIM_ClearFlag
                0x08012a76                TIM_GetITStatus
                0x08012a8c                TIM_ClearITPendingBit
 .text          0x08012a94      0x374 lib/STM32F10x_StdPeriph_Driver/libstm32fw.a(stm32f10x_usart.o)
                0x08012a94                USART_DeInit
                0x08012b2c                USART_Init
                0x08012bbc                USART_StructInit
                0x08012bd2                USART_ClockInit
                0x08012bf8                USART_ClockStructInit
                0x08012c04                USART_Cmd
                0x08012c1e                USART_ITConfig
                0x08012c54                USART_DMACmd
                0x08012c6a                USART_SetAddress
                0x08012c82                USART_WakeUpConfig
                0x08012c9a                USART_ReceiverWakeUpCmd
                0x08012cb4                USART_LINBreakDetectLengthConfig
                0x08012ccc                USART_LINCmd
                0x08012ce6                USART_SendData
                0x08012cee                USART_ReceiveData
                0x08012cf6                USART_SendBreak
                0x08012d02                USART_SetGuardTime
                0x08012d14                USART_SetPrescaler
                0x08012d28                USART_SmartCardCmd
                0x08012d42                USART_SmartCardNACKCmd
                0x08012d5c                USART_HalfDuplexCmd
                0x08012d76                USART_IrDAConfig
                0x08012d8e                USART_IrDACmd
                0x08012da8                USART_GetFlagStatus
                0x08012db4                USART_ClearFlag
                0x08012dba                USART_GetITStatus
                0x08012dfa                USART_ClearITPendingBit
 .text          0x08012e08       0x90 /home/laurence/CodeSourcery/Sourcery_G++_Lite/bin/../lib/gcc/arm-none-eabi/4.5.2/../../../../arm-none-eabi/lib/thumb2/libm.a(lib_a-s_cos.o)
                0x08012e08                cos
 .text          0x08012e98      0x128 /home/laurence/CodeSourcery/Sourcery_G++_Lite/bin/../lib/gcc/arm-none-eabi/4.5.2/../../../../arm-none-eabi/lib/thumb2/libm.a(lib_a-s_floor.o)
                0x08012e98                floor
 .text          0x08012fc0       0x98 /home/laurence/CodeSourcery/Sourcery_G++_Lite/bin/../lib/gcc/arm-none-eabi/4.5.2/../../../../arm-none-eabi/lib/thumb2/libm.a(lib_a-s_sin.o)
                0x08012fc0                sin
 .text          0x08013058       0xa8 /home/laurence/CodeSourcery/Sourcery_G++_Lite/bin/../lib/gcc/arm-none-eabi/4.5.2/../../../../arm-none-eabi/lib/thumb2/libm.a(lib_a-w_asin.o)
                0x08013058                asin
 .text          0x08013100        0x4 /home/laurence/CodeSourcery/Sourcery_G++_Lite/bin/../lib/gcc/arm-none-eabi/4.5.2/../../../../arm-none-eabi/lib/thumb2/libm.a(lib_a-w_atan2.o)
                0x08013100                atan2
 .text          0x08013104      0x348 /home/laurence/CodeSourcery/Sourcery_G++_Lite/bin/../lib/gcc/arm-none-eabi/4.5.2/../../../../arm-none-eabi/lib/thumb2/libm.a(lib_a-w_pow.o)
                0x08013104                pow
 .text          0x0801344c       0xac /home/laurence/CodeSourcery/Sourcery_G++_Lite/bin/../lib/gcc/arm-none-eabi/4.5.2/../../../../arm-none-eabi/lib/thumb2/libm.a(lib_a-w_sqrt.o)
                0x0801344c                sqrt
 .text          0x080134f8       0xa8 /home/laurence/CodeSourcery/Sourcery_G++_Lite/bin/../lib/gcc/arm-none-eabi/4.5.2/../../../../arm-none-eabi/lib/thumb2/libm.a(lib_a-wf_asin.o)
                0x080134f8                asinf
 .text          0x080135a0        0x4 /home/laurence/CodeSourcery/Sourcery_G++_Lite/bin/../lib/gcc/arm-none-eabi/4.5.2/../../../../arm-none-eabi/lib/thumb2/libm.a(lib_a-wf_atan2.o)
                0x080135a0                atan2f
 *fill*         0x080135a4        0x4 00
 .text          0x080135a8      0x460 /home/laurence/CodeSourcery/Sourcery_G++_Lite/bin/../lib/gcc/arm-none-eabi/4.5.2/../../../../arm-none-eabi/lib/thumb2/libm.a(lib_a-e_asin.o)
                0x080135a8                __ieee754_asin
 .text          0x08013a08      0x218 /home/laurence/CodeSourcery/Sourcery_G++_Lite/bin/../lib/gcc/arm-none-eabi/4.5.2/../../../../arm-none-eabi/lib/thumb2/libm.a(lib_a-e_atan2.o)
                0x08013a08                __ieee754_atan2
 .text          0x08013c20      0xb50 /home/laurence/CodeSourcery/Sourcery_G++_Lite/bin/../lib/gcc/arm-none-eabi/4.5.2/../../../../arm-none-eabi/lib/thumb2/libm.a(lib_a-e_pow.o)
                0x08013c20                __ieee754_pow
 .text          0x08014770      0x450 /home/laurence/CodeSourcery/Sourcery_G++_Lite/bin/../lib/gcc/arm-none-eabi/4.5.2/../../../../arm-none-eabi/lib/thumb2/libm.a(lib_a-e_rem_pio2.o)
                0x08014770                __ieee754_rem_pio2
 .text          0x08014bc0      0x1c0 /home/laurence/CodeSourcery/Sourcery_G++_Lite/bin/../lib/gcc/arm-none-eabi/4.5.2/../../../../arm-none-eabi/lib/thumb2/libm.a(lib_a-e_sqrt.o)
                0x08014bc0                __ieee754_sqrt
 .text          0x08014d80      0x318 /home/laurence/CodeSourcery/Sourcery_G++_Lite/bin/../lib/gcc/arm-none-eabi/4.5.2/../../../../arm-none-eabi/lib/thumb2/libm.a(lib_a-ef_asin.o)
                0x08014d80                __ieee754_asinf
 .text          0x08015098      0x16c /home/laurence/CodeSourcery/Sourcery_G++_Lite/bin/../lib/gcc/arm-none-eabi/4.5.2/../../../../arm-none-eabi/lib/thumb2/libm.a(lib_a-ef_atan2.o)
                0x08015098                __ieee754_atan2f
 .text          0x08015204       0xb0 /home/laurence/CodeSourcery/Sourcery_G++_Lite/bin/../lib/gcc/arm-none-eabi/4.5.2/../../../../arm-none-eabi/lib/thumb2/libm.a(lib_a-ef_sqrt.o)
                0x08015204                __ieee754_sqrtf
 *fill*         0x080152b4        0x4 00
 .text          0x080152b8      0x250 /home/laurence/CodeSourcery/Sourcery_G++_Lite/bin/../lib/gcc/arm-none-eabi/4.5.2/../../../../arm-none-eabi/lib/thumb2/libm.a(lib_a-k_cos.o)
                0x080152b8                __kernel_cos
 .text          0x08015508      0x7a8 /home/laurence/CodeSourcery/Sourcery_G++_Lite/bin/../lib/gcc/arm-none-eabi/4.5.2/../../../../arm-none-eabi/lib/thumb2/libm.a(lib_a-k_rem_pio2.o)
                0x08015508                __kernel_rem_pio2
 .text          0x08015cb0      0x168 /home/laurence/CodeSourcery/Sourcery_G++_Lite/bin/../lib/gcc/arm-none-eabi/4.5.2/../../../../arm-none-eabi/lib/thumb2/libm.a(lib_a-k_sin.o)
                0x08015cb0                __kernel_sin
 .text          0x08015e18      0x338 /home/laurence/CodeSourcery/Sourcery_G++_Lite/bin/../lib/gcc/arm-none-eabi/4.5.2/../../../../arm-none-eabi/lib/thumb2/libm.a(lib_a-s_atan.o)
                0x08015e18                atan
 .text          0x08016150        0x8 /home/laurence/CodeSourcery/Sourcery_G++_Lite/bin/../lib/gcc/arm-none-eabi/4.5.2/../../../../arm-none-eabi/lib/thumb2/libm.a(lib_a-s_fabs.o)
                0x08016150                fabs
 .text          0x08016158       0x10 /home/laurence/CodeSourcery/Sourcery_G++_Lite/bin/../lib/gcc/arm-none-eabi/4.5.2/../../../../arm-none-eabi/lib/thumb2/libm.a(lib_a-s_finite.o)
                0x08016158                finite
 .text          0x08016168       0x90 /home/laurence/CodeSourcery/Sourcery_G++_Lite/bin/../lib/gcc/arm-none-eabi/4.5.2/../../../../arm-none-eabi/lib/thumb2/libm.a(lib_a-s_fpclassify.o)
                0x08016168                __fpclassifyd
 .text          0x080161f8        0x4 /home/laurence/CodeSourcery/Sourcery_G++_Lite/bin/../lib/gcc/arm-none-eabi/4.5.2/../../../../arm-none-eabi/lib/thumb2/libm.a(lib_a-s_matherr.o)
                0x080161f8                matherr
 .text          0x080161fc        0xc /home/laurence/CodeSourcery/Sourcery_G++_Lite/bin/../lib/gcc/arm-none-eabi/4.5.2/../../../../arm-none-eabi/lib/thumb2/libm.a(lib_a-s_nan.o)
                0x080161fc                nan
 .text          0x08016208      0x13c /home/laurence/CodeSourcery/Sourcery_G++_Lite/bin/../lib/gcc/arm-none-eabi/4.5.2/../../../../arm-none-eabi/lib/thumb2/libm.a(lib_a-s_rint.o)
                0x08016208                rint
 *fill*         0x08016344        0x4 00
 .text          0x08016348      0x108 /home/laurence/CodeSourcery/Sourcery_G++_Lite/bin/../lib/gcc/arm-none-eabi/4.5.2/../../../../arm-none-eabi/lib/thumb2/libm.a(lib_a-s_scalbn.o)
                0x08016348                scalbn
 .text          0x08016450      0x244 /home/laurence/CodeSourcery/Sourcery_G++_Lite/bin/../lib/gcc/arm-none-eabi/4.5.2/../../../../arm-none-eabi/lib/thumb2/libm.a(lib_a-sf_atan.o)
                0x08016450                atanf
 .text          0x08016694        0x8 /home/laurence/CodeSourcery/Sourcery_G++_Lite/bin/../lib/gcc/arm-none-eabi/4.5.2/../../../../arm-none-eabi/lib/thumb2/libm.a(lib_a-sf_fabs.o)
                0x08016694                fabsf
 .text          0x0801669c       0x7c /home/laurence/CodeSourcery/Sourcery_G++_Lite/bin/../lib/gcc/arm-none-eabi/4.5.2/../../../../arm-none-eabi/lib/thumb2/libm.a(lib_a-sf_fpclassify.o)
                0x0801669c                __fpclassifyf
 .text          0x08016718       0x14 /home/laurence/CodeSourcery/Sourcery_G++_Lite/bin/../lib/gcc/arm-none-eabi/4.5.2/../../../../arm-none-eabi/lib/thumb2/libm.a(lib_a-s_copysign.o)
                0x08016718                copysign
 *fill*         0x0801672c        0x4 00
 .text          0x08016730      0x2b0 /home/laurence/CodeSourcery/Sourcery_G++_Lite/bin/../lib/gcc/arm-none-eabi/4.5.2/thumb2/libgcc.a(_divsi3.o)
                0x08016730                __aeabi_idiv
                0x08016730                __divsi3
                0x080169c4                __aeabi_idivmod
 .text          0x080169e0        0x4 /home/laurence/CodeSourcery/Sourcery_G++_Lite/bin/../lib/gcc/arm-none-eabi/4.5.2/thumb2/libgcc.a(_dvmd_tls.o)
                0x080169e0                __aeabi_ldiv0
                0x080169e0                __aeabi_idiv0
 .text          0x080169e4      0x370 /home/laurence/CodeSourcery/Sourcery_G++_Lite/bin/../lib/gcc/arm-none-eabi/4.5.2/thumb2/libgcc.a(_arm_addsubdf3.o)
                0x080169e4                __aeabi_drsub
                0x080169ec                __aeabi_dsub
                0x080169ec                __subdf3
                0x080169f0                __adddf3
                0x080169f0                __aeabi_dadd
                0x08016c68                __aeabi_ui2d
                0x08016c68                __floatunsidf
                0x08016c88                __floatsidf
                0x08016c88                __aeabi_i2d
                0x08016cac                __extendsfdf2
                0x08016cac                __aeabi_f2d
                0x08016ce8                __aeabi_ul2d
                0x08016ce8                __floatundidf
                0x08016cf8                __floatdidf
                0x08016cf8                __aeabi_l2d
 .text          0x08016d54      0x424 /home/laurence/CodeSourcery/Sourcery_G++_Lite/bin/../lib/gcc/arm-none-eabi/4.5.2/thumb2/libgcc.a(_arm_muldivdf3.o)
                0x08016d54                __aeabi_dmul
                0x08016d54                __muldf3
                0x08016fa8                __aeabi_ddiv
                0x08016fa8                __divdf3
 .text          0x08017178      0x110 /home/laurence/CodeSourcery/Sourcery_G++_Lite/bin/../lib/gcc/arm-none-eabi/4.5.2/thumb2/libgcc.a(_arm_cmpdf2.o)
                0x08017178                __gtdf2
                0x08017178                __gedf2
                0x08017180                __ltdf2
                0x08017180                __ledf2
                0x08017188                __cmpdf2
                0x08017188                __eqdf2
                0x08017188                __nedf2
                0x08017204                __aeabi_cdrcmple
                0x08017214                __aeabi_cdcmple
                0x08017214                __aeabi_cdcmpeq
                0x08017224                __aeabi_dcmpeq
                0x08017238                __aeabi_dcmplt
                0x0801724c                __aeabi_dcmple
                0x08017260                __aeabi_dcmpge
                0x08017274                __aeabi_dcmpgt
 .text          0x08017288       0x50 /home/laurence/CodeSourcery/Sourcery_G++_Lite/bin/../lib/gcc/arm-none-eabi/4.5.2/thumb2/libgcc.a(_arm_fixdfsi.o)
                0x08017288                __fixdfsi
                0x08017288                __aeabi_d2iz
 .text          0x080172d8       0x40 /home/laurence/CodeSourcery/Sourcery_G++_Lite/bin/../lib/gcc/arm-none-eabi/4.5.2/thumb2/libgcc.a(_arm_fixunsdfsi.o)
                0x080172d8                __fixunsdfsi
                0x080172d8                __aeabi_d2uiz
 .text          0x08017318       0xa0 /home/laurence/CodeSourcery/Sourcery_G++_Lite/bin/../lib/gcc/arm-none-eabi/4.5.2/thumb2/libgcc.a(_arm_truncdfsf2.o)
                0x08017318                __aeabi_d2f
                0x08017318                __truncdfsf2
 .text          0x080173b8      0x21c /home/laurence/CodeSourcery/Sourcery_G++_Lite/bin/../lib/gcc/arm-none-eabi/4.5.2/thumb2/libgcc.a(_arm_addsubsf3.o)
                0x080173b8                __aeabi_frsub
                0x080173c0                __subsf3
                0x080173c0                __aeabi_fsub
                0x080173c4                __aeabi_fadd
                0x080173c4                __addsf3
                0x08017524                __aeabi_ui2f
                0x08017524                __floatunsisf
                0x0801752c                __aeabi_i2f
                0x0801752c                __floatsisf
                0x08017548                __floatundisf
                0x08017548                __aeabi_ul2f
                0x08017558                __floatdisf
                0x08017558                __aeabi_l2f
 .text          0x080175d4      0x2a0 /home/laurence/CodeSourcery/Sourcery_G++_Lite/bin/../lib/gcc/arm-none-eabi/4.5.2/thumb2/libgcc.a(_arm_muldivsf3.o)
                0x080175d4                __mulsf3
                0x080175d4                __aeabi_fmul
                0x0801773c                __divsf3
                0x0801773c                __aeabi_fdiv
 .text          0x08017874       0xec /home/laurence/CodeSourcery/Sourcery_G++_Lite/bin/../lib/gcc/arm-none-eabi/4.5.2/thumb2/libgcc.a(_arm_cmpsf2.o)
                0x08017874                __gtsf2
                0x08017874                __gesf2
                0x0801787c                __lesf2
                0x0801787c                __ltsf2
                0x08017884                __nesf2
                0x08017884                __eqsf2
                0x08017884                __cmpsf2
                0x080178e4                __aeabi_cfrcmple
                0x080178ec                __aeabi_cfcmple
                0x080178ec                __aeabi_cfcmpeq
                0x080178fc                __aeabi_fcmpeq
                0x08017910                __aeabi_fcmplt
                0x08017924                __aeabi_fcmple
                0x08017938                __aeabi_fcmpge
                0x0801794c                __aeabi_fcmpgt
 .text          0x08017960       0x4c /home/laurence/CodeSourcery/Sourcery_G++_Lite/bin/../lib/gcc/arm-none-eabi/4.5.2/thumb2/libgcc.a(_arm_fixsfsi.o)
                0x08017960                __fixsfsi
                0x08017960                __aeabi_f2iz
 .text          0x080179ac       0x40 /home/laurence/CodeSourcery/Sourcery_G++_Lite/bin/../lib/gcc/arm-none-eabi/4.5.2/thumb2/libgcc.a(_arm_fixunssfsi.o)
                0x080179ac                __aeabi_f2uiz
                0x080179ac                __fixunssfsi
 .text          0x080179ec       0x38 /home/laurence/CodeSourcery/Sourcery_G++_Lite/bin/../lib/gcc/arm-none-eabi/4.5.2/thumb2/libgcc.a(_aeabi_ldivmod.o)
                0x080179ec                __aeabi_ldivmod
 .text          0x08017a24       0x2c /home/laurence/CodeSourcery/Sourcery_G++_Lite/bin/../lib/gcc/arm-none-eabi/4.5.2/thumb2/libgcc.a(_fixsfdi.o)
                0x08017a24                __aeabi_f2lz
                0x08017a24                __fixsfdi
 .text          0x08017a50       0x48 /home/laurence/CodeSourcery/Sourcery_G++_Lite/bin/../lib/gcc/arm-none-eabi/4.5.2/thumb2/libgcc.a(_fixunssfdi.o)
                0x08017a50                __aeabi_f2ulz
                0x08017a50                __fixunssfdi
 .text          0x08017a98       0x60 /home/laurence/CodeSourcery/Sourcery_G++_Lite/bin/../lib/gcc/arm-none-eabi/4.5.2/thumb2/libgcc.a(bpabi.o)
                0x08017a98                __gnu_ldivmod_helper
                0x08017ac8                __gnu_uldivmod_helper
 .text          0x08017af8      0x360 /home/laurence/CodeSourcery/Sourcery_G++_Lite/bin/../lib/gcc/arm-none-eabi/4.5.2/thumb2/libgcc.a(_divdi3.o)
                0x08017af8                __divdi3
 .text          0x08017e58      0x308 /home/laurence/CodeSourcery/Sourcery_G++_Lite/bin/../lib/gcc/arm-none-eabi/4.5.2/thumb2/libgcc.a(_udivdi3.o)
                0x08017e58                __udivdi3
 .text          0x08018160      0x278 /home/laurence/CodeSourcery/Sourcery_G++_Lite/bin/../lib/gcc/arm-none-eabi/4.5.2/thumb2/libgcc.a(_udivsi3.o)
                0x08018160                __udivsi3
                0x08018160                __aeabi_uidiv
                0x080183bc                __aeabi_uidivmod
 .text          0x080183d8        0xc /home/laurence/CodeSourcery/Sourcery_G++_Lite/bin/../lib/gcc/arm-none-eabi/4.5.2/../../../../arm-none-eabi/lib/thumb2/libc.a(lib_a-errno.o)
                0x080183d8                __errno
 .text          0x080183e4       0x20 /home/laurence/CodeSourcery/Sourcery_G++_Lite/bin/../lib/gcc/arm-none-eabi/4.5.2/../../../../arm-none-eabi/lib/thumb2/libc.a(lib_a-malloc.o)
                0x080183e4                malloc
                0x080183f4                free
 .text          0x08018404      0x57c /home/laurence/CodeSourcery/Sourcery_G++_Lite/bin/../lib/gcc/arm-none-eabi/4.5.2/../../../../arm-none-eabi/lib/thumb2/libc.a(lib_a-mallocr.o)
                0x08018404                _malloc_r
 .text          0x08018980      0x150 /home/laurence/CodeSourcery/Sourcery_G++_Lite/bin/../lib/gcc/arm-none-eabi/4.5.2/../../../../arm-none-eabi/lib/thumb2/libc.a(lib_a-memcpy.o)
                0x08018980                memcpy
 .text          0x08018ad0       0xb4 /home/laurence/CodeSourcery/Sourcery_G++_Lite/bin/../lib/gcc/arm-none-eabi/4.5.2/../../../../arm-none-eabi/lib/thumb2/libc.a(lib_a-memset.o)
                0x08018ad0                memset
 .text          0x08018b84        0x8 /home/laurence/CodeSourcery/Sourcery_G++_Lite/bin/../lib/gcc/arm-none-eabi/4.5.2/../../../../arm-none-eabi/lib/thumb2/libc.a(lib_a-mlock.o)
                0x08018b84                __malloc_lock
                0x08018b88                __malloc_unlock
 *fill*         0x08018b8c        0x4 00
 .text          0x08018b90      0x100 /home/laurence/CodeSourcery/Sourcery_G++_Lite/bin/../lib/gcc/arm-none-eabi/4.5.2/../../../../arm-none-eabi/lib/thumb2/libc.a(lib_a-rand.o)
                0x08018b90                srand
                0x08018bec                rand
 .text          0x08018c90       0x28 /home/laurence/CodeSourcery/Sourcery_G++_Lite/bin/../lib/gcc/arm-none-eabi/4.5.2/../../../../arm-none-eabi/lib/thumb2/libc.a(lib_a-sbrkr.o)
                0x08018c90                _sbrk_r
 .text          0x08018cb8       0xbc /home/laurence/CodeSourcery/Sourcery_G++_Lite/bin/../lib/gcc/arm-none-eabi/4.5.2/../../../../arm-none-eabi/lib/thumb2/libc.a(lib_a-strcpy.o)
                0x08018cb8                strcpy
 .text          0x08018d74      0x240 /home/laurence/CodeSourcery/Sourcery_G++_Lite/bin/../lib/gcc/arm-none-eabi/4.5.2/../../../../arm-none-eabi/lib/thumb2/libc.a(lib_a-freer.o)
                0x08018d74                _malloc_trim_r
                0x08018e1c                _free_r
 .text          0x08018fb4       0x30 /home/laurence/CodeSourcery/Sourcery_G++_Lite/bin/../lib/gcc/arm-none-eabi/4.5.2/../../../../arm-none-eabi/lib/thumb2/libcs3.a(start_c.o)
                0x08018fb4                __cs3_premain
 .text.cs3.init
                0x08018fe4       0x50 /home/laurence/CodeSourcery/Sourcery_G++_Lite/bin/../lib/gcc/arm-none-eabi/4.5.2/../../../../arm-none-eabi/lib/thumb2/libcs3.a(start_c.o)
                0x08018fe4                __cs3_start_c
 .text          0x08019034       0x40 /home/laurence/CodeSourcery/Sourcery_G++_Lite/bin/../lib/gcc/arm-none-eabi/4.5.2/../../../../arm-none-eabi/lib/thumb2/libcs3unhosted.a(unhosted-sbrk.o)
                0x08019034                _sbrk
 .text.cs3.init
                0x08019074       0x10 /home/laurence/CodeSourcery/Sourcery_G++_Lite/bin/../lib/gcc/arm-none-eabi/4.5.2/../../../../arm-none-eabi/lib/thumb2/libcs3unhosted.a(unhosted-start.o)
                0x08019074                _start
 .text          0x08019084        0x2 lib/libcs3-lanchon-stm32.a(lanchon_stm32_isr_interrupt.o)
                0x08019084                MemManageException
                0x08019084                BusFaultException
                0x08019084                DMAChannel7_IRQHandler
                0x08019084                DebugMonitor
                0x08019084                SVCHandler
                0x08019084                HardFaultException
                0x08019084                __STM32ReservedException8
                0x08019084                USB_HP_CAN_TX_IRQHandler
                0x08019084                __STM32DefaultExceptionHandler
                0x08019084                DMAChannel1_IRQHandler
                0x08019084                CAN_SCE_IRQHandler
                0x08019084                __STM32ReservedException10
                0x08019084                __STM32ReservedException13
                0x08019084                NMIException
                0x08019084                DMAChannel4_IRQHandler
                0x08019084                SysTickHandler
                0x08019084                PendSVC
                0x08019084                CAN_RX1_IRQHandler
                0x08019084                ADC_IRQHandler
                0x08019084                DMAChannel5_IRQHandler
                0x08019084                DMAChannel2_IRQHandler
                0x08019084                USB_LP_CAN_RX0_IRQHandler
                0x08019084                __STM32ReservedException7
                0x08019084                UsageFaultException
                0x08019084                DMAChannel6_IRQHandler
                0x08019084                DMAChannel3_IRQHandler
                0x08019084                __STM32ReservedException9
 *fill*         0x08019086        0x2 00
 .text          0x08019088       0x50 /home/laurence/CodeSourcery/Sourcery_G++_Lite/bin/../lib/gcc/arm-none-eabi/4.5.2/../../../../arm-none-eabi/lib/thumb2/libc.a(lib_a-init.o)
                0x08019088                __libc_init_array
 *(.plt)
 *(.gnu.warning)
 *(.glue_7t)
 .glue_7t       0x00000000        0x0 linker stubs
 *(.glue_7)
 .glue_7        0x00000000        0x0 linker stubs
 *(.vfp11_veneer)
 .vfp11_veneer  0x00000000        0x0 linker stubs
 *(.rodata .rodata.* .gnu.linkonce.r.*)
 .rodata        0x080190d8      0x888 Sensors/earth_field.o
 .rodata.str1.1
                0x08019960        0x9 Sensors/earth_field.o
 *fill*         0x08019969        0x3 00
 .rodata        0x0801996c       0x9c Sensors/sensorcal.o
                0x0801996c                Acc_Cal_Dat
                0x080199a0                Mag_Cal_Dat
                0x080199d4                Gyr_Cal_Dat
 .rodata        0x08019a08       0x9b Sensors/ubx.o
 .rodata.str1.1
                0x08019aa3      0x13b Sensors/ubx.o
 .rodata.str1.1
                0x08019bde        0xf Util/Fatfs/ff.o
 .rodata        0x08019bed        0xc Util/Fatfs/rtc.o
 *fill*         0x08019bf9        0x7 00
 .rodata        0x08019c00      0x1d8 Util/RF22/RF22.o
                0x08019c00                _ZTV4RF22
 .rodata._ZTV12RF22Datagram
                0x08019dd8       0x10 Util/RF22/RF22Datagram.o
                0x08019dd8                _ZTV12RF22Datagram
 .rodata        0x08019de8       0x20 Util/RF22/RF22Mesh.o
                0x08019de8                _ZTV8RF22Mesh
 .rodata._ZTV20RF22ReliableDatagram
                0x08019e08       0x10 Util/RF22/RF22ReliableDatagram.o
                0x08019e08                _ZTV20RF22ReliableDatagram
 .rodata        0x08019e18       0x18 Util/RF22/RF22Router.o
                0x08019e18                _ZTV10RF22Router
 .rodata        0x08019e30      0x100 Util/crc.o
 .rodata        0x08019f30       0x11 Util/rprintf.o
 .rodata.str1.1
                0x08019f41        0x6 Util/rprintf.o
 *fill*         0x08019f47        0x1 00
 .rodata        0x08019f48       0x54 Util/uavtalk.o
                0x08019f48                UAVtalk_objects
                0x08019f74                UAVtalk_lenghts
                0x08019f7f                UAVtalk_stream_objs
                0x08019f86                UAVtalk_stream_types
                0x08019f8e                UAVtalk_stream_timeouts
 .rodata        0x08019f9c        0xf i2c_int.o
                0x08019f9c                Magno_config
                0x08019f9f                Magno_single
                0x08019fa0                Bmp_temperature
                0x08019fa1                Bmp_pressure
                0x08019fa2                Accel_config
                0x08019fa6                Gyro_config
                0x08019fa9                Gyro_clk_config
                0x08019faa                Pitot_conv
 *fill*         0x08019fab        0x1 00
 .rodata        0x08019fac       0x14 lib/CMSIS_CM3/system_stm32f10x.o
                0x08019fac                SystemFrequency
                0x08019fb0                SystemFrequency_SysClk
                0x08019fb4                SystemFrequency_AHBClk
                0x08019fb8                SystemFrequency_APB1Clk
                0x08019fbc                SystemFrequency_APB2Clk
 .rodata.str1.1
                0x08019fc0      0x40e main.o
                                0x411 (size before relaxing)
 *fill*         0x0801a3ce        0x2 00
 .rodata.str1.4
                0x0801a3d0        0x5 /home/laurence/CodeSourcery/Sourcery_G++_Lite/bin/../lib/gcc/arm-none-eabi/4.5.2/../../../../arm-none-eabi/lib/thumb2/libm.a(lib_a-w_asin.o)
                                  0xc (size before relaxing)
 *fill*         0x0801a3d5        0x3 00
 .rodata.str1.4
                0x0801a3d8        0x4 /home/laurence/CodeSourcery/Sourcery_G++_Lite/bin/../lib/gcc/arm-none-eabi/4.5.2/../../../../arm-none-eabi/lib/thumb2/libm.a(lib_a-w_pow.o)
 .rodata.str1.4
                0x0801a3dc        0x5 /home/laurence/CodeSourcery/Sourcery_G++_Lite/bin/../lib/gcc/arm-none-eabi/4.5.2/../../../../arm-none-eabi/lib/thumb2/libm.a(lib_a-w_sqrt.o)
                                  0x8 (size before relaxing)
 *fill*         0x0801a3e1        0x3 00
 .rodata.str1.4
                0x0801a3e4        0x6 /home/laurence/CodeSourcery/Sourcery_G++_Lite/bin/../lib/gcc/arm-none-eabi/4.5.2/../../../../arm-none-eabi/lib/thumb2/libm.a(lib_a-wf_asin.o)
                                  0xc (size before relaxing)
 *fill*         0x0801a3ea        0x6 00
 .rodata        0x0801a3f0       0x30 /home/laurence/CodeSourcery/Sourcery_G++_Lite/bin/../lib/gcc/arm-none-eabi/4.5.2/../../../../arm-none-eabi/lib/thumb2/libm.a(lib_a-e_pow.o)
 .rodata.str1.4
                0x00000000        0x4 /home/laurence/CodeSourcery/Sourcery_G++_Lite/bin/../lib/gcc/arm-none-eabi/4.5.2/../../../../arm-none-eabi/lib/thumb2/libm.a(lib_a-e_pow.o)
 .rodata        0x0801a420      0x188 /home/laurence/CodeSourcery/Sourcery_G++_Lite/bin/../lib/gcc/arm-none-eabi/4.5.2/../../../../arm-none-eabi/lib/thumb2/libm.a(lib_a-e_rem_pio2.o)
 .rodata        0x0801a5a8       0x50 /home/laurence/CodeSourcery/Sourcery_G++_Lite/bin/../lib/gcc/arm-none-eabi/4.5.2/../../../../arm-none-eabi/lib/thumb2/libm.a(lib_a-k_rem_pio2.o)
 .rodata        0x0801a5f8       0x40 /home/laurence/CodeSourcery/Sourcery_G++_Lite/bin/../lib/gcc/arm-none-eabi/4.5.2/../../../../arm-none-eabi/lib/thumb2/libm.a(lib_a-s_atan.o)
 .rodata        0x0801a638       0x10 /home/laurence/CodeSourcery/Sourcery_G++_Lite/bin/../lib/gcc/arm-none-eabi/4.5.2/../../../../arm-none-eabi/lib/thumb2/libm.a(lib_a-s_rint.o)
 .rodata        0x0801a648       0x20 /home/laurence/CodeSourcery/Sourcery_G++_Lite/bin/../lib/gcc/arm-none-eabi/4.5.2/../../../../arm-none-eabi/lib/thumb2/libm.a(lib_a-sf_atan.o)
 .rodata.str1.4
                0x0801a668        0x4 /home/laurence/CodeSourcery/Sourcery_G++_Lite/bin/../lib/gcc/arm-none-eabi/4.5.2/../../../../arm-none-eabi/lib/thumb2/libc.a(lib_a-impure.o)
 *(.ARM.extab* .gnu.linkonce.armextab.*)
 *(.gcc_except_table)
 *(.eh_frame_hdr)
 *(.eh_frame)
                0x0801a66c                . = ALIGN (0x4)
 *(.init)
 .init          0x0801a66c        0x4 /home/laurence/CodeSourcery/Sourcery_G++_Lite/bin/../lib/gcc/arm-none-eabi/4.5.2/thumb2/crti.o
                0x0801a66c                _init
 .init          0x0801a670        0x8 /home/laurence/CodeSourcery/Sourcery_G++_Lite/bin/../lib/gcc/arm-none-eabi/4.5.2/thumb2/crtn.o
                0x0801a678                . = ALIGN (0x4)
                0x0801a678                __preinit_array_start = .
 *(.preinit_array)
                0x0801a678                __preinit_array_end = .
                0x0801a678                . = ALIGN (0x4)
                0x0801a678                __init_array_start = .
 *(SORT(.init_array.*))
 *(.init_array)
 .init_array    0x0801a678        0x4 /home/laurence/CodeSourcery/Sourcery_G++_Lite/bin/../lib/gcc/arm-none-eabi/4.5.2/thumb2/crtbegin.o
 .init_array    0x0801a67c        0x4 Util/RF22/ctocpp.o
                0x0801a680                __init_array_end = .
                0x0801a680                . = ALIGN (0x4)
 *crtbegin.o(.ctors)
 *(EXCLUDE_FILE(*crtend.o) .ctors)
 *(SORT(.ctors.*))
 *crtend.o(.ctors)
                0x0801a680                . = ALIGN (0x4)
 *(.fini)
 .fini          0x0801a680        0x4 /home/laurence/CodeSourcery/Sourcery_G++_Lite/bin/../lib/gcc/arm-none-eabi/4.5.2/thumb2/crti.o
                0x0801a680                _fini
 .fini          0x0801a684        0x8 /home/laurence/CodeSourcery/Sourcery_G++_Lite/bin/../lib/gcc/arm-none-eabi/4.5.2/thumb2/crtn.o
                0x0801a68c                . = ALIGN (0x4)
                0x0801a68c                __fini_array_start = .
 *(.fini_array)
 .fini_array    0x0801a68c        0x4 /home/laurence/CodeSourcery/Sourcery_G++_Lite/bin/../lib/gcc/arm-none-eabi/4.5.2/thumb2/crtbegin.o
 *(SORT(.fini_array.*))
                0x0801a690                __fini_array_end = .
 *crtbegin.o(.dtors)
 *(EXCLUDE_FILE(*crtend.o) .dtors)
 *(SORT(.dtors.*))
 *crtend.o(.dtors)
                0x0801a690                . = ALIGN (0x4)
                0x0801a690                __cs3_regions = .
                0x0801a690        0x4 LONG 0x0
                0x0801a694        0x4 LONG 0x801a6b0 __cs3_region_init_ram
                0x0801a698        0x4 LONG 0x20000000 __cs3_region_start_ram
                0x0801a69c        0x4 LONG 0x688 __cs3_region_init_size_ram
                0x0801a6a0        0x4 LONG 0x1b68 __cs3_region_zero_size_ram
                0x0801a6a4                __exidx_start = .

.v4_bx          0x0801a6a4        0x0
 .v4_bx         0x00000000        0x0 linker stubs

.ARM.exidx      0x0801a6a4        0x8
 *(.ARM.exidx* .gnu.linkonce.armexidx.*)
 .ARM.exidx     0x0801a6a4        0x8 /home/laurence/CodeSourcery/Sourcery_G++_Lite/bin/../lib/gcc/arm-none-eabi/4.5.2/thumb2/libgcc.a(_divdi3.o)
 .ARM.exidx     0x0801a6ac        0x0 /home/laurence/CodeSourcery/Sourcery_G++_Lite/bin/../lib/gcc/arm-none-eabi/4.5.2/thumb2/libgcc.a(_udivdi3.o)
                                  0x8 (size before relaxing)
                0x0801a6ac                __exidx_end = .

.text.align     0x0801a6ac        0x4
                0x0801a6b0                . = ALIGN (0x8)
 *fill*         0x0801a6ac        0x4 00
                0x0801a6b0                _etext = .
                0x08020000                __cs3_region_end_rom = (__cs3_region_start_rom + 0x20000)
                0x00020000                __cs3_region_size_rom = 0x20000
                0x00000001                __cs3_region_num = 0x1

.data           0x20000000      0x688 load address 0x0801a6b0
                0x20000000                __cs3_region_start_ram = .
 *(.cs3.region-head.ram)
 *(.jcr)
 .jcr           0x20000000        0x0 /home/laurence/CodeSourcery/Sourcery_G++_Lite/bin/../lib/gcc/arm-none-eabi/4.5.2/thumb2/crtbegin.o
 .jcr           0x20000000        0x4 /home/laurence/CodeSourcery/Sourcery_G++_Lite/bin/../lib/gcc/arm-none-eabi/4.5.2/thumb2/crtend.o
 *(.got.plt)
 *(.got)
 *(.shdata)
 *(.data .data.* .gnu.linkonce.d.*)
 .data          0x20000004        0x1 Util/Fatfs/sd_spi_stm32.o
 *fill*         0x20000005        0x3 00
 .data          0x20000008       0x28 Util/uavtalk.o
                0x20000008                UAVtalk_conf
 .data          0x20000030       0x78 i2c_int.o
                0x20000030                I2C_jobs
 .data          0x200000a8        0x1 main.o
                0x200000a8                Spi_Locked
 *fill*         0x200000a9        0x3 00
 .data          0x200000ac        0x4 Control/ekf.o
                0x200000ac                Ge
 .data          0x200000b0       0xb4 Control/imu.o
 .data          0x20000164       0x14 lib/STM32F10x_StdPeriph_Driver/libstm32fw.a(stm32f10x_rcc.o)
 .data          0x20000178        0x1 /home/laurence/CodeSourcery/Sourcery_G++_Lite/bin/../lib/gcc/arm-none-eabi/4.5.2/../../../../arm-none-eabi/lib/thumb2/libm.a(lib_a-s_lib_ver.o)
                0x20000178                __fdlib_version
 *fill*         0x20000179        0x3 00
 .data          0x2000017c       0xf4 /home/laurence/CodeSourcery/Sourcery_G++_Lite/bin/../lib/gcc/arm-none-eabi/4.5.2/../../../../arm-none-eabi/lib/thumb2/libc.a(lib_a-impure.o)
                0x2000017c                _impure_ptr
 .data          0x20000270      0x410 /home/laurence/CodeSourcery/Sourcery_G++_Lite/bin/../lib/gcc/arm-none-eabi/4.5.2/../../../../arm-none-eabi/lib/thumb2/libc.a(lib_a-mallocr.o)
                0x20000270                __malloc_av_
                0x20000678                __malloc_sbrk_base
                0x2000067c                __malloc_trim_threshold
 .data          0x20000680        0x4 /home/laurence/CodeSourcery/Sourcery_G++_Lite/bin/../lib/gcc/arm-none-eabi/4.5.2/../../../../arm-none-eabi/lib/thumb2/libcs3unhosted.a(unhosted-sbrk.o)
 .data          0x20000684        0x4 /home/laurence/CodeSourcery/Sourcery_G++_Lite/bin/../lib/gcc/arm-none-eabi/4.5.2/../../../../arm-none-eabi/lib/thumb2/libcs3.a(heap.o)
                0x20000684                __cs3_heap_limit
 *(.ram)
                0x20000688                . = ALIGN (0x8)
                0x20000688                _edata = .

.bss            0x20000688     0x1b68 load address 0x0801ad38
 *(.shbss)
 *(.bss .bss.* .gnu.linkonce.b.*)
 .bss           0x20000688        0x1 /home/laurence/CodeSourcery/Sourcery_G++_Lite/bin/../lib/gcc/arm-none-eabi/4.5.2/thumb2/crtbegin.o
 *fill*         0x20000689        0x1 00
 .bss           0x2000068a       0x20 Sensors/accel_down.o
                0x200006a4                Accel_Data_Buffer
 *fill*         0x200006aa        0x2 00
 .bss           0x200006ac       0x28 Sensors/bmp085.o
                0x200006ac                Sea_Level_Pressure
                0x200006b0                Our_Sensorcal
                0x200006c8                Bmp_temp
                0x200006cc                Bmp_Temp_Buffer
                0x200006d0                Bmp_Press_Buffer
 .bss           0x200006d4        0xc Sensors/earth_field.o
 .bss           0x200006e0        0x4 Sensors/pitot.o
                0x200006e0                Pitot_Pressure
 .bss           0x200006e4        0xa Sensors/ubx.o
 *fill*         0x200006ee        0x2 00
 .bss           0x200006f0        0x8 Util/Fatfs/ff.o
 .bss           0x200006f8       0x10 Util/Fatfs/sd_spi_stm32.o
 .bss           0x20000708        0x8 Util/RF22/RF22.o
                0x20000708                _ZN4RF2217_RF22ForInterruptE
 .bss           0x20000710       0x3b Util/RF22/RF22Mesh.o
                0x20000710                _ZN8RF22Mesh11_tmpMessageE
 .bss           0x2000074b       0x40 Util/RF22/RF22Router.o
                0x2000074b                _ZN10RF22Router11_tmpMessageE
 *fill*         0x2000078b        0x1 00
 .bss           0x2000078c      0x180 Util/RF22/ctocpp.o
                0x2000078c                rf22
 .bss           0x2000090c       0x84 Util/rprintf.o
 .bss           0x20000990       0x60 Util/uavtalk.o
                0x2000099c                UAVtalk_semaphores
                0x200009a8                UAVtalk_pointers
                0x200009d4                UAVtalk_stream_timers
 .bss           0x200009f0       0x10 i2c_int.o
                0x200009f0                I2C1error
                0x200009f2                job
                0x200009f4                Jobs
                0x200009fc                Completed_Jobs
 .bss           0x20000a00        0x8 interrupts.o
 .bss           0x20000a08      0xa0c main.o
                0x20000a08                Gps_Buffer
                0x20000b10                Usart1tx
                0x20000c18                Si4432_buff
                0x20000d20                Millis
                0x20000d24                Gps
                0x20000d57                Home_Position
                0x20000da4                Long_To_Meters_Home
                0x20000fd8                f_err_code
                0x20000fdc                FATFS_logfile
                0x20001200                Si4432_connected
                0x20001201                Kalman_Enabled
                0x20001204                UAVtalk_Attitude_Array
                0x20001220                Nav_Global
                0x20001254                UAVtalk_Altitude_Array
                0x20001260                Waypoint_Global
                0x2000126c                Battery_State
                0x20001284                Flight_Status
                0x20001286                GPS_Position
                0x200012ac                uavtalk_usart_port
                0x20001346                New_Waypoint_Flagged
                0x20001347                Nav_Flag
                0x20001348                uavtalk_si4432_port
                0x200013e2                Ground_Flag
                0x200013e4                Balt
                0x200013e8                GCS_Telem
                0x200013fd                Flight_Telem
 .bss           0x20001414       0x1a pwm.o
                0x20001414                TIM_TimeBaseStructure
                0x2000141e                TIM_OCInitStructure
 .bss           0x2000142e      0x104 usart.o
                0x2000142e                Usart1_rx_buff
 *fill*         0x20001532        0x2 00
 .bss           0x20001534      0xbf8 Control/ekf.o
                0x20001534                Be
                0x20001540                P
                0x200017e4                X
                0x20001818                Q
                0x2000183c                R
                0x20001864                F
                0x20001b08                G
                0x20001cdc                K
                0x20001ee4                Nav
                0x20001f18                H
                0x20002120                zeros
 .bss           0x2000212c       0x88 Control/imu.o
                0x2000212c                Accel_Access_Flag
                0x2000213c                Gyro_Data_Buffer
                0x20002184                Magno_Data_Buffer
                0x200021ae                Accel_Data_Vector
 .bss           0x200021b4       0x34 /home/laurence/CodeSourcery/Sourcery_G++_Lite/bin/../lib/gcc/arm-none-eabi/4.5.2/../../../../arm-none-eabi/lib/thumb2/libc.a(lib_a-mallocr.o)
                0x200021b4                __malloc_top_pad
                0x200021b8                __malloc_current_mallinfo
                0x200021e0                __malloc_max_sbrked_mem
                0x200021e4                __malloc_max_total_mem
 *(COMMON)
 COMMON         0x200021e8        0x4 /home/laurence/CodeSourcery/Sourcery_G++_Lite/bin/../lib/gcc/arm-none-eabi/4.5.2/../../../../arm-none-eabi/lib/thumb2/libc.a(lib_a-reent.o)
                0x200021e8                errno
 *(.ram.b)
                0x200021f0                . = ALIGN (0x8)
 *fill*         0x200021ec        0x4 00
                0x200021f0                _end = .
                0x200021f0                __end = .
                0x20005000                __cs3_region_end_ram = (__cs3_region_start_ram + 0x5000)
                0x00005000                __cs3_region_size_ram = 0x5000
                0x0801a6b0                __cs3_region_init_ram = LOADADDR (.data)
                0x00000688                __cs3_region_init_size_ram = (_edata - ADDR (.data))
                0x00001b68                __cs3_region_zero_size_ram = (_end - _edata)
                0x00000001                __cs3_region_num = 0x1

.stab
 *(.stab)

.stabstr
 *(.stabstr)

.debug
 *(.debug)

.line
 *(.line)

.debug_srcinfo
 *(.debug_srcinfo)

.debug_sfnames
 *(.debug_sfnames)

.debug_aranges
 *(.debug_aranges)

.debug_pubnames
 *(.debug_pubnames)

.debug_info
 *(.debug_info .gnu.linkonce.wi.*)

.debug_abbrev
 *(.debug_abbrev)

.debug_line
 *(.debug_line)

.comment        0x00000000       0x2a
 .comment       0x00000000       0x2a Sensors/accel_down.o
                                 0x2b (size before relaxing)
 .comment       0x00000000       0x2b Sensors/bmp085.o
 .comment       0x00000000       0x2b Sensors/earth_field.o
 .comment       0x00000000       0x2b Sensors/pitot.o
 .comment       0x00000000       0x2b Sensors/sensorcal.o
 .comment       0x00000000       0x2b Sensors/ubx.o
 .comment       0x00000000       0x2b Util/Fatfs/fattime.o
 .comment       0x00000000       0x2b Util/Fatfs/ff.o
 .comment       0x00000000       0x2b Util/Fatfs/rtc.o
 .comment       0x00000000       0x2b Util/Fatfs/sd_spi_stm32.o
 .comment       0x00000000       0x2b Util/RF22/RF22.o
 .comment       0x00000000       0x2b Util/RF22/RF22Datagram.o
 .comment       0x00000000       0x2b Util/RF22/RF22Mesh.o
 .comment       0x00000000       0x2b Util/RF22/RF22ReliableDatagram.o
 .comment       0x00000000       0x2b Util/RF22/RF22Router.o
 .comment       0x00000000       0x2b Util/RF22/ctocpp.o
 .comment       0x00000000       0x2b Util/atmospherics.o
 .comment       0x00000000       0x2b Util/coords.o
 .comment       0x00000000       0x2b Util/crc.o
 .comment       0x00000000       0x2b Util/delay.o
 .comment       0x00000000       0x2b Util/gravity.o
 .comment       0x00000000       0x2b Util/rprintf.o
 .comment       0x00000000       0x2b Util/time.o
 .comment       0x00000000       0x2b Util/uavobjconv.o
 .comment       0x00000000       0x2b Util/uavtalk.o
 .comment       0x00000000       0x2b adc.o
 .comment       0x00000000       0x2b dma.o
 .comment       0x00000000       0x2b gpio.o
 .comment       0x00000000       0x2b i2c_int.o
 .comment       0x00000000       0x2b interrupts.o
 .comment       0x00000000       0x2b lib/CMSIS_CM3/core_cm3.o
 .comment       0x00000000       0x2b lib/CMSIS_CM3/system_stm32f10x.o
 .comment       0x00000000       0x2b main.o
 .comment       0x00000000       0x2b pwm.o
 .comment       0x00000000       0x2b usart.o
 .comment       0x00000000       0x2b watchdog.o
 .comment       0x00000000       0x2b Control/ekf.o
 .comment       0x00000000       0x2b Control/imu.o
 .comment       0x00000000       0x2b Control/loops.o
 .comment       0x00000000       0x2b Control/servos.o
 .comment       0x00000000       0x2b lib/STM32F10x_StdPeriph_Driver/libstm32fw.a(misc.o)
 .comment       0x00000000       0x2b lib/STM32F10x_StdPeriph_Driver/libstm32fw.a(stm32f10x_adc.o)
 .comment       0x00000000       0x2b lib/STM32F10x_StdPeriph_Driver/libstm32fw.a(stm32f10x_bkp.o)
 .comment       0x00000000       0x2b lib/STM32F10x_StdPeriph_Driver/libstm32fw.a(stm32f10x_dma.o)
 .comment       0x00000000       0x2b lib/STM32F10x_StdPeriph_Driver/libstm32fw.a(stm32f10x_exti.o)
 .comment       0x00000000       0x2b lib/STM32F10x_StdPeriph_Driver/libstm32fw.a(stm32f10x_gpio.o)
 .comment       0x00000000       0x2b lib/STM32F10x_StdPeriph_Driver/libstm32fw.a(stm32f10x_i2c.o)
 .comment       0x00000000       0x2b lib/STM32F10x_StdPeriph_Driver/libstm32fw.a(stm32f10x_iwdg.o)
 .comment       0x00000000       0x2b lib/STM32F10x_StdPeriph_Driver/libstm32fw.a(stm32f10x_pwr.o)
 .comment       0x00000000       0x2b lib/STM32F10x_StdPeriph_Driver/libstm32fw.a(stm32f10x_rcc.o)
 .comment       0x00000000       0x2b lib/STM32F10x_StdPeriph_Driver/libstm32fw.a(stm32f10x_rtc.o)
 .comment       0x00000000       0x2b lib/STM32F10x_StdPeriph_Driver/libstm32fw.a(stm32f10x_spi.o)
 .comment       0x00000000       0x2b lib/STM32F10x_StdPeriph_Driver/libstm32fw.a(stm32f10x_tim.o)
 .comment       0x00000000       0x2b lib/STM32F10x_StdPeriph_Driver/libstm32fw.a(stm32f10x_usart.o)

.debug_frame    0x00000000      0xa44
 *(.debug_frame)
 .debug_frame   0x00000000       0x30 /home/laurence/CodeSourcery/Sourcery_G++_Lite/bin/../lib/gcc/arm-none-eabi/4.5.2/../../../../arm-none-eabi/lib/thumb2/libm.a(lib_a-s_cos.o)
 .debug_frame   0x00000030       0x34 /home/laurence/CodeSourcery/Sourcery_G++_Lite/bin/../lib/gcc/arm-none-eabi/4.5.2/../../../../arm-none-eabi/lib/thumb2/libm.a(lib_a-s_floor.o)
 .debug_frame   0x00000064       0x30 /home/laurence/CodeSourcery/Sourcery_G++_Lite/bin/../lib/gcc/arm-none-eabi/4.5.2/../../../../arm-none-eabi/lib/thumb2/libm.a(lib_a-s_sin.o)
 .debug_frame   0x00000094       0x34 /home/laurence/CodeSourcery/Sourcery_G++_Lite/bin/../lib/gcc/arm-none-eabi/4.5.2/../../../../arm-none-eabi/lib/thumb2/libm.a(lib_a-w_asin.o)
 .debug_frame   0x000000c8       0x20 /home/laurence/CodeSourcery/Sourcery_G++_Lite/bin/../lib/gcc/arm-none-eabi/4.5.2/../../../../arm-none-eabi/lib/thumb2/libm.a(lib_a-w_atan2.o)
 .debug_frame   0x000000e8       0x3c /home/laurence/CodeSourcery/Sourcery_G++_Lite/bin/../lib/gcc/arm-none-eabi/4.5.2/../../../../arm-none-eabi/lib/thumb2/libm.a(lib_a-w_pow.o)
 .debug_frame   0x00000124       0x38 /home/laurence/CodeSourcery/Sourcery_G++_Lite/bin/../lib/gcc/arm-none-eabi/4.5.2/../../../../arm-none-eabi/lib/thumb2/libm.a(lib_a-w_sqrt.o)
 .debug_frame   0x0000015c       0x30 /home/laurence/CodeSourcery/Sourcery_G++_Lite/bin/../lib/gcc/arm-none-eabi/4.5.2/../../../../arm-none-eabi/lib/thumb2/libm.a(lib_a-wf_asin.o)
 .debug_frame   0x0000018c       0x20 /home/laurence/CodeSourcery/Sourcery_G++_Lite/bin/../lib/gcc/arm-none-eabi/4.5.2/../../../../arm-none-eabi/lib/thumb2/libm.a(lib_a-wf_atan2.o)
 .debug_frame   0x000001ac       0x3c /home/laurence/CodeSourcery/Sourcery_G++_Lite/bin/../lib/gcc/arm-none-eabi/4.5.2/../../../../arm-none-eabi/lib/thumb2/libm.a(lib_a-e_asin.o)
 .debug_frame   0x000001e8       0x3c /home/laurence/CodeSourcery/Sourcery_G++_Lite/bin/../lib/gcc/arm-none-eabi/4.5.2/../../../../arm-none-eabi/lib/thumb2/libm.a(lib_a-e_atan2.o)
 .debug_frame   0x00000224       0x3c /home/laurence/CodeSourcery/Sourcery_G++_Lite/bin/../lib/gcc/arm-none-eabi/4.5.2/../../../../arm-none-eabi/lib/thumb2/libm.a(lib_a-e_pow.o)
 .debug_frame   0x00000260       0x3c /home/laurence/CodeSourcery/Sourcery_G++_Lite/bin/../lib/gcc/arm-none-eabi/4.5.2/../../../../arm-none-eabi/lib/thumb2/libm.a(lib_a-e_rem_pio2.o)
 .debug_frame   0x0000029c       0x34 /home/laurence/CodeSourcery/Sourcery_G++_Lite/bin/../lib/gcc/arm-none-eabi/4.5.2/../../../../arm-none-eabi/lib/thumb2/libm.a(lib_a-e_sqrt.o)
 .debug_frame   0x000002d0       0x34 /home/laurence/CodeSourcery/Sourcery_G++_Lite/bin/../lib/gcc/arm-none-eabi/4.5.2/../../../../arm-none-eabi/lib/thumb2/libm.a(lib_a-ef_asin.o)
 .debug_frame   0x00000304       0x30 /home/laurence/CodeSourcery/Sourcery_G++_Lite/bin/../lib/gcc/arm-none-eabi/4.5.2/../../../../arm-none-eabi/lib/thumb2/libm.a(lib_a-ef_atan2.o)
 .debug_frame   0x00000334       0x2c /home/laurence/CodeSourcery/Sourcery_G++_Lite/bin/../lib/gcc/arm-none-eabi/4.5.2/../../../../arm-none-eabi/lib/thumb2/libm.a(lib_a-ef_sqrt.o)