Archive member included because of file (symbol)

lib/STM32F10x_StdPeriph_Driver/libstm32fw.a(misc.o)
                              interrupts.o (NVIC_PriorityGroupConfig)
lib/STM32F10x_StdPeriph_Driver/libstm32fw.a(stm32f10x_bkp.o)
                              Util/Fatfs/rtc.o (BKP_WriteBackupRegister)
lib/STM32F10x_StdPeriph_Driver/libstm32fw.a(stm32f10x_dma.o)
                              dma.o (DMA_DeInit)
lib/STM32F10x_StdPeriph_Driver/libstm32fw.a(stm32f10x_exti.o)
                              interrupts.o (EXTI_Init)
lib/STM32F10x_StdPeriph_Driver/libstm32fw.a(stm32f10x_gpio.o)
                              Util/Fatfs/sd_spi_stm32.o (GPIO_Init)
lib/STM32F10x_StdPeriph_Driver/libstm32fw.a(stm32f10x_i2c.o)
                              i2c.o (I2C_Cmd)
lib/STM32F10x_StdPeriph_Driver/libstm32fw.a(stm32f10x_iwdg.o)
                              watchdog.o (IWDG_WriteAccessCmd)
lib/STM32F10x_StdPeriph_Driver/libstm32fw.a(stm32f10x_pwr.o)
                              Util/Fatfs/rtc.o (PWR_BackupAccessCmd)
lib/STM32F10x_StdPeriph_Driver/libstm32fw.a(stm32f10x_rcc.o)
                              Util/Fatfs/rtc.o (RCC_LSEConfig)
lib/STM32F10x_StdPeriph_Driver/libstm32fw.a(stm32f10x_rtc.o)
                              Util/Fatfs/rtc.o (RTC_GetCounter)
lib/STM32F10x_StdPeriph_Driver/libstm32fw.a(stm32f10x_spi.o)
                              Util/Fatfs/sd_spi_stm32.o (SPI_Init)
lib/STM32F10x_StdPeriph_Driver/libstm32fw.a(stm32f10x_tim.o)
                              pwm.o (TIM_TimeBaseInit)
lib/STM32F10x_StdPeriph_Driver/libstm32fw.a(stm32f10x_usart.o)
                              usart.o (USART_Cmd)
/home/laurence/CodeSourcery/Sourcery_G++_Lite/bin/../lib/gcc/arm-none-eabi/4.4.1/../../../../arm-none-eabi/lib/thumb2/libm.a(lib_a-s_cos.o)
                              Sensors/earth_field.o (cos)
/home/laurence/CodeSourcery/Sourcery_G++_Lite/bin/../lib/gcc/arm-none-eabi/4.4.1/../../../../arm-none-eabi/lib/thumb2/libm.a(lib_a-s_sin.o)
                              Sensors/earth_field.o (sin)
/home/laurence/CodeSourcery/Sourcery_G++_Lite/bin/../lib/gcc/arm-none-eabi/4.4.1/../../../../arm-none-eabi/lib/thumb2/libm.a(lib_a-w_asin.o)
                              Sensors/earth_field.o (asin)
/home/laurence/CodeSourcery/Sourcery_G++_Lite/bin/../lib/gcc/arm-none-eabi/4.4.1/../../../../arm-none-eabi/lib/thumb2/libm.a(lib_a-w_atan2.o)
                              Sensors/earth_field.o (atan2)
/home/laurence/CodeSourcery/Sourcery_G++_Lite/bin/../lib/gcc/arm-none-eabi/4.4.1/../../../../arm-none-eabi/lib/thumb2/libm.a(lib_a-w_pow.o)
                              Sensors/bmp085.o (pow)
/home/laurence/CodeSourcery/Sourcery_G++_Lite/bin/../lib/gcc/arm-none-eabi/4.4.1/../../../../arm-none-eabi/lib/thumb2/libm.a(lib_a-w_sqrt.o)
                              Sensors/earth_field.o (sqrt)
/home/laurence/CodeSourcery/Sourcery_G++_Lite/bin/../lib/gcc/arm-none-eabi/4.4.1/../../../../arm-none-eabi/lib/thumb2/libm.a(lib_a-wf_asin.o)
                              Util/coords.o (asinf)
/home/laurence/CodeSourcery/Sourcery_G++_Lite/bin/../lib/gcc/arm-none-eabi/4.4.1/../../../../arm-none-eabi/lib/thumb2/libm.a(lib_a-wf_atan2.o)
                              Util/coords.o (atan2f)
/home/laurence/CodeSourcery/Sourcery_G++_Lite/bin/../lib/gcc/arm-none-eabi/4.4.1/../../../../arm-none-eabi/lib/thumb2/libm.a(lib_a-e_asin.o)
                              /home/laurence/CodeSourcery/Sourcery_G++_Lite/bin/../lib/gcc/arm-none-eabi/4.4.1/../../../../arm-none-eabi/lib/thumb2/libm.a(lib_a-w_asin.o) (__ieee754_asin)
/home/laurence/CodeSourcery/Sourcery_G++_Lite/bin/../lib/gcc/arm-none-eabi/4.4.1/../../../../arm-none-eabi/lib/thumb2/libm.a(lib_a-e_atan2.o)
                              /home/laurence/CodeSourcery/Sourcery_G++_Lite/bin/../lib/gcc/arm-none-eabi/4.4.1/../../../../arm-none-eabi/lib/thumb2/libm.a(lib_a-w_atan2.o) (__ieee754_atan2)
/home/laurence/CodeSourcery/Sourcery_G++_Lite/bin/../lib/gcc/arm-none-eabi/4.4.1/../../../../arm-none-eabi/lib/thumb2/libm.a(lib_a-e_pow.o)
                              /home/laurence/CodeSourcery/Sourcery_G++_Lite/bin/../lib/gcc/arm-none-eabi/4.4.1/../../../../arm-none-eabi/lib/thumb2/libm.a(lib_a-w_pow.o) (__ieee754_pow)
/home/laurence/CodeSourcery/Sourcery_G++_Lite/bin/../lib/gcc/arm-none-eabi/4.4.1/../../../../arm-none-eabi/lib/thumb2/libm.a(lib_a-e_rem_pio2.o)
                              /home/laurence/CodeSourcery/Sourcery_G++_Lite/bin/../lib/gcc/arm-none-eabi/4.4.1/../../../../arm-none-eabi/lib/thumb2/libm.a(lib_a-s_cos.o) (__ieee754_rem_pio2)
/home/laurence/CodeSourcery/Sourcery_G++_Lite/bin/../lib/gcc/arm-none-eabi/4.4.1/../../../../arm-none-eabi/lib/thumb2/libm.a(lib_a-e_sqrt.o)
                              /home/laurence/CodeSourcery/Sourcery_G++_Lite/bin/../lib/gcc/arm-none-eabi/4.4.1/../../../../arm-none-eabi/lib/thumb2/libm.a(lib_a-w_sqrt.o) (__ieee754_sqrt)
[...]
Memory Configuration

Name             Origin             Length             Attributes
ram              0x20000000         0x00005000         xrw
rom              0x08000000         0x00020000         xr
*default*        0x00000000         0xffffffff

Linker script and memory map

LOAD /home/laurence/CodeSourcery/Sourcery_G++_Lite/bin/../lib/gcc/arm-none-eabi/4.4.1/thumb2/crti.o
LOAD /home/laurence/CodeSourcery/Sourcery_G++_Lite/bin/../lib/gcc/arm-none-eabi/4.4.1/thumb2/crtbegin.o
LOAD Sensors/bmp085.o
LOAD Sensors/earth_field.o
LOAD Sensors/pitot.o
LOAD Sensors/ubx.o
LOAD Util/Fatfs/fattime.o
LOAD Util/Fatfs/ff.o
LOAD Util/Fatfs/rtc.o
LOAD Util/Fatfs/sd_spi_stm32.o
LOAD Util/atmospherics.o
LOAD Util/coords.o
LOAD Util/crc.o
LOAD Util/delay.o
LOAD Util/rprintf.o
LOAD Util/time.o
LOAD Util/uavtalk.o
LOAD dma.o
LOAD gpio.o
LOAD i2c.o
LOAD interrupts.o
LOAD lib/CMSIS_CM3/core_cm3.o
LOAD lib/CMSIS_CM3/startup/gcc/startup_stm32f10x_md.o
LOAD lib/CMSIS_CM3/system_stm32f10x.o
LOAD main.o
LOAD pwm.o
LOAD usart.o
LOAD watchdog.o
LOAD Control/ekf.o
LOAD Control/imu.o
LOAD Control/loops.o
LOAD Control/sensorcal.o
LOAD Control/servos.o
LOAD lib/STM32F10x_StdPeriph_Driver/libstm32fw.a
LOAD lib/STM32_USB-FS-Device_Driver/libstm32usb.a
LOAD /home/laurence/CodeSourcery/Sourcery_G++_Lite/bin/../lib/gcc/arm-none-eabi/4.4.1/../../../../arm-none-eabi/lib/thumb2/libm.a
START GROUP
LOAD /home/laurence/CodeSourcery/Sourcery_G++_Lite/bin/../lib/gcc/arm-none-eabi/4.4.1/thumb2/libgcc.a
LOAD /home/laurence/CodeSourcery/Sourcery_G++_Lite/bin/../lib/gcc/arm-none-eabi/4.4.1/../../../../arm-none-eabi/lib/thumb2/libc.a
END GROUP
LOAD /home/laurence/CodeSourcery/Sourcery_G++_Lite/bin/../lib/gcc/arm-none-eabi/4.4.1/thumb2/crtend.o
LOAD /home/laurence/CodeSourcery/Sourcery_G++_Lite/bin/../lib/gcc/arm-none-eabi/4.4.1/thumb2/crtn.o
START GROUP
LOAD /home/laurence/CodeSourcery/Sourcery_G++_Lite/bin/../lib/gcc/arm-none-eabi/4.4.1/thumb2/libgcc.a
LOAD /home/laurence/CodeSourcery/Sourcery_G++_Lite/bin/../lib/gcc/arm-none-eabi/4.4.1/../../../../arm-none-eabi/lib/thumb2/libc.a
LOAD /home/laurence/CodeSourcery/Sourcery_G++_Lite/bin/../lib/gcc/arm-none-eabi/4.4.1/../../../../arm-none-eabi/lib/thumb2/libcs3.a
LOAD /home/laurence/CodeSourcery/Sourcery_G++_Lite/bin/../lib/gcc/arm-none-eabi/4.4.1/../../../../arm-none-eabi/lib/thumb2/libcs3unhosted.a
LOAD lib/libcs3-lanchon-stm32.a
END GROUP
                0x20005000                PROVIDE (__cs3_stack, (__cs3_region_start_ram + __cs3_region_size_ram))
                0x20001a08                PROVIDE (__cs3_heap_start, _end)
                0x20005000                PROVIDE (__cs3_heap_end, (__cs3_region_start_ram + __cs3_region_size_ram))

.text           0x08000000    0x18ab8
 CREATE_OBJECT_SYMBOLS
                0x08000000                __cs3_region_start_rom = .
 *(.cs3.region-head.rom)
                0x08000000                __cs3_interrupt_vector = __cs3_interrupt_vector_lanchon_stm32
 *(.cs3.interrupt_vector)
 .cs3.interrupt_vector
                0x08000000       0xec lib/libcs3-lanchon-stm32.a(lanchon-stm32-vector.o)
                0x08000000                __cs3_interrupt_vector_lanchon_stm32
                0x08000001                ASSERT ((. != __cs3_interrupt_vector_lanchon_stm32), No interrupt vector)
 *(.rom)
 *(.rom.b)
                0x08017808                PROVIDE (__cs3_reset_lanchon_stm32, _start)
                0x08017808                __cs3_reset = __cs3_reset_lanchon_stm32
 *(.cs3.reset)
 *(.text .text.* .gnu.linkonce.t.*)
 .text          0x080000ec       0x30 /home/laurence/CodeSourcery/Sourcery_G++_Lite/bin/../lib/gcc/arm-none-eabi/4.4.1/thumb2/crtbegin.o
 *fill*         0x0800011c        0x4 00
 .text          0x08000120      0x230 Sensors/bmp085.o
                0x08000120                Bmp085_Convert
                0x080001d8                Baro_Convert_Pressure
                0x08000228                Baro_Setup_Temperature
                0x08000248                Baro_Setup_Pressure
                0x08000268                Baro_Read_Full_ADC
                0x08000292                bmp085ReadShort
                0x080002ae                Baro_Read_ADC
                0x080002b4                Bmp085_ReadConfig
 .text          0x08000350     0x1920 Sensors/earth_field.o
                0x08000350                WMM_CalculateSecularVariation
                0x08000458                WMM_get_secular_var_coeff_g
                0x08000470                WMM_get_main_field_coeff_g
                0x0800050c                WMM_get_secular_var_coeff_h
                0x08000524                WMM_get_main_field_coeff_h
                0x080005b8                WMM_DateToYear
                0x080005f4                WMM_RotateMagneticVector
                0x080006b0                WMM_ComputeSphericalHarmonicVariables
                0x08000784                WMM_GeodeticToSpherical
                0x080008e8                WMM_SecVarSummationSpecial
                0x08000a84                WMM_SecVarSummation
                0x08000c84                WMM_SummationSpecial
                0x08000e24                WMM_Summation
                0x08001024                WMM_PcupLow
                0x08001370                WMM_PcupHigh
                0x08001816                WMM_AssociatedLegendreFunction
                0x080018a4                WMM_CalculateGeoMagneticElements
                0x08001968                WMM_Geomag
                0x08001a60                WMM_Initialize
                0x08001ad8                WMM_GetMagVector
 .text          0x08001c70       0xc4 Sensors/pitot.o
                0x08001c70                Pitot_Conv
                0x08001c86                Pitot_convert_Airspeed
                0x08001cdc                Pitot_Read_Conv
                0x08001d04                Pitot_Set_Temp_Conv
                0x08001d1c                Pitot_Set_Press_Conv
 .text          0x08001d34      0x33c Sensors/ubx.o
                0x08001d34                Gps_Process_Byte
                0x08001eb4                Get_UBX_Ack
                0x08001f64                Config_Gps
 .text          0x08002070       0x42 Util/Fatfs/fattime.o
                0x08002070                get_fattime
 *fill*         0x080020b2        0x2 00
 .text          0x080020b4     0x1a54 Util/Fatfs/ff.o
                0x080020da                clust2sect
                0x0800218a                f_mount
                0x080025c8                put_fat
                0x080026c6                get_fat
                0x08002916                f_truncate
                0x08002b7c                f_readdir
                0x08002bca                f_getfree
                0x08002caa                f_lseek
                0x08002dfc                f_write
                0x08002fae                f_read
                0x080031d8                f_sync
                0x0800328e                f_close
                0x0800349c                f_stat
                0x080034de                f_opendir
                0x0800354c                f_rename
                0x08003672                f_utime
                0x080036d4                f_chmod
                0x08003730                f_unlink
                0x080037f8                f_mkdir
                0x080039aa                f_open
 .text          0x08003b08      0x2e4 Util/Fatfs/rtc.o
                0x08003be4                my_RTC_SetCounter
                0x08003c06                rtc_settime
                0x08003cd8                rtc_init
                0x08003d72                rtc_gettime
 .text          0x08003dec      0x7cc Util/Fatfs/sd_spi_stm32.o
                0x08003e14                disk_status
                0x08003e24                disk_timerproc
                0x080040a4                disk_initialize
                0x08004228                disk_ioctl
                0x0800442c                disk_read
                0x0800450c                disk_write
 .text          0x080045b8       0xd8 Util/atmospherics.o
                0x080045b8                US_1976_Temperature
                0x0800464c                Air_Density
 .text          0x08004690      0x768 Util/coords.o
                0x08004690                CrossProduct
                0x080046ee                quat_inverse
                0x0800470a                quat_copy
                0x08004720                quat_mult
                0x0800482a                rot_mult
                0x080048ca                VectorMagnitude
                0x0800490c                RotFrom2Vectors
                0x08004ad8                R2Quaternion
                0x08004cc0                Quaternion2RPY
 .text          0x08004df8       0x2c Util/crc.o
                0x08004df8                CRC_updateByte
                0x08004e04                CRC_updateCRC
 .text          0x08004e24       0x16 Util/delay.o
                0x08004e24                Delay
 *fill*         0x08004e3a        0x2 00
 .text          0x08004e3c      0x57c Util/rprintf.o
                0x08004e3c                rprintfInit
                0x08004e48                rprintfChar
                0x08004e68                rprintfStr
                0x08004e80                rprintfStrLen
                0x08004eb6                rprintfCRLF
                0x08004eba                rprintfu04
                0x08004ec4                rprintfu08
                0x08004ed6                rprintfu16
                0x08004ee8                rprintfu32
                0x08004efa                rprintfNum
                0x08004fb0                rprintfFloat
                0x08005068                Isdigit
                0x08005076                atoiRamRom
                0x0800509c                rStrLen
                0x080050ac                rprintf2RamRom
 .text          0x080053b8       0x20 Util/time.o
                0x080053b8                Set_RTC_From_GPS
 .text          0x080053d8      0x2c0 Util/uavtalk.o
                0x080053d8                UAVtalk_Register_Object
                0x080053ec                memchr_32
                0x08005410                UAVtalk_Generate_Packet
                0x080054e0                UAVtalk_Run_Streams
                0x0800554c                UAVtalk_Process_Byte
 .text          0x08005698      0x164 dma.o
                0x08005698                Pop_From_Buffer
                0x080056b4                Bytes_In_Buffer
                0x080056da                Get_From_Buffer
                0x0800570e                Flush_Buffer
                0x08005724                DMA_Configuration
                0x0800576c                DMA_USART1_Configuration
 .text          0x080057fc      0x1e0 gpio.o
                0x080057fc                Get_MEMS_DRDY
                0x08005824                MEMS_Status_Configuration
                0x08005860                Aux_Devices_Configuration
                0x080058bc                SPI_Control_Configuration
                0x08005924                GPS_IO_Configuration
                0x08005970                GPIO_Config_AF_Periferals
                0x080059c4                All_IO_Configuration
 .text          0x080059dc      0x464 i2c.o
                0x080059dc                Flipbytes
                0x080059e6                I2C_Conf
                0x08005ab4                Gyr_Init
                0x08005aec                Acc_Init
                0x08005b08                Mag_Init
                0x08005b24                I2C_Read
                0x08005d8c                Gyr_Stat
                0x08005da6                Gyr_Read
                0x08005dcc                Mag_Read
                0x08005df2                I2C_Config
 .text          0x08005e40       0x84 interrupts.o
                0x08005e40                NMI_Handler
                0x08005e42                HardFault_Handler
                0x08005e44                MemManage_Handler
                0x08005e46                BusFault_Handler
                0x08005e48                UsageFault_Handler
                0x08005e4a                SVC_Handler
                0x08005e4c                DebugMon_Handler
                0x08005e4e                PendSV_Handler
                0x08005e50                SysTick_Handler
                0x08005e52                EXTI9_5_IRQHandler
                0x08005e6c                EXTI6_Config
 .text.Default_Handler
                0x08005ec4        0x2 lib/CMSIS_CM3/startup/gcc/startup_stm32f10x_md.o
                0x08005ec4                EXTI2_IRQHandler
                0x08005ec4                TIM1_CC_IRQHandler
                0x08005ec4                PVD_IRQHandler
                0x08005ec4                EXTI3_IRQHandler
                0x08005ec4                EXTI0_IRQHandler
                0x08005ec4                I2C2_EV_IRQHandler
                0x08005ec4                ADC1_2_IRQHandler
                0x08005ec4                SPI1_IRQHandler
                0x08005ec4                TAMPER_IRQHandler
                0x08005ec4                DMA1_Channel4_IRQHandler
                0x08005ec4                USART3_IRQHandler
                0x08005ec4                RTC_IRQHandler
                0x08005ec4                DMA1_Channel7_IRQHandler
                0x08005ec4                CAN1_RX1_IRQHandler
                0x08005ec4                TIM4_IRQHandler
                0x08005ec4                I2C1_EV_IRQHandler
                0x08005ec4                DMA1_Channel6_IRQHandler
                0x08005ec4                TIM3_IRQHandler
                0x08005ec4                RCC_IRQHandler
                0x08005ec4                TIM1_TRG_COM_IRQHandler
                0x08005ec4                DMA1_Channel1_IRQHandler
                0x08005ec4                Default_Handler
                0x08005ec4                EXTI15_10_IRQHandler
                0x08005ec4                SPI2_IRQHandler
                0x08005ec4                DMA1_Channel5_IRQHandler
                0x08005ec4                EXTI4_IRQHandler
                0x08005ec4                USB_LP_CAN1_RX0_IRQHandler
                0x08005ec4                USB_HP_CAN1_TX_IRQHandler
                0x08005ec4                DMA1_Channel3_IRQHandler
                0x08005ec4                TIM1_UP_IRQHandler
                0x08005ec4                WWDG_IRQHandler
                0x08005ec4                TIM2_IRQHandler
                0x08005ec4                TIM1_BRK_IRQHandler
                0x08005ec4                EXTI1_IRQHandler
                0x08005ec4                RTCAlarm_IRQHandler
                0x08005ec4                USART2_IRQHandler
                0x08005ec4                I2C2_ER_IRQHandler
                0x08005ec4                DMA1_Channel2_IRQHandler
                0x08005ec4                CAN1_SCE_IRQHandler
                0x08005ec4                FLASH_IRQHandler
                0x08005ec4                USART1_IRQHandler
                0x08005ec4                I2C1_ER_IRQHandler
                0x08005ec4                USBWakeUp_IRQHandler
 *fill*         0x08005ec6        0x2 00
 .text          0x08005ec8       0xf8 lib/CMSIS_CM3/system_stm32f10x.o
                0x08005ec8                SystemInit
 .text          0x08005fc0      0x798 main.o
                0x08005fc0                Initialisation
                0x0800664c                main
 .text          0x08006758      0x1e0 pwm.o
                0x08006758                PWM_Set
                0x080067d8                Timer_GPIO_Disable
                0x08006814                Timer_GPIO_Enable
                0x08006850                Timer_RCC_Configuration
                0x08006868                Init_Timers
 .text          0x08006938      0x1c8 usart.o
                0x08006938                Default_Usart_Config
                0x0800694a                __gps_send_char
                0x08006968                Gps_Send_Str
                0x08006980                Gps_Send_Utf8
                0x0800699a                __usart_send_char
                0x080069b8                Usart_Send_Str
                0x080069d0                usart1_disable_dma
                0x080069f0                usart1_send_data_dma
                0x08006a1c                USART2_reconf
                0x08006a60                Usarts_Init
 .text          0x08006b00       0x3e watchdog.o
                0x08006b00                Watchdog_Reset_Detect
                0x08006b14                Watchdog_Config
 *fill*         0x08006b3e        0x2 00
 .text          0x08006b40     0x88a8 Control/ekf.o
                0x08006b40                ins_get_num_states
                0x08006b44                INSGPSInit
                0x08006c70                INSResetP
                0x08006cb8                INSResetRGPS
                0x08006ce4                INSSetState
                0x08006d48                INSPosVelReset
                0x08006dd0                INSSetPosVelVar
                0x08006dec                INSSetGyroBias
                0x08006e08                INSSetAccelVar
                0x08006e24                INSSetGyroVar
                0x08006e40                INSSetMagVar
                0x08006e5c                INSSetMagNorth
                0x08006e74                CovariancePrediction
                0x0800e1be                INSCovariancePrediction
                0x0800e1e4                SerialUpdate
                0x0800e33c                StateEq
                0x0800e630                RungeKutta
                0x0800e758                LinearizeFG
                0x0800ebcc                MeasurementEq
                0x0800ed8a                LinearizeH
                0x0800f054                INSCorrection
                0x0800f204                VelBaroCorrection
                0x0800f220                GpsMagCorrection
                0x0800f238                FullCorrection
                0x0800f246                GpsBaroCorrection
                0x0800f264                MagVelBaroCorrection
                0x0800f280                MagCorrection
                0x0800f2a0                INSStatePrediction
 .text          0x0800f3e8      0x958 Control/imu.o
                0x0800f3e8                run_imu
 .text          0x0800fd40       0x64 Control/loops.o
                0x0800fd40                Run_PID
                0x0800fd9c                Reset_PID
 .text          0x0800fda4       0xc8 Control/sensorcal.o
                0x0800fda4                Calibrate_3
 .text          0x0800fe6c       0x64 Control/servos.o
                0x0800fe6c                Disable_Servos
                0x0800fe70                Enable_Servos
                0x0800fe74                Apply_Servos
 .text          0x0800fed0       0xc0 lib/STM32F10x_StdPeriph_Driver/libstm32fw.a(misc.o)
                0x0800fed0                NVIC_PriorityGroupConfig
                0x0800fee4                NVIC_Init
                0x0800ff48                NVIC_SetVectorTable
                0x0800ff5c                NVIC_SystemLPConfig
                0x0800ff78                SysTick_CLKSourceConfig
 .text          0x0800ff90       0xe4 lib/STM32F10x_StdPeriph_Driver/libstm32fw.a(stm32f10x_bkp.o)
                0x0800ff90                BKP_TamperPinLevelConfig
                0x0800ff9c                BKP_TamperPinCmd
                0x0800ffa8                BKP_ITConfig
                0x0800ffb4                BKP_RTCOutputConfig
                0x0800ffcc                BKP_SetRTCCalibrationValue
                0x0800ffe4                BKP_WriteBackupRegister
                0x08010000                BKP_ReadBackupRegister
                0x08010020                BKP_GetFlagStatus
                0x0801002c                BKP_ClearFlag
                0x08010040                BKP_GetITStatus
                0x0801004c                BKP_ClearITPendingBit
                0x08010060                BKP_DeInit
 .text          0x08010074      0x1d4 lib/STM32F10x_StdPeriph_Driver/libstm32fw.a(stm32f10x_dma.o)
                0x08010074                DMA_DeInit
                0x08010154                DMA_Init
                0x08010194                DMA_StructInit
                0x080101ae                DMA_Cmd
                0x080101c2                DMA_ITConfig
                0x080101d4                DMA_GetCurrDataCounter
                0x080101da                DMA_GetFlagStatus
                0x080101f8                DMA_ClearFlag
                0x08010210                DMA_GetITStatus
                0x08010230                DMA_ClearITPendingBit
 .text          0x08010248      0x104 lib/STM32F10x_StdPeriph_Driver/libstm32fw.a(stm32f10x_exti.o)
                0x08010248                EXTI_DeInit
                0x08010264                EXTI_Init
                0x080102e4                EXTI_StructInit
                0x080102f2                EXTI_GenerateSWInterrupt
                0x08010304                EXTI_GetFlagStatus
                0x08010318                EXTI_ClearFlag
                0x08010324                EXTI_GetITStatus
                0x08010340                EXTI_ClearITPendingBit
 .text          0x0801034c      0x29c lib/STM32F10x_StdPeriph_Driver/libstm32fw.a(stm32f10x_gpio.o)
                0x0801034c                GPIO_Init
                0x08010404                GPIO_StructInit
                0x08010414                GPIO_ReadInputDataBit
                0x08010420                GPIO_ReadInputData
                0x08010426                GPIO_ReadOutputDataBit
                0x08010432                GPIO_ReadOutputData
                0x08010438                GPIO_SetBits
                0x0801043c                GPIO_ResetBits
                0x08010440                GPIO_WriteBit
                0x0801044a                GPIO_Write
                0x0801044e                GPIO_PinLockConfig
                0x0801045e                GPIO_EventOutputConfig
                0x0801047c                GPIO_EventOutputCmd
                0x08010488                GPIO_PinRemapConfig
                0x080104e8                GPIO_EXTILineConfig
                0x0801051c                GPIO_ETH_MediaInterfaceConfig
                0x08010528                GPIO_AFIODeInit
                0x0801053e                GPIO_DeInit
 .text          0x080105e8      0x3cc lib/STM32F10x_StdPeriph_Driver/libstm32fw.a(stm32f10x_i2c.o)
                0x080105e8                I2C_StructInit
                0x08010604                I2C_Cmd
                0x0801061e                I2C_DMACmd
                0x08010638                I2C_DMALastTransferCmd
                0x08010652                I2C_GenerateSTART
                0x0801066c                I2C_GenerateSTOP
                0x08010686                I2C_AcknowledgeConfig
                0x080106a0                I2C_OwnAddress2Config
                0x080106b6                I2C_DualAddressCmd
                0x080106d0                I2C_GeneralCallCmd
                0x080106ea                I2C_ITConfig
                0x08010700                I2C_SendData
                0x08010704                I2C_ReceiveData
                0x0801070a                I2C_Send7bitAddress
                0x0801071a                I2C_ReadRegister
                0x08010732                I2C_SoftwareResetCmd
                0x0801074c                I2C_SMBusAlertConfig
                0x08010768                I2C_TransmitPEC
                0x08010782                I2C_PECPositionConfig
                0x0801079e                I2C_CalculatePEC
                0x080107b8                I2C_GetPEC
                0x080107c0                I2C_ARPCmd
                0x080107da                I2C_StretchClockCmd
                0x080107f4                I2C_FastModeDutyCycleConfig
                0x08010810                I2C_GetLastEvent
                0x08010820                I2C_CheckEvent
                0x08010838                I2C_GetFlagStatus
                0x0801086c                I2C_ClearFlag
                0x08010874                I2C_GetITStatus
                0x08010890                I2C_ClearITPendingBit
                0x08010898                I2C_Init
                0x08010980                I2C_DeInit
 .text          0x080109b4       0x58 lib/STM32F10x_StdPeriph_Driver/libstm32fw.a(stm32f10x_iwdg.o)
                0x080109b4                IWDG_WriteAccessCmd
                0x080109c0                IWDG_SetPrescaler
                0x080109cc                IWDG_SetReload
                0x080109d8                IWDG_ReloadCounter
                0x080109e8                IWDG_Enable
                0x080109f8                IWDG_GetFlagStatus
 .text          0x08010a0c       0xd0 lib/STM32F10x_StdPeriph_Driver/libstm32fw.a(stm32f10x_pwr.o)
                0x08010a10                PWR_BackupAccessCmd
                0x08010a1c                PWR_PVDCmd
                0x08010a28                PWR_PVDLevelConfig
                0x08010a3c                PWR_WakeUpPinCmd
                0x08010a48                PWR_EnterSTOPMode
                0x08010a74                PWR_EnterSTANDBYMode
                0x08010a9c                PWR_GetFlagStatus
                0x08010ab0                PWR_ClearFlag
                0x08010ac0                PWR_DeInit
 .text          0x08010adc      0x384 lib/STM32F10x_StdPeriph_Driver/libstm32fw.a(stm32f10x_rcc.o)
                0x08010adc                RCC_DeInit
                0x08010b1c                RCC_HSEConfig
                0x08010b54                RCC_AdjustHSICalibrationValue
                0x08010b68                RCC_HSICmd
                0x08010b74                RCC_PLLConfig
                0x08010b8c                RCC_PLLCmd
                0x08010b98                RCC_SYSCLKConfig
                0x08010bac                RCC_GetSYSCLKSource
                0x08010bbc                RCC_HCLKConfig
                0x08010bd0                RCC_PCLK1Config
                0x08010be4                RCC_PCLK2Config
                0x08010bf8                RCC_ITConfig
                0x08010c14                RCC_USBCLKConfig
                0x08010c20                RCC_ADCCLKConfig
                0x08010c34                RCC_LSEConfig
                0x08010c54                RCC_LSICmd
                0x08010c60                RCC_RTCCLKConfig
                0x08010c70                RCC_RTCCLKCmd
                0x08010c7c                RCC_GetClocksFreq
                0x08010d2c                RCC_AHBPeriphClockCmd
                0x08010d48                RCC_APB2PeriphClockCmd
                0x08010d64                RCC_APB1PeriphClockCmd
                0x08010d80                RCC_APB2PeriphResetCmd
                0x08010d9c                RCC_APB1PeriphResetCmd
                0x08010db8                RCC_BackupResetCmd
                0x08010dc4                RCC_ClockSecuritySystemCmd
                0x08010dd0                RCC_MCOConfig
                0x08010ddc                RCC_GetFlagStatus
                0x08010e04                RCC_WaitForHSEStartUp
                0x08010e30                RCC_ClearFlag
                0x08010e40                RCC_GetITStatus
                0x08010e54                RCC_ClearITPendingBit
 .text          0x08010e60      0x15c lib/STM32F10x_StdPeriph_Driver/libstm32fw.a(stm32f10x_rtc.o)
                0x08010e60                RTC_ITConfig
                0x08010e80                RTC_EnterConfigMode
                0x08010e94                RTC_ExitConfigMode
                0x08010ea8                RTC_GetCounter
                0x08010ebc                RTC_SetCounter
                0x08010ed8                RTC_SetPrescaler
                0x08010ef8                RTC_SetAlarm
                0x08010f14                RTC_GetDivider
                0x08010f2c                RTC_WaitForLastTask
                0x08010f3c                RTC_WaitForSynchro
                0x08010f5c                RTC_GetFlagStatus
                0x08010f70                RTC_ClearFlag
                0x08010f84                RTC_GetITStatus
                0x08010fa8                RTC_ClearITPendingBit
 .text          0x08010fbc      0x2f8 lib/STM32F10x_StdPeriph_Driver/libstm32fw.a(stm32f10x_spi.o)
                0x08010fbc                SPI_Init
                0x08011016                SPI_StructInit
                0x08011030                I2S_StructInit
                0x08011044                SPI_Cmd
                0x0801105e                I2S_Cmd
                0x08011078                SPI_I2S_ITConfig
                0x08011096                SPI_I2S_DMACmd
                0x080110ac                SPI_I2S_SendData
                0x080110b0                SPI_I2S_ReceiveData
                0x080110b6                SPI_NSSInternalSoftwareConfig
                0x080110d0                SPI_SSOutputCmd
                0x080110ea                SPI_DataSizeConfig
                0x08011102                SPI_TransmitCRC
                0x0801110e                SPI_CalculateCRC
                0x08011128                SPI_GetCRC
                0x08011138                SPI_GetCRCPolynomial
                0x0801113e                SPI_BiDirectionalLineConfig
                0x0801115a                SPI_I2S_GetFlagStatus
                0x08011166                SPI_I2S_ClearFlag
                0x0801116e                SPI_I2S_GetITStatus
                0x08011198                SPI_I2S_ClearITPendingBit
                0x080111a8                I2S_Init
                0x08011252                SPI_I2S_DeInit
 .text          0x080112b4      0xb54 lib/STM32F10x_StdPeriph_Driver/libstm32fw.a(stm32f10x_tim.o)
                0x080112b4                TIM_TimeBaseInit
                0x080112f4                TIM_OC1Init
                0x08011388                TIM_OC2Init
                0x08011424                TIM_OC3Init
                0x080114bc                TIM_OC4Init
                0x08011538                TIM_BDTRConfig
                0x0801155c                TIM_TimeBaseStructInit
                0x0801156e                TIM_OCStructInit
                0x08011582                TIM_ICStructInit
                0x08011594                TIM_BDTRStructInit
                0x080115a6                TIM_Cmd
                0x080115c0                TIM_CtrlPWMOutputs
                0x080115e0                TIM_ITConfig
                0x080115f6                TIM_GenerateEvent
                0x080115fa                TIM_DMAConfig
                0x08011602                TIM_DMACmd
                0x08011618                TIM_InternalClockConfig
                0x08011626                TIM_ETRConfig
                0x08011644                TIM_ETRClockMode2Config
                0x08011658                TIM_ETRClockMode1Config
                0x08011672                TIM_PrescalerConfig
                0x08011678                TIM_CounterModeConfig
                0x0801168a                TIM_SelectInputTrigger
                0x0801169c                TIM_ITRxExternalClockConfig
                0x080116b0                TIM_EncoderInterfaceConfig
                0x080116f8                TIM_ForcedOC1Config
                0x0801170a                TIM_ForcedOC2Config
                0x0801171e                TIM_ForcedOC3Config
                0x08011730                TIM_ForcedOC4Config
                0x08011744                TIM_ARRPreloadConfig
                0x0801175e                TIM_SelectCOM
                0x08011778                TIM_SelectCCDMA
                0x08011792                TIM_CCPreloadControl
                0x080117ac                TIM_OC1PreloadConfig
                0x080117be                TIM_OC2PreloadConfig
                0x080117d2                TIM_OC3PreloadConfig
                0x080117e4                TIM_OC4PreloadConfig
                0x080117f8                TIM_OC1FastConfig
                0x0801180a                TIM_OC2FastConfig
                0x0801181e                TIM_OC3FastConfig
                0x08011830                TIM_OC4FastConfig
                0x08011844                TIM_ClearOC1Ref
                0x08011856                TIM_ClearOC2Ref
                0x08011866                TIM_ClearOC3Ref
                0x08011878                TIM_ClearOC4Ref
                0x08011888                TIM_OC1PolarityConfig
                0x0801189a                TIM_OC1NPolarityConfig
                0x080118ac                TIM_OC2PolarityConfig
                0x080118c0                TIM_OC2NPolarityConfig
                0x080118d4                TIM_OC3PolarityConfig
                0x080118e8                TIM_OC3NPolarityConfig
                0x080118fc                TIM_OC4PolarityConfig
                0x08011910                TIM_CCxCmd
                0x08011932                TIM_CCxNCmd
                0x08011954                TIM_SelectOCxM
                0x080119a6                TIM_UpdateDisableConfig
                0x080119c0                TIM_UpdateRequestConfig
                0x080119da                TIM_SelectHallSensor
                0x080119f4                TIM_SelectOnePulseMode
                0x08011a0c                TIM_SelectOutputTrigger
                0x08011a24                TIM_SelectSlaveMode
                0x08011a3c                TIM_SelectMasterSlaveMode
                0x08011a54                TIM_SetCounter
                0x08011a58                TIM_SetAutoreload
                0x08011a5c                TIM_SetCompare1
                0x08011a60                TIM_SetCompare2
                0x08011a64                TIM_SetCompare3
                0x08011a68                TIM_SetCompare4
                0x08011a6e                TIM_SetIC1Prescaler
                0x08011a86                TIM_SetIC2Prescaler
                0x08011aa0                TIM_SetIC3Prescaler
                0x08011ab8                TIM_SetIC4Prescaler
                0x08011ad2                TIM_SetClockDivision
                0x08011ae4                TIM_GetCapture1
                0x08011aea                TIM_GetCapture2
                0x08011af0                TIM_GetCapture3
                0x08011af6                TIM_GetCapture4
                0x08011afe                TIM_GetCounter
                0x08011b04                TIM_GetPrescaler
                0x08011b0a                TIM_GetFlagStatus
                0x08011b16                TIM_ClearFlag
                0x08011b1e                TIM_GetITStatus
                0x08011b34                TIM_ClearITPendingBit
                0x08011bd4                TIM_TIxExternalClockConfig
                0x08011c02                TIM_PWMIConfig
                0x08011c6e                TIM_ICInit
                0x08011d3e                TIM_DeInit
 .text          0x08011e08      0x384 lib/STM32F10x_StdPeriph_Driver/libstm32fw.a(stm32f10x_usart.o)
                0x08011e08                USART_StructInit
                0x08011e20                USART_ClockInit
                0x08011e4a                USART_ClockStructInit
                0x08011e56                USART_Cmd
                0x08011e70                USART_ITConfig
                0x08011ea6                USART_DMACmd
                0x08011ebc                USART_SetAddress
                0x08011ed4                USART_WakeUpConfig
                0x08011eec                USART_ReceiverWakeUpCmd
                0x08011f06                USART_LINBreakDetectLengthConfig
                0x08011f1e                USART_LINCmd
                0x08011f38                USART_SendData
                0x08011f40                USART_ReceiveData
                0x08011f48                USART_SendBreak
                0x08011f54                USART_SetGuardTime
                0x08011f66                USART_SetPrescaler
                0x08011f7a                USART_SmartCardCmd
                0x08011f94                USART_SmartCardNACKCmd
                0x08011fae                USART_HalfDuplexCmd
                0x08011fc8                USART_IrDAConfig
                0x08011fe0                USART_IrDACmd
                0x08011ffa                USART_GetFlagStatus
                0x08012006                USART_ClearFlag
                0x0801200e                USART_GetITStatus
                0x08012054                USART_ClearITPendingBit
                0x08012062                USART_Init
                0x080120f4                USART_DeInit
 .text          0x0801218c       0x98 /home/laurence/CodeSourcery/Sourcery_G++_Lite/bin/../lib/gcc/arm-none-eabi/4.4.1/../../../../arm-none-eabi/lib/thumb2/libm.a(lib_a-s_cos.o)
                0x0801218c                cos
 .text          0x08012224       0xa0 /home/laurence/CodeSourcery/Sourcery_G++_Lite/bin/../lib/gcc/arm-none-eabi/4.4.1/../../../../arm-none-eabi/lib/thumb2/libm.a(lib_a-s_sin.o)
                0x08012224                sin
 .text          0x080122c4       0xac /home/laurence/CodeSourcery/Sourcery_G++_Lite/bin/../lib/gcc/arm-none-eabi/4.4.1/../../../../arm-none-eabi/lib/thumb2/libm.a(lib_a-w_asin.o)
                0x080122c4                asin
 .text          0x08012370        0x4 /home/laurence/CodeSourcery/Sourcery_G++_Lite/bin/../lib/gcc/arm-none-eabi/4.4.1/../../../../arm-none-eabi/lib/thumb2/libm.a(lib_a-w_atan2.o)
                0x08012370                atan2
 .text          0x08012374      0x358 /home/laurence/CodeSourcery/Sourcery_G++_Lite/bin/../lib/gcc/arm-none-eabi/4.4.1/../../../../arm-none-eabi/lib/thumb2/libm.a(lib_a-w_pow.o)
                0x08012374                pow
 .text          0x080126cc       0xac /home/laurence/CodeSourcery/Sourcery_G++_Lite/bin/../lib/gcc/arm-none-eabi/4.4.1/../../../../arm-none-eabi/lib/thumb2/libm.a(lib_a-w_sqrt.o)
                0x080126cc                sqrt
 .text          0x08012778       0xa8 /home/laurence/CodeSourcery/Sourcery_G++_Lite/bin/../lib/gcc/arm-none-eabi/4.4.1/../../../../arm-none-eabi/lib/thumb2/libm.a(lib_a-wf_asin.o)
                0x08012778                asinf
 .text          0x08012820        0x4 /home/laurence/CodeSourcery/Sourcery_G++_Lite/bin/../lib/gcc/arm-none-eabi/4.4.1/../../../../arm-none-eabi/lib/thumb2/libm.a(lib_a-wf_atan2.o)
                0x08012820                atan2f
 *fill*         0x08012824        0x4 00
 .text          0x08012828      0x420 /home/laurence/CodeSourcery/Sourcery_G++_Lite/bin/../lib/gcc/arm-none-eabi/4.4.1/../../../../arm-none-eabi/lib/thumb2/libm.a(lib_a-e_asin.o)
                0x08012828                __ieee754_asin
 .text          0x08012c48      0x220 /home/laurence/CodeSourcery/Sourcery_G++_Lite/bin/../lib/gcc/arm-none-eabi/4.4.1/../../../../arm-none-eabi/lib/thumb2/libm.a(lib_a-e_atan2.o)
                0x08012c48                __ieee754_atan2
 .text          0x08012e68      0xb60 /home/laurence/CodeSourcery/Sourcery_G++_Lite/bin/../lib/gcc/arm-none-eabi/4.4.1/../../../../arm-none-eabi/lib/thumb2/libm.a(lib_a-e_pow.o)
                0x08012e68                __ieee754_pow
 .text          0x080139c8      0x418 /home/laurence/CodeSourcery/Sourcery_G++_Lite/bin/../lib/gcc/arm-none-eabi/4.4.1/../../../../arm-none-eabi/lib/thumb2/libm.a(lib_a-e_rem_pio2.o)
                0x080139c8                __ieee754_rem_pio2
 .text          0x08013de0      0x1dc /home/laurence/CodeSourcery/Sourcery_G++_Lite/bin/../lib/gcc/arm-none-eabi/4.4.1/../../../../arm-none-eabi/lib/thumb2/libm.a(lib_a-e_sqrt.o)
                0x08013de0                __ieee754_sqrt
 .text          0x08013fbc      0x318 /home/laurence/CodeSourcery/Sourcery_G++_Lite/bin/../lib/gcc/arm-none-eabi/4.4.1/../../../../arm-none-eabi/lib/thumb2/libm.a(lib_a-ef_asin.o)
                0x08013fbc                __ieee754_asinf
 .text          0x080142d4      0x158 /home/laurence/CodeSourcery/Sourcery_G++_Lite/bin/../lib/gcc/arm-none-eabi/4.4.1/../../../../arm-none-eabi/lib/thumb2/libm.a(lib_a-ef_atan2.o)
                0x080142d4                __ieee754_atan2f
 .text          0x0801442c       0xb4 /home/laurence/CodeSourcery/Sourcery_G++_Lite/bin/../lib/gcc/arm-none-eabi/4.4.1/../../../../arm-none-eabi/lib/thumb2/libm.a(lib_a-ef_sqrt.o)
                0x0801442c                __ieee754_sqrtf
 .text          0x080144e0      0x250 /home/laurence/CodeSourcery/Sourcery_G++_Lite/bin/../lib/gcc/arm-none-eabi/4.4.1/../../../../arm-none-eabi/lib/thumb2/libm.a(lib_a-k_cos.o)
                0x080144e0                __kernel_cos
 .text          0x08014730      0x7b4 /home/laurence/CodeSourcery/Sourcery_G++_Lite/bin/../lib/gcc/arm-none-eabi/4.4.1/../../../../arm-none-eabi/lib/thumb2/libm.a(lib_a-k_rem_pio2.o)
                0x08014730                __kernel_rem_pio2
 *fill*         0x08014ee4        0x4 00
 .text          0x08014ee8      0x170 /home/laurence/CodeSourcery/Sourcery_G++_Lite/bin/../lib/gcc/arm-none-eabi/4.4.1/../../../../arm-none-eabi/lib/thumb2/libm.a(lib_a-k_sin.o)
                0x08014ee8                __kernel_sin
 .text          0x08015058      0x348 /home/laurence/CodeSourcery/Sourcery_G++_Lite/bin/../lib/gcc/arm-none-eabi/4.4.1/../../../../arm-none-eabi/lib/thumb2/libm.a(lib_a-s_atan.o)
                0x08015058                atan
 .text          0x080153a0        0x8 /home/laurence/CodeSourcery/Sourcery_G++_Lite/bin/../lib/gcc/arm-none-eabi/4.4.1/../../../../arm-none-eabi/lib/thumb2/libm.a(lib_a-s_fabs.o)
                0x080153a0                fabs
 .text          0x080153a8       0x10 /home/laurence/CodeSourcery/Sourcery_G++_Lite/bin/../lib/gcc/arm-none-eabi/4.4.1/../../../../arm-none-eabi/lib/thumb2/libm.a(lib_a-s_finite.o)
                0x080153a8                finite
 .text          0x080153b8      0x128 /home/laurence/CodeSourcery/Sourcery_G++_Lite/bin/../lib/gcc/arm-none-eabi/4.4.1/../../../../arm-none-eabi/lib/thumb2/libm.a(lib_a-s_floor.o)
                0x080153b8                floor
 .text          0x080154e0       0x1c /home/laurence/CodeSourcery/Sourcery_G++_Lite/bin/../lib/gcc/arm-none-eabi/4.4.1/../../../../arm-none-eabi/lib/thumb2/libm.a(lib_a-s_isnand.o)
                0x080154e0                __isnand
 .text          0x080154fc        0x4 /home/laurence/CodeSourcery/Sourcery_G++_Lite/bin/../lib/gcc/arm-none-eabi/4.4.1/../../../../arm-none-eabi/lib/thumb2/libm.a(lib_a-s_matherr.o)
                0x080154fc                matherr
 .text          0x08015500        0xc /home/laurence/CodeSourcery/Sourcery_G++_Lite/bin/../lib/gcc/arm-none-eabi/4.4.1/../../../../arm-none-eabi/lib/thumb2/libm.a(lib_a-s_nan.o)
                0x08015500                nan
 .text          0x0801550c      0x134 /home/laurence/CodeSourcery/Sourcery_G++_Lite/bin/../lib/gcc/arm-none-eabi/4.4.1/../../../../arm-none-eabi/lib/thumb2/libm.a(lib_a-s_rint.o)
                0x0801550c                rint
 .text          0x08015640      0x118 /home/laurence/CodeSourcery/Sourcery_G++_Lite/bin/../lib/gcc/arm-none-eabi/4.4.1/../../../../arm-none-eabi/lib/thumb2/libm.a(lib_a-s_scalbn.o)
                0x08015640                scalbn
 .text          0x08015758      0x23c /home/laurence/CodeSourcery/Sourcery_G++_Lite/bin/../lib/gcc/arm-none-eabi/4.4.1/../../../../arm-none-eabi/lib/thumb2/libm.a(lib_a-sf_atan.o)
                0x08015758                atanf
 .text          0x08015994        0x8 /home/laurence/CodeSourcery/Sourcery_G++_Lite/bin/../lib/gcc/arm-none-eabi/4.4.1/../../../../arm-none-eabi/lib/thumb2/libm.a(lib_a-sf_fabs.o)
                0x08015994                fabsf
 .text          0x0801599c       0x10 /home/laurence/CodeSourcery/Sourcery_G++_Lite/bin/../lib/gcc/arm-none-eabi/4.4.1/../../../../arm-none-eabi/lib/thumb2/libm.a(lib_a-sf_isnan.o)
                0x0801599c                isnanf
 .text          0x080159ac       0x18 /home/laurence/CodeSourcery/Sourcery_G++_Lite/bin/../lib/gcc/arm-none-eabi/4.4.1/../../../../arm-none-eabi/lib/thumb2/libm.a(lib_a-s_copysign.o)
                0x080159ac                copysign
 *fill*         0x080159c4        0x4 00
 .text          0x080159c8      0x2b0 /home/laurence/CodeSourcery/Sourcery_G++_Lite/bin/../lib/gcc/arm-none-eabi/4.4.1/thumb2/libgcc.a(_divsi3.o)
                0x080159c8                __aeabi_idiv
                0x080159c8                __divsi3
                0x08015c5c                __aeabi_idivmod
 .text          0x08015c78        0x4 /home/laurence/CodeSourcery/Sourcery_G++_Lite/bin/../lib/gcc/arm-none-eabi/4.4.1/thumb2/libgcc.a(_dvmd_tls.o)
                0x08015c78                __aeabi_ldiv0
                0x08015c78                __aeabi_idiv0
 .text          0x08015c7c      0x370 /home/laurence/CodeSourcery/Sourcery_G++_Lite/bin/../lib/gcc/arm-none-eabi/4.4.1/thumb2/libgcc.a(_arm_addsubdf3.o)
                0x08015c7c                __aeabi_drsub
                0x08015c84                __aeabi_dsub
                0x08015c84                __subdf3
                0x08015c88                __adddf3
                0x08015c88                __aeabi_dadd
                0x08015f00                __aeabi_ui2d
                0x08015f00                __floatunsidf
                0x08015f20                __floatsidf
                0x08015f20                __aeabi_i2d
                0x08015f44                __extendsfdf2
                0x08015f44                __aeabi_f2d
                0x08015f80                __aeabi_ul2d
                0x08015f80                __floatundidf
                0x08015f90                __floatdidf
                0x08015f90                __aeabi_l2d
 .text          0x08015fec      0x424 /home/laurence/CodeSourcery/Sourcery_G++_Lite/bin/../lib/gcc/arm-none-eabi/4.4.1/thumb2/libgcc.a(_arm_muldivdf3.o)
                0x08015fec                __aeabi_dmul
                0x08015fec                __muldf3
                0x08016240                __aeabi_ddiv
                0x08016240                __divdf3
 .text          0x08016410      0x110 /home/laurence/CodeSourcery/Sourcery_G++_Lite/bin/../lib/gcc/arm-none-eabi/4.4.1/thumb2/libgcc.a(_arm_cmpdf2.o)
                0x08016410                __gtdf2
                0x08016410                __gedf2
                0x08016418                __ltdf2
                0x08016418                __ledf2
                0x08016420                __cmpdf2
                0x08016420                __eqdf2
                0x08016420                __nedf2
                0x0801649c                __aeabi_cdrcmple
                0x080164ac                __aeabi_cdcmple
                0x080164ac                __aeabi_cdcmpeq
                0x080164bc                __aeabi_dcmpeq
                0x080164d0                __aeabi_dcmplt
                0x080164e4                __aeabi_dcmple
                0x080164f8                __aeabi_dcmpge
                0x0801650c                __aeabi_dcmpgt
 .text          0x08016520       0x50 /home/laurence/CodeSourcery/Sourcery_G++_Lite/bin/../lib/gcc/arm-none-eabi/4.4.1/thumb2/libgcc.a(_arm_fixdfsi.o)
                0x08016520                __fixdfsi
                0x08016520                __aeabi_d2iz
 .text          0x08016570       0x40 /home/laurence/CodeSourcery/Sourcery_G++_Lite/bin/../lib/gcc/arm-none-eabi/4.4.1/thumb2/libgcc.a(_arm_fixunsdfsi.o)
                0x08016570                __fixunsdfsi
                0x08016570                __aeabi_d2uiz
 .text          0x080165b0       0xa0 /home/laurence/CodeSourcery/Sourcery_G++_Lite/bin/../lib/gcc/arm-none-eabi/4.4.1/thumb2/libgcc.a(_arm_truncdfsf2.o)
                0x080165b0                __aeabi_d2f
                0x080165b0                __truncdfsf2
 .text          0x08016650      0x21c /home/laurence/CodeSourcery/Sourcery_G++_Lite/bin/../lib/gcc/arm-none-eabi/4.4.1/thumb2/libgcc.a(_arm_addsubsf3.o)
                0x08016650                __aeabi_frsub
                0x08016658                __subsf3
                0x08016658                __aeabi_fsub
                0x0801665c                __aeabi_fadd
                0x0801665c                __addsf3
                0x080167bc                __aeabi_ui2f
                0x080167bc                __floatunsisf
                0x080167c4                __aeabi_i2f
                0x080167c4                __floatsisf
                0x080167e0                __floatundisf
                0x080167e0                __aeabi_ul2f
                0x080167f0                __floatdisf
                0x080167f0                __aeabi_l2f
 .text          0x0801686c      0x2a0 /home/laurence/CodeSourcery/Sourcery_G++_Lite/bin/../lib/gcc/arm-none-eabi/4.4.1/thumb2/libgcc.a(_arm_muldivsf3.o)
                0x0801686c                __mulsf3
                0x0801686c                __aeabi_fmul
                0x080169d4                __divsf3
                0x080169d4                __aeabi_fdiv
 .text          0x08016b0c       0xec /home/laurence/CodeSourcery/Sourcery_G++_Lite/bin/../lib/gcc/arm-none-eabi/4.4.1/thumb2/libgcc.a(_arm_cmpsf2.o)
                0x08016b0c                __gtsf2
                0x08016b0c                __gesf2
                0x08016b14                __lesf2
                0x08016b14                __ltsf2
                0x08016b1c                __nesf2
                0x08016b1c                __eqsf2
                0x08016b1c                __cmpsf2
                0x08016b7c                __aeabi_cfrcmple
                0x08016b84                __aeabi_cfcmple
                0x08016b84                __aeabi_cfcmpeq
                0x08016b94                __aeabi_fcmpeq
                0x08016ba8                __aeabi_fcmplt
                0x08016bbc                __aeabi_fcmple
                0x08016bd0                __aeabi_fcmpge
                0x08016be4                __aeabi_fcmpgt
 .text          0x08016bf8       0x4c /home/laurence/CodeSourcery/Sourcery_G++_Lite/bin/../lib/gcc/arm-none-eabi/4.4.1/thumb2/libgcc.a(_arm_fixsfsi.o)
                0x08016bf8                __fixsfsi
                0x08016bf8                __aeabi_f2iz
 .text          0x08016c44       0x40 /home/laurence/CodeSourcery/Sourcery_G++_Lite/bin/../lib/gcc/arm-none-eabi/4.4.1/thumb2/libgcc.a(_arm_fixunssfsi.o)
                0x08016c44                __aeabi_f2uiz
                0x08016c44                __fixunssfsi
 .text          0x08016c84        0xc /home/laurence/CodeSourcery/Sourcery_G++_Lite/bin/../lib/gcc/arm-none-eabi/4.4.1/../../../../arm-none-eabi/lib/thumb2/libc.a(lib_a-errno.o)
                0x08016c84                __errno
 .text          0x08016c90       0x20 /home/laurence/CodeSourcery/Sourcery_G++_Lite/bin/../lib/gcc/arm-none-eabi/4.4.1/../../../../arm-none-eabi/lib/thumb2/libc.a(lib_a-malloc.o)
                0x08016c90                free
                0x08016ca0                malloc
 .text          0x08016cb0      0x5a4 /home/laurence/CodeSourcery/Sourcery_G++_Lite/bin/../lib/gcc/arm-none-eabi/4.4.1/../../../../arm-none-eabi/lib/thumb2/libc.a(lib_a-mallocr.o)
                0x08016cb0                _malloc_r
 .text          0x08017254      0x190 /home/laurence/CodeSourcery/Sourcery_G++_Lite/bin/../lib/gcc/arm-none-eabi/4.4.1/../../../../arm-none-eabi/lib/thumb2/libc.a(lib_a-memcpy.o)
                0x08017254                memcpy
 .text          0x080173e4        0x8 /home/laurence/CodeSourcery/Sourcery_G++_Lite/bin/../lib/gcc/arm-none-eabi/4.4.1/../../../../arm-none-eabi/lib/thumb2/libc.a(lib_a-mlock.o)
                0x080173e4                __malloc_lock
                0x080173e8                __malloc_unlock
 .text          0x080173ec       0x28 /home/laurence/CodeSourcery/Sourcery_G++_Lite/bin/../lib/gcc/arm-none-eabi/4.4.1/../../../../arm-none-eabi/lib/thumb2/libc.a(lib_a-sbrkr.o)
                0x080173ec                _sbrk_r
 .text          0x08017414       0xbc /home/laurence/CodeSourcery/Sourcery_G++_Lite/bin/../lib/gcc/arm-none-eabi/4.4.1/../../../../arm-none-eabi/lib/thumb2/libc.a(lib_a-strcpy.o)
                0x08017414                strcpy
 .text          0x080174d0      0x268 /home/laurence/CodeSourcery/Sourcery_G++_Lite/bin/../lib/gcc/arm-none-eabi/4.4.1/../../../../arm-none-eabi/lib/thumb2/libc.a(lib_a-freer.o)
                0x080174d0                _malloc_trim_r
                0x08017578                _free_r
 .text          0x08017738       0x30 /home/laurence/CodeSourcery/Sourcery_G++_Lite/bin/../lib/gcc/arm-none-eabi/4.4.1/../../../../arm-none-eabi/lib/thumb2/libcs3.a(start_c.o)
                0x08017738                __cs3_premain
 .text.cs3.init
                0x08017768       0x5c /home/laurence/CodeSourcery/Sourcery_G++_Lite/bin/../lib/gcc/arm-none-eabi/4.4.1/../../../../arm-none-eabi/lib/thumb2/libcs3.a(start_c.o)
                0x08017768                __cs3_start_c
 .text          0x080177c4       0x44 /home/laurence/CodeSourcery/Sourcery_G++_Lite/bin/../lib/gcc/arm-none-eabi/4.4.1/../../../../arm-none-eabi/lib/thumb2/libcs3unhosted.a(unhosted-sbrk.o)
                0x080177c4                _sbrk
 .text.cs3.init
                0x08017808       0x10 /home/laurence/CodeSourcery/Sourcery_G++_Lite/bin/../lib/gcc/arm-none-eabi/4.4.1/../../../../arm-none-eabi/lib/thumb2/libcs3unhosted.a(unhosted-start.o)
                0x08017808                _start
 .text          0x08017818        0x2 lib/libcs3-lanchon-stm32.a(lanchon_stm32_isr_interrupt.o)
                0x08017818                MemManageException
                0x08017818                BusFaultException
                0x08017818                DMAChannel7_IRQHandler
                0x08017818                DebugMonitor
                0x08017818                SVCHandler
                0x08017818                HardFaultException
                0x08017818                __STM32ReservedException8
                0x08017818                USB_HP_CAN_TX_IRQHandler
                0x08017818                __STM32DefaultExceptionHandler
                0x08017818                DMAChannel1_IRQHandler
                0x08017818                CAN_SCE_IRQHandler
                0x08017818                __STM32ReservedException10
                0x08017818                __STM32ReservedException13
                0x08017818                NMIException
                0x08017818                DMAChannel4_IRQHandler
                0x08017818                SysTickHandler
                0x08017818                PendSVC
                0x08017818                CAN_RX1_IRQHandler
                0x08017818                ADC_IRQHandler
                0x08017818                DMAChannel5_IRQHandler
                0x08017818                DMAChannel2_IRQHandler
                0x08017818                USB_LP_CAN_RX0_IRQHandler
                0x08017818                __STM32ReservedException7
                0x08017818                UsageFaultException
                0x08017818                DMAChannel6_IRQHandler
                0x08017818                DMAChannel3_IRQHandler
                0x08017818                __STM32ReservedException9
 *fill*         0x0801781a        0x2 00
 .text          0x0801781c       0x50 /home/laurence/CodeSourcery/Sourcery_G++_Lite/bin/../lib/gcc/arm-none-eabi/4.4.1/../../../../arm-none-eabi/lib/thumb2/libc.a(lib_a-init.o)
                0x0801781c                __libc_init_array
 *(.plt)
 *(.gnu.warning)
 *(.glue_7t)
 .glue_7t       0x00000000        0x0 linker stubs
 *(.glue_7)
 .glue_7        0x00000000        0x0 linker stubs
 *(.vfp11_veneer)
 .vfp11_veneer  0x00000000        0x0 linker stubs
 *(.rodata .rodata.* .gnu.linkonce.r.*)
 .rodata        0x0801786c        0x8 Sensors/bmp085.o
 .rodata        0x08017874      0x888 Sensors/earth_field.o
 .rodata.str1.1
                0x080180fc        0x9 Sensors/earth_field.o
 *fill*         0x08018105        0x3 00
 .rodata        0x08018108        0x8 Sensors/pitot.o
 .rodata        0x08018110       0xc4 Sensors/ubx.o
 .rodata.str1.1
                0x080181d4      0x13b Sensors/ubx.o
 .rodata.str1.1
                0x0801830f        0xf Util/Fatfs/ff.o
 *fill*         0x0801831e        0x2 00
 .rodata        0x08018320        0xc Util/Fatfs/rtc.o
 .rodata        0x0801832c      0x100 Util/crc.o
 .rodata        0x0801842c       0x14 Util/rprintf.o
 .rodata.str1.1
                0x08018440        0x6 Util/rprintf.o
 *fill*         0x08018446        0x2 00
 .rodata        0x08018448       0x10 Util/uavtalk.o
                0x08018448                UAVtalk_objects
                0x08018454                UAVtalk_lenghts
 .rodata        0x08018458       0x1c i2c.o
 .rodata        0x08018474       0x14 lib/CMSIS_CM3/system_stm32f10x.o
                0x08018474                SystemFrequency
                0x08018478                SystemFrequency_SysClk
                0x0801847c                SystemFrequency_AHBClk
                0x08018480                SystemFrequency_APB1Clk
                0x08018484                SystemFrequency_APB2Clk
 .rodata        0x08018488       0x60 main.o
 .rodata.str1.1
                0x080184e8      0x271 main.o
 *fill*         0x08018759        0x3 00
 .rodata        0x0801875c       0x90 Control/imu.o
 .rodata.str1.4
                0x080187ec        0x5 /home/laurence/CodeSourcery/Sourcery_G++_Lite/bin/../lib/gcc/arm-none-eabi/4.4.1/../../../../arm-none-eabi/lib/thumb2/libm.a(lib_a-w_asin.o)
                                  0xc (size before relaxing)
 *fill*         0x080187f1        0x3 00
 .rodata.str1.4
                0x080187f4        0x4 /home/laurence/CodeSourcery/Sourcery_G++_Lite/bin/../lib/gcc/arm-none-eabi/4.4.1/../../../../arm-none-eabi/lib/thumb2/libm.a(lib_a-w_pow.o)
 .rodata.str1.4
                0x080187f8        0x5 /home/laurence/CodeSourcery/Sourcery_G++_Lite/bin/../lib/gcc/arm-none-eabi/4.4.1/../../../../arm-none-eabi/lib/thumb2/libm.a(lib_a-w_sqrt.o)
                                  0x8 (size before relaxing)
 *fill*         0x080187fd        0x3 00
 .rodata.str1.4
                0x08018800        0x6 /home/laurence/CodeSourcery/Sourcery_G++_Lite/bin/../lib/gcc/arm-none-eabi/4.4.1/../../../../arm-none-eabi/lib/thumb2/libm.a(lib_a-wf_asin.o)
                                  0xc (size before relaxing)
 *fill*         0x08018806        0x2 00
 .rodata        0x08018808       0x30 /home/laurence/CodeSourcery/Sourcery_G++_Lite/bin/../lib/gcc/arm-none-eabi/4.4.1/../../../../arm-none-eabi/lib/thumb2/libm.a(lib_a-e_pow.o)
 .rodata.str1.4
                0x00000000        0x4 /home/laurence/CodeSourcery/Sourcery_G++_Lite/bin/../lib/gcc/arm-none-eabi/4.4.1/../../../../arm-none-eabi/lib/thumb2/libm.a(lib_a-e_pow.o)
 .rodata        0x08018838      0x188 /home/laurence/CodeSourcery/Sourcery_G++_Lite/bin/../lib/gcc/arm-none-eabi/4.4.1/../../../../arm-none-eabi/lib/thumb2/libm.a(lib_a-e_rem_pio2.o)
 .rodata        0x080189c0       0x50 /home/laurence/CodeSourcery/Sourcery_G++_Lite/bin/../lib/gcc/arm-none-eabi/4.4.1/../../../../arm-none-eabi/lib/thumb2/libm.a(lib_a-k_rem_pio2.o)
 .rodata        0x08018a10       0x40 /home/laurence/CodeSourcery/Sourcery_G++_Lite/bin/../lib/gcc/arm-none-eabi/4.4.1/../../../../arm-none-eabi/lib/thumb2/libm.a(lib_a-s_atan.o)
 .rodata        0x08018a50       0x10 /home/laurence/CodeSourcery/Sourcery_G++_Lite/bin/../lib/gcc/arm-none-eabi/4.4.1/../../../../arm-none-eabi/lib/thumb2/libm.a(lib_a-s_rint.o)
 .rodata        0x08018a60       0x20 /home/laurence/CodeSourcery/Sourcery_G++_Lite/bin/../lib/gcc/arm-none-eabi/4.4.1/../../../../arm-none-eabi/lib/thumb2/libm.a(lib_a-sf_atan.o)
 .rodata.str1.4
                0x08018a80        0x4 /home/laurence/CodeSourcery/Sourcery_G++_Lite/bin/../lib/gcc/arm-none-eabi/4.4.1/../../../../arm-none-eabi/lib/thumb2/libc.a(lib_a-impure.o)
 *(.ARM.extab* .gnu.linkonce.armextab.*)
 *(.gcc_except_table)
 *(.eh_frame_hdr)
 *(.eh_frame)
                0x08018a84                . = ALIGN (0x4)
 *(.init)
 .init          0x08018a84        0x4 /home/laurence/CodeSourcery/Sourcery_G++_Lite/bin/../lib/gcc/arm-none-eabi/4.4.1/thumb2/crti.o
                0x08018a84                _init
 .init          0x08018a88        0x8 /home/laurence/CodeSourcery/Sourcery_G++_Lite/bin/../lib/gcc/arm-none-eabi/4.4.1/thumb2/crtn.o
                0x08018a90                . = ALIGN (0x4)
                0x08018a90                __preinit_array_start = .
 *(.preinit_array)
                0x08018a90                __preinit_array_end = .
                0x08018a90                . = ALIGN (0x4)
                0x08018a90                __init_array_start = .
 *(SORT(.init_array.*))
 *(.init_array)
 .init_array    0x08018a90        0x4 /home/laurence/CodeSourcery/Sourcery_G++_Lite/bin/../lib/gcc/arm-none-eabi/4.4.1/thumb2/crtbegin.o
                0x08018a94                __init_array_end = .
                0x08018a94                . = ALIGN (0x4)
 *crtbegin.o(.ctors)
 *(EXCLUDE_FILE(*crtend.o) .ctors)
 *(SORT(.ctors.*))
 *crtend.o(.ctors)
                0x08018a94                . = ALIGN (0x4)
 *(.fini)
 .fini          0x08018a94        0x4 /home/laurence/CodeSourcery/Sourcery_G++_Lite/bin/../lib/gcc/arm-none-eabi/4.4.1/thumb2/crti.o
                0x08018a94                _fini
 .fini          0x08018a98        0x8 /home/laurence/CodeSourcery/Sourcery_G++_Lite/bin/../lib/gcc/arm-none-eabi/4.4.1/thumb2/crtn.o
                0x08018aa0                . = ALIGN (0x4)
                0x08018aa0                __fini_array_start = .
 *(.fini_array)
 .fini_array    0x08018aa0        0x4 /home/laurence/CodeSourcery/Sourcery_G++_Lite/bin/../lib/gcc/arm-none-eabi/4.4.1/thumb2/crtbegin.o
 *(SORT(.fini_array.*))
                0x08018aa4                __fini_array_end = .
 *crtbegin.o(.dtors)
 *(EXCLUDE_FILE(*crtend.o) .dtors)
 *(SORT(.dtors.*))
 *crtend.o(.dtors)
                0x08018aa4                . = ALIGN (0x4)
                0x08018aa4                __cs3_regions = .
                0x08018aa4        0x4 LONG 0x0
                0x08018aa8        0x4 LONG 0x8018ab8 __cs3_region_init_ram
                0x08018aac        0x4 LONG 0x20000000 __cs3_region_start_ram
                0x08018ab0        0x4 LONG 0x610 __cs3_region_init_size_ram
                0x08018ab4        0x4 LONG 0x13f8 __cs3_region_zero_size_ram
                0x08018ab8                __exidx_start = .

.v4_bx          0x08018ab8        0x0
 .v4_bx         0x00000000        0x0 linker stubs

.ARM.exidx
 *(.ARM.exidx* .gnu.linkonce.armexidx.*)
                0x08018ab8                __exidx_end = .

.text.align     0x08018ab8        0x0
                0x08018ab8                . = ALIGN (0x8)
                0x08018ab8                _etext = .
                0x08020000                __cs3_region_end_rom = (__cs3_region_start_rom + 0x20000)
                0x00020000                __cs3_region_size_rom = 0x20000
                0x00000001                __cs3_region_num = 0x1

.data           0x20000000      0x610 load address 0x08018ab8
                0x20000000                __cs3_region_start_ram = .
 *(.cs3.region-head.ram)
 *(.jcr)
 .jcr           0x20000000        0x0 /home/laurence/CodeSourcery/Sourcery_G++_Lite/bin/../lib/gcc/arm-none-eabi/4.4.1/thumb2/crtbegin.o
 .jcr           0x20000000        0x4 /home/laurence/CodeSourcery/Sourcery_G++_Lite/bin/../lib/gcc/arm-none-eabi/4.4.1/thumb2/crtend.o
 *(.got.plt)
 *(.got)
 *(.shdata)
 *(.data .data.* .gnu.linkonce.d.*)
 .data          0x20000004        0x1 Util/Fatfs/sd_spi_stm32.o
 *fill*         0x20000005        0x3 00
 .data          0x20000008       0x2c Util/uavtalk.o
                0x20000008                UAVtalk_conf
                0x2000002c                UAVtalk_stream_objs
                0x20000030                UAVtalk_stream_timeouts
 .data          0x20000034       0xb4 Control/imu.o
 .data          0x200000e8       0x14 lib/STM32F10x_StdPeriph_Driver/libstm32fw.a(stm32f10x_rcc.o)
 .data          0x200000fc        0x1 /home/laurence/CodeSourcery/Sourcery_G++_Lite/bin/../lib/gcc/arm-none-eabi/4.4.1/../../../../arm-none-eabi/lib/thumb2/libm.a(lib_a-s_lib_ver.o)
                0x200000fc                __fdlib_version
 *fill*         0x200000fd        0x3 00
 .data          0x20000100       0xf4 /home/laurence/CodeSourcery/Sourcery_G++_Lite/bin/../lib/gcc/arm-none-eabi/4.4.1/../../../../arm-none-eabi/lib/thumb2/libc.a(lib_a-impure.o)
                0x20000100                _impure_ptr
 .data          0x200001f4      0x410 /home/laurence/CodeSourcery/Sourcery_G++_Lite/bin/../lib/gcc/arm-none-eabi/4.4.1/../../../../arm-none-eabi/lib/thumb2/libc.a(lib_a-mallocr.o)
                0x200001f4                __malloc_av_
                0x200005fc                __malloc_sbrk_base
                0x20000600                __malloc_trim_threshold
 .data          0x20000604        0x4 /home/laurence/CodeSourcery/Sourcery_G++_Lite/bin/../lib/gcc/arm-none-eabi/4.4.1/../../../../arm-none-eabi/lib/thumb2/libcs3unhosted.a(unhosted-sbrk.o)
 .data          0x20000608        0x4 /home/laurence/CodeSourcery/Sourcery_G++_Lite/bin/../lib/gcc/arm-none-eabi/4.4.1/../../../../arm-none-eabi/lib/thumb2/libcs3.a(heap.o)
                0x20000608                __cs3_heap_limit
 *(.ram)
                0x20000610                . = ALIGN (0x8)
 *fill*         0x2000060c        0x4 00
                0x20000610                _edata = .

.bss            0x20000610     0x13f8 load address 0x080190c8
 *(.shbss)
 *(.bss .bss.* .gnu.linkonce.b.*)
 .bss           0x20000610        0x1 /home/laurence/CodeSourcery/Sourcery_G++_Lite/bin/../lib/gcc/arm-none-eabi/4.4.1/thumb2/crtbegin.o
 *fill*         0x20000611        0x3 00
 .bss           0x20000614       0x20 Sensors/bmp085.o
                0x20000614                Sea_Level_Pressure
                0x20000618                Our_Sensorcal
                0x20000630                Bmp_temp
 .bss           0x20000634        0xc Sensors/earth_field.o
 .bss           0x20000640        0xa Sensors/ubx.o
 *fill*         0x2000064a        0x2 00
 .bss           0x2000064c        0x8 Util/Fatfs/ff.o
 .bss           0x20000654       0x10 Util/Fatfs/sd_spi_stm32.o
 .bss           0x20000664       0x84 Util/rprintf.o
 .bss           0x200006e8       0x14 Util/uavtalk.o
                0x200006ec                UAVtalk_semaphores
                0x200006f0                UAVtalk_pointers
 .bss           0x200006fc      0x644 main.o
                0x200006fc                Gps_Buffer
                0x20000800                Gps
                0x20000834                Home_Position
                0x20000840                Long_To_Meters_Home
                0x20000a74                f_err_code
                0x20000a78                UAVtalk_Attitude_Array
                0x20000a94                Nav_Global
                0x20000ac8                Waypoint_Global
                0x20000ad4                Usart1tx
                0x20000bd8                Usart1rx
                0x20000cdc                Millis
                0x20000ce0                uavtalk_usart_port
                0x20000d30                Nav_Flag
                0x20000d34                New_Waypoint_Flagged
                0x20000d38                Ground_Flag
                0x20000d3c                Balt
 .bss           0x20000d40       0x1c pwm.o
                0x20000d40                TIM_TimeBaseStructure
                0x20000d4c                TIM_OCInitStructure
 .bss           0x20000d5c      0xbf8 Control/ekf.o
                0x20000d5c                Be
                0x20000d68                P
                0x2000100c                X
                0x20001040                Q
                0x20001064                R
                0x2000108c                F
                0x20001330                G
                0x20001504                K
                0x2000170c                H
                0x20001914                Nav
                0x20001948                zeros
 .bss           0x20001954       0x78 Control/imu.o
 .bss           0x200019cc       0x34 /home/laurence/CodeSourcery/Sourcery_G++_Lite/bin/../lib/gcc/arm-none-eabi/4.4.1/../../../../arm-none-eabi/lib/thumb2/libc.a(lib_a-mallocr.o)
                0x200019cc                __malloc_top_pad
                0x200019d0                __malloc_current_mallinfo
                0x200019f8                __malloc_max_sbrked_mem
                0x200019fc                __malloc_max_total_mem
 *(COMMON)
 COMMON         0x20001a00        0x4 /home/laurence/CodeSourcery/Sourcery_G++_Lite/bin/../lib/gcc/arm-none-eabi/4.4.1/../../../../arm-none-eabi/lib/thumb2/libc.a(lib_a-reent.o)
                0x20001a00                errno
 *(.ram.b)
                0x20001a08                . = ALIGN (0x8)
 *fill*         0x20001a04        0x4 00
                0x20001a08                _end = .
                0x20001a08                __end = .
                0x20005000                __cs3_region_end_ram = (__cs3_region_start_ram + 0x5000)
                0x00005000                __cs3_region_size_ram = 0x5000
                0x08018ab8                __cs3_region_init_ram = LOADADDR (.data)
                0x00000610                __cs3_region_init_size_ram = (_edata - ADDR (.data))
                0x000013f8                __cs3_region_zero_size_ram = (_end - _edata)
                0x00000001                __cs3_region_num = 0x1

.stab
 *(.stab)

.stabstr
 *(.stabstr)

.debug
 *(.debug)

.line
 *(.line)

.debug_srcinfo
 *(.debug_srcinfo)

.debug_sfnames
 *(.debug_sfnames)

.debug_aranges
 *(.debug_aranges)

.debug_pubnames
 *(.debug_pubnames)

.debug_info
 *(.debug_info .gnu.linkonce.wi.*)

.debug_abbrev
 *(.debug_abbrev)

.debug_line
 *(.debug_line)

.comment        0x00000000      0x739
 .comment       0x00000000       0x2b Sensors/bmp085.o
 .comment       0x0000002b       0x2b Sensors/earth_field.o
 .comment       0x00000056       0x2b Sensors/pitot.o
 .comment       0x00000081       0x2b Sensors/ubx.o
 .comment       0x000000ac       0x2b Util/Fatfs/fattime.o
 .comment       0x000000d7       0x2b Util/Fatfs/ff.o
 .comment       0x00000102       0x2b Util/Fatfs/rtc.o
 .comment       0x0000012d       0x2b Util/Fatfs/sd_spi_stm32.o
 .comment       0x00000158       0x2b Util/atmospherics.o
 .comment       0x00000183       0x2b Util/coords.o
 .comment       0x000001ae       0x2b Util/crc.o
 .comment       0x000001d9       0x2b Util/delay.o
 .comment       0x00000204       0x2b Util/rprintf.o
 .comment       0x0000022f       0x2b Util/time.o
 .comment       0x0000025a       0x2b Util/uavtalk.o
 .comment       0x00000285       0x2b dma.o
 .comment       0x000002b0       0x2b gpio.o
 .comment       0x000002db       0x2b i2c.o
 .comment       0x00000306       0x2b interrupts.o
 .comment       0x00000331       0x2b lib/CMSIS_CM3/core_cm3.o
 .comment       0x0000035c       0x2b lib/CMSIS_CM3/system_stm32f10x.o
 .comment       0x00000387       0x2b main.o
 .comment       0x000003b2       0x2b pwm.o
 .comment       0x000003dd       0x2b usart.o
 .comment       0x00000408       0x2b watchdog.o
 .comment       0x00000433       0x2b Control/ekf.o
 .comment       0x0000045e       0x2b Control/imu.o
 .comment       0x00000489       0x2b Control/loops.o
 .comment       0x000004b4       0x2b Control/sensorcal.o
 .comment       0x000004df       0x2b Control/servos.o
 .comment       0x0000050a       0x2b lib/STM32F10x_StdPeriph_Driver/libstm32fw.a(misc.o)
 .comment       0x00000535       0x2b lib/STM32F10x_StdPeriph_Driver/libstm32fw.a(stm32f10x_bkp.o)
 .comment       0x00000560       0x2b lib/STM32F10x_StdPeriph_Driver/libstm32fw.a(stm32f10x_dma.o)
 .comment       0x0000058b       0x2b lib/STM32F10x_StdPeriph_Driver/libstm32fw.a(stm32f10x_exti.o)
 .comment       0x000005b6       0x2b lib/STM32F10x_StdPeriph_Driver/libstm32fw.a(stm32f10x_gpio.o)
 .comment       0x000005e1       0x2b lib/STM32F10x_StdPeriph_Driver/libstm32fw.a(stm32f10x_i2c.o)
 .comment       0x0000060c       0x2b lib/STM32F10x_StdPeriph_Driver/libstm32fw.a(stm32f10x_iwdg.o)
 .comment       0x00000637       0x2b lib/STM32F10x_StdPeriph_Driver/libstm32fw.a(stm32f10x_pwr.o)
 .comment       0x00000662       0x2b lib/STM32F10x_StdPeriph_Driver/libstm32fw.a(stm32f10x_rcc.o)
 .comment       0x0000068d       0x2b lib/STM32F10x_StdPeriph_Driver/libstm32fw.a(stm32f10x_rtc.o)
 .comment       0x000006b8       0x2b lib/STM32F10x_StdPeriph_Driver/libstm32fw.a(stm32f10x_spi.o)
 .comment       0x000006e3       0x2b lib/STM32F10x_StdPeriph_Driver/libstm32fw.a(stm32f10x_tim.o)
 .comment       0x0000070e       0x2b lib/STM32F10x_StdPeriph_Driver/libstm32fw.a(stm32f10x_usart.o)

.debug_frame    0x00000000      0x8a0
 *(.debug_frame)
 .debug_frame   0x00000000       0x34 /home/laurence/CodeSourcery/Sourcery_G++_Lite/bin/../lib/gcc/arm-none-eabi/4.4.1/../../../../arm-none-eabi/lib/thumb2/libm.a(lib_a-s_cos.o)
 .debug_frame   0x00000034       0x34 /home/laurence/CodeSourcery/Sourcery_G++_Lite/bin/../lib/gcc/arm-none-eabi/4.4.1/../../../../arm-none-eabi/lib/thumb2/libm.a(lib_a-s_sin.o)
 .debug_frame   0x00000068       0x38 /home/laurence/CodeSourcery/Sourcery_G++_Lite/bin/../lib/gcc/arm-none-eabi/4.4.1/../../../../arm-none-eabi/lib/thumb2/libm.a(lib_a-w_asin.o)
 .debug_frame   0x000000a0       0x20 /home/laurence/CodeSourcery/Sourcery_G++_Lite/bin/../lib/gcc/arm-none-eabi/4.4.1/../../../../arm-none-eabi/lib/thumb2/libm.a(lib_a-w_atan2.o)
 .debug_frame   0x000000c0       0x3c /home/laurence/CodeSourcery/Sourcery_G++_Lite/bin/../lib/gcc/arm-none-eabi/4.4.1/../../../../arm-none-eabi/lib/thumb2/libm.a(lib_a-w_pow.o)
 .debug_frame   0x000000fc       0x3c /home/laurence/CodeSourcery/Sourcery_G++_Lite/bin/../lib/gcc/arm-none-eabi/4.4.1/../../../../arm-none-eabi/lib/thumb2/libm.a(lib_a-w_sqrt.o)
 .debug_frame   0x00000138       0x34 /home/laurence/CodeSourcery/Sourcery_G++_Lite/bin/../lib/gcc/arm-none-eabi/4.4.1/../../../../arm-none-eabi/lib/thumb2/libm.a(lib_a-wf_asin.o)
 .debug_frame   0x0000016c       0x20 /home/laurence/CodeSourcery/Sourcery_G++_Lite/bin/../lib/gcc/arm-none-eabi/4.4.1/../../../../arm-none-eabi/lib/thumb2/libm.a(lib_a-wf_atan2.o)
 .debug_frame   0x0000018c       0x3c /home/laurence/CodeSourcery/Sourcery_G++_Lite/bin/../lib/gcc/arm-none-eabi/4.4.1/../../../../arm-none-eabi/lib/thumb2/libm.a(lib_a-e_asin.o)
 .debug_frame   0x000001c8       0x3c /home/laurence/CodeSourcery/Sourcery_G++_Lite/bin/../lib/gcc/arm-none-eabi/4.4.1/../../../../arm-none-eabi/lib/thumb2/libm.a(lib_a-e_atan2.o)
 .debug_frame   0x00000204       0x3c /home/laurence/CodeSourcery/Sourcery_G++_Lite/bin/../lib/gcc/arm-none-eabi/4.4.1/../../../../arm-none-eabi/lib/thumb2/libm.a(lib_a-e_pow.o)
 .debug_frame   0x00000240       0x3c /home/laurence/CodeSourcery/Sourcery_G++_Lite/bin/../lib/gcc/arm-none-eabi/4.4.1/../../../../arm-none-eabi/lib/thumb2/libm.a(lib_a-e_rem_pio2.o)
 .debug_frame   0x0000027c       0x34 /home/laurence/CodeSourcery/Sourcery_G++_Lite/bin/../lib/gcc/arm-none-eabi/4.4.1/../../../../arm-none-eabi/lib/thumb2/libm.a(lib_a-e_sqrt.o)
 .debug_frame   0x000002b0       0x34 /home/laurence/CodeSourcery/Sourcery_G++_Lite/bin/../lib/gcc/arm-none-eabi/4.4.1/../../../../arm-none-eabi/lib/thumb2/libm.a(lib_a-ef_asin.o)
 .debug_frame   0x000002e4       0x2c /home/laurence/CodeSourcery/Sourcery_G++_Lite/bin/../lib/gcc/arm-none-eabi/4.4.1/../../../../arm-none-eabi/lib/thumb2/libm.a(lib_a-ef_atan2.o)
 .debug_frame   0x00000310       0x2c /home/laurence/CodeSourcery/Sourcery_G++_Lite/bin/../lib/gcc/arm-none-eabi/4.4.1/../../../../arm-none-eabi/lib/thumb2/libm.a(lib_a-ef_sqrt.o)
 .debug_frame   0x0000033c       0x3c /home/laurence/CodeSourcery/Sourcery_G++_Lite/bin/../lib/gcc/arm-none-eabi/4.4.1/../../../../arm-none-eabi/lib/thumb2/libm.a(lib_a-k_cos.o)
 .debug_frame   0x00000378       0x3c /home/laurence/CodeSourcery/Sourcery_G++_Lite/bin/../lib/gcc/arm-none-eabi/4.4.1/../../../../arm-none-eabi/lib/thumb2/libm.a(lib_a-k_rem_pio2.o)
 .debug_frame   0x000003b4       0x3c /home/laurence/CodeSourcery/Sourcery_G++_Lite/bin/../lib/gcc/arm-none-eabi/4.4.1/../../../../arm-none-eabi/lib/thumb2/libm.a(lib_a-k_sin.o)
 .debug_frame   0x000003f0       0x38 /home/laurence/CodeSourcery/Sourcery_G++_Lite/bin/../lib/gcc/arm-none-eabi/4.4.1/../../../../arm-none-eabi/lib/thumb2/libm.a(lib_a-s_atan.o)
 .debug_frame   0x00000428       0x20 /home/laurence/CodeSourcery/Sourcery_G++_Lite/bin/../lib/gcc/arm-none-eabi/4.4.1/../../../../arm-none-eabi/lib/thumb2/libm.a(lib_a-s_fabs.o)
 .debug_frame   0x00000448       0x20 /home/laurence/CodeSourcery/Sourcery_G++_Lite/bin/../lib/gcc/arm-none-eabi/4.4.1/../../../../arm-none-eabi/lib/thumb2/libm.a(lib_a-s_finite.o)
 .debug_frame   0x00000468       0x34 /home/laurence/CodeSourcery/Sourcery_G++_Lite/bin/../lib/gcc/arm-none-eabi/4.4.1/../../../../arm-none-eabi/lib/thumb2/libm.a(lib_a-s_floor.o)
 .debug_frame   0x0000049c       0x20 /home/laurence/CodeSourcery/Sourcery_G++_Lite/bin/../lib/gcc/arm-none-eabi/4.4.1/../../../../arm-none-eabi/lib/thumb2/libm.a(lib_a-s_isnand.o)
 .debug_frame   0x000004bc       0x20 /home/laurence/CodeSourcery/Sourcery_G++_Lite/bin/../lib/gcc/arm-none-eabi/4.4.1/../../../../arm-none-eabi/lib/thumb2/libm.a(lib_a-s_matherr.o)
 .debug_frame   0x000004dc       0x20 /home/laurence/CodeSourcery/Sourcery_G++_Lite/bin/../lib/gcc/arm-none-eabi/4.4.1/../../../../arm-none-eabi/lib/thumb2/libm.a(lib_a-s_nan.o)
 .debug_frame   0x000004fc       0x38 /home/laurence/CodeSourcery/Sourcery_G++_Lite/bin/../lib/gcc/arm-none-eabi/4.4.1/../../../../arm-none-eabi/lib/thumb2/libm.a(lib_a-s_rint.o)
 .debug_frame   0x00000534       0x30 /home/laurence/CodeSourcery/Sourcery_G++_Lite/bin/../lib/gcc/arm-none-eabi/4.4.1/../../../../arm-none-eabi/lib/thumb2/libm.a(lib_a-s_scalbn.o)
 .debug_frame   0x00000564       0x30 /home/laurence/CodeSourcery/Sourcery_G++_Lite/bin/../lib/gcc/arm-none-eabi/4.4.1/../../../../arm-none-eabi/lib/thumb2/libm.a(lib_a-sf_atan.o)
 .debug_frame   0x00000594       0x20 /home/laurence/CodeSourcery/Sourcery_G++_Lite/bin/../lib/gcc/arm-none-eabi/4.4.1/../../../../arm-none-eabi/lib/thumb2/libm.a(lib_a-sf_fabs.o)
 .debug_frame   0x000005b4       0x20 /home/laurence/CodeSourcery/Sourcery_G++_Lite/bin/../lib/gcc/arm-none-eabi/4.4.1/../../../../arm-none-eabi/lib/thumb2/libm.a(lib_a-sf_isnan.o)
 .debug_frame   0x000005d4       0x28 /home/laurence/CodeSourcery/Sourcery_G++_Lite/bin/../lib/gcc/arm-none-eabi/4.4.1/../../../../arm-none-eabi/lib/thumb2/libm.a(lib_a-s_copysign.o)
 .debug_frame   0x000005fc       0x20 /home/laurence/CodeSourcery/Sourcery_G++_Lite/bin/../lib/gcc/arm-none-eabi/4.4.1/thumb2/libgcc.a(_divsi3.o)
 .debug_frame   0x0000061c       0x20 /home/laurence/CodeSourcery/Sourcery_G++_Lite/bin/../lib/gcc/arm-none-eabi/4.4.1/../../../../arm-none-eabi/lib/thumb2/libc.a(lib_a-errno.o)
 .debug_frame   0x0000063c       0x30 /home/laurence/CodeSourcery/Sourcery_G++_Lite/bin/../lib/gcc/arm-none-eabi/4.4.1/../../../../arm-none-eabi/lib/thumb2/libc.a(lib_a-malloc.o)
 .debug_frame   0x0000066c       0x3c /home/laurence/CodeSourcery/Sourcery_G++_Lite/bin/../lib/gcc/arm-none-eabi/4.4.1/../../../../arm-none-eabi/lib/thumb2/libc.a(lib_a-mallocr.o)
 .debug_frame   0x000006a8       0x34 /home/laurence/CodeSourcery/Sourcery_G++_Lite/bin/../lib/gcc/arm-none-eabi/4.4.1/../../../../arm-none-eabi/lib/thumb2/libc.a(lib_a-memcpy.o)
 .debug_frame   0x000006dc       0x30 /home/laurence/CodeSourcery/Sourcery_G++_Lite/bin/../lib/gcc/arm-none-eabi/4.4.1/../../../../arm-none-eabi/lib/thumb2/libc.a(lib_a-mlock.o)
 .debug_frame   0x0000070c       0x2c /home/laurence/CodeSourcery/Sourcery_G++_Lite/bin/../lib/gcc/arm-none-eabi/4.4.1/../../../../arm-none-eabi/lib/thumb2/libc.a(lib_a-sbrkr.o)
 .debug_frame   0x00000738       0x20 /home/laurence/CodeSourcery/Sourcery_G++_Lite/bin/../lib/gcc/arm-none-eabi/4.4.1/../../../../arm-none-eabi/lib/thumb2/libc.a(lib_a-strcpy.o)
 .debug_frame   0x00000758       0x50 /home/laurence/CodeSourcery/Sourcery_G++_Lite/bin/../lib/gcc/arm-none-eabi/4.4.1/../../../../arm-none-eabi/lib/thumb2/libc.a(lib_a-freer.o)
 .debug_frame   0x000007a8       0x64 /home/laurence/CodeSourcery/Sourcery_G++_Lite/bin/../lib/gcc/arm-none-eabi/4.4.1/../../../../arm-none-eabi/lib/thumb2/libc.a(lib_a-reent.o)
 .debug_frame   0x0000080c       0x40 /home/laurence/CodeSourcery/Sourcery_G++_Lite/bin/../lib/gcc/arm-none-eabi/4.4.1/../../../../arm-none-eabi/lib/thumb2/libcs3.a(start_c.o)
 .debug_frame   0x0000084c       0x28 /home/laurence/CodeSourcery/Sourcery_G++_Lite/bin/../lib/gcc/arm-none-eabi/4.4.1/../../../../arm-none-eabi/lib/thumb2/libcs3unhosted.a(unhosted-sbrk.o)
 .debug_frame   0x00000874       0x2c /home/laurence/CodeSourcery/Sourcery_G++_Lite/bin/../lib/gcc/arm-none-eabi/4.4.1/../../../../arm-none-eabi/lib/thumb2/libc.a(lib_a-init.o)

.debug_str
 *(.debug_str)

.debug_loc
 *(.debug_loc)

.debug_macinfo
 *(.debug_macinfo)

.debug_weaknames
 *(.debug_weaknames)

.debug_funcnames
 *(.debug_funcnames)

.debug_typenames
 *(.debug_typenames)

.debug_varnames
 *(.debug_varnames)

.note.gnu.arm.ident
 *(.note.gnu.arm.ident)

.ARM.attributes
                0x00000000       0x25
 *(.ARM.attributes)
 .ARM.attributes
                0x00000000       0x19 /home/laurence/CodeSourcery/Sourcery_G++_Lite/bin/../lib/gcc/arm-none-eabi/4.4.1/thumb2/crti.o
 .ARM.attributes
                0x00000019       0x29 /home/laurence/CodeSourcery/Sourcery_G++_Lite/bin/../lib/gcc/arm-none-eabi/4.4.1/thumb2/crtbegin.o
 .ARM.attributes
                0x00000042       0x31 Sensors/bmp085.o
 .ARM.attributes
                0x00000073       0x31 Sensors/earth_field.o
 .ARM.attributes
                0x000000a4       0x31 Sensors/pitot.o
 .ARM.attributes
                0x000000d5       0x31 Sensors/ubx.o
 .ARM.attributes
                0x00000106       0x31 Util/Fatfs/fattime.o
 .ARM.attributes
                0x00000137       0x31 Util/Fatfs/ff.o
 .ARM.attributes
                0x00000168       0x31 Util/Fatfs/rtc.o
 .ARM.attributes
                0x00000199       0x31 Util/Fatfs/sd_spi_stm32.o
 .ARM.attributes
                0x000001ca       0x31 Util/atmospherics.o
 .ARM.attributes
                0x000001fb       0x31 Util/coords.o
 .ARM.attributes
                0x0000022c       0x31 Util/crc.o
 .ARM.attributes
                0x0000025d       0x31 Util/delay.o
 .ARM.attributes
                0x0000028e       0x31 Util/rprintf.o
 .ARM.attributes
                0x000002bf       0x31 Util/time.o
 .ARM.attributes
                0x000002f0       0x31 Util/uavtalk.o
 .ARM.attributes
                0x00000321       0x31 dma.o
 .ARM.attributes
                0x00000352       0x31 gpio.o
 .ARM.attributes
                0x00000383       0x31 i2c.o
 .ARM.attributes
                0x000003b4       0x31 interrupts.o
 .ARM.attributes
                0x000003e5       0x31 lib/CMSIS_CM3/core_cm3.o
 .ARM.attributes
                0x00000416       0x21 lib/CMSIS_CM3/startup/gcc/startup_stm32f10x_md.o
 .ARM.attributes
                0x00000437       0x31 lib/CMSIS_CM3/system_stm32f10x.o
 .ARM.attributes
                0x00000468       0x31 main.o
 .ARM.attributes
                0x00000499       0x31 pwm.o
 .ARM.attributes
                0x000004ca       0x31 usart.o
 .ARM.attributes
                0x000004fb       0x31 watchdog.o
 .ARM.attributes
                0x0000052c       0x31 Control/ekf.o
 .ARM.attributes
                0x0000055d       0x31 Control/imu.o
 .ARM.attributes
                0x0000058e       0x31 Control/loops.o
 .ARM.attributes
                0x000005bf       0x31 Control/sensorcal.o
 .ARM.attributes
                0x000005f0       0x31 Control/servos.o
 .ARM.attributes
                0x00000621       0x31 lib/STM32F10x_StdPeriph_Driver/libstm32fw.a(misc.o)
 .ARM.attributes
                0x00000652       0x31 lib/STM32F10x_StdPeriph_Driver/libstm32fw.a(stm32f10x_bkp.o)
 .ARM.attributes
                0x00000683       0x31 lib/STM32F10x_StdPeriph_Driver/libstm32fw.a(stm32f10x_dma.o)
 .ARM.attributes
                0x000006b4       0x31 lib/STM32F10x_StdPeriph_Driver/libstm32fw.a(stm32f10x_exti.o)
 .ARM.attributes
                0x000006e5       0x31 lib/STM32F10x_StdPeriph_Driver/libstm32fw.a(stm32f10x_gpio.o)
 .ARM.attributes
                0x00000716       0x31 lib/STM32F10x_StdPeriph_Driver/libstm32fw.a(stm32f10x_i2c.o)
 .ARM.attributes
                0x00000747       0x31 lib/STM32F10x_StdPeriph_Driver/libstm32fw.a(stm32f10x_iwdg.o)
 .ARM.attributes
                0x00000778       0x31 lib/STM32F10x_StdPeriph_Driver/libstm32fw.a(stm32f10x_pwr.o)
 .ARM.attributes
                0x000007a9       0x31 lib/STM32F10x_StdPeriph_Driver/libstm32fw.a(stm32f10x_rcc.o)
 .ARM.attributes
                0x000007da       0x31 lib/STM32F10x_StdPeriph_Driver/libstm32fw.a(stm32f10x_rtc.o)
 .ARM.attributes
                0x0000080b       0x31 lib/STM32F10x_StdPeriph_Driver/libstm32fw.a(stm32f10x_spi.o)
 .ARM.attributes
                0x0000083c       0x31 lib/STM32F10x_StdPeriph_Driver/libstm32fw.a(stm32f10x_tim.o)
 .ARM.attributes
                0x0000086d       0x31 lib/STM32F10x_StdPeriph_Driver/libstm32fw.a(stm32f10x_usart.o)
 .ARM.attributes
                0x0000089e       0x29 /home/laurence/CodeSourcery/Sourcery_G++_Lite/bin/../lib/gcc/arm-none-eabi/4.4.1/../../../../arm-none-eabi/lib/thumb2/libm.a(lib_a-s_cos.o)
 .ARM.attributes
                0x000008c7       0x29 /home/laurence/CodeSourcery/Sourcery_G++_Lite/bin/../lib/gcc/arm-none-eabi/4.4.1/../../../../arm-none-eabi/lib/thumb2/libm.a(lib_a-s_sin.o)
 .ARM.attributes
                0x000008f0       0x29 /home/laurence/CodeSourcery/Sourcery_G++_Lite/bin/../lib/gcc/arm-none-eabi/4.4.1/../../../../arm-none-eabi/lib/thumb2/libm.a(lib_a-w_asin.o)
 .ARM.attributes
                0x00000919       0x29 /home/laurence/CodeSourcery/Sourcery_G++_Lite/bin/../lib/gcc/arm-none-eabi/4.4.1/../../../../arm-none-eabi/lib/thumb2/libm.a(lib_a-w_atan2.o)
 .ARM.attributes
                0x00000942       0x29 /home/laurence/CodeSourcery/Sourcery_G++_Lite/bin/../lib/gcc/arm-none-eabi/4.4.1/../../../../arm-none-eabi/lib/thumb2/libm.a(lib_a-w_pow.o)
 .ARM.attributes
                0x0000096b       0x29 /home/laurence/CodeSourcery/Sourcery_G++_Lite/bin/../lib/gcc/arm-none-eabi/4.4.1/../../../../arm-none-eabi/lib/thumb2/libm.a(lib_a-w_sqrt.o)
 .ARM.attributes
                0x00000994       0x29 /home/laurence/CodeSourcery/Sourcery_G++_Lite/bin/../lib/gcc/arm-none-eabi/4.4.1/../../../../arm-none-eabi/lib/thumb2/libm.a(lib_a-wf_asin.o)
 .ARM.attributes
                0x000009bd       0x29 /home/laurence/CodeSourcery/Sourcery_G++_Lite/bin/../lib/gcc/arm-none-eabi/4.4.1/../../../../arm-none-eabi/lib/thumb2/libm.a(lib_a-wf_atan2.o)
 .ARM.attributes
                0x000009e6       0x29 /home/laurence/CodeSourcery/Sourcery_G++_Lite/bin/../lib/gcc/arm-none-eabi/4.4.1/../../../../arm-none-eabi/lib/thumb2/libm.a(lib_a-e_asin.o)
 .ARM.attributes
                0x00000a0f       0x29 /home/laurence/CodeSourcery/Sourcery_G++_Lite/bin/../lib/gcc/arm-none-eabi/4.4.1/../../../../arm-none-eabi/lib/thumb2/libm.a(lib_a-e_atan2.o)
 .ARM.attributes
                0x00000a38       0x29 /home/laurence/CodeSourcery/Sourcery_G++_Lite/bin/../lib/gcc/arm-none-eabi/4.4.1/../../../../arm-none-eabi/lib/thumb2/libm.a(lib_a-e_pow.o)
 .ARM.attributes
                0x00000a61       0x29 /home/laurence/CodeSourcery/Sourcery_G++_Lite/bin/../lib/gcc/arm-none-eabi/4.4.1/../../../../arm-none-eabi/lib/thumb2/libm.a(lib_a-e_rem_pio2.o)
 .ARM.attributes
                0x00000a8a       0x29 /home/laurence/CodeSourcery/Sourcery_G++_Lite/bin/../lib/gcc/arm-none-eabi/4.4.1/../../../../arm-none-eabi/lib/thumb2/libm.a(lib_a-e_sqrt.o)
 .ARM.attributes
                0x00000ab3       0x29 /home/laurence/CodeSourcery/Sourcery_G++_Lite/bin/../lib/gcc/arm-none-eabi/4.4.1/../../../../arm-none-eabi/lib/thumb2/libm.a(lib_a-ef_asin.o)
 .ARM.attributes
                0x00000adc       0x29 /home/laurence/CodeSourcery/Sourcery_G++_Lite/bin/../lib/gcc/arm-none-eabi/4.4.1/../../../../arm-none-eabi/lib/thumb2/libm.a(lib_a-ef_atan2.o)
 .ARM.attributes
                0x00000b05       0x29 /home/laurence/CodeSourcery/Sourcery_G++_Lite/bin/../lib/gcc/arm-none-eabi/4.4.1/../../../../arm-none-eabi/lib/thumb2/libm.a(lib_a-ef_sqrt.o)
 .ARM.attributes
                0x00000b2e       0x29 /home/laurence/CodeSourcery/Sourcery_G++_Lite/bin/../lib/gcc/arm-none-eabi/4.4.1/../../../../arm-none-eabi/lib/thumb2/libm.a(lib_a-k_cos.o)
 .ARM.attributes
                0x00000b57       0x29 /home/laurence/CodeSourcery/Sourcery_G++_Lite/bin/../lib/gcc/arm-none-eabi/4.4.1/../../../../arm-none-eabi/lib/thumb2/libm.a(lib_a-k_rem_pio2.o)
 .ARM.attributes
                0x00000b80       0x29 /home/laurence/CodeSourcery/Sourcery_G++_Lite/bin/../lib/gcc/arm-none-eabi/4.4.1/../../../../arm-none-eabi/lib/thumb2/libm.a(lib_a-k_sin.o)
 .ARM.attributes
                0x00000ba9       0x29 /home/laurence/CodeSourcery/Sourcery_G++_Lite/bin/../lib/gcc/arm-none-eabi/4.4.1/../../../../arm-none-eabi/lib/thumb2/libm.a(lib_a-s_atan.o)
 .ARM.attributes
                0x00000bd2       0x29 /home/laurence/CodeSourcery/Sourcery_G++_Lite/bin/../lib/gcc/arm-none-eabi/4.4.1/../../../../arm-none-eabi/lib/thumb2/libm.a(lib_a-s_fabs.o)
 .ARM.attributes
                0x00000bfb       0x29 /home/laurence/CodeSourcery/Sourcery_G++_Lite/bin/../lib/gcc/arm-none-eabi/4.4.1/../../../../arm-none-eabi/lib/thumb2/libm.a(lib_a-s_finite.o)
 .ARM.attributes
                0x00000c24       0x29 /home/laurence/CodeSourcery/Sourcery_G++_Lite/bin/../lib/gcc/arm-none-eabi/4.4.1/../../../../arm-none-eabi/lib/thumb2/libm.a(lib_a-s_floor.o)
 .ARM.attributes
                0x00000c4d       0x29 /home/laurence/CodeSourcery/Sourcery_G++_Lite/bin/../lib/gcc/arm-none-eabi/4.4.1/../../../../arm-none-eabi/lib/thumb2/libm.a(lib_a-s_isnand.o)
 .ARM.attributes
                0x00000c76       0x29 /home/laurence/CodeSourcery/Sourcery_G++_Lite/bin/../lib/gcc/arm-none-eabi/4.4.1/../../../../arm-none-eabi/lib/thumb2/libm.a(lib_a-s_lib_ver.o)
 .ARM.attributes
                0x00000c9f       0x29 /home/laurence/CodeSourcery/Sourcery_G++_Lite/bin/../lib/gcc/arm-none-eabi/4.4.1/../../../../arm-none-eabi/lib/thumb2/libm.a(lib_a-s_matherr.o)
 .ARM.attributes
                0x00000cc8       0x29 /home/laurence/CodeSourcery/Sourcery_G++_Lite/bin/../lib/gcc/arm-none-eabi/4.4.1/../../../../arm-none-eabi/lib/thumb2/libm.a(lib_a-s_nan.o)
 .ARM.attributes
                0x00000cf1       0x29 /home/laurence/CodeSourcery/Sourcery_G++_Lite/bin/../lib/gcc/arm-none-eabi/4.4.1/../../../../arm-none-eabi/lib/thumb2/libm.a(lib_a-s_rint.o)
 .ARM.attributes
                0x00000d1a       0x29 /home/laurence/CodeSourcery/Sourcery_G++_Lite/bin/../lib/gcc/arm-none-eabi/4.4.1/../../../../arm-none-eabi/lib/thumb2/libm.a(lib_a-s_scalbn.o)
 .ARM.attributes
                0x00000d43       0x29 /home/laurence/CodeSourcery/Sourcery_G++_Lite/bin/../lib/gcc/arm-none-eabi/4.4.1/../../../../arm-none-eabi/lib/thumb2/libm.a(lib_a-sf_atan.o)
 .ARM.attributes
                0x00000d6c       0x29 /home/laurence/CodeSourcery/Sourcery_G++_Lite/bin/../lib/gcc/arm-none-eabi/4.4.1/../../../../arm-none-eabi/lib/thumb2/libm.a(lib_a-sf_fabs.o)
 .ARM.attributes
                0x00000d95       0x29 /home/laurence/CodeSourcery/Sourcery_G++_Lite/bin/../lib/gcc/arm-none-eabi/4.4.1/../../../../arm-none-eabi/lib/thumb2/libm.a(lib_a-sf_isnan.o)
 .ARM.attributes
                0x00000dbe       0x29 /home/laurence/CodeSourcery/Sourcery_G++_Lite/bin/../lib/gcc/arm-none-eabi/4.4.1/../../../../arm-none-eabi/lib/thumb2/libm.a(lib_a-s_copysign.o)
 .ARM.attributes
                0x00000de7       0x1b /home/laurence/CodeSourcery/Sourcery_G++_Lite/bin/../lib/gcc/arm-none-eabi/4.4.1/thumb2/libgcc.a(_divsi3.o)
 .ARM.attributes
                0x00000e02       0x1b /home/laurence/CodeSourcery/Sourcery_G++_Lite/bin/../lib/gcc/arm-none-eabi/4.4.1/thumb2/libgcc.a(_dvmd_tls.o)
 .ARM.attributes
                0x00000e1d       0x1b /home/laurence/CodeSourcery/Sourcery_G++_Lite/bin/../lib/gcc/arm-none-eabi/4.4.1/thumb2/libgcc.a(_arm_addsubdf3.o)
 .ARM.attributes
                0x00000e38       0x1b /home/laurence/CodeSourcery/Sourcery_G++_Lite/bin/../lib/gcc/arm-none-eabi/4.4.1/thumb2/libgcc.a(_arm_muldivdf3.o)
 .ARM.attributes
                0x00000e53       0x1b /home/laurence/CodeSourcery/Sourcery_G++_Lite/bin/../lib/gcc/arm-none-eabi/4.4.1/thumb2/libgcc.a(_arm_cmpdf2.o)
 .ARM.attributes
                0x00000e6e       0x1b /home/laurence/CodeSourcery/Sourcery_G++_Lite/bin/../lib/gcc/arm-none-eabi/4.4.1/thumb2/libgcc.a(_arm_fixdfsi.o)
 .ARM.attributes
                0x00000e89       0x1b /home/laurence/CodeSourcery/Sourcery_G++_Lite/bin/../lib/gcc/arm-none-eabi/4.4.1/thumb2/libgcc.a(_arm_fixunsdfsi.o)
 .ARM.attributes
                0x00000ea4       0x1b /home/laurence/CodeSourcery/Sourcery_G++_Lite/bin/../lib/gcc/arm-none-eabi/4.4.1/thumb2/libgcc.a(_arm_truncdfsf2.o)
 .ARM.attributes
                0x00000ebf       0x1b /home/laurence/CodeSourcery/Sourcery_G++_Lite/bin/../lib/gcc/arm-none-eabi/4.4.1/thumb2/libgcc.a(_arm_addsubsf3.o)
 .ARM.attributes
                0x00000eda       0x1b /home/laurence/CodeSourcery/Sourcery_G++_Lite/bin/../lib/gcc/arm-none-eabi/4.4.1/thumb2/libgcc.a(_arm_muldivsf3.o)
 .ARM.attributes
                0x00000ef5       0x1b /home/laurence/CodeSourcery/Sourcery_G++_Lite/bin/../lib/gcc/arm-none-eabi/4.4.1/thumb2/libgcc.a(_arm_cmpsf2.o)
 .ARM.attributes
                0x00000f10       0x1b /home/laurence/CodeSourcery/Sourcery_G++_Lite/bin/../lib/gcc/arm-none-eabi/4.4.1/thumb2/libgcc.a(_arm_fixsfsi.o)
 .ARM.attributes
                0x00000f2b       0x1b /home/laurence/CodeSourcery/Sourcery_G++_Lite/bin/../lib/gcc/arm-none-eabi/4.4.1/thumb2/libgcc.a(_arm_fixunssfsi.o)
 .ARM.attributes
                0x00000f46       0x29 /home/laurence/CodeSourcery/Sourcery_G++_Lite/bin/../lib/gcc/arm-none-eabi/4.4.1/../../../../arm-none-eabi/lib/thumb2/libc.a(lib_a-errno.o)
 .ARM.attributes