Archive member included because of file (symbol)

lib/STM32F10x_StdPeriph_Driver/libstm32fw.a(misc.o)
                              interrupts.o (NVIC_PriorityGroupConfig)
lib/STM32F10x_StdPeriph_Driver/libstm32fw.a(stm32f10x_bkp.o)
                              Util/Fatfs/rtc.o (BKP_WriteBackupRegister)
lib/STM32F10x_StdPeriph_Driver/libstm32fw.a(stm32f10x_dma.o)
                              dma.o (DMA_DeInit)
lib/STM32F10x_StdPeriph_Driver/libstm32fw.a(stm32f10x_exti.o)
                              interrupts.o (EXTI_Init)
lib/STM32F10x_StdPeriph_Driver/libstm32fw.a(stm32f10x_gpio.o)
                              Util/Fatfs/sd_spi_stm32.o (GPIO_Init)
lib/STM32F10x_StdPeriph_Driver/libstm32fw.a(stm32f10x_i2c.o)
                              i2c.o (I2C_Cmd)
lib/STM32F10x_StdPeriph_Driver/libstm32fw.a(stm32f10x_pwr.o)
                              Util/Fatfs/rtc.o (PWR_BackupAccessCmd)
lib/STM32F10x_StdPeriph_Driver/libstm32fw.a(stm32f10x_rcc.o)
                              Util/Fatfs/rtc.o (RCC_LSEConfig)
lib/STM32F10x_StdPeriph_Driver/libstm32fw.a(stm32f10x_rtc.o)
                              Util/Fatfs/rtc.o (RTC_GetCounter)
lib/STM32F10x_StdPeriph_Driver/libstm32fw.a(stm32f10x_spi.o)
                              Util/Fatfs/sd_spi_stm32.o (SPI_Init)
lib/STM32F10x_StdPeriph_Driver/libstm32fw.a(stm32f10x_tim.o)
                              pwm.o (TIM_TimeBaseInit)
lib/STM32F10x_StdPeriph_Driver/libstm32fw.a(stm32f10x_usart.o)
                              usart.o (USART_Cmd)
/home/laurence/CodeSourcery/Sourcery_G++_Lite/bin/../lib/gcc/arm-none-eabi/4.4.1/../../../../arm-none-eabi/lib/thumb2/libm.a(lib_a-s_cos.o)
                              Sensors/earth_field.o (cos)
/home/laurence/CodeSourcery/Sourcery_G++_Lite/bin/../lib/gcc/arm-none-eabi/4.4.1/../../../../arm-none-eabi/lib/thumb2/libm.a(lib_a-s_sin.o)
                              Sensors/earth_field.o (sin)
/home/laurence/CodeSourcery/Sourcery_G++_Lite/bin/../lib/gcc/arm-none-eabi/4.4.1/../../../../arm-none-eabi/lib/thumb2/libm.a(lib_a-w_asin.o)
                              Sensors/earth_field.o (asin)
/home/laurence/CodeSourcery/Sourcery_G++_Lite/bin/../lib/gcc/arm-none-eabi/4.4.1/../../../../arm-none-eabi/lib/thumb2/libm.a(lib_a-w_atan2.o)
                              Sensors/earth_field.o (atan2)
/home/laurence/CodeSourcery/Sourcery_G++_Lite/bin/../lib/gcc/arm-none-eabi/4.4.1/../../../../arm-none-eabi/lib/thumb2/libm.a(lib_a-w_pow.o)
                              Sensors/bmp085.o (pow)
/home/laurence/CodeSourcery/Sourcery_G++_Lite/bin/../lib/gcc/arm-none-eabi/4.4.1/../../../../arm-none-eabi/lib/thumb2/libm.a(lib_a-w_sqrt.o)
                              Sensors/earth_field.o (sqrt)
/home/laurence/CodeSourcery/Sourcery_G++_Lite/bin/../lib/gcc/arm-none-eabi/4.4.1/../../../../arm-none-eabi/lib/thumb2/libm.a(lib_a-e_asin.o)
                              /home/laurence/CodeSourcery/Sourcery_G++_Lite/bin/../lib/gcc/arm-none-eabi/4.4.1/../../../../arm-none-eabi/lib/thumb2/libm.a(lib_a-w_asin.o) (__ieee754_asin)
/home/laurence/CodeSourcery/Sourcery_G++_Lite/bin/../lib/gcc/arm-none-eabi/4.4.1/../../../../arm-none-eabi/lib/thumb2/libm.a(lib_a-e_atan2.o)
                              /home/laurence/CodeSourcery/Sourcery_G++_Lite/bin/../lib/gcc/arm-none-eabi/4.4.1/../../../../arm-none-eabi/lib/thumb2/libm.a(lib_a-w_atan2.o) (__ieee754_atan2)
/home/laurence/CodeSourcery/Sourcery_G++_Lite/bin/../lib/gcc/arm-none-eabi/4.4.1/../../../../arm-none-eabi/lib/thumb2/libm.a(lib_a-e_pow.o)
                              /home/laurence/CodeSourcery/Sourcery_G++_Lite/bin/../lib/gcc/arm-none-eabi/4.4.1/../../../../arm-none-eabi/lib/thumb2/libm.a(lib_a-w_pow.o) (__ieee754_pow)
/home/laurence/CodeSourcery/Sourcery_G++_Lite/bin/../lib/gcc/arm-none-eabi/4.4.1/../../../../arm-none-eabi/lib/thumb2/libm.a(lib_a-e_rem_pio2.o)
                              /home/laurence/CodeSourcery/Sourcery_G++_Lite/bin/../lib/gcc/arm-none-eabi/4.4.1/../../../../arm-none-eabi/lib/thumb2/libm.a(lib_a-s_cos.o) (__ieee754_rem_pio2)
/home/laurence/CodeSourcery/Sourcery_G++_Lite/bin/../lib/gcc/arm-none-eabi/4.4.1/../../../../arm-none-eabi/lib/thumb2/libm.a(lib_a-e_sqrt.o)
                              /home/laurence/CodeSourcery/Sourcery_G++_Lite/bin/../lib/gcc/arm-none-eabi/4.4.1/../../../../arm-none-eabi/lib/thumb2/libm.a(lib_a-w_sqrt.o) (__ieee754_sqrt)
/home/laurence/CodeSourcery/Sourcery_G++_Lite/bin/../lib/gcc/arm-none-eabi/4.4.1/../../../../arm-none-eabi/lib/thumb2/libm.a(lib_a-k_cos.o)
                              /home/laurence/CodeSourcery/Sourcery_G++_Lite/bin/../lib/gcc/arm-none-eabi/4.4.1/../../../../arm-none-eabi/lib/thumb2/libm.a(lib_a-s_cos.o) (__kernel_cos)
/home/laurence/CodeSourcery/Sourcery_G++_Lite/bin/../lib/gcc/arm-none-eabi/4.4.1/../../../../arm-none-eabi/lib/thumb2/libm.a(lib_a-k_rem_pio2.o)
[...]
Memory Configuration

Name             Origin             Length             Attributes
ram              0x20000000         0x00005000         xrw
rom              0x08000000         0x00020000         xr
*default*        0x00000000         0xffffffff

Linker script and memory map

LOAD /home/laurence/CodeSourcery/Sourcery_G++_Lite/bin/../lib/gcc/arm-none-eabi/4.4.1/thumb2/crti.o
LOAD /home/laurence/CodeSourcery/Sourcery_G++_Lite/bin/../lib/gcc/arm-none-eabi/4.4.1/thumb2/crtbegin.o
LOAD Sensors/bmp085.o
LOAD Sensors/earth_field.o
LOAD Sensors/pitot.o
LOAD Sensors/ubx.o
LOAD Util/Fatfs/fattime.o
LOAD Util/Fatfs/ff.o
LOAD Util/Fatfs/rtc.o
LOAD Util/Fatfs/sd_spi_stm32.o
LOAD Util/atmospherics.o
LOAD Util/coords.o
LOAD Util/delay.o
LOAD Util/rprintf.o
LOAD Util/time.o
LOAD dma.o
LOAD gpio.o
LOAD i2c.o
LOAD interrupts.o
LOAD lib/CMSIS_CM3/core_cm3.o
LOAD lib/CMSIS_CM3/startup/gcc/startup_stm32f10x_md.o
LOAD lib/CMSIS_CM3/system_stm32f10x.o
LOAD main.o
LOAD pwm.o
LOAD usart.o
LOAD Control/ekf.o
LOAD Control/imu.o
LOAD Control/loops.o
LOAD Control/sensorcal.o
LOAD Control/servos.o
LOAD lib/STM32F10x_StdPeriph_Driver/libstm32fw.a
LOAD lib/STM32_USB-FS-Device_Driver/libstm32usb.a
LOAD /home/laurence/CodeSourcery/Sourcery_G++_Lite/bin/../lib/gcc/arm-none-eabi/4.4.1/../../../../arm-none-eabi/lib/thumb2/libm.a
START GROUP
LOAD /home/laurence/CodeSourcery/Sourcery_G++_Lite/bin/../lib/gcc/arm-none-eabi/4.4.1/thumb2/libgcc.a
LOAD /home/laurence/CodeSourcery/Sourcery_G++_Lite/bin/../lib/gcc/arm-none-eabi/4.4.1/../../../../arm-none-eabi/lib/thumb2/libc.a
END GROUP
LOAD /home/laurence/CodeSourcery/Sourcery_G++_Lite/bin/../lib/gcc/arm-none-eabi/4.4.1/thumb2/crtend.o
LOAD /home/laurence/CodeSourcery/Sourcery_G++_Lite/bin/../lib/gcc/arm-none-eabi/4.4.1/thumb2/crtn.o
START GROUP
LOAD /home/laurence/CodeSourcery/Sourcery_G++_Lite/bin/../lib/gcc/arm-none-eabi/4.4.1/thumb2/libgcc.a
LOAD /home/laurence/CodeSourcery/Sourcery_G++_Lite/bin/../lib/gcc/arm-none-eabi/4.4.1/../../../../arm-none-eabi/lib/thumb2/libc.a
LOAD /home/laurence/CodeSourcery/Sourcery_G++_Lite/bin/../lib/gcc/arm-none-eabi/4.4.1/../../../../arm-none-eabi/lib/thumb2/libcs3.a
LOAD /home/laurence/CodeSourcery/Sourcery_G++_Lite/bin/../lib/gcc/arm-none-eabi/4.4.1/../../../../arm-none-eabi/lib/thumb2/libcs3unhosted.a
LOAD lib/libcs3-lanchon-stm32.a
END GROUP
                0x20005000                PROVIDE (__cs3_stack, (__cs3_region_start_ram + __cs3_region_size_ram))
                0x20001748                PROVIDE (__cs3_heap_start, _end)
                0x20005000                PROVIDE (__cs3_heap_end, (__cs3_region_start_ram + __cs3_region_size_ram))

.text           0x08000000    0x17a08
 CREATE_OBJECT_SYMBOLS
                0x08000000                __cs3_region_start_rom = .
 *(.cs3.region-head.rom)
                0x08000000                __cs3_interrupt_vector = __cs3_interrupt_vector_lanchon_stm32
 *(.cs3.interrupt_vector)
 .cs3.interrupt_vector
                0x08000000       0xec lib/libcs3-lanchon-stm32.a(lanchon-stm32-vector.o)
                0x08000000                __cs3_interrupt_vector_lanchon_stm32
                0x08000001                ASSERT ((. != __cs3_interrupt_vector_lanchon_stm32), No interrupt vector)
 *(.rom)
 *(.rom.b)
                0x08016858                PROVIDE (__cs3_reset_lanchon_stm32, _start)
                0x08016858                __cs3_reset = __cs3_reset_lanchon_stm32
 *(.cs3.reset)
 *(.text .text.* .gnu.linkonce.t.*)
 .text          0x080000ec       0x30 /home/laurence/CodeSourcery/Sourcery_G++_Lite/bin/../lib/gcc/arm-none-eabi/4.4.1/thumb2/crtbegin.o
 *fill*         0x0800011c        0x4 00
 .text          0x08000120      0x230 Sensors/bmp085.o
                0x08000120                Bmp085_Convert
                0x080001d8                Baro_Convert_Pressure
                0x08000228                Baro_Setup_Temperature
                0x08000248                Baro_Setup_Pressure
                0x08000268                Baro_Read_Full_ADC
                0x08000292                bmp085ReadShort
                0x080002ae                Baro_Read_ADC
                0x080002b4                Bmp085_ReadConfig
 .text          0x08000350     0x1920 Sensors/earth_field.o
                0x08000350                WMM_CalculateSecularVariation
                0x08000458                WMM_get_secular_var_coeff_g
                0x08000470                WMM_get_main_field_coeff_g
                0x0800050c                WMM_get_secular_var_coeff_h
                0x08000524                WMM_get_main_field_coeff_h
                0x080005b8                WMM_DateToYear
                0x080005f4                WMM_RotateMagneticVector
                0x080006b0                WMM_ComputeSphericalHarmonicVariables
                0x08000784                WMM_GeodeticToSpherical
                0x080008e8                WMM_SecVarSummationSpecial
                0x08000a84                WMM_SecVarSummation
                0x08000c84                WMM_SummationSpecial
                0x08000e24                WMM_Summation
                0x08001024                WMM_PcupLow
                0x08001370                WMM_PcupHigh
                0x08001816                WMM_AssociatedLegendreFunction
                0x080018a4                WMM_CalculateGeoMagneticElements
                0x08001968                WMM_Geomag
                0x08001a60                WMM_Initialize
                0x08001ad8                WMM_GetMagVector
 .text          0x08001c70       0xc4 Sensors/pitot.o
                0x08001c70                Pitot_Conv
                0x08001c86                Pitot_convert_Airspeed
                0x08001cdc                Pitot_Read_Conv
                0x08001d04                Pitot_Set_Temp_Conv
                0x08001d1c                Pitot_Set_Press_Conv
 .text          0x08001d34      0x330 Sensors/ubx.o
                0x08001d34                Gps_Process_Byte
                0x08001eb4                Get_UBX_Ack
                0x08001f60                Config_Gps
 .text          0x08002064       0x42 Util/Fatfs/fattime.o
                0x08002064                get_fattime
 *fill*         0x080020a6        0x2 00
 .text          0x080020a8     0x1a54 Util/Fatfs/ff.o
                0x080020ce                clust2sect
                0x0800217e                f_mount
                0x080025bc                put_fat
                0x080026ba                get_fat
                0x0800290a                f_truncate
                0x08002b70                f_readdir
                0x08002bbe                f_getfree
                0x08002c9e                f_lseek
                0x08002df0                f_write
                0x08002fa2                f_read
                0x080031cc                f_sync
                0x08003282                f_close
                0x08003490                f_stat
                0x080034d2                f_opendir
                0x08003540                f_rename
                0x08003666                f_utime
                0x080036c8                f_chmod
                0x08003724                f_unlink
                0x080037ec                f_mkdir
                0x0800399e                f_open
 .text          0x08003afc      0x2e4 Util/Fatfs/rtc.o
                0x08003bd8                my_RTC_SetCounter
                0x08003bfa                rtc_settime
                0x08003ccc                rtc_init
                0x08003d66                rtc_gettime
 .text          0x08003de0      0x7cc Util/Fatfs/sd_spi_stm32.o
                0x08003e08                disk_status
                0x08003e18                disk_timerproc
                0x08004098                disk_initialize
                0x0800421c                disk_ioctl
                0x08004420                disk_read
                0x08004500                disk_write
 *fill*         0x080045ac        0x4 00
 .text          0x080045b0       0xd8 Util/atmospherics.o
                0x080045b0                US_1976_Temperature
                0x08004644                Air_Density
 .text          0x08004688      0x630 Util/coords.o
                0x08004688                CrossProduct
                0x080046e6                quat_inverse
                0x08004702                quat_copy
                0x08004718                quat_mult
                0x08004822                rot_mult
                0x080048c2                VectorMagnitude
                0x08004904                RotFrom2Vectors
                0x08004ad0                R2Quaternion
 .text          0x08004cb8       0x16 Util/delay.o
                0x08004cb8                Delay
 *fill*         0x08004cce        0x2 00
 .text          0x08004cd0      0x57c Util/rprintf.o
                0x08004cd0                rprintfInit
                0x08004cdc                rprintfChar
                0x08004cfc                rprintfStr
                0x08004d14                rprintfStrLen
                0x08004d4a                rprintfCRLF
                0x08004d4e                rprintfu04
                0x08004d58                rprintfu08
                0x08004d6a                rprintfu16
                0x08004d7c                rprintfu32
                0x08004d8e                rprintfNum
                0x08004e44                rprintfFloat
                0x08004efc                Isdigit
                0x08004f0a                atoiRamRom
                0x08004f30                rStrLen
                0x08004f40                rprintf2RamRom
 .text          0x0800524c       0x20 Util/time.o
                0x0800524c                Set_RTC_From_GPS
 .text          0x0800526c       0xd8 dma.o
                0x0800526c                Pop_From_Buffer
                0x08005288                Bytes_In_Buffer
                0x080052b4                Get_From_Buffer
                0x080052e8                Flush_Buffer
                0x080052fa                DMA_Configuration
 .text          0x08005344      0x1e0 gpio.o
                0x08005344                Get_MEMS_DRDY
                0x0800536c                MEMS_Status_Configuration
                0x080053a8                Aux_Devices_Configuration
                0x08005404                SPI_Control_Configuration
                0x0800546c                GPS_IO_Configuration
                0x080054b8                GPIO_Config_AF_Periferals
                0x0800550c                All_IO_Configuration
 .text          0x08005524      0x464 i2c.o
                0x08005524                Flipbytes
                0x0800552e                I2C_Conf
                0x080055fc                Gyr_Init
                0x08005634                Acc_Init
                0x08005650                Mag_Init
                0x0800566c                I2C_Read
                0x080058d4                Gyr_Stat
                0x080058ee                Gyr_Read
                0x08005914                Mag_Read
                0x0800593a                I2C_Config
 .text          0x08005988       0x84 interrupts.o
                0x08005988                NMI_Handler
                0x0800598a                HardFault_Handler
                0x0800598c                MemManage_Handler
                0x0800598e                BusFault_Handler
                0x08005990                UsageFault_Handler
                0x08005992                SVC_Handler
                0x08005994                DebugMon_Handler
                0x08005996                PendSV_Handler
                0x08005998                SysTick_Handler
                0x0800599a                EXTI9_5_IRQHandler
                0x080059b4                EXTI6_Config
 .text.Default_Handler
                0x08005a0c        0x2 lib/CMSIS_CM3/startup/gcc/startup_stm32f10x_md.o
                0x08005a0c                EXTI2_IRQHandler
                0x08005a0c                TIM1_CC_IRQHandler
                0x08005a0c                PVD_IRQHandler
                0x08005a0c                EXTI3_IRQHandler
                0x08005a0c                EXTI0_IRQHandler
                0x08005a0c                I2C2_EV_IRQHandler
                0x08005a0c                ADC1_2_IRQHandler
                0x08005a0c                SPI1_IRQHandler
                0x08005a0c                TAMPER_IRQHandler
                0x08005a0c                DMA1_Channel4_IRQHandler
                0x08005a0c                USART3_IRQHandler
                0x08005a0c                RTC_IRQHandler
                0x08005a0c                DMA1_Channel7_IRQHandler
                0x08005a0c                CAN1_RX1_IRQHandler
                0x08005a0c                TIM4_IRQHandler
                0x08005a0c                I2C1_EV_IRQHandler
                0x08005a0c                DMA1_Channel6_IRQHandler
                0x08005a0c                TIM3_IRQHandler
                0x08005a0c                RCC_IRQHandler
                0x08005a0c                TIM1_TRG_COM_IRQHandler
                0x08005a0c                DMA1_Channel1_IRQHandler
                0x08005a0c                Default_Handler
                0x08005a0c                EXTI15_10_IRQHandler
                0x08005a0c                SPI2_IRQHandler
                0x08005a0c                DMA1_Channel5_IRQHandler
                0x08005a0c                EXTI4_IRQHandler
                0x08005a0c                USB_LP_CAN1_RX0_IRQHandler
                0x08005a0c                USB_HP_CAN1_TX_IRQHandler
                0x08005a0c                DMA1_Channel3_IRQHandler
                0x08005a0c                TIM1_UP_IRQHandler
                0x08005a0c                WWDG_IRQHandler
                0x08005a0c                TIM2_IRQHandler
                0x08005a0c                TIM1_BRK_IRQHandler
                0x08005a0c                EXTI1_IRQHandler
                0x08005a0c                RTCAlarm_IRQHandler
                0x08005a0c                USART2_IRQHandler
                0x08005a0c                I2C2_ER_IRQHandler
                0x08005a0c                DMA1_Channel2_IRQHandler
                0x08005a0c                CAN1_SCE_IRQHandler
                0x08005a0c                FLASH_IRQHandler
                0x08005a0c                USART1_IRQHandler
                0x08005a0c                I2C1_ER_IRQHandler
                0x08005a0c                USBWakeUp_IRQHandler
 *fill*         0x08005a0e        0x2 00
 .text          0x08005a10       0xf8 lib/CMSIS_CM3/system_stm32f10x.o
                0x08005a10                SystemInit
 .text          0x08005b08      0x790 main.o
                0x08005b08                Initialisation
                0x08006184                main
 .text          0x08006298      0x1e0 pwm.o
                0x08006298                PWM_Set
                0x08006318                Timer_GPIO_Disable
                0x08006354                Timer_GPIO_Enable
                0x08006390                Timer_RCC_Configuration
                0x080063a8                Init_Timers
 .text          0x08006478      0x17c usart.o
                0x08006478                Default_Usart_Config
                0x0800648a                __gps_send_char
                0x080064a8                Gps_Send_Str
                0x080064c0                Gps_Send_Utf8
                0x080064da                __usart_send_char
                0x080064f8                Usart_Send_Str
                0x08006510                USART2_reconf
                0x08006554                Usarts_Init
 *fill*         0x080065f4        0x4 00
 .text          0x080065f8     0x88a8 Control/ekf.o
                0x080065f8                ins_get_num_states
                0x080065fc                INSGPSInit
                0x08006728                INSResetP
                0x08006770                INSResetRGPS
                0x0800679c                INSSetState
                0x08006800                INSPosVelReset
                0x08006888                INSSetPosVelVar
                0x080068a4                INSSetGyroBias
                0x080068c0                INSSetAccelVar
                0x080068dc                INSSetGyroVar
                0x080068f8                INSSetMagVar
                0x08006914                INSSetMagNorth
                0x0800692c                CovariancePrediction
                0x0800dc76                INSCovariancePrediction
                0x0800dc9c                SerialUpdate
                0x0800ddf4                StateEq
                0x0800e0e8                RungeKutta
                0x0800e210                LinearizeFG
                0x0800e684                MeasurementEq
                0x0800e842                LinearizeH
                0x0800eb0c                INSCorrection
                0x0800ecbc                VelBaroCorrection
                0x0800ecd8                GpsMagCorrection
                0x0800ecf0                FullCorrection
                0x0800ecfe                GpsBaroCorrection
                0x0800ed1c                MagVelBaroCorrection
                0x0800ed38                MagCorrection
                0x0800ed58                INSStatePrediction
 .text          0x0800eea0      0x940 Control/imu.o
                0x0800eea0                run_imu
 .text          0x0800f7e0       0x64 Control/loops.o
                0x0800f7e0                Run_PID
                0x0800f83c                Reset_PID
 .text          0x0800f844       0xc8 Control/sensorcal.o
                0x0800f844                Calibrate_3
 .text          0x0800f90c       0x64 Control/servos.o
                0x0800f90c                Disable_Servos
                0x0800f910                Enable_Servos
                0x0800f914                Apply_Servos
 .text          0x0800f970       0xc0 lib/STM32F10x_StdPeriph_Driver/libstm32fw.a(misc.o)
                0x0800f970                NVIC_PriorityGroupConfig
                0x0800f984                NVIC_Init
                0x0800f9e8                NVIC_SetVectorTable
                0x0800f9fc                NVIC_SystemLPConfig
                0x0800fa18                SysTick_CLKSourceConfig
 .text          0x0800fa30       0xe4 lib/STM32F10x_StdPeriph_Driver/libstm32fw.a(stm32f10x_bkp.o)
                0x0800fa30                BKP_TamperPinLevelConfig
                0x0800fa3c                BKP_TamperPinCmd
                0x0800fa48                BKP_ITConfig
                0x0800fa54                BKP_RTCOutputConfig
                0x0800fa6c                BKP_SetRTCCalibrationValue
                0x0800fa84                BKP_WriteBackupRegister
                0x0800faa0                BKP_ReadBackupRegister
                0x0800fac0                BKP_GetFlagStatus
                0x0800facc                BKP_ClearFlag
                0x0800fae0                BKP_GetITStatus
                0x0800faec                BKP_ClearITPendingBit
                0x0800fb00                BKP_DeInit
 .text          0x0800fb14      0x1d4 lib/STM32F10x_StdPeriph_Driver/libstm32fw.a(stm32f10x_dma.o)
                0x0800fb14                DMA_DeInit
                0x0800fbf4                DMA_Init
                0x0800fc34                DMA_StructInit
                0x0800fc4e                DMA_Cmd
                0x0800fc62                DMA_ITConfig
                0x0800fc74                DMA_GetCurrDataCounter
                0x0800fc7a                DMA_GetFlagStatus
                0x0800fc98                DMA_ClearFlag
                0x0800fcb0                DMA_GetITStatus
                0x0800fcd0                DMA_ClearITPendingBit
 .text          0x0800fce8      0x104 lib/STM32F10x_StdPeriph_Driver/libstm32fw.a(stm32f10x_exti.o)
                0x0800fce8                EXTI_DeInit
                0x0800fd04                EXTI_Init
                0x0800fd84                EXTI_StructInit
                0x0800fd92                EXTI_GenerateSWInterrupt
                0x0800fda4                EXTI_GetFlagStatus
                0x0800fdb8                EXTI_ClearFlag
                0x0800fdc4                EXTI_GetITStatus
                0x0800fde0                EXTI_ClearITPendingBit
 .text          0x0800fdec      0x29c lib/STM32F10x_StdPeriph_Driver/libstm32fw.a(stm32f10x_gpio.o)
                0x0800fdec                GPIO_Init
                0x0800fea4                GPIO_StructInit
                0x0800feb4                GPIO_ReadInputDataBit
                0x0800fec0                GPIO_ReadInputData
                0x0800fec6                GPIO_ReadOutputDataBit
                0x0800fed2                GPIO_ReadOutputData
                0x0800fed8                GPIO_SetBits
                0x0800fedc                GPIO_ResetBits
                0x0800fee0                GPIO_WriteBit
                0x0800feea                GPIO_Write
                0x0800feee                GPIO_PinLockConfig
                0x0800fefe                GPIO_EventOutputConfig
                0x0800ff1c                GPIO_EventOutputCmd
                0x0800ff28                GPIO_PinRemapConfig
                0x0800ff88                GPIO_EXTILineConfig
                0x0800ffbc                GPIO_ETH_MediaInterfaceConfig
                0x0800ffc8                GPIO_AFIODeInit
                0x0800ffde                GPIO_DeInit
 .text          0x08010088      0x3cc lib/STM32F10x_StdPeriph_Driver/libstm32fw.a(stm32f10x_i2c.o)
                0x08010088                I2C_StructInit
                0x080100a4                I2C_Cmd
                0x080100be                I2C_DMACmd
                0x080100d8                I2C_DMALastTransferCmd
                0x080100f2                I2C_GenerateSTART
                0x0801010c                I2C_GenerateSTOP
                0x08010126                I2C_AcknowledgeConfig
                0x08010140                I2C_OwnAddress2Config
                0x08010156                I2C_DualAddressCmd
                0x08010170                I2C_GeneralCallCmd
                0x0801018a                I2C_ITConfig
                0x080101a0                I2C_SendData
                0x080101a4                I2C_ReceiveData
                0x080101aa                I2C_Send7bitAddress
                0x080101ba                I2C_ReadRegister
                0x080101d2                I2C_SoftwareResetCmd
                0x080101ec                I2C_SMBusAlertConfig
                0x08010208                I2C_TransmitPEC
                0x08010222                I2C_PECPositionConfig
                0x0801023e                I2C_CalculatePEC
                0x08010258                I2C_GetPEC
                0x08010260                I2C_ARPCmd
                0x0801027a                I2C_StretchClockCmd
                0x08010294                I2C_FastModeDutyCycleConfig
                0x080102b0                I2C_GetLastEvent
                0x080102c0                I2C_CheckEvent
                0x080102d8                I2C_GetFlagStatus
                0x0801030c                I2C_ClearFlag
                0x08010314                I2C_GetITStatus
                0x08010330                I2C_ClearITPendingBit
                0x08010338                I2C_Init
                0x08010420                I2C_DeInit
 .text          0x08010454       0xd0 lib/STM32F10x_StdPeriph_Driver/libstm32fw.a(stm32f10x_pwr.o)
                0x08010458                PWR_BackupAccessCmd
                0x08010464                PWR_PVDCmd
                0x08010470                PWR_PVDLevelConfig
                0x08010484                PWR_WakeUpPinCmd
                0x08010490                PWR_EnterSTOPMode
                0x080104bc                PWR_EnterSTANDBYMode
                0x080104e4                PWR_GetFlagStatus
                0x080104f8                PWR_ClearFlag
                0x08010508                PWR_DeInit
 .text          0x08010524      0x384 lib/STM32F10x_StdPeriph_Driver/libstm32fw.a(stm32f10x_rcc.o)
                0x08010524                RCC_DeInit
                0x08010564                RCC_HSEConfig
                0x0801059c                RCC_AdjustHSICalibrationValue
                0x080105b0                RCC_HSICmd
                0x080105bc                RCC_PLLConfig
                0x080105d4                RCC_PLLCmd
                0x080105e0                RCC_SYSCLKConfig
                0x080105f4                RCC_GetSYSCLKSource
                0x08010604                RCC_HCLKConfig
                0x08010618                RCC_PCLK1Config
                0x0801062c                RCC_PCLK2Config
                0x08010640                RCC_ITConfig
                0x0801065c                RCC_USBCLKConfig
                0x08010668                RCC_ADCCLKConfig
                0x0801067c                RCC_LSEConfig
                0x0801069c                RCC_LSICmd
                0x080106a8                RCC_RTCCLKConfig
                0x080106b8                RCC_RTCCLKCmd
                0x080106c4                RCC_GetClocksFreq
                0x08010774                RCC_AHBPeriphClockCmd
                0x08010790                RCC_APB2PeriphClockCmd
                0x080107ac                RCC_APB1PeriphClockCmd
                0x080107c8                RCC_APB2PeriphResetCmd
                0x080107e4                RCC_APB1PeriphResetCmd
                0x08010800                RCC_BackupResetCmd
                0x0801080c                RCC_ClockSecuritySystemCmd
                0x08010818                RCC_MCOConfig
                0x08010824                RCC_GetFlagStatus
                0x0801084c                RCC_WaitForHSEStartUp
                0x08010878                RCC_ClearFlag
                0x08010888                RCC_GetITStatus
                0x0801089c                RCC_ClearITPendingBit
 .text          0x080108a8      0x15c lib/STM32F10x_StdPeriph_Driver/libstm32fw.a(stm32f10x_rtc.o)
                0x080108a8                RTC_ITConfig
                0x080108c8                RTC_EnterConfigMode
                0x080108dc                RTC_ExitConfigMode
                0x080108f0                RTC_GetCounter
                0x08010904                RTC_SetCounter
                0x08010920                RTC_SetPrescaler
                0x08010940                RTC_SetAlarm
                0x0801095c                RTC_GetDivider
                0x08010974                RTC_WaitForLastTask
                0x08010984                RTC_WaitForSynchro
                0x080109a4                RTC_GetFlagStatus
                0x080109b8                RTC_ClearFlag
                0x080109cc                RTC_GetITStatus
                0x080109f0                RTC_ClearITPendingBit
 .text          0x08010a04      0x2f8 lib/STM32F10x_StdPeriph_Driver/libstm32fw.a(stm32f10x_spi.o)
                0x08010a04                SPI_Init
                0x08010a5e                SPI_StructInit
                0x08010a78                I2S_StructInit
                0x08010a8c                SPI_Cmd
                0x08010aa6                I2S_Cmd
                0x08010ac0                SPI_I2S_ITConfig
                0x08010ade                SPI_I2S_DMACmd
                0x08010af4                SPI_I2S_SendData
                0x08010af8                SPI_I2S_ReceiveData
                0x08010afe                SPI_NSSInternalSoftwareConfig
                0x08010b18                SPI_SSOutputCmd
                0x08010b32                SPI_DataSizeConfig
                0x08010b4a                SPI_TransmitCRC
                0x08010b56                SPI_CalculateCRC
                0x08010b70                SPI_GetCRC
                0x08010b80                SPI_GetCRCPolynomial
                0x08010b86                SPI_BiDirectionalLineConfig
                0x08010ba2                SPI_I2S_GetFlagStatus
                0x08010bae                SPI_I2S_ClearFlag
                0x08010bb6                SPI_I2S_GetITStatus
                0x08010be0                SPI_I2S_ClearITPendingBit
                0x08010bf0                I2S_Init
                0x08010c9a                SPI_I2S_DeInit
 .text          0x08010cfc      0xb54 lib/STM32F10x_StdPeriph_Driver/libstm32fw.a(stm32f10x_tim.o)
                0x08010cfc                TIM_TimeBaseInit
                0x08010d3c                TIM_OC1Init
                0x08010dd0                TIM_OC2Init
                0x08010e6c                TIM_OC3Init
                0x08010f04                TIM_OC4Init
                0x08010f80                TIM_BDTRConfig
                0x08010fa4                TIM_TimeBaseStructInit
                0x08010fb6                TIM_OCStructInit
                0x08010fca                TIM_ICStructInit
                0x08010fdc                TIM_BDTRStructInit
                0x08010fee                TIM_Cmd
                0x08011008                TIM_CtrlPWMOutputs
                0x08011028                TIM_ITConfig
                0x0801103e                TIM_GenerateEvent
                0x08011042                TIM_DMAConfig
                0x0801104a                TIM_DMACmd
                0x08011060                TIM_InternalClockConfig
                0x0801106e                TIM_ETRConfig
                0x0801108c                TIM_ETRClockMode2Config
                0x080110a0                TIM_ETRClockMode1Config
                0x080110ba                TIM_PrescalerConfig
                0x080110c0                TIM_CounterModeConfig
                0x080110d2                TIM_SelectInputTrigger
                0x080110e4                TIM_ITRxExternalClockConfig
                0x080110f8                TIM_EncoderInterfaceConfig
                0x08011140                TIM_ForcedOC1Config
                0x08011152                TIM_ForcedOC2Config
                0x08011166                TIM_ForcedOC3Config
                0x08011178                TIM_ForcedOC4Config
                0x0801118c                TIM_ARRPreloadConfig
                0x080111a6                TIM_SelectCOM
                0x080111c0                TIM_SelectCCDMA
                0x080111da                TIM_CCPreloadControl
                0x080111f4                TIM_OC1PreloadConfig
                0x08011206                TIM_OC2PreloadConfig
                0x0801121a                TIM_OC3PreloadConfig
                0x0801122c                TIM_OC4PreloadConfig
                0x08011240                TIM_OC1FastConfig
                0x08011252                TIM_OC2FastConfig
                0x08011266                TIM_OC3FastConfig
                0x08011278                TIM_OC4FastConfig
                0x0801128c                TIM_ClearOC1Ref
                0x0801129e                TIM_ClearOC2Ref
                0x080112ae                TIM_ClearOC3Ref
                0x080112c0                TIM_ClearOC4Ref
                0x080112d0                TIM_OC1PolarityConfig
                0x080112e2                TIM_OC1NPolarityConfig
                0x080112f4                TIM_OC2PolarityConfig
                0x08011308                TIM_OC2NPolarityConfig
                0x0801131c                TIM_OC3PolarityConfig
                0x08011330                TIM_OC3NPolarityConfig
                0x08011344                TIM_OC4PolarityConfig
                0x08011358                TIM_CCxCmd
                0x0801137a                TIM_CCxNCmd
                0x0801139c                TIM_SelectOCxM
                0x080113ee                TIM_UpdateDisableConfig
                0x08011408                TIM_UpdateRequestConfig
                0x08011422                TIM_SelectHallSensor
                0x0801143c                TIM_SelectOnePulseMode
                0x08011454                TIM_SelectOutputTrigger
                0x0801146c                TIM_SelectSlaveMode
                0x08011484                TIM_SelectMasterSlaveMode
                0x0801149c                TIM_SetCounter
                0x080114a0                TIM_SetAutoreload
                0x080114a4                TIM_SetCompare1
                0x080114a8                TIM_SetCompare2
                0x080114ac                TIM_SetCompare3
                0x080114b0                TIM_SetCompare4
                0x080114b6                TIM_SetIC1Prescaler
                0x080114ce                TIM_SetIC2Prescaler
                0x080114e8                TIM_SetIC3Prescaler
                0x08011500                TIM_SetIC4Prescaler
                0x0801151a                TIM_SetClockDivision
                0x0801152c                TIM_GetCapture1
                0x08011532                TIM_GetCapture2
                0x08011538                TIM_GetCapture3
                0x0801153e                TIM_GetCapture4
                0x08011546                TIM_GetCounter
                0x0801154c                TIM_GetPrescaler
                0x08011552                TIM_GetFlagStatus
                0x0801155e                TIM_ClearFlag
                0x08011566                TIM_GetITStatus
                0x0801157c                TIM_ClearITPendingBit
                0x0801161c                TIM_TIxExternalClockConfig
                0x0801164a                TIM_PWMIConfig
                0x080116b6                TIM_ICInit
                0x08011786                TIM_DeInit
 .text          0x08011850      0x384 lib/STM32F10x_StdPeriph_Driver/libstm32fw.a(stm32f10x_usart.o)
                0x08011850                USART_StructInit
                0x08011868                USART_ClockInit
                0x08011892                USART_ClockStructInit
                0x0801189e                USART_Cmd
                0x080118b8                USART_ITConfig
                0x080118ee                USART_DMACmd
                0x08011904                USART_SetAddress
                0x0801191c                USART_WakeUpConfig
                0x08011934                USART_ReceiverWakeUpCmd
                0x0801194e                USART_LINBreakDetectLengthConfig
                0x08011966                USART_LINCmd
                0x08011980                USART_SendData
                0x08011988                USART_ReceiveData
                0x08011990                USART_SendBreak
                0x0801199c                USART_SetGuardTime
                0x080119ae                USART_SetPrescaler
                0x080119c2                USART_SmartCardCmd
                0x080119dc                USART_SmartCardNACKCmd
                0x080119f6                USART_HalfDuplexCmd
                0x08011a10                USART_IrDAConfig
                0x08011a28                USART_IrDACmd
                0x08011a42                USART_GetFlagStatus
                0x08011a4e                USART_ClearFlag
                0x08011a56                USART_GetITStatus
                0x08011a9c                USART_ClearITPendingBit
                0x08011aaa                USART_Init
                0x08011b3c                USART_DeInit
 .text          0x08011bd4       0x98 /home/laurence/CodeSourcery/Sourcery_G++_Lite/bin/../lib/gcc/arm-none-eabi/4.4.1/../../../../arm-none-eabi/lib/thumb2/libm.a(lib_a-s_cos.o)
                0x08011bd4                cos
 .text          0x08011c6c       0xa0 /home/laurence/CodeSourcery/Sourcery_G++_Lite/bin/../lib/gcc/arm-none-eabi/4.4.1/../../../../arm-none-eabi/lib/thumb2/libm.a(lib_a-s_sin.o)
                0x08011c6c                sin
 .text          0x08011d0c       0xac /home/laurence/CodeSourcery/Sourcery_G++_Lite/bin/../lib/gcc/arm-none-eabi/4.4.1/../../../../arm-none-eabi/lib/thumb2/libm.a(lib_a-w_asin.o)
                0x08011d0c                asin
 .text          0x08011db8        0x4 /home/laurence/CodeSourcery/Sourcery_G++_Lite/bin/../lib/gcc/arm-none-eabi/4.4.1/../../../../arm-none-eabi/lib/thumb2/libm.a(lib_a-w_atan2.o)
                0x08011db8                atan2
 .text          0x08011dbc      0x358 /home/laurence/CodeSourcery/Sourcery_G++_Lite/bin/../lib/gcc/arm-none-eabi/4.4.1/../../../../arm-none-eabi/lib/thumb2/libm.a(lib_a-w_pow.o)
                0x08011dbc                pow
 .text          0x08012114       0xac /home/laurence/CodeSourcery/Sourcery_G++_Lite/bin/../lib/gcc/arm-none-eabi/4.4.1/../../../../arm-none-eabi/lib/thumb2/libm.a(lib_a-w_sqrt.o)
                0x08012114                sqrt
 .text          0x080121c0      0x420 /home/laurence/CodeSourcery/Sourcery_G++_Lite/bin/../lib/gcc/arm-none-eabi/4.4.1/../../../../arm-none-eabi/lib/thumb2/libm.a(lib_a-e_asin.o)
                0x080121c0                __ieee754_asin
 .text          0x080125e0      0x220 /home/laurence/CodeSourcery/Sourcery_G++_Lite/bin/../lib/gcc/arm-none-eabi/4.4.1/../../../../arm-none-eabi/lib/thumb2/libm.a(lib_a-e_atan2.o)
                0x080125e0                __ieee754_atan2
 .text          0x08012800      0xb60 /home/laurence/CodeSourcery/Sourcery_G++_Lite/bin/../lib/gcc/arm-none-eabi/4.4.1/../../../../arm-none-eabi/lib/thumb2/libm.a(lib_a-e_pow.o)
                0x08012800                __ieee754_pow
 .text          0x08013360      0x418 /home/laurence/CodeSourcery/Sourcery_G++_Lite/bin/../lib/gcc/arm-none-eabi/4.4.1/../../../../arm-none-eabi/lib/thumb2/libm.a(lib_a-e_rem_pio2.o)
                0x08013360                __ieee754_rem_pio2
 .text          0x08013778      0x1dc /home/laurence/CodeSourcery/Sourcery_G++_Lite/bin/../lib/gcc/arm-none-eabi/4.4.1/../../../../arm-none-eabi/lib/thumb2/libm.a(lib_a-e_sqrt.o)
                0x08013778                __ieee754_sqrt
 *fill*         0x08013954        0x4 00
 .text          0x08013958      0x250 /home/laurence/CodeSourcery/Sourcery_G++_Lite/bin/../lib/gcc/arm-none-eabi/4.4.1/../../../../arm-none-eabi/lib/thumb2/libm.a(lib_a-k_cos.o)
                0x08013958                __kernel_cos
 .text          0x08013ba8      0x7b4 /home/laurence/CodeSourcery/Sourcery_G++_Lite/bin/../lib/gcc/arm-none-eabi/4.4.1/../../../../arm-none-eabi/lib/thumb2/libm.a(lib_a-k_rem_pio2.o)
                0x08013ba8                __kernel_rem_pio2
 *fill*         0x0801435c        0x4 00
 .text          0x08014360      0x170 /home/laurence/CodeSourcery/Sourcery_G++_Lite/bin/../lib/gcc/arm-none-eabi/4.4.1/../../../../arm-none-eabi/lib/thumb2/libm.a(lib_a-k_sin.o)
                0x08014360                __kernel_sin
 .text          0x080144d0      0x348 /home/laurence/CodeSourcery/Sourcery_G++_Lite/bin/../lib/gcc/arm-none-eabi/4.4.1/../../../../arm-none-eabi/lib/thumb2/libm.a(lib_a-s_atan.o)
                0x080144d0                atan
 .text          0x08014818        0x8 /home/laurence/CodeSourcery/Sourcery_G++_Lite/bin/../lib/gcc/arm-none-eabi/4.4.1/../../../../arm-none-eabi/lib/thumb2/libm.a(lib_a-s_fabs.o)
                0x08014818                fabs
 .text          0x08014820       0x10 /home/laurence/CodeSourcery/Sourcery_G++_Lite/bin/../lib/gcc/arm-none-eabi/4.4.1/../../../../arm-none-eabi/lib/thumb2/libm.a(lib_a-s_finite.o)
                0x08014820                finite
 .text          0x08014830      0x128 /home/laurence/CodeSourcery/Sourcery_G++_Lite/bin/../lib/gcc/arm-none-eabi/4.4.1/../../../../arm-none-eabi/lib/thumb2/libm.a(lib_a-s_floor.o)
                0x08014830                floor
 .text          0x08014958       0x1c /home/laurence/CodeSourcery/Sourcery_G++_Lite/bin/../lib/gcc/arm-none-eabi/4.4.1/../../../../arm-none-eabi/lib/thumb2/libm.a(lib_a-s_isnand.o)
                0x08014958                __isnand
 .text          0x08014974        0x4 /home/laurence/CodeSourcery/Sourcery_G++_Lite/bin/../lib/gcc/arm-none-eabi/4.4.1/../../../../arm-none-eabi/lib/thumb2/libm.a(lib_a-s_matherr.o)
                0x08014974                matherr
 .text          0x08014978        0xc /home/laurence/CodeSourcery/Sourcery_G++_Lite/bin/../lib/gcc/arm-none-eabi/4.4.1/../../../../arm-none-eabi/lib/thumb2/libm.a(lib_a-s_nan.o)
                0x08014978                nan
 .text          0x08014984      0x134 /home/laurence/CodeSourcery/Sourcery_G++_Lite/bin/../lib/gcc/arm-none-eabi/4.4.1/../../../../arm-none-eabi/lib/thumb2/libm.a(lib_a-s_rint.o)
                0x08014984                rint
 .text          0x08014ab8      0x118 /home/laurence/CodeSourcery/Sourcery_G++_Lite/bin/../lib/gcc/arm-none-eabi/4.4.1/../../../../arm-none-eabi/lib/thumb2/libm.a(lib_a-s_scalbn.o)
                0x08014ab8                scalbn
 .text          0x08014bd0       0x18 /home/laurence/CodeSourcery/Sourcery_G++_Lite/bin/../lib/gcc/arm-none-eabi/4.4.1/../../../../arm-none-eabi/lib/thumb2/libm.a(lib_a-s_copysign.o)
                0x08014bd0                copysign
 .text          0x08014be8      0x2b0 /home/laurence/CodeSourcery/Sourcery_G++_Lite/bin/../lib/gcc/arm-none-eabi/4.4.1/thumb2/libgcc.a(_divsi3.o)
                0x08014be8                __aeabi_idiv
                0x08014be8                __divsi3
                0x08014e7c                __aeabi_idivmod
 .text          0x08014e98        0x4 /home/laurence/CodeSourcery/Sourcery_G++_Lite/bin/../lib/gcc/arm-none-eabi/4.4.1/thumb2/libgcc.a(_dvmd_tls.o)
                0x08014e98                __aeabi_ldiv0
                0x08014e98                __aeabi_idiv0
 .text          0x08014e9c      0x370 /home/laurence/CodeSourcery/Sourcery_G++_Lite/bin/../lib/gcc/arm-none-eabi/4.4.1/thumb2/libgcc.a(_arm_addsubdf3.o)
                0x08014e9c                __aeabi_drsub
                0x08014ea4                __aeabi_dsub
                0x08014ea4                __subdf3
                0x08014ea8                __adddf3
                0x08014ea8                __aeabi_dadd
                0x08015120                __aeabi_ui2d
                0x08015120                __floatunsidf
                0x08015140                __floatsidf
                0x08015140                __aeabi_i2d
                0x08015164                __extendsfdf2
                0x08015164                __aeabi_f2d
                0x080151a0                __aeabi_ul2d
                0x080151a0                __floatundidf
                0x080151b0                __floatdidf
                0x080151b0                __aeabi_l2d
 .text          0x0801520c      0x424 /home/laurence/CodeSourcery/Sourcery_G++_Lite/bin/../lib/gcc/arm-none-eabi/4.4.1/thumb2/libgcc.a(_arm_muldivdf3.o)
                0x0801520c                __aeabi_dmul
                0x0801520c                __muldf3
                0x08015460                __aeabi_ddiv
                0x08015460                __divdf3
 .text          0x08015630      0x110 /home/laurence/CodeSourcery/Sourcery_G++_Lite/bin/../lib/gcc/arm-none-eabi/4.4.1/thumb2/libgcc.a(_arm_cmpdf2.o)
                0x08015630                __gtdf2
                0x08015630                __gedf2
                0x08015638                __ltdf2
                0x08015638                __ledf2
                0x08015640                __cmpdf2
                0x08015640                __eqdf2
                0x08015640                __nedf2
                0x080156bc                __aeabi_cdrcmple
                0x080156cc                __aeabi_cdcmple
                0x080156cc                __aeabi_cdcmpeq
                0x080156dc                __aeabi_dcmpeq
                0x080156f0                __aeabi_dcmplt
                0x08015704                __aeabi_dcmple
                0x08015718                __aeabi_dcmpge
                0x0801572c                __aeabi_dcmpgt
 .text          0x08015740       0x50 /home/laurence/CodeSourcery/Sourcery_G++_Lite/bin/../lib/gcc/arm-none-eabi/4.4.1/thumb2/libgcc.a(_arm_fixdfsi.o)
                0x08015740                __fixdfsi
                0x08015740                __aeabi_d2iz
 .text          0x08015790       0xa0 /home/laurence/CodeSourcery/Sourcery_G++_Lite/bin/../lib/gcc/arm-none-eabi/4.4.1/thumb2/libgcc.a(_arm_truncdfsf2.o)
                0x08015790                __aeabi_d2f
                0x08015790                __truncdfsf2
 .text          0x08015830      0x21c /home/laurence/CodeSourcery/Sourcery_G++_Lite/bin/../lib/gcc/arm-none-eabi/4.4.1/thumb2/libgcc.a(_arm_addsubsf3.o)
                0x08015830                __aeabi_frsub
                0x08015838                __subsf3
                0x08015838                __aeabi_fsub
                0x0801583c                __aeabi_fadd
                0x0801583c                __addsf3
                0x0801599c                __aeabi_ui2f
                0x0801599c                __floatunsisf
                0x080159a4                __aeabi_i2f
                0x080159a4                __floatsisf
                0x080159c0                __floatundisf
                0x080159c0                __aeabi_ul2f
                0x080159d0                __floatdisf
                0x080159d0                __aeabi_l2f
 .text          0x08015a4c      0x2a0 /home/laurence/CodeSourcery/Sourcery_G++_Lite/bin/../lib/gcc/arm-none-eabi/4.4.1/thumb2/libgcc.a(_arm_muldivsf3.o)
                0x08015a4c                __mulsf3
                0x08015a4c                __aeabi_fmul
                0x08015bb4                __divsf3
                0x08015bb4                __aeabi_fdiv
 .text          0x08015cec       0xec /home/laurence/CodeSourcery/Sourcery_G++_Lite/bin/../lib/gcc/arm-none-eabi/4.4.1/thumb2/libgcc.a(_arm_cmpsf2.o)
                0x08015cec                __gtsf2
                0x08015cec                __gesf2
                0x08015cf4                __lesf2
                0x08015cf4                __ltsf2
                0x08015cfc                __nesf2
                0x08015cfc                __eqsf2
                0x08015cfc                __cmpsf2
                0x08015d5c                __aeabi_cfrcmple
                0x08015d64                __aeabi_cfcmple
                0x08015d64                __aeabi_cfcmpeq
                0x08015d74                __aeabi_fcmpeq
                0x08015d88                __aeabi_fcmplt
                0x08015d9c                __aeabi_fcmple
                0x08015db0                __aeabi_fcmpge
                0x08015dc4                __aeabi_fcmpgt
 .text          0x08015dd8       0x4c /home/laurence/CodeSourcery/Sourcery_G++_Lite/bin/../lib/gcc/arm-none-eabi/4.4.1/thumb2/libgcc.a(_arm_fixsfsi.o)
                0x08015dd8                __fixsfsi
                0x08015dd8                __aeabi_f2iz
 .text          0x08015e24       0x40 /home/laurence/CodeSourcery/Sourcery_G++_Lite/bin/../lib/gcc/arm-none-eabi/4.4.1/thumb2/libgcc.a(_arm_fixunssfsi.o)
                0x08015e24                __aeabi_f2uiz
                0x08015e24                __fixunssfsi
 .text          0x08015e64        0xc /home/laurence/CodeSourcery/Sourcery_G++_Lite/bin/../lib/gcc/arm-none-eabi/4.4.1/../../../../arm-none-eabi/lib/thumb2/libc.a(lib_a-errno.o)
                0x08015e64                __errno
 .text          0x08015e70       0x20 /home/laurence/CodeSourcery/Sourcery_G++_Lite/bin/../lib/gcc/arm-none-eabi/4.4.1/../../../../arm-none-eabi/lib/thumb2/libc.a(lib_a-malloc.o)
                0x08015e70                free
                0x08015e80                malloc
 .text          0x08015e90      0x5a4 /home/laurence/CodeSourcery/Sourcery_G++_Lite/bin/../lib/gcc/arm-none-eabi/4.4.1/../../../../arm-none-eabi/lib/thumb2/libc.a(lib_a-mallocr.o)
                0x08015e90                _malloc_r
 .text          0x08016434        0x8 /home/laurence/CodeSourcery/Sourcery_G++_Lite/bin/../lib/gcc/arm-none-eabi/4.4.1/../../../../arm-none-eabi/lib/thumb2/libc.a(lib_a-mlock.o)
                0x08016434                __malloc_lock
                0x08016438                __malloc_unlock
 .text          0x0801643c       0x28 /home/laurence/CodeSourcery/Sourcery_G++_Lite/bin/../lib/gcc/arm-none-eabi/4.4.1/../../../../arm-none-eabi/lib/thumb2/libc.a(lib_a-sbrkr.o)
                0x0801643c                _sbrk_r
 .text          0x08016464       0xbc /home/laurence/CodeSourcery/Sourcery_G++_Lite/bin/../lib/gcc/arm-none-eabi/4.4.1/../../../../arm-none-eabi/lib/thumb2/libc.a(lib_a-strcpy.o)
                0x08016464                strcpy
 .text          0x08016520      0x268 /home/laurence/CodeSourcery/Sourcery_G++_Lite/bin/../lib/gcc/arm-none-eabi/4.4.1/../../../../arm-none-eabi/lib/thumb2/libc.a(lib_a-freer.o)
                0x08016520                _malloc_trim_r
                0x080165c8                _free_r
 .text          0x08016788       0x30 /home/laurence/CodeSourcery/Sourcery_G++_Lite/bin/../lib/gcc/arm-none-eabi/4.4.1/../../../../arm-none-eabi/lib/thumb2/libcs3.a(start_c.o)
                0x08016788                __cs3_premain
 .text.cs3.init
                0x080167b8       0x5c /home/laurence/CodeSourcery/Sourcery_G++_Lite/bin/../lib/gcc/arm-none-eabi/4.4.1/../../../../arm-none-eabi/lib/thumb2/libcs3.a(start_c.o)
                0x080167b8                __cs3_start_c
 .text          0x08016814       0x44 /home/laurence/CodeSourcery/Sourcery_G++_Lite/bin/../lib/gcc/arm-none-eabi/4.4.1/../../../../arm-none-eabi/lib/thumb2/libcs3unhosted.a(unhosted-sbrk.o)
                0x08016814                _sbrk
 .text.cs3.init
                0x08016858       0x10 /home/laurence/CodeSourcery/Sourcery_G++_Lite/bin/../lib/gcc/arm-none-eabi/4.4.1/../../../../arm-none-eabi/lib/thumb2/libcs3unhosted.a(unhosted-start.o)
                0x08016858                _start
 .text          0x08016868        0x2 lib/libcs3-lanchon-stm32.a(lanchon_stm32_isr_interrupt.o)
                0x08016868                MemManageException
                0x08016868                BusFaultException
                0x08016868                DMAChannel7_IRQHandler
                0x08016868                DebugMonitor
                0x08016868                SVCHandler
                0x08016868                HardFaultException
                0x08016868                __STM32ReservedException8
                0x08016868                USB_HP_CAN_TX_IRQHandler
                0x08016868                __STM32DefaultExceptionHandler
                0x08016868                DMAChannel1_IRQHandler
                0x08016868                CAN_SCE_IRQHandler
                0x08016868                __STM32ReservedException10
                0x08016868                __STM32ReservedException13
                0x08016868                NMIException
                0x08016868                DMAChannel4_IRQHandler
                0x08016868                SysTickHandler
                0x08016868                PendSVC
                0x08016868                CAN_RX1_IRQHandler
                0x08016868                ADC_IRQHandler
                0x08016868                DMAChannel5_IRQHandler
                0x08016868                DMAChannel2_IRQHandler
                0x08016868                USB_LP_CAN_RX0_IRQHandler
                0x08016868                __STM32ReservedException7
                0x08016868                UsageFaultException
                0x08016868                DMAChannel6_IRQHandler
                0x08016868                DMAChannel3_IRQHandler
                0x08016868                __STM32ReservedException9
 *fill*         0x0801686a        0x2 00
 .text          0x0801686c       0x50 /home/laurence/CodeSourcery/Sourcery_G++_Lite/bin/../lib/gcc/arm-none-eabi/4.4.1/../../../../arm-none-eabi/lib/thumb2/libc.a(lib_a-init.o)
                0x0801686c                __libc_init_array
 *(.plt)
 *(.gnu.warning)
 *(.glue_7t)
 .glue_7t       0x00000000        0x0 linker stubs
 *(.glue_7)
 .glue_7        0x00000000        0x0 linker stubs
 *(.vfp11_veneer)
 .vfp11_veneer  0x00000000        0x0 linker stubs
 *(.rodata .rodata.* .gnu.linkonce.r.*)
 .rodata        0x080168bc        0x8 Sensors/bmp085.o
 .rodata        0x080168c4      0x888 Sensors/earth_field.o
 .rodata.str1.1
                0x0801714c        0x9 Sensors/earth_field.o
 *fill*         0x08017155        0x3 00
 .rodata        0x08017158        0x8 Sensors/pitot.o
 .rodata        0x08017160       0xc4 Sensors/ubx.o
 .rodata.str1.1
                0x08017224      0x13b Sensors/ubx.o
 .rodata.str1.1
                0x0801735f        0xf Util/Fatfs/ff.o
 *fill*         0x0801736e        0x2 00
 .rodata        0x08017370        0xc Util/Fatfs/rtc.o
 .rodata        0x0801737c       0x14 Util/rprintf.o
 .rodata.str1.1
                0x08017390        0x6 Util/rprintf.o
 *fill*         0x08017396        0x2 00
 .rodata        0x08017398       0x1c i2c.o
 .rodata        0x080173b4       0x14 lib/CMSIS_CM3/system_stm32f10x.o
                0x080173b4                SystemFrequency
                0x080173b8                SystemFrequency_SysClk
                0x080173bc                SystemFrequency_AHBClk
                0x080173c0                SystemFrequency_APB1Clk
                0x080173c4                SystemFrequency_APB2Clk
 .rodata        0x080173c8       0x60 main.o
 .rodata.str1.1
                0x08017428      0x2ac main.o
 .rodata        0x080176d4       0x90 Control/imu.o
 .rodata.str1.4
                0x08017764        0x5 /home/laurence/CodeSourcery/Sourcery_G++_Lite/bin/../lib/gcc/arm-none-eabi/4.4.1/../../../../arm-none-eabi/lib/thumb2/libm.a(lib_a-w_asin.o)
                                  0xc (size before relaxing)
 *fill*         0x08017769        0x3 00
 .rodata.str1.4
                0x0801776c        0x4 /home/laurence/CodeSourcery/Sourcery_G++_Lite/bin/../lib/gcc/arm-none-eabi/4.4.1/../../../../arm-none-eabi/lib/thumb2/libm.a(lib_a-w_pow.o)
 .rodata.str1.4
                0x08017770        0x5 /home/laurence/CodeSourcery/Sourcery_G++_Lite/bin/../lib/gcc/arm-none-eabi/4.4.1/../../../../arm-none-eabi/lib/thumb2/libm.a(lib_a-w_sqrt.o)
                                  0x8 (size before relaxing)
 *fill*         0x08017775        0x3 00
 .rodata        0x08017778       0x30 /home/laurence/CodeSourcery/Sourcery_G++_Lite/bin/../lib/gcc/arm-none-eabi/4.4.1/../../../../arm-none-eabi/lib/thumb2/libm.a(lib_a-e_pow.o)
 .rodata.str1.4
                0x00000000        0x4 /home/laurence/CodeSourcery/Sourcery_G++_Lite/bin/../lib/gcc/arm-none-eabi/4.4.1/../../../../arm-none-eabi/lib/thumb2/libm.a(lib_a-e_pow.o)
 .rodata        0x080177a8      0x188 /home/laurence/CodeSourcery/Sourcery_G++_Lite/bin/../lib/gcc/arm-none-eabi/4.4.1/../../../../arm-none-eabi/lib/thumb2/libm.a(lib_a-e_rem_pio2.o)
 .rodata        0x08017930       0x50 /home/laurence/CodeSourcery/Sourcery_G++_Lite/bin/../lib/gcc/arm-none-eabi/4.4.1/../../../../arm-none-eabi/lib/thumb2/libm.a(lib_a-k_rem_pio2.o)
 .rodata        0x08017980       0x40 /home/laurence/CodeSourcery/Sourcery_G++_Lite/bin/../lib/gcc/arm-none-eabi/4.4.1/../../../../arm-none-eabi/lib/thumb2/libm.a(lib_a-s_atan.o)
 .rodata        0x080179c0       0x10 /home/laurence/CodeSourcery/Sourcery_G++_Lite/bin/../lib/gcc/arm-none-eabi/4.4.1/../../../../arm-none-eabi/lib/thumb2/libm.a(lib_a-s_rint.o)
 .rodata.str1.4
                0x080179d0        0x4 /home/laurence/CodeSourcery/Sourcery_G++_Lite/bin/../lib/gcc/arm-none-eabi/4.4.1/../../../../arm-none-eabi/lib/thumb2/libc.a(lib_a-impure.o)
 *(.ARM.extab* .gnu.linkonce.armextab.*)
 *(.gcc_except_table)
 *(.eh_frame_hdr)
 *(.eh_frame)
                0x080179d4                . = ALIGN (0x4)
 *(.init)
 .init          0x080179d4        0x4 /home/laurence/CodeSourcery/Sourcery_G++_Lite/bin/../lib/gcc/arm-none-eabi/4.4.1/thumb2/crti.o
                0x080179d4                _init
 .init          0x080179d8        0x8 /home/laurence/CodeSourcery/Sourcery_G++_Lite/bin/../lib/gcc/arm-none-eabi/4.4.1/thumb2/crtn.o
                0x080179e0                . = ALIGN (0x4)
                0x080179e0                __preinit_array_start = .
 *(.preinit_array)
                0x080179e0                __preinit_array_end = .
                0x080179e0                . = ALIGN (0x4)
                0x080179e0                __init_array_start = .
 *(SORT(.init_array.*))
 *(.init_array)
 .init_array    0x080179e0        0x4 /home/laurence/CodeSourcery/Sourcery_G++_Lite/bin/../lib/gcc/arm-none-eabi/4.4.1/thumb2/crtbegin.o
                0x080179e4                __init_array_end = .
                0x080179e4                . = ALIGN (0x4)
 *crtbegin.o(.ctors)
 *(EXCLUDE_FILE(*crtend.o) .ctors)
 *(SORT(.ctors.*))
 *crtend.o(.ctors)
                0x080179e4                . = ALIGN (0x4)
 *(.fini)
 .fini          0x080179e4        0x4 /home/laurence/CodeSourcery/Sourcery_G++_Lite/bin/../lib/gcc/arm-none-eabi/4.4.1/thumb2/crti.o
                0x080179e4                _fini
 .fini          0x080179e8        0x8 /home/laurence/CodeSourcery/Sourcery_G++_Lite/bin/../lib/gcc/arm-none-eabi/4.4.1/thumb2/crtn.o
                0x080179f0                . = ALIGN (0x4)
                0x080179f0                __fini_array_start = .
 *(.fini_array)
 .fini_array    0x080179f0        0x4 /home/laurence/CodeSourcery/Sourcery_G++_Lite/bin/../lib/gcc/arm-none-eabi/4.4.1/thumb2/crtbegin.o
 *(SORT(.fini_array.*))
                0x080179f4                __fini_array_end = .
 *crtbegin.o(.dtors)
 *(EXCLUDE_FILE(*crtend.o) .dtors)
 *(SORT(.dtors.*))
 *crtend.o(.dtors)
                0x080179f4                . = ALIGN (0x4)
                0x080179f4                __cs3_regions = .
                0x080179f4        0x4 LONG 0x0
                0x080179f8        0x4 LONG 0x8017a08 __cs3_region_init_ram
                0x080179fc        0x4 LONG 0x20000000 __cs3_region_start_ram
                0x08017a00        0x4 LONG 0x5e0 __cs3_region_init_size_ram
                0x08017a04        0x4 LONG 0x1168 __cs3_region_zero_size_ram
                0x08017a08                __exidx_start = .

.v4_bx          0x08017a08        0x0
 .v4_bx         0x00000000        0x0 linker stubs

.ARM.exidx
 *(.ARM.exidx* .gnu.linkonce.armexidx.*)
                0x08017a08                __exidx_end = .

.text.align     0x08017a08        0x0
                0x08017a08                . = ALIGN (0x8)
                0x08017a08                _etext = .
                0x08020000                __cs3_region_end_rom = (__cs3_region_start_rom + 0x20000)
                0x00020000                __cs3_region_size_rom = 0x20000
                0x00000001                __cs3_region_num = 0x1

.data           0x20000000      0x5e0 load address 0x08017a08
                0x20000000                __cs3_region_start_ram = .
 *(.cs3.region-head.ram)
 *(.jcr)
 .jcr           0x20000000        0x0 /home/laurence/CodeSourcery/Sourcery_G++_Lite/bin/../lib/gcc/arm-none-eabi/4.4.1/thumb2/crtbegin.o
 .jcr           0x20000000        0x4 /home/laurence/CodeSourcery/Sourcery_G++_Lite/bin/../lib/gcc/arm-none-eabi/4.4.1/thumb2/crtend.o
 *(.got.plt)
 *(.got)
 *(.shdata)
 *(.data .data.* .gnu.linkonce.d.*)
 .data          0x20000004        0x1 Util/Fatfs/sd_spi_stm32.o
 *fill*         0x20000005        0x3 00
 .data          0x20000008       0xb4 Control/imu.o
 .data          0x200000bc       0x14 lib/STM32F10x_StdPeriph_Driver/libstm32fw.a(stm32f10x_rcc.o)
 .data          0x200000d0        0x1 /home/laurence/CodeSourcery/Sourcery_G++_Lite/bin/../lib/gcc/arm-none-eabi/4.4.1/../../../../arm-none-eabi/lib/thumb2/libm.a(lib_a-s_lib_ver.o)
                0x200000d0                __fdlib_version
 *fill*         0x200000d1        0x3 00
 .data          0x200000d4       0xf4 /home/laurence/CodeSourcery/Sourcery_G++_Lite/bin/../lib/gcc/arm-none-eabi/4.4.1/../../../../arm-none-eabi/lib/thumb2/libc.a(lib_a-impure.o)
                0x200000d4                _impure_ptr
 .data          0x200001c8      0x410 /home/laurence/CodeSourcery/Sourcery_G++_Lite/bin/../lib/gcc/arm-none-eabi/4.4.1/../../../../arm-none-eabi/lib/thumb2/libc.a(lib_a-mallocr.o)
                0x200001c8                __malloc_av_
                0x200005d0                __malloc_sbrk_base
                0x200005d4                __malloc_trim_threshold
 .data          0x200005d8        0x4 /home/laurence/CodeSourcery/Sourcery_G++_Lite/bin/../lib/gcc/arm-none-eabi/4.4.1/../../../../arm-none-eabi/lib/thumb2/libcs3unhosted.a(unhosted-sbrk.o)
 .data          0x200005dc        0x4 /home/laurence/CodeSourcery/Sourcery_G++_Lite/bin/../lib/gcc/arm-none-eabi/4.4.1/../../../../arm-none-eabi/lib/thumb2/libcs3.a(heap.o)
                0x200005dc                __cs3_heap_limit
 *(.ram)
                0x200005e0                . = ALIGN (0x8)
                0x200005e0                _edata = .

.bss            0x200005e0     0x1168 load address 0x08017fe8
 *(.shbss)
 *(.bss .bss.* .gnu.linkonce.b.*)
 .bss           0x200005e0        0x1 /home/laurence/CodeSourcery/Sourcery_G++_Lite/bin/../lib/gcc/arm-none-eabi/4.4.1/thumb2/crtbegin.o
 *fill*         0x200005e1        0x3 00
 .bss           0x200005e4       0x20 Sensors/bmp085.o
                0x200005e4                Sea_Level_Pressure
                0x200005e8                Our_Sensorcal
                0x20000600                Bmp_temp
 .bss           0x20000604        0xc Sensors/earth_field.o
 .bss           0x20000610        0xa Sensors/ubx.o
 *fill*         0x2000061a        0x2 00
 .bss           0x2000061c        0x8 Util/Fatfs/ff.o
 .bss           0x20000624       0x10 Util/Fatfs/sd_spi_stm32.o
 .bss           0x20000634       0x84 Util/rprintf.o
 .bss           0x200006b8      0x3cc main.o
                0x200006b8                Gps_Buffer
                0x200007bc                Gps
                0x200007f0                Home_Position
                0x200007fc                Long_To_Meters_Home
                0x20000a30                f_err_code
                0x20000a34                Nav_Flag
                0x20000a38                Nav_Global
                0x20000a6c                Balt
                0x20000a70                Waypoint_Global
                0x20000a7c                New_Waypoint_Flagged
                0x20000a80                Ground_Flag
 .bss           0x20000a84       0x1c pwm.o
                0x20000a84                TIM_TimeBaseStructure
                0x20000a90                TIM_OCInitStructure
 .bss           0x20000aa0      0xbf8 Control/ekf.o
                0x20000aa0                Be
                0x20000aac                P
                0x20000d50                X
                0x20000d84                Q
                0x20000da8                R
                0x20000dd0                F
                0x20001074                G
                0x20001248                K
                0x20001450                H
                0x20001658                Nav
                0x2000168c                zeros
 .bss           0x20001698       0x78 Control/imu.o
 .bss           0x20001710       0x34 /home/laurence/CodeSourcery/Sourcery_G++_Lite/bin/../lib/gcc/arm-none-eabi/4.4.1/../../../../arm-none-eabi/lib/thumb2/libc.a(lib_a-mallocr.o)
                0x20001710                __malloc_top_pad
                0x20001714                __malloc_current_mallinfo
                0x2000173c                __malloc_max_sbrked_mem
                0x20001740                __malloc_max_total_mem
 *(COMMON)
 COMMON         0x20001744        0x4 /home/laurence/CodeSourcery/Sourcery_G++_Lite/bin/../lib/gcc/arm-none-eabi/4.4.1/../../../../arm-none-eabi/lib/thumb2/libc.a(lib_a-reent.o)
                0x20001744                errno
 *(.ram.b)
                0x20001748                . = ALIGN (0x8)
                0x20001748                _end = .
                0x20001748                __end = .
                0x20005000                __cs3_region_end_ram = (__cs3_region_start_ram + 0x5000)
                0x00005000                __cs3_region_size_ram = 0x5000
                0x08017a08                __cs3_region_init_ram = LOADADDR (.data)
                0x000005e0                __cs3_region_init_size_ram = (_edata - ADDR (.data))
                0x00001168                __cs3_region_zero_size_ram = (_end - _edata)
                0x00000001                __cs3_region_num = 0x1

.stab
 *(.stab)

.stabstr
 *(.stabstr)

.debug
 *(.debug)

.line
 *(.line)

.debug_srcinfo
 *(.debug_srcinfo)

.debug_sfnames
 *(.debug_sfnames)

.debug_aranges
 *(.debug_aranges)

.debug_pubnames
 *(.debug_pubnames)

.debug_info
 *(.debug_info .gnu.linkonce.wi.*)

.debug_abbrev
 *(.debug_abbrev)

.debug_line
 *(.debug_line)

.comment        0x00000000      0x68d
 .comment       0x00000000       0x2b Sensors/bmp085.o
 .comment       0x0000002b       0x2b Sensors/earth_field.o
 .comment       0x00000056       0x2b Sensors/pitot.o
 .comment       0x00000081       0x2b Sensors/ubx.o
 .comment       0x000000ac       0x2b Util/Fatfs/fattime.o
 .comment       0x000000d7       0x2b Util/Fatfs/ff.o
 .comment       0x00000102       0x2b Util/Fatfs/rtc.o
 .comment       0x0000012d       0x2b Util/Fatfs/sd_spi_stm32.o
 .comment       0x00000158       0x2b Util/atmospherics.o
 .comment       0x00000183       0x2b Util/coords.o
 .comment       0x000001ae       0x2b Util/delay.o
 .comment       0x000001d9       0x2b Util/rprintf.o
 .comment       0x00000204       0x2b Util/time.o
 .comment       0x0000022f       0x2b dma.o
 .comment       0x0000025a       0x2b gpio.o
 .comment       0x00000285       0x2b i2c.o
 .comment       0x000002b0       0x2b interrupts.o
 .comment       0x000002db       0x2b lib/CMSIS_CM3/core_cm3.o
 .comment       0x00000306       0x2b lib/CMSIS_CM3/system_stm32f10x.o
 .comment       0x00000331       0x2b main.o
 .comment       0x0000035c       0x2b pwm.o
 .comment       0x00000387       0x2b usart.o
 .comment       0x000003b2       0x2b Control/ekf.o
 .comment       0x000003dd       0x2b Control/imu.o
 .comment       0x00000408       0x2b Control/loops.o
 .comment       0x00000433       0x2b Control/sensorcal.o
 .comment       0x0000045e       0x2b Control/servos.o
 .comment       0x00000489       0x2b lib/STM32F10x_StdPeriph_Driver/libstm32fw.a(misc.o)
 .comment       0x000004b4       0x2b lib/STM32F10x_StdPeriph_Driver/libstm32fw.a(stm32f10x_bkp.o)
 .comment       0x000004df       0x2b lib/STM32F10x_StdPeriph_Driver/libstm32fw.a(stm32f10x_dma.o)
 .comment       0x0000050a       0x2b lib/STM32F10x_StdPeriph_Driver/libstm32fw.a(stm32f10x_exti.o)
 .comment       0x00000535       0x2b lib/STM32F10x_StdPeriph_Driver/libstm32fw.a(stm32f10x_gpio.o)
 .comment       0x00000560       0x2b lib/STM32F10x_StdPeriph_Driver/libstm32fw.a(stm32f10x_i2c.o)
 .comment       0x0000058b       0x2b lib/STM32F10x_StdPeriph_Driver/libstm32fw.a(stm32f10x_pwr.o)
 .comment       0x000005b6       0x2b lib/STM32F10x_StdPeriph_Driver/libstm32fw.a(stm32f10x_rcc.o)
 .comment       0x000005e1       0x2b lib/STM32F10x_StdPeriph_Driver/libstm32fw.a(stm32f10x_rtc.o)
 .comment       0x0000060c       0x2b lib/STM32F10x_StdPeriph_Driver/libstm32fw.a(stm32f10x_spi.o)
 .comment       0x00000637       0x2b lib/STM32F10x_StdPeriph_Driver/libstm32fw.a(stm32f10x_tim.o)
 .comment       0x00000662       0x2b lib/STM32F10x_StdPeriph_Driver/libstm32fw.a(stm32f10x_usart.o)

.debug_frame    0x00000000      0x71c
 *(.debug_frame)
 .debug_frame   0x00000000       0x34 /home/laurence/CodeSourcery/Sourcery_G++_Lite/bin/../lib/gcc/arm-none-eabi/4.4.1/../../../../arm-none-eabi/lib/thumb2/libm.a(lib_a-s_cos.o)
 .debug_frame   0x00000034       0x34 /home/laurence/CodeSourcery/Sourcery_G++_Lite/bin/../lib/gcc/arm-none-eabi/4.4.1/../../../../arm-none-eabi/lib/thumb2/libm.a(lib_a-s_sin.o)
 .debug_frame   0x00000068       0x38 /home/laurence/CodeSourcery/Sourcery_G++_Lite/bin/../lib/gcc/arm-none-eabi/4.4.1/../../../../arm-none-eabi/lib/thumb2/libm.a(lib_a-w_asin.o)
 .debug_frame   0x000000a0       0x20 /home/laurence/CodeSourcery/Sourcery_G++_Lite/bin/../lib/gcc/arm-none-eabi/4.4.1/../../../../arm-none-eabi/lib/thumb2/libm.a(lib_a-w_atan2.o)
 .debug_frame   0x000000c0       0x3c /home/laurence/CodeSourcery/Sourcery_G++_Lite/bin/../lib/gcc/arm-none-eabi/4.4.1/../../../../arm-none-eabi/lib/thumb2/libm.a(lib_a-w_pow.o)
 .debug_frame   0x000000fc       0x3c /home/laurence/CodeSourcery/Sourcery_G++_Lite/bin/../lib/gcc/arm-none-eabi/4.4.1/../../../../arm-none-eabi/lib/thumb2/libm.a(lib_a-w_sqrt.o)
 .debug_frame   0x00000138       0x3c /home/laurence/CodeSourcery/Sourcery_G++_Lite/bin/../lib/gcc/arm-none-eabi/4.4.1/../../../../arm-none-eabi/lib/thumb2/libm.a(lib_a-e_asin.o)
 .debug_frame   0x00000174       0x3c /home/laurence/CodeSourcery/Sourcery_G++_Lite/bin/../lib/gcc/arm-none-eabi/4.4.1/../../../../arm-none-eabi/lib/thumb2/libm.a(lib_a-e_atan2.o)
 .debug_frame   0x000001b0       0x3c /home/laurence/CodeSourcery/Sourcery_G++_Lite/bin/../lib/gcc/arm-none-eabi/4.4.1/../../../../arm-none-eabi/lib/thumb2/libm.a(lib_a-e_pow.o)
 .debug_frame   0x000001ec       0x3c /home/laurence/CodeSourcery/Sourcery_G++_Lite/bin/../lib/gcc/arm-none-eabi/4.4.1/../../../../arm-none-eabi/lib/thumb2/libm.a(lib_a-e_rem_pio2.o)
 .debug_frame   0x00000228       0x34 /home/laurence/CodeSourcery/Sourcery_G++_Lite/bin/../lib/gcc/arm-none-eabi/4.4.1/../../../../arm-none-eabi/lib/thumb2/libm.a(lib_a-e_sqrt.o)
 .debug_frame   0x0000025c       0x3c /home/laurence/CodeSourcery/Sourcery_G++_Lite/bin/../lib/gcc/arm-none-eabi/4.4.1/../../../../arm-none-eabi/lib/thumb2/libm.a(lib_a-k_cos.o)
 .debug_frame   0x00000298       0x3c /home/laurence/CodeSourcery/Sourcery_G++_Lite/bin/../lib/gcc/arm-none-eabi/4.4.1/../../../../arm-none-eabi/lib/thumb2/libm.a(lib_a-k_rem_pio2.o)
 .debug_frame   0x000002d4       0x3c /home/laurence/CodeSourcery/Sourcery_G++_Lite/bin/../lib/gcc/arm-none-eabi/4.4.1/../../../../arm-none-eabi/lib/thumb2/libm.a(lib_a-k_sin.o)
 .debug_frame   0x00000310       0x38 /home/laurence/CodeSourcery/Sourcery_G++_Lite/bin/../lib/gcc/arm-none-eabi/4.4.1/../../../../arm-none-eabi/lib/thumb2/libm.a(lib_a-s_atan.o)
 .debug_frame   0x00000348       0x20 /home/laurence/CodeSourcery/Sourcery_G++_Lite/bin/../lib/gcc/arm-none-eabi/4.4.1/../../../../arm-none-eabi/lib/thumb2/libm.a(lib_a-s_fabs.o)
 .debug_frame   0x00000368       0x20 /home/laurence/CodeSourcery/Sourcery_G++_Lite/bin/../lib/gcc/arm-none-eabi/4.4.1/../../../../arm-none-eabi/lib/thumb2/libm.a(lib_a-s_finite.o)
 .debug_frame   0x00000388       0x34 /home/laurence/CodeSourcery/Sourcery_G++_Lite/bin/../lib/gcc/arm-none-eabi/4.4.1/../../../../arm-none-eabi/lib/thumb2/libm.a(lib_a-s_floor.o)
 .debug_frame   0x000003bc       0x20 /home/laurence/CodeSourcery/Sourcery_G++_Lite/bin/../lib/gcc/arm-none-eabi/4.4.1/../../../../arm-none-eabi/lib/thumb2/libm.a(lib_a-s_isnand.o)
 .debug_frame   0x000003dc       0x20 /home/laurence/CodeSourcery/Sourcery_G++_Lite/bin/../lib/gcc/arm-none-eabi/4.4.1/../../../../arm-none-eabi/lib/thumb2/libm.a(lib_a-s_matherr.o)
 .debug_frame   0x000003fc       0x20 /home/laurence/CodeSourcery/Sourcery_G++_Lite/bin/../lib/gcc/arm-none-eabi/4.4.1/../../../../arm-none-eabi/lib/thumb2/libm.a(lib_a-s_nan.o)
 .debug_frame   0x0000041c       0x38 /home/laurence/CodeSourcery/Sourcery_G++_Lite/bin/../lib/gcc/arm-none-eabi/4.4.1/../../../../arm-none-eabi/lib/thumb2/libm.a(lib_a-s_rint.o)
 .debug_frame   0x00000454       0x30 /home/laurence/CodeSourcery/Sourcery_G++_Lite/bin/../lib/gcc/arm-none-eabi/4.4.1/../../../../arm-none-eabi/lib/thumb2/libm.a(lib_a-s_scalbn.o)
 .debug_frame   0x00000484       0x28 /home/laurence/CodeSourcery/Sourcery_G++_Lite/bin/../lib/gcc/arm-none-eabi/4.4.1/../../../../arm-none-eabi/lib/thumb2/libm.a(lib_a-s_copysign.o)
 .debug_frame   0x000004ac       0x20 /home/laurence/CodeSourcery/Sourcery_G++_Lite/bin/../lib/gcc/arm-none-eabi/4.4.1/thumb2/libgcc.a(_divsi3.o)
 .debug_frame   0x000004cc       0x20 /home/laurence/CodeSourcery/Sourcery_G++_Lite/bin/../lib/gcc/arm-none-eabi/4.4.1/../../../../arm-none-eabi/lib/thumb2/libc.a(lib_a-errno.o)
 .debug_frame   0x000004ec       0x30 /home/laurence/CodeSourcery/Sourcery_G++_Lite/bin/../lib/gcc/arm-none-eabi/4.4.1/../../../../arm-none-eabi/lib/thumb2/libc.a(lib_a-malloc.o)
 .debug_frame   0x0000051c       0x3c /home/laurence/CodeSourcery/Sourcery_G++_Lite/bin/../lib/gcc/arm-none-eabi/4.4.1/../../../../arm-none-eabi/lib/thumb2/libc.a(lib_a-mallocr.o)
 .debug_frame   0x00000558       0x30 /home/laurence/CodeSourcery/Sourcery_G++_Lite/bin/../lib/gcc/arm-none-eabi/4.4.1/../../../../arm-none-eabi/lib/thumb2/libc.a(lib_a-mlock.o)
 .debug_frame   0x00000588       0x2c /home/laurence/CodeSourcery/Sourcery_G++_Lite/bin/../lib/gcc/arm-none-eabi/4.4.1/../../../../arm-none-eabi/lib/thumb2/libc.a(lib_a-sbrkr.o)
 .debug_frame   0x000005b4       0x20 /home/laurence/CodeSourcery/Sourcery_G++_Lite/bin/../lib/gcc/arm-none-eabi/4.4.1/../../../../arm-none-eabi/lib/thumb2/libc.a(lib_a-strcpy.o)
 .debug_frame   0x000005d4       0x50 /home/laurence/CodeSourcery/Sourcery_G++_Lite/bin/../lib/gcc/arm-none-eabi/4.4.1/../../../../arm-none-eabi/lib/thumb2/libc.a(lib_a-freer.o)
 .debug_frame   0x00000624       0x64 /home/laurence/CodeSourcery/Sourcery_G++_Lite/bin/../lib/gcc/arm-none-eabi/4.4.1/../../../../arm-none-eabi/lib/thumb2/libc.a(lib_a-reent.o)
 .debug_frame   0x00000688       0x40 /home/laurence/CodeSourcery/Sourcery_G++_Lite/bin/../lib/gcc/arm-none-eabi/4.4.1/../../../../arm-none-eabi/lib/thumb2/libcs3.a(start_c.o)
 .debug_frame   0x000006c8       0x28 /home/laurence/CodeSourcery/Sourcery_G++_Lite/bin/../lib/gcc/arm-none-eabi/4.4.1/../../../../arm-none-eabi/lib/thumb2/libcs3unhosted.a(unhosted-sbrk.o)
 .debug_frame   0x000006f0       0x2c /home/laurence/CodeSourcery/Sourcery_G++_Lite/bin/../lib/gcc/arm-none-eabi/4.4.1/../../../../arm-none-eabi/lib/thumb2/libc.a(lib_a-init.o)

.debug_str
 *(.debug_str)

.debug_loc
 *(.debug_loc)

.debug_macinfo
 *(.debug_macinfo)

.debug_weaknames
 *(.debug_weaknames)

.debug_funcnames
 *(.debug_funcnames)

.debug_typenames
 *(.debug_typenames)

.debug_varnames
 *(.debug_varnames)

.note.gnu.arm.ident
 *(.note.gnu.arm.ident)

.ARM.attributes
                0x00000000       0x25
 *(.ARM.attributes)
 .ARM.attributes
                0x00000000       0x19 /home/laurence/CodeSourcery/Sourcery_G++_Lite/bin/../lib/gcc/arm-none-eabi/4.4.1/thumb2/crti.o
 .ARM.attributes
                0x00000019       0x29 /home/laurence/CodeSourcery/Sourcery_G++_Lite/bin/../lib/gcc/arm-none-eabi/4.4.1/thumb2/crtbegin.o
 .ARM.attributes
                0x00000042       0x31 Sensors/bmp085.o
 .ARM.attributes
                0x00000073       0x31 Sensors/earth_field.o
 .ARM.attributes
                0x000000a4       0x31 Sensors/pitot.o
 .ARM.attributes
                0x000000d5       0x31 Sensors/ubx.o
 .ARM.attributes
                0x00000106       0x31 Util/Fatfs/fattime.o
 .ARM.attributes
                0x00000137       0x31 Util/Fatfs/ff.o
 .ARM.attributes
                0x00000168       0x31 Util/Fatfs/rtc.o
 .ARM.attributes
                0x00000199       0x31 Util/Fatfs/sd_spi_stm32.o
 .ARM.attributes
                0x000001ca       0x31 Util/atmospherics.o
 .ARM.attributes
                0x000001fb       0x31 Util/coords.o
 .ARM.attributes
                0x0000022c       0x31 Util/delay.o
 .ARM.attributes
                0x0000025d       0x31 Util/rprintf.o
 .ARM.attributes
                0x0000028e       0x31 Util/time.o
 .ARM.attributes
                0x000002bf       0x31 dma.o
 .ARM.attributes
                0x000002f0       0x31 gpio.o
 .ARM.attributes
                0x00000321       0x31 i2c.o
 .ARM.attributes
                0x00000352       0x31 interrupts.o
 .ARM.attributes
                0x00000383       0x31 lib/CMSIS_CM3/core_cm3.o
 .ARM.attributes
                0x000003b4       0x21 lib/CMSIS_CM3/startup/gcc/startup_stm32f10x_md.o
 .ARM.attributes
                0x000003d5       0x31 lib/CMSIS_CM3/system_stm32f10x.o
 .ARM.attributes
                0x00000406       0x31 main.o
 .ARM.attributes
                0x00000437       0x31 pwm.o
 .ARM.attributes
                0x00000468       0x31 usart.o
 .ARM.attributes
                0x00000499       0x31 Control/ekf.o
 .ARM.attributes
                0x000004ca       0x31 Control/imu.o
 .ARM.attributes
                0x000004fb       0x31 Control/loops.o
 .ARM.attributes
                0x0000052c       0x31 Control/sensorcal.o
 .ARM.attributes
                0x0000055d       0x31 Control/servos.o
 .ARM.attributes
                0x0000058e       0x31 lib/STM32F10x_StdPeriph_Driver/libstm32fw.a(misc.o)
 .ARM.attributes
                0x000005bf       0x31 lib/STM32F10x_StdPeriph_Driver/libstm32fw.a(stm32f10x_bkp.o)
 .ARM.attributes
                0x000005f0       0x31 lib/STM32F10x_StdPeriph_Driver/libstm32fw.a(stm32f10x_dma.o)
 .ARM.attributes
                0x00000621       0x31 lib/STM32F10x_StdPeriph_Driver/libstm32fw.a(stm32f10x_exti.o)
 .ARM.attributes
                0x00000652       0x31 lib/STM32F10x_StdPeriph_Driver/libstm32fw.a(stm32f10x_gpio.o)
 .ARM.attributes
                0x00000683       0x31 lib/STM32F10x_StdPeriph_Driver/libstm32fw.a(stm32f10x_i2c.o)
 .ARM.attributes
                0x000006b4       0x31 lib/STM32F10x_StdPeriph_Driver/libstm32fw.a(stm32f10x_pwr.o)
 .ARM.attributes
                0x000006e5       0x31 lib/STM32F10x_StdPeriph_Driver/libstm32fw.a(stm32f10x_rcc.o)
 .ARM.attributes
                0x00000716       0x31 lib/STM32F10x_StdPeriph_Driver/libstm32fw.a(stm32f10x_rtc.o)
 .ARM.attributes
                0x00000747       0x31 lib/STM32F10x_StdPeriph_Driver/libstm32fw.a(stm32f10x_spi.o)
 .ARM.attributes
                0x00000778       0x31 lib/STM32F10x_StdPeriph_Driver/libstm32fw.a(stm32f10x_tim.o)
 .ARM.attributes
                0x000007a9       0x31 lib/STM32F10x_StdPeriph_Driver/libstm32fw.a(stm32f10x_usart.o)
 .ARM.attributes
                0x000007da       0x29 /home/laurence/CodeSourcery/Sourcery_G++_Lite/bin/../lib/gcc/arm-none-eabi/4.4.1/../../../../arm-none-eabi/lib/thumb2/libm.a(lib_a-s_cos.o)
 .ARM.attributes
                0x00000803       0x29 /home/laurence/CodeSourcery/Sourcery_G++_Lite/bin/../lib/gcc/arm-none-eabi/4.4.1/../../../../arm-none-eabi/lib/thumb2/libm.a(lib_a-s_sin.o)
 .ARM.attributes
                0x0000082c       0x29 /home/laurence/CodeSourcery/Sourcery_G++_Lite/bin/../lib/gcc/arm-none-eabi/4.4.1/../../../../arm-none-eabi/lib/thumb2/libm.a(lib_a-w_asin.o)
 .ARM.attributes
                0x00000855       0x29 /home/laurence/CodeSourcery/Sourcery_G++_Lite/bin/../lib/gcc/arm-none-eabi/4.4.1/../../../../arm-none-eabi/lib/thumb2/libm.a(lib_a-w_atan2.o)
 .ARM.attributes
                0x0000087e       0x29 /home/laurence/CodeSourcery/Sourcery_G++_Lite/bin/../lib/gcc/arm-none-eabi/4.4.1/../../../../arm-none-eabi/lib/thumb2/libm.a(lib_a-w_pow.o)
 .ARM.attributes
                0x000008a7       0x29 /home/laurence/CodeSourcery/Sourcery_G++_Lite/bin/../lib/gcc/arm-none-eabi/4.4.1/../../../../arm-none-eabi/lib/thumb2/libm.a(lib_a-w_sqrt.o)
 .ARM.attributes
                0x000008d0       0x29 /home/laurence/CodeSourcery/Sourcery_G++_Lite/bin/../lib/gcc/arm-none-eabi/4.4.1/../../../../arm-none-eabi/lib/thumb2/libm.a(lib_a-e_asin.o)
 .ARM.attributes
                0x000008f9       0x29 /home/laurence/CodeSourcery/Sourcery_G++_Lite/bin/../lib/gcc/arm-none-eabi/4.4.1/../../../../arm-none-eabi/lib/thumb2/libm.a(lib_a-e_atan2.o)
 .ARM.attributes
                0x00000922       0x29 /home/laurence/CodeSourcery/Sourcery_G++_Lite/bin/../lib/gcc/arm-none-eabi/4.4.1/../../../../arm-none-eabi/lib/thumb2/libm.a(lib_a-e_pow.o)
 .ARM.attributes
                0x0000094b       0x29 /home/laurence/CodeSourcery/Sourcery_G++_Lite/bin/../lib/gcc/arm-none-eabi/4.4.1/../../../../arm-none-eabi/lib/thumb2/libm.a(lib_a-e_rem_pio2.o)
 .ARM.attributes
                0x00000974       0x29 /home/laurence/CodeSourcery/Sourcery_G++_Lite/bin/../lib/gcc/arm-none-eabi/4.4.1/../../../../arm-none-eabi/lib/thumb2/libm.a(lib_a-e_sqrt.o)
 .ARM.attributes
                0x0000099d       0x29 /home/laurence/CodeSourcery/Sourcery_G++_Lite/bin/../lib/gcc/arm-none-eabi/4.4.1/../../../../arm-none-eabi/lib/thumb2/libm.a(lib_a-k_cos.o)
 .ARM.attributes
                0x000009c6       0x29 /home/laurence/CodeSourcery/Sourcery_G++_Lite/bin/../lib/gcc/arm-none-eabi/4.4.1/../../../../arm-none-eabi/lib/thumb2/libm.a(lib_a-k_rem_pio2.o)
 .ARM.attributes
                0x000009ef       0x29 /home/laurence/CodeSourcery/Sourcery_G++_Lite/bin/../lib/gcc/arm-none-eabi/4.4.1/../../../../arm-none-eabi/lib/thumb2/libm.a(lib_a-k_sin.o)
 .ARM.attributes
                0x00000a18       0x29 /home/laurence/CodeSourcery/Sourcery_G++_Lite/bin/../lib/gcc/arm-none-eabi/4.4.1/../../../../arm-none-eabi/lib/thumb2/libm.a(lib_a-s_atan.o)
 .ARM.attributes
                0x00000a41       0x29 /home/laurence/CodeSourcery/Sourcery_G++_Lite/bin/../lib/gcc/arm-none-eabi/4.4.1/../../../../arm-none-eabi/lib/thumb2/libm.a(lib_a-s_fabs.o)
 .ARM.attributes
                0x00000a6a       0x29 /home/laurence/CodeSourcery/Sourcery_G++_Lite/bin/../lib/gcc/arm-none-eabi/4.4.1/../../../../arm-none-eabi/lib/thumb2/libm.a(lib_a-s_finite.o)
 .ARM.attributes
                0x00000a93       0x29 /home/laurence/CodeSourcery/Sourcery_G++_Lite/bin/../lib/gcc/arm-none-eabi/4.4.1/../../../../arm-none-eabi/lib/thumb2/libm.a(lib_a-s_floor.o)
 .ARM.attributes
                0x00000abc       0x29 /home/laurence/CodeSourcery/Sourcery_G++_Lite/bin/../lib/gcc/arm-none-eabi/4.4.1/../../../../arm-none-eabi/lib/thumb2/libm.a(lib_a-s_isnand.o)
 .ARM.attributes
                0x00000ae5       0x29 /home/laurence/CodeSourcery/Sourcery_G++_Lite/bin/../lib/gcc/arm-none-eabi/4.4.1/../../../../arm-none-eabi/lib/thumb2/libm.a(lib_a-s_lib_ver.o)
 .ARM.attributes
                0x00000b0e       0x29 /home/laurence/CodeSourcery/Sourcery_G++_Lite/bin/../lib/gcc/arm-none-eabi/4.4.1/../../../../arm-none-eabi/lib/thumb2/libm.a(lib_a-s_matherr.o)
 .ARM.attributes
                0x00000b37       0x29 /home/laurence/CodeSourcery/Sourcery_G++_Lite/bin/../lib/gcc/arm-none-eabi/4.4.1/../../../../arm-none-eabi/lib/thumb2/libm.a(lib_a-s_nan.o)
 .ARM.attributes
                0x00000b60       0x29 /home/laurence/CodeSourcery/Sourcery_G++_Lite/bin/../lib/gcc/arm-none-eabi/4.4.1/../../../../arm-none-eabi/lib/thumb2/libm.a(lib_a-s_rint.o)
 .ARM.attributes
                0x00000b89       0x29 /home/laurence/CodeSourcery/Sourcery_G++_Lite/bin/../lib/gcc/arm-none-eabi/4.4.1/../../../../arm-none-eabi/lib/thumb2/libm.a(lib_a-s_scalbn.o)
 .ARM.attributes
                0x00000bb2       0x29 /home/laurence/CodeSourcery/Sourcery_G++_Lite/bin/../lib/gcc/arm-none-eabi/4.4.1/../../../../arm-none-eabi/lib/thumb2/libm.a(lib_a-s_copysign.o)
 .ARM.attributes
                0x00000bdb       0x1b /home/laurence/CodeSourcery/Sourcery_G++_Lite/bin/../lib/gcc/arm-none-eabi/4.4.1/thumb2/libgcc.a(_divsi3.o)
 .ARM.attributes
                0x00000bf6       0x1b /home/laurence/CodeSourcery/Sourcery_G++_Lite/bin/../lib/gcc/arm-none-eabi/4.4.1/thumb2/libgcc.a(_dvmd_tls.o)
 .ARM.attributes
                0x00000c11       0x1b /home/laurence/CodeSourcery/Sourcery_G++_Lite/bin/../lib/gcc/arm-none-eabi/4.4.1/thumb2/libgcc.a(_arm_addsubdf3.o)
 .ARM.attributes
                0x00000c2c       0x1b /home/laurence/CodeSourcery/Sourcery_G++_Lite/bin/../lib/gcc/arm-none-eabi/4.4.1/thumb2/libgcc.a(_arm_muldivdf3.o)
 .ARM.attributes
                0x00000c47       0x1b /home/laurence/CodeSourcery/Sourcery_G++_Lite/bin/../lib/gcc/arm-none-eabi/4.4.1/thumb2/libgcc.a(_arm_cmpdf2.o)
 .ARM.attributes
                0x00000c62       0x1b /home/laurence/CodeSourcery/Sourcery_G++_Lite/bin/../lib/gcc/arm-none-eabi/4.4.1/thumb2/libgcc.a(_arm_fixdfsi.o)
 .ARM.attributes
                0x00000c7d       0x1b /home/laurence/CodeSourcery/Sourcery_G++_Lite/bin/../lib/gcc/arm-none-eabi/4.4.1/thumb2/libgcc.a(_arm_truncdfsf2.o)
 .ARM.attributes
                0x00000c98       0x1b /home/laurence/CodeSourcery/Sourcery_G++_Lite/bin/../lib/gcc/arm-none-eabi/4.4.1/thumb2/libgcc.a(_arm_addsubsf3.o)
 .ARM.attributes
                0x00000cb3       0x1b /home/laurence/CodeSourcery/Sourcery_G++_Lite/bin/../lib/gcc/arm-none-eabi/4.4.1/thumb2/libgcc.a(_arm_muldivsf3.o)
 .ARM.attributes
                0x00000cce       0x1b /home/laurence/CodeSourcery/Sourcery_G++_Lite/bin/../lib/gcc/arm-none-eabi/4.4.1/thumb2/libgcc.a(_arm_cmpsf2.o)
 .ARM.attributes
                0x00000ce9       0x1b /home/laurence/CodeSourcery/Sourcery_G++_Lite/bin/../lib/gcc/arm-none-eabi/4.4.1/thumb2/libgcc.a(_arm_fixsfsi.o)
 .ARM.attributes
                0x00000d04       0x1b /home/laurence/CodeSourcery/Sourcery_G++_Lite/bin/../lib/gcc/arm-none-eabi/4.4.1/thumb2/libgcc.a(_arm_fixunssfsi.o)
 .ARM.attributes
                0x00000d1f       0x29 /home/laurence/CodeSourcery/Sourcery_G++_Lite/bin/../lib/gcc/arm-none-eabi/4.4.1/../../../../arm-none-eabi/lib/thumb2/libc.a(lib_a-errno.o)
 .ARM.attributes
                0x00000d48       0x29 /home/laurence/CodeSourcery/Sourcery_G++_Lite/bin/../lib/gcc/arm-none-eabi/4.4.1/../../../../arm-none-eabi/lib/thumb2/libc.a(lib_a-impure.o)
 .ARM.attributes
                0x00000d71       0x29 /home/laurence/CodeSourcery/Sourcery_G++_Lite/bin/../lib/gcc/arm-none-eabi/4.4.1/../../../../arm-none-eabi/lib/thumb2/libc.a(lib_a-malloc.o)
 .ARM.attributes
                0x00000d9a       0x29 /home/laurence/CodeSourcery/Sourcery_G++_Lite/bin/../lib/gcc/arm-none-eabi/4.4.1/../../../../arm-none-eabi/lib/thumb2/libc.a(lib_a-mallocr.o)
 .ARM.attributes
                0x00000dc3       0x29 /home/laurence/CodeSourcery/Sourcery_G++_Lite/bin/../lib/gcc/arm-none-eabi/4.4.1/../../../../arm-none-eabi/lib/thumb2/libc.a(lib_a-mlock.o)
 .ARM.attributes
                0x00000dec       0x29 /home/laurence/CodeSourcery/Sourcery_G++_Lite/bin/../lib/gcc/arm-none-eabi/4.4.1/../../../../arm-none-eabi/lib/thumb2/libc.a(lib_a-sbrkr.o)
 .ARM.attributes
                0x00000e15       0x29 /home/laurence/CodeSourcery/Sourcery_G++_Lite/bin/../lib/gcc/arm-none-eabi/4.4.1/../../../../arm-none-eabi/lib/thumb2/libc.a(lib_a-strcpy.o)
 .ARM.attributes
                0x00000e3e       0x29 /home/laurence/CodeSourcery/Sourcery_G++_Lite/bin/../lib/gcc/arm-none-eabi/4.4.1/../../../../arm-none-eabi/lib/thumb2/libc.a(lib_a-freer.o)
 .ARM.attributes
                0x00000e67       0x29 /home/laurence/CodeSourcery/Sourcery_G++_Lite/bin/../lib/gcc/arm-none-eabi/4.4.1/../../../../arm-none-eabi/lib/thumb2/libc.a(lib_a-reent.o)
 .ARM.attributes
                0x00000e90       0x29 /home/laurence/CodeSourcery/Sourcery_G++_Lite/bin/../lib/gcc/arm-none-eabi/4.4.1/thumb2/crtend.o
 .ARM.attributes
                0x00000eb9       0x19 /home/laurence/CodeSourcery/Sourcery_G++_Lite/bin/../lib/gcc/arm-none-eabi/4.4.1/thumb2/crtn.o
 .ARM.attributes
                0x00000ed2       0x29 /home/laurence/CodeSourcery/Sourcery_G++_Lite/bin/../lib/gcc/arm-none-eabi/4.4.1/../../../../arm-none-eabi/lib/thumb2/libcs3.a(start_c.o)
 .ARM.attributes
                0x00000efb       0x29 /home/laurence/CodeSourcery/Sourcery_G++_Lite/bin/../lib/gcc/arm-none-eabi/4.4.1/../../../../arm-none-eabi/lib/thumb2/libcs3unhosted.a(unhosted-sbrk.o)
 .ARM.attributes
                0x00000f24       0x19 /home/laurence/CodeSourcery/Sourcery_G++_Lite/bin/../lib/gcc/arm-none-eabi/4.4.1/../../../../arm-none-eabi/lib/thumb2/libcs3unhosted.a(unhosted-start.o)
 .ARM.attributes
                0x00000f3d       0x1f lib/libcs3-lanchon-stm32.a(lanchon-stm32-vector.o)
 .ARM.attributes
                0x00000f5c       0x21 lib/libcs3-lanchon-stm32.a(lanchon_stm32_isr_interrupt.o)
 .ARM.attributes
                0x00000f7d       0x29 /home/laurence/CodeSourcery/Sourcery_G++_Lite/bin/../lib/gcc/arm-none-eabi/4.4.1/../../../../arm-none-eabi/lib/thumb2/libc.a(lib_a-init.o)
 .ARM.attributes
                0x00000fa6       0x29 /home/laurence/CodeSourcery/Sourcery_G++_Lite/bin/../lib/gcc/arm-none-eabi/4.4.1/../../../../arm-none-eabi/lib/thumb2/libcs3.a(heap.o)

/DISCARD/
 *(.note.GNU-stack)
OUTPUT(main.elf elf32-littlearm)

Cross Reference Table

Symbol                                            File
ADC1_2_IRQHandler                                 lib/CMSIS_CM3/startup/gcc/startup_stm32f10x_md.o
ADC_IRQHandler                                    lib/libcs3-lanchon-stm32.a(lanchon_stm32_isr_interrupt.o)
                                                  lib/libcs3-lanchon-stm32.a(lanchon-stm32-vector.o)
Acc_Init                                          i2c.o
                                                  main.o
Air_Density                                       Util/atmospherics.o
                                                  Sensors/pitot.o
All_IO_Configuration                              gpio.o
                                                  main.o
Apply_Servos                                      Control/servos.o
                                                  Control/imu.o
Aux_Devices_Configuration                         gpio.o
BKP_ClearFlag                                     lib/STM32F10x_StdPeriph_Driver/libstm32fw.a(stm32f10x_bkp.o)
BKP_ClearITPendingBit                             lib/STM32F10x_StdPeriph_Driver/libstm32fw.a(stm32f10x_bkp.o)
BKP_DeInit                                        lib/STM32F10x_StdPeriph_Driver/libstm32fw.a(stm32f10x_bkp.o)
                                                  Util/Fatfs/rtc.o
BKP_GetFlagStatus                                 lib/STM32F10x_StdPeriph_Driver/libstm32fw.a(stm32f10x_bkp.o)
BKP_GetITStatus                                   lib/STM32F10x_StdPeriph_Driver/libstm32fw.a(stm32f10x_bkp.o)
BKP_ITConfig                                      lib/STM32F10x_StdPeriph_Driver/libstm32fw.a(stm32f10x_bkp.o)
BKP_RTCOutputConfig                               lib/STM32F10x_StdPeriph_Driver/libstm32fw.a(stm32f10x_bkp.o)
BKP_ReadBackupRegister                            lib/STM32F10x_StdPeriph_Driver/libstm32fw.a(stm32f10x_bkp.o)
                                                  Util/Fatfs/rtc.o
BKP_SetRTCCalibrationValue                        lib/STM32F10x_StdPeriph_Driver/libstm32fw.a(stm32f10x_bkp.o)
BKP_TamperPinCmd                                  lib/STM32F10x_StdPeriph_Driver/libstm32fw.a(stm32f10x_bkp.o)
BKP_TamperPinLevelConfig                          lib/STM32F10x_StdPeriph_Driver/libstm32fw.a(stm32f10x_bkp.o)
BKP_WriteBackupRegister                           lib/STM32F10x_StdPeriph_Driver/libstm32fw.a(stm32f10x_bkp.o)
                                                  Util/Fatfs/rtc.o
Balt                                              main.o
                                                  Control/imu.o
Baro_Convert_Pressure                             Sensors/bmp085.o
                                                  Control/imu.o
Baro_Read_ADC                                     Sensors/bmp085.o
                                                  Control/imu.o
                                                  main.o
Baro_Read_Full_ADC                                Sensors/bmp085.o
                                                  Control/imu.o
                                                  main.o
Baro_Setup_Pressure                               Sensors/bmp085.o
                                                  Control/imu.o
                                                  main.o
Baro_Setup_Temperature                            Sensors/bmp085.o
                                                  Control/imu.o
                                                  main.o
Be                                                Control/ekf.o
Bmp085_Convert                                    Sensors/bmp085.o
                                                  Control/imu.o
                                                  main.o
Bmp085_ReadConfig                                 Sensors/bmp085.o
                                                  main.o
Bmp_temp                                          Sensors/bmp085.o
                                                  Control/imu.o
                                                  main.o
BusFaultException                                 lib/libcs3-lanchon-stm32.a(lanchon_stm32_isr_interrupt.o)
                                                  lib/libcs3-lanchon-stm32.a(lanchon-stm32-vector.o)
BusFault_Handler                                  interrupts.o
Bytes_In_Buffer                                   dma.o
                                                  Control/imu.o
                                                  main.o
                                                  Sensors/ubx.o
CAN1_RX1_IRQHandler                               lib/CMSIS_CM3/startup/gcc/startup_stm32f10x_md.o
CAN1_SCE_IRQHandler                               lib/CMSIS_CM3/startup/gcc/startup_stm32f10x_md.o
CAN_RX1_IRQHandler                                lib/libcs3-lanchon-stm32.a(lanchon_stm32_isr_interrupt.o)
                                                  lib/libcs3-lanchon-stm32.a(lanchon-stm32-vector.o)
CAN_SCE_IRQHandler                                lib/libcs3-lanchon-stm32.a(lanchon_stm32_isr_interrupt.o)
                                                  lib/libcs3-lanchon-stm32.a(lanchon-stm32-vector.o)
Calibrate_3                                       Control/sensorcal.o
                                                  Control/imu.o
                                                  main.o
Config_Gps                                        Sensors/ubx.o
                                                  main.o
CovariancePrediction                              Control/ekf.o
CrossProduct                                      Util/coords.o
DMA1_Channel1_IRQHandler                          lib/CMSIS_CM3/startup/gcc/startup_stm32f10x_md.o
DMA1_Channel2_IRQHandler                          lib/CMSIS_CM3/startup/gcc/startup_stm32f10x_md.o
DMA1_Channel3_IRQHandler                          lib/CMSIS_CM3/startup/gcc/startup_stm32f10x_md.o
DMA1_Channel4_IRQHandler                          lib/CMSIS_CM3/startup/gcc/startup_stm32f10x_md.o
DMA1_Channel5_IRQHandler                          lib/CMSIS_CM3/startup/gcc/startup_stm32f10x_md.o
DMA1_Channel6_IRQHandler                          lib/CMSIS_CM3/startup/gcc/startup_stm32f10x_md.o