Archive member included because of file (symbol)

lib/STM32F10x_StdPeriph_Driver/libstm32fw.a(misc.o)
                              interrupts.o (NVIC_PriorityGroupConfig)
lib/STM32F10x_StdPeriph_Driver/libstm32fw.a(stm32f10x_bkp.o)
                              Util/Fatfs/rtc.o (BKP_WriteBackupRegister)
lib/STM32F10x_StdPeriph_Driver/libstm32fw.a(stm32f10x_dma.o)
                              dma.o (DMA_DeInit)
lib/STM32F10x_StdPeriph_Driver/libstm32fw.a(stm32f10x_exti.o)
                              interrupts.o (EXTI_Init)
lib/STM32F10x_StdPeriph_Driver/libstm32fw.a(stm32f10x_gpio.o)
                              Util/Fatfs/sd_spi_stm32.o (GPIO_Init)
lib/STM32F10x_StdPeriph_Driver/libstm32fw.a(stm32f10x_i2c.o)
                              i2c.o (I2C_Cmd)
lib/STM32F10x_StdPeriph_Driver/libstm32fw.a(stm32f10x_iwdg.o)
                              watchdog.o (IWDG_WriteAccessCmd)
lib/STM32F10x_StdPeriph_Driver/libstm32fw.a(stm32f10x_pwr.o)
                              Util/Fatfs/rtc.o (PWR_BackupAccessCmd)
lib/STM32F10x_StdPeriph_Driver/libstm32fw.a(stm32f10x_rcc.o)
                              Util/Fatfs/rtc.o (RCC_LSEConfig)
lib/STM32F10x_StdPeriph_Driver/libstm32fw.a(stm32f10x_rtc.o)
                              Util/Fatfs/rtc.o (RTC_GetCounter)
lib/STM32F10x_StdPeriph_Driver/libstm32fw.a(stm32f10x_spi.o)
                              Util/Fatfs/sd_spi_stm32.o (SPI_Init)
lib/STM32F10x_StdPeriph_Driver/libstm32fw.a(stm32f10x_tim.o)
                              pwm.o (TIM_TimeBaseInit)
lib/STM32F10x_StdPeriph_Driver/libstm32fw.a(stm32f10x_usart.o)
                              usart.o (USART_Cmd)
/home/laurence/CodeSourcery/Sourcery_G++_Lite/bin/../lib/gcc/arm-none-eabi/4.4.1/../../../../arm-none-eabi/lib/thumb2/libm.a(lib_a-s_cos.o)
                              Sensors/earth_field.o (cos)
/home/laurence/CodeSourcery/Sourcery_G++_Lite/bin/../lib/gcc/arm-none-eabi/4.4.1/../../../../arm-none-eabi/lib/thumb2/libm.a(lib_a-s_sin.o)
                              Sensors/earth_field.o (sin)
/home/laurence/CodeSourcery/Sourcery_G++_Lite/bin/../lib/gcc/arm-none-eabi/4.4.1/../../../../arm-none-eabi/lib/thumb2/libm.a(lib_a-w_asin.o)
                              Sensors/earth_field.o (asin)
/home/laurence/CodeSourcery/Sourcery_G++_Lite/bin/../lib/gcc/arm-none-eabi/4.4.1/../../../../arm-none-eabi/lib/thumb2/libm.a(lib_a-w_atan2.o)
                              Sensors/earth_field.o (atan2)
/home/laurence/CodeSourcery/Sourcery_G++_Lite/bin/../lib/gcc/arm-none-eabi/4.4.1/../../../../arm-none-eabi/lib/thumb2/libm.a(lib_a-w_pow.o)
                              Sensors/bmp085.o (pow)
/home/laurence/CodeSourcery/Sourcery_G++_Lite/bin/../lib/gcc/arm-none-eabi/4.4.1/../../../../arm-none-eabi/lib/thumb2/libm.a(lib_a-w_sqrt.o)
                              Sensors/earth_field.o (sqrt)
/home/laurence/CodeSourcery/Sourcery_G++_Lite/bin/../lib/gcc/arm-none-eabi/4.4.1/../../../../arm-none-eabi/lib/thumb2/libm.a(lib_a-wf_asin.o)
                              Util/coords.o (asinf)
/home/laurence/CodeSourcery/Sourcery_G++_Lite/bin/../lib/gcc/arm-none-eabi/4.4.1/../../../../arm-none-eabi/lib/thumb2/libm.a(lib_a-wf_atan2.o)
                              Util/coords.o (atan2f)
/home/laurence/CodeSourcery/Sourcery_G++_Lite/bin/../lib/gcc/arm-none-eabi/4.4.1/../../../../arm-none-eabi/lib/thumb2/libm.a(lib_a-e_asin.o)
                              /home/laurence/CodeSourcery/Sourcery_G++_Lite/bin/../lib/gcc/arm-none-eabi/4.4.1/../../../../arm-none-eabi/lib/thumb2/libm.a(lib_a-w_asin.o) (__ieee754_asin)
/home/laurence/CodeSourcery/Sourcery_G++_Lite/bin/../lib/gcc/arm-none-eabi/4.4.1/../../../../arm-none-eabi/lib/thumb2/libm.a(lib_a-e_atan2.o)
                              /home/laurence/CodeSourcery/Sourcery_G++_Lite/bin/../lib/gcc/arm-none-eabi/4.4.1/../../../../arm-none-eabi/lib/thumb2/libm.a(lib_a-w_atan2.o) (__ieee754_atan2)
/home/laurence/CodeSourcery/Sourcery_G++_Lite/bin/../lib/gcc/arm-none-eabi/4.4.1/../../../../arm-none-eabi/lib/thumb2/libm.a(lib_a-e_pow.o)
                              /home/laurence/CodeSourcery/Sourcery_G++_Lite/bin/../lib/gcc/arm-none-eabi/4.4.1/../../../../arm-none-eabi/lib/thumb2/libm.a(lib_a-w_pow.o) (__ieee754_pow)
/home/laurence/CodeSourcery/Sourcery_G++_Lite/bin/../lib/gcc/arm-none-eabi/4.4.1/../../../../arm-none-eabi/lib/thumb2/libm.a(lib_a-e_rem_pio2.o)
                              /home/laurence/CodeSourcery/Sourcery_G++_Lite/bin/../lib/gcc/arm-none-eabi/4.4.1/../../../../arm-none-eabi/lib/thumb2/libm.a(lib_a-s_cos.o) (__ieee754_rem_pio2)
/home/laurence/CodeSourcery/Sourcery_G++_Lite/bin/../lib/gcc/arm-none-eabi/4.4.1/../../../../arm-none-eabi/lib/thumb2/libm.a(lib_a-e_sqrt.o)
                              /home/laurence/CodeSourcery/Sourcery_G++_Lite/bin/../lib/gcc/arm-none-eabi/4.4.1/../../../../arm-none-eabi/lib/thumb2/libm.a(lib_a-w_sqrt.o) (__ieee754_sqrt)
[...]
Memory Configuration

Name             Origin             Length             Attributes
ram              0x20000000         0x00005000         xrw
rom              0x08000000         0x00020000         xr
*default*        0x00000000         0xffffffff

Linker script and memory map

LOAD /home/laurence/CodeSourcery/Sourcery_G++_Lite/bin/../lib/gcc/arm-none-eabi/4.4.1/thumb2/crti.o
LOAD /home/laurence/CodeSourcery/Sourcery_G++_Lite/bin/../lib/gcc/arm-none-eabi/4.4.1/thumb2/crtbegin.o
LOAD Sensors/bmp085.o
LOAD Sensors/earth_field.o
LOAD Sensors/pitot.o
LOAD Sensors/ubx.o
LOAD Util/Fatfs/fattime.o
LOAD Util/Fatfs/ff.o
LOAD Util/Fatfs/rtc.o
LOAD Util/Fatfs/sd_spi_stm32.o
LOAD Util/atmospherics.o
LOAD Util/coords.o
LOAD Util/crc.o
LOAD Util/delay.o
LOAD Util/rprintf.o
LOAD Util/time.o
LOAD Util/uavtalk.o
LOAD dma.o
LOAD gpio.o
LOAD i2c.o
LOAD interrupts.o
LOAD lib/CMSIS_CM3/core_cm3.o
LOAD lib/CMSIS_CM3/startup/gcc/startup_stm32f10x_md.o
LOAD lib/CMSIS_CM3/system_stm32f10x.o
LOAD main.o
LOAD pwm.o
LOAD usart.o
LOAD watchdog.o
LOAD Control/ekf.o
LOAD Control/imu.o
LOAD Control/loops.o
LOAD Control/sensorcal.o
LOAD Control/servos.o
LOAD lib/STM32F10x_StdPeriph_Driver/libstm32fw.a
LOAD lib/STM32_USB-FS-Device_Driver/libstm32usb.a
LOAD /home/laurence/CodeSourcery/Sourcery_G++_Lite/bin/../lib/gcc/arm-none-eabi/4.4.1/../../../../arm-none-eabi/lib/thumb2/libm.a
START GROUP
LOAD /home/laurence/CodeSourcery/Sourcery_G++_Lite/bin/../lib/gcc/arm-none-eabi/4.4.1/thumb2/libgcc.a
LOAD /home/laurence/CodeSourcery/Sourcery_G++_Lite/bin/../lib/gcc/arm-none-eabi/4.4.1/../../../../arm-none-eabi/lib/thumb2/libc.a
END GROUP
LOAD /home/laurence/CodeSourcery/Sourcery_G++_Lite/bin/../lib/gcc/arm-none-eabi/4.4.1/thumb2/crtend.o
LOAD /home/laurence/CodeSourcery/Sourcery_G++_Lite/bin/../lib/gcc/arm-none-eabi/4.4.1/thumb2/crtn.o
START GROUP
LOAD /home/laurence/CodeSourcery/Sourcery_G++_Lite/bin/../lib/gcc/arm-none-eabi/4.4.1/thumb2/libgcc.a
LOAD /home/laurence/CodeSourcery/Sourcery_G++_Lite/bin/../lib/gcc/arm-none-eabi/4.4.1/../../../../arm-none-eabi/lib/thumb2/libc.a
LOAD /home/laurence/CodeSourcery/Sourcery_G++_Lite/bin/../lib/gcc/arm-none-eabi/4.4.1/../../../../arm-none-eabi/lib/thumb2/libcs3.a
LOAD /home/laurence/CodeSourcery/Sourcery_G++_Lite/bin/../lib/gcc/arm-none-eabi/4.4.1/../../../../arm-none-eabi/lib/thumb2/libcs3unhosted.a
LOAD lib/libcs3-lanchon-stm32.a
END GROUP
                0x20005000                PROVIDE (__cs3_stack, (__cs3_region_start_ram + __cs3_region_size_ram))
                0x20001a20                PROVIDE (__cs3_heap_start, _end)
                0x20005000                PROVIDE (__cs3_heap_end, (__cs3_region_start_ram + __cs3_region_size_ram))

.text           0x08000000    0x18b28
 CREATE_OBJECT_SYMBOLS
                0x08000000                __cs3_region_start_rom = .
 *(.cs3.region-head.rom)
                0x08000000                __cs3_interrupt_vector = __cs3_interrupt_vector_lanchon_stm32
 *(.cs3.interrupt_vector)
 .cs3.interrupt_vector
                0x08000000       0xec lib/libcs3-lanchon-stm32.a(lanchon-stm32-vector.o)
                0x08000000                __cs3_interrupt_vector_lanchon_stm32
                0x08000001                ASSERT ((. != __cs3_interrupt_vector_lanchon_stm32), No interrupt vector)
 *(.rom)
 *(.rom.b)
                0x08017868                PROVIDE (__cs3_reset_lanchon_stm32, _start)
                0x08017868                __cs3_reset = __cs3_reset_lanchon_stm32
 *(.cs3.reset)
 *(.text .text.* .gnu.linkonce.t.*)
 .text          0x080000ec       0x30 /home/laurence/CodeSourcery/Sourcery_G++_Lite/bin/../lib/gcc/arm-none-eabi/4.4.1/thumb2/crtbegin.o
 *fill*         0x0800011c        0x4 00
 .text          0x08000120      0x230 Sensors/bmp085.o
                0x08000120                Bmp085_Convert
                0x080001d8                Baro_Convert_Pressure
                0x08000228                Baro_Setup_Temperature
                0x08000248                Baro_Setup_Pressure
                0x08000268                Baro_Read_Full_ADC
                0x08000292                bmp085ReadShort
                0x080002ae                Baro_Read_ADC
                0x080002b4                Bmp085_ReadConfig
 .text          0x08000350     0x1920 Sensors/earth_field.o
                0x08000350                WMM_CalculateSecularVariation
                0x08000458                WMM_get_secular_var_coeff_g
                0x08000470                WMM_get_main_field_coeff_g
                0x0800050c                WMM_get_secular_var_coeff_h
                0x08000524                WMM_get_main_field_coeff_h
                0x080005b8                WMM_DateToYear
                0x080005f4                WMM_RotateMagneticVector
                0x080006b0                WMM_ComputeSphericalHarmonicVariables
                0x08000784                WMM_GeodeticToSpherical
                0x080008e8                WMM_SecVarSummationSpecial
                0x08000a84                WMM_SecVarSummation
                0x08000c84                WMM_SummationSpecial
                0x08000e24                WMM_Summation
                0x08001024                WMM_PcupLow
                0x08001370                WMM_PcupHigh
                0x08001816                WMM_AssociatedLegendreFunction
                0x080018a4                WMM_CalculateGeoMagneticElements
                0x08001968                WMM_Geomag
                0x08001a60                WMM_Initialize
                0x08001ad8                WMM_GetMagVector
 .text          0x08001c70       0xc4 Sensors/pitot.o
                0x08001c70                Pitot_Conv
                0x08001c86                Pitot_convert_Airspeed
                0x08001cdc                Pitot_Read_Conv
                0x08001d04                Pitot_Set_Temp_Conv
                0x08001d1c                Pitot_Set_Press_Conv
 .text          0x08001d34      0x33c Sensors/ubx.o
                0x08001d34                Gps_Process_Byte
                0x08001eb4                Get_UBX_Ack
                0x08001f64                Config_Gps
 .text          0x08002070       0x42 Util/Fatfs/fattime.o
                0x08002070                get_fattime
 *fill*         0x080020b2        0x2 00
 .text          0x080020b4     0x1a54 Util/Fatfs/ff.o
                0x080020da                clust2sect
                0x0800218a                f_mount
                0x080025c8                put_fat
                0x080026c6                get_fat
                0x08002916                f_truncate
                0x08002b7c                f_readdir
                0x08002bca                f_getfree
                0x08002caa                f_lseek
                0x08002dfc                f_write
                0x08002fae                f_read
                0x080031d8                f_sync
                0x0800328e                f_close
                0x0800349c                f_stat
                0x080034de                f_opendir
                0x0800354c                f_rename
                0x08003672                f_utime
                0x080036d4                f_chmod
                0x08003730                f_unlink
                0x080037f8                f_mkdir
                0x080039aa                f_open
 .text          0x08003b08      0x2e4 Util/Fatfs/rtc.o
                0x08003be4                my_RTC_SetCounter
                0x08003c06                rtc_settime
                0x08003cd8                rtc_init
                0x08003d72                rtc_gettime
 .text          0x08003dec      0x7cc Util/Fatfs/sd_spi_stm32.o
                0x08003e14                disk_status
                0x08003e24                disk_timerproc
                0x080040a4                disk_initialize
                0x08004228                disk_ioctl
                0x0800442c                disk_read
                0x0800450c                disk_write
 .text          0x080045b8       0xd8 Util/atmospherics.o
                0x080045b8                US_1976_Temperature
                0x0800464c                Air_Density
 .text          0x08004690      0x768 Util/coords.o
                0x08004690                CrossProduct
                0x080046ee                quat_inverse
                0x0800470a                quat_copy
                0x08004720                quat_mult
                0x0800482a                rot_mult
                0x080048ca                VectorMagnitude
                0x0800490c                RotFrom2Vectors
                0x08004ad8                R2Quaternion
                0x08004cc0                Quaternion2RPY
 .text          0x08004df8       0x2c Util/crc.o
                0x08004df8                CRC_updateByte
                0x08004e04                CRC_updateCRC
 .text          0x08004e24       0x16 Util/delay.o
                0x08004e24                Delay
 *fill*         0x08004e3a        0x2 00
 .text          0x08004e3c      0x57c Util/rprintf.o
                0x08004e3c                rprintfInit
                0x08004e48                rprintfChar
                0x08004e68                rprintfStr
                0x08004e80                rprintfStrLen
                0x08004eb6                rprintfCRLF
                0x08004eba                rprintfu04
                0x08004ec4                rprintfu08
                0x08004ed6                rprintfu16
                0x08004ee8                rprintfu32
                0x08004efa                rprintfNum
                0x08004fb0                rprintfFloat
                0x08005068                Isdigit
                0x08005076                atoiRamRom
                0x0800509c                rStrLen
                0x080050ac                rprintf2RamRom
 .text          0x080053b8       0x20 Util/time.o
                0x080053b8                Set_RTC_From_GPS
 .text          0x080053d8      0x2e0 Util/uavtalk.o
                0x080053d8                UAVtalk_Register_Object
                0x080053ec                memchr_32
                0x08005410                UAVtalk_Generate_Packet
                0x08005500                UAVtalk_Run_Streams
                0x0800556c                UAVtalk_Process_Byte
 .text          0x080056b8      0x164 dma.o
                0x080056b8                Pop_From_Buffer
                0x080056d4                Bytes_In_Buffer
                0x080056fa                Get_From_Buffer
                0x0800572e                Flush_Buffer
                0x08005744                DMA_Configuration
                0x0800578c                DMA_USART1_Configuration
 .text          0x0800581c      0x1e0 gpio.o
                0x0800581c                Get_MEMS_DRDY
                0x08005844                MEMS_Status_Configuration
                0x08005880                Aux_Devices_Configuration
                0x080058dc                SPI_Control_Configuration
                0x08005944                GPS_IO_Configuration
                0x08005990                GPIO_Config_AF_Periferals
                0x080059e4                All_IO_Configuration
 .text          0x080059fc      0x464 i2c.o
                0x080059fc                Flipbytes
                0x08005a06                I2C_Conf
                0x08005ad4                Gyr_Init
                0x08005b0c                Acc_Init
                0x08005b28                Mag_Init
                0x08005b44                I2C_Read
                0x08005dac                Gyr_Stat
                0x08005dc6                Gyr_Read
                0x08005dec                Mag_Read
                0x08005e12                I2C_Config
 .text          0x08005e60       0x84 interrupts.o
                0x08005e60                NMI_Handler
                0x08005e62                HardFault_Handler
                0x08005e64                MemManage_Handler
                0x08005e66                BusFault_Handler
                0x08005e68                UsageFault_Handler
                0x08005e6a                SVC_Handler
                0x08005e6c                DebugMon_Handler
                0x08005e6e                PendSV_Handler
                0x08005e70                SysTick_Handler
                0x08005e72                EXTI9_5_IRQHandler
                0x08005e8c                EXTI6_Config
 .text.Default_Handler
                0x08005ee4        0x2 lib/CMSIS_CM3/startup/gcc/startup_stm32f10x_md.o
                0x08005ee4                EXTI2_IRQHandler
                0x08005ee4                TIM1_CC_IRQHandler
                0x08005ee4                PVD_IRQHandler
                0x08005ee4                EXTI3_IRQHandler
                0x08005ee4                EXTI0_IRQHandler
                0x08005ee4                I2C2_EV_IRQHandler
                0x08005ee4                ADC1_2_IRQHandler
                0x08005ee4                SPI1_IRQHandler
                0x08005ee4                TAMPER_IRQHandler
                0x08005ee4                DMA1_Channel4_IRQHandler
                0x08005ee4                USART3_IRQHandler
                0x08005ee4                RTC_IRQHandler
                0x08005ee4                DMA1_Channel7_IRQHandler
                0x08005ee4                CAN1_RX1_IRQHandler
                0x08005ee4                TIM4_IRQHandler
                0x08005ee4                I2C1_EV_IRQHandler
                0x08005ee4                DMA1_Channel6_IRQHandler
                0x08005ee4                TIM3_IRQHandler
                0x08005ee4                RCC_IRQHandler
                0x08005ee4                TIM1_TRG_COM_IRQHandler
                0x08005ee4                DMA1_Channel1_IRQHandler
                0x08005ee4                Default_Handler
                0x08005ee4                EXTI15_10_IRQHandler
                0x08005ee4                SPI2_IRQHandler
                0x08005ee4                DMA1_Channel5_IRQHandler
                0x08005ee4                EXTI4_IRQHandler
                0x08005ee4                USB_LP_CAN1_RX0_IRQHandler
                0x08005ee4                USB_HP_CAN1_TX_IRQHandler
                0x08005ee4                DMA1_Channel3_IRQHandler
                0x08005ee4                TIM1_UP_IRQHandler
                0x08005ee4                WWDG_IRQHandler
                0x08005ee4                TIM2_IRQHandler
                0x08005ee4                TIM1_BRK_IRQHandler
                0x08005ee4                EXTI1_IRQHandler
                0x08005ee4                RTCAlarm_IRQHandler
                0x08005ee4                USART2_IRQHandler
                0x08005ee4                I2C2_ER_IRQHandler
                0x08005ee4                DMA1_Channel2_IRQHandler
                0x08005ee4                CAN1_SCE_IRQHandler
                0x08005ee4                FLASH_IRQHandler
                0x08005ee4                USART1_IRQHandler
                0x08005ee4                I2C1_ER_IRQHandler
                0x08005ee4                USBWakeUp_IRQHandler
 *fill*         0x08005ee6        0x2 00
 .text          0x08005ee8       0xf8 lib/CMSIS_CM3/system_stm32f10x.o
                0x08005ee8                SystemInit
 .text          0x08005fe0      0x7a8 main.o
                0x08005fe0                Initialisation
                0x0800666c                main
 .text          0x08006788      0x1e0 pwm.o
                0x08006788                PWM_Set
                0x08006808                Timer_GPIO_Disable
                0x08006844                Timer_GPIO_Enable
                0x08006880                Timer_RCC_Configuration
                0x08006898                Init_Timers
 .text          0x08006968      0x1c8 usart.o
                0x08006968                Default_Usart_Config
                0x0800697a                __gps_send_char
                0x08006998                Gps_Send_Str
                0x080069b0                Gps_Send_Utf8
                0x080069ca                __usart_send_char
                0x080069e8                Usart_Send_Str
                0x08006a00                usart1_disable_dma
                0x08006a20                usart1_send_data_dma
                0x08006a4c                USART2_reconf
                0x08006a90                Usarts_Init
 .text          0x08006b30       0x3e watchdog.o
                0x08006b30                Watchdog_Reset_Detect
                0x08006b44                Watchdog_Config
 *fill*         0x08006b6e        0x2 00
 .text          0x08006b70     0x88a8 Control/ekf.o
                0x08006b70                ins_get_num_states
                0x08006b74                INSGPSInit
                0x08006ca0                INSResetP
                0x08006ce8                INSResetRGPS
                0x08006d14                INSSetState
                0x08006d78                INSPosVelReset
                0x08006e00                INSSetPosVelVar
                0x08006e1c                INSSetGyroBias
                0x08006e38                INSSetAccelVar
                0x08006e54                INSSetGyroVar
                0x08006e70                INSSetMagVar
                0x08006e8c                INSSetMagNorth
                0x08006ea4                CovariancePrediction
                0x0800e1ee                INSCovariancePrediction
                0x0800e214                SerialUpdate
                0x0800e36c                StateEq
                0x0800e660                RungeKutta
                0x0800e788                LinearizeFG
                0x0800ebfc                MeasurementEq
                0x0800edba                LinearizeH
                0x0800f084                INSCorrection
                0x0800f234                VelBaroCorrection
                0x0800f250                GpsMagCorrection
                0x0800f268                FullCorrection
                0x0800f276                GpsBaroCorrection
                0x0800f294                MagVelBaroCorrection
                0x0800f2b0                MagCorrection
                0x0800f2d0                INSStatePrediction
 .text          0x0800f418      0x988 Control/imu.o
                0x0800f418                run_imu
 .text          0x0800fda0       0x64 Control/loops.o
                0x0800fda0                Run_PID
                0x0800fdfc                Reset_PID
 .text          0x0800fe04       0xc8 Control/sensorcal.o
                0x0800fe04                Calibrate_3
 .text          0x0800fecc       0x64 Control/servos.o
                0x0800fecc                Disable_Servos
                0x0800fed0                Enable_Servos
                0x0800fed4                Apply_Servos
 .text          0x0800ff30       0xc0 lib/STM32F10x_StdPeriph_Driver/libstm32fw.a(misc.o)
                0x0800ff30                NVIC_PriorityGroupConfig
                0x0800ff44                NVIC_Init
                0x0800ffa8                NVIC_SetVectorTable
                0x0800ffbc                NVIC_SystemLPConfig
                0x0800ffd8                SysTick_CLKSourceConfig
 .text          0x0800fff0       0xe4 lib/STM32F10x_StdPeriph_Driver/libstm32fw.a(stm32f10x_bkp.o)
                0x0800fff0                BKP_TamperPinLevelConfig
                0x0800fffc                BKP_TamperPinCmd
                0x08010008                BKP_ITConfig
                0x08010014                BKP_RTCOutputConfig
                0x0801002c                BKP_SetRTCCalibrationValue
                0x08010044                BKP_WriteBackupRegister
                0x08010060                BKP_ReadBackupRegister
                0x08010080                BKP_GetFlagStatus
                0x0801008c                BKP_ClearFlag
                0x080100a0                BKP_GetITStatus
                0x080100ac                BKP_ClearITPendingBit
                0x080100c0                BKP_DeInit
 .text          0x080100d4      0x1d4 lib/STM32F10x_StdPeriph_Driver/libstm32fw.a(stm32f10x_dma.o)
                0x080100d4                DMA_DeInit
                0x080101b4                DMA_Init
                0x080101f4                DMA_StructInit
                0x0801020e                DMA_Cmd
                0x08010222                DMA_ITConfig
                0x08010234                DMA_GetCurrDataCounter
                0x0801023a                DMA_GetFlagStatus
                0x08010258                DMA_ClearFlag
                0x08010270                DMA_GetITStatus
                0x08010290                DMA_ClearITPendingBit
 .text          0x080102a8      0x104 lib/STM32F10x_StdPeriph_Driver/libstm32fw.a(stm32f10x_exti.o)
                0x080102a8                EXTI_DeInit
                0x080102c4                EXTI_Init
                0x08010344                EXTI_StructInit
                0x08010352                EXTI_GenerateSWInterrupt
                0x08010364                EXTI_GetFlagStatus
                0x08010378                EXTI_ClearFlag
                0x08010384                EXTI_GetITStatus
                0x080103a0                EXTI_ClearITPendingBit
 .text          0x080103ac      0x29c lib/STM32F10x_StdPeriph_Driver/libstm32fw.a(stm32f10x_gpio.o)
                0x080103ac                GPIO_Init
                0x08010464                GPIO_StructInit
                0x08010474                GPIO_ReadInputDataBit
                0x08010480                GPIO_ReadInputData
                0x08010486                GPIO_ReadOutputDataBit
                0x08010492                GPIO_ReadOutputData
                0x08010498                GPIO_SetBits
                0x0801049c                GPIO_ResetBits
                0x080104a0                GPIO_WriteBit
                0x080104aa                GPIO_Write
                0x080104ae                GPIO_PinLockConfig
                0x080104be                GPIO_EventOutputConfig
                0x080104dc                GPIO_EventOutputCmd
                0x080104e8                GPIO_PinRemapConfig
                0x08010548                GPIO_EXTILineConfig
                0x0801057c                GPIO_ETH_MediaInterfaceConfig
                0x08010588                GPIO_AFIODeInit
                0x0801059e                GPIO_DeInit
 .text          0x08010648      0x3cc lib/STM32F10x_StdPeriph_Driver/libstm32fw.a(stm32f10x_i2c.o)
                0x08010648                I2C_StructInit
                0x08010664                I2C_Cmd
                0x0801067e                I2C_DMACmd
                0x08010698                I2C_DMALastTransferCmd
                0x080106b2                I2C_GenerateSTART
                0x080106cc                I2C_GenerateSTOP
                0x080106e6                I2C_AcknowledgeConfig
                0x08010700                I2C_OwnAddress2Config
                0x08010716                I2C_DualAddressCmd
                0x08010730                I2C_GeneralCallCmd
                0x0801074a                I2C_ITConfig
                0x08010760                I2C_SendData
                0x08010764                I2C_ReceiveData
                0x0801076a                I2C_Send7bitAddress
                0x0801077a                I2C_ReadRegister
                0x08010792                I2C_SoftwareResetCmd
                0x080107ac                I2C_SMBusAlertConfig
                0x080107c8                I2C_TransmitPEC
                0x080107e2                I2C_PECPositionConfig
                0x080107fe                I2C_CalculatePEC
                0x08010818                I2C_GetPEC
                0x08010820                I2C_ARPCmd
                0x0801083a                I2C_StretchClockCmd
                0x08010854                I2C_FastModeDutyCycleConfig
                0x08010870                I2C_GetLastEvent
                0x08010880                I2C_CheckEvent
                0x08010898                I2C_GetFlagStatus
                0x080108cc                I2C_ClearFlag
                0x080108d4                I2C_GetITStatus
                0x080108f0                I2C_ClearITPendingBit
                0x080108f8                I2C_Init
                0x080109e0                I2C_DeInit
 .text          0x08010a14       0x58 lib/STM32F10x_StdPeriph_Driver/libstm32fw.a(stm32f10x_iwdg.o)
                0x08010a14                IWDG_WriteAccessCmd
                0x08010a20                IWDG_SetPrescaler
                0x08010a2c                IWDG_SetReload
                0x08010a38                IWDG_ReloadCounter
                0x08010a48                IWDG_Enable
                0x08010a58                IWDG_GetFlagStatus
 .text          0x08010a6c       0xd0 lib/STM32F10x_StdPeriph_Driver/libstm32fw.a(stm32f10x_pwr.o)
                0x08010a70                PWR_BackupAccessCmd
                0x08010a7c                PWR_PVDCmd
                0x08010a88                PWR_PVDLevelConfig
                0x08010a9c                PWR_WakeUpPinCmd
                0x08010aa8                PWR_EnterSTOPMode
                0x08010ad4                PWR_EnterSTANDBYMode
                0x08010afc                PWR_GetFlagStatus
                0x08010b10                PWR_ClearFlag
                0x08010b20                PWR_DeInit
 .text          0x08010b3c      0x384 lib/STM32F10x_StdPeriph_Driver/libstm32fw.a(stm32f10x_rcc.o)
                0x08010b3c                RCC_DeInit
                0x08010b7c                RCC_HSEConfig
                0x08010bb4                RCC_AdjustHSICalibrationValue
                0x08010bc8                RCC_HSICmd
                0x08010bd4                RCC_PLLConfig
                0x08010bec                RCC_PLLCmd
                0x08010bf8                RCC_SYSCLKConfig
                0x08010c0c                RCC_GetSYSCLKSource
                0x08010c1c                RCC_HCLKConfig
                0x08010c30                RCC_PCLK1Config
                0x08010c44                RCC_PCLK2Config
                0x08010c58                RCC_ITConfig
                0x08010c74                RCC_USBCLKConfig
                0x08010c80                RCC_ADCCLKConfig
                0x08010c94                RCC_LSEConfig
                0x08010cb4                RCC_LSICmd
                0x08010cc0                RCC_RTCCLKConfig
                0x08010cd0                RCC_RTCCLKCmd
                0x08010cdc                RCC_GetClocksFreq
                0x08010d8c                RCC_AHBPeriphClockCmd
                0x08010da8                RCC_APB2PeriphClockCmd
                0x08010dc4                RCC_APB1PeriphClockCmd
                0x08010de0                RCC_APB2PeriphResetCmd
                0x08010dfc                RCC_APB1PeriphResetCmd
                0x08010e18                RCC_BackupResetCmd
                0x08010e24                RCC_ClockSecuritySystemCmd
                0x08010e30                RCC_MCOConfig
                0x08010e3c                RCC_GetFlagStatus
                0x08010e64                RCC_WaitForHSEStartUp
                0x08010e90                RCC_ClearFlag
                0x08010ea0                RCC_GetITStatus
                0x08010eb4                RCC_ClearITPendingBit
 .text          0x08010ec0      0x15c lib/STM32F10x_StdPeriph_Driver/libstm32fw.a(stm32f10x_rtc.o)
                0x08010ec0                RTC_ITConfig
                0x08010ee0                RTC_EnterConfigMode
                0x08010ef4                RTC_ExitConfigMode
                0x08010f08                RTC_GetCounter
                0x08010f1c                RTC_SetCounter
                0x08010f38                RTC_SetPrescaler
                0x08010f58                RTC_SetAlarm
                0x08010f74                RTC_GetDivider
                0x08010f8c                RTC_WaitForLastTask
                0x08010f9c                RTC_WaitForSynchro
                0x08010fbc                RTC_GetFlagStatus
                0x08010fd0                RTC_ClearFlag
                0x08010fe4                RTC_GetITStatus
                0x08011008                RTC_ClearITPendingBit
 .text          0x0801101c      0x2f8 lib/STM32F10x_StdPeriph_Driver/libstm32fw.a(stm32f10x_spi.o)
                0x0801101c                SPI_Init
                0x08011076                SPI_StructInit
                0x08011090                I2S_StructInit
                0x080110a4                SPI_Cmd
                0x080110be                I2S_Cmd
                0x080110d8                SPI_I2S_ITConfig
                0x080110f6                SPI_I2S_DMACmd
                0x0801110c                SPI_I2S_SendData
                0x08011110                SPI_I2S_ReceiveData
                0x08011116                SPI_NSSInternalSoftwareConfig
                0x08011130                SPI_SSOutputCmd
                0x0801114a                SPI_DataSizeConfig
                0x08011162                SPI_TransmitCRC
                0x0801116e                SPI_CalculateCRC
                0x08011188                SPI_GetCRC
                0x08011198                SPI_GetCRCPolynomial
                0x0801119e                SPI_BiDirectionalLineConfig
                0x080111ba                SPI_I2S_GetFlagStatus
                0x080111c6                SPI_I2S_ClearFlag
                0x080111ce                SPI_I2S_GetITStatus
                0x080111f8                SPI_I2S_ClearITPendingBit
                0x08011208                I2S_Init
                0x080112b2                SPI_I2S_DeInit
 .text          0x08011314      0xb54 lib/STM32F10x_StdPeriph_Driver/libstm32fw.a(stm32f10x_tim.o)
                0x08011314                TIM_TimeBaseInit
                0x08011354                TIM_OC1Init
                0x080113e8                TIM_OC2Init
                0x08011484                TIM_OC3Init
                0x0801151c                TIM_OC4Init
                0x08011598                TIM_BDTRConfig
                0x080115bc                TIM_TimeBaseStructInit
                0x080115ce                TIM_OCStructInit
                0x080115e2                TIM_ICStructInit
                0x080115f4                TIM_BDTRStructInit
                0x08011606                TIM_Cmd
                0x08011620                TIM_CtrlPWMOutputs
                0x08011640                TIM_ITConfig
                0x08011656                TIM_GenerateEvent
                0x0801165a                TIM_DMAConfig
                0x08011662                TIM_DMACmd
                0x08011678                TIM_InternalClockConfig
                0x08011686                TIM_ETRConfig
                0x080116a4                TIM_ETRClockMode2Config
                0x080116b8                TIM_ETRClockMode1Config
                0x080116d2                TIM_PrescalerConfig
                0x080116d8                TIM_CounterModeConfig
                0x080116ea                TIM_SelectInputTrigger
                0x080116fc                TIM_ITRxExternalClockConfig
                0x08011710                TIM_EncoderInterfaceConfig
                0x08011758                TIM_ForcedOC1Config
                0x0801176a                TIM_ForcedOC2Config
                0x0801177e                TIM_ForcedOC3Config
                0x08011790                TIM_ForcedOC4Config
                0x080117a4                TIM_ARRPreloadConfig
                0x080117be                TIM_SelectCOM
                0x080117d8                TIM_SelectCCDMA
                0x080117f2                TIM_CCPreloadControl
                0x0801180c                TIM_OC1PreloadConfig
                0x0801181e                TIM_OC2PreloadConfig
                0x08011832                TIM_OC3PreloadConfig
                0x08011844                TIM_OC4PreloadConfig
                0x08011858                TIM_OC1FastConfig
                0x0801186a                TIM_OC2FastConfig
                0x0801187e                TIM_OC3FastConfig
                0x08011890                TIM_OC4FastConfig
                0x080118a4                TIM_ClearOC1Ref
                0x080118b6                TIM_ClearOC2Ref
                0x080118c6                TIM_ClearOC3Ref
                0x080118d8                TIM_ClearOC4Ref
                0x080118e8                TIM_OC1PolarityConfig
                0x080118fa                TIM_OC1NPolarityConfig
                0x0801190c                TIM_OC2PolarityConfig
                0x08011920                TIM_OC2NPolarityConfig
                0x08011934                TIM_OC3PolarityConfig
                0x08011948                TIM_OC3NPolarityConfig
                0x0801195c                TIM_OC4PolarityConfig
                0x08011970                TIM_CCxCmd
                0x08011992                TIM_CCxNCmd
                0x080119b4                TIM_SelectOCxM
                0x08011a06                TIM_UpdateDisableConfig
                0x08011a20                TIM_UpdateRequestConfig
                0x08011a3a                TIM_SelectHallSensor
                0x08011a54                TIM_SelectOnePulseMode
                0x08011a6c                TIM_SelectOutputTrigger
                0x08011a84                TIM_SelectSlaveMode
                0x08011a9c                TIM_SelectMasterSlaveMode
                0x08011ab4                TIM_SetCounter
                0x08011ab8                TIM_SetAutoreload
                0x08011abc                TIM_SetCompare1
                0x08011ac0                TIM_SetCompare2
                0x08011ac4                TIM_SetCompare3
                0x08011ac8                TIM_SetCompare4
                0x08011ace                TIM_SetIC1Prescaler
                0x08011ae6                TIM_SetIC2Prescaler
                0x08011b00                TIM_SetIC3Prescaler
                0x08011b18                TIM_SetIC4Prescaler
                0x08011b32                TIM_SetClockDivision
                0x08011b44                TIM_GetCapture1
                0x08011b4a                TIM_GetCapture2
                0x08011b50                TIM_GetCapture3
                0x08011b56                TIM_GetCapture4
                0x08011b5e                TIM_GetCounter
                0x08011b64                TIM_GetPrescaler
                0x08011b6a                TIM_GetFlagStatus
                0x08011b76                TIM_ClearFlag
                0x08011b7e                TIM_GetITStatus
                0x08011b94                TIM_ClearITPendingBit
                0x08011c34                TIM_TIxExternalClockConfig
                0x08011c62                TIM_PWMIConfig
                0x08011cce                TIM_ICInit
                0x08011d9e                TIM_DeInit
 .text          0x08011e68      0x384 lib/STM32F10x_StdPeriph_Driver/libstm32fw.a(stm32f10x_usart.o)
                0x08011e68                USART_StructInit
                0x08011e80                USART_ClockInit
                0x08011eaa                USART_ClockStructInit
                0x08011eb6                USART_Cmd
                0x08011ed0                USART_ITConfig
                0x08011f06                USART_DMACmd
                0x08011f1c                USART_SetAddress
                0x08011f34                USART_WakeUpConfig
                0x08011f4c                USART_ReceiverWakeUpCmd
                0x08011f66                USART_LINBreakDetectLengthConfig
                0x08011f7e                USART_LINCmd
                0x08011f98                USART_SendData
                0x08011fa0                USART_ReceiveData
                0x08011fa8                USART_SendBreak
                0x08011fb4                USART_SetGuardTime
                0x08011fc6                USART_SetPrescaler
                0x08011fda                USART_SmartCardCmd
                0x08011ff4                USART_SmartCardNACKCmd
                0x0801200e                USART_HalfDuplexCmd
                0x08012028                USART_IrDAConfig
                0x08012040                USART_IrDACmd
                0x0801205a                USART_GetFlagStatus
                0x08012066                USART_ClearFlag
                0x0801206e                USART_GetITStatus
                0x080120b4                USART_ClearITPendingBit
                0x080120c2                USART_Init
                0x08012154                USART_DeInit
 .text          0x080121ec       0x98 /home/laurence/CodeSourcery/Sourcery_G++_Lite/bin/../lib/gcc/arm-none-eabi/4.4.1/../../../../arm-none-eabi/lib/thumb2/libm.a(lib_a-s_cos.o)
                0x080121ec                cos
 .text          0x08012284       0xa0 /home/laurence/CodeSourcery/Sourcery_G++_Lite/bin/../lib/gcc/arm-none-eabi/4.4.1/../../../../arm-none-eabi/lib/thumb2/libm.a(lib_a-s_sin.o)
                0x08012284                sin
 .text          0x08012324       0xac /home/laurence/CodeSourcery/Sourcery_G++_Lite/bin/../lib/gcc/arm-none-eabi/4.4.1/../../../../arm-none-eabi/lib/thumb2/libm.a(lib_a-w_asin.o)
                0x08012324                asin
 .text          0x080123d0        0x4 /home/laurence/CodeSourcery/Sourcery_G++_Lite/bin/../lib/gcc/arm-none-eabi/4.4.1/../../../../arm-none-eabi/lib/thumb2/libm.a(lib_a-w_atan2.o)
                0x080123d0                atan2
 .text          0x080123d4      0x358 /home/laurence/CodeSourcery/Sourcery_G++_Lite/bin/../lib/gcc/arm-none-eabi/4.4.1/../../../../arm-none-eabi/lib/thumb2/libm.a(lib_a-w_pow.o)
                0x080123d4                pow
 .text          0x0801272c       0xac /home/laurence/CodeSourcery/Sourcery_G++_Lite/bin/../lib/gcc/arm-none-eabi/4.4.1/../../../../arm-none-eabi/lib/thumb2/libm.a(lib_a-w_sqrt.o)
                0x0801272c                sqrt
 .text          0x080127d8       0xa8 /home/laurence/CodeSourcery/Sourcery_G++_Lite/bin/../lib/gcc/arm-none-eabi/4.4.1/../../../../arm-none-eabi/lib/thumb2/libm.a(lib_a-wf_asin.o)
                0x080127d8                asinf
 .text          0x08012880        0x4 /home/laurence/CodeSourcery/Sourcery_G++_Lite/bin/../lib/gcc/arm-none-eabi/4.4.1/../../../../arm-none-eabi/lib/thumb2/libm.a(lib_a-wf_atan2.o)
                0x08012880                atan2f
 *fill*         0x08012884        0x4 00
 .text          0x08012888      0x420 /home/laurence/CodeSourcery/Sourcery_G++_Lite/bin/../lib/gcc/arm-none-eabi/4.4.1/../../../../arm-none-eabi/lib/thumb2/libm.a(lib_a-e_asin.o)
                0x08012888                __ieee754_asin
 .text          0x08012ca8      0x220 /home/laurence/CodeSourcery/Sourcery_G++_Lite/bin/../lib/gcc/arm-none-eabi/4.4.1/../../../../arm-none-eabi/lib/thumb2/libm.a(lib_a-e_atan2.o)
                0x08012ca8                __ieee754_atan2
 .text          0x08012ec8      0xb60 /home/laurence/CodeSourcery/Sourcery_G++_Lite/bin/../lib/gcc/arm-none-eabi/4.4.1/../../../../arm-none-eabi/lib/thumb2/libm.a(lib_a-e_pow.o)
                0x08012ec8                __ieee754_pow
 .text          0x08013a28      0x418 /home/laurence/CodeSourcery/Sourcery_G++_Lite/bin/../lib/gcc/arm-none-eabi/4.4.1/../../../../arm-none-eabi/lib/thumb2/libm.a(lib_a-e_rem_pio2.o)
                0x08013a28                __ieee754_rem_pio2
 .text          0x08013e40      0x1dc /home/laurence/CodeSourcery/Sourcery_G++_Lite/bin/../lib/gcc/arm-none-eabi/4.4.1/../../../../arm-none-eabi/lib/thumb2/libm.a(lib_a-e_sqrt.o)
                0x08013e40                __ieee754_sqrt
 .text          0x0801401c      0x318 /home/laurence/CodeSourcery/Sourcery_G++_Lite/bin/../lib/gcc/arm-none-eabi/4.4.1/../../../../arm-none-eabi/lib/thumb2/libm.a(lib_a-ef_asin.o)
                0x0801401c                __ieee754_asinf
 .text          0x08014334      0x158 /home/laurence/CodeSourcery/Sourcery_G++_Lite/bin/../lib/gcc/arm-none-eabi/4.4.1/../../../../arm-none-eabi/lib/thumb2/libm.a(lib_a-ef_atan2.o)
                0x08014334                __ieee754_atan2f
 .text          0x0801448c       0xb4 /home/laurence/CodeSourcery/Sourcery_G++_Lite/bin/../lib/gcc/arm-none-eabi/4.4.1/../../../../arm-none-eabi/lib/thumb2/libm.a(lib_a-ef_sqrt.o)
                0x0801448c                __ieee754_sqrtf
 .text          0x08014540      0x250 /home/laurence/CodeSourcery/Sourcery_G++_Lite/bin/../lib/gcc/arm-none-eabi/4.4.1/../../../../arm-none-eabi/lib/thumb2/libm.a(lib_a-k_cos.o)
                0x08014540                __kernel_cos
 .text          0x08014790      0x7b4 /home/laurence/CodeSourcery/Sourcery_G++_Lite/bin/../lib/gcc/arm-none-eabi/4.4.1/../../../../arm-none-eabi/lib/thumb2/libm.a(lib_a-k_rem_pio2.o)
                0x08014790                __kernel_rem_pio2
 *fill*         0x08014f44        0x4 00
 .text          0x08014f48      0x170 /home/laurence/CodeSourcery/Sourcery_G++_Lite/bin/../lib/gcc/arm-none-eabi/4.4.1/../../../../arm-none-eabi/lib/thumb2/libm.a(lib_a-k_sin.o)
                0x08014f48                __kernel_sin
 .text          0x080150b8      0x348 /home/laurence/CodeSourcery/Sourcery_G++_Lite/bin/../lib/gcc/arm-none-eabi/4.4.1/../../../../arm-none-eabi/lib/thumb2/libm.a(lib_a-s_atan.o)
                0x080150b8                atan
 .text          0x08015400        0x8 /home/laurence/CodeSourcery/Sourcery_G++_Lite/bin/../lib/gcc/arm-none-eabi/4.4.1/../../../../arm-none-eabi/lib/thumb2/libm.a(lib_a-s_fabs.o)
                0x08015400                fabs
 .text          0x08015408       0x10 /home/laurence/CodeSourcery/Sourcery_G++_Lite/bin/../lib/gcc/arm-none-eabi/4.4.1/../../../../arm-none-eabi/lib/thumb2/libm.a(lib_a-s_finite.o)
                0x08015408                finite
 .text          0x08015418      0x128 /home/laurence/CodeSourcery/Sourcery_G++_Lite/bin/../lib/gcc/arm-none-eabi/4.4.1/../../../../arm-none-eabi/lib/thumb2/libm.a(lib_a-s_floor.o)
                0x08015418                floor
 .text          0x08015540       0x1c /home/laurence/CodeSourcery/Sourcery_G++_Lite/bin/../lib/gcc/arm-none-eabi/4.4.1/../../../../arm-none-eabi/lib/thumb2/libm.a(lib_a-s_isnand.o)
                0x08015540                __isnand
 .text          0x0801555c        0x4 /home/laurence/CodeSourcery/Sourcery_G++_Lite/bin/../lib/gcc/arm-none-eabi/4.4.1/../../../../arm-none-eabi/lib/thumb2/libm.a(lib_a-s_matherr.o)
                0x0801555c                matherr
 .text          0x08015560        0xc /home/laurence/CodeSourcery/Sourcery_G++_Lite/bin/../lib/gcc/arm-none-eabi/4.4.1/../../../../arm-none-eabi/lib/thumb2/libm.a(lib_a-s_nan.o)
                0x08015560                nan
 .text          0x0801556c      0x134 /home/laurence/CodeSourcery/Sourcery_G++_Lite/bin/../lib/gcc/arm-none-eabi/4.4.1/../../../../arm-none-eabi/lib/thumb2/libm.a(lib_a-s_rint.o)
                0x0801556c                rint
 .text          0x080156a0      0x118 /home/laurence/CodeSourcery/Sourcery_G++_Lite/bin/../lib/gcc/arm-none-eabi/4.4.1/../../../../arm-none-eabi/lib/thumb2/libm.a(lib_a-s_scalbn.o)
                0x080156a0                scalbn
 .text          0x080157b8      0x23c /home/laurence/CodeSourcery/Sourcery_G++_Lite/bin/../lib/gcc/arm-none-eabi/4.4.1/../../../../arm-none-eabi/lib/thumb2/libm.a(lib_a-sf_atan.o)
                0x080157b8                atanf
 .text          0x080159f4        0x8 /home/laurence/CodeSourcery/Sourcery_G++_Lite/bin/../lib/gcc/arm-none-eabi/4.4.1/../../../../arm-none-eabi/lib/thumb2/libm.a(lib_a-sf_fabs.o)
                0x080159f4                fabsf
 .text          0x080159fc       0x10 /home/laurence/CodeSourcery/Sourcery_G++_Lite/bin/../lib/gcc/arm-none-eabi/4.4.1/../../../../arm-none-eabi/lib/thumb2/libm.a(lib_a-sf_isnan.o)
                0x080159fc                isnanf
 .text          0x08015a0c       0x18 /home/laurence/CodeSourcery/Sourcery_G++_Lite/bin/../lib/gcc/arm-none-eabi/4.4.1/../../../../arm-none-eabi/lib/thumb2/libm.a(lib_a-s_copysign.o)
                0x08015a0c                copysign
 *fill*         0x08015a24        0x4 00
 .text          0x08015a28      0x2b0 /home/laurence/CodeSourcery/Sourcery_G++_Lite/bin/../lib/gcc/arm-none-eabi/4.4.1/thumb2/libgcc.a(_divsi3.o)
                0x08015a28                __aeabi_idiv
                0x08015a28                __divsi3
                0x08015cbc                __aeabi_idivmod
 .text          0x08015cd8        0x4 /home/laurence/CodeSourcery/Sourcery_G++_Lite/bin/../lib/gcc/arm-none-eabi/4.4.1/thumb2/libgcc.a(_dvmd_tls.o)
                0x08015cd8                __aeabi_ldiv0
                0x08015cd8                __aeabi_idiv0
 .text          0x08015cdc      0x370 /home/laurence/CodeSourcery/Sourcery_G++_Lite/bin/../lib/gcc/arm-none-eabi/4.4.1/thumb2/libgcc.a(_arm_addsubdf3.o)
                0x08015cdc                __aeabi_drsub
                0x08015ce4                __aeabi_dsub
                0x08015ce4                __subdf3
                0x08015ce8                __adddf3
                0x08015ce8                __aeabi_dadd
                0x08015f60                __aeabi_ui2d
                0x08015f60                __floatunsidf
                0x08015f80                __floatsidf
                0x08015f80                __aeabi_i2d
                0x08015fa4                __extendsfdf2
                0x08015fa4                __aeabi_f2d
                0x08015fe0                __aeabi_ul2d
                0x08015fe0                __floatundidf
                0x08015ff0                __floatdidf
                0x08015ff0                __aeabi_l2d
 .text          0x0801604c      0x424 /home/laurence/CodeSourcery/Sourcery_G++_Lite/bin/../lib/gcc/arm-none-eabi/4.4.1/thumb2/libgcc.a(_arm_muldivdf3.o)
                0x0801604c                __aeabi_dmul
                0x0801604c                __muldf3
                0x080162a0                __aeabi_ddiv
                0x080162a0                __divdf3
 .text          0x08016470      0x110 /home/laurence/CodeSourcery/Sourcery_G++_Lite/bin/../lib/gcc/arm-none-eabi/4.4.1/thumb2/libgcc.a(_arm_cmpdf2.o)
                0x08016470                __gtdf2
                0x08016470                __gedf2
                0x08016478                __ltdf2
                0x08016478                __ledf2
                0x08016480                __cmpdf2
                0x08016480                __eqdf2
                0x08016480                __nedf2
                0x080164fc                __aeabi_cdrcmple
                0x0801650c                __aeabi_cdcmple
                0x0801650c                __aeabi_cdcmpeq
                0x0801651c                __aeabi_dcmpeq
                0x08016530                __aeabi_dcmplt
                0x08016544                __aeabi_dcmple
                0x08016558                __aeabi_dcmpge
                0x0801656c                __aeabi_dcmpgt
 .text          0x08016580       0x50 /home/laurence/CodeSourcery/Sourcery_G++_Lite/bin/../lib/gcc/arm-none-eabi/4.4.1/thumb2/libgcc.a(_arm_fixdfsi.o)
                0x08016580                __fixdfsi
                0x08016580                __aeabi_d2iz
 .text          0x080165d0       0x40 /home/laurence/CodeSourcery/Sourcery_G++_Lite/bin/../lib/gcc/arm-none-eabi/4.4.1/thumb2/libgcc.a(_arm_fixunsdfsi.o)
                0x080165d0                __fixunsdfsi
                0x080165d0                __aeabi_d2uiz
 .text          0x08016610       0xa0 /home/laurence/CodeSourcery/Sourcery_G++_Lite/bin/../lib/gcc/arm-none-eabi/4.4.1/thumb2/libgcc.a(_arm_truncdfsf2.o)
                0x08016610                __aeabi_d2f
                0x08016610                __truncdfsf2
 .text          0x080166b0      0x21c /home/laurence/CodeSourcery/Sourcery_G++_Lite/bin/../lib/gcc/arm-none-eabi/4.4.1/thumb2/libgcc.a(_arm_addsubsf3.o)
                0x080166b0                __aeabi_frsub
                0x080166b8                __subsf3
                0x080166b8                __aeabi_fsub
                0x080166bc                __aeabi_fadd
                0x080166bc                __addsf3
                0x0801681c                __aeabi_ui2f
                0x0801681c                __floatunsisf
                0x08016824                __aeabi_i2f
                0x08016824                __floatsisf
                0x08016840                __floatundisf
                0x08016840                __aeabi_ul2f
                0x08016850                __floatdisf
                0x08016850                __aeabi_l2f
 .text          0x080168cc      0x2a0 /home/laurence/CodeSourcery/Sourcery_G++_Lite/bin/../lib/gcc/arm-none-eabi/4.4.1/thumb2/libgcc.a(_arm_muldivsf3.o)
                0x080168cc                __mulsf3
                0x080168cc                __aeabi_fmul
                0x08016a34                __divsf3
                0x08016a34                __aeabi_fdiv
 .text          0x08016b6c       0xec /home/laurence/CodeSourcery/Sourcery_G++_Lite/bin/../lib/gcc/arm-none-eabi/4.4.1/thumb2/libgcc.a(_arm_cmpsf2.o)
                0x08016b6c                __gtsf2
                0x08016b6c                __gesf2
                0x08016b74                __lesf2
                0x08016b74                __ltsf2
                0x08016b7c                __nesf2
                0x08016b7c                __eqsf2
                0x08016b7c                __cmpsf2
                0x08016bdc                __aeabi_cfrcmple
                0x08016be4                __aeabi_cfcmple
                0x08016be4                __aeabi_cfcmpeq
                0x08016bf4                __aeabi_fcmpeq
                0x08016c08                __aeabi_fcmplt
                0x08016c1c                __aeabi_fcmple
                0x08016c30                __aeabi_fcmpge
                0x08016c44                __aeabi_fcmpgt
 .text          0x08016c58       0x4c /home/laurence/CodeSourcery/Sourcery_G++_Lite/bin/../lib/gcc/arm-none-eabi/4.4.1/thumb2/libgcc.a(_arm_fixsfsi.o)
                0x08016c58                __fixsfsi
                0x08016c58                __aeabi_f2iz
 .text          0x08016ca4       0x40 /home/laurence/CodeSourcery/Sourcery_G++_Lite/bin/../lib/gcc/arm-none-eabi/4.4.1/thumb2/libgcc.a(_arm_fixunssfsi.o)
                0x08016ca4                __aeabi_f2uiz
                0x08016ca4                __fixunssfsi
 .text          0x08016ce4        0xc /home/laurence/CodeSourcery/Sourcery_G++_Lite/bin/../lib/gcc/arm-none-eabi/4.4.1/../../../../arm-none-eabi/lib/thumb2/libc.a(lib_a-errno.o)
                0x08016ce4                __errno
 .text          0x08016cf0       0x20 /home/laurence/CodeSourcery/Sourcery_G++_Lite/bin/../lib/gcc/arm-none-eabi/4.4.1/../../../../arm-none-eabi/lib/thumb2/libc.a(lib_a-malloc.o)
                0x08016cf0                free
                0x08016d00                malloc
 .text          0x08016d10      0x5a4 /home/laurence/CodeSourcery/Sourcery_G++_Lite/bin/../lib/gcc/arm-none-eabi/4.4.1/../../../../arm-none-eabi/lib/thumb2/libc.a(lib_a-mallocr.o)
                0x08016d10                _malloc_r
 .text          0x080172b4      0x190 /home/laurence/CodeSourcery/Sourcery_G++_Lite/bin/../lib/gcc/arm-none-eabi/4.4.1/../../../../arm-none-eabi/lib/thumb2/libc.a(lib_a-memcpy.o)
                0x080172b4                memcpy
 .text          0x08017444        0x8 /home/laurence/CodeSourcery/Sourcery_G++_Lite/bin/../lib/gcc/arm-none-eabi/4.4.1/../../../../arm-none-eabi/lib/thumb2/libc.a(lib_a-mlock.o)
                0x08017444                __malloc_lock
                0x08017448                __malloc_unlock
 .text          0x0801744c       0x28 /home/laurence/CodeSourcery/Sourcery_G++_Lite/bin/../lib/gcc/arm-none-eabi/4.4.1/../../../../arm-none-eabi/lib/thumb2/libc.a(lib_a-sbrkr.o)
                0x0801744c                _sbrk_r
 .text          0x08017474       0xbc /home/laurence/CodeSourcery/Sourcery_G++_Lite/bin/../lib/gcc/arm-none-eabi/4.4.1/../../../../arm-none-eabi/lib/thumb2/libc.a(lib_a-strcpy.o)
                0x08017474                strcpy
 .text          0x08017530      0x268 /home/laurence/CodeSourcery/Sourcery_G++_Lite/bin/../lib/gcc/arm-none-eabi/4.4.1/../../../../arm-none-eabi/lib/thumb2/libc.a(lib_a-freer.o)
                0x08017530                _malloc_trim_r
                0x080175d8                _free_r
 .text          0x08017798       0x30 /home/laurence/CodeSourcery/Sourcery_G++_Lite/bin/../lib/gcc/arm-none-eabi/4.4.1/../../../../arm-none-eabi/lib/thumb2/libcs3.a(start_c.o)
                0x08017798                __cs3_premain
 .text.cs3.init
                0x080177c8       0x5c /home/laurence/CodeSourcery/Sourcery_G++_Lite/bin/../lib/gcc/arm-none-eabi/4.4.1/../../../../arm-none-eabi/lib/thumb2/libcs3.a(start_c.o)
                0x080177c8                __cs3_start_c
 .text          0x08017824       0x44 /home/laurence/CodeSourcery/Sourcery_G++_Lite/bin/../lib/gcc/arm-none-eabi/4.4.1/../../../../arm-none-eabi/lib/thumb2/libcs3unhosted.a(unhosted-sbrk.o)
                0x08017824                _sbrk
 .text.cs3.init
                0x08017868       0x10 /home/laurence/CodeSourcery/Sourcery_G++_Lite/bin/../lib/gcc/arm-none-eabi/4.4.1/../../../../arm-none-eabi/lib/thumb2/libcs3unhosted.a(unhosted-start.o)
                0x08017868                _start
 .text          0x08017878        0x2 lib/libcs3-lanchon-stm32.a(lanchon_stm32_isr_interrupt.o)
                0x08017878                MemManageException
                0x08017878                BusFaultException
                0x08017878                DMAChannel7_IRQHandler
                0x08017878                DebugMonitor
                0x08017878                SVCHandler
                0x08017878                HardFaultException
                0x08017878                __STM32ReservedException8
                0x08017878                USB_HP_CAN_TX_IRQHandler
                0x08017878                __STM32DefaultExceptionHandler
                0x08017878                DMAChannel1_IRQHandler
                0x08017878                CAN_SCE_IRQHandler
                0x08017878                __STM32ReservedException10
                0x08017878                __STM32ReservedException13
                0x08017878                NMIException
                0x08017878                DMAChannel4_IRQHandler
                0x08017878                SysTickHandler
                0x08017878                PendSVC
                0x08017878                CAN_RX1_IRQHandler
                0x08017878                ADC_IRQHandler
                0x08017878                DMAChannel5_IRQHandler
                0x08017878                DMAChannel2_IRQHandler
                0x08017878                USB_LP_CAN_RX0_IRQHandler
                0x08017878                __STM32ReservedException7
                0x08017878                UsageFaultException
                0x08017878                DMAChannel6_IRQHandler
                0x08017878                DMAChannel3_IRQHandler
                0x08017878                __STM32ReservedException9
 *fill*         0x0801787a        0x2 00
 .text          0x0801787c       0x50 /home/laurence/CodeSourcery/Sourcery_G++_Lite/bin/../lib/gcc/arm-none-eabi/4.4.1/../../../../arm-none-eabi/lib/thumb2/libc.a(lib_a-init.o)
                0x0801787c                __libc_init_array
 *(.plt)
 *(.gnu.warning)
 *(.glue_7t)
 .glue_7t       0x00000000        0x0 linker stubs
 *(.glue_7)
 .glue_7        0x00000000        0x0 linker stubs
 *(.vfp11_veneer)
 .vfp11_veneer  0x00000000        0x0 linker stubs
 *(.rodata .rodata.* .gnu.linkonce.r.*)
 .rodata        0x080178cc        0x8 Sensors/bmp085.o
 .rodata        0x080178d4      0x888 Sensors/earth_field.o
 .rodata.str1.1
                0x0801815c        0x9 Sensors/earth_field.o
 *fill*         0x08018165        0x3 00
 .rodata        0x08018168        0x8 Sensors/pitot.o
 .rodata        0x08018170       0xc4 Sensors/ubx.o
 .rodata.str1.1
                0x08018234      0x13b Sensors/ubx.o
 .rodata.str1.1
                0x0801836f        0xf Util/Fatfs/ff.o
 *fill*         0x0801837e        0x2 00
 .rodata        0x08018380        0xc Util/Fatfs/rtc.o
 .rodata        0x0801838c      0x100 Util/crc.o
 .rodata        0x0801848c       0x14 Util/rprintf.o
 .rodata.str1.1
                0x080184a0        0x6 Util/rprintf.o
 *fill*         0x080184a6        0x2 00
 .rodata        0x080184a8       0x1c Util/uavtalk.o
                0x080184a8                UAVtalk_objects
                0x080184bc                UAVtalk_lenghts
 .rodata        0x080184c4       0x1c i2c.o
 .rodata        0x080184e0       0x14 lib/CMSIS_CM3/system_stm32f10x.o
                0x080184e0                SystemFrequency
                0x080184e4                SystemFrequency_SysClk
                0x080184e8                SystemFrequency_AHBClk
                0x080184ec                SystemFrequency_APB1Clk
                0x080184f0                SystemFrequency_APB2Clk
 .rodata        0x080184f4       0x60 main.o
 .rodata.str1.1
                0x08018554      0x271 main.o
 *fill*         0x080187c5        0x3 00
 .rodata        0x080187c8       0x90 Control/imu.o
 .rodata.str1.4
                0x08018858        0x5 /home/laurence/CodeSourcery/Sourcery_G++_Lite/bin/../lib/gcc/arm-none-eabi/4.4.1/../../../../arm-none-eabi/lib/thumb2/libm.a(lib_a-w_asin.o)
                                  0xc (size before relaxing)
 *fill*         0x0801885d        0x3 00
 .rodata.str1.4
                0x08018860        0x4 /home/laurence/CodeSourcery/Sourcery_G++_Lite/bin/../lib/gcc/arm-none-eabi/4.4.1/../../../../arm-none-eabi/lib/thumb2/libm.a(lib_a-w_pow.o)
 .rodata.str1.4
                0x08018864        0x5 /home/laurence/CodeSourcery/Sourcery_G++_Lite/bin/../lib/gcc/arm-none-eabi/4.4.1/../../../../arm-none-eabi/lib/thumb2/libm.a(lib_a-w_sqrt.o)
                                  0x8 (size before relaxing)
 *fill*         0x08018869        0x3 00
 .rodata.str1.4
                0x0801886c        0x6 /home/laurence/CodeSourcery/Sourcery_G++_Lite/bin/../lib/gcc/arm-none-eabi/4.4.1/../../../../arm-none-eabi/lib/thumb2/libm.a(lib_a-wf_asin.o)
                                  0xc (size before relaxing)
 *fill*         0x08018872        0x6 00
 .rodata        0x08018878       0x30 /home/laurence/CodeSourcery/Sourcery_G++_Lite/bin/../lib/gcc/arm-none-eabi/4.4.1/../../../../arm-none-eabi/lib/thumb2/libm.a(lib_a-e_pow.o)
 .rodata.str1.4
                0x00000000        0x4 /home/laurence/CodeSourcery/Sourcery_G++_Lite/bin/../lib/gcc/arm-none-eabi/4.4.1/../../../../arm-none-eabi/lib/thumb2/libm.a(lib_a-e_pow.o)
 .rodata        0x080188a8      0x188 /home/laurence/CodeSourcery/Sourcery_G++_Lite/bin/../lib/gcc/arm-none-eabi/4.4.1/../../../../arm-none-eabi/lib/thumb2/libm.a(lib_a-e_rem_pio2.o)
 .rodata        0x08018a30       0x50 /home/laurence/CodeSourcery/Sourcery_G++_Lite/bin/../lib/gcc/arm-none-eabi/4.4.1/../../../../arm-none-eabi/lib/thumb2/libm.a(lib_a-k_rem_pio2.o)
 .rodata        0x08018a80       0x40 /home/laurence/CodeSourcery/Sourcery_G++_Lite/bin/../lib/gcc/arm-none-eabi/4.4.1/../../../../arm-none-eabi/lib/thumb2/libm.a(lib_a-s_atan.o)
 .rodata        0x08018ac0       0x10 /home/laurence/CodeSourcery/Sourcery_G++_Lite/bin/../lib/gcc/arm-none-eabi/4.4.1/../../../../arm-none-eabi/lib/thumb2/libm.a(lib_a-s_rint.o)
 .rodata        0x08018ad0       0x20 /home/laurence/CodeSourcery/Sourcery_G++_Lite/bin/../lib/gcc/arm-none-eabi/4.4.1/../../../../arm-none-eabi/lib/thumb2/libm.a(lib_a-sf_atan.o)
 .rodata.str1.4
                0x08018af0        0x4 /home/laurence/CodeSourcery/Sourcery_G++_Lite/bin/../lib/gcc/arm-none-eabi/4.4.1/../../../../arm-none-eabi/lib/thumb2/libc.a(lib_a-impure.o)
 *(.ARM.extab* .gnu.linkonce.armextab.*)
 *(.gcc_except_table)
 *(.eh_frame_hdr)
 *(.eh_frame)
                0x08018af4                . = ALIGN (0x4)
 *(.init)
 .init          0x08018af4        0x4 /home/laurence/CodeSourcery/Sourcery_G++_Lite/bin/../lib/gcc/arm-none-eabi/4.4.1/thumb2/crti.o
                0x08018af4                _init
 .init          0x08018af8        0x8 /home/laurence/CodeSourcery/Sourcery_G++_Lite/bin/../lib/gcc/arm-none-eabi/4.4.1/thumb2/crtn.o
                0x08018b00                . = ALIGN (0x4)
                0x08018b00                __preinit_array_start = .
 *(.preinit_array)
                0x08018b00                __preinit_array_end = .
                0x08018b00                . = ALIGN (0x4)
                0x08018b00                __init_array_start = .
 *(SORT(.init_array.*))
 *(.init_array)
 .init_array    0x08018b00        0x4 /home/laurence/CodeSourcery/Sourcery_G++_Lite/bin/../lib/gcc/arm-none-eabi/4.4.1/thumb2/crtbegin.o
                0x08018b04                __init_array_end = .
                0x08018b04                . = ALIGN (0x4)
 *crtbegin.o(.ctors)
 *(EXCLUDE_FILE(*crtend.o) .ctors)
 *(SORT(.ctors.*))
 *crtend.o(.ctors)
                0x08018b04                . = ALIGN (0x4)
 *(.fini)
 .fini          0x08018b04        0x4 /home/laurence/CodeSourcery/Sourcery_G++_Lite/bin/../lib/gcc/arm-none-eabi/4.4.1/thumb2/crti.o
                0x08018b04                _fini
 .fini          0x08018b08        0x8 /home/laurence/CodeSourcery/Sourcery_G++_Lite/bin/../lib/gcc/arm-none-eabi/4.4.1/thumb2/crtn.o
                0x08018b10                . = ALIGN (0x4)
                0x08018b10                __fini_array_start = .
 *(.fini_array)
 .fini_array    0x08018b10        0x4 /home/laurence/CodeSourcery/Sourcery_G++_Lite/bin/../lib/gcc/arm-none-eabi/4.4.1/thumb2/crtbegin.o
 *(SORT(.fini_array.*))
                0x08018b14                __fini_array_end = .
 *crtbegin.o(.dtors)
 *(EXCLUDE_FILE(*crtend.o) .dtors)
 *(SORT(.dtors.*))
 *crtend.o(.dtors)
                0x08018b14                . = ALIGN (0x4)
                0x08018b14                __cs3_regions = .
                0x08018b14        0x4 LONG 0x0
                0x08018b18        0x4 LONG 0x8018b28 __cs3_region_init_ram
                0x08018b1c        0x4 LONG 0x20000000 __cs3_region_start_ram
                0x08018b20        0x4 LONG 0x610 __cs3_region_init_size_ram
                0x08018b24        0x4 LONG 0x1410 __cs3_region_zero_size_ram
                0x08018b28                __exidx_start = .

.v4_bx          0x08018b28        0x0
 .v4_bx         0x00000000        0x0 linker stubs

.ARM.exidx
 *(.ARM.exidx* .gnu.linkonce.armexidx.*)
                0x08018b28                __exidx_end = .

.text.align     0x08018b28        0x0
                0x08018b28                . = ALIGN (0x8)
                0x08018b28                _etext = .
                0x08020000                __cs3_region_end_rom = (__cs3_region_start_rom + 0x20000)
                0x00020000                __cs3_region_size_rom = 0x20000
                0x00000001                __cs3_region_num = 0x1

.data           0x20000000      0x610 load address 0x08018b28
                0x20000000                __cs3_region_start_ram = .
 *(.cs3.region-head.ram)
 *(.jcr)
 .jcr           0x20000000        0x0 /home/laurence/CodeSourcery/Sourcery_G++_Lite/bin/../lib/gcc/arm-none-eabi/4.4.1/thumb2/crtbegin.o
 .jcr           0x20000000        0x4 /home/laurence/CodeSourcery/Sourcery_G++_Lite/bin/../lib/gcc/arm-none-eabi/4.4.1/thumb2/crtend.o
 *(.got.plt)
 *(.got)
 *(.shdata)
 *(.data .data.* .gnu.linkonce.d.*)
 .data          0x20000004        0x1 Util/Fatfs/sd_spi_stm32.o
 *fill*         0x20000005        0x3 00
 .data          0x20000008       0x30 Util/uavtalk.o
                0x20000008                UAVtalk_conf
                0x2000002c                UAVtalk_stream_objs
                0x20000030                UAVtalk_stream_timeouts
 .data          0x20000038       0xb4 Control/imu.o
 .data          0x200000ec       0x14 lib/STM32F10x_StdPeriph_Driver/libstm32fw.a(stm32f10x_rcc.o)
 .data          0x20000100        0x1 /home/laurence/CodeSourcery/Sourcery_G++_Lite/bin/../lib/gcc/arm-none-eabi/4.4.1/../../../../arm-none-eabi/lib/thumb2/libm.a(lib_a-s_lib_ver.o)
                0x20000100                __fdlib_version
 *fill*         0x20000101        0x3 00
 .data          0x20000104       0xf4 /home/laurence/CodeSourcery/Sourcery_G++_Lite/bin/../lib/gcc/arm-none-eabi/4.4.1/../../../../arm-none-eabi/lib/thumb2/libc.a(lib_a-impure.o)
                0x20000104                _impure_ptr
 .data          0x200001f8      0x410 /home/laurence/CodeSourcery/Sourcery_G++_Lite/bin/../lib/gcc/arm-none-eabi/4.4.1/../../../../arm-none-eabi/lib/thumb2/libc.a(lib_a-mallocr.o)
                0x200001f8                __malloc_av_
                0x20000600                __malloc_sbrk_base
                0x20000604                __malloc_trim_threshold
 .data          0x20000608        0x4 /home/laurence/CodeSourcery/Sourcery_G++_Lite/bin/../lib/gcc/arm-none-eabi/4.4.1/../../../../arm-none-eabi/lib/thumb2/libcs3unhosted.a(unhosted-sbrk.o)
 .data          0x2000060c        0x4 /home/laurence/CodeSourcery/Sourcery_G++_Lite/bin/../lib/gcc/arm-none-eabi/4.4.1/../../../../arm-none-eabi/lib/thumb2/libcs3.a(heap.o)
                0x2000060c                __cs3_heap_limit
 *(.ram)
                0x20000610                . = ALIGN (0x8)
                0x20000610                _edata = .

.bss            0x20000610     0x1410 load address 0x08019138
 *(.shbss)
 *(.bss .bss.* .gnu.linkonce.b.*)
 .bss           0x20000610        0x1 /home/laurence/CodeSourcery/Sourcery_G++_Lite/bin/../lib/gcc/arm-none-eabi/4.4.1/thumb2/crtbegin.o
 *fill*         0x20000611        0x3 00
 .bss           0x20000614       0x20 Sensors/bmp085.o
                0x20000614                Sea_Level_Pressure
                0x20000618                Our_Sensorcal
                0x20000630                Bmp_temp
 .bss           0x20000634        0xc Sensors/earth_field.o
 .bss           0x20000640        0xa Sensors/ubx.o
 *fill*         0x2000064a        0x2 00
 .bss           0x2000064c        0x8 Util/Fatfs/ff.o
 .bss           0x20000654       0x10 Util/Fatfs/sd_spi_stm32.o
 .bss           0x20000664       0x84 Util/rprintf.o
 .bss           0x200006e8       0x20 Util/uavtalk.o
                0x200006ec                UAVtalk_semaphores
                0x200006f4                UAVtalk_pointers
 .bss           0x20000708      0x650 main.o
                0x20000708                Gps_Buffer
                0x2000080c                Gps
                0x20000840                Home_Position
                0x2000084c                Long_To_Meters_Home
                0x20000a80                f_err_code
                0x20000a84                UAVtalk_Attitude_Array
                0x20000aa0                Nav_Global
                0x20000ad4                UAVtalk_Altitude_Array
                0x20000ae0                Waypoint_Global
                0x20000aec                Usart1tx
                0x20000bf0                Usart1rx
                0x20000cf4                Millis
                0x20000cf8                uavtalk_usart_port
                0x20000d48                Nav_Flag
                0x20000d4c                New_Waypoint_Flagged
                0x20000d50                Ground_Flag
                0x20000d54                Balt
 .bss           0x20000d58       0x1c pwm.o
                0x20000d58                TIM_TimeBaseStructure
                0x20000d64                TIM_OCInitStructure
 .bss           0x20000d74      0xbf8 Control/ekf.o
                0x20000d74                Be
                0x20000d80                P
                0x20001024                X
                0x20001058                Q
                0x2000107c                R
                0x200010a4                F
                0x20001348                G
                0x2000151c                K
                0x20001724                H
                0x2000192c                Nav
                0x20001960                zeros
 .bss           0x2000196c       0x78 Control/imu.o
 .bss           0x200019e4       0x34 /home/laurence/CodeSourcery/Sourcery_G++_Lite/bin/../lib/gcc/arm-none-eabi/4.4.1/../../../../arm-none-eabi/lib/thumb2/libc.a(lib_a-mallocr.o)
                0x200019e4                __malloc_top_pad
                0x200019e8                __malloc_current_mallinfo
                0x20001a10                __malloc_max_sbrked_mem
                0x20001a14                __malloc_max_total_mem
 *(COMMON)
 COMMON         0x20001a18        0x4 /home/laurence/CodeSourcery/Sourcery_G++_Lite/bin/../lib/gcc/arm-none-eabi/4.4.1/../../../../arm-none-eabi/lib/thumb2/libc.a(lib_a-reent.o)
                0x20001a18                errno
 *(.ram.b)
                0x20001a20                . = ALIGN (0x8)
 *fill*         0x20001a1c        0x4 00
                0x20001a20                _end = .
                0x20001a20                __end = .
                0x20005000                __cs3_region_end_ram = (__cs3_region_start_ram + 0x5000)
                0x00005000                __cs3_region_size_ram = 0x5000
                0x08018b28                __cs3_region_init_ram = LOADADDR (.data)
                0x00000610                __cs3_region_init_size_ram = (_edata - ADDR (.data))
                0x00001410                __cs3_region_zero_size_ram = (_end - _edata)
                0x00000001                __cs3_region_num = 0x1

.stab
 *(.stab)

.stabstr
 *(.stabstr)

.debug
 *(.debug)

.line
 *(.line)

.debug_srcinfo
 *(.debug_srcinfo)

.debug_sfnames
 *(.debug_sfnames)

.debug_aranges
 *(.debug_aranges)

.debug_pubnames
 *(.debug_pubnames)

.debug_info
 *(.debug_info .gnu.linkonce.wi.*)

.debug_abbrev
 *(.debug_abbrev)

.debug_line
 *(.debug_line)

.comment        0x00000000      0x739
 .comment       0x00000000       0x2b Sensors/bmp085.o
 .comment       0x0000002b       0x2b Sensors/earth_field.o
 .comment       0x00000056       0x2b Sensors/pitot.o
 .comment       0x00000081       0x2b Sensors/ubx.o
 .comment       0x000000ac       0x2b Util/Fatfs/fattime.o
 .comment       0x000000d7       0x2b Util/Fatfs/ff.o
 .comment       0x00000102       0x2b Util/Fatfs/rtc.o
 .comment       0x0000012d       0x2b Util/Fatfs/sd_spi_stm32.o
 .comment       0x00000158       0x2b Util/atmospherics.o
 .comment       0x00000183       0x2b Util/coords.o
 .comment       0x000001ae       0x2b Util/crc.o
 .comment       0x000001d9       0x2b Util/delay.o
 .comment       0x00000204       0x2b Util/rprintf.o
 .comment       0x0000022f       0x2b Util/time.o
 .comment       0x0000025a       0x2b Util/uavtalk.o
 .comment       0x00000285       0x2b dma.o
 .comment       0x000002b0       0x2b gpio.o
 .comment       0x000002db       0x2b i2c.o
 .comment       0x00000306       0x2b interrupts.o
 .comment       0x00000331       0x2b lib/CMSIS_CM3/core_cm3.o
 .comment       0x0000035c       0x2b lib/CMSIS_CM3/system_stm32f10x.o
 .comment       0x00000387       0x2b main.o
 .comment       0x000003b2       0x2b pwm.o
 .comment       0x000003dd       0x2b usart.o
 .comment       0x00000408       0x2b watchdog.o
 .comment       0x00000433       0x2b Control/ekf.o
 .comment       0x0000045e       0x2b Control/imu.o
 .comment       0x00000489       0x2b Control/loops.o
 .comment       0x000004b4       0x2b Control/sensorcal.o
 .comment       0x000004df       0x2b Control/servos.o
 .comment       0x0000050a       0x2b lib/STM32F10x_StdPeriph_Driver/libstm32fw.a(misc.o)
 .comment       0x00000535       0x2b lib/STM32F10x_StdPeriph_Driver/libstm32fw.a(stm32f10x_bkp.o)
 .comment       0x00000560       0x2b lib/STM32F10x_StdPeriph_Driver/libstm32fw.a(stm32f10x_dma.o)
 .comment       0x0000058b       0x2b lib/STM32F10x_StdPeriph_Driver/libstm32fw.a(stm32f10x_exti.o)
 .comment       0x000005b6       0x2b lib/STM32F10x_StdPeriph_Driver/libstm32fw.a(stm32f10x_gpio.o)
 .comment       0x000005e1       0x2b lib/STM32F10x_StdPeriph_Driver/libstm32fw.a(stm32f10x_i2c.o)
 .comment       0x0000060c       0x2b lib/STM32F10x_StdPeriph_Driver/libstm32fw.a(stm32f10x_iwdg.o)
 .comment       0x00000637       0x2b lib/STM32F10x_StdPeriph_Driver/libstm32fw.a(stm32f10x_pwr.o)
 .comment       0x00000662       0x2b lib/STM32F10x_StdPeriph_Driver/libstm32fw.a(stm32f10x_rcc.o)
 .comment       0x0000068d       0x2b lib/STM32F10x_StdPeriph_Driver/libstm32fw.a(stm32f10x_rtc.o)
 .comment       0x000006b8       0x2b lib/STM32F10x_StdPeriph_Driver/libstm32fw.a(stm32f10x_spi.o)
 .comment       0x000006e3       0x2b lib/STM32F10x_StdPeriph_Driver/libstm32fw.a(stm32f10x_tim.o)
 .comment       0x0000070e       0x2b lib/STM32F10x_StdPeriph_Driver/libstm32fw.a(stm32f10x_usart.o)

.debug_frame    0x00000000      0x8a0
 *(.debug_frame)
 .debug_frame   0x00000000       0x34 /home/laurence/CodeSourcery/Sourcery_G++_Lite/bin/../lib/gcc/arm-none-eabi/4.4.1/../../../../arm-none-eabi/lib/thumb2/libm.a(lib_a-s_cos.o)
 .debug_frame   0x00000034       0x34 /home/laurence/CodeSourcery/Sourcery_G++_Lite/bin/../lib/gcc/arm-none-eabi/4.4.1/../../../../arm-none-eabi/lib/thumb2/libm.a(lib_a-s_sin.o)
 .debug_frame   0x00000068       0x38 /home/laurence/CodeSourcery/Sourcery_G++_Lite/bin/../lib/gcc/arm-none-eabi/4.4.1/../../../../arm-none-eabi/lib/thumb2/libm.a(lib_a-w_asin.o)
 .debug_frame   0x000000a0       0x20 /home/laurence/CodeSourcery/Sourcery_G++_Lite/bin/../lib/gcc/arm-none-eabi/4.4.1/../../../../arm-none-eabi/lib/thumb2/libm.a(lib_a-w_atan2.o)
 .debug_frame   0x000000c0       0x3c /home/laurence/CodeSourcery/Sourcery_G++_Lite/bin/../lib/gcc/arm-none-eabi/4.4.1/../../../../arm-none-eabi/lib/thumb2/libm.a(lib_a-w_pow.o)
 .debug_frame   0x000000fc       0x3c /home/laurence/CodeSourcery/Sourcery_G++_Lite/bin/../lib/gcc/arm-none-eabi/4.4.1/../../../../arm-none-eabi/lib/thumb2/libm.a(lib_a-w_sqrt.o)
 .debug_frame   0x00000138       0x34 /home/laurence/CodeSourcery/Sourcery_G++_Lite/bin/../lib/gcc/arm-none-eabi/4.4.1/../../../../arm-none-eabi/lib/thumb2/libm.a(lib_a-wf_asin.o)
 .debug_frame   0x0000016c       0x20 /home/laurence/CodeSourcery/Sourcery_G++_Lite/bin/../lib/gcc/arm-none-eabi/4.4.1/../../../../arm-none-eabi/lib/thumb2/libm.a(lib_a-wf_atan2.o)
 .debug_frame   0x0000018c       0x3c /home/laurence/CodeSourcery/Sourcery_G++_Lite/bin/../lib/gcc/arm-none-eabi/4.4.1/../../../../arm-none-eabi/lib/thumb2/libm.a(lib_a-e_asin.o)
 .debug_frame   0x000001c8       0x3c /home/laurence/CodeSourcery/Sourcery_G++_Lite/bin/../lib/gcc/arm-none-eabi/4.4.1/../../../../arm-none-eabi/lib/thumb2/libm.a(lib_a-e_atan2.o)
 .debug_frame   0x00000204       0x3c /home/laurence/CodeSourcery/Sourcery_G++_Lite/bin/../lib/gcc/arm-none-eabi/4.4.1/../../../../arm-none-eabi/lib/thumb2/libm.a(lib_a-e_pow.o)
 .debug_frame   0x00000240       0x3c /home/laurence/CodeSourcery/Sourcery_G++_Lite/bin/../lib/gcc/arm-none-eabi/4.4.1/../../../../arm-none-eabi/lib/thumb2/libm.a(lib_a-e_rem_pio2.o)
 .debug_frame   0x0000027c       0x34 /home/laurence/CodeSourcery/Sourcery_G++_Lite/bin/../lib/gcc/arm-none-eabi/4.4.1/../../../../arm-none-eabi/lib/thumb2/libm.a(lib_a-e_sqrt.o)
 .debug_frame   0x000002b0       0x34 /home/laurence/CodeSourcery/Sourcery_G++_Lite/bin/../lib/gcc/arm-none-eabi/4.4.1/../../../../arm-none-eabi/lib/thumb2/libm.a(lib_a-ef_asin.o)
 .debug_frame   0x000002e4       0x2c /home/laurence/CodeSourcery/Sourcery_G++_Lite/bin/../lib/gcc/arm-none-eabi/4.4.1/../../../../arm-none-eabi/lib/thumb2/libm.a(lib_a-ef_atan2.o)
 .debug_frame   0x00000310       0x2c /home/laurence/CodeSourcery/Sourcery_G++_Lite/bin/../lib/gcc/arm-none-eabi/4.4.1/../../../../arm-none-eabi/lib/thumb2/libm.a(lib_a-ef_sqrt.o)
 .debug_frame   0x0000033c       0x3c /home/laurence/CodeSourcery/Sourcery_G++_Lite/bin/../lib/gcc/arm-none-eabi/4.4.1/../../../../arm-none-eabi/lib/thumb2/libm.a(lib_a-k_cos.o)
 .debug_frame   0x00000378       0x3c /home/laurence/CodeSourcery/Sourcery_G++_Lite/bin/../lib/gcc/arm-none-eabi/4.4.1/../../../../arm-none-eabi/lib/thumb2/libm.a(lib_a-k_rem_pio2.o)
 .debug_frame   0x000003b4       0x3c /home/laurence/CodeSourcery/Sourcery_G++_Lite/bin/../lib/gcc/arm-none-eabi/4.4.1/../../../../arm-none-eabi/lib/thumb2/libm.a(lib_a-k_sin.o)
 .debug_frame   0x000003f0       0x38 /home/laurence/CodeSourcery/Sourcery_G++_Lite/bin/../lib/gcc/arm-none-eabi/4.4.1/../../../../arm-none-eabi/lib/thumb2/libm.a(lib_a-s_atan.o)
 .debug_frame   0x00000428       0x20 /home/laurence/CodeSourcery/Sourcery_G++_Lite/bin/../lib/gcc/arm-none-eabi/4.4.1/../../../../arm-none-eabi/lib/thumb2/libm.a(lib_a-s_fabs.o)
 .debug_frame   0x00000448       0x20 /home/laurence/CodeSourcery/Sourcery_G++_Lite/bin/../lib/gcc/arm-none-eabi/4.4.1/../../../../arm-none-eabi/lib/thumb2/libm.a(lib_a-s_finite.o)
 .debug_frame   0x00000468       0x34 /home/laurence/CodeSourcery/Sourcery_G++_Lite/bin/../lib/gcc/arm-none-eabi/4.4.1/../../../../arm-none-eabi/lib/thumb2/libm.a(lib_a-s_floor.o)
 .debug_frame   0x0000049c       0x20 /home/laurence/CodeSourcery/Sourcery_G++_Lite/bin/../lib/gcc/arm-none-eabi/4.4.1/../../../../arm-none-eabi/lib/thumb2/libm.a(lib_a-s_isnand.o)
 .debug_frame   0x000004bc       0x20 /home/laurence/CodeSourcery/Sourcery_G++_Lite/bin/../lib/gcc/arm-none-eabi/4.4.1/../../../../arm-none-eabi/lib/thumb2/libm.a(lib_a-s_matherr.o)
 .debug_frame   0x000004dc       0x20 /home/laurence/CodeSourcery/Sourcery_G++_Lite/bin/../lib/gcc/arm-none-eabi/4.4.1/../../../../arm-none-eabi/lib/thumb2/libm.a(lib_a-s_nan.o)
 .debug_frame   0x000004fc       0x38 /home/laurence/CodeSourcery/Sourcery_G++_Lite/bin/../lib/gcc/arm-none-eabi/4.4.1/../../../../arm-none-eabi/lib/thumb2/libm.a(lib_a-s_rint.o)
 .debug_frame   0x00000534       0x30 /home/laurence/CodeSourcery/Sourcery_G++_Lite/bin/../lib/gcc/arm-none-eabi/4.4.1/../../../../arm-none-eabi/lib/thumb2/libm.a(lib_a-s_scalbn.o)
 .debug_frame   0x00000564       0x30 /home/laurence/CodeSourcery/Sourcery_G++_Lite/bin/../lib/gcc/arm-none-eabi/4.4.1/../../../../arm-none-eabi/lib/thumb2/libm.a(lib_a-sf_atan.o)
 .debug_frame   0x00000594       0x20 /home/laurence/CodeSourcery/Sourcery_G++_Lite/bin/../lib/gcc/arm-none-eabi/4.4.1/../../../../arm-none-eabi/lib/thumb2/libm.a(lib_a-sf_fabs.o)
 .debug_frame   0x000005b4       0x20 /home/laurence/CodeSourcery/Sourcery_G++_Lite/bin/../lib/gcc/arm-none-eabi/4.4.1/../../../../arm-none-eabi/lib/thumb2/libm.a(lib_a-sf_isnan.o)
 .debug_frame   0x000005d4       0x28 /home/laurence/CodeSourcery/Sourcery_G++_Lite/bin/../lib/gcc/arm-none-eabi/4.4.1/../../../../arm-none-eabi/lib/thumb2/libm.a(lib_a-s_copysign.o)
 .debug_frame   0x000005fc       0x20 /home/laurence/CodeSourcery/Sourcery_G++_Lite/bin/../lib/gcc/arm-none-eabi/4.4.1/thumb2/libgcc.a(_divsi3.o)
 .debug_frame   0x0000061c       0x20 /home/laurence/CodeSourcery/Sourcery_G++_Lite/bin/../lib/gcc/arm-none-eabi/4.4.1/../../../../arm-none-eabi/lib/thumb2/libc.a(lib_a-errno.o)
 .debug_frame   0x0000063c       0x30 /home/laurence/CodeSourcery/Sourcery_G++_Lite/bin/../lib/gcc/arm-none-eabi/4.4.1/../../../../arm-none-eabi/lib/thumb2/libc.a(lib_a-malloc.o)
 .debug_frame   0x0000066c       0x3c /home/laurence/CodeSourcery/Sourcery_G++_Lite/bin/../lib/gcc/arm-none-eabi/4.4.1/../../../../arm-none-eabi/lib/thumb2/libc.a(lib_a-mallocr.o)
 .debug_frame   0x000006a8       0x34 /home/laurence/CodeSourcery/Sourcery_G++_Lite/bin/../lib/gcc/arm-none-eabi/4.4.1/../../../../arm-none-eabi/lib/thumb2/libc.a(lib_a-memcpy.o)
 .debug_frame   0x000006dc       0x30 /home/laurence/CodeSourcery/Sourcery_G++_Lite/bin/../lib/gcc/arm-none-eabi/4.4.1/../../../../arm-none-eabi/lib/thumb2/libc.a(lib_a-mlock.o)
 .debug_frame   0x0000070c       0x2c /home/laurence/CodeSourcery/Sourcery_G++_Lite/bin/../lib/gcc/arm-none-eabi/4.4.1/../../../../arm-none-eabi/lib/thumb2/libc.a(lib_a-sbrkr.o)
 .debug_frame   0x00000738       0x20 /home/laurence/CodeSourcery/Sourcery_G++_Lite/bin/../lib/gcc/arm-none-eabi/4.4.1/../../../../arm-none-eabi/lib/thumb2/libc.a(lib_a-strcpy.o)
 .debug_frame   0x00000758       0x50 /home/laurence/CodeSourcery/Sourcery_G++_Lite/bin/../lib/gcc/arm-none-eabi/4.4.1/../../../../arm-none-eabi/lib/thumb2/libc.a(lib_a-freer.o)
 .debug_frame   0x000007a8       0x64 /home/laurence/CodeSourcery/Sourcery_G++_Lite/bin/../lib/gcc/arm-none-eabi/4.4.1/../../../../arm-none-eabi/lib/thumb2/libc.a(lib_a-reent.o)
 .debug_frame   0x0000080c       0x40 /home/laurence/CodeSourcery/Sourcery_G++_Lite/bin/../lib/gcc/arm-none-eabi/4.4.1/../../../../arm-none-eabi/lib/thumb2/libcs3.a(start_c.o)
 .debug_frame   0x0000084c       0x28 /home/laurence/CodeSourcery/Sourcery_G++_Lite/bin/../lib/gcc/arm-none-eabi/4.4.1/../../../../arm-none-eabi/lib/thumb2/libcs3unhosted.a(unhosted-sbrk.o)
 .debug_frame   0x00000874       0x2c /home/laurence/CodeSourcery/Sourcery_G++_Lite/bin/../lib/gcc/arm-none-eabi/4.4.1/../../../../arm-none-eabi/lib/thumb2/libc.a(lib_a-init.o)

.debug_str
 *(.debug_str)

.debug_loc
 *(.debug_loc)

.debug_macinfo
 *(.debug_macinfo)

.debug_weaknames
 *(.debug_weaknames)

.debug_funcnames
 *(.debug_funcnames)

.debug_typenames
 *(.debug_typenames)

.debug_varnames
 *(.debug_varnames)

.note.gnu.arm.ident
 *(.note.gnu.arm.ident)

.ARM.attributes
                0x00000000       0x25
 *(.ARM.attributes)
 .ARM.attributes
                0x00000000       0x19 /home/laurence/CodeSourcery/Sourcery_G++_Lite/bin/../lib/gcc/arm-none-eabi/4.4.1/thumb2/crti.o
 .ARM.attributes
                0x00000019       0x29 /home/laurence/CodeSourcery/Sourcery_G++_Lite/bin/../lib/gcc/arm-none-eabi/4.4.1/thumb2/crtbegin.o
 .ARM.attributes
                0x00000042       0x31 Sensors/bmp085.o
 .ARM.attributes
                0x00000073       0x31 Sensors/earth_field.o
 .ARM.attributes
                0x000000a4       0x31 Sensors/pitot.o
 .ARM.attributes
                0x000000d5       0x31 Sensors/ubx.o
 .ARM.attributes
                0x00000106       0x31 Util/Fatfs/fattime.o
 .ARM.attributes
                0x00000137       0x31 Util/Fatfs/ff.o
 .ARM.attributes
                0x00000168       0x31 Util/Fatfs/rtc.o
 .ARM.attributes
                0x00000199       0x31 Util/Fatfs/sd_spi_stm32.o
 .ARM.attributes
                0x000001ca       0x31 Util/atmospherics.o
 .ARM.attributes
                0x000001fb       0x31 Util/coords.o
 .ARM.attributes
                0x0000022c       0x31 Util/crc.o
 .ARM.attributes
                0x0000025d       0x31 Util/delay.o
 .ARM.attributes
                0x0000028e       0x31 Util/rprintf.o
 .ARM.attributes
                0x000002bf       0x31 Util/time.o
 .ARM.attributes
                0x000002f0       0x31 Util/uavtalk.o
 .ARM.attributes
                0x00000321       0x31 dma.o
 .ARM.attributes
                0x00000352       0x31 gpio.o
 .ARM.attributes
                0x00000383       0x31 i2c.o
 .ARM.attributes
                0x000003b4       0x31 interrupts.o
 .ARM.attributes
                0x000003e5       0x31 lib/CMSIS_CM3/core_cm3.o
 .ARM.attributes
                0x00000416       0x21 lib/CMSIS_CM3/startup/gcc/startup_stm32f10x_md.o
 .ARM.attributes
                0x00000437       0x31 lib/CMSIS_CM3/system_stm32f10x.o
 .ARM.attributes
                0x00000468       0x31 main.o
 .ARM.attributes
                0x00000499       0x31 pwm.o
 .ARM.attributes
                0x000004ca       0x31 usart.o
 .ARM.attributes
                0x000004fb       0x31 watchdog.o
 .ARM.attributes
                0x0000052c       0x31 Control/ekf.o
 .ARM.attributes
                0x0000055d       0x31 Control/imu.o
 .ARM.attributes
                0x0000058e       0x31 Control/loops.o
 .ARM.attributes
                0x000005bf       0x31 Control/sensorcal.o
 .ARM.attributes
                0x000005f0       0x31 Control/servos.o
 .ARM.attributes
                0x00000621       0x31 lib/STM32F10x_StdPeriph_Driver/libstm32fw.a(misc.o)
 .ARM.attributes
                0x00000652       0x31 lib/STM32F10x_StdPeriph_Driver/libstm32fw.a(stm32f10x_bkp.o)
 .ARM.attributes
                0x00000683       0x31 lib/STM32F10x_StdPeriph_Driver/libstm32fw.a(stm32f10x_dma.o)
 .ARM.attributes
                0x000006b4       0x31 lib/STM32F10x_StdPeriph_Driver/libstm32fw.a(stm32f10x_exti.o)
 .ARM.attributes
                0x000006e5       0x31 lib/STM32F10x_StdPeriph_Driver/libstm32fw.a(stm32f10x_gpio.o)
 .ARM.attributes
                0x00000716       0x31 lib/STM32F10x_StdPeriph_Driver/libstm32fw.a(stm32f10x_i2c.o)
 .ARM.attributes
                0x00000747       0x31 lib/STM32F10x_StdPeriph_Driver/libstm32fw.a(stm32f10x_iwdg.o)
 .ARM.attributes
                0x00000778       0x31 lib/STM32F10x_StdPeriph_Driver/libstm32fw.a(stm32f10x_pwr.o)
 .ARM.attributes
                0x000007a9       0x31 lib/STM32F10x_StdPeriph_Driver/libstm32fw.a(stm32f10x_rcc.o)
 .ARM.attributes
                0x000007da       0x31 lib/STM32F10x_StdPeriph_Driver/libstm32fw.a(stm32f10x_rtc.o)
 .ARM.attributes
                0x0000080b       0x31 lib/STM32F10x_StdPeriph_Driver/libstm32fw.a(stm32f10x_spi.o)
 .ARM.attributes
                0x0000083c       0x31 lib/STM32F10x_StdPeriph_Driver/libstm32fw.a(stm32f10x_tim.o)
 .ARM.attributes
                0x0000086d       0x31 lib/STM32F10x_StdPeriph_Driver/libstm32fw.a(stm32f10x_usart.o)
 .ARM.attributes
                0x0000089e       0x29 /home/laurence/CodeSourcery/Sourcery_G++_Lite/bin/../lib/gcc/arm-none-eabi/4.4.1/../../../../arm-none-eabi/lib/thumb2/libm.a(lib_a-s_cos.o)
 .ARM.attributes
                0x000008c7       0x29 /home/laurence/CodeSourcery/Sourcery_G++_Lite/bin/../lib/gcc/arm-none-eabi/4.4.1/../../../../arm-none-eabi/lib/thumb2/libm.a(lib_a-s_sin.o)
 .ARM.attributes
                0x000008f0       0x29 /home/laurence/CodeSourcery/Sourcery_G++_Lite/bin/../lib/gcc/arm-none-eabi/4.4.1/../../../../arm-none-eabi/lib/thumb2/libm.a(lib_a-w_asin.o)
 .ARM.attributes
                0x00000919       0x29 /home/laurence/CodeSourcery/Sourcery_G++_Lite/bin/../lib/gcc/arm-none-eabi/4.4.1/../../../../arm-none-eabi/lib/thumb2/libm.a(lib_a-w_atan2.o)
 .ARM.attributes
                0x00000942       0x29 /home/laurence/CodeSourcery/Sourcery_G++_Lite/bin/../lib/gcc/arm-none-eabi/4.4.1/../../../../arm-none-eabi/lib/thumb2/libm.a(lib_a-w_pow.o)
 .ARM.attributes
                0x0000096b       0x29 /home/laurence/CodeSourcery/Sourcery_G++_Lite/bin/../lib/gcc/arm-none-eabi/4.4.1/../../../../arm-none-eabi/lib/thumb2/libm.a(lib_a-w_sqrt.o)
 .ARM.attributes
                0x00000994       0x29 /home/laurence/CodeSourcery/Sourcery_G++_Lite/bin/../lib/gcc/arm-none-eabi/4.4.1/../../../../arm-none-eabi/lib/thumb2/libm.a(lib_a-wf_asin.o)
 .ARM.attributes
                0x000009bd       0x29 /home/laurence/CodeSourcery/Sourcery_G++_Lite/bin/../lib/gcc/arm-none-eabi/4.4.1/../../../../arm-none-eabi/lib/thumb2/libm.a(lib_a-wf_atan2.o)
 .ARM.attributes
                0x000009e6       0x29 /home/laurence/CodeSourcery/Sourcery_G++_Lite/bin/../lib/gcc/arm-none-eabi/4.4.1/../../../../arm-none-eabi/lib/thumb2/libm.a(lib_a-e_asin.o)
 .ARM.attributes
                0x00000a0f       0x29 /home/laurence/CodeSourcery/Sourcery_G++_Lite/bin/../lib/gcc/arm-none-eabi/4.4.1/../../../../arm-none-eabi/lib/thumb2/libm.a(lib_a-e_atan2.o)
 .ARM.attributes
                0x00000a38       0x29 /home/laurence/CodeSourcery/Sourcery_G++_Lite/bin/../lib/gcc/arm-none-eabi/4.4.1/../../../../arm-none-eabi/lib/thumb2/libm.a(lib_a-e_pow.o)
 .ARM.attributes
                0x00000a61       0x29 /home/laurence/CodeSourcery/Sourcery_G++_Lite/bin/../lib/gcc/arm-none-eabi/4.4.1/../../../../arm-none-eabi/lib/thumb2/libm.a(lib_a-e_rem_pio2.o)
 .ARM.attributes
                0x00000a8a       0x29 /home/laurence/CodeSourcery/Sourcery_G++_Lite/bin/../lib/gcc/arm-none-eabi/4.4.1/../../../../arm-none-eabi/lib/thumb2/libm.a(lib_a-e_sqrt.o)
 .ARM.attributes
                0x00000ab3       0x29 /home/laurence/CodeSourcery/Sourcery_G++_Lite/bin/../lib/gcc/arm-none-eabi/4.4.1/../../../../arm-none-eabi/lib/thumb2/libm.a(lib_a-ef_asin.o)
 .ARM.attributes
                0x00000adc       0x29 /home/laurence/CodeSourcery/Sourcery_G++_Lite/bin/../lib/gcc/arm-none-eabi/4.4.1/../../../../arm-none-eabi/lib/thumb2/libm.a(lib_a-ef_atan2.o)
 .ARM.attributes
                0x00000b05       0x29 /home/laurence/CodeSourcery/Sourcery_G++_Lite/bin/../lib/gcc/arm-none-eabi/4.4.1/../../../../arm-none-eabi/lib/thumb2/libm.a(lib_a-ef_sqrt.o)
 .ARM.attributes
                0x00000b2e       0x29 /home/laurence/CodeSourcery/Sourcery_G++_Lite/bin/../lib/gcc/arm-none-eabi/4.4.1/../../../../arm-none-eabi/lib/thumb2/libm.a(lib_a-k_cos.o)
 .ARM.attributes
                0x00000b57       0x29 /home/laurence/CodeSourcery/Sourcery_G++_Lite/bin/../lib/gcc/arm-none-eabi/4.4.1/../../../../arm-none-eabi/lib/thumb2/libm.a(lib_a-k_rem_pio2.o)
 .ARM.attributes
                0x00000b80       0x29 /home/laurence/CodeSourcery/Sourcery_G++_Lite/bin/../lib/gcc/arm-none-eabi/4.4.1/../../../../arm-none-eabi/lib/thumb2/libm.a(lib_a-k_sin.o)
 .ARM.attributes
                0x00000ba9       0x29 /home/laurence/CodeSourcery/Sourcery_G++_Lite/bin/../lib/gcc/arm-none-eabi/4.4.1/../../../../arm-none-eabi/lib/thumb2/libm.a(lib_a-s_atan.o)
 .ARM.attributes
                0x00000bd2       0x29 /home/laurence/CodeSourcery/Sourcery_G++_Lite/bin/../lib/gcc/arm-none-eabi/4.4.1/../../../../arm-none-eabi/lib/thumb2/libm.a(lib_a-s_fabs.o)
 .ARM.attributes
                0x00000bfb       0x29 /home/laurence/CodeSourcery/Sourcery_G++_Lite/bin/../lib/gcc/arm-none-eabi/4.4.1/../../../../arm-none-eabi/lib/thumb2/libm.a(lib_a-s_finite.o)
 .ARM.attributes
                0x00000c24       0x29 /home/laurence/CodeSourcery/Sourcery_G++_Lite/bin/../lib/gcc/arm-none-eabi/4.4.1/../../../../arm-none-eabi/lib/thumb2/libm.a(lib_a-s_floor.o)
 .ARM.attributes
                0x00000c4d       0x29 /home/laurence/CodeSourcery/Sourcery_G++_Lite/bin/../lib/gcc/arm-none-eabi/4.4.1/../../../../arm-none-eabi/lib/thumb2/libm.a(lib_a-s_isnand.o)
 .ARM.attributes
                0x00000c76       0x29 /home/laurence/CodeSourcery/Sourcery_G++_Lite/bin/../lib/gcc/arm-none-eabi/4.4.1/../../../../arm-none-eabi/lib/thumb2/libm.a(lib_a-s_lib_ver.o)
 .ARM.attributes
                0x00000c9f       0x29 /home/laurence/CodeSourcery/Sourcery_G++_Lite/bin/../lib/gcc/arm-none-eabi/4.4.1/../../../../arm-none-eabi/lib/thumb2/libm.a(lib_a-s_matherr.o)
 .ARM.attributes
                0x00000cc8       0x29 /home/laurence/CodeSourcery/Sourcery_G++_Lite/bin/../lib/gcc/arm-none-eabi/4.4.1/../../../../arm-none-eabi/lib/thumb2/libm.a(lib_a-s_nan.o)
 .ARM.attributes
                0x00000cf1       0x29 /home/laurence/CodeSourcery/Sourcery_G++_Lite/bin/../lib/gcc/arm-none-eabi/4.4.1/../../../../arm-none-eabi/lib/thumb2/libm.a(lib_a-s_rint.o)
 .ARM.attributes
                0x00000d1a       0x29 /home/laurence/CodeSourcery/Sourcery_G++_Lite/bin/../lib/gcc/arm-none-eabi/4.4.1/../../../../arm-none-eabi/lib/thumb2/libm.a(lib_a-s_scalbn.o)
 .ARM.attributes
                0x00000d43       0x29 /home/laurence/CodeSourcery/Sourcery_G++_Lite/bin/../lib/gcc/arm-none-eabi/4.4.1/../../../../arm-none-eabi/lib/thumb2/libm.a(lib_a-sf_atan.o)
 .ARM.attributes
                0x00000d6c       0x29 /home/laurence/CodeSourcery/Sourcery_G++_Lite/bin/../lib/gcc/arm-none-eabi/4.4.1/../../../../arm-none-eabi/lib/thumb2/libm.a(lib_a-sf_fabs.o)
 .ARM.attributes
                0x00000d95       0x29 /home/laurence/CodeSourcery/Sourcery_G++_Lite/bin/../lib/gcc/arm-none-eabi/4.4.1/../../../../arm-none-eabi/lib/thumb2/libm.a(lib_a-sf_isnan.o)
 .ARM.attributes
                0x00000dbe       0x29 /home/laurence/CodeSourcery/Sourcery_G++_Lite/bin/../lib/gcc/arm-none-eabi/4.4.1/../../../../arm-none-eabi/lib/thumb2/libm.a(lib_a-s_copysign.o)
 .ARM.attributes
                0x00000de7       0x1b /home/laurence/CodeSourcery/Sourcery_G++_Lite/bin/../lib/gcc/arm-none-eabi/4.4.1/thumb2/libgcc.a(_divsi3.o)
 .ARM.attributes
                0x00000e02       0x1b /home/laurence/CodeSourcery/Sourcery_G++_Lite/bin/../lib/gcc/arm-none-eabi/4.4.1/thumb2/libgcc.a(_dvmd_tls.o)
 .ARM.attributes
                0x00000e1d       0x1b /home/laurence/CodeSourcery/Sourcery_G++_Lite/bin/../lib/gcc/arm-none-eabi/4.4.1/thumb2/libgcc.a(_arm_addsubdf3.o)
 .ARM.attributes
                0x00000e38       0x1b /home/laurence/CodeSourcery/Sourcery_G++_Lite/bin/../lib/gcc/arm-none-eabi/4.4.1/thumb2/libgcc.a(_arm_muldivdf3.o)
 .ARM.attributes
                0x00000e53       0x1b /home/laurence/CodeSourcery/Sourcery_G++_Lite/bin/../lib/gcc/arm-none-eabi/4.4.1/thumb2/libgcc.a(_arm_cmpdf2.o)
 .ARM.attributes
                0x00000e6e       0x1b /home/laurence/CodeSourcery/Sourcery_G++_Lite/bin/../lib/gcc/arm-none-eabi/4.4.1/thumb2/libgcc.a(_arm_fixdfsi.o)
 .ARM.attributes
                0x00000e89       0x1b /home/laurence/CodeSourcery/Sourcery_G++_Lite/bin/../lib/gcc/arm-none-eabi/4.4.1/thumb2/libgcc.a(_arm_fixunsdfsi.o)
 .ARM.attributes
                0x00000ea4       0x1b /home/laurence/CodeSourcery/Sourcery_G++_Lite/bin/../lib/gcc/arm-none-eabi/4.4.1/thumb2/libgcc.a(_arm_truncdfsf2.o)
 .ARM.attributes
                0x00000ebf       0x1b /home/laurence/CodeSourcery/Sourcery_G++_Lite/bin/../lib/gcc/arm-none-eabi/4.4.1/thumb2/libgcc.a(_arm_addsubsf3.o)
 .ARM.attributes
                0x00000eda       0x1b /home/laurence/CodeSourcery/Sourcery_G++_Lite/bin/../lib/gcc/arm-none-eabi/4.4.1/thumb2/libgcc.a(_arm_muldivsf3.o)
 .ARM.attributes
                0x00000ef5       0x1b /home/laurence/CodeSourcery/Sourcery_G++_Lite/bin/../lib/gcc/arm-none-eabi/4.4.1/thumb2/libgcc.a(_arm_cmpsf2.o)
 .ARM.attributes
                0x00000f10       0x1b /home/laurence/CodeSourcery/Sourcery_G++_Lite/bin/../lib/gcc/arm-none-eabi/4.4.1/thumb2/libgcc.a(_arm_fixsfsi.o)
 .ARM.attributes
                0x00000f2b       0x1b /home/laurence/CodeSourcery/Sourcery_G++_Lite/bin/../lib/gcc/arm-none-eabi/4.4.1/thumb2/libgcc.a(_arm_fixunssfsi.o)
 .ARM.attributes
                0x00000f46       0x29 /home/laurence/CodeSourcery/Sourcery_G++_Lite/bin/../lib/gcc/arm-none-eabi/4.4.1/../../../../arm-none-eabi/lib/thumb2/libc.a(lib_a-errno.o)
 .ARM.attributes