Archive member included because of file (symbol)

lib/STM32F10x_StdPeriph_Driver/libstm32fw.a(misc.o)
                              interrupts.o (NVIC_Init)
lib/STM32F10x_StdPeriph_Driver/libstm32fw.a(stm32f10x_bkp.o)
                              Util/Fatfs/rtc.o (BKP_WriteBackupRegister)
lib/STM32F10x_StdPeriph_Driver/libstm32fw.a(stm32f10x_dma.o)
                              dma.o (DMA_DeInit)
lib/STM32F10x_StdPeriph_Driver/libstm32fw.a(stm32f10x_exti.o)
                              interrupts.o (EXTI_Init)
lib/STM32F10x_StdPeriph_Driver/libstm32fw.a(stm32f10x_gpio.o)
                              Util/Fatfs/sd_spi_stm32.o (GPIO_Init)
lib/STM32F10x_StdPeriph_Driver/libstm32fw.a(stm32f10x_i2c.o)
                              i2c.o (I2C_Cmd)
lib/STM32F10x_StdPeriph_Driver/libstm32fw.a(stm32f10x_pwr.o)
                              Util/Fatfs/rtc.o (PWR_BackupAccessCmd)
lib/STM32F10x_StdPeriph_Driver/libstm32fw.a(stm32f10x_rcc.o)
                              Util/Fatfs/rtc.o (RCC_LSEConfig)
lib/STM32F10x_StdPeriph_Driver/libstm32fw.a(stm32f10x_rtc.o)
                              Util/Fatfs/rtc.o (RTC_GetCounter)
lib/STM32F10x_StdPeriph_Driver/libstm32fw.a(stm32f10x_spi.o)
                              Util/Fatfs/sd_spi_stm32.o (SPI_Init)
lib/STM32F10x_StdPeriph_Driver/libstm32fw.a(stm32f10x_usart.o)
                              usart.o (USART_Cmd)
/home/laurence/CodeSourcery/Sourcery_G++_Lite/bin/../lib/gcc/arm-none-eabi/4.4.1/../../../../arm-none-eabi/lib/thumb2/libm.a(lib_a-s_cos.o)
                              Sensors/earth_field.o (cos)
/home/laurence/CodeSourcery/Sourcery_G++_Lite/bin/../lib/gcc/arm-none-eabi/4.4.1/../../../../arm-none-eabi/lib/thumb2/libm.a(lib_a-s_sin.o)
                              Sensors/earth_field.o (sin)
/home/laurence/CodeSourcery/Sourcery_G++_Lite/bin/../lib/gcc/arm-none-eabi/4.4.1/../../../../arm-none-eabi/lib/thumb2/libm.a(lib_a-w_asin.o)
                              Sensors/earth_field.o (asin)
/home/laurence/CodeSourcery/Sourcery_G++_Lite/bin/../lib/gcc/arm-none-eabi/4.4.1/../../../../arm-none-eabi/lib/thumb2/libm.a(lib_a-w_atan2.o)
                              Sensors/earth_field.o (atan2)
/home/laurence/CodeSourcery/Sourcery_G++_Lite/bin/../lib/gcc/arm-none-eabi/4.4.1/../../../../arm-none-eabi/lib/thumb2/libm.a(lib_a-w_pow.o)
                              Sensors/bmp085.o (pow)
/home/laurence/CodeSourcery/Sourcery_G++_Lite/bin/../lib/gcc/arm-none-eabi/4.4.1/../../../../arm-none-eabi/lib/thumb2/libm.a(lib_a-w_sqrt.o)
                              Control/ekf.o (sqrt)
/home/laurence/CodeSourcery/Sourcery_G++_Lite/bin/../lib/gcc/arm-none-eabi/4.4.1/../../../../arm-none-eabi/lib/thumb2/libm.a(lib_a-e_asin.o)
                              /home/laurence/CodeSourcery/Sourcery_G++_Lite/bin/../lib/gcc/arm-none-eabi/4.4.1/../../../../arm-none-eabi/lib/thumb2/libm.a(lib_a-w_asin.o) (__ieee754_asin)
/home/laurence/CodeSourcery/Sourcery_G++_Lite/bin/../lib/gcc/arm-none-eabi/4.4.1/../../../../arm-none-eabi/lib/thumb2/libm.a(lib_a-e_atan2.o)
                              /home/laurence/CodeSourcery/Sourcery_G++_Lite/bin/../lib/gcc/arm-none-eabi/4.4.1/../../../../arm-none-eabi/lib/thumb2/libm.a(lib_a-w_atan2.o) (__ieee754_atan2)
/home/laurence/CodeSourcery/Sourcery_G++_Lite/bin/../lib/gcc/arm-none-eabi/4.4.1/../../../../arm-none-eabi/lib/thumb2/libm.a(lib_a-e_pow.o)
                              /home/laurence/CodeSourcery/Sourcery_G++_Lite/bin/../lib/gcc/arm-none-eabi/4.4.1/../../../../arm-none-eabi/lib/thumb2/libm.a(lib_a-w_pow.o) (__ieee754_pow)
/home/laurence/CodeSourcery/Sourcery_G++_Lite/bin/../lib/gcc/arm-none-eabi/4.4.1/../../../../arm-none-eabi/lib/thumb2/libm.a(lib_a-e_rem_pio2.o)
                              /home/laurence/CodeSourcery/Sourcery_G++_Lite/bin/../lib/gcc/arm-none-eabi/4.4.1/../../../../arm-none-eabi/lib/thumb2/libm.a(lib_a-s_cos.o) (__ieee754_rem_pio2)
/home/laurence/CodeSourcery/Sourcery_G++_Lite/bin/../lib/gcc/arm-none-eabi/4.4.1/../../../../arm-none-eabi/lib/thumb2/libm.a(lib_a-e_sqrt.o)
                              /home/laurence/CodeSourcery/Sourcery_G++_Lite/bin/../lib/gcc/arm-none-eabi/4.4.1/../../../../arm-none-eabi/lib/thumb2/libm.a(lib_a-w_sqrt.o) (__ieee754_sqrt)
/home/laurence/CodeSourcery/Sourcery_G++_Lite/bin/../lib/gcc/arm-none-eabi/4.4.1/../../../../arm-none-eabi/lib/thumb2/libm.a(lib_a-k_cos.o)
                              /home/laurence/CodeSourcery/Sourcery_G++_Lite/bin/../lib/gcc/arm-none-eabi/4.4.1/../../../../arm-none-eabi/lib/thumb2/libm.a(lib_a-s_cos.o) (__kernel_cos)
/home/laurence/CodeSourcery/Sourcery_G++_Lite/bin/../lib/gcc/arm-none-eabi/4.4.1/../../../../arm-none-eabi/lib/thumb2/libm.a(lib_a-k_rem_pio2.o)
                              /home/laurence/CodeSourcery/Sourcery_G++_Lite/bin/../lib/gcc/arm-none-eabi/4.4.1/../../../../arm-none-eabi/lib/thumb2/libm.a(lib_a-e_rem_pio2.o) (__kernel_rem_pio2)
[...]
Memory Configuration

Name             Origin             Length             Attributes
ram              0x20000000         0x00005000         xrw
rom              0x08000000         0x00020000         xr
*default*        0x00000000         0xffffffff

Linker script and memory map

LOAD /home/laurence/CodeSourcery/Sourcery_G++_Lite/bin/../lib/gcc/arm-none-eabi/4.4.1/thumb2/crti.o
LOAD /home/laurence/CodeSourcery/Sourcery_G++_Lite/bin/../lib/gcc/arm-none-eabi/4.4.1/thumb2/crtbegin.o
LOAD Control/ekf.o
LOAD Control/imu.o
LOAD Control/sensorcal.o
LOAD Sensors/bmp085.o
LOAD Sensors/earth_field.o
LOAD Sensors/pitot.o
LOAD Sensors/ubx.o
LOAD Util/Fatfs/fattime.o
LOAD Util/Fatfs/ff.o
LOAD Util/Fatfs/rtc.o
LOAD Util/Fatfs/sd_spi_stm32.o
LOAD Util/delay.o
LOAD Util/rprintf.o
LOAD dma.o
LOAD gpio.o
LOAD i2c.o
LOAD interrupts.o
LOAD lib/CMSIS_CM3/core_cm3.o
LOAD lib/CMSIS_CM3/startup/gcc/startup_stm32f10x_md.o
LOAD lib/CMSIS_CM3/system_stm32f10x.o
LOAD main.o
LOAD usart.o
LOAD lib/STM32F10x_StdPeriph_Driver/libstm32fw.a
LOAD lib/STM32_USB-FS-Device_Driver/libstm32usb.a
LOAD /home/laurence/CodeSourcery/Sourcery_G++_Lite/bin/../lib/gcc/arm-none-eabi/4.4.1/../../../../arm-none-eabi/lib/thumb2/libm.a
START GROUP
LOAD /home/laurence/CodeSourcery/Sourcery_G++_Lite/bin/../lib/gcc/arm-none-eabi/4.4.1/thumb2/libgcc.a
LOAD /home/laurence/CodeSourcery/Sourcery_G++_Lite/bin/../lib/gcc/arm-none-eabi/4.4.1/../../../../arm-none-eabi/lib/thumb2/libc.a
END GROUP
LOAD /home/laurence/CodeSourcery/Sourcery_G++_Lite/bin/../lib/gcc/arm-none-eabi/4.4.1/thumb2/crtend.o
LOAD /home/laurence/CodeSourcery/Sourcery_G++_Lite/bin/../lib/gcc/arm-none-eabi/4.4.1/thumb2/crtn.o
START GROUP
LOAD /home/laurence/CodeSourcery/Sourcery_G++_Lite/bin/../lib/gcc/arm-none-eabi/4.4.1/thumb2/libgcc.a
LOAD /home/laurence/CodeSourcery/Sourcery_G++_Lite/bin/../lib/gcc/arm-none-eabi/4.4.1/../../../../arm-none-eabi/lib/thumb2/libc.a
LOAD /home/laurence/CodeSourcery/Sourcery_G++_Lite/bin/../lib/gcc/arm-none-eabi/4.4.1/../../../../arm-none-eabi/lib/thumb2/libcs3.a
LOAD /home/laurence/CodeSourcery/Sourcery_G++_Lite/bin/../lib/gcc/arm-none-eabi/4.4.1/../../../../arm-none-eabi/lib/thumb2/libcs3unhosted.a
LOAD lib/libcs3-lanchon-stm32.a
END GROUP
                0x20005000                PROVIDE (__cs3_stack, (__cs3_region_start_ram + __cs3_region_size_ram))
                0x200013d0                PROVIDE (__cs3_heap_start, _end)
                0x20005000                PROVIDE (__cs3_heap_end, (__cs3_region_start_ram + __cs3_region_size_ram))

.text           0x08000000    0x15ce0
 CREATE_OBJECT_SYMBOLS
                0x08000000                __cs3_region_start_rom = .
 *(.cs3.region-head.rom)
                0x08000000                __cs3_interrupt_vector = __cs3_interrupt_vector_lanchon_stm32
 *(.cs3.interrupt_vector)
 .cs3.interrupt_vector
                0x08000000       0xec lib/libcs3-lanchon-stm32.a(lanchon-stm32-vector.o)
                0x08000000                __cs3_interrupt_vector_lanchon_stm32
                0x08000001                ASSERT ((. != __cs3_interrupt_vector_lanchon_stm32), No interrupt vector)
 *(.rom)
 *(.rom.b)
                0x08014c4c                PROVIDE (__cs3_reset_lanchon_stm32, _start)
                0x08014c4c                __cs3_reset = __cs3_reset_lanchon_stm32
 *(.cs3.reset)
 *(.text .text.* .gnu.linkonce.t.*)
 .text          0x080000ec       0x30 /home/laurence/CodeSourcery/Sourcery_G++_Lite/bin/../lib/gcc/arm-none-eabi/4.4.1/thumb2/crtbegin.o
 *fill*         0x0800011c        0x4 00
 .text          0x08000120     0x8878 Control/ekf.o
                0x08000120                ins_get_num_states
                0x08000124                INSGPSInit
                0x08000254                INSResetP
                0x08000294                INSSetState
                0x080002f8                INSPosVelReset
                0x08000380                INSSetPosVelVar
                0x0800039c                INSSetGyroBias
                0x080003b8                INSSetAccelVar
                0x080003d4                INSSetGyroVar
                0x080003f0                INSSetMagVar
                0x0800040c                INSSetMagNorth
                0x08000424                CovariancePrediction
                0x0800776e                INSCovariancePrediction
                0x08007794                SerialUpdate
                0x080078ec                StateEq
                0x08007be0                RungeKutta
                0x08007d08                LinearizeFG
                0x0800817c                MeasurementEq
                0x0800833a                LinearizeH
                0x08008604                INSCorrection
                0x080087b4                VelBaroCorrection
                0x080087d0                GpsMagCorrection
                0x080087e8                FullCorrection
                0x080087f6                GpsBaroCorrection
                0x08008814                MagVelBaroCorrection
                0x08008830                MagCorrection
                0x08008850                INSStatePrediction
 .text          0x08008998      0x230 Sensors/bmp085.o
                0x08008998                Bmp085_Convert
                0x08008a50                Baro_Convert_Pressure
                0x08008aa0                Baro_Setup_Temperature
                0x08008ac0                Baro_Setup_Pressure
                0x08008ae0                Baro_Read_Full_ADC
                0x08008b0a                bmp085ReadShort
                0x08008b26                Baro_Read_ADC
                0x08008b2c                Bmp085_ReadConfig
 .text          0x08008bc8     0x1920 Sensors/earth_field.o
                0x08008bc8                WMM_CalculateSecularVariation
                0x08008cd0                WMM_get_secular_var_coeff_g
                0x08008ce8                WMM_get_main_field_coeff_g
                0x08008d84                WMM_get_secular_var_coeff_h
                0x08008d9c                WMM_get_main_field_coeff_h
                0x08008e30                WMM_DateToYear
                0x08008e6c                WMM_RotateMagneticVector
                0x08008f28                WMM_ComputeSphericalHarmonicVariables
                0x08008ffc                WMM_GeodeticToSpherical
                0x08009160                WMM_SecVarSummationSpecial
                0x080092fc                WMM_SecVarSummation
                0x080094fc                WMM_SummationSpecial
                0x0800969c                WMM_Summation
                0x0800989c                WMM_PcupLow
                0x08009be8                WMM_PcupHigh
                0x0800a08e                WMM_AssociatedLegendreFunction
                0x0800a11c                WMM_CalculateGeoMagneticElements
                0x0800a1e0                WMM_Geomag
                0x0800a2d8                WMM_Initialize
                0x0800a350                WMM_GetMagVector
 .text          0x0800a4e8       0x70 Sensors/pitot.o
                0x0800a4e8                Pitot_Conv
                0x0800a4fe                Pito_Read_Conv
                0x0800a526                Pitot_Set_Temp_Conv
                0x0800a540                Pitot_Set_Press_Conv
 .text          0x0800a558      0x31c Sensors/ubx.o
                0x0800a558                Gps_Process_Byte
                0x0800a6c4                Get_UBX_Ack
                0x0800a770                Config_Gps
 .text          0x0800a874       0x42 Util/Fatfs/fattime.o
                0x0800a874                get_fattime
 *fill*         0x0800a8b6        0x2 00
 .text          0x0800a8b8     0x1a54 Util/Fatfs/ff.o
                0x0800a8de                clust2sect
                0x0800a98e                f_mount
                0x0800adcc                put_fat
                0x0800aeca                get_fat
                0x0800b11a                f_truncate
                0x0800b380                f_readdir
                0x0800b3ce                f_getfree
                0x0800b4ae                f_lseek
                0x0800b600                f_write
                0x0800b7b2                f_read
                0x0800b9dc                f_sync
                0x0800ba92                f_close
                0x0800bca0                f_stat
                0x0800bce2                f_opendir
                0x0800bd50                f_rename
                0x0800be76                f_utime
                0x0800bed8                f_chmod
                0x0800bf34                f_unlink
                0x0800bffc                f_mkdir
                0x0800c1ae                f_open
 .text          0x0800c30c      0x2d4 Util/Fatfs/rtc.o
                0x0800c3e8                rtc_settime
                0x0800c4cc                rtc_init
                0x0800c566                rtc_gettime
 .text          0x0800c5e0      0x7cc Util/Fatfs/sd_spi_stm32.o
                0x0800c608                disk_status
                0x0800c618                disk_timerproc
                0x0800c898                disk_initialize
                0x0800ca1c                disk_ioctl
                0x0800cc20                disk_read
                0x0800cd00                disk_write
 .text          0x0800cdac       0x16 Util/delay.o
                0x0800cdac                Delay
 *fill*         0x0800cdc2        0x2 00
 .text          0x0800cdc4      0x594 Util/rprintf.o
                0x0800cdc4                rprintfInit
                0x0800cdd0                rprintfChar
                0x0800cdf0                rprintfStr
                0x0800ce08                rprintfStrLen
                0x0800ce3e                rprintfCRLF
                0x0800ce42                rprintfu04
                0x0800ce4c                rprintfu08
                0x0800ce5e                rprintfu16
                0x0800ce70                rprintfu32
                0x0800ce82                rprintfNum
                0x0800cf38                rprintfFloat
                0x0800d008                Isdigit
                0x0800d016                atoiRamRom
                0x0800d03c                rStrLen
                0x0800d04c                rprintf2RamRom
 .text          0x0800d358       0xd8 dma.o
                0x0800d358                Pop_From_Buffer
                0x0800d374                Bytes_In_Buffer
                0x0800d3a0                Get_From_Buffer
                0x0800d3d4                Flush_Buffer
                0x0800d3e6                DMA_Configuration
 .text          0x0800d430      0x1dc gpio.o
                0x0800d430                Get_MEMS_DRDY
                0x0800d454                MEMS_Status_Configuration
                0x0800d490                Aux_Devices_Configuration
                0x0800d4ec                SPI_Control_Configuration
                0x0800d554                GPS_IO_Configuration
                0x0800d5a0                GPIO_Config_AF_Periferals
                0x0800d5f4                All_IO_Configuration
 .text          0x0800d60c      0x3fc i2c.o
                0x0800d60c                Flipbytes
                0x0800d616                I2C_Read
                0x0800d83c                Gyr_Stat
                0x0800d856                Gyr_Read
                0x0800d87c                Mag_Read
                0x0800d8a2                I2C_Conf
                0x0800d948                Gyr_Init
                0x0800d980                Acc_Init
                0x0800d99c                Mag_Init
                0x0800d9b8                I2C_Config
 .text          0x0800da08       0x6a interrupts.o
                0x0800da08                NMI_Handler
                0x0800da0a                HardFault_Handler
                0x0800da0c                MemManage_Handler
                0x0800da0e                BusFault_Handler
                0x0800da10                UsageFault_Handler
                0x0800da12                SVC_Handler
                0x0800da14                DebugMon_Handler
                0x0800da16                PendSV_Handler
                0x0800da18                SysTick_Handler
                0x0800da1a                EXTI9_5_IRQHandler
                0x0800da30                EXTI6_Config
 .text.Default_Handler
                0x0800da72        0x2 lib/CMSIS_CM3/startup/gcc/startup_stm32f10x_md.o
                0x0800da72                EXTI2_IRQHandler
                0x0800da72                TIM1_CC_IRQHandler
                0x0800da72                PVD_IRQHandler
                0x0800da72                EXTI3_IRQHandler
                0x0800da72                EXTI0_IRQHandler
                0x0800da72                I2C2_EV_IRQHandler
                0x0800da72                ADC1_2_IRQHandler
                0x0800da72                SPI1_IRQHandler
                0x0800da72                TAMPER_IRQHandler
                0x0800da72                DMA1_Channel4_IRQHandler
                0x0800da72                USART3_IRQHandler
                0x0800da72                RTC_IRQHandler
                0x0800da72                DMA1_Channel7_IRQHandler
                0x0800da72                CAN1_RX1_IRQHandler
                0x0800da72                TIM4_IRQHandler
                0x0800da72                I2C1_EV_IRQHandler
                0x0800da72                DMA1_Channel6_IRQHandler
                0x0800da72                TIM3_IRQHandler
                0x0800da72                RCC_IRQHandler
                0x0800da72                TIM1_TRG_COM_IRQHandler
                0x0800da72                DMA1_Channel1_IRQHandler
                0x0800da72                Default_Handler
                0x0800da72                EXTI15_10_IRQHandler
                0x0800da72                SPI2_IRQHandler
                0x0800da72                DMA1_Channel5_IRQHandler
                0x0800da72                EXTI4_IRQHandler
                0x0800da72                USB_LP_CAN1_RX0_IRQHandler
                0x0800da72                USB_HP_CAN1_TX_IRQHandler
                0x0800da72                DMA1_Channel3_IRQHandler
                0x0800da72                TIM1_UP_IRQHandler
                0x0800da72                WWDG_IRQHandler
                0x0800da72                TIM2_IRQHandler
                0x0800da72                TIM1_BRK_IRQHandler
                0x0800da72                EXTI1_IRQHandler
                0x0800da72                RTCAlarm_IRQHandler
                0x0800da72                USART2_IRQHandler
                0x0800da72                I2C2_ER_IRQHandler
                0x0800da72                DMA1_Channel2_IRQHandler
                0x0800da72                CAN1_SCE_IRQHandler
                0x0800da72                FLASH_IRQHandler
                0x0800da72                USART1_IRQHandler
                0x0800da72                I2C1_ER_IRQHandler
                0x0800da72                USBWakeUp_IRQHandler
 .text          0x0800da74       0xf8 lib/CMSIS_CM3/system_stm32f10x.o
                0x0800da74                SystemInit
 *fill*         0x0800db6c        0x4 00
 .text          0x0800db70      0x608 main.o
                0x0800db70                Initialisation
                0x0800e08c                main
 .text          0x0800e178      0x17c usart.o
                0x0800e178                Default_Usart_Config
                0x0800e18a                __gps_send_char
                0x0800e1a8                Gps_Send_Str
                0x0800e1c0                Gps_Send_Utf8
                0x0800e1da                __usart_send_char
                0x0800e1f8                Usart_Send_Str
                0x0800e210                USART2_reconf
                0x0800e254                Usarts_Init
 .text          0x0800e2f4       0xe0 lib/STM32F10x_StdPeriph_Driver/libstm32fw.a(misc.o)
                0x0800e2f4                NVIC_PriorityGroupConfig
                0x0800e308                NVIC_Init
                0x0800e37c                NVIC_SetVectorTable
                0x0800e394                NVIC_SystemLPConfig
                0x0800e3b8                SysTick_CLKSourceConfig
 .text          0x0800e3d4       0xf8 lib/STM32F10x_StdPeriph_Driver/libstm32fw.a(stm32f10x_bkp.o)
                0x0800e3d4                BKP_TamperPinLevelConfig
                0x0800e3e0                BKP_TamperPinCmd
                0x0800e3ec                BKP_ITConfig
                0x0800e3f8                BKP_RTCOutputConfig
                0x0800e414                BKP_SetRTCCalibrationValue
                0x0800e430                BKP_WriteBackupRegister
                0x0800e450                BKP_ReadBackupRegister
                0x0800e470                BKP_GetFlagStatus
                0x0800e480                BKP_ClearFlag
                0x0800e494                BKP_GetITStatus
                0x0800e4a4                BKP_ClearITPendingBit
                0x0800e4b8                BKP_DeInit
 .text          0x0800e4cc      0x290 lib/STM32F10x_StdPeriph_Driver/libstm32fw.a(stm32f10x_dma.o)
                0x0800e4cc                DMA_DeInit
                0x0800e648                DMA_Init
                0x0800e68c                DMA_StructInit
                0x0800e6a8                DMA_Cmd
                0x0800e6c0                DMA_ITConfig
                0x0800e6d4                DMA_GetCurrDataCounter
                0x0800e6dc                DMA_GetFlagStatus
                0x0800e700                DMA_ClearFlag
                0x0800e71c                DMA_GetITStatus
                0x0800e740                DMA_ClearITPendingBit
 .text          0x0800e75c      0x110 lib/STM32F10x_StdPeriph_Driver/libstm32fw.a(stm32f10x_exti.o)
                0x0800e75c                EXTI_DeInit
                0x0800e77c                EXTI_Init
                0x0800e7fc                EXTI_StructInit
                0x0800e80c                EXTI_GenerateSWInterrupt
                0x0800e820                EXTI_GetFlagStatus
                0x0800e834                EXTI_ClearFlag
                0x0800e840                EXTI_GetITStatus
                0x0800e860                EXTI_ClearITPendingBit
 .text          0x0800e86c      0x53c lib/STM32F10x_StdPeriph_Driver/libstm32fw.a(stm32f10x_gpio.o)
                0x0800e86c                GPIO_Init
                0x0800eb64                GPIO_StructInit
                0x0800eb74                GPIO_ReadInputDataBit
                0x0800eb80                GPIO_ReadInputData
                0x0800eb88                GPIO_ReadOutputDataBit
                0x0800eb94                GPIO_ReadOutputData
                0x0800eb9c                GPIO_SetBits
                0x0800eba0                GPIO_ResetBits
                0x0800eba4                GPIO_WriteBit
                0x0800ebb0                GPIO_Write
                0x0800ebb4                GPIO_PinLockConfig
                0x0800ebc4                GPIO_EventOutputConfig
                0x0800ebec                GPIO_EventOutputCmd
                0x0800ebf8                GPIO_PinRemapConfig
                0x0800ec64                GPIO_EXTILineConfig
                0x0800ec9c                GPIO_ETH_MediaInterfaceConfig
                0x0800eca8                GPIO_AFIODeInit
                0x0800ecc0                GPIO_DeInit
 .text          0x0800eda8      0x44c lib/STM32F10x_StdPeriph_Driver/libstm32fw.a(stm32f10x_i2c.o)
                0x0800eda8                I2C_StructInit
                0x0800edc4                I2C_Cmd
                0x0800ede4                I2C_DMACmd
                0x0800ee04                I2C_DMALastTransferCmd
                0x0800ee24                I2C_GenerateSTART
                0x0800ee44                I2C_GenerateSTOP
                0x0800ee64                I2C_AcknowledgeConfig
                0x0800ee84                I2C_OwnAddress2Config
                0x0800ee9c                I2C_DualAddressCmd
                0x0800eebc                I2C_GeneralCallCmd
                0x0800eedc                I2C_ITConfig
                0x0800eef8                I2C_SendData
                0x0800eefc                I2C_ReceiveData
                0x0800ef04                I2C_Send7bitAddress
                0x0800ef18                I2C_ReadRegister
                0x0800ef30                I2C_SoftwareResetCmd
                0x0800ef48                I2C_SMBusAlertConfig
                0x0800ef68                I2C_TransmitPEC
                0x0800ef88                I2C_PECPositionConfig
                0x0800efa8                I2C_CalculatePEC
                0x0800efc8                I2C_GetPEC
                0x0800efd0                I2C_ARPCmd
                0x0800eff0                I2C_StretchClockCmd
                0x0800f010                I2C_FastModeDutyCycleConfig
                0x0800f030                I2C_GetLastEvent
                0x0800f040                I2C_CheckEvent
                0x0800f05c                I2C_GetFlagStatus
                0x0800f094                I2C_ClearFlag
                0x0800f09c                I2C_GetITStatus
                0x0800f0b8                I2C_ClearITPendingBit
                0x0800f0c0                I2C_Init
                0x0800f1b4                I2C_DeInit
 .text          0x0800f1f4       0xe0 lib/STM32F10x_StdPeriph_Driver/libstm32fw.a(stm32f10x_pwr.o)
                0x0800f1f4                PWR_BackupAccessCmd
                0x0800f200                PWR_PVDCmd
                0x0800f20c                PWR_PVDLevelConfig
                0x0800f224                PWR_WakeUpPinCmd
                0x0800f230                PWR_EnterSTOPMode
                0x0800f264                PWR_EnterSTANDBYMode
                0x0800f290                PWR_GetFlagStatus
                0x0800f2a4                PWR_ClearFlag
                0x0800f2b8                PWR_DeInit
 .text          0x0800f2d4      0x410 lib/STM32F10x_StdPeriph_Driver/libstm32fw.a(stm32f10x_rcc.o)
                0x0800f2d4                RCC_DeInit
                0x0800f318                RCC_HSEConfig
                0x0800f350                RCC_WaitForHSEStartUp
                0x0800f388                RCC_AdjustHSICalibrationValue
                0x0800f3a0                RCC_HSICmd
                0x0800f3ac                RCC_PLLConfig
                0x0800f3c4                RCC_PLLCmd
                0x0800f3d0                RCC_SYSCLKConfig
                0x0800f3e8                RCC_GetSYSCLKSource
                0x0800f3f8                RCC_HCLKConfig
                0x0800f410                RCC_PCLK1Config
                0x0800f428                RCC_PCLK2Config
                0x0800f440                RCC_ITConfig
                0x0800f468                RCC_USBCLKConfig
                0x0800f474                RCC_ADCCLKConfig
                0x0800f48c                RCC_LSEConfig
                0x0800f4ac                RCC_LSICmd
                0x0800f4b8                RCC_RTCCLKConfig
                0x0800f4cc                RCC_RTCCLKCmd
                0x0800f4d8                RCC_GetClocksFreq
                0x0800f59c                RCC_AHBPeriphClockCmd
                0x0800f5c0                RCC_APB2PeriphClockCmd
                0x0800f5e4                RCC_APB1PeriphClockCmd
                0x0800f608                RCC_APB2PeriphResetCmd
                0x0800f62c                RCC_APB1PeriphResetCmd
                0x0800f650                RCC_BackupResetCmd
                0x0800f65c                RCC_ClockSecuritySystemCmd
                0x0800f668                RCC_MCOConfig
                0x0800f674                RCC_GetFlagStatus
                0x0800f6b0                RCC_ClearFlag
                0x0800f6c4                RCC_GetITStatus
                0x0800f6d8                RCC_ClearITPendingBit
 .text          0x0800f6e4      0x1b0 lib/STM32F10x_StdPeriph_Driver/libstm32fw.a(stm32f10x_rtc.o)
                0x0800f6e4                RTC_ITConfig
                0x0800f710                RTC_EnterConfigMode
                0x0800f724                RTC_ExitConfigMode
                0x0800f73c                RTC_GetCounter
                0x0800f750                RTC_SetCounter
                0x0800f77c                RTC_SetPrescaler
                0x0800f7ac                RTC_SetAlarm
                0x0800f7d8                RTC_GetDivider
                0x0800f7f0                RTC_WaitForLastTask
                0x0800f804                RTC_WaitForSynchro
                0x0800f828                RTC_GetFlagStatus
                0x0800f83c                RTC_ClearFlag
                0x0800f854                RTC_GetITStatus
                0x0800f87c                RTC_ClearITPendingBit
 .text          0x0800f894      0x35c lib/STM32F10x_StdPeriph_Driver/libstm32fw.a(stm32f10x_spi.o)
                0x0800f894                SPI_Init
                0x0800f8e0                SPI_StructInit
                0x0800f8fc                I2S_StructInit
                0x0800f910                SPI_Cmd
                0x0800f930                I2S_Cmd
                0x0800f950                SPI_I2S_ITConfig
                0x0800f978                SPI_I2S_DMACmd
                0x0800f994                SPI_I2S_SendData
                0x0800f998                SPI_I2S_ReceiveData
                0x0800f9a0                SPI_NSSInternalSoftwareConfig
                0x0800f9bc                SPI_SSOutputCmd
                0x0800f9dc                SPI_DataSizeConfig
                0x0800f9fc                SPI_TransmitCRC
                0x0800fa08                SPI_CalculateCRC
                0x0800fa28                SPI_GetCRC
                0x0800fa38                SPI_GetCRCPolynomial
                0x0800fa40                SPI_BiDirectionalLineConfig
                0x0800fa60                SPI_I2S_GetFlagStatus
                0x0800fa6c                SPI_I2S_ClearFlag
                0x0800fa74                SPI_I2S_GetITStatus
                0x0800faa0                SPI_I2S_ClearITPendingBit
                0x0800fab4                I2S_Init
                0x0800fb80                SPI_I2S_DeInit
 .text          0x0800fbf0      0x424 lib/STM32F10x_StdPeriph_Driver/libstm32fw.a(stm32f10x_usart.o)
                0x0800fbf0                USART_StructInit
                0x0800fc08                USART_ClockInit
                0x0800fc34                USART_ClockStructInit
                0x0800fc40                USART_Cmd
                0x0800fc60                USART_ITConfig
                0x0800fc98                USART_DMACmd
                0x0800fcb4                USART_SetAddress
                0x0800fcd4                USART_WakeUpConfig
                0x0800fcf4                USART_ReceiverWakeUpCmd
                0x0800fd14                USART_LINBreakDetectLengthConfig
                0x0800fd34                USART_LINCmd
                0x0800fd54                USART_SendData
                0x0800fd5c                USART_ReceiveData
                0x0800fd64                USART_SendBreak
                0x0800fd70                USART_SetGuardTime
                0x0800fd88                USART_SetPrescaler
                0x0800fda0                USART_SmartCardCmd
                0x0800fdc0                USART_SmartCardNACKCmd
                0x0800fde0                USART_HalfDuplexCmd
                0x0800fe00                USART_IrDAConfig
                0x0800fe20                USART_IrDACmd
                0x0800fe40                USART_GetFlagStatus
                0x0800fe4c                USART_ClearFlag
                0x0800fe54                USART_GetITStatus
                0x0800fea8                USART_ClearITPendingBit
                0x0800feb8                USART_Init
                0x0800ff5c                USART_DeInit
 .text          0x08010014       0x98 /home/laurence/CodeSourcery/Sourcery_G++_Lite/bin/../lib/gcc/arm-none-eabi/4.4.1/../../../../arm-none-eabi/lib/thumb2/libm.a(lib_a-s_cos.o)
                0x08010014                cos
 .text          0x080100ac       0xa0 /home/laurence/CodeSourcery/Sourcery_G++_Lite/bin/../lib/gcc/arm-none-eabi/4.4.1/../../../../arm-none-eabi/lib/thumb2/libm.a(lib_a-s_sin.o)
                0x080100ac                sin
 .text          0x0801014c       0xac /home/laurence/CodeSourcery/Sourcery_G++_Lite/bin/../lib/gcc/arm-none-eabi/4.4.1/../../../../arm-none-eabi/lib/thumb2/libm.a(lib_a-w_asin.o)
                0x0801014c                asin
 .text          0x080101f8        0x4 /home/laurence/CodeSourcery/Sourcery_G++_Lite/bin/../lib/gcc/arm-none-eabi/4.4.1/../../../../arm-none-eabi/lib/thumb2/libm.a(lib_a-w_atan2.o)
                0x080101f8                atan2
 .text          0x080101fc      0x358 /home/laurence/CodeSourcery/Sourcery_G++_Lite/bin/../lib/gcc/arm-none-eabi/4.4.1/../../../../arm-none-eabi/lib/thumb2/libm.a(lib_a-w_pow.o)
                0x080101fc                pow
 .text          0x08010554       0xac /home/laurence/CodeSourcery/Sourcery_G++_Lite/bin/../lib/gcc/arm-none-eabi/4.4.1/../../../../arm-none-eabi/lib/thumb2/libm.a(lib_a-w_sqrt.o)
                0x08010554                sqrt
 .text          0x08010600      0x420 /home/laurence/CodeSourcery/Sourcery_G++_Lite/bin/../lib/gcc/arm-none-eabi/4.4.1/../../../../arm-none-eabi/lib/thumb2/libm.a(lib_a-e_asin.o)
                0x08010600                __ieee754_asin
 .text          0x08010a20      0x220 /home/laurence/CodeSourcery/Sourcery_G++_Lite/bin/../lib/gcc/arm-none-eabi/4.4.1/../../../../arm-none-eabi/lib/thumb2/libm.a(lib_a-e_atan2.o)
                0x08010a20                __ieee754_atan2
 .text          0x08010c40      0xb60 /home/laurence/CodeSourcery/Sourcery_G++_Lite/bin/../lib/gcc/arm-none-eabi/4.4.1/../../../../arm-none-eabi/lib/thumb2/libm.a(lib_a-e_pow.o)
                0x08010c40                __ieee754_pow
 .text          0x080117a0      0x418 /home/laurence/CodeSourcery/Sourcery_G++_Lite/bin/../lib/gcc/arm-none-eabi/4.4.1/../../../../arm-none-eabi/lib/thumb2/libm.a(lib_a-e_rem_pio2.o)
                0x080117a0                __ieee754_rem_pio2
 .text          0x08011bb8      0x1dc /home/laurence/CodeSourcery/Sourcery_G++_Lite/bin/../lib/gcc/arm-none-eabi/4.4.1/../../../../arm-none-eabi/lib/thumb2/libm.a(lib_a-e_sqrt.o)
                0x08011bb8                __ieee754_sqrt
 *fill*         0x08011d94        0x4 00
 .text          0x08011d98      0x250 /home/laurence/CodeSourcery/Sourcery_G++_Lite/bin/../lib/gcc/arm-none-eabi/4.4.1/../../../../arm-none-eabi/lib/thumb2/libm.a(lib_a-k_cos.o)
                0x08011d98                __kernel_cos
 .text          0x08011fe8      0x7b4 /home/laurence/CodeSourcery/Sourcery_G++_Lite/bin/../lib/gcc/arm-none-eabi/4.4.1/../../../../arm-none-eabi/lib/thumb2/libm.a(lib_a-k_rem_pio2.o)
                0x08011fe8                __kernel_rem_pio2
 *fill*         0x0801279c        0x4 00
 .text          0x080127a0      0x170 /home/laurence/CodeSourcery/Sourcery_G++_Lite/bin/../lib/gcc/arm-none-eabi/4.4.1/../../../../arm-none-eabi/lib/thumb2/libm.a(lib_a-k_sin.o)
                0x080127a0                __kernel_sin
 .text          0x08012910      0x348 /home/laurence/CodeSourcery/Sourcery_G++_Lite/bin/../lib/gcc/arm-none-eabi/4.4.1/../../../../arm-none-eabi/lib/thumb2/libm.a(lib_a-s_atan.o)
                0x08012910                atan
 .text          0x08012c58        0x8 /home/laurence/CodeSourcery/Sourcery_G++_Lite/bin/../lib/gcc/arm-none-eabi/4.4.1/../../../../arm-none-eabi/lib/thumb2/libm.a(lib_a-s_fabs.o)
                0x08012c58                fabs
 .text          0x08012c60       0x10 /home/laurence/CodeSourcery/Sourcery_G++_Lite/bin/../lib/gcc/arm-none-eabi/4.4.1/../../../../arm-none-eabi/lib/thumb2/libm.a(lib_a-s_finite.o)
                0x08012c60                finite
 .text          0x08012c70      0x128 /home/laurence/CodeSourcery/Sourcery_G++_Lite/bin/../lib/gcc/arm-none-eabi/4.4.1/../../../../arm-none-eabi/lib/thumb2/libm.a(lib_a-s_floor.o)
                0x08012c70                floor
 .text          0x08012d98       0x1c /home/laurence/CodeSourcery/Sourcery_G++_Lite/bin/../lib/gcc/arm-none-eabi/4.4.1/../../../../arm-none-eabi/lib/thumb2/libm.a(lib_a-s_isnand.o)
                0x08012d98                __isnand
 .text          0x08012db4        0x4 /home/laurence/CodeSourcery/Sourcery_G++_Lite/bin/../lib/gcc/arm-none-eabi/4.4.1/../../../../arm-none-eabi/lib/thumb2/libm.a(lib_a-s_matherr.o)
                0x08012db4                matherr
 .text          0x08012db8        0xc /home/laurence/CodeSourcery/Sourcery_G++_Lite/bin/../lib/gcc/arm-none-eabi/4.4.1/../../../../arm-none-eabi/lib/thumb2/libm.a(lib_a-s_nan.o)
                0x08012db8                nan
 .text          0x08012dc4      0x134 /home/laurence/CodeSourcery/Sourcery_G++_Lite/bin/../lib/gcc/arm-none-eabi/4.4.1/../../../../arm-none-eabi/lib/thumb2/libm.a(lib_a-s_rint.o)
                0x08012dc4                rint
 .text          0x08012ef8      0x118 /home/laurence/CodeSourcery/Sourcery_G++_Lite/bin/../lib/gcc/arm-none-eabi/4.4.1/../../../../arm-none-eabi/lib/thumb2/libm.a(lib_a-s_scalbn.o)
                0x08012ef8                scalbn
 .text          0x08013010       0x18 /home/laurence/CodeSourcery/Sourcery_G++_Lite/bin/../lib/gcc/arm-none-eabi/4.4.1/../../../../arm-none-eabi/lib/thumb2/libm.a(lib_a-s_copysign.o)
                0x08013010                copysign
 .text          0x08013028      0x2b0 /home/laurence/CodeSourcery/Sourcery_G++_Lite/bin/../lib/gcc/arm-none-eabi/4.4.1/thumb2/libgcc.a(_divsi3.o)
                0x08013028                __aeabi_idiv
                0x08013028                __divsi3
                0x080132bc                __aeabi_idivmod
 .text          0x080132d8        0x4 /home/laurence/CodeSourcery/Sourcery_G++_Lite/bin/../lib/gcc/arm-none-eabi/4.4.1/thumb2/libgcc.a(_dvmd_tls.o)
                0x080132d8                __aeabi_ldiv0
                0x080132d8                __aeabi_idiv0
 .text          0x080132dc      0x370 /home/laurence/CodeSourcery/Sourcery_G++_Lite/bin/../lib/gcc/arm-none-eabi/4.4.1/thumb2/libgcc.a(_arm_addsubdf3.o)
                0x080132dc                __aeabi_drsub
                0x080132e4                __aeabi_dsub
                0x080132e4                __subdf3
                0x080132e8                __adddf3
                0x080132e8                __aeabi_dadd
                0x08013560                __aeabi_ui2d
                0x08013560                __floatunsidf
                0x08013580                __floatsidf
                0x08013580                __aeabi_i2d
                0x080135a4                __extendsfdf2
                0x080135a4                __aeabi_f2d
                0x080135e0                __aeabi_ul2d
                0x080135e0                __floatundidf
                0x080135f0                __floatdidf
                0x080135f0                __aeabi_l2d
 .text          0x0801364c      0x424 /home/laurence/CodeSourcery/Sourcery_G++_Lite/bin/../lib/gcc/arm-none-eabi/4.4.1/thumb2/libgcc.a(_arm_muldivdf3.o)
                0x0801364c                __aeabi_dmul
                0x0801364c                __muldf3
                0x080138a0                __aeabi_ddiv
                0x080138a0                __divdf3
 .text          0x08013a70      0x110 /home/laurence/CodeSourcery/Sourcery_G++_Lite/bin/../lib/gcc/arm-none-eabi/4.4.1/thumb2/libgcc.a(_arm_cmpdf2.o)
                0x08013a70                __gtdf2
                0x08013a70                __gedf2
                0x08013a78                __ltdf2
                0x08013a78                __ledf2
                0x08013a80                __cmpdf2
                0x08013a80                __eqdf2
                0x08013a80                __nedf2
                0x08013afc                __aeabi_cdrcmple
                0x08013b0c                __aeabi_cdcmple
                0x08013b0c                __aeabi_cdcmpeq
                0x08013b1c                __aeabi_dcmpeq
                0x08013b30                __aeabi_dcmplt
                0x08013b44                __aeabi_dcmple
                0x08013b58                __aeabi_dcmpge
                0x08013b6c                __aeabi_dcmpgt
 .text          0x08013b80       0x50 /home/laurence/CodeSourcery/Sourcery_G++_Lite/bin/../lib/gcc/arm-none-eabi/4.4.1/thumb2/libgcc.a(_arm_fixdfsi.o)
                0x08013b80                __fixdfsi
                0x08013b80                __aeabi_d2iz
 .text          0x08013bd0       0xa0 /home/laurence/CodeSourcery/Sourcery_G++_Lite/bin/../lib/gcc/arm-none-eabi/4.4.1/thumb2/libgcc.a(_arm_truncdfsf2.o)
                0x08013bd0                __aeabi_d2f
                0x08013bd0                __truncdfsf2
 .text          0x08013c70      0x21c /home/laurence/CodeSourcery/Sourcery_G++_Lite/bin/../lib/gcc/arm-none-eabi/4.4.1/thumb2/libgcc.a(_arm_addsubsf3.o)
                0x08013c70                __aeabi_frsub
                0x08013c78                __subsf3
                0x08013c78                __aeabi_fsub
                0x08013c7c                __aeabi_fadd
                0x08013c7c                __addsf3
                0x08013ddc                __aeabi_ui2f
                0x08013ddc                __floatunsisf
                0x08013de4                __aeabi_i2f
                0x08013de4                __floatsisf
                0x08013e00                __floatundisf
                0x08013e00                __aeabi_ul2f
                0x08013e10                __floatdisf
                0x08013e10                __aeabi_l2f
 .text          0x08013e8c      0x2a0 /home/laurence/CodeSourcery/Sourcery_G++_Lite/bin/../lib/gcc/arm-none-eabi/4.4.1/thumb2/libgcc.a(_arm_muldivsf3.o)
                0x08013e8c                __mulsf3
                0x08013e8c                __aeabi_fmul
                0x08013ff4                __divsf3
                0x08013ff4                __aeabi_fdiv
 .text          0x0801412c       0xec /home/laurence/CodeSourcery/Sourcery_G++_Lite/bin/../lib/gcc/arm-none-eabi/4.4.1/thumb2/libgcc.a(_arm_cmpsf2.o)
                0x0801412c                __gtsf2
                0x0801412c                __gesf2
                0x08014134                __lesf2
                0x08014134                __ltsf2
                0x0801413c                __nesf2
                0x0801413c                __eqsf2
                0x0801413c                __cmpsf2
                0x0801419c                __aeabi_cfrcmple
                0x080141a4                __aeabi_cfcmple
                0x080141a4                __aeabi_cfcmpeq
                0x080141b4                __aeabi_fcmpeq
                0x080141c8                __aeabi_fcmplt
                0x080141dc                __aeabi_fcmple
                0x080141f0                __aeabi_fcmpge
                0x08014204                __aeabi_fcmpgt
 .text          0x08014218       0x40 /home/laurence/CodeSourcery/Sourcery_G++_Lite/bin/../lib/gcc/arm-none-eabi/4.4.1/thumb2/libgcc.a(_arm_fixunssfsi.o)
                0x08014218                __aeabi_f2uiz
                0x08014218                __fixunssfsi
 .text          0x08014258        0xc /home/laurence/CodeSourcery/Sourcery_G++_Lite/bin/../lib/gcc/arm-none-eabi/4.4.1/../../../../arm-none-eabi/lib/thumb2/libc.a(lib_a-errno.o)
                0x08014258                __errno
 .text          0x08014264       0x20 /home/laurence/CodeSourcery/Sourcery_G++_Lite/bin/../lib/gcc/arm-none-eabi/4.4.1/../../../../arm-none-eabi/lib/thumb2/libc.a(lib_a-malloc.o)
                0x08014264                free
                0x08014274                malloc
 .text          0x08014284      0x5a4 /home/laurence/CodeSourcery/Sourcery_G++_Lite/bin/../lib/gcc/arm-none-eabi/4.4.1/../../../../arm-none-eabi/lib/thumb2/libc.a(lib_a-mallocr.o)
                0x08014284                _malloc_r
 .text          0x08014828        0x8 /home/laurence/CodeSourcery/Sourcery_G++_Lite/bin/../lib/gcc/arm-none-eabi/4.4.1/../../../../arm-none-eabi/lib/thumb2/libc.a(lib_a-mlock.o)
                0x08014828                __malloc_lock
                0x0801482c                __malloc_unlock
 .text          0x08014830       0x28 /home/laurence/CodeSourcery/Sourcery_G++_Lite/bin/../lib/gcc/arm-none-eabi/4.4.1/../../../../arm-none-eabi/lib/thumb2/libc.a(lib_a-sbrkr.o)
                0x08014830                _sbrk_r
 .text          0x08014858       0xbc /home/laurence/CodeSourcery/Sourcery_G++_Lite/bin/../lib/gcc/arm-none-eabi/4.4.1/../../../../arm-none-eabi/lib/thumb2/libc.a(lib_a-strcpy.o)
                0x08014858                strcpy
 .text          0x08014914      0x268 /home/laurence/CodeSourcery/Sourcery_G++_Lite/bin/../lib/gcc/arm-none-eabi/4.4.1/../../../../arm-none-eabi/lib/thumb2/libc.a(lib_a-freer.o)
                0x08014914                _malloc_trim_r
                0x080149bc                _free_r
 .text          0x08014b7c       0x30 /home/laurence/CodeSourcery/Sourcery_G++_Lite/bin/../lib/gcc/arm-none-eabi/4.4.1/../../../../arm-none-eabi/lib/thumb2/libcs3.a(start_c.o)
                0x08014b7c                __cs3_premain
 .text.cs3.init
                0x08014bac       0x5c /home/laurence/CodeSourcery/Sourcery_G++_Lite/bin/../lib/gcc/arm-none-eabi/4.4.1/../../../../arm-none-eabi/lib/thumb2/libcs3.a(start_c.o)
                0x08014bac                __cs3_start_c
 .text          0x08014c08       0x44 /home/laurence/CodeSourcery/Sourcery_G++_Lite/bin/../lib/gcc/arm-none-eabi/4.4.1/../../../../arm-none-eabi/lib/thumb2/libcs3unhosted.a(unhosted-sbrk.o)
                0x08014c08                _sbrk
 .text.cs3.init
                0x08014c4c       0x10 /home/laurence/CodeSourcery/Sourcery_G++_Lite/bin/../lib/gcc/arm-none-eabi/4.4.1/../../../../arm-none-eabi/lib/thumb2/libcs3unhosted.a(unhosted-start.o)
                0x08014c4c                _start
 .text          0x08014c5c        0x2 lib/libcs3-lanchon-stm32.a(lanchon_stm32_isr_interrupt.o)
                0x08014c5c                MemManageException
                0x08014c5c                BusFaultException
                0x08014c5c                DMAChannel7_IRQHandler
                0x08014c5c                DebugMonitor
                0x08014c5c                SVCHandler
                0x08014c5c                HardFaultException
                0x08014c5c                __STM32ReservedException8
                0x08014c5c                USB_HP_CAN_TX_IRQHandler
                0x08014c5c                __STM32DefaultExceptionHandler
                0x08014c5c                DMAChannel1_IRQHandler
                0x08014c5c                CAN_SCE_IRQHandler
                0x08014c5c                __STM32ReservedException10
                0x08014c5c                __STM32ReservedException13
                0x08014c5c                NMIException
                0x08014c5c                DMAChannel4_IRQHandler
                0x08014c5c                SysTickHandler
                0x08014c5c                PendSVC
                0x08014c5c                CAN_RX1_IRQHandler
                0x08014c5c                ADC_IRQHandler
                0x08014c5c                DMAChannel5_IRQHandler
                0x08014c5c                DMAChannel2_IRQHandler
                0x08014c5c                USB_LP_CAN_RX0_IRQHandler
                0x08014c5c                __STM32ReservedException7
                0x08014c5c                UsageFaultException
                0x08014c5c                DMAChannel6_IRQHandler
                0x08014c5c                DMAChannel3_IRQHandler
                0x08014c5c                __STM32ReservedException9
 *fill*         0x08014c5e        0x2 00
 .text          0x08014c60       0x50 /home/laurence/CodeSourcery/Sourcery_G++_Lite/bin/../lib/gcc/arm-none-eabi/4.4.1/../../../../arm-none-eabi/lib/thumb2/libc.a(lib_a-init.o)
                0x08014c60                __libc_init_array
 *(.plt)
 *(.gnu.warning)
 *(.glue_7t)
 .glue_7t       0x00000000        0x0 linker stubs
 *(.glue_7)
 .glue_7        0x00000000        0x0 linker stubs
 *(.vfp11_veneer)
 .vfp11_veneer  0x00000000        0x0 linker stubs
 *(.rodata .rodata.* .gnu.linkonce.r.*)
 .rodata        0x08014cb0        0x8 Sensors/bmp085.o
 .rodata        0x08014cb8      0x888 Sensors/earth_field.o
 .rodata.str1.1
                0x08015540        0x9 Sensors/earth_field.o
 *fill*         0x08015549        0x3 00
 .rodata        0x0801554c        0x8 Sensors/pitot.o
 .rodata        0x08015554       0xc4 Sensors/ubx.o
 .rodata.str1.1
                0x08015618      0x13b Sensors/ubx.o
 .rodata.str1.1
                0x08015753        0xf Util/Fatfs/ff.o
 *fill*         0x08015762        0x2 00
 .rodata        0x08015764        0xc Util/Fatfs/rtc.o
 .rodata        0x08015770       0x14 Util/rprintf.o
 .rodata.str1.1
                0x08015784        0x6 Util/rprintf.o
 *fill*         0x0801578a        0x2 00
 .rodata        0x0801578c       0x1c i2c.o
 .rodata.str1.1
                0x080157a8      0x294 main.o
                                0x29f (size before relaxing)
 .rodata.str1.4
                0x08015a3c        0x5 /home/laurence/CodeSourcery/Sourcery_G++_Lite/bin/../lib/gcc/arm-none-eabi/4.4.1/../../../../arm-none-eabi/lib/thumb2/libm.a(lib_a-w_asin.o)
                                  0xc (size before relaxing)
 *fill*         0x08015a41        0x3 00
 .rodata.str1.4
                0x08015a44        0x4 /home/laurence/CodeSourcery/Sourcery_G++_Lite/bin/../lib/gcc/arm-none-eabi/4.4.1/../../../../arm-none-eabi/lib/thumb2/libm.a(lib_a-w_pow.o)
 .rodata.str1.4
                0x08015a48        0x5 /home/laurence/CodeSourcery/Sourcery_G++_Lite/bin/../lib/gcc/arm-none-eabi/4.4.1/../../../../arm-none-eabi/lib/thumb2/libm.a(lib_a-w_sqrt.o)
                                  0x8 (size before relaxing)
 *fill*         0x08015a4d        0x3 00
 .rodata        0x08015a50       0x30 /home/laurence/CodeSourcery/Sourcery_G++_Lite/bin/../lib/gcc/arm-none-eabi/4.4.1/../../../../arm-none-eabi/lib/thumb2/libm.a(lib_a-e_pow.o)
 .rodata.str1.4
                0x00000000        0x4 /home/laurence/CodeSourcery/Sourcery_G++_Lite/bin/../lib/gcc/arm-none-eabi/4.4.1/../../../../arm-none-eabi/lib/thumb2/libm.a(lib_a-e_pow.o)
 .rodata        0x08015a80      0x188 /home/laurence/CodeSourcery/Sourcery_G++_Lite/bin/../lib/gcc/arm-none-eabi/4.4.1/../../../../arm-none-eabi/lib/thumb2/libm.a(lib_a-e_rem_pio2.o)
 .rodata        0x08015c08       0x50 /home/laurence/CodeSourcery/Sourcery_G++_Lite/bin/../lib/gcc/arm-none-eabi/4.4.1/../../../../arm-none-eabi/lib/thumb2/libm.a(lib_a-k_rem_pio2.o)
 .rodata        0x08015c58       0x40 /home/laurence/CodeSourcery/Sourcery_G++_Lite/bin/../lib/gcc/arm-none-eabi/4.4.1/../../../../arm-none-eabi/lib/thumb2/libm.a(lib_a-s_atan.o)
 .rodata        0x08015c98       0x10 /home/laurence/CodeSourcery/Sourcery_G++_Lite/bin/../lib/gcc/arm-none-eabi/4.4.1/../../../../arm-none-eabi/lib/thumb2/libm.a(lib_a-s_rint.o)
 .rodata.str1.4
                0x08015ca8        0x4 /home/laurence/CodeSourcery/Sourcery_G++_Lite/bin/../lib/gcc/arm-none-eabi/4.4.1/../../../../arm-none-eabi/lib/thumb2/libc.a(lib_a-impure.o)
 *(.ARM.extab* .gnu.linkonce.armextab.*)
 *(.gcc_except_table)
 *(.eh_frame_hdr)
 *(.eh_frame)
                0x08015cac                . = ALIGN (0x4)
 *(.init)
 .init          0x08015cac        0x4 /home/laurence/CodeSourcery/Sourcery_G++_Lite/bin/../lib/gcc/arm-none-eabi/4.4.1/thumb2/crti.o
                0x08015cac                _init
 .init          0x08015cb0        0x8 /home/laurence/CodeSourcery/Sourcery_G++_Lite/bin/../lib/gcc/arm-none-eabi/4.4.1/thumb2/crtn.o
                0x08015cb8                . = ALIGN (0x4)
                0x08015cb8                __preinit_array_start = .
 *(.preinit_array)
                0x08015cb8                __preinit_array_end = .
                0x08015cb8                . = ALIGN (0x4)
                0x08015cb8                __init_array_start = .
 *(SORT(.init_array.*))
 *(.init_array)
 .init_array    0x08015cb8        0x4 /home/laurence/CodeSourcery/Sourcery_G++_Lite/bin/../lib/gcc/arm-none-eabi/4.4.1/thumb2/crtbegin.o
                0x08015cbc                __init_array_end = .
                0x08015cbc                . = ALIGN (0x4)
 *crtbegin.o(.ctors)
 *(EXCLUDE_FILE(*crtend.o) .ctors)
 *(SORT(.ctors.*))
 *crtend.o(.ctors)
                0x08015cbc                . = ALIGN (0x4)
 *(.fini)
 .fini          0x08015cbc        0x4 /home/laurence/CodeSourcery/Sourcery_G++_Lite/bin/../lib/gcc/arm-none-eabi/4.4.1/thumb2/crti.o
                0x08015cbc                _fini
 .fini          0x08015cc0        0x8 /home/laurence/CodeSourcery/Sourcery_G++_Lite/bin/../lib/gcc/arm-none-eabi/4.4.1/thumb2/crtn.o
                0x08015cc8                . = ALIGN (0x4)
                0x08015cc8                __fini_array_start = .
 *(.fini_array)
 .fini_array    0x08015cc8        0x4 /home/laurence/CodeSourcery/Sourcery_G++_Lite/bin/../lib/gcc/arm-none-eabi/4.4.1/thumb2/crtbegin.o
 *(SORT(.fini_array.*))
                0x08015ccc                __fini_array_end = .
 *crtbegin.o(.dtors)
 *(EXCLUDE_FILE(*crtend.o) .dtors)
 *(SORT(.dtors.*))
 *crtend.o(.dtors)
                0x08015ccc                . = ALIGN (0x4)
                0x08015ccc                __cs3_regions = .
                0x08015ccc        0x4 LONG 0x0
                0x08015cd0        0x4 LONG 0x8015ce0 __cs3_region_init_ram
                0x08015cd4        0x4 LONG 0x20000000 __cs3_region_start_ram
                0x08015cd8        0x4 LONG 0x530 __cs3_region_init_size_ram
                0x08015cdc        0x4 LONG 0xea0 __cs3_region_zero_size_ram
                0x08015ce0                __exidx_start = .

.v4_bx          0x08015ce0        0x0
 .v4_bx         0x00000000        0x0 linker stubs

.ARM.exidx
 *(.ARM.exidx* .gnu.linkonce.armexidx.*)
                0x08015ce0                __exidx_end = .

.text.align     0x08015ce0        0x0
                0x08015ce0                . = ALIGN (0x8)
                0x08015ce0                _etext = .
                0x08020000                __cs3_region_end_rom = (__cs3_region_start_rom + 0x20000)
                0x00020000                __cs3_region_size_rom = 0x20000
                0x00000001                __cs3_region_num = 0x1

.data           0x20000000      0x530 load address 0x08015ce0
                0x20000000                __cs3_region_start_ram = .
 *(.cs3.region-head.ram)
 *(.jcr)
 .jcr           0x20000000        0x0 /home/laurence/CodeSourcery/Sourcery_G++_Lite/bin/../lib/gcc/arm-none-eabi/4.4.1/thumb2/crtbegin.o
 .jcr           0x20000000        0x4 /home/laurence/CodeSourcery/Sourcery_G++_Lite/bin/../lib/gcc/arm-none-eabi/4.4.1/thumb2/crtend.o
 *(.got.plt)
 *(.got)
 *(.shdata)
 *(.data .data.* .gnu.linkonce.d.*)
 .data          0x20000004        0x1 Util/Fatfs/sd_spi_stm32.o
 *fill*         0x20000005        0x3 00
 .data          0x20000008       0x14 lib/STM32F10x_StdPeriph_Driver/libstm32fw.a(stm32f10x_rcc.o)
 .data          0x2000001c        0x1 /home/laurence/CodeSourcery/Sourcery_G++_Lite/bin/../lib/gcc/arm-none-eabi/4.4.1/../../../../arm-none-eabi/lib/thumb2/libm.a(lib_a-s_lib_ver.o)
                0x2000001c                __fdlib_version
 *fill*         0x2000001d        0x3 00
 .data          0x20000020       0xf4 /home/laurence/CodeSourcery/Sourcery_G++_Lite/bin/../lib/gcc/arm-none-eabi/4.4.1/../../../../arm-none-eabi/lib/thumb2/libc.a(lib_a-impure.o)
                0x20000020                _impure_ptr
 .data          0x20000114      0x410 /home/laurence/CodeSourcery/Sourcery_G++_Lite/bin/../lib/gcc/arm-none-eabi/4.4.1/../../../../arm-none-eabi/lib/thumb2/libc.a(lib_a-mallocr.o)
                0x20000114                __malloc_av_
                0x2000051c                __malloc_sbrk_base
                0x20000520                __malloc_trim_threshold
 .data          0x20000524        0x4 /home/laurence/CodeSourcery/Sourcery_G++_Lite/bin/../lib/gcc/arm-none-eabi/4.4.1/../../../../arm-none-eabi/lib/thumb2/libcs3unhosted.a(unhosted-sbrk.o)
 .data          0x20000528        0x4 /home/laurence/CodeSourcery/Sourcery_G++_Lite/bin/../lib/gcc/arm-none-eabi/4.4.1/../../../../arm-none-eabi/lib/thumb2/libcs3.a(heap.o)
                0x20000528                __cs3_heap_limit
 *(.ram)
                0x20000530                . = ALIGN (0x8)
 *fill*         0x2000052c        0x4 00
                0x20000530                _edata = .

.bss            0x20000530      0xea0 load address 0x08016210
 *(.shbss)
 *(.bss .bss.* .gnu.linkonce.b.*)
 .bss           0x20000530        0x1 /home/laurence/CodeSourcery/Sourcery_G++_Lite/bin/../lib/gcc/arm-none-eabi/4.4.1/thumb2/crtbegin.o
 *fill*         0x20000531        0x3 00
 .bss           0x20000534      0xc04 Control/ekf.o
                0x20000534                Be
                0x20000540                P
                0x200007e4                X
                0x20000818                Q
                0x2000083c                R
                0x20000864                F
                0x20000b08                G
                0x20000cdc                K
                0x20000ee4                H
                0x200010ec                Nav
                0x2000112c                zeros
 .bss           0x20001138       0x20 Sensors/bmp085.o
                0x20001138                Sea_Level_Pressure
                0x2000113c                Our_Sensorcal
                0x20001154                Bmp_temp
 .bss           0x20001158        0xc Sensors/earth_field.o
 .bss           0x20001164        0xa Sensors/ubx.o
 *fill*         0x2000116e        0x2 00
 .bss           0x20001170        0x8 Util/Fatfs/ff.o
 .bss           0x20001178       0x10 Util/Fatfs/sd_spi_stm32.o
 .bss           0x20001188       0x84 Util/rprintf.o
 .bss           0x2000120c      0x18c main.o
                0x2000120c                Gps_Buffer
                0x20001310                Gps
                0x20001334                Home_Position
                0x20001340                Long_To_Meters_Home
                0x20001344                Waypoint_Global
                0x20001350                Nav_Global
                0x20001390                Nav_Flag
                0x20001394                New_Waypoint_Flagged
 .bss           0x20001398       0x34 /home/laurence/CodeSourcery/Sourcery_G++_Lite/bin/../lib/gcc/arm-none-eabi/4.4.1/../../../../arm-none-eabi/lib/thumb2/libc.a(lib_a-mallocr.o)
                0x20001398                __malloc_top_pad
                0x2000139c                __malloc_current_mallinfo
                0x200013c4                __malloc_max_sbrked_mem
                0x200013c8                __malloc_max_total_mem
 *(COMMON)
 COMMON         0x200013cc        0x4 /home/laurence/CodeSourcery/Sourcery_G++_Lite/bin/../lib/gcc/arm-none-eabi/4.4.1/../../../../arm-none-eabi/lib/thumb2/libc.a(lib_a-reent.o)
                0x200013cc                errno
 *(.ram.b)
                0x200013d0                . = ALIGN (0x8)
                0x200013d0                _end = .
                0x200013d0                __end = .
                0x20005000                __cs3_region_end_ram = (__cs3_region_start_ram + 0x5000)
                0x00005000                __cs3_region_size_ram = 0x5000
                0x08015ce0                __cs3_region_init_ram = LOADADDR (.data)
                0x00000530                __cs3_region_init_size_ram = (_edata - ADDR (.data))
                0x00000ea0                __cs3_region_zero_size_ram = (_end - _edata)
                0x00000001                __cs3_region_num = 0x1

.stab
 *(.stab)

.stabstr
 *(.stabstr)

.debug
 *(.debug)

.line
 *(.line)

.debug_srcinfo
 *(.debug_srcinfo)

.debug_sfnames
 *(.debug_sfnames)

.debug_aranges
 *(.debug_aranges)

.debug_pubnames
 *(.debug_pubnames)

.debug_info
 *(.debug_info .gnu.linkonce.wi.*)

.debug_abbrev
 *(.debug_abbrev)

.debug_line
 *(.debug_line)

.comment        0x00000000      0x560
 .comment       0x00000000       0x2b Control/ekf.o
 .comment       0x0000002b       0x2b Control/imu.o
 .comment       0x00000056       0x2b Control/sensorcal.o
 .comment       0x00000081       0x2b Sensors/bmp085.o
 .comment       0x000000ac       0x2b Sensors/earth_field.o
 .comment       0x000000d7       0x2b Sensors/pitot.o
 .comment       0x00000102       0x2b Sensors/ubx.o
 .comment       0x0000012d       0x2b Util/Fatfs/fattime.o
 .comment       0x00000158       0x2b Util/Fatfs/ff.o
 .comment       0x00000183       0x2b Util/Fatfs/rtc.o
 .comment       0x000001ae       0x2b Util/Fatfs/sd_spi_stm32.o
 .comment       0x000001d9       0x2b Util/delay.o
 .comment       0x00000204       0x2b Util/rprintf.o
 .comment       0x0000022f       0x2b dma.o
 .comment       0x0000025a       0x2b gpio.o
 .comment       0x00000285       0x2b i2c.o
 .comment       0x000002b0       0x2b interrupts.o
 .comment       0x000002db       0x2b lib/CMSIS_CM3/core_cm3.o
 .comment       0x00000306       0x2b lib/CMSIS_CM3/system_stm32f10x.o
 .comment       0x00000331       0x2b main.o
 .comment       0x0000035c       0x2b usart.o
 .comment       0x00000387       0x2b lib/STM32F10x_StdPeriph_Driver/libstm32fw.a(misc.o)
 .comment       0x000003b2       0x2b lib/STM32F10x_StdPeriph_Driver/libstm32fw.a(stm32f10x_bkp.o)
 .comment       0x000003dd       0x2b lib/STM32F10x_StdPeriph_Driver/libstm32fw.a(stm32f10x_dma.o)
 .comment       0x00000408       0x2b lib/STM32F10x_StdPeriph_Driver/libstm32fw.a(stm32f10x_exti.o)
 .comment       0x00000433       0x2b lib/STM32F10x_StdPeriph_Driver/libstm32fw.a(stm32f10x_gpio.o)
 .comment       0x0000045e       0x2b lib/STM32F10x_StdPeriph_Driver/libstm32fw.a(stm32f10x_i2c.o)
 .comment       0x00000489       0x2b lib/STM32F10x_StdPeriph_Driver/libstm32fw.a(stm32f10x_pwr.o)
 .comment       0x000004b4       0x2b lib/STM32F10x_StdPeriph_Driver/libstm32fw.a(stm32f10x_rcc.o)
 .comment       0x000004df       0x2b lib/STM32F10x_StdPeriph_Driver/libstm32fw.a(stm32f10x_rtc.o)
 .comment       0x0000050a       0x2b lib/STM32F10x_StdPeriph_Driver/libstm32fw.a(stm32f10x_spi.o)
 .comment       0x00000535       0x2b lib/STM32F10x_StdPeriph_Driver/libstm32fw.a(stm32f10x_usart.o)

.debug_frame    0x00000000      0x71c
 *(.debug_frame)
 .debug_frame   0x00000000       0x34 /home/laurence/CodeSourcery/Sourcery_G++_Lite/bin/../lib/gcc/arm-none-eabi/4.4.1/../../../../arm-none-eabi/lib/thumb2/libm.a(lib_a-s_cos.o)
 .debug_frame   0x00000034       0x34 /home/laurence/CodeSourcery/Sourcery_G++_Lite/bin/../lib/gcc/arm-none-eabi/4.4.1/../../../../arm-none-eabi/lib/thumb2/libm.a(lib_a-s_sin.o)
 .debug_frame   0x00000068       0x38 /home/laurence/CodeSourcery/Sourcery_G++_Lite/bin/../lib/gcc/arm-none-eabi/4.4.1/../../../../arm-none-eabi/lib/thumb2/libm.a(lib_a-w_asin.o)
 .debug_frame   0x000000a0       0x20 /home/laurence/CodeSourcery/Sourcery_G++_Lite/bin/../lib/gcc/arm-none-eabi/4.4.1/../../../../arm-none-eabi/lib/thumb2/libm.a(lib_a-w_atan2.o)
 .debug_frame   0x000000c0       0x3c /home/laurence/CodeSourcery/Sourcery_G++_Lite/bin/../lib/gcc/arm-none-eabi/4.4.1/../../../../arm-none-eabi/lib/thumb2/libm.a(lib_a-w_pow.o)
 .debug_frame   0x000000fc       0x3c /home/laurence/CodeSourcery/Sourcery_G++_Lite/bin/../lib/gcc/arm-none-eabi/4.4.1/../../../../arm-none-eabi/lib/thumb2/libm.a(lib_a-w_sqrt.o)
 .debug_frame   0x00000138       0x3c /home/laurence/CodeSourcery/Sourcery_G++_Lite/bin/../lib/gcc/arm-none-eabi/4.4.1/../../../../arm-none-eabi/lib/thumb2/libm.a(lib_a-e_asin.o)
 .debug_frame   0x00000174       0x3c /home/laurence/CodeSourcery/Sourcery_G++_Lite/bin/../lib/gcc/arm-none-eabi/4.4.1/../../../../arm-none-eabi/lib/thumb2/libm.a(lib_a-e_atan2.o)
 .debug_frame   0x000001b0       0x3c /home/laurence/CodeSourcery/Sourcery_G++_Lite/bin/../lib/gcc/arm-none-eabi/4.4.1/../../../../arm-none-eabi/lib/thumb2/libm.a(lib_a-e_pow.o)
 .debug_frame   0x000001ec       0x3c /home/laurence/CodeSourcery/Sourcery_G++_Lite/bin/../lib/gcc/arm-none-eabi/4.4.1/../../../../arm-none-eabi/lib/thumb2/libm.a(lib_a-e_rem_pio2.o)
 .debug_frame   0x00000228       0x34 /home/laurence/CodeSourcery/Sourcery_G++_Lite/bin/../lib/gcc/arm-none-eabi/4.4.1/../../../../arm-none-eabi/lib/thumb2/libm.a(lib_a-e_sqrt.o)
 .debug_frame   0x0000025c       0x3c /home/laurence/CodeSourcery/Sourcery_G++_Lite/bin/../lib/gcc/arm-none-eabi/4.4.1/../../../../arm-none-eabi/lib/thumb2/libm.a(lib_a-k_cos.o)
 .debug_frame   0x00000298       0x3c /home/laurence/CodeSourcery/Sourcery_G++_Lite/bin/../lib/gcc/arm-none-eabi/4.4.1/../../../../arm-none-eabi/lib/thumb2/libm.a(lib_a-k_rem_pio2.o)
 .debug_frame   0x000002d4       0x3c /home/laurence/CodeSourcery/Sourcery_G++_Lite/bin/../lib/gcc/arm-none-eabi/4.4.1/../../../../arm-none-eabi/lib/thumb2/libm.a(lib_a-k_sin.o)
 .debug_frame   0x00000310       0x38 /home/laurence/CodeSourcery/Sourcery_G++_Lite/bin/../lib/gcc/arm-none-eabi/4.4.1/../../../../arm-none-eabi/lib/thumb2/libm.a(lib_a-s_atan.o)
 .debug_frame   0x00000348       0x20 /home/laurence/CodeSourcery/Sourcery_G++_Lite/bin/../lib/gcc/arm-none-eabi/4.4.1/../../../../arm-none-eabi/lib/thumb2/libm.a(lib_a-s_fabs.o)
 .debug_frame   0x00000368       0x20 /home/laurence/CodeSourcery/Sourcery_G++_Lite/bin/../lib/gcc/arm-none-eabi/4.4.1/../../../../arm-none-eabi/lib/thumb2/libm.a(lib_a-s_finite.o)
 .debug_frame   0x00000388       0x34 /home/laurence/CodeSourcery/Sourcery_G++_Lite/bin/../lib/gcc/arm-none-eabi/4.4.1/../../../../arm-none-eabi/lib/thumb2/libm.a(lib_a-s_floor.o)
 .debug_frame   0x000003bc       0x20 /home/laurence/CodeSourcery/Sourcery_G++_Lite/bin/../lib/gcc/arm-none-eabi/4.4.1/../../../../arm-none-eabi/lib/thumb2/libm.a(lib_a-s_isnand.o)
 .debug_frame   0x000003dc       0x20 /home/laurence/CodeSourcery/Sourcery_G++_Lite/bin/../lib/gcc/arm-none-eabi/4.4.1/../../../../arm-none-eabi/lib/thumb2/libm.a(lib_a-s_matherr.o)
 .debug_frame   0x000003fc       0x20 /home/laurence/CodeSourcery/Sourcery_G++_Lite/bin/../lib/gcc/arm-none-eabi/4.4.1/../../../../arm-none-eabi/lib/thumb2/libm.a(lib_a-s_nan.o)
 .debug_frame   0x0000041c       0x38 /home/laurence/CodeSourcery/Sourcery_G++_Lite/bin/../lib/gcc/arm-none-eabi/4.4.1/../../../../arm-none-eabi/lib/thumb2/libm.a(lib_a-s_rint.o)
 .debug_frame   0x00000454       0x30 /home/laurence/CodeSourcery/Sourcery_G++_Lite/bin/../lib/gcc/arm-none-eabi/4.4.1/../../../../arm-none-eabi/lib/thumb2/libm.a(lib_a-s_scalbn.o)
 .debug_frame   0x00000484       0x28 /home/laurence/CodeSourcery/Sourcery_G++_Lite/bin/../lib/gcc/arm-none-eabi/4.4.1/../../../../arm-none-eabi/lib/thumb2/libm.a(lib_a-s_copysign.o)
 .debug_frame   0x000004ac       0x20 /home/laurence/CodeSourcery/Sourcery_G++_Lite/bin/../lib/gcc/arm-none-eabi/4.4.1/thumb2/libgcc.a(_divsi3.o)
 .debug_frame   0x000004cc       0x20 /home/laurence/CodeSourcery/Sourcery_G++_Lite/bin/../lib/gcc/arm-none-eabi/4.4.1/../../../../arm-none-eabi/lib/thumb2/libc.a(lib_a-errno.o)
 .debug_frame   0x000004ec       0x30 /home/laurence/CodeSourcery/Sourcery_G++_Lite/bin/../lib/gcc/arm-none-eabi/4.4.1/../../../../arm-none-eabi/lib/thumb2/libc.a(lib_a-malloc.o)
 .debug_frame   0x0000051c       0x3c /home/laurence/CodeSourcery/Sourcery_G++_Lite/bin/../lib/gcc/arm-none-eabi/4.4.1/../../../../arm-none-eabi/lib/thumb2/libc.a(lib_a-mallocr.o)
 .debug_frame   0x00000558       0x30 /home/laurence/CodeSourcery/Sourcery_G++_Lite/bin/../lib/gcc/arm-none-eabi/4.4.1/../../../../arm-none-eabi/lib/thumb2/libc.a(lib_a-mlock.o)
 .debug_frame   0x00000588       0x2c /home/laurence/CodeSourcery/Sourcery_G++_Lite/bin/../lib/gcc/arm-none-eabi/4.4.1/../../../../arm-none-eabi/lib/thumb2/libc.a(lib_a-sbrkr.o)
 .debug_frame   0x000005b4       0x20 /home/laurence/CodeSourcery/Sourcery_G++_Lite/bin/../lib/gcc/arm-none-eabi/4.4.1/../../../../arm-none-eabi/lib/thumb2/libc.a(lib_a-strcpy.o)
 .debug_frame   0x000005d4       0x50 /home/laurence/CodeSourcery/Sourcery_G++_Lite/bin/../lib/gcc/arm-none-eabi/4.4.1/../../../../arm-none-eabi/lib/thumb2/libc.a(lib_a-freer.o)
 .debug_frame   0x00000624       0x64 /home/laurence/CodeSourcery/Sourcery_G++_Lite/bin/../lib/gcc/arm-none-eabi/4.4.1/../../../../arm-none-eabi/lib/thumb2/libc.a(lib_a-reent.o)
 .debug_frame   0x00000688       0x40 /home/laurence/CodeSourcery/Sourcery_G++_Lite/bin/../lib/gcc/arm-none-eabi/4.4.1/../../../../arm-none-eabi/lib/thumb2/libcs3.a(start_c.o)
 .debug_frame   0x000006c8       0x28 /home/laurence/CodeSourcery/Sourcery_G++_Lite/bin/../lib/gcc/arm-none-eabi/4.4.1/../../../../arm-none-eabi/lib/thumb2/libcs3unhosted.a(unhosted-sbrk.o)
 .debug_frame   0x000006f0       0x2c /home/laurence/CodeSourcery/Sourcery_G++_Lite/bin/../lib/gcc/arm-none-eabi/4.4.1/../../../../arm-none-eabi/lib/thumb2/libc.a(lib_a-init.o)

.debug_str
 *(.debug_str)

.debug_loc
 *(.debug_loc)

.debug_macinfo
 *(.debug_macinfo)

.debug_weaknames
 *(.debug_weaknames)

.debug_funcnames
 *(.debug_funcnames)

.debug_typenames
 *(.debug_typenames)

.debug_varnames
 *(.debug_varnames)

.note.gnu.arm.ident
 *(.note.gnu.arm.ident)

.ARM.attributes
                0x00000000       0x25
 *(.ARM.attributes)
 .ARM.attributes
                0x00000000       0x19 /home/laurence/CodeSourcery/Sourcery_G++_Lite/bin/../lib/gcc/arm-none-eabi/4.4.1/thumb2/crti.o
 .ARM.attributes
                0x00000019       0x29 /home/laurence/CodeSourcery/Sourcery_G++_Lite/bin/../lib/gcc/arm-none-eabi/4.4.1/thumb2/crtbegin.o
 .ARM.attributes
                0x00000042       0x31 Control/ekf.o
 .ARM.attributes
                0x00000073       0x31 Control/imu.o
 .ARM.attributes
                0x000000a4       0x31 Control/sensorcal.o
 .ARM.attributes
                0x000000d5       0x31 Sensors/bmp085.o
 .ARM.attributes
                0x00000106       0x31 Sensors/earth_field.o
 .ARM.attributes
                0x00000137       0x31 Sensors/pitot.o
 .ARM.attributes
                0x00000168       0x31 Sensors/ubx.o
 .ARM.attributes
                0x00000199       0x31 Util/Fatfs/fattime.o
 .ARM.attributes
                0x000001ca       0x31 Util/Fatfs/ff.o
 .ARM.attributes
                0x000001fb       0x31 Util/Fatfs/rtc.o
 .ARM.attributes
                0x0000022c       0x31 Util/Fatfs/sd_spi_stm32.o
 .ARM.attributes
                0x0000025d       0x31 Util/delay.o
 .ARM.attributes
                0x0000028e       0x31 Util/rprintf.o
 .ARM.attributes
                0x000002bf       0x31 dma.o
 .ARM.attributes
                0x000002f0       0x31 gpio.o
 .ARM.attributes
                0x00000321       0x31 i2c.o
 .ARM.attributes
                0x00000352       0x31 interrupts.o
 .ARM.attributes
                0x00000383       0x31 lib/CMSIS_CM3/core_cm3.o
 .ARM.attributes
                0x000003b4       0x21 lib/CMSIS_CM3/startup/gcc/startup_stm32f10x_md.o
 .ARM.attributes
                0x000003d5       0x31 lib/CMSIS_CM3/system_stm32f10x.o
 .ARM.attributes
                0x00000406       0x31 main.o
 .ARM.attributes
                0x00000437       0x31 usart.o
 .ARM.attributes
                0x00000468       0x31 lib/STM32F10x_StdPeriph_Driver/libstm32fw.a(misc.o)
 .ARM.attributes
                0x00000499       0x31 lib/STM32F10x_StdPeriph_Driver/libstm32fw.a(stm32f10x_bkp.o)
 .ARM.attributes
                0x000004ca       0x31 lib/STM32F10x_StdPeriph_Driver/libstm32fw.a(stm32f10x_dma.o)
 .ARM.attributes
                0x000004fb       0x31 lib/STM32F10x_StdPeriph_Driver/libstm32fw.a(stm32f10x_exti.o)
 .ARM.attributes
                0x0000052c       0x31 lib/STM32F10x_StdPeriph_Driver/libstm32fw.a(stm32f10x_gpio.o)
 .ARM.attributes
                0x0000055d       0x31 lib/STM32F10x_StdPeriph_Driver/libstm32fw.a(stm32f10x_i2c.o)
 .ARM.attributes
                0x0000058e       0x31 lib/STM32F10x_StdPeriph_Driver/libstm32fw.a(stm32f10x_pwr.o)
 .ARM.attributes
                0x000005bf       0x31 lib/STM32F10x_StdPeriph_Driver/libstm32fw.a(stm32f10x_rcc.o)
 .ARM.attributes
                0x000005f0       0x31 lib/STM32F10x_StdPeriph_Driver/libstm32fw.a(stm32f10x_rtc.o)
 .ARM.attributes
                0x00000621       0x31 lib/STM32F10x_StdPeriph_Driver/libstm32fw.a(stm32f10x_spi.o)
 .ARM.attributes
                0x00000652       0x31 lib/STM32F10x_StdPeriph_Driver/libstm32fw.a(stm32f10x_usart.o)
 .ARM.attributes
                0x00000683       0x29 /home/laurence/CodeSourcery/Sourcery_G++_Lite/bin/../lib/gcc/arm-none-eabi/4.4.1/../../../../arm-none-eabi/lib/thumb2/libm.a(lib_a-s_cos.o)
 .ARM.attributes
                0x000006ac       0x29 /home/laurence/CodeSourcery/Sourcery_G++_Lite/bin/../lib/gcc/arm-none-eabi/4.4.1/../../../../arm-none-eabi/lib/thumb2/libm.a(lib_a-s_sin.o)
 .ARM.attributes
                0x000006d5       0x29 /home/laurence/CodeSourcery/Sourcery_G++_Lite/bin/../lib/gcc/arm-none-eabi/4.4.1/../../../../arm-none-eabi/lib/thumb2/libm.a(lib_a-w_asin.o)
 .ARM.attributes
                0x000006fe       0x29 /home/laurence/CodeSourcery/Sourcery_G++_Lite/bin/../lib/gcc/arm-none-eabi/4.4.1/../../../../arm-none-eabi/lib/thumb2/libm.a(lib_a-w_atan2.o)
 .ARM.attributes
                0x00000727       0x29 /home/laurence/CodeSourcery/Sourcery_G++_Lite/bin/../lib/gcc/arm-none-eabi/4.4.1/../../../../arm-none-eabi/lib/thumb2/libm.a(lib_a-w_pow.o)
 .ARM.attributes
                0x00000750       0x29 /home/laurence/CodeSourcery/Sourcery_G++_Lite/bin/../lib/gcc/arm-none-eabi/4.4.1/../../../../arm-none-eabi/lib/thumb2/libm.a(lib_a-w_sqrt.o)
 .ARM.attributes
                0x00000779       0x29 /home/laurence/CodeSourcery/Sourcery_G++_Lite/bin/../lib/gcc/arm-none-eabi/4.4.1/../../../../arm-none-eabi/lib/thumb2/libm.a(lib_a-e_asin.o)
 .ARM.attributes
                0x000007a2       0x29 /home/laurence/CodeSourcery/Sourcery_G++_Lite/bin/../lib/gcc/arm-none-eabi/4.4.1/../../../../arm-none-eabi/lib/thumb2/libm.a(lib_a-e_atan2.o)
 .ARM.attributes
                0x000007cb       0x29 /home/laurence/CodeSourcery/Sourcery_G++_Lite/bin/../lib/gcc/arm-none-eabi/4.4.1/../../../../arm-none-eabi/lib/thumb2/libm.a(lib_a-e_pow.o)
 .ARM.attributes
                0x000007f4       0x29 /home/laurence/CodeSourcery/Sourcery_G++_Lite/bin/../lib/gcc/arm-none-eabi/4.4.1/../../../../arm-none-eabi/lib/thumb2/libm.a(lib_a-e_rem_pio2.o)
 .ARM.attributes
                0x0000081d       0x29 /home/laurence/CodeSourcery/Sourcery_G++_Lite/bin/../lib/gcc/arm-none-eabi/4.4.1/../../../../arm-none-eabi/lib/thumb2/libm.a(lib_a-e_sqrt.o)
 .ARM.attributes
                0x00000846       0x29 /home/laurence/CodeSourcery/Sourcery_G++_Lite/bin/../lib/gcc/arm-none-eabi/4.4.1/../../../../arm-none-eabi/lib/thumb2/libm.a(lib_a-k_cos.o)
 .ARM.attributes
                0x0000086f       0x29 /home/laurence/CodeSourcery/Sourcery_G++_Lite/bin/../lib/gcc/arm-none-eabi/4.4.1/../../../../arm-none-eabi/lib/thumb2/libm.a(lib_a-k_rem_pio2.o)
 .ARM.attributes
                0x00000898       0x29 /home/laurence/CodeSourcery/Sourcery_G++_Lite/bin/../lib/gcc/arm-none-eabi/4.4.1/../../../../arm-none-eabi/lib/thumb2/libm.a(lib_a-k_sin.o)
 .ARM.attributes
                0x000008c1       0x29 /home/laurence/CodeSourcery/Sourcery_G++_Lite/bin/../lib/gcc/arm-none-eabi/4.4.1/../../../../arm-none-eabi/lib/thumb2/libm.a(lib_a-s_atan.o)
 .ARM.attributes
                0x000008ea       0x29 /home/laurence/CodeSourcery/Sourcery_G++_Lite/bin/../lib/gcc/arm-none-eabi/4.4.1/../../../../arm-none-eabi/lib/thumb2/libm.a(lib_a-s_fabs.o)
 .ARM.attributes
                0x00000913       0x29 /home/laurence/CodeSourcery/Sourcery_G++_Lite/bin/../lib/gcc/arm-none-eabi/4.4.1/../../../../arm-none-eabi/lib/thumb2/libm.a(lib_a-s_finite.o)
 .ARM.attributes
                0x0000093c       0x29 /home/laurence/CodeSourcery/Sourcery_G++_Lite/bin/../lib/gcc/arm-none-eabi/4.4.1/../../../../arm-none-eabi/lib/thumb2/libm.a(lib_a-s_floor.o)
 .ARM.attributes
                0x00000965       0x29 /home/laurence/CodeSourcery/Sourcery_G++_Lite/bin/../lib/gcc/arm-none-eabi/4.4.1/../../../../arm-none-eabi/lib/thumb2/libm.a(lib_a-s_isnand.o)
 .ARM.attributes
                0x0000098e       0x29 /home/laurence/CodeSourcery/Sourcery_G++_Lite/bin/../lib/gcc/arm-none-eabi/4.4.1/../../../../arm-none-eabi/lib/thumb2/libm.a(lib_a-s_lib_ver.o)
 .ARM.attributes
                0x000009b7       0x29 /home/laurence/CodeSourcery/Sourcery_G++_Lite/bin/../lib/gcc/arm-none-eabi/4.4.1/../../../../arm-none-eabi/lib/thumb2/libm.a(lib_a-s_matherr.o)
 .ARM.attributes
                0x000009e0       0x29 /home/laurence/CodeSourcery/Sourcery_G++_Lite/bin/../lib/gcc/arm-none-eabi/4.4.1/../../../../arm-none-eabi/lib/thumb2/libm.a(lib_a-s_nan.o)
 .ARM.attributes
                0x00000a09       0x29 /home/laurence/CodeSourcery/Sourcery_G++_Lite/bin/../lib/gcc/arm-none-eabi/4.4.1/../../../../arm-none-eabi/lib/thumb2/libm.a(lib_a-s_rint.o)
 .ARM.attributes
                0x00000a32       0x29 /home/laurence/CodeSourcery/Sourcery_G++_Lite/bin/../lib/gcc/arm-none-eabi/4.4.1/../../../../arm-none-eabi/lib/thumb2/libm.a(lib_a-s_scalbn.o)
 .ARM.attributes
                0x00000a5b       0x29 /home/laurence/CodeSourcery/Sourcery_G++_Lite/bin/../lib/gcc/arm-none-eabi/4.4.1/../../../../arm-none-eabi/lib/thumb2/libm.a(lib_a-s_copysign.o)
 .ARM.attributes
                0x00000a84       0x1b /home/laurence/CodeSourcery/Sourcery_G++_Lite/bin/../lib/gcc/arm-none-eabi/4.4.1/thumb2/libgcc.a(_divsi3.o)
 .ARM.attributes
                0x00000a9f       0x1b /home/laurence/CodeSourcery/Sourcery_G++_Lite/bin/../lib/gcc/arm-none-eabi/4.4.1/thumb2/libgcc.a(_dvmd_tls.o)
 .ARM.attributes
                0x00000aba       0x1b /home/laurence/CodeSourcery/Sourcery_G++_Lite/bin/../lib/gcc/arm-none-eabi/4.4.1/thumb2/libgcc.a(_arm_addsubdf3.o)
 .ARM.attributes
                0x00000ad5       0x1b /home/laurence/CodeSourcery/Sourcery_G++_Lite/bin/../lib/gcc/arm-none-eabi/4.4.1/thumb2/libgcc.a(_arm_muldivdf3.o)
 .ARM.attributes
                0x00000af0       0x1b /home/laurence/CodeSourcery/Sourcery_G++_Lite/bin/../lib/gcc/arm-none-eabi/4.4.1/thumb2/libgcc.a(_arm_cmpdf2.o)
 .ARM.attributes
                0x00000b0b       0x1b /home/laurence/CodeSourcery/Sourcery_G++_Lite/bin/../lib/gcc/arm-none-eabi/4.4.1/thumb2/libgcc.a(_arm_fixdfsi.o)
 .ARM.attributes
                0x00000b26       0x1b /home/laurence/CodeSourcery/Sourcery_G++_Lite/bin/../lib/gcc/arm-none-eabi/4.4.1/thumb2/libgcc.a(_arm_truncdfsf2.o)
 .ARM.attributes
                0x00000b41       0x1b /home/laurence/CodeSourcery/Sourcery_G++_Lite/bin/../lib/gcc/arm-none-eabi/4.4.1/thumb2/libgcc.a(_arm_addsubsf3.o)
 .ARM.attributes
                0x00000b5c       0x1b /home/laurence/CodeSourcery/Sourcery_G++_Lite/bin/../lib/gcc/arm-none-eabi/4.4.1/thumb2/libgcc.a(_arm_muldivsf3.o)
 .ARM.attributes
                0x00000b77       0x1b /home/laurence/CodeSourcery/Sourcery_G++_Lite/bin/../lib/gcc/arm-none-eabi/4.4.1/thumb2/libgcc.a(_arm_cmpsf2.o)
 .ARM.attributes
                0x00000b92       0x1b /home/laurence/CodeSourcery/Sourcery_G++_Lite/bin/../lib/gcc/arm-none-eabi/4.4.1/thumb2/libgcc.a(_arm_fixunssfsi.o)
 .ARM.attributes
                0x00000bad       0x29 /home/laurence/CodeSourcery/Sourcery_G++_Lite/bin/../lib/gcc/arm-none-eabi/4.4.1/../../../../arm-none-eabi/lib/thumb2/libc.a(lib_a-errno.o)
 .ARM.attributes
                0x00000bd6       0x29 /home/laurence/CodeSourcery/Sourcery_G++_Lite/bin/../lib/gcc/arm-none-eabi/4.4.1/../../../../arm-none-eabi/lib/thumb2/libc.a(lib_a-impure.o)
 .ARM.attributes
                0x00000bff       0x29 /home/laurence/CodeSourcery/Sourcery_G++_Lite/bin/../lib/gcc/arm-none-eabi/4.4.1/../../../../arm-none-eabi/lib/thumb2/libc.a(lib_a-malloc.o)
 .ARM.attributes
                0x00000c28       0x29 /home/laurence/CodeSourcery/Sourcery_G++_Lite/bin/../lib/gcc/arm-none-eabi/4.4.1/../../../../arm-none-eabi/lib/thumb2/libc.a(lib_a-mallocr.o)
 .ARM.attributes
                0x00000c51       0x29 /home/laurence/CodeSourcery/Sourcery_G++_Lite/bin/../lib/gcc/arm-none-eabi/4.4.1/../../../../arm-none-eabi/lib/thumb2/libc.a(lib_a-mlock.o)
 .ARM.attributes
                0x00000c7a       0x29 /home/laurence/CodeSourcery/Sourcery_G++_Lite/bin/../lib/gcc/arm-none-eabi/4.4.1/../../../../arm-none-eabi/lib/thumb2/libc.a(lib_a-sbrkr.o)
 .ARM.attributes
                0x00000ca3       0x29 /home/laurence/CodeSourcery/Sourcery_G++_Lite/bin/../lib/gcc/arm-none-eabi/4.4.1/../../../../arm-none-eabi/lib/thumb2/libc.a(lib_a-strcpy.o)
 .ARM.attributes
                0x00000ccc       0x29 /home/laurence/CodeSourcery/Sourcery_G++_Lite/bin/../lib/gcc/arm-none-eabi/4.4.1/../../../../arm-none-eabi/lib/thumb2/libc.a(lib_a-freer.o)
 .ARM.attributes
                0x00000cf5       0x29 /home/laurence/CodeSourcery/Sourcery_G++_Lite/bin/../lib/gcc/arm-none-eabi/4.4.1/../../../../arm-none-eabi/lib/thumb2/libc.a(lib_a-reent.o)
 .ARM.attributes
                0x00000d1e       0x29 /home/laurence/CodeSourcery/Sourcery_G++_Lite/bin/../lib/gcc/arm-none-eabi/4.4.1/thumb2/crtend.o
 .ARM.attributes
                0x00000d47       0x19 /home/laurence/CodeSourcery/Sourcery_G++_Lite/bin/../lib/gcc/arm-none-eabi/4.4.1/thumb2/crtn.o
 .ARM.attributes
                0x00000d60       0x29 /home/laurence/CodeSourcery/Sourcery_G++_Lite/bin/../lib/gcc/arm-none-eabi/4.4.1/../../../../arm-none-eabi/lib/thumb2/libcs3.a(start_c.o)
 .ARM.attributes
                0x00000d89       0x29 /home/laurence/CodeSourcery/Sourcery_G++_Lite/bin/../lib/gcc/arm-none-eabi/4.4.1/../../../../arm-none-eabi/lib/thumb2/libcs3unhosted.a(unhosted-sbrk.o)
 .ARM.attributes
                0x00000db2       0x19 /home/laurence/CodeSourcery/Sourcery_G++_Lite/bin/../lib/gcc/arm-none-eabi/4.4.1/../../../../arm-none-eabi/lib/thumb2/libcs3unhosted.a(unhosted-start.o)
 .ARM.attributes
                0x00000dcb       0x1f lib/libcs3-lanchon-stm32.a(lanchon-stm32-vector.o)
 .ARM.attributes
                0x00000dea       0x21 lib/libcs3-lanchon-stm32.a(lanchon_stm32_isr_interrupt.o)
 .ARM.attributes
                0x00000e0b       0x29 /home/laurence/CodeSourcery/Sourcery_G++_Lite/bin/../lib/gcc/arm-none-eabi/4.4.1/../../../../arm-none-eabi/lib/thumb2/libc.a(lib_a-init.o)
 .ARM.attributes
                0x00000e34       0x29 /home/laurence/CodeSourcery/Sourcery_G++_Lite/bin/../lib/gcc/arm-none-eabi/4.4.1/../../../../arm-none-eabi/lib/thumb2/libcs3.a(heap.o)

/DISCARD/
 *(.note.GNU-stack)
OUTPUT(main.elf elf32-littlearm)

Cross Reference Table

Symbol                                            File
ADC1_2_IRQHandler                                 lib/CMSIS_CM3/startup/gcc/startup_stm32f10x_md.o
ADC_IRQHandler                                    lib/libcs3-lanchon-stm32.a(lanchon_stm32_isr_interrupt.o)
                                                  lib/libcs3-lanchon-stm32.a(lanchon-stm32-vector.o)
Acc_Init                                          i2c.o
                                                  main.o
All_IO_Configuration                              gpio.o
                                                  main.o
Aux_Devices_Configuration                         gpio.o
BKP_ClearFlag                                     lib/STM32F10x_StdPeriph_Driver/libstm32fw.a(stm32f10x_bkp.o)
BKP_ClearITPendingBit                             lib/STM32F10x_StdPeriph_Driver/libstm32fw.a(stm32f10x_bkp.o)
BKP_DeInit                                        lib/STM32F10x_StdPeriph_Driver/libstm32fw.a(stm32f10x_bkp.o)
                                                  Util/Fatfs/rtc.o
BKP_GetFlagStatus                                 lib/STM32F10x_StdPeriph_Driver/libstm32fw.a(stm32f10x_bkp.o)
BKP_GetITStatus                                   lib/STM32F10x_StdPeriph_Driver/libstm32fw.a(stm32f10x_bkp.o)
BKP_ITConfig                                      lib/STM32F10x_StdPeriph_Driver/libstm32fw.a(stm32f10x_bkp.o)
BKP_RTCOutputConfig                               lib/STM32F10x_StdPeriph_Driver/libstm32fw.a(stm32f10x_bkp.o)
BKP_ReadBackupRegister                            lib/STM32F10x_StdPeriph_Driver/libstm32fw.a(stm32f10x_bkp.o)
                                                  Util/Fatfs/rtc.o
BKP_SetRTCCalibrationValue                        lib/STM32F10x_StdPeriph_Driver/libstm32fw.a(stm32f10x_bkp.o)
BKP_TamperPinCmd                                  lib/STM32F10x_StdPeriph_Driver/libstm32fw.a(stm32f10x_bkp.o)
BKP_TamperPinLevelConfig                          lib/STM32F10x_StdPeriph_Driver/libstm32fw.a(stm32f10x_bkp.o)
BKP_WriteBackupRegister                           lib/STM32F10x_StdPeriph_Driver/libstm32fw.a(stm32f10x_bkp.o)
                                                  Util/Fatfs/rtc.o
Baro_Convert_Pressure                             Sensors/bmp085.o
Baro_Read_ADC                                     Sensors/bmp085.o
                                                  main.o
Baro_Read_Full_ADC                                Sensors/bmp085.o
                                                  main.o
Baro_Setup_Pressure                               Sensors/bmp085.o
                                                  main.o
Baro_Setup_Temperature                            Sensors/bmp085.o
                                                  main.o
Be                                                Control/ekf.o
Bmp085_Convert                                    Sensors/bmp085.o
                                                  main.o
Bmp085_ReadConfig                                 Sensors/bmp085.o
                                                  main.o
Bmp_temp                                          Sensors/bmp085.o
                                                  main.o
BusFaultException                                 lib/libcs3-lanchon-stm32.a(lanchon_stm32_isr_interrupt.o)
                                                  lib/libcs3-lanchon-stm32.a(lanchon-stm32-vector.o)
BusFault_Handler                                  interrupts.o
Bytes_In_Buffer                                   dma.o
                                                  main.o
                                                  Sensors/ubx.o
                                                  Control/imu.o
CAN1_RX1_IRQHandler                               lib/CMSIS_CM3/startup/gcc/startup_stm32f10x_md.o
CAN1_SCE_IRQHandler                               lib/CMSIS_CM3/startup/gcc/startup_stm32f10x_md.o
CAN_RX1_IRQHandler                                lib/libcs3-lanchon-stm32.a(lanchon_stm32_isr_interrupt.o)
                                                  lib/libcs3-lanchon-stm32.a(lanchon-stm32-vector.o)
CAN_SCE_IRQHandler                                lib/libcs3-lanchon-stm32.a(lanchon_stm32_isr_interrupt.o)
                                                  lib/libcs3-lanchon-stm32.a(lanchon-stm32-vector.o)
Calibrate_3                                       Control/sensorcal.o
                                                  Control/imu.o
Config_Gps                                        Sensors/ubx.o
                                                  main.o
CovariancePrediction                              Control/ekf.o
DMA1_Channel1_IRQHandler                          lib/CMSIS_CM3/startup/gcc/startup_stm32f10x_md.o
DMA1_Channel2_IRQHandler                          lib/CMSIS_CM3/startup/gcc/startup_stm32f10x_md.o
DMA1_Channel3_IRQHandler                          lib/CMSIS_CM3/startup/gcc/startup_stm32f10x_md.o
DMA1_Channel4_IRQHandler                          lib/CMSIS_CM3/startup/gcc/startup_stm32f10x_md.o
DMA1_Channel5_IRQHandler                          lib/CMSIS_CM3/startup/gcc/startup_stm32f10x_md.o
DMA1_Channel6_IRQHandler                          lib/CMSIS_CM3/startup/gcc/startup_stm32f10x_md.o
DMA1_Channel7_IRQHandler                          lib/CMSIS_CM3/startup/gcc/startup_stm32f10x_md.o
DMAChannel1_IRQHandler                            lib/libcs3-lanchon-stm32.a(lanchon_stm32_isr_interrupt.o)
                                                  lib/libcs3-lanchon-stm32.a(lanchon-stm32-vector.o)
DMAChannel2_IRQHandler                            lib/libcs3-lanchon-stm32.a(lanchon_stm32_isr_interrupt.o)
                                                  lib/libcs3-lanchon-stm32.a(lanchon-stm32-vector.o)
DMAChannel3_IRQHandler                            lib/libcs3-lanchon-stm32.a(lanchon_stm32_isr_interrupt.o)
                                                  lib/libcs3-lanchon-stm32.a(lanchon-stm32-vector.o)
DMAChannel4_IRQHandler                            lib/libcs3-lanchon-stm32.a(lanchon_stm32_isr_interrupt.o)
                                                  lib/libcs3-lanchon-stm32.a(lanchon-stm32-vector.o)
DMAChannel5_IRQHandler                            lib/libcs3-lanchon-stm32.a(lanchon_stm32_isr_interrupt.o)
                                                  lib/libcs3-lanchon-stm32.a(lanchon-stm32-vector.o)
DMAChannel6_IRQHandler                            lib/libcs3-lanchon-stm32.a(lanchon_stm32_isr_interrupt.o)
                                                  lib/libcs3-lanchon-stm32.a(lanchon-stm32-vector.o)
DMAChannel7_IRQHandler                            lib/libcs3-lanchon-stm32.a(lanchon_stm32_isr_interrupt.o)
                                                  lib/libcs3-lanchon-stm32.a(lanchon-stm32-vector.o)
DMA_ClearFlag                                     lib/STM32F10x_StdPeriph_Driver/libstm32fw.a(stm32f10x_dma.o)
DMA_ClearITPendingBit                             lib/STM32F10x_StdPeriph_Driver/libstm32fw.a(stm32f10x_dma.o)
DMA_Cmd                                           lib/STM32F10x_StdPeriph_Driver/libstm32fw.a(stm32f10x_dma.o)
                                                  main.o
DMA_Configuration                                 dma.o
                                                  main.o
DMA_DeInit                                        lib/STM32F10x_StdPeriph_Driver/libstm32fw.a(stm32f10x_dma.o)
                                                  dma.o
DMA_GetCurrDataCounter                            lib/STM32F10x_StdPeriph_Driver/libstm32fw.a(stm32f10x_dma.o)
                                                  dma.o
DMA_GetFlagStatus                                 lib/STM32F10x_StdPeriph_Driver/libstm32fw.a(stm32f10x_dma.o)
DMA_GetITStatus                                   lib/STM32F10x_StdPeriph_Driver/libstm32fw.a(stm32f10x_dma.o)
DMA_ITConfig                                      lib/STM32F10x_StdPeriph_Driver/libstm32fw.a(stm32f10x_dma.o)
DMA_Init                                          lib/STM32F10x_StdPeriph_Driver/libstm32fw.a(stm32f10x_dma.o)
                                                  dma.o
DMA_StructInit                                    lib/STM32F10x_StdPeriph_Driver/libstm32fw.a(stm32f10x_dma.o)
DebugMon_Handler                                  interrupts.o
DebugMonitor                                      lib/libcs3-lanchon-stm32.a(lanchon_stm32_isr_interrupt.o)
                                                  lib/libcs3-lanchon-stm32.a(lanchon-stm32-vector.o)
Default_Handler                                   lib/CMSIS_CM3/startup/gcc/startup_stm32f10x_md.o
Default_Usart_Config                              usart.o
Delay                                             Util/delay.o
                                                  main.o
                                                  Sensors/ubx.o
EXTI0_IRQHandler                                  lib/CMSIS_CM3/startup/gcc/startup_stm32f10x_md.o
                                                  lib/libcs3-lanchon-stm32.a(lanchon-stm32-vector.o)
EXTI15_10_IRQHandler                              lib/CMSIS_CM3/startup/gcc/startup_stm32f10x_md.o
                                                  lib/libcs3-lanchon-stm32.a(lanchon-stm32-vector.o)
EXTI1_IRQHandler                                  lib/CMSIS_CM3/startup/gcc/startup_stm32f10x_md.o
                                                  lib/libcs3-lanchon-stm32.a(lanchon-stm32-vector.o)
EXTI2_IRQHandler                                  lib/CMSIS_CM3/startup/gcc/startup_stm32f10x_md.o
                                                  lib/libcs3-lanchon-stm32.a(lanchon-stm32-vector.o)
EXTI3_IRQHandler                                  lib/CMSIS_CM3/startup/gcc/startup_stm32f10x_md.o
                                                  lib/libcs3-lanchon-stm32.a(lanchon-stm32-vector.o)
EXTI4_IRQHandler                                  lib/CMSIS_CM3/startup/gcc/startup_stm32f10x_md.o
                                                  lib/libcs3-lanchon-stm32.a(lanchon-stm32-vector.o)
EXTI6_Config                                      interrupts.o
                                                  main.o
EXTI9_5_IRQHandler                                interrupts.o
                                                  lib/libcs3-lanchon-stm32.a(lanchon-stm32-vector.o)
EXTI_ClearFlag                                    lib/STM32F10x_StdPeriph_Driver/libstm32fw.a(stm32f10x_exti.o)
EXTI_ClearITPendingBit                            lib/STM32F10x_StdPeriph_Driver/libstm32fw.a(stm32f10x_exti.o)
                                                  interrupts.o
EXTI_DeInit                                       lib/STM32F10x_StdPeriph_Driver/libstm32fw.a(stm32f10x_exti.o)
EXTI_GenerateSWInterrupt                          lib/STM32F10x_StdPeriph_Driver/libstm32fw.a(stm32f10x_exti.o)
EXTI_GetFlagStatus                                lib/STM32F10x_StdPeriph_Driver/libstm32fw.a(stm32f10x_exti.o)
EXTI_GetITStatus                                  lib/STM32F10x_StdPeriph_Driver/libstm32fw.a(stm32f10x_exti.o)
                                                  interrupts.o
EXTI_Init                                         lib/STM32F10x_StdPeriph_Driver/libstm32fw.a(stm32f10x_exti.o)
                                                  interrupts.o
EXTI_StructInit                                   lib/STM32F10x_StdPeriph_Driver/libstm32fw.a(stm32f10x_exti.o)
F                                                 Control/ekf.o
FLASH_IRQHandler                                  lib/CMSIS_CM3/startup/gcc/startup_stm32f10x_md.o
                                                  lib/libcs3-lanchon-stm32.a(lanchon-stm32-vector.o)
Flipbytes                                         i2c.o
                                                  Sensors/bmp085.o
Flush_Buffer                                      dma.o
                                                  Sensors/ubx.o
FullCorrection                                    Control/ekf.o
G                                                 Control/ekf.o
GPIO_AFIODeInit                                   lib/STM32F10x_StdPeriph_Driver/libstm32fw.a(stm32f10x_gpio.o)
GPIO_Config_AF_Periferals                         gpio.o
GPIO_DeInit                                       lib/STM32F10x_StdPeriph_Driver/libstm32fw.a(stm32f10x_gpio.o)
GPIO_ETH_MediaInterfaceConfig                     lib/STM32F10x_StdPeriph_Driver/libstm32fw.a(stm32f10x_gpio.o)
GPIO_EXTILineConfig                               lib/STM32F10x_StdPeriph_Driver/libstm32fw.a(stm32f10x_gpio.o)
                                                  interrupts.o
GPIO_EventOutputCmd                               lib/STM32F10x_StdPeriph_Driver/libstm32fw.a(stm32f10x_gpio.o)
GPIO_EventOutputConfig                            lib/STM32F10x_StdPeriph_Driver/libstm32fw.a(stm32f10x_gpio.o)
GPIO_Init                                         lib/STM32F10x_StdPeriph_Driver/libstm32fw.a(stm32f10x_gpio.o)
                                                  usart.o
                                                  gpio.o
                                                  Util/Fatfs/sd_spi_stm32.o
GPIO_PinLockConfig                                lib/STM32F10x_StdPeriph_Driver/libstm32fw.a(stm32f10x_gpio.o)
GPIO_PinRemapConfig                               lib/STM32F10x_StdPeriph_Driver/libstm32fw.a(stm32f10x_gpio.o)
                                                  gpio.o
GPIO_ReadInputData                                lib/STM32F10x_StdPeriph_Driver/libstm32fw.a(stm32f10x_gpio.o)
                                                  gpio.o
GPIO_ReadInputDataBit                             lib/STM32F10x_StdPeriph_Driver/libstm32fw.a(stm32f10x_gpio.o)
GPIO_ReadOutputData                               lib/STM32F10x_StdPeriph_Driver/libstm32fw.a(stm32f10x_gpio.o)
GPIO_ReadOutputDataBit                            lib/STM32F10x_StdPeriph_Driver/libstm32fw.a(stm32f10x_gpio.o)
GPIO_ResetBits                                    lib/STM32F10x_StdPeriph_Driver/libstm32fw.a(stm32f10x_gpio.o)
                                                  main.o
                                                  Util/Fatfs/sd_spi_stm32.o
GPIO_SetBits                                      lib/STM32F10x_StdPeriph_Driver/libstm32fw.a(stm32f10x_gpio.o)
                                                  main.o
                                                  Util/Fatfs/sd_spi_stm32.o
GPIO_StructInit                                   lib/STM32F10x_StdPeriph_Driver/libstm32fw.a(stm32f10x_gpio.o)
GPIO_Write                                        lib/STM32F10x_StdPeriph_Driver/libstm32fw.a(stm32f10x_gpio.o)
GPIO_WriteBit                                     lib/STM32F10x_StdPeriph_Driver/libstm32fw.a(stm32f10x_gpio.o)
                                                  gpio.o
                                                  Sensors/ubx.o
GPS_IO_Configuration                              gpio.o
Get_From_Buffer                                   dma.o
Get_MEMS_DRDY                                     gpio.o
                                                  Control/imu.o
Get_UBX_Ack                                       Sensors/ubx.o
Gps                                               main.o
                                                  Control/imu.o
GpsBaroCorrection                                 Control/ekf.o
GpsMagCorrection                                  Control/ekf.o
Gps_Buffer                                        main.o
                                                  Sensors/ubx.o
                                                  Control/imu.o
Gps_Process_Byte                                  Sensors/ubx.o
                                                  main.o
                                                  Control/imu.o
Gps_Send_Str                                      usart.o